
        <div id="fno-loader">
            <div class="fno-shutter-container">
                <div class="fno-shutter-blade"></div>
                <div class="fno-shutter-blade"></div>
                <div class="fno-shutter-blade"></div>
                <div class="fno-shutter-blade"></div>
                <div class="fno-shutter-blade"></div>
            </div>
            <div class="fno-loader-content">
                <span class="fno-letter">F</span>
                <span class="fno-letter">N</span>
                <span class="fno-letter">O</span>
            </div>
        </div>
        <script>
            window.addEventListener('load', function() {
                // Remove the loader class 'loaded' to trigger the shutter effect
                setTimeout(() => {
                    const loader = document.getElementById('fno-loader');
                    if (loader) loader.classList.add('loaded');
                }, 800); // 800ms delay to show the animation beautifully before opening
            });
        </script>
    

	<a class="skip-link manoir_skip_link skip_to_content_link" href="index.html" tabindex="0">Skip to content</a><a class="skip-link manoir_skip_link skip_to_footer_link" href="index.html" tabindex="0">Skip to footer</a>
	<div class="body_wrap">

		
		<div class="page_wrap">

			
			<header class="top_panel top_panel_custom top_panel_custom_22291 top_panel_custom_header-menu-center				 without_bg_image">
			<div data-elementor-type="cpt_layouts" data-elementor-id="22291" class="elementor elementor-22291">
						<section class="elementor-section elementor-top-section elementor-element elementor-element-70aaab6f elementor-section-full_width elementor-section-height-default elementor-section-height-default sc_fly_static trx_addons_parallax_layers_inited trx_addons_parallax_blocks_inited" data-id="70aaab6f" data-element_type="section">
						<div class="elementor-container elementor-column-gap-no">
					<div class="elementor-column elementor-col-100 elementor-top-column elementor-element elementor-element-7d6fbf48 sc_content_align_inherit sc_layouts_column_icons_position_left sc_fly_static trx_addons_parallax_layers_inited trx_addons_parallax_blocks_inited" data-id="7d6fbf48" data-element_type="column">
			<div class="elementor-widget-wrap elementor-element-populated">
						<section class="elementor-section elementor-inner-section elementor-element elementor-element-5a240395 elementor-section-full_width elementor-section-content-middle sc_layouts_row sc_layouts_row_type_compact sc_layouts_hide_on_tablet sc_layouts_hide_on_mobile elementor-section-height-default elementor-section-height-default sc_fly_static trx_addons_parallax_layers_inited trx_addons_parallax_blocks_inited" data-id="5a240395" data-element_type="section">
						<div class="elementor-container elementor-column-gap-no">
					<div class="elementor-column elementor-col-33 elementor-inner-column elementor-element elementor-element-658731d3 sc_layouts_column_align_left sc_layouts_column sc_content_align_inherit sc_layouts_column_icons_position_left sc_fly_static trx_addons_parallax_layers_inited trx_addons_parallax_blocks_inited" data-id="658731d3" data-element_type="column">
			<div class="elementor-widget-wrap elementor-element-populated">
						<div class="sc_layouts_item elementor-element elementor-element-34508fb8 sc_fly_static elementor-widget elementor-widget-trx_sc_layouts_logo trx_addons_parallax_layers_inited trx_addons_parallax_blocks_inited" data-id="34508fb8" data-element_type="widget" data-widget_type="trx_sc_layouts_logo.default">
				<div class="elementor-widget-container">
					<a href="../index.html" class="sc_layouts_logo sc_layouts_logo_default"><img class="logo_image" src="assets/images/fno-logo-main.png" alt="Manoir" style="max-height: 80px; width: auto; object-fit: contain;"></a>				</div>
				</div>
					</div>
		</div>
				<div class="elementor-column elementor-col-33 elementor-inner-column elementor-element elementor-element-11dfa639 sc_layouts_column_align_center sc_layouts_column sc_content_align_inherit sc_layouts_column_icons_position_left sc_fly_static trx_addons_parallax_layers_inited trx_addons_parallax_blocks_inited" data-id="11dfa639" data-element_type="column">
			<div class="elementor-widget-wrap elementor-element-populated">
						<div class="sc_layouts_item elementor-element elementor-element-795519e7 sc_fly_static elementor-widget elementor-widget-trx_sc_layouts_menu trx_addons_parallax_layers_inited trx_addons_parallax_blocks_inited" data-id="795519e7" data-element_type="widget" data-widget_type="trx_sc_layouts_menu.default">
				<div class="elementor-widget-container">
					<nav class="sc_layouts_menu sc_layouts_menu_default sc_layouts_menu_dir_horizontal menu_hover_zoom_line inited inited_kbd" data-animation-in="fadeInUpSmall" data-animation-out="fadeOutDownSmall"><ul id="menu_main" class="sc_layouts_menu_nav menu_main_nav inited_cache inited sf-js-enabled sf-arrows" style="touch-action: pan-y;"><li id="menu-item-22069" class="menu-item menu-item-type-custom menu-item-object-custom current-menu-ancestor current-menu-parent menu-item-22069"><a href="index.html" class="sf-with-ul"><span>Home</span></a>

</li><li id="menu-item-22884" class="menu-item menu-item-type-custom menu-item-object-custom menu-item-22884"><a href="about-us.html" class="sf-with-ul"><span>About Us</span></a>

</li><li id="menu-item-22992" class="menu-item menu-item-type-custom menu-item-object-custom menu-item-22992"><a href="upcoming-project.html" class="sf-with-ul"><span>Upcoming Project</span></a>

</li><li id="menu-item-22982" class="menu-item menu-item-type-custom menu-item-object-custom menu-item-22982"><a href="decoding-destination-real-estate.html" class="sf-with-ul"><span>Decoding Land</span></a>

</li><li class="menu-item menu-item-type-custom"><a href="faq.html"><span>FAQs</span></a></li><li id="menu-item-22889" class="menu-item menu-item-type-custom menu-item-object-custom menu-item-22889"><a href="contact-us.html" class="sf-with-ul"><span>Contact</span></a>

</li><li class="menu-item menu-collapse" style="display: none;"><a href="index.html" class="sf-with-ul trx_addons_icon-ellipsis-vert"></a><ul class="submenu"></ul></li></ul></nav>				</div>
				</div>
					</div>
		</div>
				<div class="elementor-column elementor-col-33 elementor-inner-column elementor-element elementor-element-3610b2e1 sc_layouts_column_align_right sc_layouts_column sc_content_align_inherit sc_layouts_column_icons_position_left sc_fly_static trx_addons_parallax_layers_inited trx_addons_parallax_blocks_inited" data-id="3610b2e1" data-element_type="column">
			<div class="elementor-widget-wrap elementor-element-populated">
						<div class="sc_layouts_item elementor-element elementor-element-4085cb91 sc_fly_static elementor-widget elementor-widget-trx_sc_layouts_cart trx_addons_parallax_layers_inited trx_addons_parallax_blocks_inited" data-id="4085cb91" data-element_type="widget" data-widget_type="trx_sc_layouts_cart.default">
				<div class="elementor-widget-container">
									</div>
				</div>
				<div class="sc_layouts_item elementor-element elementor-element-53e7df27 sc_fly_static elementor-widget elementor-widget-trx_sc_layouts_search trx_addons_parallax_layers_inited trx_addons_parallax_blocks_inited" data-id="53e7df27" data-element_type="widget" data-widget_type="trx_sc_layouts_search.default">
				<div class="elementor-widget-container">
					<div class="sc_layouts_search">
    <div class="search_modern">
        <span class="search_submit"></span>
        <div class="search_wrap inited">
            <div class="search_header_wrap"><img class="logo_image" src="assets/images/b646a2e13739d3e6730246e78e72f17d.png" alt="Manoir" width="204" height="58">                <a class="search_close"></a>
            </div>
            <div class="search_form_wrap">
                <form role="search" method="get" class="search_form" action="../index.html" data-inited-validation="1">
                    <input type="hidden" value="" name="post_types">
                    <input type="text" class="search_field fill_inited" placeholder="Type words and hit enter" value="" name="s">
                    <button type="submit" class="search_submit"></button>
                                    </form>
            </div>
        </div>
        <div class="search_overlay"></div>
    </div>


</div><!-- /.sc_layouts_search -->				</div>
				</div>
				
					</div>
		</div>
					</div>
		</section>
					</div>
		</div>
					</div>
		</section>
				
				</div>
		</header>
<div class="menu_mobile_overlay inited_click" style="display: none;"></div>
<div class="menu_mobile menu_mobile_fullscreen inited_blur inited_arrows inited_click">
	<div class="menu_mobile_inner with_widgets">
        <div class="menu_mobile_header_wrap">
            <a class="sc_layouts_logo" href="../index.html">
		<img src="assets/images/fno-logo-main.png" alt="Manoir" style="max-height: 80px; width: auto; object-fit: contain;">	</a>
	
            <span class="menu_mobile_close menu_button_close inited_click" tabindex="0"><span class="menu_button_close_text">Close</span><span class="menu_button_close_icon"></span></span>
        </div>
        <div class="menu_mobile_content_wrap content_wrap">
            <div class="menu_mobile_content_wrap_inner"><nav class="menu_mobile_nav_area inited_kbd"><ul id="mobile-menu_mobile_1665088766" class="prepared"><li id="mobile-menu-item-22069" class="menu-item menu-item-type-custom menu-item-object-custom menu-item-has-children menu-item-22069 current-menu-ancestor current-menu-parent"><a href="index.html"><span>Home</span><span class="open_child_menu"></span></a>
<ul class="sub-menu"><li id="mobile-menu-item-22068" class="menu-item menu-item-type-post_type menu-item-object-page menu-item-home menu-item-22068"><a href="../index.html"><span>Residential Complex</span></a></li><li id="mobile-menu-item-22306" class="menu-item menu-item-type-post_type menu-item-object-page menu-item-22306"><a href="../property-showcase/index.html"><span>Property Showcase</span></a></li><li id="mobile-menu-item-22468" class="menu-item menu-item-type-post_type menu-item-object-page menu-item-22468"><a href="../real-estate-agency/index.html"><span>Real Estate Agency</span></a></li><li id="mobile-menu-item-22632" class="menu-item menu-item-type-post_type menu-item-object-page page_item page-item-22623 menu-item-22632 current-menu-item trx-addons-active-item current_page_item"><a href="index.html" aria-current="page"><span>Residency Showcase</span></a></li><li id="mobile-menu-item-22768" class="menu-item menu-item-type-post_type menu-item-object-page menu-item-22768"><a href="../apartments/index.html"><span>Apartments</span></a></li></ul>
</li><li id="mobile-menu-item-22884" class="menu-item menu-item-type-custom menu-item-object-custom menu-item-has-children menu-item-22884"><a href="index.html"><span>Pages</span><span class="open_child_menu"></span></a>
<ul class="sub-menu"><li id="mobile-menu-item-21711" class="menu-item menu-item-type-post_type menu-item-object-page menu-item-21711"><a href="../about-us/index.html"><span>About Us</span></a></li><li id="mobile-menu-item-22885" class="menu-item menu-item-type-post_type menu-item-object-page menu-item-22885"><a href="../our-services/index.html"><span>Our Services</span></a></li><li id="mobile-menu-item-22916" class="menu-item menu-item-type-post_type menu-item-object-page menu-item-22916"><a href="../our-team/index.html"><span>Our Team</span></a></li><li id="mobile-menu-item-22939" class="menu-item menu-item-type-post_type menu-item-object-page menu-item-22939"><a href="../faq/index.html"><span>FAQ</span></a></li><li id="mobile-menu-item-22952" class="menu-item menu-item-type-post_type menu-item-object-page menu-item-22952"><a href="../pricing/index.html"><span>Pricing</span></a></li><li id="mobile-menu-item-21712" class="menu-item menu-item-type-post_type menu-item-object-page menu-item-21712"><a href="../contacts/index.html"><span>Contacts</span></a></li><li id="mobile-menu-item-22886" class="menu-item menu-item-type-custom menu-item-object-custom menu-item-has-children menu-item-22886"><a href="index.html"><span>Tools</span><span class="open_child_menu"></span></a>
	<ul class="sub-menu"><li id="mobile-menu-item-22888" class="menu-item menu-item-type-post_type menu-item-object-page menu-item-22888"><a href="../typography/index.html"><span>Typography</span></a></li><li id="mobile-menu-item-22961" class="menu-item menu-item-type-post_type menu-item-object-page menu-item-22961"><a href="../newsletter-popups/index.html"><span>Newsletter Popups</span></a></li><li id="mobile-menu-item-22887" class="menu-item menu-item-type-custom menu-item-object-custom menu-item-22887"><a href="../404/index.html"><span>404 Page</span></a></li><li id="mobile-menu-item-22959" class="menu-item menu-item-type-post_type menu-item-object-page menu-item-22959"><a href="../service-plus/index.html"><span>Service Plus</span></a></li></ul>
</li></ul>
</li><li id="mobile-menu-item-22992" class="menu-item menu-item-type-custom menu-item-object-custom menu-item-has-children menu-item-22992"><a href="index.html"><span>Properties</span><span class="open_child_menu"></span></a>
<ul class="sub-menu"><li id="mobile-menu-item-21713" class="menu-item menu-item-type-post_type menu-item-object-page menu-item-21713"><a href="../style-1-hover-overlay/index.html"><span>Style 1 – Overlay</span></a></li><li id="mobile-menu-item-23006" class="menu-item menu-item-type-post_type menu-item-object-page menu-item-23006"><a href="../style-2-waves/index.html"><span>Style 2 – Waves</span></a></li><li id="mobile-menu-item-23005" class="menu-item menu-item-type-post_type menu-item-object-page menu-item-23005"><a href="../style-3-mouse-info/index.html"><span>Style 3 – Mouse Info</span></a></li><li id="mobile-menu-item-23004" class="menu-item menu-item-type-post_type menu-item-object-page menu-item-23004"><a href="../style-4-stacked/index.html"><span>Style 4 – Stacked</span></a></li><li id="mobile-menu-item-23040" class="menu-item menu-item-type-post_type menu-item-object-cpt_portfolio menu-item-23040"><a href="../portfolio/rest-zone/index.html"><span>Single Property</span></a></li></ul>
</li><li id="mobile-menu-item-22982" class="menu-item menu-item-type-custom menu-item-object-custom menu-item-has-children menu-item-22982"><a href="index.html"><span>Blog</span><span class="open_child_menu"></span></a>
<ul class="sub-menu"><li id="mobile-menu-item-21710" class="menu-item menu-item-type-post_type menu-item-object-page menu-item-21710"><a href="../blog-portfolio/index.html"><span>Blog Portfolio</span></a></li><li id="mobile-menu-item-22991" class="menu-item menu-item-type-post_type menu-item-object-page menu-item-22991"><a href="../blog-standard/index.html"><span>Blog Standard</span></a></li><li id="mobile-menu-item-22990" class="menu-item menu-item-type-post_type menu-item-object-page menu-item-22990"><a href="../blog-list/index.html"><span>Blog List</span></a></li><li id="mobile-menu-item-22984" class="menu-item menu-item-type-custom menu-item-object-custom menu-item-has-children menu-item-22984"><a href="index.html"><span>Single Post</span><span class="open_child_menu"></span></a>
	<ul class="sub-menu"><li id="mobile-menu-item-22985" class="menu-item menu-item-type-post_type menu-item-object-post menu-item-22985"><a href="../unique-buildings-from-around-the-world/index.html"><span>Standard</span></a></li><li id="mobile-menu-item-22983" class="menu-item menu-item-type-post_type menu-item-object-post menu-item-22983"><a href="../fresh-startup-ideas-for-your-design-business/index.html"><span>With Sidebar</span></a></li></ul>
</li></ul>
</li><li id="mobile-menu-item-22889" class="menu-item menu-item-type-custom menu-item-object-custom menu-item-has-children menu-item-22889"><a href="index.html"><span>Shop</span><span class="open_child_menu"></span></a>
<ul class="sub-menu"><li id="mobile-menu-item-21714" class="menu-item menu-item-type-post_type menu-item-object-page menu-item-21714"><a href="../shop/index.html"><span>Product List</span></a></li><li id="mobile-menu-item-24481" class="menu-item menu-item-type-post_type menu-item-object-product menu-item-24481"><a href="../product/contemporary-studio/index.html"><span>Single Product</span></a></li><li id="mobile-menu-item-22890" class="menu-item menu-item-type-post_type menu-item-object-page menu-item-22890"><a href="../cart/index.html"><span>Cart</span></a></li><li id="mobile-menu-item-22891" class="menu-item menu-item-type-post_type menu-item-object-page menu-item-22891"><a href="../checkout/index.html"><span>Checkout</span></a></li><li id="mobile-menu-item-22892" class="menu-item menu-item-type-post_type menu-item-object-page menu-item-22892"><a href="../wishlist-page/index.html"><span>Wishlist Page</span></a></li></ul>
</li></ul></nav><div class="socials_mobile"><a target="_blank" rel="nofollow" href="https://www.facebook.com/ThemeRexStudio" class="social_item social_item_style_icons sc_icon_type_icons social_item_type_icons"><span class="social_icon social_icon_facebook-1" style=""><span class="screen-reader-text">facebook-1</span><span class="icon-facebook-1"></span></span></a><a target="_blank" rel="nofollow" href="https://twitter.com/ThemerexThemes" class="social_item social_item_style_icons sc_icon_type_icons social_item_type_icons"><span class="social_icon social_icon_twitter-new" style=""><span class="screen-reader-text">twitter-new</span><span class="icon-twitter-new"></span></span></a><a target="_blank" rel="nofollow" href="https://dribbble.com/ThemeREX" class="social_item social_item_style_icons sc_icon_type_icons social_item_type_icons"><span class="social_icon social_icon_dribble-new" style=""><span class="screen-reader-text">dribble-new</span><span class="icon-dribble-new"></span></span></a><a target="_blank" rel="nofollow" href="https://www.instagram.com/themerex_net/" class="social_item social_item_style_icons sc_icon_type_icons social_item_type_icons"><span class="social_icon social_icon_instagram" style=""><span class="screen-reader-text">instagram</span><span class="icon-instagram"></span></span></a></div>            </div>
		</div><div class="menu_mobile_widgets_area">				<div class="widgets_additional_menu_mobile_fullscreen widgets_additional_menu_mobile_fullscreen_wrap widget_area">
										<div class="widgets_additional_menu_mobile_fullscreen_inner widgets_additional_menu_mobile_fullscreen_inner widget_area_inner">
						<aside class="widget_text widget widget_custom_html"><div class="textwidget custom-html-widget"><div class="extra_item">
<h6>Have a Project?</h6>
<a href="mailto:info@website.com">info@website.com</a>
</div>

<div class="extra_item">
<h6>Want to Work with Us?</h6>
<a href="../about-us/index.html">Send Brief</a>
</div>

<div class="extra_item">
<h6>Want to Buy Appartement?</h6>
<a href="../shop/index.html">Go to Shop</a>
</div></div></aside>					</div>
									</div>
				</div>
    </div>
</div>

			
			<div class="page_content_wrap">
								<div class="content_wrap_fullscreen">

					
					<div class="content">
												<span id="content_skip_link_anchor" class="manoir_skip_link_anchor"></span>
						
<article id="post-22623" class="post_item_single post_type_page post-22623 page type-page status-publish hentry">

	
	<div class="post_content entry-content">
				<div data-elementor-type="wp-page" data-elementor-id="22623" class="elementor elementor-22623">
						
				
				
				
				
				
				
<section class="fno-hero">
  <div class="fno-hero-bg"></div>
  <div class="fno-hero-inner">
    <div class="fno-hero-left">
      <span class="fno-hero-eyebrow">Focused Nationwide Opportunities</span>
      <h1 class="fno-hero-title">FNO Global Developers</h1>
      <p class="fno-hero-tagline">Premium Real Estate Destinations, Built with Vision and Experience</p>
      <div class="fno-hero-btns">
        <a href="upcoming-project.html" class="fno-btn-primary">Explore Our Vision</a>
        <a href="contact-us.html" class="fno-btn-outline">Register Your Interest</a>
      </div>
    </div>
    <div class="fno-hero-right">
      <p class="fno-hero-desc">FNO Global Developers is a new-age real estate development company founded in 2025. The brand is young, but the experience behind it is strong. Our promoters bring nearly four decades of understanding in real estate, luxury construction, business, investments and long-term value creation. We focus on identifying promising locations and shaping them into premium real estate destinations with better planning, stronger lifestyle appeal and a future-ready vision.</p>
      <div class="fno-hero-bottom-line">Luxury. Location. Legacy.</div>
    </div>
  </div>
</section>
<section class="fno-intro">
  <div class="fno-intro-inner">
    <span class="fno-section-label">Our Story</span>
    <h2 class="fno-section-title">A New Brand Backed by Four Decades of Real Estate Experience</h2>
    <div class="fno-divider"></div>
    <p>Real estate is not built only with land and structure. It is built with timing, location understanding, construction quality, trust and a clear vision for the future.</p><p>FNO Global Developers was created with this belief.</p><p>Started in 2025, the company brings together modern business thinking and decades of promoter experience. Our leadership has worked across real estate, luxury construction, investments and international client markets. This gives us a balanced approach: fresh ideas supported by real-world experience.</p><p>Our aim is to create developments that feel premium, practical and meaningful for the people who live in them, invest in them and associate with them.</p>
  </div>
</section>
<section class="fno-why">
  <div class="fno-why-inner">
    <div class="fno-why-header">
      <span class="fno-section-label">Why FNO</span>
      <h2 class="fno-section-title">Why Choose FNO Global Developers</h2>
    </div>
    <div class="fno-why-grid">
      
    <div class="fno-why-card">
      <div class="fno-why-num">01</div>
      <h3>Four Decades of Promoter Experience</h3>
      <p>Our promoters bring nearly four decades of experience in real estate, construction and business. This helps us understand what makes a location strong, what buyers expect and how a project should be planned for lasting value.</p>
    </div>
    <div class="fno-why-card">
      <div class="fno-why-num">02</div>
      <h3>Premium Location Selection</h3>
      <p>We focus on locations that offer lifestyle value, connectivity and future relevance. For us, location is not just an address. It is the foundation of every project.</p>
    </div>
    <div class="fno-why-card">
      <div class="fno-why-num">03</div>
      <h3>Luxury with Real Meaning</h3>
      <p>Luxury is not only about expensive finishes. It is about space, privacy, comfort, thoughtful design, quality materials and details that make everyday living better.</p>
    </div>
    <div class="fno-why-card">
      <div class="fno-why-num">04</div>
      <h3>Destination-Led Thinking</h3>
      <p>We look at real estate as a destination story. A good project should be connected, liveable, well-planned and aligned with the way people want to live in the future.</p>
    </div>
    <div class="fno-why-card span-2">
      <div class="fno-why-num">05</div>
      <h3>Clear and Responsible Communication</h3>
      <p>We believe buyers deserve clarity. Project details, updates and next steps should be communicated in a simple and transparent way.</p>
    </div>
    </div>
  </div>
</section>
<section class="fno-leadership">
  <div class="fno-leadership-inner">
    <div class="fno-leadership-left">
      <span class="fno-section-label">Who We Are</span>
      <h2 class="fno-section-title">Promoters and Leadership Snapshot</h2>
      <span class="fno-leadership-badge">Est. 2025</span>
    </div>
    <div class="fno-leadership-right">
      <p class="fno-leadership-subtitle">Led by Experience. Driven by a New Vision.</p>
      <p>FNO Global Developers was founded in 2025, but the strength behind the company comes from promoters with nearly four decades of experience in real estate, luxury construction, investments, business growth and international client markets.</p><p>The leadership team brings together two strong generations: experienced promoters who understand real estate from the ground level, and young entrepreneurs who bring modern thinking, global exposure and a future-focused approach.</p>
      <ul class="fno-team-list">
        <li>Kunal Arora — Founder &amp; Managing Director</li><li>Spice Bindal — Founder &amp; Managing Director</li><li>Jugal Arora — Founder &amp; Chairman</li><li>Suman Bindal — Founder &amp; Chairman</li>
      </ul>
      <a href="about-us.html" class="fno-btn-primary">Meet Our Promoters</a>
    </div>
  </div>
</section>
<section class="fno-insight">
  <div class="fno-insight-inner">
    <span class="fno-section-label">Market Insight</span>
    <h2 class="fno-section-title">Why North of Goa Is Getting Stronger Attention</h2>
    <div class="fno-divider" style="margin-left:0;"></div>
    <p>Goa is no longer only a peak-season holiday market. It is moving towards year-round travel, wellness, workation, heritage, gastronomy, MICE, adventure and experience-led tourism. Recent tourism updates reported 61.38 lakh tourist arrivals between January and July 2026, including strong domestic travel and continued international interest.</p><p>This matters for real estate because buyers are looking at Goa differently now. Many are exploring second homes, private villa stays, work-from-anywhere spaces, wellness-led living and premium lifestyle addresses.</p><p>For FNO Global Developers, this shift supports our focus on North of Goa: a location direction where lifestyle, access, nature and future demand can come together.</p>
  </div>
</section>
<section class="fno-upcoming">
  <div class="fno-upcoming-inner">
    <div>
      <span class="fno-section-label">Upcoming Project</span>
      <h2 class="fno-section-title">Coming Soon in North of Goa</h2>
      <p class="fno-upcoming-subtitle">A Premium Villa Community with Direct NH-66 Connectivity</p>
      <p>FNO Global Developers is preparing to introduce a premium villa community in North of Goa, located opposite Aradhya Cinema with direct NH-66 connectivity.</p><p>This upcoming project is being planned for buyers who want more than just a property. It is for people who value space, privacy, natural surroundings, easier access and a refined lifestyle experience.</p><p>For now, the project page should remain focused on the location, the coming-soon status, the brand vision and early-interest registration.</p>
      <a href="upcoming-project.html" class="fno-btn-primary" style="margin-top:16px;">Register Early Interest</a>
    </div>
    <div class="fno-upcoming-details">
      <h4>Project Details</h4>
      <div class="fno-detail-row">Project Status: Coming Soon</div><div class="fno-detail-row">Location: Opposite Aradhya Cinema, North of Goa, NH-66</div><div class="fno-detail-row">Project Type: Premium Villa Community</div>
    </div>
  </div>
</section>
<section class="fno-lifestyle">
  <div class="fno-lifestyle-inner">
    <span class="fno-section-label">The Location</span>
    <h2 class="fno-section-title">A Location Connected to Nature, Travel and Experiences</h2>
    <div class="fno-divider" style="margin-left:0;"></div>
    <p>North of Goa offers a rare mix of calm living, road connectivity, tourism movement and access to coastal experiences. The larger coastal belt around Goa also has a growing experience-led travel identity, with destinations such as Malvan and Tarkarli known for water sports, scuba diving and coastal adventure.</p><p>There is also new hospitality movement in the wider coastal belt, including a proposed Taj hotel project at Shiroda-Velaghar in Sindhudurg. Such updates show that the larger Goa-Konkan region is receiving attention for premium tourism and hospitality infrastructure.</p>
  </div>
</section>
<section class="fno-clean">
  <div class="fno-clean-inner">
    <span class="fno-section-label">Why Goa</span>
    <h2 class="fno-section-title">Cleaner Surroundings. Calmer Living.</h2>
    <p>For many buyers from crowded cities, a home in Goa is not only about holidays. It is about breathing easier, living slower and finding a better everyday rhythm.</p><p>Goa’s cleaner coastal environment, open surroundings and slower pace continue to make it attractive for lifestyle-led living.</p>
  </div>
</section>
<section class="fno-portfolio">
  <div class="fno-portfolio-inner">
    <div>
      <span class="fno-section-label">Our Work</span>
      <h2 class="fno-section-title">Our Completed Luxury Villa Work</h2>
      <p class="fno-portfolio-subtitle">Luxe Heaven Villas – Porvorim, North of Goa</p>
      <div class="fno-portfolio-badge">Status: Sold Out</div>
      <p>Luxe Heaven Villas is one of our earlier luxury villa developments in Porvorim, North of Goa. Designed with European-inspired elegance and a Goan lifestyle touch, the project reflected our focus on privacy, comfort, detailing and premium living.</p><p>The project included ultra-luxury fully furnished villas with modern bedrooms, private lift, swimming pool, terrace entertainment spaces, premium fittings, home theatre, smart security and fully loaded lifestyle features.</p>
    </div>
    <div class="fno-portfolio-visual">
      <div class="fno-portfolio-logo-text">FNO</div>
      <div class="fno-portfolio-visual-label">Luxe Heaven Villas<br>Porvorim · North Goa</div>
    </div>
  </div>
</section>
<section class="fno-final-cta">
  <div class="fno-final-cta-inner">
    <span class="fno-section-label" style="color:rgba(201,169,110,0.7);">Get Started</span>
    <h2 class="fno-section-title">Be Among the First to Know</h2>
    <p>A premium villa community is coming soon in North of Goa. Register your interest today to receive project updates, location details, private preview information and launch communication from FNO Global Developers.</p>
    <div class="fno-cta-btns">
      <a href="contact-us.html" class="fno-btn-primary">Register Your Interest</a>
      <a href="contact-us.html" class="fno-btn-outline">Speak With Our Team</a>
    </div>
  </div>
</section></div>
			</div><!-- .entry-content -->

	
</article>
						</div>
											</div>
								</div>
							<span id="footer_skip_link_anchor" class="manoir_skip_link_anchor"></span>
				<footer class="footer_wrap footer_custom footer_custom_16866 footer_custom_footer-double">
			<div data-elementor-type="cpt_layouts" data-elementor-id="16866" class="elementor elementor-16866">
						
				</div>
		</footer><!-- /.footer_wrap -->

			
		</div>

		
	</div>

	
	
		<script>
			window.RS_MODULES = window.RS_MODULES || {};
			window.RS_MODULES.modules = window.RS_MODULES.modules || {};
			window.RS_MODULES.waiting = window.RS_MODULES.waiting || [];
			window.RS_MODULES.defered = false;
			window.RS_MODULES.moduleWaiting = window.RS_MODULES.moduleWaiting || {};
			window.RS_MODULES.type = 'compiled';
		</script>
		<div class="sc_layouts_panel_hide_content inited"></div><div id="panel_bar" class="sc_layouts scheme_default sc_layouts_panel sc_layouts_4509 sc_layouts_panel_right sc_layouts_effect_slide trx_addons_inline_805861050 inited" data-delay="0" data-panel-position="right" data-panel-effect="slide" data-panel-class="trx_addons_inline_805861050"><div class="sc_layouts_panel_inner">		<div data-elementor-type="cpt_layouts" data-elementor-id="4509" class="elementor elementor-4509">
						<section class="elementor-section elementor-top-section elementor-element elementor-element-67b4187 elementor-section-height-full elementor-section-items-stretch elementor-section-content-space-between scheme_default elementor-section-boxed elementor-section-height-default sc_fly_static trx_addons_parallax_layers_inited trx_addons_parallax_blocks_inited" data-id="67b4187" data-element_type="section">
						<div class="elementor-container elementor-column-gap-extended">
					<div class="elementor-column elementor-col-100 elementor-top-column elementor-element elementor-element-56dc68b6 sc_content_align_inherit sc_layouts_column_icons_position_left sc_fly_static trx_addons_parallax_layers_inited trx_addons_parallax_blocks_inited" data-id="56dc68b6" data-element_type="column">
			<div class="elementor-widget-wrap elementor-element-populated">
						<div class="elementor-element elementor-element-1c135e79 sc_fly_static elementor-widget elementor-widget-trx_sc_layouts_logo trx_addons_parallax_layers_inited trx_addons_parallax_blocks_inited" data-id="1c135e79" data-element_type="widget" data-widget_type="trx_sc_layouts_logo.default">
				<div class="elementor-widget-container">
					<a href="../index.html" class="sc_layouts_logo sc_layouts_logo_default trx_addons_inline_1724602742"><img class="logo_image" src="assets/images/fno-logo-main.png" alt="Manoir" style="max-height: 80px; width: auto; object-fit: contain;"></a>				</div>
				</div>
				<div class="elementor-element elementor-element-6655a08c sc_fly_static elementor-widget elementor-widget-trx_sc_socials trx_addons_parallax_layers_inited trx_addons_parallax_blocks_inited" data-id="6655a08c" data-element_type="widget" data-widget_type="trx_sc_socials.default">
				<div class="elementor-widget-container">
					<div class="sc_socials sc_socials_icons_names sc_align_left"><div class="socials_wrap sc_item_content"><a target="_blank" rel="nofollow" href="https://www.facebook.com/ThemeRexStudio" class="social_item social_item_style_icons sc_icon_type_icons social_item_type_icons_names"><span class="social_icon social_icon_facebook-1" style=""><span class="icon-facebook-1"></span></span><span class="social_name social_facebook-1">Facebook</span></a><a target="_blank" rel="nofollow" href="https://twitter.com/ThemerexThemes" class="social_item social_item_style_icons sc_icon_type_icons social_item_type_icons_names"><span class="social_icon social_icon_twitter-new" style=""><span class="icon-twitter-new"></span></span><span class="social_name social_twitter-new">Twitter</span></a><a target="_blank" rel="nofollow" href="https://dribbble.com/ThemeREX" class="social_item social_item_style_icons sc_icon_type_icons social_item_type_icons_names"><span class="social_icon social_icon_dribble-new" style=""><span class="icon-dribble-new"></span></span><span class="social_name social_dribble-new">Dribble</span></a><a target="_blank" rel="nofollow" href="https://www.instagram.com/themerex_net/" class="social_item social_item_style_icons sc_icon_type_icons social_item_type_icons_names"><span class="social_icon social_icon_instagram" style=""><span class="icon-instagram"></span></span><span class="social_name social_instagram">Instagram</span></a></div></div>				</div>
				</div>
				<section class="elementor-section elementor-inner-section elementor-element elementor-element-8d88f99 elementor-section-boxed elementor-section-height-default elementor-section-height-default sc_fly_static trx_addons_parallax_layers_inited trx_addons_parallax_blocks_inited" data-id="8d88f99" data-element_type="section">
						<div class="elementor-container elementor-column-gap-no">
					<div class="elementor-column elementor-col-100 elementor-inner-column elementor-element elementor-element-0671e65 sc_content_align_inherit sc_layouts_column_icons_position_left sc_fly_static trx_addons_parallax_layers_inited trx_addons_parallax_blocks_inited" data-id="0671e65" data-element_type="column">
			<div class="elementor-widget-wrap elementor-element-populated">
						<div class="elementor-element elementor-element-4f42819 sc_fly_static elementor-widget elementor-widget-heading trx_addons_parallax_layers_inited trx_addons_parallax_blocks_inited" data-id="4f42819" data-element_type="widget" data-widget_type="heading.default">
				<div class="elementor-widget-container">
					<h5 class="elementor-heading-title elementor-size-default"><a href="tel:18408412569">+1 840 841 25 69</a></h5>				</div>
				</div>
				<div class="elementor-element elementor-element-efdd0a4 sc_fly_static elementor-widget elementor-widget-spacer trx_addons_parallax_layers_inited trx_addons_parallax_blocks_inited" data-id="efdd0a4" data-element_type="widget" data-widget_type="spacer.default">
				<div class="elementor-widget-container">
							<div class="elementor-spacer">
			<div class="elementor-spacer-inner"></div>
		</div>
						</div>
				</div>
				<div class="elementor-element elementor-element-63068ae sc_fly_static elementor-widget elementor-widget-heading trx_addons_parallax_layers_inited trx_addons_parallax_blocks_inited" data-id="63068ae" data-element_type="widget" data-widget_type="heading.default">
				<div class="elementor-widget-container">
					<span class="elementor-heading-title elementor-size-default"><a href="mailto:info@email.com">info@email.com</a></span>				</div>
				</div>
				<div class="elementor-element elementor-element-013bb75 sc_fly_static elementor-widget elementor-widget-spacer trx_addons_parallax_layers_inited trx_addons_parallax_blocks_inited" data-id="013bb75" data-element_type="widget" data-widget_type="spacer.default">
				<div class="elementor-widget-container">
							<div class="elementor-spacer">
			<div class="elementor-spacer-inner"></div>
		</div>
						</div>
				</div>
					</div>
		</div>
					</div>
		</section>
					</div>
		</div>
					</div>
		</section>
				</div>
		<span class="sc_layouts_panel_close trx_addons_button_close" tabindex="0"><span class="sc_layouts_panel_close_icon trx_addons_button_close_icon"></span></span></div></div><div id="go-video2" class="sc_layouts sc_layouts_popup inited" data-delay="0"><p><iframe title="Real Estate Agent Promo" data-src="https://player.vimeo.com/video/333023689?dnt=1&amp;%3Bapp_id=122963&amp;autoplay=1" width="1290" height="726" frameborder="0" allow="autoplay; fullscreen; picture-in-picture" allowfullscreen="" class="trx_addons_resize"></iframe></p>
</div><a href="index.html" class="trx_addons_scroll_to_top trx_addons_icon-up scroll_to_top_style_default inited" title="Scroll to top"></a><script type="speculationrules">
{"prefetch":[{"source":"document","where":{"and":[{"href_matches":"/*"},{"not":{"href_matches":["/wp-*.php","/wp-admin/*","/wp-content/uploads/*","/wp-content/*","/wp-content/plugins/*","/wp-content/themes/manoir/*","/*\\?(.+)"]}},{"not":{"selector_matches":"a[rel~=\"nofollow\"]"}},{"not":{"selector_matches":".no-prefetch, .no-prefetch a"}}]},"eagerness":"conservative"}]}
</script>
			<div class="adp-popup adp-popup-type-content adp-popup-location-center adp-preview-image-left adp-preview-image-no" data-limit-display="1" data-limit-lifetime="1" data-open-trigger="delay" data-open-delay-number="15" data-open-scroll-position="10" data-open-scroll-type="%" data-open-manual-selector="" data-close-trigger="none" data-close-delay-number="30" data-close-scroll-position="10" data-close-scroll-type="%" data-open-animation="popupOpenFade" data-exit-animation="popupExitFade" data-light-close="false" data-overlay="true" data-mobile-disable="false" data-body-scroll-disable="false" data-overlay-close="false" data-esc-close="true" data-f4-close="false" data-id="9110" style="width:1050px;">

				<div class="adp-popup-wrap">

					<div class="adp-popup-container">

						<!-- Content -->
													<div class="adp-popup-outer" style="max-width:100%;">
								
								<div class="adp-popup-content">
									<div class="adp-popup-inner">
										<div class="sc_layouts sc_layouts_default sc_layouts_7074" data-delay="0">		<div data-elementor-type="cpt_layouts" data-elementor-id="7074" class="elementor elementor-7074">
						<section class="elementor-section elementor-top-section elementor-element elementor-element-d394f72 elementor-section-full_width scheme_light elementor-section-height-default elementor-section-height-default sc_fly_static trx_addons_parallax_layers_inited trx_addons_parallax_blocks_inited" data-id="d394f72" data-element_type="section" data-settings="{&quot;background_background&quot;:&quot;classic&quot;}">
						<div class="elementor-container elementor-column-gap-extended">
					<div class="elementor-column elementor-col-50 elementor-top-column elementor-element elementor-element-91a3141 sc_layouts_hide_on_mobile sc_content_align_inherit sc_layouts_column_icons_position_left sc_fly_static trx_addons_parallax_layers_inited trx_addons_parallax_blocks_inited" data-id="91a3141" data-element_type="column" data-settings="{&quot;background_background&quot;:&quot;classic&quot;}">
			<div class="elementor-widget-wrap elementor-element-populated">
						<div class="elementor-element elementor-element-637990e sc_fly_static elementor-widget elementor-widget-spacer trx_addons_parallax_layers_inited trx_addons_parallax_blocks_inited" data-id="637990e" data-element_type="widget" data-widget_type="spacer.default">
				<div class="elementor-widget-container">
							<div class="elementor-spacer">
			<div class="elementor-spacer-inner"></div>
		</div>
						</div>
				</div>
					</div>
		</div>
				<div class="elementor-column elementor-col-50 elementor-top-column elementor-element elementor-element-48d3da0 sc_content_align_inherit sc_layouts_column_icons_position_left sc_fly_static trx_addons_parallax_layers_inited trx_addons_parallax_blocks_inited" data-id="48d3da0" data-element_type="column">
			<div class="elementor-widget-wrap elementor-element-populated">
						<div class="elementor-element elementor-element-9efa3b4 sc_fly_static elementor-widget elementor-widget-trx_sc_title trx_addons_parallax_layers_inited trx_addons_parallax_blocks_inited" data-id="9efa3b4" data-element_type="widget" data-widget_type="trx_sc_title.default">
				<div class="elementor-widget-container">
					<div class="sc_title sc_title_default"><h2 class="sc_item_title sc_title_title sc_item_title_style_default"><span class="sc_item_title_text">Subscribe for the updates!</span></h2></div>				</div>
				</div>
				<div class="elementor-element elementor-element-0f09534 sc_fly_static elementor-widget elementor-widget-spacer trx_addons_parallax_layers_inited trx_addons_parallax_blocks_inited" data-id="0f09534" data-element_type="widget" data-widget_type="spacer.default">
				<div class="elementor-widget-container">
							<div class="elementor-spacer">
			<div class="elementor-spacer-inner"></div>
		</div>
						</div>
				</div>
				<div class="elementor-element elementor-element-5c0af5f sc_fly_static elementor-widget elementor-widget-shortcode trx_addons_parallax_layers_inited trx_addons_parallax_blocks_inited" data-id="5c0af5f" data-element_type="widget" data-widget_type="shortcode.default">
				<div class="elementor-widget-container">
							<div class="elementor-shortcode"><script>(function() {
	window.mc4wp = window.mc4wp || {
		listeners: [],
		forms: {
			on: function(evt, cb) {
				window.mc4wp.listeners.push(
					{
						event   : evt,
						callback: cb
					}
				);
			}
		}
	}
})();
</script><!-- Mailchimp for WordPress v4.10.6 - https://wordpress.org/plugins/mailchimp-for-wp/ --><form id="style-11" class="mc4wp-form mc4wp-form-461 inited_validation" method="post" data-id="461" data-name="Subscribe" data-inited-validation="1"><div class="mc4wp-form-fields"><input type="email" name="EMAIL" placeholder="Enter Your Email Address" class="fill_inited">
<button>Subscribe</button>
<input name="i_agree_privacy_policy" value="1" required="" type="checkbox" id="undefined_33" class="inited"><label for="undefined_33">I agree to the <a href="../privacy-policy/index.html" target="_blank">Privacy Policy</a>.</label></div><label style="display: none !important;">Leave this field empty if you're human: <input type="text" name="_mc4wp_honeypot" value="" tabindex="-1" autocomplete="off" class="fill_inited"></label><input type="hidden" name="_mc4wp_timestamp" value="1789453140"><input type="hidden" name="_mc4wp_form_id" value="461"><input type="hidden" name="_mc4wp_form_element_id" value="style-11"><div class="mc4wp-response"></div></form><!-- / Mailchimp for WordPress Plugin --></div>
						</div>
				</div>
					</div>
		</div>
					</div>
		</section>
				</div>
		</div>									</div>

									<button type="button" class="adp-popup-close"></button>
								</div>
							</div>
						
						<!-- Info -->
											</div>
				</div>
			</div>

							<div class="adp-popup-overlay"></div>
			
			<script>(function() {function maybePrefixUrlField () {
  const value = this.value.trim()
  if (value !== '' && value.indexOf('http') !== 0) {
    this.value = 'http://' + value
  }
}

const urlFields = document.querySelectorAll('.mc4wp-form input[type="url"]')
for (let j = 0; j < urlFields.length; j++) {
  urlFields[j].addEventListener('blur', maybePrefixUrlField)
}
})();</script><div class="trx_addons_mouse_helper trx_addons_mouse_helper_base trx_addons_mouse_helper_style_default trx_addons_mouse_helper_smooth" style="transform: translate(1029px, 72px);"></div><!-- Instagram Feed JS -->
<script>
var sbiajaxurl = "https://manoir.themerex.net/wp-admin/admin-ajax.php";
</script>
			<script>
				const lazyloadRunObserver = () => {
					const lazyloadBackgrounds = document.querySelectorAll( `.e-con.e-parent:not(.e-lazyloaded)` );
					const lazyloadBackgroundObserver = new IntersectionObserver( ( entries ) => {
						entries.forEach( ( entry ) => {
							if ( entry.isIntersecting ) {
								let lazyloadBackground = entry.target;
								if( lazyloadBackground ) {
									lazyloadBackground.classList.add( 'e-lazyloaded' );
								}
								lazyloadBackgroundObserver.unobserve( entry.target );
							}
						});
					}, { rootMargin: '200px 0px 200px 0px' } );
					lazyloadBackgrounds.forEach( ( lazyloadBackground ) => {
						lazyloadBackgroundObserver.observe( lazyloadBackground );
					} );
				};
				const events = [
					'DOMContentLoaded',
					'elementor/lazyload/observe',
				];
				events.forEach( ( event ) => {
					document.addEventListener( event, lazyloadRunObserver );
				} );
			</script>
				<script>
		(function () {
			var c = document.body.className;
			c = c.replace(/woocommerce-no-js/, 'woocommerce-js');
			document.body.className = c;
		})();
	</script>
	<script id="advanced-popups-js" defer="defer">"use strict";

jQuery(document).ready(function($) {

	var adpPopup = {};

	( function() {
		var $this;

		adpPopup = {
			sPrevious : window.scrollY,
			sDirection: 'down',

			/*
			* Initialize
			*/
			init: function( e ) {
				$this = adpPopup;

				$this.popupInit( e );

				// Init events.
				$this.events( e );
			},

			/*
			* Events
			*/
			events: function( e ) {
				// Custom Events
				$( document ).on( 'click', '.adp-popup-close', $this.closePopup );
				$( document ).on( 'click', '.adp-popup-accept', $this.acceptPopup );
				$( document ).on( 'click', '.adp-popup-accept', $this.closePopup );

				// Checking this will cause popup to close when user presses key.
				$( document ).keyup(function(e) {
					// Press ESC to Close.
					if ( e.key === 'Escape' ) {
						$( '.adp-popup-open[data-esc-close="true"]' ).each(function(index, popup) {
							$this.closePopup(popup);
						});
					}

					// Press F4 to Close.
					if ( e.key === 'F4' ) {
						$( '.adp-popup-open[data-f4-close="true"]' ).each(function(index, popup) {
							$this.closePopup(popup);
						});
					}
				});

				// Checking this will cause popup to close when user clicks on overlay.
				$( document ).on( 'click', '.adp-popup-overlay', function( e ) {
					$this.closePopup( $( this).prev() );
				} );
			},

			/*
			* Init popup elements
			*/
			popupInit: function( e ) {

				// Set scroll direction.
				$( document ).on( 'scroll', function() {

					let scrollCurrent = window.scrollY;

					// Set scroll temporary vars.
					if ( scrollCurrent > $this.sPrevious ) {
						$this.sDirection = 'down';
					} else {
						$this.sDirection = 'up';
					}

					$this.sPrevious = scrollCurrent;
				});

				// Open popup
				$( '.adp-popup' ).each(function(index, popup) {
					// Manual Launch.
					if ( 'manual' === $( popup ).data( 'open-trigger' ) ) {

						let selector = $( popup ).data( 'open-manual-selector' );

						if ( selector ) {

							$( document ).on( 'click', selector, function( e ) {
								event.preventDefault();

								$( popup ).removeClass( 'adp-popup-already-opened' );

								$this.openPopup( popup );
							} );
						}
					}

					// Checks whether a popup should be displayed or not.
					if ( ! $this.isAllowPopup( popup ) ) {
						return;
					}

					$this.openTriggerPopup( popup );
				});
			},

			/*
			* Trigger open popup
			*/
			openTriggerPopup: function( e ) {
				let popup = ( e.originalEvent ) ? this : e;

				var trigger = $( popup ).data( 'open-trigger' );

				// Page Viewed.
				if ( 'viewed' === trigger ) {
					$this.openPopup( popup );
				}

				// Time Delay.
				if ( 'delay' === trigger ) {
					setTimeout( function() {

						$this.openPopup( popup );

					}, $( popup ).data( 'open-delay-number' ) * 1000 );
				}

				// Exit Intent.
				if ( 'exit' === trigger ) {
					var showExit = true;
					document.addEventListener( "mousemove", function( e ) {
						// Get current scroll position
						var scroll = window.pageYOffset || document.documentElement.scrollTop;
						if ( ( e.pageY - scroll ) < 7 && showExit ) {
							$this.openPopup( popup );
							showExit = false;
						}
					} );
				}

				// Scroll Position.
				if ( 'read' === trigger || 'scroll' === trigger ) {

					var pointScrollType     = $( popup ).data( 'open-scroll-type' );
					var pointScrollPosition = $( popup ).data( 'open-scroll-position' );

					if ( 'read' === trigger ) {
						pointScrollType     = '%';
						pointScrollPosition = 100;
					}

					// Event scroll.
					$( document ).on( 'scroll', function() {

						// Type px.
						if ( 'px' === pointScrollType ) {

							if ( window.scrollY >= pointScrollPosition ) {
								$this.openPopup( popup );
							}
						}

						// Type %.
						if ( '%' === pointScrollType ) {

							if ( $this.getScrollPercent() >= pointScrollPosition ) {
								$this.openPopup( popup );
							}
						}
					} );
				}

				// Accept Agreement.
				if ( 'accept' === trigger ) {
					let accept = $this.getCookie( 'adp-popup-accept-' + $( popup ).data( 'id' ) || 0 );

					if ( ! accept ) {
						$this.openPopup( popup );
					}
				}
			},

			/*
			* Trigger close popup
			*/
			closeTriggerPopup: function( e ) {
				let popup = ( e.originalEvent ) ? this : e;

				var trigger = $( popup ).data( 'close-trigger' );

				// Time Delay.
				if ( 'delay' === trigger ) {
					setTimeout( function() {

						$this.closePopup(popup);

					}, $( popup ).data( 'close-delay-number' ) * 1000 );
				}

				// Scroll Position.
				if ( 'scroll' === trigger ) {

					var pointScrollType     = $( popup ).data( 'close-scroll-type' );
					var pointScrollPosition = $( popup ).data( 'close-scroll-position' );
					var initScrollPx        = $( popup ).data( 'init-scroll-px' );
					var initScrollPercent   = $( popup ).data( 'init-scroll-percent' );

					// Event scroll.
					$( document ).on( 'scroll', function() {

						// Type px.
						if ( 'px' === pointScrollType ) {

							if ( 'up' === $this.sDirection && window.scrollY < ( initScrollPx - pointScrollPosition ) ) {
								$this.closePopup( popup );
							}

							if ( 'down' === $this.sDirection && window.scrollY >= ( initScrollPx + pointScrollPosition ) ) {
								$this.closePopup( popup );
							}
						}

						// Type %.
						if ( '%' === pointScrollType ) {

							if ( 'up' === $this.sDirection && $this.getScrollPercent() < ( initScrollPercent - pointScrollPosition ) ) {
								$this.closePopup(popup);
							}

							if ( 'down' === $this.sDirection && $this.getScrollPercent() >= ( initScrollPercent + pointScrollPosition ) ) {
								$this.closePopup(popup);
							}
						}
					} );
				}
			},

			/*
			* Open popup
			*/
			openPopup: function( e ) {
				let popup = ( e.originalEvent ) ? this : e;

				if ( $( popup ).hasClass( 'adp-popup-open' ) ) {
					return;
				}

				// Check already opened.
				if ( $( popup ).hasClass( 'adp-popup-already-opened' ) ) {
					return;
				}

				// Display popup.
				$( popup ).addClass( 'adp-popup-open' );

				// Set current scroll.
				$( popup ).data( 'init-scroll-px', window.scrollY );
				$( popup ).data( 'init-scroll-percent', $this.getScrollPercent() );

				// Hide body scroll.
				if ( $( popup ).is( '[data-body-scroll-disable="true"]' ) ) {
					$( 'body' ).addClass( 'adp-popup-scroll-hidden' );
				}

				// Set Cookie of Limit display.
				let limit = parseInt( $this.getCookie( 'adp-popup-' + $( popup ).data( 'id' ) ) || 0 ) + 1;

				$this.setCookie( 'adp-popup-' + $( popup ).data( 'id' ), limit, {
					expires: $( popup ).data( 'limit-lifetime' )
				} );

				// Open animation.
				let animation = $( popup ).data( 'open-animation' );

				$this.applyAnimation( popup, animation );

				// Init close trigger.
				$this.closeTriggerPopup( popup );
			},

			/*
			* Accept popup
			*/
			acceptPopup: function( e ) {

				let $el = ( e.originalEvent ) ? this : e;

				// Get popup container.
				let popup = $( $el ).closest( '.adp-popup' );

				// Set Cookie of Accept.
				$this.setCookie( 'adp-popup-accept-' + $( popup ).data( 'id' ), 1, {
					expires: 360
				} );
			},

			/*
			* Close popup
			*/
			closePopup: function( e ) {

				let $el = ( e.originalEvent ) ? this : e;

				// Get popup container.
				let popup = $( $el ).closest( '.adp-popup' );

				// Close animation.
				let animation = $( popup ).data( 'exit-animation' );

				$this.applyAnimation( popup, animation, function() {
					// Already opened.
					$( popup ).addClass( 'adp-popup-already-opened' );

					// Hide popup.
					$( popup ).removeClass( 'adp-popup-open' );

					// Remove classes from body.
					$( 'body' ).removeClass( 'adp-popup-scroll-hidden' );
				} );
			},

			/*
			* Checks whether a popup should be displayed or not
			*/
			isAllowPopup: function( e ) {
				let popup = ( e.originalEvent ) ? this : e;

				// Has user seen this popup before?
				let limitDisplay = parseInt( $( popup ).data( 'limit-display' ) || 0 );

				let limitDisplayCookie = parseInt( $this.getCookie( 'adp-popup-' + $( popup ).data( 'id' ) ) );

				if ( limitDisplay && limitDisplayCookie && limitDisplayCookie >= limitDisplay ) {
					return;
				}

				return true;
			},

			/*
			* Apply animation
			*/
			applyAnimation: function( el, name, callback ) {
				var popup = $( el ).closest( '.adp-popup' );

				if ( typeof callback === 'function' ) {
					var overlayName = 'popupExitFade';
				} else {
					var overlayName = 'popupOpenFade';
				}

				// Overlay Animation.
				$( popup ).next( '.adp-popup-overlay' ).addClass( 'adp-popup-animated ' + overlayName )
					.one( 'webkitAnimationEnd mozAnimationEnd MSAnimationEnd oanimationend animationend', function() {
						$( this ).removeClass( 'adp-popup-animated ' + overlayName );
					} );

				// Wrap Animation.
				$( popup ).find( '.adp-popup-wrap' ).addClass( 'adp-popup-animated ' + name )
					.one( 'webkitAnimationEnd mozAnimationEnd MSAnimationEnd oanimationend animationend', function() {
						// remove the animation classes after animation ends
						// required in order to apply new animation on close
						$( this ).removeClass( 'adp-popup-animated ' + name );

						if ( typeof callback === 'function' ) {
							callback();
						}
					} );
			},

			/*
			* Set cookie
			*/
			getCookie: function( name ) {
				var matches = document.cookie.match( new RegExp(
					"(?:^|; )" + name.replace( /([\.$?*|{}\(\)\[\]\\\/\+^])/g, '\\$1' ) + "=([^;]*)"
				) );
				return matches ? decodeURIComponent( matches[ 1 ] ) : undefined;
			},

			/*
			* Set cookie
			*/
			setCookie: function( name, value, options ) {
				options = options || {};

				options.path = options.hasOwnProperty( 'path' ) ? options.path : '/';

				options.expires = parseInt( options.expires );

				if ( typeof options.expires == "number" && options.expires ) {

					options.expires = new Date().setDate(new Date().getDate() + options.expires );

					options.expires = new Date(options.expires).toUTCString();
				}

				value = encodeURIComponent( value );

				var updatedCookie = name + "=" + value;

				for ( var propName in options ) {
					updatedCookie += "; " + propName;
					var propValue = options[ propName ];
					if ( propValue !== true ) {
						updatedCookie += "=" + propValue;
					}
				}

				document.cookie = updatedCookie;
			},

			/*
			* Get scroll percent
			*/
			getScrollPercent: function() {
				var h = document.documentElement,
					b = document.body,
					st = 'scrollTop',
					sh = 'scrollHeight';
				return (h[st]||b[st]) / ((h[sh]||b[sh]) - h.clientHeight) * 100;
			}
		};

	} )();

	// Initialize.
	adpPopup.init();
});
</script>
<script id="wp-hooks-js">/*! This file is auto-generated */
(function() {
"use strict";var wp;(wp||={}).hooks=(()=>{var v=Object.defineProperty;var S=Object.getOwnPropertyDescriptor;var g=Object.getOwnPropertyNames;var I=Object.prototype.hasOwnProperty;var w=(e,n)=>{for(var s in n)v(e,s,{get:n[s],enumerable:!0})},D=(e,n,s,r)=>{if(n&&typeof n=="object"||typeof n=="function")for(let t of g(n))!I.call(e,t)&&t!==s&&v(e,t,{get:()=>n[t],enumerable:!(r=S(n,t))||r.enumerable});return e};var T=e=>D(v({},"__esModule",{value:!0}),e);var le={};w(le,{actions:()=>ae,addAction:()=>J,addFilter:()=>K,applyFilters:()=>N,applyFiltersAsync:()=>ee,createHooks:()=>F,currentAction:()=>te,currentFilter:()=>re,defaultHooks:()=>b,didAction:()=>ie,didFilter:()=>se,doAction:()=>X,doActionAsync:()=>Y,doingAction:()=>ne,doingFilter:()=>oe,filters:()=>ce,hasAction:()=>P,hasFilter:()=>Q,removeAction:()=>L,removeAllActions:()=>U,removeAllFilters:()=>W,removeFilter:()=>M});function z(e){return typeof e!="string"||e===""?(console.error("The namespace must be a non-empty string."),!1):/^[a-zA-Z][a-zA-Z0-9_.\-\/]*$/.test(e)?!0:(console.error("The namespace can only contain numbers, letters, dashes, periods, underscores and slashes."),!1)}var m=z;function E(e){return typeof e!="string"||e===""?(console.error("The hook name must be a non-empty string."),!1):/^__/.test(e)?(console.error("The hook name cannot begin with `__`."),!1):/^[a-zA-Z][a-zA-Z0-9_.-]*$/.test(e)?!0:(console.error("The hook name can only contain numbers, letters, dashes, periods and underscores."),!1)}var f=E;function Z(e,n){return function(r,t,a,i=10){let c=e[n];if(!f(r)||!m(t))return;if(typeof a!="function"){console.error("The hook callback must be a function.");return}if(typeof i!="number"){console.error("If specified, the hook priority must be a number.");return}let l={callback:a,priority:i,namespace:t};if(c[r]){let o=c[r].handlers,d;for(d=o.length;d>0&&!(i>=o[d-1].priority);d--);d===o.length?o[d]=l:o.splice(d,0,l),c.__current.forEach(h=>{h.name===r&&h.currentIndex>=d&&h.currentIndex++})}else c[r]={handlers:[l],runs:0};r!=="hookAdded"&&e.doAction("hookAdded",r,t,a,i)}}var H=Z;function C(e,n,s=!1){return function(t,a){let i=e[n];if(!f(t)||!s&&!m(a))return;if(!i[t])return 0;let c=0;if(s)c=i[t].handlers.length,i[t]={runs:i[t].runs,handlers:[]};else{let l=i[t].handlers;for(let o=l.length-1;o>=0;o--)l[o].namespace===a&&(l.splice(o,1),c++,i.__current.forEach(d=>{d.name===t&&d.currentIndex>=o&&d.currentIndex--}))}return t!=="hookRemoved"&&e.doAction("hookRemoved",t,a),c}}var p=C;function O(e,n){return function(r,t){let a=e[n];return typeof t<"u"?r in a&&a[r].handlers.some(i=>i.namespace===t):r in a}}var _=O;function j(e,n,s,r){return function(a,...i){let c=e[n];c[a]||(c[a]={handlers:[],runs:0}),c[a].runs++;let l=c[a].handlers;if(!l||!l.length)return s?i[0]:void 0;let o={name:a,currentIndex:0};async function d(){try{c.__current.add(o);let u=s?i[0]:void 0;for(;o.currentIndex<l.length;)u=await l[o.currentIndex].callback.apply(null,i),s&&(i[0]=u),o.currentIndex++;return s?u:void 0}finally{c.__current.delete(o)}}function h(){try{c.__current.add(o);let u=s?i[0]:void 0;for(;o.currentIndex<l.length;)u=l[o.currentIndex].callback.apply(null,i),s&&(i[0]=u),o.currentIndex++;return s?u:void 0}finally{c.__current.delete(o)}}return(r?d:h)()}}var A=j;function $(e,n){return function(){let r=e[n];return Array.from(r.__current).at(-1)?.name??null}}var y=$;function V(e,n){return function(r){let t=e[n];return typeof r>"u"?t.__current.size>0:Array.from(t.__current).some(a=>a.name===r)}}var k=V;function q(e,n){return function(r){let t=e[n];if(f(r))return t[r]&&t[r].runs?t[r].runs:0}}var x=q;var B=class{actions;filters;addAction;addFilter;removeAction;removeFilter;hasAction;hasFilter;removeAllActions;removeAllFilters;doAction;doActionAsync;applyFilters;applyFiltersAsync;currentAction;currentFilter;doingAction;doingFilter;didAction;didFilter;constructor(){this.actions=Object.create(null),this.actions.__current=new Set,this.filters=Object.create(null),this.filters.__current=new Set,this.addAction=H(this,"actions"),this.addFilter=H(this,"filters"),this.removeAction=p(this,"actions"),this.removeFilter=p(this,"filters"),this.hasAction=_(this,"actions"),this.hasFilter=_(this,"filters"),this.removeAllActions=p(this,"actions",!0),this.removeAllFilters=p(this,"filters",!0),this.doAction=A(this,"actions",!1,!1),this.doActionAsync=A(this,"actions",!1,!0),this.applyFilters=A(this,"filters",!0,!1),this.applyFiltersAsync=A(this,"filters",!0,!0),this.currentAction=y(this,"actions"),this.currentFilter=y(this,"filters"),this.doingAction=k(this,"actions"),this.doingFilter=k(this,"filters"),this.didAction=x(this,"actions"),this.didFilter=x(this,"filters")}};function G(){return new B}var F=G;var b=F(),{addAction:J,addFilter:K,removeAction:L,removeFilter:M,hasAction:P,hasFilter:Q,removeAllActions:U,removeAllFilters:W,doAction:X,doActionAsync:Y,applyFilters:N,applyFiltersAsync:ee,currentAction:te,currentFilter:re,doingAction:ne,doingFilter:oe,didAction:ie,didFilter:se,actions:ae,filters:ce}=b;return T(le);})();
(window.wp ||= {}).hooks = wp.hooks;
})();
</script>
<script id="wp-i18n-js">/*! This file is auto-generated */
(function() {
"use strict";var wp;(wp||={}).i18n=(()=>{var nt=Object.create;var L=Object.defineProperty;var at=Object.getOwnPropertyDescriptor;var it=Object.getOwnPropertyNames;var ut=Object.getPrototypeOf,lt=Object.prototype.hasOwnProperty;var ft=(t,r)=>()=>(r||t((r={exports:{}}).exports,r),r.exports),ot=(t,r)=>{for(var e in r)L(t,e,{get:r[e],enumerable:!0})},O=(t,r,e,n)=>{if(r&&typeof r=="object"||typeof r=="function")for(let u of it(r))!lt.call(t,u)&&u!==e&&L(t,u,{get:()=>r[u],enumerable:!(n=at(r,u))||n.enumerable});return t};var st=(t,r,e)=>(e=t!=null?nt(ut(t)):{},O(r||!t||!t.__esModule?L(e,"default",{value:t,enumerable:!0}):e,t)),pt=t=>O(L({},"__esModule",{value:!0}),t);var $=ft((It,M)=>{M.exports=window.wp.hooks});var yt={};ot(yt,{__:()=>Z,_n:()=>G,_nx:()=>B,_x:()=>q,createI18n:()=>R,defaultI18n:()=>H,getLocaleData:()=>j,hasTranslation:()=>Q,isRTL:()=>J,resetLocaleData:()=>U,setLocaleData:()=>z,sprintf:()=>P,subscribe:()=>X});var ct=/%(((\d+)\$)|(\(([$_a-zA-Z][$_a-zA-Z0-9]*)\)))?[ +0#-]*\d*(\.(\d+|\*))?(ll|[lhqL])?([cduxXefgsp%])/g;function T(t,...r){var e=0;return Array.isArray(r[0])&&(r=r[0]),t.replace(ct,function(){var n,u,l,o,f;return n=arguments[3],u=arguments[5],l=arguments[7],o=arguments[9],o==="%"?"%":(l==="*"&&(l=r[e],e++),u===void 0?(n===void 0&&(n=e+1),e++,f=r[n-1]):r[0]&&typeof r[0]=="object"&&r[0].hasOwnProperty(u)&&(f=r[0][u]),o==="f"?f=parseFloat(f)||0:o==="d"&&(f=parseInt(f)||0),l!==void 0&&(o==="f"?f=f.toFixed(l):o==="s"&&(f=f.substr(0,l))),f??"")})}function P(t,...r){return T(t,...r)}var D,I,h,N;D={"(":9,"!":8,"*":7,"/":7,"%":7,"+":6,"-":6,"<":5,"<=":5,">":5,">=":5,"==":4,"!=":4,"&&":3,"||":2,"?":1,"?:":1};I=["(","?"];h={")":["("],":":["?","?:"]};N=/<=|>=|==|!=|&&|\|\||\?:|\(|!|\*|\/|%|\+|-|<|>|\?|\)|:/;function b(t){for(var r=[],e=[],n,u,l,o;n=t.match(N);){for(u=n[0],l=t.substr(0,n.index).trim(),l&&r.push(l);o=e.pop();){if(h[u]){if(h[u][0]===o){u=h[u][1]||u;break}}else if(I.indexOf(o)>=0||D[o]<D[u]){e.push(o);break}r.push(o)}h[u]||e.push(u),t=t.substr(n.index+u.length)}return t=t.trim(),t&&r.push(t),r.concat(e.reverse())}var dt={"!":function(t){return!t},"*":function(t,r){return t*r},"/":function(t,r){return t/r},"%":function(t,r){return t%r},"+":function(t,r){return t+r},"-":function(t,r){return t-r},"<":function(t,r){return t<r},"<=":function(t,r){return t<=r},">":function(t,r){return t>r},">=":function(t,r){return t>=r},"==":function(t,r){return t===r},"!=":function(t,r){return t!==r},"&&":function(t,r){return t&&r},"||":function(t,r){return t||r},"?:":function(t,r,e){if(t)throw r;return e}};function g(t,r){var e=[],n,u,l,o,f,_;for(n=0;n<t.length;n++){if(f=t[n],o=dt[f],o){for(u=o.length,l=Array(u);u--;)l[u]=e.pop();try{_=o.apply(null,l)}catch(v){return v}}else r.hasOwnProperty(f)?_=r[f]:_=+f;e.push(_)}return e[0]}function A(t){var r=b(t);return function(e){return g(r,e)}}function E(t){var r=A(t);return function(e){return+r({n:e})}}var S={contextDelimiter:"",onMissingKey:null};function _t(t){var r,e,n;for(r=t.split(";"),e=0;e<r.length;e++)if(n=r[e].trim(),n.indexOf("plural=")===0)return n.substr(7)}function x(t,r){var e;this.data=t,this.pluralForms={},this.options={};for(e in S)this.options[e]=r!==void 0&&e in r?r[e]:S[e]}x.prototype.getPluralForm=function(t,r){var e=this.pluralForms[t],n,u,l;return e||(n=this.data[t][""],l=n["Plural-Forms"]||n["plural-forms"]||n.plural_forms,typeof l!="function"&&(u=_t(n["Plural-Forms"]||n["plural-forms"]||n.plural_forms),l=E(u)),e=this.pluralForms[t]=l),e(r)};x.prototype.dcnpgettext=function(t,r,e,n,u){var l,o,f;return u===void 0?l=0:l=this.getPluralForm(t,u),o=e,r&&(o=r+this.options.contextDelimiter+e),f=this.data[t][o],f&&f[l]?f[l]:(this.options.onMissingKey&&this.options.onMissingKey(e,t),l===0?e:n)};var K={"":{plural_forms(t){return t===1?0:1}}},vt=/^i18n\.(n?gettext|has_translation)(_|$)/,R=(t,r,e)=>{let n=new x({}),u=new Set,l=()=>{u.forEach(a=>a())},o=a=>(u.add(a),()=>u.delete(a)),f=(a="default")=>n.data[a],_=(a,i="default")=>{n.data[i]={...n.data[i],...a},n.data[i][""]={...K[""],...n.data[i]?.[""]},delete n.pluralForms[i]},v=(a,i)=>{_(a,i),l()},V=(a,i="default")=>{n.data[i]={...n.data[i],...a,"":{...K[""],...n.data[i]?.[""],...a?.[""]}},delete n.pluralForms[i],l()},W=(a,i)=>{n.data={},n.pluralForms={},v(a,i)},m=(a="default",i,s,c,d)=>(n.data[a]||_(void 0,a),n.dcnpgettext(a,i,s,c,d)),y=a=>a||"default",Y=(a,i)=>{let s=m(i,void 0,a);return e?(s=e.applyFilters("i18n.gettext",s,a,i),e.applyFilters("i18n.gettext_"+y(i),s,a,i)):s},w=(a,i,s)=>{let c=m(s,i,a);return e?(c=e.applyFilters("i18n.gettext_with_context",c,a,i,s),e.applyFilters("i18n.gettext_with_context_"+y(s),c,a,i,s)):c},k=(a,i,s,c)=>{let d=m(c,void 0,a,i,s);return e?(d=e.applyFilters("i18n.ngettext",d,a,i,s,c),e.applyFilters("i18n.ngettext_"+y(c),d,a,i,s,c)):d},tt=(a,i,s,c,d)=>{let F=m(d,c,a,i,s);return e?(F=e.applyFilters("i18n.ngettext_with_context",F,a,i,s,c,d),e.applyFilters("i18n.ngettext_with_context_"+y(d),F,a,i,s,c,d)):F},rt=()=>w("ltr","text direction")==="rtl",et=(a,i,s)=>{let c=i?i+""+a:a,d=!!n.data?.[s??"default"]?.[c];return e&&(d=e.applyFilters("i18n.has_translation",d,a,i,s),d=e.applyFilters("i18n.has_translation_"+y(s),d,a,i,s)),d};if(t&&v(t,r),e){let a=i=>{vt.test(i)&&l()};e.addAction("hookAdded","core/i18n",a),e.addAction("hookRemoved","core/i18n",a)}return{getLocaleData:f,setLocaleData:v,addLocaleData:V,resetLocaleData:W,subscribe:o,__:Y,_x:w,_n:k,_nx:tt,isRTL:rt,hasTranslation:et}};var C=st($(),1);var p=R(void 0,void 0,C.defaultHooks),H=p,j=p.getLocaleData.bind(p),z=p.setLocaleData.bind(p),U=p.resetLocaleData.bind(p),X=p.subscribe.bind(p),Z=p.__.bind(p),q=p._x.bind(p),G=p._n.bind(p),B=p._nx.bind(p),J=p.isRTL.bind(p),Q=p.hasTranslation.bind(p);return pt(yt);})();
(window.wp ||= {}).i18n = wp.i18n;
})();
</script>
<script id="wp-i18n-js-after">
wp.i18n.setLocaleData( { 'text direction\u0004ltr': [ 'ltr' ] } );
//# sourceURL=wp-i18n-js-after
</script>
<script id="swv-js" defer="defer">(()=>{"use strict";var t={d:(e,i)=>{for(var s in i)t.o(i,s)&&!t.o(e,s)&&Object.defineProperty(e,s,{enumerable:!0,get:i[s]})},o:(t,e)=>Object.prototype.hasOwnProperty.call(t,e),r:t=>{"undefined"!=typeof Symbol&&Symbol.toStringTag&&Object.defineProperty(t,Symbol.toStringTag,{value:"Module"}),Object.defineProperty(t,"__esModule",{value:!0})}},e={};function i(t){if(this.formData={},this.tree={},!(t instanceof FormData))return this;this.formData=t;const e=()=>{const t=new Map;return t.largestIndex=0,t.set=function(e,i){""===e?e=t.largestIndex++:/^[0-9]+$/.test(e)&&(e=parseInt(e),t.largestIndex<=e&&(t.largestIndex=e+1)),Map.prototype.set.call(t,e,i)},t};this.tree=e();const i=/^(?<name>[a-z][-a-z0-9_:]*)(?<array>(?:\[(?:[a-z][-a-z0-9_:]*|[0-9]*)\])*)/i;for(const[t,s]of this.formData){const o=t.match(i);if(o)if(""===o.groups.array)this.tree.set(o.groups.name,s);else{const t=[...o.groups.array.matchAll(/\[([a-z][-a-z0-9_:]*|[0-9]*)\]/gi)].map((([t,e])=>e));t.unshift(o.groups.name);const i=t.pop();t.reduce(((t,i)=>{if(/^[0-9]+$/.test(i)&&(i=parseInt(i)),t.get(i)instanceof Map)return t.get(i);const s=e();return t.set(i,s),s}),this.tree).set(i,s)}}}t.r(e),t.d(e,{all:()=>D,any:()=>M,date:()=>m,dayofweek:()=>u,email:()=>r,enum:()=>h,file:()=>d,maxdate:()=>z,maxfilesize:()=>j,maxitems:()=>v,maxlength:()=>x,maxnumber:()=>y,mindate:()=>A,minfilesize:()=>$,minitems:()=>w,minlength:()=>g,minnumber:()=>b,number:()=>c,required:()=>n,requiredfile:()=>a,stepnumber:()=>I,tel:()=>l,time:()=>f,url:()=>p}),i.prototype.entries=function(){return this.tree.entries()},i.prototype.get=function(t){return this.tree.get(t)},i.prototype.getAll=function(t){if(!this.has(t))return[];const e=t=>{const i=[];if(t instanceof Map)for(const[s,o]of t)i.push(...e(o));else""!==t&&i.push(t);return i};return e(this.get(t))},i.prototype.has=function(t){return this.tree.has(t)},i.prototype.keys=function(){return this.tree.keys()},i.prototype.values=function(){return this.tree.values()};const s=i;function o({rule:t,field:e,error:i,...s}){this.rule=t,this.field=e,this.error=i,this.properties=s}const n=function(t){if(0===t.getAll(this.field).map((t=>t.trim())).filter((t=>""!==t)).length)throw new o(this)},a=function(t){if(0===t.getAll(this.field).length)throw new o(this)},r=function(t){if(!t.getAll(this.field).map((t=>t.trim())).filter((t=>""!==t)).every((t=>{if(t.length<6)return!1;if(-1===t.indexOf("@",1))return!1;if(t.indexOf("@")!==t.lastIndexOf("@"))return!1;const[e,i]=t.split("@",2);if(!/^[a-zA-Z0-9!#$%&\'*+\/=?^_`{|}~\.-]+$/.test(e))return!1;if(/\.{2,}/.test(i))return!1;if(/(?:^[ \t\n\r\0\x0B.]|[ \t\n\r\0\x0B.]$)/.test(i))return!1;const s=i.split(".");if(s.length<2)return!1;for(const t of s){if(/(?:^[ \t\n\r\0\x0B-]|[ \t\n\r\0\x0B-]$)/.test(t))return!1;if(!/^[a-z0-9-]+$/i.test(t))return!1}return!0})))throw new o(this)},p=function(t){const e=t.getAll(this.field).map((t=>t.trim())).filter((t=>""!==t));if(!e.every((t=>{try{return(t=>-1!==["http","https","ftp","ftps","mailto","news","irc","irc6","ircs","gopher","nntp","feed","telnet","mms","rtsp","sms","svn","tel","fax","xmpp","webcal","urn"].indexOf(t))(new URL(t).protocol.replace(/:$/,""))}catch{return!1}})))throw new o(this)},l=function(t){if(!t.getAll(this.field).map((t=>t.trim())).filter((t=>""!==t)).every((t=>(((t=(t=t.replace(/[#*].*$/,"")).replaceAll(/[()/.*#\s-]+/g,"")).startsWith("+")||t.startsWith("00"))&&(t=`+${t.replace(/^[+0]+/,"")}`),!!/^[+]?[0-9]+$/.test(t)&&5<t.length&&t.length<16))))throw new o(this)},c=function(t){if(!t.getAll(this.field).map((t=>t.trim())).filter((t=>""!==t)).every((t=>!!/^[-]?[0-9]+(?:[eE][+-]?[0-9]+)?$/.test(t)||!!/^[-]?(?:[0-9]+)?[.][0-9]+(?:[eE][+-]?[0-9]+)?$/.test(t))))throw new o(this)},m=function(t){if(!t.getAll(this.field).map((t=>t.trim())).filter((t=>""!==t)).every((t=>{if(!/^[0-9]{4,}-[0-9]{2}-[0-9]{2}$/.test(t))return!1;const e=new Date(t);return!Number.isNaN(e.valueOf())})))throw new o(this)},f=function(t){if(!t.getAll(this.field).map((t=>t.trim())).filter((t=>""!==t)).every((t=>{const e=t.match(/^([0-9]{2})\:([0-9]{2})(?:\:([0-9]{2}))?$/);if(!e)return!1;const i=parseInt(e[1]),s=parseInt(e[2]),o=e[3]?parseInt(e[3]):0;return 0<=i&&i<=23&&0<=s&&s<=59&&0<=o&&o<=59})))throw new o(this)},d=function(t){if(!t.getAll(this.field).every((t=>t instanceof File&&this.accept?.some((e=>/^\.[a-z0-9]+$/i.test(e)?t.name.toLowerCase().endsWith(e.toLowerCase()):(t=>{const e=[],i=t.match(/^(?<toplevel>[a-z]+)\/(?<sub>[*]|[a-z0-9.+-]+)$/i);if(i){const t=i.groups.toplevel.toLowerCase(),s=i.groups.sub.toLowerCase();for(const[o,n]of(()=>{const t=new Map;return t.set("jpg|jpeg|jpe","image/jpeg"),t.set("gif","image/gif"),t.set("png","image/png"),t.set("bmp","image/bmp"),t.set("tiff|tif","image/tiff"),t.set("webp","image/webp"),t.set("ico","image/x-icon"),t.set("heic","image/heic"),t.set("asf|asx","video/x-ms-asf"),t.set("wmv","video/x-ms-wmv"),t.set("wmx","video/x-ms-wmx"),t.set("wm","video/x-ms-wm"),t.set("avi","video/avi"),t.set("divx","video/divx"),t.set("flv","video/x-flv"),t.set("mov|qt","video/quicktime"),t.set("mpeg|mpg|mpe","video/mpeg"),t.set("mp4|m4v","video/mp4"),t.set("ogv","video/ogg"),t.set("webm","video/webm"),t.set("mkv","video/x-matroska"),t.set("3gp|3gpp","video/3gpp"),t.set("3g2|3gp2","video/3gpp2"),t.set("txt|asc|c|cc|h|srt","text/plain"),t.set("csv","text/csv"),t.set("tsv","text/tab-separated-values"),t.set("ics","text/calendar"),t.set("rtx","text/richtext"),t.set("css","text/css"),t.set("htm|html","text/html"),t.set("vtt","text/vtt"),t.set("dfxp","application/ttaf+xml"),t.set("mp3|m4a|m4b","audio/mpeg"),t.set("aac","audio/aac"),t.set("ra|ram","audio/x-realaudio"),t.set("wav","audio/wav"),t.set("ogg|oga","audio/ogg"),t.set("flac","audio/flac"),t.set("mid|midi","audio/midi"),t.set("wma","audio/x-ms-wma"),t.set("wax","audio/x-ms-wax"),t.set("mka","audio/x-matroska"),t.set("rtf","application/rtf"),t.set("js","application/javascript"),t.set("pdf","application/pdf"),t.set("swf","application/x-shockwave-flash"),t.set("class","application/java"),t.set("tar","application/x-tar"),t.set("zip","application/zip"),t.set("gz|gzip","application/x-gzip"),t.set("rar","application/rar"),t.set("7z","application/x-7z-compressed"),t.set("exe","application/x-msdownload"),t.set("psd","application/octet-stream"),t.set("xcf","application/octet-stream"),t.set("doc","application/msword"),t.set("pot|pps|ppt","application/vnd.ms-powerpoint"),t.set("wri","application/vnd.ms-write"),t.set("xla|xls|xlt|xlw","application/vnd.ms-excel"),t.set("mdb","application/vnd.ms-access"),t.set("mpp","application/vnd.ms-project"),t.set("docx","application/vnd.openxmlformats-officedocument.wordprocessingml.document"),t.set("docm","application/vnd.ms-word.document.macroEnabled.12"),t.set("dotx","application/vnd.openxmlformats-officedocument.wordprocessingml.template"),t.set("dotm","application/vnd.ms-word.template.macroEnabled.12"),t.set("xlsx","application/vnd.openxmlformats-officedocument.spreadsheetml.sheet"),t.set("xlsm","application/vnd.ms-excel.sheet.macroEnabled.12"),t.set("xlsb","application/vnd.ms-excel.sheet.binary.macroEnabled.12"),t.set("xltx","application/vnd.openxmlformats-officedocument.spreadsheetml.template"),t.set("xltm","application/vnd.ms-excel.template.macroEnabled.12"),t.set("xlam","application/vnd.ms-excel.addin.macroEnabled.12"),t.set("pptx","application/vnd.openxmlformats-officedocument.presentationml.presentation"),t.set("pptm","application/vnd.ms-powerpoint.presentation.macroEnabled.12"),t.set("ppsx","application/vnd.openxmlformats-officedocument.presentationml.slideshow"),t.set("ppsm","application/vnd.ms-powerpoint.slideshow.macroEnabled.12"),t.set("potx","application/vnd.openxmlformats-officedocument.presentationml.template"),t.set("potm","application/vnd.ms-powerpoint.template.macroEnabled.12"),t.set("ppam","application/vnd.ms-powerpoint.addin.macroEnabled.12"),t.set("sldx","application/vnd.openxmlformats-officedocument.presentationml.slide"),t.set("sldm","application/vnd.ms-powerpoint.slide.macroEnabled.12"),t.set("onetoc|onetoc2|onetmp|onepkg","application/onenote"),t.set("oxps","application/oxps"),t.set("xps","application/vnd.ms-xpsdocument"),t.set("odt","application/vnd.oasis.opendocument.text"),t.set("odp","application/vnd.oasis.opendocument.presentation"),t.set("ods","application/vnd.oasis.opendocument.spreadsheet"),t.set("odg","application/vnd.oasis.opendocument.graphics"),t.set("odc","application/vnd.oasis.opendocument.chart"),t.set("odb","application/vnd.oasis.opendocument.database"),t.set("odf","application/vnd.oasis.opendocument.formula"),t.set("wp|wpd","application/wordperfect"),t.set("key","application/vnd.apple.keynote"),t.set("numbers","application/vnd.apple.numbers"),t.set("pages","application/vnd.apple.pages"),t})())("*"===s&&n.startsWith(t+"/")||n===i[0])&&e.push(...o.split("|"))}return e})(e).some((e=>(e="."+e.trim(),t.name.toLowerCase().endsWith(e.toLowerCase())))))))))throw new o(this)},h=function(t){if(!t.getAll(this.field).map((t=>t.trim())).filter((t=>""!==t)).every((t=>this.accept?.some((e=>t===String(e))))))throw new o(this)},u=function(t){if(!t.getAll(this.field).map((t=>t.trim())).filter((t=>""!==t)).every((t=>{const e=0===(i=new Date(t).getDay())?7:i;var i;return this.accept?.some((t=>e===parseInt(t)))})))throw new o(this)},w=function(t){if(t.getAll(this.field).map((t=>t.trim())).filter((t=>""!==t)).length<parseInt(this.threshold))throw new o(this)},v=function(t){const e=t.getAll(this.field).map((t=>t.trim())).filter((t=>""!==t));if(parseInt(this.threshold)<e.length)throw new o(this)},g=function(t){const e=t.getAll(this.field).map((t=>t.trim())).filter((t=>""!==t));let i=0;if(e.forEach((t=>{"string"==typeof t&&(i+=t.length)})),0!==i&&i<parseInt(this.threshold))throw new o(this)},x=function(t){const e=t.getAll(this.field).map((t=>t.trim())).filter((t=>""!==t));let i=0;if(e.forEach((t=>{"string"==typeof t&&(i+=t.length)})),parseInt(this.threshold)<i)throw new o(this)},b=function(t){if(!t.getAll(this.field).map((t=>t.trim())).filter((t=>""!==t)).every((t=>!(parseFloat(t)<parseFloat(this.threshold)))))throw new o(this)},y=function(t){if(!t.getAll(this.field).map((t=>t.trim())).filter((t=>""!==t)).every((t=>!(parseFloat(this.threshold)<parseFloat(t)))))throw new o(this)},A=function(t){if(!t.getAll(this.field).map((t=>t.trim())).filter((t=>""!==t)).every((t=>!(/^[0-9]{4,}-[0-9]{2}-[0-9]{2}$/.test(t)&&/^[0-9]{4,}-[0-9]{2}-[0-9]{2}$/.test(this.threshold)&&t<this.threshold))))throw new o(this)},z=function(t){if(!t.getAll(this.field).map((t=>t.trim())).filter((t=>""!==t)).every((t=>!(/^[0-9]{4,}-[0-9]{2}-[0-9]{2}$/.test(t)&&/^[0-9]{4,}-[0-9]{2}-[0-9]{2}$/.test(this.threshold)&&this.threshold<t))))throw new o(this)},$=function(t){const e=t.getAll(this.field);let i=0;if(e.forEach((t=>{t instanceof File&&(i+=t.size)})),i<parseInt(this.threshold))throw new o(this)},j=function(t){const e=t.getAll(this.field);let i=0;if(e.forEach((t=>{t instanceof File&&(i+=t.size)})),parseInt(this.threshold)<i)throw new o(this)},I=function(t){const e=t.getAll(this.field).map((t=>t.trim())).filter((t=>""!==t)),i=parseFloat(this.base),s=parseFloat(this.interval);if(!(0<s))return!0;if(!e.every((t=>{const e=(parseFloat(t)-i)%s;return"0.000000"===Math.abs(e).toFixed(6)||"0.000000"===Math.abs(e-s).toFixed(6)})))throw new o(this)},O=({ruleObj:t,options:i})=>{const{rule:s,...o}=t;return"function"==typeof e[s]&&("function"!=typeof e[s].matches||e[s].matches(o,i))},E=({ruleObj:t,formDataTree:i,options:s})=>{const{rule:o}=t;e[o].call(t,i,s)},k=[],F=t=>[...k].reduce(((t,e)=>i=>e(i,t)),t),D=function(t,e={}){const i=(this.rules??[]).filter((t=>O({ruleObj:t,options:e}))),s=F(E);if(!i.every((i=>{try{s({ruleObj:i,formDataTree:t,options:e})}catch(t){if(!(t instanceof o))throw t;if(void 0!==t.error)throw t;return!1}return!0})))throw new o(this)},M=function(t,e={}){const i=(this.rules??[]).filter((t=>O({ruleObj:t,options:e}))),s=F(E);if(!i.some((i=>{try{s({ruleObj:i,formDataTree:t,options:e})}catch(t){if(!(t instanceof o))throw t;return!1}return!0})))throw new o(this)};var L;window.swv={validators:e,validate:(t,e,i={})=>{const n=(t.rules??[]).filter((t=>O({ruleObj:t,options:i})));if(!n.length)return new Map;const a=F(E),r=new s(e),p=n.reduce(((t,e)=>{try{a({ruleObj:e,formDataTree:r,options:i})}catch(e){if(!(e instanceof o))throw e;if(void 0!==e.field&&!t.has(e.field)&&void 0!==e.error)return t.set(e.field,e)}return t}),new Map);for(const t of r.keys())p.has(t)||p.set(t,{validInputs:r.getAll(t)});return p},use:t=>{k.push(t)},...null!==(L=window.swv)&&void 0!==L?L:{}}})();</script>
<script id="contact-form-7-js-before">
var wpcf7 = {
    "api": {
        "root": "https:\/\/manoir.themerex.net\/wp-json\/",
        "namespace": "contact-form-7\/v1"
    }
};
//# sourceURL=contact-form-7-js-before
</script>
<script id="contact-form-7-js" defer="defer">(()=>{"use strict";const e=window.wp.i18n,t=e=>Math.abs(parseInt(e,10)),a=(e,t,a)=>{const n=new CustomEvent(`wpcf7${t}`,{bubbles:!0,detail:a});"string"==typeof e&&(e=document.querySelector(e)),e.dispatchEvent(n)},n=(e,t)=>{const n=new Map([["init","init"],["validation_failed","invalid"],["acceptance_missing","unaccepted"],["spam","spam"],["aborted","aborted"],["mail_sent","sent"],["mail_failed","failed"],["submitting","submitting"],["resetting","resetting"],["validating","validating"],["payment_required","payment-required"]]);n.has(t)&&(t=n.get(t)),Array.from(n.values()).includes(t)||(t=`custom-${t=(t=t.replace(/[^0-9a-z]+/i," ").trim()).replace(/\s+/,"-")}`);const r=e.getAttribute("data-status");if(e.wpcf7.status=t,e.setAttribute("data-status",t),e.classList.add(t),r&&r!==t){e.classList.remove(r);const t={contactFormId:e.wpcf7.id,pluginVersion:e.wpcf7.pluginVersion,contactFormLocale:e.wpcf7.locale,unitTag:e.wpcf7.unitTag,containerPostId:e.wpcf7.containerPost,status:e.wpcf7.status,prevStatus:r};a(e,"statuschanged",t)}return t},r=e=>{const{root:t,namespace:a="contact-form-7/v1"}=wpcf7.api;return c.reduceRight(((e,t)=>a=>t(a,e)),(e=>{let n,r,{url:c,path:o,endpoint:s,headers:i,body:l,data:p,...d}=e;"string"==typeof s&&(n=a.replace(/^\/|\/$/g,""),r=s.replace(/^\//,""),o=r?n+"/"+r:n),"string"==typeof o&&(-1!==t.indexOf("?")&&(o=o.replace("?","&")),o=o.replace(/^\//,""),c=t+o),i={Accept:"application/json, */*;q=0.1",...i},delete i["X-WP-Nonce"],p&&(l=JSON.stringify(p),i["Content-Type"]="application/json");const f={code:"fetch_error",message:"You are probably offline."},u={code:"invalid_json",message:"The response is not a valid JSON response."};return window.fetch(c||o||window.location.href,{...d,headers:i,body:l}).then((e=>Promise.resolve(e).then((e=>{if(e.status>=200&&e.status<300)return e;throw e})).then((e=>{if(204===e.status)return null;if(e&&e.json)return e.json().catch((()=>{throw u}));throw u}))),(()=>{throw f}))}))(e)},c=[];function o(e,t={}){const{target:a,scope:r=e,...c}=t;if(void 0===e.wpcf7?.schema)return;const o={...e.wpcf7.schema};if(void 0!==a){if(!e.contains(a))return;if(!a.closest(".wpcf7-form-control-wrap[data-name]"))return;if(a.closest(".novalidate"))return}const p=r.querySelectorAll(".wpcf7-form-control-wrap"),d=Array.from(p).reduce(((e,t)=>(t.closest(".novalidate")||t.querySelectorAll(":where( input, textarea, select ):enabled").forEach((t=>{if(t.name)switch(t.type){case"button":case"image":case"reset":case"submit":break;case"checkbox":case"radio":t.checked&&e.append(t.name,t.value);break;case"select-multiple":for(const a of t.selectedOptions)e.append(t.name,a.value);break;case"file":for(const a of t.files)e.append(t.name,a);break;default:e.append(t.name,t.value)}})),e)),new FormData),f=e.getAttribute("data-status");Promise.resolve(n(e,"validating")).then((n=>{if(void 0!==swv){const n=swv.validate(o,d,t);for(const t of p){if(void 0===t.dataset.name)continue;const c=t.dataset.name;if(n.has(c)){const{error:t,validInputs:a}=n.get(c);i(e,c),void 0!==t&&s(e,c,t,{scope:r}),l(e,c,null!=a?a:[])}if(t.contains(a))break}}})).finally((()=>{n(e,f)}))}r.use=e=>{c.unshift(e)};const s=(e,t,a,n)=>{const{scope:r=e,...c}=null!=n?n:{},o=`${e.wpcf7?.unitTag}-ve-${t}`.replaceAll(/[^0-9a-z_-]+/gi,""),s=e.querySelector(`.wpcf7-form-control-wrap[data-name="${t}"] .wpcf7-form-control`);(()=>{const t=document.createElement("li");t.setAttribute("id",o),s&&s.id?t.insertAdjacentHTML("beforeend",`<a href="#${s.id}">${a}</a>`):t.insertAdjacentText("beforeend",a),e.wpcf7.parent.querySelector(".screen-reader-response ul").appendChild(t)})(),r.querySelectorAll(`.wpcf7-form-control-wrap[data-name="${t}"]`).forEach((e=>{const t=document.createElement("span");t.classList.add("wpcf7-not-valid-tip"),t.setAttribute("aria-hidden","true"),t.insertAdjacentText("beforeend",a),e.appendChild(t),e.querySelectorAll("[aria-invalid]").forEach((e=>{e.setAttribute("aria-invalid","true")})),e.querySelectorAll(".wpcf7-form-control").forEach((e=>{e.classList.add("wpcf7-not-valid"),e.setAttribute("aria-describedby",o),"function"==typeof e.setCustomValidity&&e.setCustomValidity(a),e.closest(".use-floating-validation-tip")&&(e.addEventListener("focus",(e=>{t.setAttribute("style","display: none")})),t.addEventListener("click",(e=>{t.setAttribute("style","display: none")})))}))}))},i=(e,t)=>{const a=`${e.wpcf7?.unitTag}-ve-${t}`.replaceAll(/[^0-9a-z_-]+/gi,"");e.wpcf7.parent.querySelector(`.screen-reader-response ul li#${a}`)?.remove(),e.querySelectorAll(`.wpcf7-form-control-wrap[data-name="${t}"]`).forEach((e=>{e.querySelector(".wpcf7-not-valid-tip")?.remove(),e.querySelectorAll("[aria-invalid]").forEach((e=>{e.setAttribute("aria-invalid","false")})),e.querySelectorAll(".wpcf7-form-control").forEach((e=>{e.removeAttribute("aria-describedby"),e.classList.remove("wpcf7-not-valid"),"function"==typeof e.setCustomValidity&&e.setCustomValidity("")}))}))},l=(e,t,a)=>{e.querySelectorAll(`[data-reflection-of="${t}"]`).forEach((e=>{if("output"===e.tagName.toLowerCase()){const t=e;0===a.length&&a.push(t.dataset.default),a.slice(0,1).forEach((e=>{e instanceof File&&(e=e.name),t.textContent=e}))}else e.querySelectorAll("output").forEach((e=>{e.hasAttribute("data-default")?0===a.length?e.removeAttribute("hidden"):e.setAttribute("hidden","hidden"):e.remove()})),a.forEach((a=>{a instanceof File&&(a=a.name);const n=document.createElement("output");n.setAttribute("name",t),n.textContent=a,e.appendChild(n)}))}))};function p(e,t={}){if(wpcf7.blocked)return d(e),void n(e,"submitting");const c=new FormData(e);t.submitter&&t.submitter.name&&c.append(t.submitter.name,t.submitter.value);const o={contactFormId:e.wpcf7.id,pluginVersion:e.wpcf7.pluginVersion,contactFormLocale:e.wpcf7.locale,unitTag:e.wpcf7.unitTag,containerPostId:e.wpcf7.containerPost,status:e.wpcf7.status,inputs:Array.from(c,(e=>{const t=e[0],a=e[1];return!t.match(/^_/)&&{name:t,value:a}})).filter((e=>!1!==e)),formData:c};r({endpoint:`contact-forms/${e.wpcf7.id}/feedback`,method:"POST",body:c,wpcf7:{endpoint:"feedback",form:e,detail:o}}).then((t=>{const r=n(e,t.status);return o.status=t.status,o.apiResponse=t,["invalid","unaccepted","spam","aborted"].includes(r)?a(e,r,o):["sent","failed"].includes(r)&&a(e,`mail${r}`,o),a(e,"submit",o),t})).then((t=>{t.posted_data_hash&&(e.querySelector('input[name="_wpcf7_posted_data_hash"]').value=t.posted_data_hash),"mail_sent"===t.status&&(e.reset(),e.wpcf7.resetOnMailSent=!0),t.invalid_fields&&t.invalid_fields.forEach((t=>{s(e,t.field,t.message)})),e.wpcf7.parent.querySelector('.screen-reader-response [role="status"]').insertAdjacentText("beforeend",t.message),e.querySelectorAll(".wpcf7-response-output").forEach((e=>{e.innerText=t.message}))})).catch((e=>console.error(e)))}r.use(((e,t)=>{if(e.wpcf7&&"feedback"===e.wpcf7.endpoint){const{form:t,detail:r}=e.wpcf7;d(t),a(t,"beforesubmit",r),n(t,"submitting")}return t(e)}));const d=e=>{e.querySelectorAll(".wpcf7-form-control-wrap").forEach((t=>{t.dataset.name&&i(e,t.dataset.name)})),e.wpcf7.parent.querySelector('.screen-reader-response [role="status"]').innerText="",e.querySelectorAll(".wpcf7-response-output").forEach((e=>{e.innerText=""}))};function f(e){const t=new FormData(e),c={contactFormId:e.wpcf7.id,pluginVersion:e.wpcf7.pluginVersion,contactFormLocale:e.wpcf7.locale,unitTag:e.wpcf7.unitTag,containerPostId:e.wpcf7.containerPost,status:e.wpcf7.status,inputs:Array.from(t,(e=>{const t=e[0],a=e[1];return!t.match(/^_/)&&{name:t,value:a}})).filter((e=>!1!==e)),formData:t};r({endpoint:`contact-forms/${e.wpcf7.id}/refill`,method:"GET",wpcf7:{endpoint:"refill",form:e,detail:c}}).then((t=>{e.wpcf7.resetOnMailSent?(delete e.wpcf7.resetOnMailSent,n(e,"mail_sent")):n(e,"init"),c.apiResponse=t,a(e,"reset",c)})).catch((e=>console.error(e)))}r.use(((e,t)=>{if(e.wpcf7&&"refill"===e.wpcf7.endpoint){const{form:t,detail:a}=e.wpcf7;d(t),n(t,"resetting")}return t(e)}));const u=(e,t)=>{for(const a in t){const n=t[a];e.querySelectorAll(`input[name="${a}"]`).forEach((e=>{e.value=""})),e.querySelectorAll(`img.wpcf7-captcha-${a.replaceAll(":","")}`).forEach((e=>{e.setAttribute("src",n)}));const r=/([0-9]+)\.(png|gif|jpeg)$/.exec(n);r&&e.querySelectorAll(`input[name="_wpcf7_captcha_challenge_${a}"]`).forEach((e=>{e.value=r[1]}))}},m=(e,t)=>{for(const a in t){const n=t[a][0],r=t[a][1];e.querySelectorAll(`.wpcf7-form-control-wrap[data-name="${a}"]`).forEach((e=>{e.querySelector(`input[name="${a}"]`).value="",e.querySelector(".wpcf7-quiz-label").textContent=n,e.querySelector(`input[name="_wpcf7_quiz_answer_${a}"]`).value=r}))}};function w(e){const a=new FormData(e);e.wpcf7={id:t(a.get("_wpcf7")),status:e.getAttribute("data-status"),pluginVersion:a.get("_wpcf7_version"),locale:a.get("_wpcf7_locale"),unitTag:a.get("_wpcf7_unit_tag"),containerPost:t(a.get("_wpcf7_container_post")),parent:e.closest(".wpcf7"),get schema(){return wpcf7.schemas.get(this.id)}},wpcf7.schemas.set(e.wpcf7.id,void 0),e.querySelectorAll(".has-spinner").forEach((e=>{e.insertAdjacentHTML("afterend",'<span class="wpcf7-spinner"></span>')})),(e=>{e.querySelectorAll(".wpcf7-exclusive-checkbox").forEach((t=>{t.addEventListener("change",(t=>{const a=t.target.getAttribute("name");e.querySelectorAll(`input[type="checkbox"][name="${a}"]`).forEach((e=>{e!==t.target&&(e.checked=!1)}))}))}))})(e),(e=>{e.querySelectorAll(".has-free-text").forEach((t=>{const a=t.querySelector("input.wpcf7-free-text"),n=t.querySelector('input[type="checkbox"], input[type="radio"]');a.disabled=!n.checked,e.addEventListener("change",(e=>{a.disabled=!n.checked,e.target===n&&n.checked&&a.focus()}))}))})(e),(e=>{e.querySelectorAll(".wpcf7-validates-as-url").forEach((e=>{e.addEventListener("change",(t=>{let a=e.value.trim();a&&!a.match(/^[a-z][a-z0-9.+-]*:/i)&&-1!==a.indexOf(".")&&(a=a.replace(/^\/+/,""),a="http://"+a),e.value=a}))}))})(e),(e=>{if(!e.querySelector(".wpcf7-acceptance")||e.classList.contains("wpcf7-acceptance-as-validation"))return;const t=()=>{let t=!0;e.querySelectorAll(".wpcf7-acceptance").forEach((e=>{if(!t||e.classList.contains("optional"))return;const a=e.querySelector('input[type="checkbox"]');(e.classList.contains("invert")&&a.checked||!e.classList.contains("invert")&&!a.checked)&&(t=!1)})),e.querySelectorAll(".wpcf7-submit").forEach((e=>{e.disabled=!t}))};t(),e.addEventListener("change",(e=>{t()})),e.addEventListener("wpcf7reset",(e=>{t()}))})(e),(e=>{const a=(e,a)=>{const n=t(e.getAttribute("data-starting-value")),r=t(e.getAttribute("data-maximum-value")),c=t(e.getAttribute("data-minimum-value")),o=e.classList.contains("down")?n-a.value.trim().length:a.value.trim().length;e.setAttribute("data-current-value",o),e.innerText=o,r&&r<a.value.length?e.classList.add("too-long"):e.classList.remove("too-long"),c&&a.value.length<c?e.classList.add("too-short"):e.classList.remove("too-short")},n=t=>{t={init:!1,...t},e.querySelectorAll(".wpcf7-character-count").forEach((n=>{const r=n.getAttribute("data-target-name"),c=e.querySelector(`[name="${r}"]`);c&&(c.value=c.defaultValue,a(n,c),t.init&&c.addEventListener("keyup",(e=>{a(n,c)})))}))};n({init:!0}),e.addEventListener("wpcf7reset",(e=>{n()}))})(e),window.addEventListener("load",(t=>{wpcf7.cached&&e.reset()})),e.addEventListener("reset",(t=>{wpcf7.reset(e)})),e.addEventListener("submit",(t=>{wpcf7.submit(e,{submitter:t.submitter}),t.preventDefault()})),e.addEventListener("wpcf7submit",(t=>{t.detail.apiResponse.captcha&&u(e,t.detail.apiResponse.captcha),t.detail.apiResponse.quiz&&m(e,t.detail.apiResponse.quiz)})),e.addEventListener("wpcf7reset",(t=>{t.detail.apiResponse.captcha&&u(e,t.detail.apiResponse.captcha),t.detail.apiResponse.quiz&&m(e,t.detail.apiResponse.quiz)})),e.addEventListener("change",(t=>{t.target.closest(".wpcf7-form-control")&&wpcf7.validate(e,{target:t.target})})),e.addEventListener("wpcf7statuschanged",(t=>{const a=t.detail.status;e.querySelectorAll(".active-on-any").forEach((e=>{e.removeAttribute("inert"),e.classList.remove("active-on-any")})),e.querySelectorAll(`.inert-on-${a}`).forEach((e=>{e.setAttribute("inert","inert"),e.classList.add("active-on-any")}))}))}document.addEventListener("DOMContentLoaded",(t=>{var a;if("undefined"!=typeof wpcf7)if(void 0!==wpcf7.api)if("function"==typeof window.fetch)if("function"==typeof window.FormData)if("function"==typeof NodeList.prototype.forEach)if("function"==typeof String.prototype.replaceAll){wpcf7={init:w,submit:p,reset:f,validate:o,schemas:new Map,...null!==(a=wpcf7)&&void 0!==a?a:{}},document.querySelectorAll("form .wpcf7[data-wpcf7-id]").forEach((t=>{const a=document.createElement("p");a.setAttribute("class","wpcf7-form-in-wrong-place");const n=document.createElement("strong");n.append((0,e.__)("Error:","contact-form-7"));const r=(0,e.__)("This contact form is placed in the wrong place.","contact-form-7");a.append(n," ",r),t.replaceWith(a)})),document.querySelectorAll(".wpcf7 > form").forEach((e=>{wpcf7.init(e),e.closest(".wpcf7").classList.replace("no-js","js")}));for(const e of wpcf7.schemas.keys())r({endpoint:`contact-forms/${e}/feedback/schema`,method:"GET"}).then((t=>{wpcf7.schemas.set(e,t)}))}else console.error("Your browser does not support String.replaceAll().");else console.error("Your browser does not support NodeList.forEach().");else console.error("Your browser does not support window.FormData().");else console.error("Your browser does not support window.fetch().");else console.error("wpcf7.api is not defined.");else console.error("wpcf7 is not defined.")}))})();</script>
<script async="" id="tp-tools-js" defer="defer">!function(t){var e={};function n(r){if(e[r])return e[r].exports;var i=e[r]={i:r,l:!1,exports:{}};return t[r].call(i.exports,i,i.exports,n),i.l=!0,i.exports}n.m=t,n.c=e,n.d=function(t,e,r){n.o(t,e)||Object.defineProperty(t,e,{enumerable:!0,get:r})},n.r=function(t){"undefined"!=typeof Symbol&&Symbol.toStringTag&&Object.defineProperty(t,Symbol.toStringTag,{value:"Module"}),Object.defineProperty(t,"__esModule",{value:!0})},n.t=function(t,e){if(1&e&&(t=n(t)),8&e)return t;if(4&e&&"object"==typeof t&&t&&t.__esModule)return t;var r=Object.create(null);if(n.r(r),Object.defineProperty(r,"default",{enumerable:!0,value:t}),2&e&&"string"!=typeof t)for(var i in t)n.d(r,i,function(e){return t[e]}.bind(null,i));return r},n.n=function(t){var e=t&&t.__esModule?function(){return t.default}:function(){return t};return n.d(e,"a",e),e},n.o=function(t,e){return Object.prototype.hasOwnProperty.call(t,e)},n.p="",n(n.s=1)}([function(t,e){t.exports=jQuery},function(t,e,n){n(2),n(6),t.exports=n(4)},function(t,e,n){var r,i,o,s;
/*!
 * @fileOverview TouchSwipe - jQuery Plugin @version 1.6.18 / SANDBOXED VERSION FOR TP
 * @author Matt Bryson http://www.github.com/mattbryson
 * @see https://github.com/mattbryson/TouchSwipe-Jquery-Plugin
 * @see http://labs.rampinteractive.co.uk/touchSwipe/
 * @see http://plugins.jquery.com/project/touchSwipe
 * @license
 * Copyright (c) 2010-2015 Matt Bryson
 * Dual licensed under the MIT or GPL Version 2 licenses.
 *
 */s=function(t){"use strict";var e="left",n="right",r="up",i="down",o="none",s="doubletap",a="longtap",u="horizontal",l="vertical",h="all",c="move",f="end",p="cancel",d="ontouchstart"in window,g=window.navigator.msPointerEnabled&&!window.PointerEvent&&!d,D=(window.PointerEvent||window.navigator.msPointerEnabled)&&!d,m="TouchSwipe";function v(v,_){_=t.extend({},_);var y=d||D||!_.fallbackToMouseEvents,x=y?D?g?"MSPointerDown":"pointerdown":"touchstart":"mousedown",w=y?D?g?"MSPointerMove":"pointermove":"touchmove":"mousemove",C=y?D?g?"MSPointerUp":"pointerup":"touchend":"mouseup",F=y?D?"mouseleave":null:"mouseleave",E=D?g?"MSPointerCancel":"pointercancel":"touchcancel",b=0,T=null,M=null,A=0,P=0,S=0,O=1,k=0,B=0,L=null,N=t(v),R="start",X=0,Y={},I=0,z=0,H=0,W=0,V=0,j=null,U=null;try{N.on(x,q),N.on(E,Q)}catch(v){t.error("events not supported "+x+","+E+" on jQuery.swipe")}function q(o){if(!0!==N.data(m+"_intouch")&&!(0<t(o.target).closest(_.excludedElements,N).length)){var s=o.originalEvent?o.originalEvent:o;if(!s.pointerType||"mouse"!=s.pointerType||0!=_.fallbackToMouseEvents){var a,u,l=s.touches,c=l?l[0]:s;return R="start",l?X=l.length:!1!==_.preventDefaultEvents&&o.preventDefault(),B=M=T=null,O=1,k=S=P=A=b=0,(u={})[e]=yt(e),u[n]=yt(n),u.up=yt(r),u[i]=yt(i),L=u,dt(),mt(0,c),!l||X===_.fingers||_.fingers===h||st()?(I=Ft(),2==X&&(mt(1,l[1]),P=S=wt(Y[0].start,Y[1].start)),(_.swipeStatus||_.pinchStatus)&&(a=tt(s,R))):a=!1,!1===a?(tt(s,R=p),a):(_.hold&&(U=setTimeout(t.proxy((function(){N.trigger("hold",[s.target]),_.hold&&(a=_.hold.call(N,s,s.target))}),this),_.longTapThreshold)),Dt(!0),null)}}}function G(s){var a=s.originalEvent?s.originalEvent:s;if(R!==f&&R!==p&&!gt()){var d,g,D,m,v,y,x,w=a.touches,C=vt(w?w[0]:a);if(z=Ft(),w&&(X=w.length),_.hold&&clearTimeout(U),R=c,2==X&&(0==P?(mt(1,w[1]),P=S=wt(Y[0].start,Y[1].start)):(vt(w[1]),S=wt(Y[0].end,Y[1].end),Y[0].end,Y[1].end,B=O<1?"out":"in"),O=(S/P*1).toFixed(2),k=Math.abs(P-S)),X===_.fingers||_.fingers===h||!w||st()){if(T=Ct(C.start,C.end),function(t,s){if(!1!==_.preventDefaultEvents)if(_.allowPageScroll===o)t.preventDefault();else{var a="auto"===_.allowPageScroll;switch(s){case e:(_.swipeLeft&&a||!a&&_.allowPageScroll!=u)&&t.preventDefault();break;case n:(_.swipeRight&&a||!a&&_.allowPageScroll!=u)&&t.preventDefault();break;case r:(_.swipeUp&&a||!a&&_.allowPageScroll!=l)&&t.preventDefault();break;case i:(_.swipeDown&&a||!a&&_.allowPageScroll!=l)&&t.preventDefault()}}}(s,M=Ct(C.last,C.end)),y=C.start,x=C.end,b=Math.round(Math.sqrt(Math.pow(x.x-y.x,2)+Math.pow(x.y-y.y,2))),A=xt(),function(t,e){t!=o&&(e=Math.max(e,_t(t)),L[t].distance=e)}(T,b),d=tt(a,R),!_.triggerOnTouchEnd||_.triggerOnTouchLeave){var F=!0;_.triggerOnTouchLeave&&(D={left:(v=(m=t(m=this)).offset()).left,right:v.left+m.outerWidth(),top:v.top,bottom:v.top+m.outerHeight()},F=(g=C.end).x>D.left&&g.x<D.right&&g.y>D.top&&g.y<D.bottom),!_.triggerOnTouchEnd&&F?R=J(c):_.triggerOnTouchLeave&&!F&&(R=J(f)),R!=p&&R!=f||tt(a,R)}}else tt(a,R=p);!1===d&&tt(a,R=p)}}function K(t){var e,n=t.originalEvent?t.originalEvent:t,r=n.touches;if(r){if(r.length&&!gt())return e=n,H=Ft(),W=e.touches.length+1,!0;if(r.length&&gt())return!0}return gt()&&(X=W),z=Ft(),A=xt(),rt()||!nt()?tt(n,R=p):_.triggerOnTouchEnd||!1===_.triggerOnTouchEnd&&R===c?(!1!==_.preventDefaultEvents&&!1!==t.cancelable&&t.preventDefault(),tt(n,R=f)):!_.triggerOnTouchEnd&&ct()?et(n,R=f,"tap"):R===c&&tt(n,R=p),Dt(!1),null}function Q(){S=P=I=z=X=0,O=1,dt(),Dt(!1)}function Z(t){var e=t.originalEvent?t.originalEvent:t;_.triggerOnTouchLeave&&tt(e,R=J(f))}function $(){N.off(x,q),N.off(E,Q),N.off(w,G),N.off(C,K),F&&N.off(F,Z),Dt(!1)}function J(t){var e=t,n=it(),r=nt(),i=rt();return!n||i?e=p:!r||t!=c||_.triggerOnTouchEnd&&!_.triggerOnTouchLeave?!r&&t==f&&_.triggerOnTouchLeave&&(e=p):e=f,e}function tt(t,e){var n,r=t.touches;return(at()&&ut()||ut())&&(n=et(t,e,"swipe")),(ot()&&st()||st())&&!1!==n&&(n=et(t,e,"pinch")),pt()&&ft()&&!1!==n?n=et(t,e,s):A>_.longTapThreshold&&b<10&&_.longTap&&!1!==n?n=et(t,e,a):1!==X&&d||!(isNaN(b)||b<_.threshold)||!ct()||!1===n||(n=et(t,e,"tap")),e===p&&Q(),e===f&&(r&&r.length||Q()),n}function et(o,u,l){var h;if("swipe"==l){if(N.trigger("swipeStatus",[u,T||null,b||0,A||0,X,Y,M]),_.swipeStatus&&!1===(h=_.swipeStatus.call(N,o,u,T||null,b||0,A||0,X,Y,M)))return!1;if(u==f&&at()){if(clearTimeout(j),clearTimeout(U),N.trigger("swipe",[T,b,A,X,Y,M]),_.swipe&&!1===(h=_.swipe.call(N,o,T,b,A,X,Y,M)))return!1;switch(T){case e:N.trigger("swipeLeft",[T,b,A,X,Y,M]),_.swipeLeft&&(h=_.swipeLeft.call(N,o,T,b,A,X,Y,M));break;case n:N.trigger("swipeRight",[T,b,A,X,Y,M]),_.swipeRight&&(h=_.swipeRight.call(N,o,T,b,A,X,Y,M));break;case r:N.trigger("swipeUp",[T,b,A,X,Y,M]),_.swipeUp&&(h=_.swipeUp.call(N,o,T,b,A,X,Y,M));break;case i:N.trigger("swipeDown",[T,b,A,X,Y,M]),_.swipeDown&&(h=_.swipeDown.call(N,o,T,b,A,X,Y,M))}}}if("pinch"==l){if(N.trigger("pinchStatus",[u,B||null,k||0,A||0,X,O,Y]),_.pinchStatus&&!1===(h=_.pinchStatus.call(N,o,u,B||null,k||0,A||0,X,O,Y)))return!1;if(u==f&&ot())switch(B){case"in":N.trigger("pinchIn",[B||null,k||0,A||0,X,O,Y]),_.pinchIn&&(h=_.pinchIn.call(N,o,B||null,k||0,A||0,X,O,Y));break;case"out":N.trigger("pinchOut",[B||null,k||0,A||0,X,O,Y]),_.pinchOut&&(h=_.pinchOut.call(N,o,B||null,k||0,A||0,X,O,Y))}}return"tap"==l?u!==p&&u!==f||(clearTimeout(j),clearTimeout(U),ft()&&!pt()?(V=Ft(),j=setTimeout(t.proxy((function(){V=null,N.trigger("tap",[o.target]),_.tap&&(h=_.tap.call(N,o,o.target))}),this),_.doubleTapThreshold)):(V=null,N.trigger("tap",[o.target]),_.tap&&(h=_.tap.call(N,o,o.target)))):l==s?u!==p&&u!==f||(clearTimeout(j),clearTimeout(U),V=null,N.trigger("doubletap",[o.target]),_.doubleTap&&(h=_.doubleTap.call(N,o,o.target))):l==a&&(u!==p&&u!==f||(clearTimeout(j),V=null,N.trigger("longtap",[o.target]),_.longTap&&(h=_.longTap.call(N,o,o.target)))),h}function nt(){var t=!0;return null!==_.threshold&&(t=b>=_.threshold),t}function rt(){var t=!1;return null!==_.cancelThreshold&&null!==T&&(t=_t(T)-b>=_.cancelThreshold),t}function it(){return!(_.maxTimeThreshold&&A>=_.maxTimeThreshold)}function ot(){var t=lt(),e=ht(),n=null===_.pinchThreshold||k>=_.pinchThreshold;return t&&e&&n}function st(){return _.pinchStatus||_.pinchIn||_.pinchOut}function at(){var t=it(),e=nt(),n=lt(),r=ht();return!rt()&&r&&n&&e&&t}function ut(){return _.swipe||_.swipeStatus||_.swipeLeft||_.swipeRight||_.swipeUp||_.swipeDown}function lt(){return X===_.fingers||_.fingers===h||!d}function ht(){return 0!==Y[0].end.x}function ct(){return _.tap}function ft(){return!!_.doubleTap}function pt(){if(null==V)return!1;var t=Ft();return ft()&&t-V<=_.doubleTapThreshold}function dt(){W=H=0}function gt(){var t=!1;return H&&Ft()-H<=_.fingerReleaseThreshold&&(t=!0),t}function Dt(t){N&&(!0===t?(N.on(w,G),N.on(C,K),F&&N.on(F,Z)):(N.off(w,G,!1),N.off(C,K,!1),F&&N.off(F,Z,!1)),N.data(m+"_intouch",!0===t))}function mt(t,e){var n={start:{x:0,y:0},last:{x:0,y:0},end:{x:0,y:0}};return n.start.x=n.last.x=n.end.x=e.pageX||e.clientX,n.start.y=n.last.y=n.end.y=e.pageY||e.clientY,Y[t]=n}function vt(t){var e=void 0!==t.identifier?t.identifier:0,n=Y[e]||null;return null===n&&(n=mt(e,t)),n.last.x=n.end.x,n.last.y=n.end.y,n.end.x=t.pageX||t.clientX,n.end.y=t.pageY||t.clientY,n}function _t(t){if(L[t])return L[t].distance}function yt(t){return{direction:t,distance:0}}function xt(){return z-I}function wt(t,e){var n=Math.abs(t.x-e.x),r=Math.abs(t.y-e.y);return Math.round(Math.sqrt(n*n+r*r))}function Ct(t,s){if(u=s,(a=t).x==u.x&&a.y==u.y)return o;var a,u,l,h,c,f,p,d,g=(h=s,c=(l=t).x-h.x,f=h.y-l.y,p=Math.atan2(f,c),(d=Math.round(180*p/Math.PI))<0&&(d=360-Math.abs(d)),d);return g<=45&&0<=g||g<=360&&315<=g?e:135<=g&&g<=225?n:45<g&&g<135?i:r}function Ft(){return(new Date).getTime()}this.enable=function(){return this.disable(),N.on(x,q),N.on(E,Q),N},this.disable=function(){return $(),N},this.destroy=function(){$(),N.data(m,null),N=null},this.option=function(e,n){if("object"==typeof e)_=t.extend(_,e);else if(void 0!==_[e]){if(void 0===n)return _[e];_[e]=n}else{if(!e)return _;t.error("Option "+e+" does not exist on jQuery.swipe.options")}return null}}t.fn.rsswipe=function(e){var n=t(this),r=n.data(m);if(r&&"string"==typeof e){if(r[e])return r[e].apply(r,Array.prototype.slice.call(arguments,1));t.error("Method "+e+" does not exist on jQuery.rsswipe")}else if(r&&"object"==typeof e)r.option.apply(r,arguments);else if(!(r||"object"!=typeof e&&e))return function(e){return!e||void 0!==e.allowPageScroll||void 0===e.swipe&&void 0===e.swipeStatus||(e.allowPageScroll=o),void 0!==e.click&&void 0===e.tap&&(e.tap=e.click),e=e||{},e=t.extend({},t.fn.rsswipe.defaults,e),this.each((function(){var n=t(this),r=n.data(m);r||(r=new v(this,e),n.data(m,r))}))}.apply(this,arguments);return n},t.fn.rsswipe.version="1.6.18",t.fn.rsswipe.defaults={fingers:1,threshold:75,cancelThreshold:null,pinchThreshold:20,maxTimeThreshold:null,fingerReleaseThreshold:250,longTapThreshold:500,doubleTapThreshold:200,swipe:null,swipeLeft:null,swipeRight:null,swipeUp:null,swipeDown:null,swipeStatus:null,pinchIn:null,pinchOut:null,pinchStatus:null,click:null,tap:null,doubleTap:null,longTap:null,hold:null,triggerOnTouchEnd:!0,triggerOnTouchLeave:!1,allowPageScroll:"auto",fallbackToMouseEvents:!0,excludedElements:".noSwipe",preventDefaultEvents:!0},t.fn.rsswipe.phases={PHASE_START:"start",PHASE_MOVE:c,PHASE_END:f,PHASE_CANCEL:p},t.fn.rsswipe.directions={LEFT:e,RIGHT:n,UP:r,DOWN:i,IN:"in",OUT:"out"},t.fn.rsswipe.pageScroll={NONE:o,HORIZONTAL:u,VERTICAL:l,AUTO:"auto"},t.fn.rsswipe.fingers={ONE:1,TWO:2,THREE:3,FOUR:4,FIVE:5,ALL:h}},n(3).jQuery?(i=[n(0)],void 0===(o="function"==typeof(r=s)?r.apply(e,i):r)||(t.exports=o)):t.exports?s(n(0)):s(jQuery)},function(t,e){(function(e){t.exports=e}).call(this,{})},function(t,e){var n;(n=jQuery).waitForImages={hasImageProperties:["backgroundImage","listStyleImage","borderImage","borderCornerImage"]},n.expr.pseudos.uncached=function(t){var e=document.createElement("img");return e.src=t.src,n(t).is('img[src!=""]')&&!e.complete},n.fn.waitForImages=function(t,e,r){if(n.isPlainObject(t)&&(e=t.each,r=t.waitForAll,t=t.finished),t=t||n.noop,e=e||n.noop,r=!!r,!n.isFunction(t)||!n.isFunction(e))throw new TypeError("An invalid callback was supplied.");return this.each((function(){var i=n(this),o=[];if(r){var s=n.waitForImages.hasImageProperties||[],a=/url\((['"]?)(.*?)\1\)/g;i.find("*").each((function(){var t=n(this);t.is("img:uncached")&&o.push({src:t.attr("src"),element:t[0]}),n.each(s,(function(e,n){var r,i=t.css(n);if(!i)return!0;for(;r=a.exec(i);)o.push({src:r[2],element:t[0]})}))}))}else i.find("img:uncached").each((function(){o.push({src:this.src,element:this})}));var u=o.length,l=0;0==u&&t.call(i[0]),n.each(o,(function(r,o){var s=new Image;n(s).bind("load error",(function(n){if(l++,e.call(o.element,l,u,"load"==n.type),l==u)return t.call(i[0]),!1})),s.src=o.src}))}))}},,function(t,e,n){"use strict";function r(t){if(void 0===t)throw new ReferenceError("this hasn't been initialised - super() hasn't been called");return t}function i(t,e){t.prototype=Object.create(e.prototype),t.prototype.constructor=t,t.__proto__=e}
/*!
 * GSAP 3.9.1
 * https://greensock.com
 *
 * @license Copyright 2008-2021, GreenSock. All rights reserved.
 * Subject to the terms at https://greensock.com/standard-license or for
 * Club GreenSock members, the agreement issued with that membership.
 * @author: Jack Doyle, jack@greensock.com
*/n.r(e);var o,s,a,u,l,h,c,f,p,d,g,D,m,v={autoSleep:120,force3D:"auto",nullTargetWarn:1,units:{lineHeight:""}},_={duration:.5,overwrite:!1,delay:0},y=1e8,x=2*Math.PI,w=x/4,C=0,F=Math.sqrt,E=Math.cos,b=Math.sin,T=function(t){return"string"==typeof t},M=function(t){return"function"==typeof t},A=function(t){return"number"==typeof t},P=function(t){return void 0===t},S=function(t){return"object"==typeof t},O=function(t){return!1!==t},k=function(){return"undefined"!=typeof window},B=function(t){return M(t)||T(t)},L="function"==typeof ArrayBuffer&&ArrayBuffer.isView||function(){},N=Array.isArray,R=/(?:-?\.?\d|\.)+/gi,X=/[-+=.]*\d+[.e\-+]*\d*[e\-+]*\d*/g,Y=/[-+=.]*\d+[.e-]*\d*[a-z%]*/g,I=/[-+=.]*\d+\.?\d*(?:e-|e\+)?\d*/gi,z=/[+-]=-?[.\d]+/,H=/[^,'"\[\]\s]+/gi,W=/[\d.+\-=]+(?:e[-+]\d*)*/i,V={},j={},U=function(t){return(j=mt(t,V))&&nn},q=function(t,e){return console.warn("Invalid property",t,"set to",e,"Missing plugin? gsap.registerPlugin()")},G=function(t,e){return!e&&console.warn(t)},K=function(t,e){return t&&(V[t]=e)&&j&&(j[t]=e)||V},Q=function(){return 0},Z={},$=[],J={},tt={},et={},nt=30,rt=[],it="",ot=function(t){var e,n,r=t[0];if(S(r)||M(r)||(t=[t]),!(e=(r._gsap||{}).harness)){for(n=rt.length;n--&&!rt[n].targetTest(r););e=rt[n]}for(n=t.length;n--;)t[n]&&(t[n]._gsap||(t[n]._gsap=new be(t[n],e)))||t.splice(n,1);return t},st=function(t){return t._gsap||ot(Ut(t))[0]._gsap},at=function(t,e,n){return(n=t[e])&&M(n)?t[e]():P(n)&&t.getAttribute&&t.getAttribute(e)||n},ut=function(t,e){return(t=t.split(",")).forEach(e)||t},lt=function(t){return Math.round(1e5*t)/1e5||0},ht=function(t){return Math.round(1e7*t)/1e7||0},ct=function(t,e){for(var n=e.length,r=0;t.indexOf(e[r])<0&&++r<n;);return r<n},ft=function(){var t,e,n=$.length,r=$.slice(0);for(J={},$.length=0,t=0;t<n;t++)(e=r[t])&&e._lazy&&(e.render(e._lazy[0],e._lazy[1],!0)._lazy=0)},pt=function(t,e,n,r){$.length&&ft(),t.render(e,n,r),$.length&&ft()},dt=function(t){var e=parseFloat(t);return(e||0===e)&&(t+"").match(H).length<2?e:T(t)?t.trim():t},gt=function(t){return t},Dt=function(t,e){for(var n in e)n in t||(t[n]=e[n]);return t},mt=function(t,e){for(var n in e)t[n]=e[n];return t},vt=function t(e,n){for(var r in n)"__proto__"!==r&&"constructor"!==r&&"prototype"!==r&&(e[r]=S(n[r])?t(e[r]||(e[r]={}),n[r]):n[r]);return e},_t=function(t,e){var n,r={};for(n in t)n in e||(r[n]=t[n]);return r},yt=function(t){var e,n=t.parent||s,r=t.keyframes?(e=N(t.keyframes),function(t,n){for(var r in n)r in t||"duration"===r&&e||"ease"===r||(t[r]=n[r])}):Dt;if(O(t.inherit))for(;n;)r(t,n.vars.defaults),n=n.parent||n._dp;return t},xt=function(t,e,n,r){void 0===n&&(n="_first"),void 0===r&&(r="_last");var i=e._prev,o=e._next;i?i._next=o:t[n]===e&&(t[n]=o),o?o._prev=i:t[r]===e&&(t[r]=i),e._next=e._prev=e.parent=null},wt=function(t,e){t.parent&&(!e||t.parent.autoRemoveChildren)&&t.parent.remove(t),t._act=0},Ct=function(t,e){if(t&&(!e||e._end>t._dur||e._start<0))for(var n=t;n;)n._dirty=1,n=n.parent;return t},Ft=function(t){for(var e=t.parent;e&&e.parent;)e._dirty=1,e.totalDuration(),e=e.parent;return t},Et=function(t){return t._repeat?bt(t._tTime,t=t.duration()+t._rDelay)*t:0},bt=function(t,e){var n=Math.floor(t/=e);return t&&n===t?n-1:n},Tt=function(t,e){return(t-e._start)*e._ts+(e._ts>=0?0:e._dirty?e.totalDuration():e._tDur)},Mt=function(t){return t._end=ht(t._start+(t._tDur/Math.abs(t._ts||t._rts||1e-8)||0))},At=function(t,e){var n=t._dp;return n&&n.smoothChildTiming&&t._ts&&(t._start=ht(n._time-(t._ts>0?e/t._ts:((t._dirty?t.totalDuration():t._tDur)-e)/-t._ts)),Mt(t),n._dirty||Ct(n,t)),t},Pt=function(t,e){var n;if((e._time||e._initted&&!e._dur)&&(n=Tt(t.rawTime(),e),(!e._dur||zt(0,e.totalDuration(),n)-e._tTime>1e-8)&&e.render(n,!0)),Ct(t,e)._dp&&t._initted&&t._time>=t._dur&&t._ts){if(t._dur<t.duration())for(n=t;n._dp;)n.rawTime()>=0&&n.totalTime(n._tTime),n=n._dp;t._zTime=-1e-8}},St=function(t,e,n,r){return e.parent&&wt(e),e._start=ht((A(n)?n:n||t!==s?Xt(t,n,e):t._time)+e._delay),e._end=ht(e._start+(e.totalDuration()/Math.abs(e.timeScale())||0)),function(t,e,n,r,i){void 0===n&&(n="_first"),void 0===r&&(r="_last");var o,s=t[r];if(i)for(o=e[i];s&&s[i]>o;)s=s._prev;s?(e._next=s._next,s._next=e):(e._next=t[n],t[n]=e),e._next?e._next._prev=e:t[r]=e,e._prev=s,e.parent=e._dp=t}(t,e,"_first","_last",t._sort?"_start":0),Bt(e)||(t._recent=e),r||Pt(t,e),t},Ot=function(t,e){return(V.ScrollTrigger||q("scrollTrigger",e))&&V.ScrollTrigger.create(e,t)},kt=function(t,e,n,r){return ke(t,e),t._initted?!n&&t._pt&&(t._dur&&!1!==t.vars.lazy||!t._dur&&t.vars.lazy)&&c!==pe.frame?($.push(t),t._lazy=[e,r],1):void 0:1},Bt=function(t){var e=t.data;return"isFromStart"===e||"isStart"===e},Lt=function(t,e,n,r){var i=t._repeat,o=ht(e)||0,s=t._tTime/t._tDur;return s&&!r&&(t._time*=o/t._dur),t._dur=o,t._tDur=i?i<0?1e10:ht(o*(i+1)+t._rDelay*i):o,s>0&&!r?At(t,t._tTime=t._tDur*s):t.parent&&Mt(t),n||Ct(t.parent,t),t},Nt=function(t){return t instanceof Me?Ct(t):Lt(t,t._dur)},Rt={_start:0,endTime:Q,totalDuration:Q},Xt=function t(e,n,r){var i,o,s,a=e.labels,u=e._recent||Rt,l=e.duration()>=y?u.endTime(!1):e._dur;return T(n)&&(isNaN(n)||n in a)?(o=n.charAt(0),s="%"===n.substr(-1),i=n.indexOf("="),"<"===o||">"===o?(i>=0&&(n=n.replace(/=/,"")),("<"===o?u._start:u.endTime(u._repeat>=0))+(parseFloat(n.substr(1))||0)*(s?(i<0?u:r).totalDuration()/100:1)):i<0?(n in a||(a[n]=l),a[n]):(o=parseFloat(n.charAt(i-1)+n.substr(i+1)),s&&r&&(o=o/100*(N(r)?r[0]:r).totalDuration()),i>1?t(e,n.substr(0,i-1),r)+o:l+o)):null==n?l:+n},Yt=function(t,e,n){var r,i,o=A(e[1]),s=(o?2:1)+(t<2?0:1),a=e[s];if(o&&(a.duration=e[1]),a.parent=n,t){for(r=a,i=n;i&&!("immediateRender"in r);)r=i.vars.defaults||{},i=O(i.vars.inherit)&&i.parent;a.immediateRender=O(r.immediateRender),t<2?a.runBackwards=1:a.startAt=e[s-1]}return new Xe(e[0],a,e[s+1])},It=function(t,e){return t||0===t?e(t):e},zt=function(t,e,n){return n<t?t:n>e?e:n},Ht=function(t,e){return T(t)&&(e=W.exec(t))?t.substr(e.index+e[0].length):""},Wt=[].slice,Vt=function(t,e){return t&&S(t)&&"length"in t&&(!e&&!t.length||t.length-1 in t&&S(t[0]))&&!t.nodeType&&t!==a},jt=function(t,e,n){return void 0===n&&(n=[]),t.forEach((function(t){var r;return T(t)&&!e||Vt(t,1)?(r=n).push.apply(r,Ut(t)):n.push(t)}))||n},Ut=function(t,e,n){return!T(t)||n||!u&&de()?N(t)?jt(t,n):Vt(t)?Wt.call(t,0):t?[t]:[]:Wt.call((e||l).querySelectorAll(t),0)},qt=function(t){return t.sort((function(){return.5-Math.random()}))},Gt=function(t){if(M(t))return t;var e=S(t)?t:{each:t},n=xe(e.ease),r=e.from||0,i=parseFloat(e.base)||0,o={},s=r>0&&r<1,a=isNaN(r)||s,u=e.axis,l=r,h=r;return T(r)?l=h={center:.5,edges:.5,end:1}[r]||0:!s&&a&&(l=r[0],h=r[1]),function(t,s,c){var f,p,d,g,D,m,v,_,x,w=(c||e).length,C=o[w];if(!C){if(!(x="auto"===e.grid?0:(e.grid||[1,y])[1])){for(v=-y;v<(v=c[x++].getBoundingClientRect().left)&&x<w;);x--}for(C=o[w]=[],f=a?Math.min(x,w)*l-.5:r%x,p=x===y?0:a?w*h/x-.5:r/x|0,v=0,_=y,m=0;m<w;m++)d=m%x-f,g=p-(m/x|0),C[m]=D=u?Math.abs("y"===u?g:d):F(d*d+g*g),D>v&&(v=D),D<_&&(_=D);"random"===r&&qt(C),C.max=v-_,C.min=_,C.v=w=(parseFloat(e.amount)||parseFloat(e.each)*(x>w?w-1:u?"y"===u?w/x:x:Math.max(x,w/x))||0)*("edges"===r?-1:1),C.b=w<0?i-w:i,C.u=Ht(e.amount||e.each)||0,n=n&&w<0?_e(n):n}return w=(C[t]-C.min)/C.max||0,ht(C.b+(n?n(w):w)*C.v)+C.u}},Kt=function(t){var e=Math.pow(10,((t+"").split(".")[1]||"").length);return function(n){var r=Math.round(parseFloat(n)/t)*t*e;return(r-r%1)/e+(A(n)?0:Ht(n))}},Qt=function(t,e){var n,r,i=N(t);return!i&&S(t)&&(n=i=t.radius||y,t.values?(t=Ut(t.values),(r=!A(t[0]))&&(n*=n)):t=Kt(t.increment)),It(e,i?M(t)?function(e){return r=t(e),Math.abs(r-e)<=n?r:e}:function(e){for(var i,o,s=parseFloat(r?e.x:e),a=parseFloat(r?e.y:0),u=y,l=0,h=t.length;h--;)(i=r?(i=t[h].x-s)*i+(o=t[h].y-a)*o:Math.abs(t[h]-s))<u&&(u=i,l=h);return l=!n||u<=n?t[l]:e,r||l===e||A(e)?l:l+Ht(e)}:Kt(t))},Zt=function(t,e,n,r){return It(N(t)?!e:!0===n?!!(n=0):!r,(function(){return N(t)?t[~~(Math.random()*t.length)]:(n=n||1e-5)&&(r=n<1?Math.pow(10,(n+"").length-2):1)&&Math.floor(Math.round((t-n/2+Math.random()*(e-t+.99*n))/n)*n*r)/r}))},$t=function(t,e,n){return It(n,(function(n){return t[~~e(n)]}))},Jt=function(t){for(var e,n,r,i,o=0,s="";~(e=t.indexOf("random(",o));)r=t.indexOf(")",e),i="["===t.charAt(e+7),n=t.substr(e+7,r-e-7).match(i?H:R),s+=t.substr(o,e-o)+Zt(i?n:+n[0],i?0:+n[1],+n[2]||1e-5),o=r+1;return s+t.substr(o,t.length-o)},te=function(t,e,n,r,i){var o=e-t,s=r-n;return It(i,(function(e){return n+((e-t)/o*s||0)}))},ee=function(t,e,n){var r,i,o,s=t.labels,a=y;for(r in s)(i=s[r]-e)<0==!!n&&i&&a>(i=Math.abs(i))&&(o=r,a=i);return o},ne=function(t,e,n){var r,i,o=t.vars,s=o[e];if(s)return r=o[e+"Params"],i=o.callbackScope||t,n&&$.length&&ft(),r?s.apply(i,r):s.call(i)},re=function(t){return wt(t),t.scrollTrigger&&t.scrollTrigger.kill(!1),t.progress()<1&&ne(t,"onInterrupt"),t},ie=function(t){var e=(t=!t.name&&t.default||t).name,n=M(t),r=e&&!n&&t.init?function(){this._props=[]}:t,i={init:Q,render:qe,add:Se,kill:Ke,modifier:Ge,rawVars:0},o={targetTest:0,get:0,getSetter:We,aliases:{},register:0};if(de(),t!==r){if(tt[e])return;Dt(r,Dt(_t(t,i),o)),mt(r.prototype,mt(i,_t(t,o))),tt[r.prop=e]=r,t.targetTest&&(rt.push(r),Z[e]=1),e=("css"===e?"CSS":e.charAt(0).toUpperCase()+e.substr(1))+"Plugin"}K(e,r),t.register&&t.register(nn,r,$e)},oe={aqua:[0,255,255],lime:[0,255,0],silver:[192,192,192],black:[0,0,0],maroon:[128,0,0],teal:[0,128,128],blue:[0,0,255],navy:[0,0,128],white:[255,255,255],olive:[128,128,0],yellow:[255,255,0],orange:[255,165,0],gray:[128,128,128],purple:[128,0,128],green:[0,128,0],red:[255,0,0],pink:[255,192,203],cyan:[0,255,255],transparent:[255,255,255,0]},se=function(t,e,n){return 255*(6*(t+=t<0?1:t>1?-1:0)<1?e+(n-e)*t*6:t<.5?n:3*t<2?e+(n-e)*(2/3-t)*6:e)+.5|0},ae=function(t,e,n){var r,i,o,s,a,u,l,h,c,f,p=t?A(t)?[t>>16,t>>8&255,255&t]:0:oe.black;if(!p){if(","===t.substr(-1)&&(t=t.substr(0,t.length-1)),oe[t])p=oe[t];else if("#"===t.charAt(0)){if(t.length<6&&(r=t.charAt(1),i=t.charAt(2),o=t.charAt(3),t="#"+r+r+i+i+o+o+(5===t.length?t.charAt(4)+t.charAt(4):"")),9===t.length)return[(p=parseInt(t.substr(1,6),16))>>16,p>>8&255,255&p,parseInt(t.substr(7),16)/255];p=[(t=parseInt(t.substr(1),16))>>16,t>>8&255,255&t]}else if("hsl"===t.substr(0,3))if(p=f=t.match(R),e){if(~t.indexOf("="))return p=t.match(X),n&&p.length<4&&(p[3]=1),p}else s=+p[0]%360/360,a=+p[1]/100,r=2*(u=+p[2]/100)-(i=u<=.5?u*(a+1):u+a-u*a),p.length>3&&(p[3]*=1),p[0]=se(s+1/3,r,i),p[1]=se(s,r,i),p[2]=se(s-1/3,r,i);else p=t.match(R)||oe.transparent;p=p.map(Number)}return e&&!f&&(r=p[0]/255,i=p[1]/255,o=p[2]/255,u=((l=Math.max(r,i,o))+(h=Math.min(r,i,o)))/2,l===h?s=a=0:(c=l-h,a=u>.5?c/(2-l-h):c/(l+h),s=l===r?(i-o)/c+(i<o?6:0):l===i?(o-r)/c+2:(r-i)/c+4,s*=60),p[0]=~~(s+.5),p[1]=~~(100*a+.5),p[2]=~~(100*u+.5)),n&&p.length<4&&(p[3]=1),p},ue=function(t){var e=[],n=[],r=-1;return t.split(he).forEach((function(t){var i=t.match(Y)||[];e.push.apply(e,i),n.push(r+=i.length+1)})),e.c=n,e},le=function(t,e,n){var r,i,o,s,a="",u=(t+a).match(he),l=e?"hsla(":"rgba(",h=0;if(!u)return t;if(u=u.map((function(t){return(t=ae(t,e,1))&&l+(e?t[0]+","+t[1]+"%,"+t[2]+"%,"+t[3]:t.join(","))+")"})),n&&(o=ue(t),(r=n.c).join(a)!==o.c.join(a)))for(s=(i=t.replace(he,"1").split(Y)).length-1;h<s;h++)a+=i[h]+(~r.indexOf(h)?u.shift()||l+"0,0,0,0)":(o.length?o:u.length?u:n).shift());if(!i)for(s=(i=t.split(he)).length-1;h<s;h++)a+=i[h]+u[h];return a+i[s]},he=function(){var t,e="(?:\\b(?:(?:rgb|rgba|hsl|hsla)\\(.+?\\))|\\B#(?:[0-9a-f]{3,4}){1,2}\\b";for(t in oe)e+="|"+t+"\\b";return new RegExp(e+")","gi")}(),ce=/hsl[a]?\(/,fe=function(t){var e,n=t.join(" ");if(he.lastIndex=0,he.test(n))return e=ce.test(n),t[1]=le(t[1],e),t[0]=le(t[0],e,ue(t[1])),!0},pe=function(){var t,e,n,r,i,o,s=Date.now,c=500,f=33,d=s(),g=d,D=1e3/240,m=D,v=[],_=function n(a){var u,l,h,p,_=s()-g,y=!0===a;if(_>c&&(d+=_-f),((u=(h=(g+=_)-d)-m)>0||y)&&(p=++r.frame,i=h-1e3*r.time,r.time=h/=1e3,m+=u+(u>=D?4:D-u),l=1),y||(t=e(n)),l)for(o=0;o<v.length;o++)v[o](h,i,p,a)};return r={time:0,frame:0,tick:function(){_(!0)},deltaRatio:function(t){return i/(1e3/(t||60))},wake:function(){h&&(!u&&k()&&(a=u=window,l=a.document||{},V.gsap=nn,(a.gsapVersions||(a.gsapVersions=[])).push(nn.version),U(j||a.GreenSockGlobals||!a.gsap&&a||{}),n=a.requestAnimationFrame),t&&r.sleep(),e=n||function(t){return setTimeout(t,m-1e3*r.time+1|0)},p=1,_(2))},sleep:function(){(n?a.cancelAnimationFrame:clearTimeout)(t),p=0,e=Q},lagSmoothing:function(t,e){c=t||1/1e-8,f=Math.min(e,c,0)},fps:function(t){D=1e3/(t||240),m=1e3*r.time+D},add:function(t){v.indexOf(t)<0&&v.push(t),de()},remove:function(t,e){~(e=v.indexOf(t))&&v.splice(e,1)&&o>=e&&o--},_listeners:v}}(),de=function(){return!p&&pe.wake()},ge={},De=/^[\d.\-M][\d.\-,\s]/,me=/["']/g,ve=function(t){for(var e,n,r,i={},o=t.substr(1,t.length-3).split(":"),s=o[0],a=1,u=o.length;a<u;a++)n=o[a],e=a!==u-1?n.lastIndexOf(","):n.length,r=n.substr(0,e),i[s]=isNaN(r)?r.replace(me,"").trim():+r,s=n.substr(e+1).trim();return i},_e=function(t){return function(e){return 1-t(1-e)}},ye=function t(e,n){for(var r,i=e._first;i;)i instanceof Me?t(i,n):!i.vars.yoyoEase||i._yoyo&&i._repeat||i._yoyo===n||(i.timeline?t(i.timeline,n):(r=i._ease,i._ease=i._yEase,i._yEase=r,i._yoyo=n)),i=i._next},xe=function(t,e){return t&&(M(t)?t:ge[t]||function(t){var e,n,r,i,o=(t+"").split("("),s=ge[o[0]];return s&&o.length>1&&s.config?s.config.apply(null,~t.indexOf("{")?[ve(o[1])]:(e=t,n=e.indexOf("(")+1,r=e.indexOf(")"),i=e.indexOf("(",n),e.substring(n,~i&&i<r?e.indexOf(")",r+1):r)).split(",").map(dt)):ge._CE&&De.test(t)?ge._CE("",t):s}(t))||e},we=function(t,e,n,r){void 0===n&&(n=function(t){return 1-e(1-t)}),void 0===r&&(r=function(t){return t<.5?e(2*t)/2:1-e(2*(1-t))/2});var i,o={easeIn:e,easeOut:n,easeInOut:r};return ut(t,(function(t){for(var e in ge[t]=V[t]=o,ge[i=t.toLowerCase()]=n,o)ge[i+("easeIn"===e?".in":"easeOut"===e?".out":".inOut")]=ge[t+"."+e]=o[e]})),o},Ce=function(t){return function(e){return e<.5?(1-t(1-2*e))/2:.5+t(2*(e-.5))/2}},Fe=function t(e,n,r){var i=n>=1?n:1,o=(r||(e?.3:.45))/(n<1?n:1),s=o/x*(Math.asin(1/i)||0),a=function(t){return 1===t?1:i*Math.pow(2,-10*t)*b((t-s)*o)+1},u="out"===e?a:"in"===e?function(t){return 1-a(1-t)}:Ce(a);return o=x/o,u.config=function(n,r){return t(e,n,r)},u},Ee=function t(e,n){void 0===n&&(n=1.70158);var r=function(t){return t?--t*t*((n+1)*t+n)+1:0},i="out"===e?r:"in"===e?function(t){return 1-r(1-t)}:Ce(r);return i.config=function(n){return t(e,n)},i};ut("Linear,Quad,Cubic,Quart,Quint,Strong",(function(t,e){var n=e<5?e+1:e;we(t+",Power"+(n-1),e?function(t){return Math.pow(t,n)}:function(t){return t},(function(t){return 1-Math.pow(1-t,n)}),(function(t){return t<.5?Math.pow(2*t,n)/2:1-Math.pow(2*(1-t),n)/2}))})),ge.Linear.easeNone=ge.none=ge.Linear.easeIn,we("Elastic",Fe("in"),Fe("out"),Fe()),d=7.5625,D=1/(g=2.75),we("Bounce",(function(t){return 1-m(1-t)}),m=function(t){return t<D?d*t*t:t<.7272727272727273?d*Math.pow(t-1.5/g,2)+.75:t<.9090909090909092?d*(t-=2.25/g)*t+.9375:d*Math.pow(t-2.625/g,2)+.984375}),we("Expo",(function(t){return t?Math.pow(2,10*(t-1)):0})),we("Circ",(function(t){return-(F(1-t*t)-1)})),we("Sine",(function(t){return 1===t?1:1-E(t*w)})),we("Back",Ee("in"),Ee("out"),Ee()),ge.SteppedEase=ge.steps=V.SteppedEase={config:function(t,e){void 0===t&&(t=1);var n=1/t,r=t+(e?0:1),i=e?1:0;return function(t){return((r*zt(0,1-1e-8,t)|0)+i)*n}}},_.ease=ge["quad.out"],ut("onComplete,onUpdate,onStart,onRepeat,onReverseComplete,onInterrupt",(function(t){return it+=t+","+t+"Params,"}));var be=function(t,e){this.id=C++,t._gsap=this,this.target=t,this.harness=e,this.get=e?e.get:at,this.set=e?e.getSetter:We},Te=function(){function t(t){this.vars=t,this._delay=+t.delay||0,(this._repeat=t.repeat===1/0?-2:t.repeat||0)&&(this._rDelay=t.repeatDelay||0,this._yoyo=!!t.yoyo||!!t.yoyoEase),this._ts=1,Lt(this,+t.duration,1,1),this.data=t.data,p||pe.wake()}var e=t.prototype;return e.delay=function(t){return t||0===t?(this.parent&&this.parent.smoothChildTiming&&this.startTime(this._start+t-this._delay),this._delay=t,this):this._delay},e.duration=function(t){return arguments.length?this.totalDuration(this._repeat>0?t+(t+this._rDelay)*this._repeat:t):this.totalDuration()&&this._dur},e.totalDuration=function(t){return arguments.length?(this._dirty=0,Lt(this,this._repeat<0?t:(t-this._repeat*this._rDelay)/(this._repeat+1))):this._tDur},e.totalTime=function(t,e){if(de(),!arguments.length)return this._tTime;var n=this._dp;if(n&&n.smoothChildTiming&&this._ts){for(At(this,t),!n._dp||n.parent||Pt(n,this);n&&n.parent;)n.parent._time!==n._start+(n._ts>=0?n._tTime/n._ts:(n.totalDuration()-n._tTime)/-n._ts)&&n.totalTime(n._tTime,!0),n=n.parent;!this.parent&&this._dp.autoRemoveChildren&&(this._ts>0&&t<this._tDur||this._ts<0&&t>0||!this._tDur&&!t)&&St(this._dp,this,this._start-this._delay)}return(this._tTime!==t||!this._dur&&!e||this._initted&&1e-8===Math.abs(this._zTime)||!t&&!this._initted&&(this.add||this._ptLookup))&&(this._ts||(this._pTime=t),pt(this,t,e)),this},e.time=function(t,e){return arguments.length?this.totalTime(Math.min(this.totalDuration(),t+Et(this))%(this._dur+this._rDelay)||(t?this._dur:0),e):this._time},e.totalProgress=function(t,e){return arguments.length?this.totalTime(this.totalDuration()*t,e):this.totalDuration()?Math.min(1,this._tTime/this._tDur):this.ratio},e.progress=function(t,e){return arguments.length?this.totalTime(this.duration()*(!this._yoyo||1&this.iteration()?t:1-t)+Et(this),e):this.duration()?Math.min(1,this._time/this._dur):this.ratio},e.iteration=function(t,e){var n=this.duration()+this._rDelay;return arguments.length?this.totalTime(this._time+(t-1)*n,e):this._repeat?bt(this._tTime,n)+1:1},e.timeScale=function(t){if(!arguments.length)return-1e-8===this._rts?0:this._rts;if(this._rts===t)return this;var e=this.parent&&this._ts?Tt(this.parent._time,this):this._tTime;return this._rts=+t||0,this._ts=this._ps||-1e-8===t?0:this._rts,Ft(this.totalTime(zt(-this._delay,this._tDur,e),!0)),Mt(this),this},e.paused=function(t){return arguments.length?(this._ps!==t&&(this._ps=t,t?(this._pTime=this._tTime||Math.max(-this._delay,this.rawTime()),this._ts=this._act=0):(de(),this._ts=this._rts,this.totalTime(this.parent&&!this.parent.smoothChildTiming?this.rawTime():this._tTime||this._pTime,1===this.progress()&&1e-8!==Math.abs(this._zTime)&&(this._tTime-=1e-8)))),this):this._ps},e.startTime=function(t){if(arguments.length){this._start=t;var e=this.parent||this._dp;return e&&(e._sort||!this.parent)&&St(e,this,t-this._delay),this}return this._start},e.endTime=function(t){return this._start+(O(t)?this.totalDuration():this.duration())/Math.abs(this._ts||1)},e.rawTime=function(t){var e=this.parent||this._dp;return e?t&&(!this._ts||this._repeat&&this._time&&this.totalProgress()<1)?this._tTime%(this._dur+this._rDelay):this._ts?Tt(e.rawTime(t),this):this._tTime:this._tTime},e.globalTime=function(t){for(var e=this,n=arguments.length?t:e.rawTime();e;)n=e._start+n/(e._ts||1),e=e._dp;return n},e.repeat=function(t){return arguments.length?(this._repeat=t===1/0?-2:t,Nt(this)):-2===this._repeat?1/0:this._repeat},e.repeatDelay=function(t){if(arguments.length){var e=this._time;return this._rDelay=t,Nt(this),e?this.time(e):this}return this._rDelay},e.yoyo=function(t){return arguments.length?(this._yoyo=t,this):this._yoyo},e.seek=function(t,e){return this.totalTime(Xt(this,t),O(e))},e.restart=function(t,e){return this.play().totalTime(t?-this._delay:0,O(e))},e.play=function(t,e){return null!=t&&this.seek(t,e),this.reversed(!1).paused(!1)},e.reverse=function(t,e){return null!=t&&this.seek(t||this.totalDuration(),e),this.reversed(!0).paused(!1)},e.pause=function(t,e){return null!=t&&this.seek(t,e),this.paused(!0)},e.resume=function(){return this.paused(!1)},e.reversed=function(t){return arguments.length?(!!t!==this.reversed()&&this.timeScale(-this._rts||(t?-1e-8:0)),this):this._rts<0},e.invalidate=function(){return this._initted=this._act=0,this._zTime=-1e-8,this},e.isActive=function(){var t,e=this.parent||this._dp,n=this._start;return!(e&&!(this._ts&&this._initted&&e.isActive()&&(t=e.rawTime(!0))>=n&&t<this.endTime(!0)-1e-8))},e.eventCallback=function(t,e,n){var r=this.vars;return arguments.length>1?(e?(r[t]=e,n&&(r[t+"Params"]=n),"onUpdate"===t&&(this._onUpdate=e)):delete r[t],this):r[t]},e.then=function(t){var e=this;return new Promise((function(n){var r=M(t)?t:gt,i=function(){var t=e.then;e.then=null,M(r)&&(r=r(e))&&(r.then||r===e)&&(e.then=t),n(r),e.then=t};e._initted&&1===e.totalProgress()&&e._ts>=0||!e._tTime&&e._ts<0?i():e._prom=i}))},e.kill=function(){re(this)},t}();Dt(Te.prototype,{_time:0,_start:0,_end:0,_tTime:0,_tDur:0,_dirty:0,_repeat:0,_yoyo:!1,parent:null,_initted:!1,_rDelay:0,_ts:1,_dp:0,ratio:0,_zTime:-1e-8,_prom:0,_ps:!1,_rts:1});var Me=function(t){function e(e,n){var i;return void 0===e&&(e={}),(i=t.call(this,e)||this).labels={},i.smoothChildTiming=!!e.smoothChildTiming,i.autoRemoveChildren=!!e.autoRemoveChildren,i._sort=O(e.sortChildren),s&&St(e.parent||s,r(i),n),e.reversed&&i.reverse(),e.paused&&i.paused(!0),e.scrollTrigger&&Ot(r(i),e.scrollTrigger),i}i(e,t);var n=e.prototype;return n.to=function(t,e,n){return Yt(0,arguments,this),this},n.from=function(t,e,n){return Yt(1,arguments,this),this},n.fromTo=function(t,e,n,r){return Yt(2,arguments,this),this},n.set=function(t,e,n){return e.duration=0,e.parent=this,yt(e).repeatDelay||(e.repeat=0),e.immediateRender=!!e.immediateRender,new Xe(t,e,Xt(this,n),1),this},n.call=function(t,e,n){return St(this,Xe.delayedCall(0,t,e),n)},n.staggerTo=function(t,e,n,r,i,o,s){return n.duration=e,n.stagger=n.stagger||r,n.onComplete=o,n.onCompleteParams=s,n.parent=this,new Xe(t,n,Xt(this,i)),this},n.staggerFrom=function(t,e,n,r,i,o,s){return n.runBackwards=1,yt(n).immediateRender=O(n.immediateRender),this.staggerTo(t,e,n,r,i,o,s)},n.staggerFromTo=function(t,e,n,r,i,o,s,a){return r.startAt=n,yt(r).immediateRender=O(r.immediateRender),this.staggerTo(t,e,r,i,o,s,a)},n.render=function(t,e,n){var r,i,o,a,u,l,h,c,f,p,d,g,D=this._time,m=this._dirty?this.totalDuration():this._tDur,v=this._dur,_=t<=0?0:ht(t),y=this._zTime<0!=t<0&&(this._initted||!v);if(this!==s&&_>m&&t>=0&&(_=m),_!==this._tTime||n||y){if(D!==this._time&&v&&(_+=this._time-D,t+=this._time-D),r=_,f=this._start,l=!(c=this._ts),y&&(v||(D=this._zTime),(t||!e)&&(this._zTime=t)),this._repeat){if(d=this._yoyo,u=v+this._rDelay,this._repeat<-1&&t<0)return this.totalTime(100*u+t,e,n);if(r=ht(_%u),_===m?(a=this._repeat,r=v):((a=~~(_/u))&&a===_/u&&(r=v,a--),r>v&&(r=v)),p=bt(this._tTime,u),!D&&this._tTime&&p!==a&&(p=a),d&&1&a&&(r=v-r,g=1),a!==p&&!this._lock){var x=d&&1&p,w=x===(d&&1&a);if(a<p&&(x=!x),D=x?0:v,this._lock=1,this.render(D||(g?0:ht(a*u)),e,!v)._lock=0,this._tTime=_,!e&&this.parent&&ne(this,"onRepeat"),this.vars.repeatRefresh&&!g&&(this.invalidate()._lock=1),D&&D!==this._time||l!==!this._ts||this.vars.onRepeat&&!this.parent&&!this._act)return this;if(v=this._dur,m=this._tDur,w&&(this._lock=2,D=x?v:-1e-4,this.render(D,!0),this.vars.repeatRefresh&&!g&&this.invalidate()),this._lock=0,!this._ts&&!l)return this;ye(this,g)}}if(this._hasPause&&!this._forcing&&this._lock<2&&(h=function(t,e,n){var r;if(n>e)for(r=t._first;r&&r._start<=n;){if("isPause"===r.data&&r._start>e)return r;r=r._next}else for(r=t._last;r&&r._start>=n;){if("isPause"===r.data&&r._start<e)return r;r=r._prev}}(this,ht(D),ht(r)))&&(_-=r-(r=h._start)),this._tTime=_,this._time=r,this._act=!c,this._initted||(this._onUpdate=this.vars.onUpdate,this._initted=1,this._zTime=t,D=0),!D&&r&&!e&&(ne(this,"onStart"),this._tTime!==_))return this;if(r>=D&&t>=0)for(i=this._first;i;){if(o=i._next,(i._act||r>=i._start)&&i._ts&&h!==i){if(i.parent!==this)return this.render(t,e,n);if(i.render(i._ts>0?(r-i._start)*i._ts:(i._dirty?i.totalDuration():i._tDur)+(r-i._start)*i._ts,e,n),r!==this._time||!this._ts&&!l){h=0,o&&(_+=this._zTime=-1e-8);break}}i=o}else{i=this._last;for(var C=t<0?t:r;i;){if(o=i._prev,(i._act||C<=i._end)&&i._ts&&h!==i){if(i.parent!==this)return this.render(t,e,n);if(i.render(i._ts>0?(C-i._start)*i._ts:(i._dirty?i.totalDuration():i._tDur)+(C-i._start)*i._ts,e,n),r!==this._time||!this._ts&&!l){h=0,o&&(_+=this._zTime=C?-1e-8:1e-8);break}}i=o}}if(h&&!e&&(this.pause(),h.render(r>=D?0:-1e-8)._zTime=r>=D?1:-1,this._ts))return this._start=f,Mt(this),this.render(t,e,n);this._onUpdate&&!e&&ne(this,"onUpdate",!0),(_===m&&m>=this.totalDuration()||!_&&D)&&(f!==this._start&&Math.abs(c)===Math.abs(this._ts)||this._lock||((t||!v)&&(_===m&&this._ts>0||!_&&this._ts<0)&&wt(this,1),e||t<0&&!D||!_&&!D&&m||(ne(this,_===m&&t>=0?"onComplete":"onReverseComplete",!0),this._prom&&!(_<m&&this.timeScale()>0)&&this._prom())))}return this},n.add=function(t,e){var n=this;if(A(e)||(e=Xt(this,e,t)),!(t instanceof Te)){if(N(t))return t.forEach((function(t){return n.add(t,e)})),this;if(T(t))return this.addLabel(t,e);if(!M(t))return this;t=Xe.delayedCall(0,t)}return this!==t?St(this,t,e):this},n.getChildren=function(t,e,n,r){void 0===t&&(t=!0),void 0===e&&(e=!0),void 0===n&&(n=!0),void 0===r&&(r=-y);for(var i=[],o=this._first;o;)o._start>=r&&(o instanceof Xe?e&&i.push(o):(n&&i.push(o),t&&i.push.apply(i,o.getChildren(!0,e,n)))),o=o._next;return i},n.getById=function(t){for(var e=this.getChildren(1,1,1),n=e.length;n--;)if(e[n].vars.id===t)return e[n]},n.remove=function(t){return T(t)?this.removeLabel(t):M(t)?this.killTweensOf(t):(xt(this,t),t===this._recent&&(this._recent=this._last),Ct(this))},n.totalTime=function(e,n){return arguments.length?(this._forcing=1,!this._dp&&this._ts&&(this._start=ht(pe.time-(this._ts>0?e/this._ts:(this.totalDuration()-e)/-this._ts))),t.prototype.totalTime.call(this,e,n),this._forcing=0,this):this._tTime},n.addLabel=function(t,e){return this.labels[t]=Xt(this,e),this},n.removeLabel=function(t){return delete this.labels[t],this},n.addPause=function(t,e,n){var r=Xe.delayedCall(0,e||Q,n);return r.data="isPause",this._hasPause=1,St(this,r,Xt(this,t))},n.removePause=function(t){var e=this._first;for(t=Xt(this,t);e;)e._start===t&&"isPause"===e.data&&wt(e),e=e._next},n.killTweensOf=function(t,e,n){for(var r=this.getTweensOf(t,n),i=r.length;i--;)Ae!==r[i]&&r[i].kill(t,e);return this},n.getTweensOf=function(t,e){for(var n,r=[],i=Ut(t),o=this._first,s=A(e);o;)o instanceof Xe?ct(o._targets,i)&&(s?(!Ae||o._initted&&o._ts)&&o.globalTime(0)<=e&&o.globalTime(o.totalDuration())>e:!e||o.isActive())&&r.push(o):(n=o.getTweensOf(i,e)).length&&r.push.apply(r,n),o=o._next;return r},n.tweenTo=function(t,e){e=e||{};var n,r=this,i=Xt(r,t),o=e,s=o.startAt,a=o.onStart,u=o.onStartParams,l=o.immediateRender,h=Xe.to(r,Dt({ease:e.ease||"none",lazy:!1,immediateRender:!1,time:i,overwrite:"auto",duration:e.duration||Math.abs((i-(s&&"time"in s?s.time:r._time))/r.timeScale())||1e-8,onStart:function(){if(r.pause(),!n){var t=e.duration||Math.abs((i-(s&&"time"in s?s.time:r._time))/r.timeScale());h._dur!==t&&Lt(h,t,0,1).render(h._time,!0,!0),n=1}a&&a.apply(h,u||[])}},e));return l?h.render(0):h},n.tweenFromTo=function(t,e,n){return this.tweenTo(e,Dt({startAt:{time:Xt(this,t)}},n))},n.recent=function(){return this._recent},n.nextLabel=function(t){return void 0===t&&(t=this._time),ee(this,Xt(this,t))},n.previousLabel=function(t){return void 0===t&&(t=this._time),ee(this,Xt(this,t),1)},n.currentLabel=function(t){return arguments.length?this.seek(t,!0):this.previousLabel(this._time+1e-8)},n.shiftChildren=function(t,e,n){void 0===n&&(n=0);for(var r,i=this._first,o=this.labels;i;)i._start>=n&&(i._start+=t,i._end+=t),i=i._next;if(e)for(r in o)o[r]>=n&&(o[r]+=t);return Ct(this)},n.invalidate=function(){var e=this._first;for(this._lock=0;e;)e.invalidate(),e=e._next;return t.prototype.invalidate.call(this)},n.clear=function(t){void 0===t&&(t=!0);for(var e,n=this._first;n;)e=n._next,this.remove(n),n=e;return this._dp&&(this._time=this._tTime=this._pTime=0),t&&(this.labels={}),Ct(this)},n.totalDuration=function(t){var e,n,r,i=0,o=this,a=o._last,u=y;if(arguments.length)return o.timeScale((o._repeat<0?o.duration():o.totalDuration())/(o.reversed()?-t:t));if(o._dirty){for(r=o.parent;a;)e=a._prev,a._dirty&&a.totalDuration(),(n=a._start)>u&&o._sort&&a._ts&&!o._lock?(o._lock=1,St(o,a,n-a._delay,1)._lock=0):u=n,n<0&&a._ts&&(i-=n,(!r&&!o._dp||r&&r.smoothChildTiming)&&(o._start+=n/o._ts,o._time-=n,o._tTime-=n),o.shiftChildren(-n,!1,-Infinity),u=0),a._end>i&&a._ts&&(i=a._end),a=e;Lt(o,o===s&&o._time>i?o._time:i,1,1),o._dirty=0}return o._tDur},e.updateRoot=function(t){if(s._ts&&(pt(s,Tt(t,s)),c=pe.frame),pe.frame>=nt){nt+=v.autoSleep||120;var e=s._first;if((!e||!e._ts)&&v.autoSleep&&pe._listeners.length<2){for(;e&&!e._ts;)e=e._next;e||pe.sleep()}}},e}(Te);Dt(Me.prototype,{_lock:0,_hasPause:0,_forcing:0});var Ae,Pe=function(t,e,n,r,i,o,s){var a,u,l,h,c,f,p,d,g=new $e(this._pt,t,e,0,1,Ue,null,i),D=0,m=0;for(g.b=n,g.e=r,n+="",(p=~(r+="").indexOf("random("))&&(r=Jt(r)),o&&(o(d=[n,r],t,e),n=d[0],r=d[1]),u=n.match(I)||[];a=I.exec(r);)h=a[0],c=r.substring(D,a.index),l?l=(l+1)%5:"rgba("===c.substr(-5)&&(l=1),h!==u[m++]&&(f=parseFloat(u[m-1])||0,g._pt={_next:g._pt,p:c||1===m?c:",",s:f,c:"="===h.charAt(1)?parseFloat(h.substr(2))*("-"===h.charAt(0)?-1:1):parseFloat(h)-f,m:l&&l<4?Math.round:0},D=I.lastIndex);return g.c=D<r.length?r.substring(D,r.length):"",g.fp=s,(z.test(r)||p)&&(g.e=0),this._pt=g,g},Se=function(t,e,n,r,i,o,s,a,u){M(r)&&(r=r(i||0,t,o));var l,h=t[e],c="get"!==n?n:M(h)?u?t[e.indexOf("set")||!M(t["get"+e.substr(3)])?e:"get"+e.substr(3)](u):t[e]():h,f=M(h)?u?ze:Ie:Ye;if(T(r)&&(~r.indexOf("random(")&&(r=Jt(r)),"="===r.charAt(1)&&((l=parseFloat(c)+parseFloat(r.substr(2))*("-"===r.charAt(0)?-1:1)+(Ht(c)||0))||0===l)&&(r=l)),c!==r)return isNaN(c*r)||""===r?(!h&&!(e in t)&&q(e,r),Pe.call(this,t,e,c,r,f,a||v.stringFilter,u)):(l=new $e(this._pt,t,e,+c||0,r-(c||0),"boolean"==typeof h?je:Ve,0,f),u&&(l.fp=u),s&&l.modifier(s,this,t),this._pt=l)},Oe=function(t,e,n,r,i,o){var s,a,u,l;if(tt[t]&&!1!==(s=new tt[t]).init(i,s.rawVars?e[t]:function(t,e,n,r,i){if(M(t)&&(t=Le(t,i,e,n,r)),!S(t)||t.style&&t.nodeType||N(t)||L(t))return T(t)?Le(t,i,e,n,r):t;var o,s={};for(o in t)s[o]=Le(t[o],i,e,n,r);return s}(e[t],r,i,o,n),n,r,o)&&(n._pt=a=new $e(n._pt,i,t,0,1,s.render,s,0,s.priority),n!==f))for(u=n._ptLookup[n._targets.indexOf(i)],l=s._props.length;l--;)u[s._props[l]]=a;return s},ke=function t(e,n){var r,i,a,u,l,h,c,f,p,d,g,D,m,v=e.vars,x=v.ease,w=v.startAt,C=v.immediateRender,F=v.lazy,E=v.onUpdate,b=v.onUpdateParams,T=v.callbackScope,M=v.runBackwards,A=v.yoyoEase,P=v.keyframes,S=v.autoRevert,k=e._dur,B=e._startAt,L=e._targets,N=e.parent,R=N&&"nested"===N.data?N.parent._targets:L,X="auto"===e._overwrite&&!o,Y=e.timeline;if(Y&&(!P||!x)&&(x="none"),e._ease=xe(x,_.ease),e._yEase=A?_e(xe(!0===A?x:A,_.ease)):0,A&&e._yoyo&&!e._repeat&&(A=e._yEase,e._yEase=e._ease,e._ease=A),e._from=!Y&&!!v.runBackwards,!Y||P&&!v.stagger){if(D=(f=L[0]?st(L[0]).harness:0)&&v[f.prop],r=_t(v,Z),B&&wt(B.render(-1,!0)),w)if(wt(e._startAt=Xe.set(L,Dt({data:"isStart",overwrite:!1,parent:N,immediateRender:!0,lazy:O(F),startAt:null,delay:0,onUpdate:E,onUpdateParams:b,callbackScope:T,stagger:0},w))),n<0&&!C&&!S&&e._startAt.render(-1,!0),C){if(n>0&&!S&&(e._startAt=0),k&&n<=0)return void(n&&(e._zTime=n))}else!1===S&&(e._startAt=0);else if(M&&k)if(B)!S&&(e._startAt=0);else if(n&&(C=!1),a=Dt({overwrite:!1,data:"isFromStart",lazy:C&&O(F),immediateRender:C,stagger:0,parent:N},r),D&&(a[f.prop]=D),wt(e._startAt=Xe.set(L,a)),n<0&&e._startAt.render(-1,!0),e._zTime=n,C){if(!n)return}else t(e._startAt,1e-8);for(e._pt=0,F=k&&O(F)||F&&!k,i=0;i<L.length;i++){if(c=(l=L[i])._gsap||ot(L)[i]._gsap,e._ptLookup[i]=d={},J[c.id]&&$.length&&ft(),g=R===L?i:R.indexOf(l),f&&!1!==(p=new f).init(l,D||r,e,g,R)&&(e._pt=u=new $e(e._pt,l,p.name,0,1,p.render,p,0,p.priority),p._props.forEach((function(t){d[t]=u})),p.priority&&(h=1)),!f||D)for(a in r)tt[a]&&(p=Oe(a,r,e,g,l,R))?p.priority&&(h=1):d[a]=u=Se.call(e,l,a,"get",r[a],g,R,0,v.stringFilter);e._op&&e._op[i]&&e.kill(l,e._op[i]),X&&e._pt&&(Ae=e,s.killTweensOf(l,d,e.globalTime(n)),m=!e.parent,Ae=0),e._pt&&F&&(J[c.id]=1)}h&&Ze(e),e._onInit&&e._onInit(e)}e._onUpdate=E,e._initted=(!e._op||e._pt)&&!m,P&&n<=0&&Y.render(y,!0,!0)},Be=function(t,e,n,r){var i,o,s=e.ease||r||"power1.inOut";if(N(e))o=n[t]||(n[t]=[]),e.forEach((function(t,n){return o.push({t:n/(e.length-1)*100,v:t,e:s})}));else for(i in e)o=n[i]||(n[i]=[]),"ease"===i||o.push({t:parseFloat(t),v:e[i],e:s})},Le=function(t,e,n,r,i){return M(t)?t.call(e,n,r,i):T(t)&&~t.indexOf("random(")?Jt(t):t},Ne=it+"repeat,repeatDelay,yoyo,repeatRefresh,yoyoEase",Re={};ut(Ne+",id,stagger,delay,duration,paused,scrollTrigger",(function(t){return Re[t]=1}));var Xe=function(t){function e(e,n,i,a){var u;"number"==typeof n&&(i.duration=n,n=i,i=null);var l,h,c,f,p,d,g,D,m=(u=t.call(this,a?n:yt(n))||this).vars,_=m.duration,y=m.delay,x=m.immediateRender,w=m.stagger,C=m.overwrite,F=m.keyframes,E=m.defaults,b=m.scrollTrigger,T=m.yoyoEase,M=n.parent||s,P=(N(e)||L(e)?A(e[0]):"length"in n)?[e]:Ut(e);if(u._targets=P.length?ot(P):G("GSAP target "+e+" not found. https://greensock.com",!v.nullTargetWarn)||[],u._ptLookup=[],u._overwrite=C,F||w||B(_)||B(y)){if(n=u.vars,(l=u.timeline=new Me({data:"nested",defaults:E||{}})).kill(),l.parent=l._dp=r(u),l._start=0,w||B(_)||B(y)){if(f=P.length,g=w&&Gt(w),S(w))for(p in w)~Ne.indexOf(p)&&(D||(D={}),D[p]=w[p]);for(h=0;h<f;h++)(c=_t(n,Re)).stagger=0,T&&(c.yoyoEase=T),D&&mt(c,D),d=P[h],c.duration=+Le(_,r(u),h,d,P),c.delay=(+Le(y,r(u),h,d,P)||0)-u._delay,!w&&1===f&&c.delay&&(u._delay=y=c.delay,u._start+=y,c.delay=0),l.to(d,c,g?g(h,d,P):0),l._ease=ge.none;l.duration()?_=y=0:u.timeline=0}else if(F){yt(Dt(l.vars.defaults,{ease:"none"})),l._ease=xe(F.ease||n.ease||"none");var k,R,X,Y=0;if(N(F))F.forEach((function(t){return l.to(P,t,">")}));else{for(p in c={},F)"ease"===p||"easeEach"===p||Be(p,F[p],c,F.easeEach);for(p in c)for(k=c[p].sort((function(t,e){return t.t-e.t})),Y=0,h=0;h<k.length;h++)(X={ease:(R=k[h]).e,duration:(R.t-(h?k[h-1].t:0))/100*_})[p]=R.v,l.to(P,X,Y),Y+=X.duration;l.duration()<_&&l.to({},{duration:_-l.duration()})}}_||u.duration(_=l.duration())}else u.timeline=0;return!0!==C||o||(Ae=r(u),s.killTweensOf(P),Ae=0),St(M,r(u),i),n.reversed&&u.reverse(),n.paused&&u.paused(!0),(x||!_&&!F&&u._start===ht(M._time)&&O(x)&&function t(e){return!e||e._ts&&t(e.parent)}(r(u))&&"nested"!==M.data)&&(u._tTime=-1e-8,u.render(Math.max(0,-y))),b&&Ot(r(u),b),u}i(e,t);var n=e.prototype;return n.render=function(t,e,n){var r,i,o,s,a,u,l,h,c,f=this._time,p=this._tDur,d=this._dur,g=t>p-1e-8&&t>=0?p:t<1e-8?0:t;if(d){if(g!==this._tTime||!t||n||!this._initted&&this._tTime||this._startAt&&this._zTime<0!=t<0){if(r=g,h=this.timeline,this._repeat){if(s=d+this._rDelay,this._repeat<-1&&t<0)return this.totalTime(100*s+t,e,n);if(r=ht(g%s),g===p?(o=this._repeat,r=d):((o=~~(g/s))&&o===g/s&&(r=d,o--),r>d&&(r=d)),(u=this._yoyo&&1&o)&&(c=this._yEase,r=d-r),a=bt(this._tTime,s),r===f&&!n&&this._initted)return this;o!==a&&(h&&this._yEase&&ye(h,u),!this.vars.repeatRefresh||u||this._lock||(this._lock=n=1,this.render(ht(s*o),!0).invalidate()._lock=0))}if(!this._initted){if(kt(this,t<0?t:r,n,e))return this._tTime=0,this;if(d!==this._dur)return this.render(t,e,n)}if(this._tTime=g,this._time=r,!this._act&&this._ts&&(this._act=1,this._lazy=0),this.ratio=l=(c||this._ease)(r/d),this._from&&(this.ratio=l=1-l),r&&!f&&!e&&(ne(this,"onStart"),this._tTime!==g))return this;for(i=this._pt;i;)i.r(l,i.d),i=i._next;h&&h.render(t<0?t:!r&&u?-1e-8:h._dur*h._ease(r/this._dur),e,n)||this._startAt&&(this._zTime=t),this._onUpdate&&!e&&(t<0&&this._startAt&&this._startAt.render(t,!0,n),ne(this,"onUpdate")),this._repeat&&o!==a&&this.vars.onRepeat&&!e&&this.parent&&ne(this,"onRepeat"),g!==this._tDur&&g||this._tTime!==g||(t<0&&this._startAt&&!this._onUpdate&&this._startAt.render(t,!0,!0),(t||!d)&&(g===this._tDur&&this._ts>0||!g&&this._ts<0)&&wt(this,1),e||t<0&&!f||!g&&!f||(ne(this,g===p?"onComplete":"onReverseComplete",!0),this._prom&&!(g<p&&this.timeScale()>0)&&this._prom()))}}else!function(t,e,n,r){var i,o,s,a=t.ratio,u=e<0||!e&&(!t._start&&function t(e){var n=e.parent;return n&&n._ts&&n._initted&&!n._lock&&(n.rawTime()<0||t(n))}(t)&&(t._initted||!Bt(t))||(t._ts<0||t._dp._ts<0)&&!Bt(t))?0:1,l=t._rDelay,h=0;if(l&&t._repeat&&(h=zt(0,t._tDur,e),o=bt(h,l),t._yoyo&&1&o&&(u=1-u),o!==bt(t._tTime,l)&&(a=1-u,t.vars.repeatRefresh&&t._initted&&t.invalidate())),u!==a||r||1e-8===t._zTime||!e&&t._zTime){if(!t._initted&&kt(t,e,r,n))return;for(s=t._zTime,t._zTime=e||(n?1e-8:0),n||(n=e&&!s),t.ratio=u,t._from&&(u=1-u),t._time=0,t._tTime=h,i=t._pt;i;)i.r(u,i.d),i=i._next;t._startAt&&e<0&&t._startAt.render(e,!0,!0),t._onUpdate&&!n&&ne(t,"onUpdate"),h&&t._repeat&&!n&&t.parent&&ne(t,"onRepeat"),(e>=t._tDur||e<0)&&t.ratio===u&&(u&&wt(t,1),n||(ne(t,u?"onComplete":"onReverseComplete",!0),t._prom&&t._prom()))}else t._zTime||(t._zTime=e)}(this,t,e,n);return this},n.targets=function(){return this._targets},n.invalidate=function(){return this._pt=this._op=this._startAt=this._onUpdate=this._lazy=this.ratio=0,this._ptLookup=[],this.timeline&&this.timeline.invalidate(),t.prototype.invalidate.call(this)},n.kill=function(t,e){if(void 0===e&&(e="all"),!(t||e&&"all"!==e))return this._lazy=this._pt=0,this.parent?re(this):this;if(this.timeline){var n=this.timeline.totalDuration();return this.timeline.killTweensOf(t,e,Ae&&!0!==Ae.vars.overwrite)._first||re(this),this.parent&&n!==this.timeline.totalDuration()&&Lt(this,this._dur*this.timeline._tDur/n,0,1),this}var r,i,o,s,a,u,l,h=this._targets,c=t?Ut(t):h,f=this._ptLookup,p=this._pt;if((!e||"all"===e)&&function(t,e){for(var n=t.length,r=n===e.length;r&&n--&&t[n]===e[n];);return n<0}(h,c))return"all"===e&&(this._pt=0),re(this);for(r=this._op=this._op||[],"all"!==e&&(T(e)&&(a={},ut(e,(function(t){return a[t]=1})),e=a),e=function(t,e){var n,r,i,o,s=t[0]?st(t[0]).harness:0,a=s&&s.aliases;if(!a)return e;for(r in n=mt({},e),a)if(r in n)for(i=(o=a[r].split(",")).length;i--;)n[o[i]]=n[r];return n}(h,e)),l=h.length;l--;)if(~c.indexOf(h[l]))for(a in i=f[l],"all"===e?(r[l]=e,s=i,o={}):(o=r[l]=r[l]||{},s=e),s)(u=i&&i[a])&&("kill"in u.d&&!0!==u.d.kill(a)||xt(this,u,"_pt"),delete i[a]),"all"!==o&&(o[a]=1);return this._initted&&!this._pt&&p&&re(this),this},e.to=function(t,n){return new e(t,n,arguments[2])},e.from=function(t,e){return Yt(1,arguments)},e.delayedCall=function(t,n,r,i){return new e(n,0,{immediateRender:!1,lazy:!1,overwrite:!1,delay:t,onComplete:n,onReverseComplete:n,onCompleteParams:r,onReverseCompleteParams:r,callbackScope:i})},e.fromTo=function(t,e,n){return Yt(2,arguments)},e.set=function(t,n){return n.duration=0,n.repeatDelay||(n.repeat=0),new e(t,n)},e.killTweensOf=function(t,e,n){return s.killTweensOf(t,e,n)},e}(Te);Dt(Xe.prototype,{_targets:[],_lazy:0,_startAt:0,_op:0,_onInit:0}),ut("staggerTo,staggerFrom,staggerFromTo",(function(t){Xe[t]=function(){var e=new Me,n=Wt.call(arguments,0);return n.splice("staggerFromTo"===t?5:4,0,0),e[t].apply(e,n)}}));var Ye=function(t,e,n){return t[e]=n},Ie=function(t,e,n){return t[e](n)},ze=function(t,e,n,r){return t[e](r.fp,n)},He=function(t,e,n){return t.setAttribute(e,n)},We=function(t,e){return M(t[e])?Ie:P(t[e])&&t.setAttribute?He:Ye},Ve=function(t,e){return e.set(e.t,e.p,Math.round(1e6*(e.s+e.c*t))/1e6,e)},je=function(t,e){return e.set(e.t,e.p,!!(e.s+e.c*t),e)},Ue=function(t,e){var n=e._pt,r="";if(!t&&e.b)r=e.b;else if(1===t&&e.e)r=e.e;else{for(;n;)r=n.p+(n.m?n.m(n.s+n.c*t):Math.round(1e4*(n.s+n.c*t))/1e4)+r,n=n._next;r+=e.c}e.set(e.t,e.p,r,e)},qe=function(t,e){for(var n=e._pt;n;)n.r(t,n.d),n=n._next},Ge=function(t,e,n,r){for(var i,o=this._pt;o;)i=o._next,o.p===r&&o.modifier(t,e,n),o=i},Ke=function(t){for(var e,n,r=this._pt;r;)n=r._next,r.p===t&&!r.op||r.op===t?xt(this,r,"_pt"):r.dep||(e=1),r=n;return!e},Qe=function(t,e,n,r){r.mSet(t,e,r.m.call(r.tween,n,r.mt),r)},Ze=function(t){for(var e,n,r,i,o=t._pt;o;){for(e=o._next,n=r;n&&n.pr>o.pr;)n=n._next;(o._prev=n?n._prev:i)?o._prev._next=o:r=o,(o._next=n)?n._prev=o:i=o,o=e}t._pt=r},$e=function(){function t(t,e,n,r,i,o,s,a,u){this.t=e,this.s=r,this.c=i,this.p=n,this.r=o||Ve,this.d=s||this,this.set=a||Ye,this.pr=u||0,this._next=t,t&&(t._prev=this)}return t.prototype.modifier=function(t,e,n){this.mSet=this.mSet||this.set,this.set=Qe,this.m=t,this.mt=n,this.tween=e},t}();ut(it+"parent,duration,ease,delay,overwrite,runBackwards,startAt,yoyo,immediateRender,repeat,repeatDelay,data,paused,reversed,lazy,callbackScope,stringFilter,id,yoyoEase,stagger,inherit,repeatRefresh,keyframes,autoRevert,scrollTrigger",(function(t){return Z[t]=1})),V.TweenMax=V.TweenLite=Xe,V.TimelineLite=V.TimelineMax=Me,s=new Me({sortChildren:!1,defaults:_,autoRemoveChildren:!0,id:"root",smoothChildTiming:!0}),v.stringFilter=fe;var Je={registerPlugin:function(){for(var t=arguments.length,e=new Array(t),n=0;n<t;n++)e[n]=arguments[n];e.forEach((function(t){return ie(t)}))},timeline:function(t){return new Me(t)},getTweensOf:function(t,e){return s.getTweensOf(t,e)},getProperty:function(t,e,n,r){T(t)&&(t=Ut(t)[0]);var i=st(t||{}).get,o=n?gt:dt;return"native"===n&&(n=""),t?e?o((tt[e]&&tt[e].get||i)(t,e,n,r)):function(e,n,r){return o((tt[e]&&tt[e].get||i)(t,e,n,r))}:t},quickSetter:function(t,e,n){if((t=Ut(t)).length>1){var r=t.map((function(t){return nn.quickSetter(t,e,n)})),i=r.length;return function(t){for(var e=i;e--;)r[e](t)}}t=t[0]||{};var o=tt[e],s=st(t),a=s.harness&&(s.harness.aliases||{})[e]||e,u=o?function(e){var r=new o;f._pt=0,r.init(t,n?e+n:e,f,0,[t]),r.render(1,r),f._pt&&qe(1,f)}:s.set(t,a);return o?u:function(e){return u(t,a,n?e+n:e,s,1)}},isTweening:function(t){return s.getTweensOf(t,!0).length>0},defaults:function(t){return t&&t.ease&&(t.ease=xe(t.ease,_.ease)),vt(_,t||{})},config:function(t){return vt(v,t||{})},registerEffect:function(t){var e=t.name,n=t.effect,r=t.plugins,i=t.defaults,o=t.extendTimeline;(r||"").split(",").forEach((function(t){return t&&!tt[t]&&!V[t]&&G(e+" effect requires "+t+" plugin.")})),et[e]=function(t,e,r){return n(Ut(t),Dt(e||{},i),r)},o&&(Me.prototype[e]=function(t,n,r){return this.add(et[e](t,S(n)?n:(r=n)&&{},this),r)})},registerEase:function(t,e){ge[t]=xe(e)},parseEase:function(t,e){return arguments.length?xe(t,e):ge},getById:function(t){return s.getById(t)},exportRoot:function(t,e){void 0===t&&(t={});var n,r,i=new Me(t);for(i.smoothChildTiming=O(t.smoothChildTiming),s.remove(i),i._dp=0,i._time=i._tTime=s._time,n=s._first;n;)r=n._next,!e&&!n._dur&&n instanceof Xe&&n.vars.onComplete===n._targets[0]||St(i,n,n._start-n._delay),n=r;return St(s,i,0),i},utils:{wrap:function t(e,n,r){var i=n-e;return N(e)?$t(e,t(0,e.length),n):It(r,(function(t){return(i+(t-e)%i)%i+e}))},wrapYoyo:function t(e,n,r){var i=n-e,o=2*i;return N(e)?$t(e,t(0,e.length-1),n):It(r,(function(t){return e+((t=(o+(t-e)%o)%o||0)>i?o-t:t)}))},distribute:Gt,random:Zt,snap:Qt,normalize:function(t,e,n){return te(t,e,0,1,n)},getUnit:Ht,clamp:function(t,e,n){return It(n,(function(n){return zt(t,e,n)}))},splitColor:ae,toArray:Ut,selector:function(t){return t=Ut(t)[0]||G("Invalid scope")||{},function(e){var n=t.current||t.nativeElement||t;return Ut(e,n.querySelectorAll?n:n===t?G("Invalid scope")||l.createElement("div"):t)}},mapRange:te,pipe:function(){for(var t=arguments.length,e=new Array(t),n=0;n<t;n++)e[n]=arguments[n];return function(t){return e.reduce((function(t,e){return e(t)}),t)}},unitize:function(t,e){return function(n){return t(parseFloat(n))+(e||Ht(n))}},interpolate:function t(e,n,r,i){var o=isNaN(e+n)?0:function(t){return(1-t)*e+t*n};if(!o){var s,a,u,l,h,c=T(e),f={};if(!0===r&&(i=1)&&(r=null),c)e={p:e},n={p:n};else if(N(e)&&!N(n)){for(u=[],l=e.length,h=l-2,a=1;a<l;a++)u.push(t(e[a-1],e[a]));l--,o=function(t){t*=l;var e=Math.min(h,~~t);return u[e](t-e)},r=n}else i||(e=mt(N(e)?[]:{},e));if(!u){for(s in n)Se.call(f,e,s,"get",n[s]);o=function(t){return qe(t,f)||(c?e.p:e)}}}return It(r,o)},shuffle:qt},install:U,effects:et,ticker:pe,updateRoot:Me.updateRoot,plugins:tt,globalTimeline:s,core:{PropTween:$e,globals:K,Tween:Xe,Timeline:Me,Animation:Te,getCache:st,_removeLinkedListItem:xt,suppressOverwrites:function(t){return o=t}}};ut("to,from,fromTo,delayedCall,set,killTweensOf",(function(t){return Je[t]=Xe[t]})),pe.add(Me.updateRoot),f=Je.to({},{duration:0});var tn=function(t,e){for(var n=t._pt;n&&n.p!==e&&n.op!==e&&n.fp!==e;)n=n._next;return n},en=function(t,e){return{name:t,rawVars:1,init:function(t,n,r){r._onInit=function(t){var r,i;if(T(n)&&(r={},ut(n,(function(t){return r[t]=1})),n=r),e){for(i in r={},n)r[i]=e(n[i]);n=r}!function(t,e){var n,r,i,o=t._targets;for(n in e)for(r=o.length;r--;)(i=t._ptLookup[r][n])&&(i=i.d)&&(i._pt&&(i=tn(i,n)),i&&i.modifier&&i.modifier(e[n],t,o[r],n))}(t,n)}}}},nn=Je.registerPlugin({name:"attr",init:function(t,e,n,r,i){var o,s;for(o in e)(s=this.add(t,"setAttribute",(t.getAttribute(o)||0)+"",e[o],r,i,0,0,o))&&(s.op=o),this._props.push(o)}},{name:"endArray",init:function(t,e){for(var n=e.length;n--;)this.add(t,n,t[n]||0,e[n])}},en("roundProps",Kt),en("modifiers"),en("snap",Qt))||Je;Xe.version=Me.version=nn.version="3.9.1",h=1,k()&&de();ge.Power0,ge.Power1,ge.Power2,ge.Power3,ge.Power4,ge.Linear,ge.Quad,ge.Cubic,ge.Quart,ge.Quint,ge.Strong,ge.Elastic,ge.Back,ge.SteppedEase,ge.Bounce,ge.Sine,ge.Expo,ge.Circ;
/*!
 * CSSPlugin 3.9.1
 * https://greensock.com
 *
 * Copyright 2008-2021, GreenSock. All rights reserved.
 * Subject to the terms at https://greensock.com/standard-license or for
 * Club GreenSock members, the agreement issued with that membership.
 * @author: Jack Doyle, jack@greensock.com
*/var rn,on,sn,an,un,ln,hn,cn={},fn=180/Math.PI,pn=Math.PI/180,dn=Math.atan2,gn=/([A-Z])/g,Dn=/(?:left|right|width|margin|padding|x)/i,mn=/[\s,\(]\S/,vn={autoAlpha:"opacity,visibility",scale:"scaleX,scaleY",alpha:"opacity"},_n=function(t,e){return e.set(e.t,e.p,Math.round(1e4*(e.s+e.c*t))/1e4+e.u,e)},yn=function(t,e){return e.set(e.t,e.p,1===t?e.e:Math.round(1e4*(e.s+e.c*t))/1e4+e.u,e)},xn=function(t,e){return e.set(e.t,e.p,t?Math.round(1e4*(e.s+e.c*t))/1e4+e.u:e.b,e)},wn=function(t,e){var n=e.s+e.c*t;e.set(e.t,e.p,~~(n+(n<0?-.5:.5))+e.u,e)},Cn=function(t,e){return e.set(e.t,e.p,t?e.e:e.b,e)},Fn=function(t,e){return e.set(e.t,e.p,1!==t?e.b:e.e,e)},En=function(t,e,n){return t.style[e]=n},bn=function(t,e,n){return t.style.setProperty(e,n)},Tn=function(t,e,n){return t._gsap[e]=n},Mn=function(t,e,n){return t._gsap.scaleX=t._gsap.scaleY=n},An=function(t,e,n,r,i){var o=t._gsap;o.scaleX=o.scaleY=n,o.renderTransform(i,o)},Pn=function(t,e,n,r,i){var o=t._gsap;o[e]=n,o.renderTransform(i,o)},Sn="transform",On=Sn+"Origin",kn=function(t,e){var n=on.createElementNS?on.createElementNS((e||"http://www.w3.org/1999/xhtml").replace(/^https/,"http"),t):on.createElement(t);return n.style?n:on.createElement(t)},Bn=function t(e,n,r){var i=getComputedStyle(e);return i[n]||i.getPropertyValue(n.replace(gn,"-$1").toLowerCase())||i.getPropertyValue(n)||!r&&t(e,Nn(n)||n,1)||""},Ln="O,Moz,ms,Ms,Webkit".split(","),Nn=function(t,e,n){var r=(e||un).style,i=5;if(t in r&&!n)return t;for(t=t.charAt(0).toUpperCase()+t.substr(1);i--&&!(Ln[i]+t in r););return i<0?null:(3===i?"ms":i>=0?Ln[i]:"")+t},Rn=function(){"undefined"!=typeof window&&window.document&&(rn=window,on=rn.document,sn=on.documentElement,un=kn("div")||{style:{}},kn("div"),Sn=Nn(Sn),On=Sn+"Origin",un.style.cssText="border-width:0;line-height:0;position:absolute;padding:0",hn=!!Nn("perspective"),an=1)},Xn=function t(e){var n,r=kn("svg",this.ownerSVGElement&&this.ownerSVGElement.getAttribute("xmlns")||"http://www.w3.org/2000/svg"),i=this.parentNode,o=this.nextSibling,s=this.style.cssText;if(sn.appendChild(r),r.appendChild(this),this.style.display="block",e)try{n=this.getBBox(),this._gsapBBox=this.getBBox,this.getBBox=t}catch(t){}else this._gsapBBox&&(n=this._gsapBBox());return i&&(o?i.insertBefore(this,o):i.appendChild(this)),sn.removeChild(r),this.style.cssText=s,n},Yn=function(t,e){for(var n=e.length;n--;)if(t.hasAttribute(e[n]))return t.getAttribute(e[n])},In=function(t){var e;try{e=t.getBBox()}catch(n){e=Xn.call(t,!0)}return e&&(e.width||e.height)||t.getBBox===Xn||(e=Xn.call(t,!0)),!e||e.width||e.x||e.y?e:{x:+Yn(t,["x","cx","x1"])||0,y:+Yn(t,["y","cy","y1"])||0,width:0,height:0}},zn=function(t){return!(!t.getCTM||t.parentNode&&!t.ownerSVGElement||!In(t))},Hn=function(t,e){if(e){var n=t.style;e in cn&&e!==On&&(e=Sn),n.removeProperty?("ms"!==e.substr(0,2)&&"webkit"!==e.substr(0,6)||(e="-"+e),n.removeProperty(e.replace(gn,"-$1").toLowerCase())):n.removeAttribute(e)}},Wn=function(t,e,n,r,i,o){var s=new $e(t._pt,e,n,0,1,o?Fn:Cn);return t._pt=s,s.b=r,s.e=i,t._props.push(n),s},Vn={deg:1,rad:1,turn:1},jn=function t(e,n,r,i){var o,s,a,u,l=parseFloat(r)||0,h=(r+"").trim().substr((l+"").length)||"px",c=un.style,f=Dn.test(n),p="svg"===e.tagName.toLowerCase(),d=(p?"client":"offset")+(f?"Width":"Height"),g="px"===i,D="%"===i;return i===h||!l||Vn[i]||Vn[h]?l:("px"!==h&&!g&&(l=t(e,n,r,"px")),u=e.getCTM&&zn(e),!D&&"%"!==h||!cn[n]&&!~n.indexOf("adius")?(c[f?"width":"height"]=100+(g?h:i),s=~n.indexOf("adius")||"em"===i&&e.appendChild&&!p?e:e.parentNode,u&&(s=(e.ownerSVGElement||{}).parentNode),s&&s!==on&&s.appendChild||(s=on.body),(a=s._gsap)&&D&&a.width&&f&&a.time===pe.time?lt(l/a.width*100):((D||"%"===h)&&(c.position=Bn(e,"position")),s===e&&(c.position="static"),s.appendChild(un),o=un[d],s.removeChild(un),c.position="absolute",f&&D&&((a=st(s)).time=pe.time,a.width=s[d]),lt(g?o*l/100:o&&l?100/o*l:0))):(o=u?e.getBBox()[f?"width":"height"]:e[d],lt(D?l/o*100:l/100*o)))},Un=function(t,e,n,r){var i;return an||Rn(),e in vn&&"transform"!==e&&~(e=vn[e]).indexOf(",")&&(e=e.split(",")[0]),cn[e]&&"transform"!==e?(i=rr(t,r),i="transformOrigin"!==e?i[e]:i.svg?i.origin:ir(Bn(t,On))+" "+i.zOrigin+"px"):(!(i=t.style[e])||"auto"===i||r||~(i+"").indexOf("calc("))&&(i=Qn[e]&&Qn[e](t,e,n)||Bn(t,e)||at(t,e)||("opacity"===e?1:0)),n&&!~(i+"").trim().indexOf(" ")?jn(t,e,i,n)+n:i},qn=function(t,e,n,r){if(!n||"none"===n){var i=Nn(e,t,1),o=i&&Bn(t,i,1);o&&o!==n?(e=i,n=o):"borderColor"===e&&(n=Bn(t,"borderTopColor"))}var s,a,u,l,h,c,f,p,d,g,D,m,_=new $e(this._pt,t.style,e,0,1,Ue),y=0,x=0;if(_.b=n,_.e=r,n+="","auto"===(r+="")&&(t.style[e]=r,r=Bn(t,e)||r,t.style[e]=n),fe(s=[n,r]),r=s[1],u=(n=s[0]).match(Y)||[],(r.match(Y)||[]).length){for(;a=Y.exec(r);)f=a[0],d=r.substring(y,a.index),h?h=(h+1)%5:"rgba("!==d.substr(-5)&&"hsla("!==d.substr(-5)||(h=1),f!==(c=u[x++]||"")&&(l=parseFloat(c)||0,D=c.substr((l+"").length),(m="="===f.charAt(1)?+(f.charAt(0)+"1"):0)&&(f=f.substr(2)),p=parseFloat(f),g=f.substr((p+"").length),y=Y.lastIndex-g.length,g||(g=g||v.units[e]||D,y===r.length&&(r+=g,_.e+=g)),D!==g&&(l=jn(t,e,c,g)||0),_._pt={_next:_._pt,p:d||1===x?d:",",s:l,c:m?m*p:p-l,m:h&&h<4||"zIndex"===e?Math.round:0});_.c=y<r.length?r.substring(y,r.length):""}else _.r="display"===e&&"none"===r?Fn:Cn;return z.test(r)&&(_.e=0),this._pt=_,_},Gn={top:"0%",bottom:"100%",left:"0%",right:"100%",center:"50%"},Kn=function(t,e){if(e.tween&&e.tween._time===e.tween._dur){var n,r,i,o=e.t,s=o.style,a=e.u,u=o._gsap;if("all"===a||!0===a)s.cssText="",r=1;else for(i=(a=a.split(",")).length;--i>-1;)n=a[i],cn[n]&&(r=1,n="transformOrigin"===n?On:Sn),Hn(o,n);r&&(Hn(o,Sn),u&&(u.svg&&o.removeAttribute("transform"),rr(o,1),u.uncache=1))}},Qn={clearProps:function(t,e,n,r,i){if("isFromStart"!==i.data){var o=t._pt=new $e(t._pt,e,n,0,0,Kn);return o.u=r,o.pr=-10,o.tween=i,t._props.push(n),1}}},Zn=[1,0,0,1,0,0],$n={},Jn=function(t){return"matrix(1, 0, 0, 1, 0, 0)"===t||"none"===t||!t},tr=function(t){var e=Bn(t,Sn);return Jn(e)?Zn:e.substr(7).match(X).map(lt)},er=function(t,e){var n,r,i,o,s=t._gsap||st(t),a=t.style,u=tr(t);return s.svg&&t.getAttribute("transform")?"1,0,0,1,0,0"===(u=[(i=t.transform.baseVal.consolidate().matrix).a,i.b,i.c,i.d,i.e,i.f]).join(",")?Zn:u:(u!==Zn||t.offsetParent||t===sn||s.svg||(i=a.display,a.display="block",(n=t.parentNode)&&t.offsetParent||(o=1,r=t.nextSibling,sn.appendChild(t)),u=tr(t),i?a.display=i:Hn(t,"display"),o&&(r?n.insertBefore(t,r):n?n.appendChild(t):sn.removeChild(t))),e&&u.length>6?[u[0],u[1],u[4],u[5],u[12],u[13]]:u)},nr=function(t,e,n,r,i,o){var s,a,u,l=t._gsap,h=i||er(t,!0),c=l.xOrigin||0,f=l.yOrigin||0,p=l.xOffset||0,d=l.yOffset||0,g=h[0],D=h[1],m=h[2],v=h[3],_=h[4],y=h[5],x=e.split(" "),w=parseFloat(x[0])||0,C=parseFloat(x[1])||0;n?h!==Zn&&(a=g*v-D*m)&&(u=w*(-D/a)+C*(g/a)-(g*y-D*_)/a,w=w*(v/a)+C*(-m/a)+(m*y-v*_)/a,C=u):(w=(s=In(t)).x+(~x[0].indexOf("%")?w/100*s.width:w),C=s.y+(~(x[1]||x[0]).indexOf("%")?C/100*s.height:C)),r||!1!==r&&l.smooth?(_=w-c,y=C-f,l.xOffset=p+(_*g+y*m)-_,l.yOffset=d+(_*D+y*v)-y):l.xOffset=l.yOffset=0,l.xOrigin=w,l.yOrigin=C,l.smooth=!!r,l.origin=e,l.originIsAbsolute=!!n,t.style[On]="0px 0px",o&&(Wn(o,l,"xOrigin",c,w),Wn(o,l,"yOrigin",f,C),Wn(o,l,"xOffset",p,l.xOffset),Wn(o,l,"yOffset",d,l.yOffset)),t.setAttribute("data-svg-origin",w+" "+C)},rr=function(t,e){var n=t._gsap||new be(t);if("x"in n&&!e&&!n.uncache)return n;var r,i,o,s,a,u,l,h,c,f,p,d,g,D,m,_,y,x,w,C,F,E,b,T,M,A,P,S,O,k,B,L,N=t.style,R=n.scaleX<0,X=Bn(t,On)||"0";return r=i=o=u=l=h=c=f=p=0,s=a=1,n.svg=!(!t.getCTM||!zn(t)),D=er(t,n.svg),n.svg&&(T=(!n.uncache||"0px 0px"===X)&&!e&&t.getAttribute("data-svg-origin"),nr(t,T||X,!!T||n.originIsAbsolute,!1!==n.smooth,D)),d=n.xOrigin||0,g=n.yOrigin||0,D!==Zn&&(x=D[0],w=D[1],C=D[2],F=D[3],r=E=D[4],i=b=D[5],6===D.length?(s=Math.sqrt(x*x+w*w),a=Math.sqrt(F*F+C*C),u=x||w?dn(w,x)*fn:0,(c=C||F?dn(C,F)*fn+u:0)&&(a*=Math.abs(Math.cos(c*pn))),n.svg&&(r-=d-(d*x+g*C),i-=g-(d*w+g*F))):(L=D[6],k=D[7],P=D[8],S=D[9],O=D[10],B=D[11],r=D[12],i=D[13],o=D[14],l=(m=dn(L,O))*fn,m&&(T=E*(_=Math.cos(-m))+P*(y=Math.sin(-m)),M=b*_+S*y,A=L*_+O*y,P=E*-y+P*_,S=b*-y+S*_,O=L*-y+O*_,B=k*-y+B*_,E=T,b=M,L=A),h=(m=dn(-C,O))*fn,m&&(_=Math.cos(-m),B=F*(y=Math.sin(-m))+B*_,x=T=x*_-P*y,w=M=w*_-S*y,C=A=C*_-O*y),u=(m=dn(w,x))*fn,m&&(T=x*(_=Math.cos(m))+w*(y=Math.sin(m)),M=E*_+b*y,w=w*_-x*y,b=b*_-E*y,x=T,E=M),l&&Math.abs(l)+Math.abs(u)>359.9&&(l=u=0,h=180-h),s=lt(Math.sqrt(x*x+w*w+C*C)),a=lt(Math.sqrt(b*b+L*L)),m=dn(E,b),c=Math.abs(m)>2e-4?m*fn:0,p=B?1/(B<0?-B:B):0),n.svg&&(T=t.getAttribute("transform"),n.forceCSS=t.setAttribute("transform","")||!Jn(Bn(t,Sn)),T&&t.setAttribute("transform",T))),Math.abs(c)>90&&Math.abs(c)<270&&(R?(s*=-1,c+=u<=0?180:-180,u+=u<=0?180:-180):(a*=-1,c+=c<=0?180:-180)),n.x=r-((n.xPercent=r&&(n.xPercent||(Math.round(t.offsetWidth/2)===Math.round(-r)?-50:0)))?t.offsetWidth*n.xPercent/100:0)+"px",n.y=i-((n.yPercent=i&&(n.yPercent||(Math.round(t.offsetHeight/2)===Math.round(-i)?-50:0)))?t.offsetHeight*n.yPercent/100:0)+"px",n.z=o+"px",n.scaleX=lt(s),n.scaleY=lt(a),n.rotation=lt(u)+"deg",n.rotationX=lt(l)+"deg",n.rotationY=lt(h)+"deg",n.skewX=c+"deg",n.skewY=f+"deg",n.transformPerspective=p+"px",(n.zOrigin=parseFloat(X.split(" ")[2])||0)&&(N[On]=ir(X)),n.xOffset=n.yOffset=0,n.force3D=v.force3D,n.renderTransform=n.svg?ur:hn?ar:sr,n.uncache=0,n},ir=function(t){return(t=t.split(" "))[0]+" "+t[1]},or=function(t,e,n){var r=Ht(e);return lt(parseFloat(e)+parseFloat(jn(t,"x",n+"px",r)))+r},sr=function(t,e){e.z="0px",e.rotationY=e.rotationX="0deg",e.force3D=0,ar(t,e)},ar=function(t,e){var n=e||this,r=n.xPercent,i=n.yPercent,o=n.x,s=n.y,a=n.z,u=n.rotation,l=n.rotationY,h=n.rotationX,c=n.skewX,f=n.skewY,p=n.scaleX,d=n.scaleY,g=n.transformPerspective,D=n.force3D,m=n.target,v=n.zOrigin,_="",y="auto"===D&&t&&1!==t||!0===D;if(v&&("0deg"!==h||"0deg"!==l)){var x,w=parseFloat(l)*pn,C=Math.sin(w),F=Math.cos(w);w=parseFloat(h)*pn,x=Math.cos(w),o=or(m,o,C*x*-v),s=or(m,s,-Math.sin(w)*-v),a=or(m,a,F*x*-v+v)}"0px"!==g&&(_+="perspective("+g+") "),(r||i)&&(_+="translate("+r+"%, "+i+"%) "),(y||"0px"!==o||"0px"!==s||"0px"!==a)&&(_+="0px"!==a||y?"translate3d("+o+", "+s+", "+a+") ":"translate("+o+", "+s+") "),"0deg"!==u&&(_+="rotate("+u+") "),"0deg"!==l&&(_+="rotateY("+l+") "),"0deg"!==h&&(_+="rotateX("+h+") "),"0deg"===c&&"0deg"===f||(_+="skew("+c+", "+f+") "),1===p&&1===d||(_+="scale("+p+", "+d+") "),m.style[Sn]=_||"translate(0, 0)"},ur=function(t,e){var n,r,i,o,s,a=e||this,u=a.xPercent,l=a.yPercent,h=a.x,c=a.y,f=a.rotation,p=a.skewX,d=a.skewY,g=a.scaleX,D=a.scaleY,m=a.target,v=a.xOrigin,_=a.yOrigin,y=a.xOffset,x=a.yOffset,w=a.forceCSS,C=parseFloat(h),F=parseFloat(c);f=parseFloat(f),p=parseFloat(p),(d=parseFloat(d))&&(p+=d=parseFloat(d),f+=d),f||p?(f*=pn,p*=pn,n=Math.cos(f)*g,r=Math.sin(f)*g,i=Math.sin(f-p)*-D,o=Math.cos(f-p)*D,p&&(d*=pn,s=Math.tan(p-d),i*=s=Math.sqrt(1+s*s),o*=s,d&&(s=Math.tan(d),n*=s=Math.sqrt(1+s*s),r*=s)),n=lt(n),r=lt(r),i=lt(i),o=lt(o)):(n=g,o=D,r=i=0),(C&&!~(h+"").indexOf("px")||F&&!~(c+"").indexOf("px"))&&(C=jn(m,"x",h,"px"),F=jn(m,"y",c,"px")),(v||_||y||x)&&(C=lt(C+v-(v*n+_*i)+y),F=lt(F+_-(v*r+_*o)+x)),(u||l)&&(s=m.getBBox(),C=lt(C+u/100*s.width),F=lt(F+l/100*s.height)),s="matrix("+n+","+r+","+i+","+o+","+C+","+F+")",m.setAttribute("transform",s),w&&(m.style[Sn]=s)},lr=function(t,e,n,r,i,o){var s,a,u=T(i),l=parseFloat(i)*(u&&~i.indexOf("rad")?fn:1),h=o?l*o:l-r,c=r+h+"deg";return u&&("short"===(s=i.split("_")[1])&&(h%=360)!==h%180&&(h+=h<0?360:-360),"cw"===s&&h<0?h=(h+36e9)%360-360*~~(h/360):"ccw"===s&&h>0&&(h=(h-36e9)%360-360*~~(h/360))),t._pt=a=new $e(t._pt,e,n,r,h,yn),a.e=c,a.u="deg",t._props.push(n),a},hr=function(t,e){for(var n in e)t[n]=e[n];return t},cr=function(t,e,n){var r,i,o,s,a,u,l,h=hr({},n._gsap),c=n.style;for(i in h.svg?(o=n.getAttribute("transform"),n.setAttribute("transform",""),c[Sn]=e,r=rr(n,1),Hn(n,Sn),n.setAttribute("transform",o)):(o=getComputedStyle(n)[Sn],c[Sn]=e,r=rr(n,1),c[Sn]=o),cn)(o=h[i])!==(s=r[i])&&"perspective,force3D,transformOrigin,svgOrigin".indexOf(i)<0&&(a=Ht(o)!==(l=Ht(s))?jn(n,i,o,l):parseFloat(o),u=parseFloat(s),t._pt=new $e(t._pt,r,i,a,u-a,_n),t._pt.u=l||0,t._props.push(i));hr(r,h)};ut("padding,margin,Width,Radius",(function(t,e){var n="Top",r="Right",i="Bottom",o="Left",s=(e<3?[n,r,i,o]:[n+o,n+r,i+r,i+o]).map((function(n){return e<2?t+n:"border"+n+t}));Qn[e>1?"border"+t:t]=function(t,e,n,r,i){var o,a;if(arguments.length<4)return o=s.map((function(e){return Un(t,e,n)})),5===(a=o.join(" ")).split(o[0]).length?o[0]:a;o=(r+"").split(" "),a={},s.forEach((function(t,e){return a[t]=o[e]=o[e]||o[(e-1)/2|0]})),t.init(e,a,i)}}));var fr,pr,dr={name:"css",register:Rn,targetTest:function(t){return t.style&&t.nodeType},init:function(t,e,n,r,i){var o,s,a,u,l,h,c,f,p,d,g,D,m,_,y,x,w,C,F,E=this._props,b=t.style,M=n.vars.startAt;for(c in an||Rn(),e)if("autoRound"!==c&&(s=e[c],!tt[c]||!Oe(c,e,n,r,t,i)))if(l=typeof s,h=Qn[c],"function"===l&&(l=typeof(s=s.call(n,r,t,i))),"string"===l&&~s.indexOf("random(")&&(s=Jt(s)),h)h(this,t,c,s,n)&&(y=1);else if("--"===c.substr(0,2))o=(getComputedStyle(t).getPropertyValue(c)+"").trim(),s+="",he.lastIndex=0,he.test(o)||(f=Ht(o),p=Ht(s)),p?f!==p&&(o=jn(t,c,o,p)+p):f&&(s+=f),this.add(b,"setProperty",o,s,r,i,0,0,c),E.push(c);else if("undefined"!==l){if(M&&c in M?(o="function"==typeof M[c]?M[c].call(n,r,t,i):M[c],T(o)&&~o.indexOf("random(")&&(o=Jt(o)),Ht(o+"")||(o+=v.units[c]||Ht(Un(t,c))||""),"="===(o+"").charAt(1)&&(o=Un(t,c))):o=Un(t,c),u=parseFloat(o),(d="string"===l&&"="===s.charAt(1)?+(s.charAt(0)+"1"):0)&&(s=s.substr(2)),a=parseFloat(s),c in vn&&("autoAlpha"===c&&(1===u&&"hidden"===Un(t,"visibility")&&a&&(u=0),Wn(this,b,"visibility",u?"inherit":"hidden",a?"inherit":"hidden",!a)),"scale"!==c&&"transform"!==c&&~(c=vn[c]).indexOf(",")&&(c=c.split(",")[0])),g=c in cn)if(D||((m=t._gsap).renderTransform&&!e.parseTransform||rr(t,e.parseTransform),_=!1!==e.smoothOrigin&&m.smooth,(D=this._pt=new $e(this._pt,b,Sn,0,1,m.renderTransform,m,0,-1)).dep=1),"scale"===c)this._pt=new $e(this._pt,m,"scaleY",m.scaleY,(d?d*a:a-m.scaleY)||0),E.push("scaleY",c),c+="X";else{if("transformOrigin"===c){w=void 0,C=void 0,F=void 0,w=(x=s).split(" "),C=w[0],F=w[1]||"50%","top"!==C&&"bottom"!==C&&"left"!==F&&"right"!==F||(x=C,C=F,F=x),w[0]=Gn[C]||C,w[1]=Gn[F]||F,s=w.join(" "),m.svg?nr(t,s,0,_,0,this):((p=parseFloat(s.split(" ")[2])||0)!==m.zOrigin&&Wn(this,m,"zOrigin",m.zOrigin,p),Wn(this,b,c,ir(o),ir(s)));continue}if("svgOrigin"===c){nr(t,s,1,_,0,this);continue}if(c in $n){lr(this,m,c,u,s,d);continue}if("smoothOrigin"===c){Wn(this,m,"smooth",m.smooth,s);continue}if("force3D"===c){m[c]=s;continue}if("transform"===c){cr(this,s,t);continue}}else c in b||(c=Nn(c)||c);if(g||(a||0===a)&&(u||0===u)&&!mn.test(s)&&c in b)a||(a=0),(f=(o+"").substr((u+"").length))!==(p=Ht(s)||(c in v.units?v.units[c]:f))&&(u=jn(t,c,o,p)),this._pt=new $e(this._pt,g?m:b,c,u,d?d*a:a-u,g||"px"!==p&&"zIndex"!==c||!1===e.autoRound?_n:wn),this._pt.u=p||0,f!==p&&"%"!==p&&(this._pt.b=o,this._pt.r=xn);else if(c in b)qn.call(this,t,c,o,s);else{if(!(c in t)){q(c,s);continue}this.add(t,c,o||t[c],s,r,i)}E.push(c)}y&&Ze(this)},get:Un,aliases:vn,getSetter:function(t,e,n){var r=vn[e];return r&&r.indexOf(",")<0&&(e=r),e in cn&&e!==On&&(t._gsap.x||Un(t,"x"))?n&&ln===n?"scale"===e?Mn:Tn:(ln=n||{})&&("scale"===e?An:Pn):t.style&&!P(t.style[e])?En:~e.indexOf("-")?bn:We(t,e)},core:{_removeProperty:Hn,_getMatrix:er}};nn.utils.checkPrefix=Nn,pr=ut("x,y,z,scale,scaleX,scaleY,xPercent,yPercent,"+(fr="rotation,rotationX,rotationY,skewX,skewY")+",transform,transformOrigin,svgOrigin,force3D,smoothOrigin,transformPerspective",(function(t){cn[t]=1})),ut(fr,(function(t){v.units[t]="deg",$n[t]=1})),vn[pr[13]]="x,y,z,scale,scaleX,scaleY,xPercent,yPercent,"+fr,ut("0:translateX,1:translateY,2:translateZ,8:rotate,8:rotationZ,8:rotateZ,9:rotateX,10:rotateY",(function(t){var e=t.split(":");vn[e[1]]=pr[e[0]]})),ut("x,y,z,top,right,bottom,left,width,height,fontSize,padding,margin,perspective",(function(t){v.units[t]="px"})),nn.registerPlugin(dr);var gr,Dr,mr,vr=nn.registerPlugin(dr)||nn,_r=vr.core.Tween,yr=function(){return gr||"undefined"!=typeof window&&(gr=window.gsap)&&gr.registerPlugin&&gr},xr=function(t){gr=yr(),(mr=gr&&gr.parseEase("_CE"))?(Dr=1,gr.parseEase("bounce").config=function(t){return"object"==typeof t?Cr("",t):Cr("bounce("+t+")",{strength:+t})}):t&&console.warn("Please gsap.registerPlugin(CustomEase, CustomBounce)")},wr=function(t){var e,n=t.length,r=1/t[n-2];for(e=2;e<n;e+=2)t[e]=~~(t[e]*r*1e3)/1e3;t[n-2]=1},Cr=function(t,e){Dr||xr(1),e=e||{};var n,r,i,o,s,a,u,l=Math.min(.999,e.strength||.7),h=l,c=(e.squash||0)/100,f=c,p=1/.03,d=.2,g=1,D=.1,m=[0,0,.07,0,.1,1,.1,1],v=[0,0,0,0,.1,0,.1,0];for(s=0;s<200&&(a=D+(d*=h*((h+1)/2)),o=1-(g*=l*l),r=(i=D+.49*d)+.8*(i-(n=D+g/p)),c&&(D+=c,n+=c,i+=c,r+=c,a+=c,u=c/f,v.push(D-c,0,D-c,u,D-c/2,u,D,u,D,0,D,0,D,-.6*u,D+(a-D)/6,0,a,0),m.push(D-c,1,D,1,D,1),c*=l*l),m.push(D,1,n,o,i,o,r,o,a,1,a,1),l*=.95,p=g/(a-r),D=a,!(o>.999));s++);if(e.endAtStart&&"false"!==e.endAtStart){if(i=-.1,m.unshift(i,1,i,1,-.07,0),f)for(i-=c=2.5*f,m.unshift(i,1,i,1,i,1),v.splice(0,6),v.unshift(i,0,i,0,i,1,i+c/2,1,i+c,1,i+c,0,i+c,0,i+c,-.6,i+c+.033,0),s=0;s<v.length;s+=2)v[s]-=i;for(s=0;s<m.length;s+=2)m[s]-=i,m[s+1]=1-m[s+1]}return c&&(wr(v),v[2]="C"+v[2],mr(e.squashID||t+"-squash","M"+v.join(","))),wr(m),m[2]="C"+m[2],mr(t,"M"+m.join(","))},Fr=function(){function t(t,e){this.ease=Cr(t,e)}return t.create=function(t,e){return Cr(t,e)},t.register=function(t){gr=t,xr()},t}();
/*!
 * CustomBounce 3.9.1
 * https://greensock.com
 *
 * @license Copyright 2008-2021, GreenSock. All rights reserved.
 * Subject to the terms at https://greensock.com/standard-license or for
 * Club GreenSock members, the agreement issued with that membership.
 * @author: Jack Doyle, jack@greensock.com
*/yr()&&gr.registerPlugin(Fr),Fr.version="3.9.1";
/*!
 * paths 3.9.1
 * https://greensock.com
 *
 * Copyright 2008-2021, GreenSock. All rights reserved.
 * Subject to the terms at https://greensock.com/standard-license or for
 * Club GreenSock members, the agreement issued with that membership.
 * @author: Jack Doyle, jack@greensock.com
*/
var Er=/[achlmqstvz]|(-?\d*\.?\d*(?:e[\-+]?\d+)?)[0-9]/gi,br=/(?:(-)?\d*\.?\d*(?:e[\-+]?\d+)?)[0-9]/gi,Tr=/[\+\-]?\d*\.?\d+e[\+\-]?\d+/gi,Mr=/(^[#\.][a-z]|[a-y][a-z])/i,Ar=Math.PI/180,Pr=180/Math.PI,Sr=Math.sin,Or=Math.cos,kr=Math.abs,Br=Math.sqrt,Lr=Math.atan2,Nr=function(t){return"string"==typeof t},Rr=function(t){return"number"==typeof t},Xr={},Yr={},Ir=function(t){return Math.round((t+1e8)%1*1e5)/1e5||(t<0?0:1)},zr=function(t){return Math.round(1e5*t)/1e5||0},Hr=function(t){return Math.round(1e10*t)/1e10||0},Wr=function(t,e,n,r){var i=t[e],o=1===r?6:ei(i,n,r);if(o&&o+n+2<i.length)return t.splice(e,0,i.slice(0,n+o+2)),i.splice(0,n+o),1},Vr=function(t,e,n){var r=t.length,i=~~(n*r);if(t[i]>e)for(;--i&&t[i]>e;);else for(;t[++i]<e&&i<r;);return i<r?i:r-1},jr=function(t,e){return e.totalLength=t.totalLength,t.samples?(e.samples=t.samples.slice(0),e.lookup=t.lookup.slice(0),e.minLength=t.minLength,e.resolution=t.resolution):t.totalPoints&&(e.totalPoints=t.totalPoints),e},Ur=function(t,e){var n=t.length,r=t[n-1]||[],i=r.length;n&&e[0]===r[i-2]&&e[1]===r[i-1]&&(e=r.concat(e.slice(2)),n--),t[n]=e};function qr(t){var e,n=(t=Nr(t)&&Mr.test(t)&&document.querySelector(t)||t).getAttribute?t:0;return n&&(t=t.getAttribute("d"))?(n._gsPath||(n._gsPath={}),(e=n._gsPath[t])&&!e._dirty?e:n._gsPath[t]=si(t)):t?Nr(t)?si(t):Rr(t[0])?[t]:t:console.warn("Expecting a <path> element or an SVG path data string")}function Gr(t){var e,n=0;for(t.reverse();n<t.length;n+=2)e=t[n],t[n]=t[n+1],t[n+1]=e;t.reversed=!t.reversed}var Kr={rect:"rx,ry,x,y,width,height",circle:"r,cx,cy",ellipse:"rx,ry,cx,cy",line:"x1,x2,y1,y2"};function Qr(t,e){var n,r,i,o,s,a,u,l,h,c,f,p,d,g,D,m,v,_,y,x,w,C,F=t.tagName.toLowerCase(),E=.552284749831;return"path"!==F&&t.getBBox?(a=function(t,e){var n,r=document.createElementNS("http://www.w3.org/2000/svg","path"),i=[].slice.call(t.attributes),o=i.length;for(e=","+e+",";--o>-1;)n=i[o].nodeName.toLowerCase(),e.indexOf(","+n+",")<0&&r.setAttributeNS(null,n,i[o].nodeValue);return r}(t,"x,y,width,height,cx,cy,rx,ry,r,x1,x2,y1,y2,points"),C=function(t,e){for(var n=e?e.split(","):[],r={},i=n.length;--i>-1;)r[n[i]]=+t.getAttribute(n[i])||0;return r}(t,Kr[F]),"rect"===F?(o=C.rx,s=C.ry||o,r=C.x,i=C.y,c=C.width-2*o,f=C.height-2*s,n=o||s?"M"+(m=(g=(d=r+o)+c)+o)+","+(_=i+s)+" V"+(y=_+f)+" C"+[m,x=y+s*E,D=g+o*E,w=y+s,g,w,g-(g-d)/3,w,d+(g-d)/3,w,d,w,p=r+o*(1-E),w,r,x,r,y,r,y-(y-_)/3,r,_+(y-_)/3,r,_,r,v=i+s*(1-E),p,i,d,i,d+(g-d)/3,i,g-(g-d)/3,i,g,i,D,i,m,v,m,_].join(",")+"z":"M"+(r+c)+","+i+" v"+f+" h"+-c+" v"+-f+" h"+c+"z"):"circle"===F||"ellipse"===F?("circle"===F?l=(o=s=C.r)*E:(o=C.rx,l=(s=C.ry)*E),n="M"+((r=C.cx)+o)+","+(i=C.cy)+" C"+[r+o,i+l,r+(u=o*E),i+s,r,i+s,r-u,i+s,r-o,i+l,r-o,i,r-o,i-l,r-u,i-s,r,i-s,r+u,i-s,r+o,i-l,r+o,i].join(",")+"z"):"line"===F?n="M"+C.x1+","+C.y1+" L"+C.x2+","+C.y2:"polyline"!==F&&"polygon"!==F||(n="M"+(r=(h=(t.getAttribute("points")+"").match(br)||[]).shift())+","+(i=h.shift())+" L"+h.join(","),"polygon"===F&&(n+=","+r+","+i+"z")),a.setAttribute("d",li(a._gsRawPath=si(n))),e&&t.parentNode&&(t.parentNode.insertBefore(a,t),t.parentNode.removeChild(t)),a):t}function Zr(t,e,n){var r,i=t[e],o=t[e+2],s=t[e+4];return i+=(o-i)*n,i+=((o+=(s-o)*n)-i)*n,r=o+(s+(t[e+6]-s)*n-o)*n-i,i=t[e+1],i+=((o=t[e+3])-i)*n,i+=((o+=((s=t[e+5])-o)*n)-i)*n,zr(Lr(o+(s+(t[e+7]-s)*n-o)*n-i,r)*Pr)}function $r(t,e,n){n=void 0===n?1:Hr(n)||0,e=Hr(e)||0;var r=Math.max(0,~~(kr(n-e)-1e-8)),i=function(t){for(var e=[],n=0;n<t.length;n++)e[n]=jr(t[n],t[n].slice(0));return jr(t,e)}(t);if(e>n&&(e=1-e,n=1-n,function(t,e){var n=t.length;for(e||t.reverse();n--;)t[n].reversed||Gr(t[n])}(i),i.totalLength=0),e<0||n<0){var o=Math.abs(~~Math.min(e,n))+1;e+=o,n+=o}i.totalLength||ti(i);var s,a,u,l,h,c,f,p,d=n>1,g=ni(i,e,Xr,!0),D=ni(i,n,Yr),m=D.segment,v=g.segment,_=D.segIndex,y=g.segIndex,x=D.i,w=g.i,C=y===_,F=x===w&&C;if(d||r){for(s=_<y||C&&x<w||F&&D.t<g.t,Wr(i,y,w,g.t)&&(y++,s||(_++,F?(D.t=(D.t-g.t)/(1-g.t),x=0):C&&(x-=w))),Math.abs(1-(n-e))<1e-5?_=y-1:!D.t&&_?_--:Wr(i,_,x,D.t)&&s&&y++,1===g.t&&(y=(y+1)%i.length),h=[],f=1+(c=i.length)*r,p=y,f+=(c-y+_)%c,l=0;l<f;l++)Ur(h,i[p++%c]);i=h}else if(u=1===D.t?6:ei(m,x,D.t),e!==n)for(a=ei(v,w,F?g.t/D.t:g.t),C&&(u+=a),m.splice(x+u+2),(a||w)&&v.splice(0,w+a),l=i.length;l--;)(l<y||l>_)&&i.splice(l,1);else m.angle=Zr(m,x+u,0),g=m[x+=u],D=m[x+1],m.length=m.totalLength=0,m.totalPoints=i.totalPoints=8,m.push(g,D,g,D,g,D,g,D);return i.totalLength=0,i}function Jr(t,e,n){e=e||0,t.samples||(t.samples=[],t.lookup=[]);var r,i,o,s,a,u,l,h,c,f,p,d,g,D,m,v,_,y=~~t.resolution||12,x=1/y,w=n?e+6*n+1:t.length,C=t[e],F=t[e+1],E=e?e/6*y:0,b=t.samples,T=t.lookup,M=(e?t.minLength:1e8)||1e8,A=b[E+n*y-1],P=e?b[E-1]:0;for(b.length=T.length=0,i=e+2;i<w;i+=6){if(o=t[i+4]-C,s=t[i+2]-C,a=t[i]-C,h=t[i+5]-F,c=t[i+3]-F,f=t[i+1]-F,u=l=p=d=0,kr(o)<.01&&kr(h)<.01&&kr(a)+kr(f)<.01)t.length>8&&(t.splice(i,6),i-=6,w-=6);else for(r=1;r<=y;r++)u=l-(l=((D=x*r)*D*o+3*(g=1-D)*(D*s+g*a))*D),p=d-(d=(D*D*h+3*g*(D*c+g*f))*D),(v=Br(p*p+u*u))<M&&(M=v),P+=v,b[E++]=P;C+=o,F+=h}if(A)for(A-=P;E<b.length;E++)b[E]+=A;if(b.length&&M){if(t.totalLength=_=b[b.length-1]||0,t.minLength=M,_/M<9999)for(v=m=0,r=0;r<_;r+=M)T[v++]=b[m]<r?++m:m}else t.totalLength=b[0]=0;return e?P-b[e/2-1]:P}function ti(t,e){var n,r,i;for(i=n=r=0;i<t.length;i++)t[i].resolution=~~e||12,r+=t[i].length,n+=Jr(t[i]);return t.totalPoints=r,t.totalLength=n,t}function ei(t,e,n){if(n<=0||n>=1)return 0;var r=t[e],i=t[e+1],o=t[e+2],s=t[e+3],a=t[e+4],u=t[e+5],l=r+(o-r)*n,h=o+(a-o)*n,c=i+(s-i)*n,f=s+(u-s)*n,p=l+(h-l)*n,d=c+(f-c)*n,g=a+(t[e+6]-a)*n,D=u+(t[e+7]-u)*n;return h+=(g-h)*n,f+=(D-f)*n,t.splice(e+2,4,zr(l),zr(c),zr(p),zr(d),zr(p+(h-p)*n),zr(d+(f-d)*n),zr(h),zr(f),zr(g),zr(D)),t.samples&&t.samples.splice(e/6*t.resolution|0,0,0,0,0,0,0,0),6}function ni(t,e,n,r){n=n||{},t.totalLength||ti(t),(e<0||e>1)&&(e=Ir(e));var i,o,s,a,u,l,h,c=0,f=t[0];if(e)if(1===e)h=1,l=(f=t[c=t.length-1]).length-8;else{if(t.length>1){for(s=t.totalLength*e,u=l=0;(u+=t[l++].totalLength)<s;)c=l;e=(s-(a=u-(f=t[c]).totalLength))/(u-a)||0}i=f.samples,o=f.resolution,s=f.totalLength*e,a=(l=f.lookup.length?f.lookup[~~(s/f.minLength)]||0:Vr(i,s,e))?i[l-1]:0,(u=i[l])<s&&(a=u,u=i[++l]),h=1/o*((s-a)/(u-a)+l%o),l=6*~~(l/o),r&&1===h&&(l+6<f.length?(l+=6,h=0):c+1<t.length&&(l=h=0,f=t[++c]))}else h=l=c=0,f=t[0];return n.t=h,n.i=l,n.path=t,n.segment=f,n.segIndex=c,n}function ri(t,e,n,r){var i,o,s,a,u,l,h,c,f,p=t[0],d=r||{};if((e<0||e>1)&&(e=Ir(e)),t.length>1){for(s=t.totalLength*e,u=l=0;(u+=t[l++].totalLength)<s;)p=t[l];e=(s-(a=u-p.totalLength))/(u-a)||0}return i=p.samples,o=p.resolution,s=p.totalLength*e,a=(l=p.lookup.length?p.lookup[e<1?~~(s/p.minLength):p.lookup.length-1]||0:Vr(i,s,e))?i[l-1]:0,(u=i[l])<s&&(a=u,u=i[++l]),f=1-(h=1/o*((s-a)/(u-a)+l%o)||0),c=p[l=6*~~(l/o)],d.x=zr((h*h*(p[l+6]-c)+3*f*(h*(p[l+4]-c)+f*(p[l+2]-c)))*h+c),d.y=zr((h*h*(p[l+7]-(c=p[l+1]))+3*f*(h*(p[l+5]-c)+f*(p[l+3]-c)))*h+c),n&&(d.angle=p.totalLength?Zr(p,l,h>=1?1-1e-9:h||1e-9):p.angle||0),d}function ii(t,e,n,r,i,o,s){for(var a,u,l,h,c,f=t.length;--f>-1;)for(u=(a=t[f]).length,l=0;l<u;l+=2)h=a[l],c=a[l+1],a[l]=h*e+c*r+o,a[l+1]=h*n+c*i+s;return t._dirty=1,t}function oi(t,e,n,r,i,o,s,a,u){if(t!==a||e!==u){n=kr(n),r=kr(r);var l=i%360*Ar,h=Or(l),c=Sr(l),f=Math.PI,p=2*f,d=(t-a)/2,g=(e-u)/2,D=h*d+c*g,m=-c*d+h*g,v=D*D,_=m*m,y=v/(n*n)+_/(r*r);y>1&&(n=Br(y)*n,r=Br(y)*r);var x=n*n,w=r*r,C=(x*w-x*_-w*v)/(x*_+w*v);C<0&&(C=0);var F=(o===s?-1:1)*Br(C),E=F*(n*m/r),b=F*(-r*D/n),T=(t+a)/2+(h*E-c*b),M=(e+u)/2+(c*E+h*b),A=(D-E)/n,P=(m-b)/r,S=(-D-E)/n,O=(-m-b)/r,k=A*A+P*P,B=(P<0?-1:1)*Math.acos(A/Br(k)),L=(A*O-P*S<0?-1:1)*Math.acos((A*S+P*O)/Br(k*(S*S+O*O)));isNaN(L)&&(L=f),!s&&L>0?L-=p:s&&L<0&&(L+=p),B%=p,L%=p;var N,R=Math.ceil(kr(L)/(p/4)),X=[],Y=L/R,I=4/3*Sr(Y/2)/(1+Or(Y/2)),z=h*n,H=c*n,W=c*-r,V=h*r;for(N=0;N<R;N++)D=Or(i=B+N*Y),m=Sr(i),A=Or(i+=Y),P=Sr(i),X.push(D-I*m,m+I*D,A+I*P,P-I*A,A,P);for(N=0;N<X.length;N+=2)D=X[N],m=X[N+1],X[N]=D*z+m*W+T,X[N+1]=D*H+m*V+M;return X[N-2]=a,X[N-1]=u,X}}function si(t){var e,n,r,i,o,s,a,u,l,h,c,f,p,d,g,D=(t+"").replace(Tr,(function(t){var e=+t;return e<1e-4&&e>-1e-4?0:e})).match(Er)||[],m=[],v=0,_=0,y=D.length,x=0,w="ERROR: malformed path: "+t,C=function(t,e,n,r){h=(n-t)/3,c=(r-e)/3,a.push(t+h,e+c,n-h,r-c,n,r)};if(!t||!isNaN(D[0])||isNaN(D[1]))return console.log(w),m;for(e=0;e<y;e++)if(p=o,isNaN(D[e])?s=(o=D[e].toUpperCase())!==D[e]:e--,r=+D[e+1],i=+D[e+2],s&&(r+=v,i+=_),e||(u=r,l=i),"M"===o)a&&(a.length<8?m.length-=1:x+=a.length),v=u=r,_=l=i,a=[r,i],m.push(a),e+=2,o="L";else if("C"===o)a||(a=[0,0]),s||(v=_=0),a.push(r,i,v+1*D[e+3],_+1*D[e+4],v+=1*D[e+5],_+=1*D[e+6]),e+=6;else if("S"===o)h=v,c=_,"C"!==p&&"S"!==p||(h+=v-a[a.length-4],c+=_-a[a.length-3]),s||(v=_=0),a.push(h,c,r,i,v+=1*D[e+3],_+=1*D[e+4]),e+=4;else if("Q"===o)h=v+2/3*(r-v),c=_+2/3*(i-_),s||(v=_=0),v+=1*D[e+3],_+=1*D[e+4],a.push(h,c,v+2/3*(r-v),_+2/3*(i-_),v,_),e+=4;else if("T"===o)h=v-a[a.length-4],c=_-a[a.length-3],a.push(v+h,_+c,r+2/3*(v+1.5*h-r),i+2/3*(_+1.5*c-i),v=r,_=i),e+=2;else if("H"===o)C(v,_,v=r,_),e+=1;else if("V"===o)C(v,_,v,_=r+(s?_-v:0)),e+=1;else if("L"===o||"Z"===o)"Z"===o&&(r=u,i=l,a.closed=!0),("L"===o||kr(v-r)>.5||kr(_-i)>.5)&&(C(v,_,r,i),"L"===o&&(e+=2)),v=r,_=i;else if("A"===o){if(d=D[e+4],g=D[e+5],h=D[e+6],c=D[e+7],n=7,d.length>1&&(d.length<3?(c=h,h=g,n--):(c=g,h=d.substr(2),n-=2),g=d.charAt(1),d=d.charAt(0)),f=oi(v,_,+D[e+1],+D[e+2],+D[e+3],+d,+g,(s?v:0)+1*h,(s?_:0)+1*c),e+=n,f)for(n=0;n<f.length;n++)a.push(f[n]);v=a[a.length-2],_=a[a.length-1]}else console.log(w);return(e=a.length)<6?(m.pop(),e=0):a[0]===a[e-2]&&a[1]===a[e-1]&&(a.closed=!0),m.totalPoints=x+e,m}function ai(t,e){void 0===e&&(e=1);for(var n=t[0],r=0,i=[n,r],o=2;o<t.length;o+=2)i.push(n,r,t[o],r=(t[o]-n)*e/2,n=t[o],-r);return i}function ui(t,e,n){kr(t[0]-t[2])<1e-4&&kr(t[1]-t[3])<1e-4&&(t=t.slice(2));var r,i,o,s,a,u,l,h,c,f,p,d,g,D,m=t.length-2,v=+t[0],_=+t[1],y=+t[2],x=+t[3],w=[v,_,v,_],C=y-v,F=x-_,E=Math.abs(t[m]-v)<.001&&Math.abs(t[m+1]-_)<.001;for(isNaN(n)&&(n=Math.PI/10),E&&(t.push(y,x),y=v,x=_,v=t[m-2],_=t[m-1],t.unshift(v,_),m+=4),e=e||0===e?+e:1,a=2;a<m;a+=2)r=v,i=_,v=y,_=x,y=+t[a+2],x=+t[a+3],v===y&&_===x||(d=(u=C)*u+(h=F)*h,g=(C=y-v)*C+(F=x-_)*F,D=(l=y-r)*l+(c=x-i)*c,p=(o=Math.acos((d+g-D)/Br(4*d*g)))/Math.PI*e,f=Br(d)*p,p*=Br(g),v===r&&_===i||(o>n?(s=Lr(c,l),w.push(zr(v-Or(s)*f),zr(_-Sr(s)*f),zr(v),zr(_),zr(v+Or(s)*p),zr(_+Sr(s)*p))):(s=Lr(h,u),w.push(zr(v-Or(s)*f),zr(_-Sr(s)*f)),s=Lr(F,C),w.push(zr(v),zr(_),zr(v+Or(s)*p),zr(_+Sr(s)*p)))));return v!==y||_!==x||w.length<4?w.push(zr(y),zr(x),zr(y),zr(x)):w.length-=2,E&&(w.splice(0,6),w.length=w.length-6),w}function li(t){Rr(t[0])&&(t=[t]);var e,n,r,i,o="",s=t.length;for(n=0;n<s;n++){for(i=t[n],o+="M"+zr(i[0])+","+zr(i[1])+" C",e=i.length,r=2;r<e;r++)o+=zr(i[r++])+","+zr(i[r++])+" "+zr(i[r++])+","+zr(i[r++])+" "+zr(i[r++])+","+zr(i[r])+" ";i.closed&&(o+="z")}return o}
/*!
 * CustomEase 3.9.1
 * https://greensock.com
 *
 * @license Copyright 2008-2021, GreenSock. All rights reserved.
 * Subject to the terms at https://greensock.com/standard-license or for
 * Club GreenSock members, the agreement issued with that membership.
 * @author: Jack Doyle, jack@greensock.com
*/var hi,ci,fi=function(){return hi||"undefined"!=typeof window&&(hi=window.gsap)&&hi.registerPlugin&&hi},pi=function(){(hi=fi())?(hi.registerEase("_CE",vi.create),ci=1):console.warn("Please gsap.registerPlugin(CustomEase)")},di=function(t){return~~(1e3*t+(t<0?-.5:.5))/1e3},gi=/[-+=\.]*\d+[\.e\-\+]*\d*[e\-\+]*\d*/gi,Di=/[cLlsSaAhHvVtTqQ]/g,mi=function t(e,n,r,i,o,s,a,u,l,h,c){var f,p=(e+r)/2,d=(n+i)/2,g=(r+o)/2,D=(i+s)/2,m=(o+a)/2,v=(s+u)/2,_=(p+g)/2,y=(d+D)/2,x=(g+m)/2,w=(D+v)/2,C=(_+x)/2,F=(y+w)/2,E=a-e,b=u-n,T=Math.abs((r-a)*b-(i-u)*E),M=Math.abs((o-a)*b-(s-u)*E);return h||(h=[{x:e,y:n},{x:a,y:u}],c=1),h.splice(c||h.length-1,0,{x:C,y:F}),(T+M)*(T+M)>l*(E*E+b*b)&&(f=h.length,t(e,n,p,d,_,y,C,F,l,h,c),t(C,F,x,w,m,v,a,u,l,h,c+1+(h.length-f))),h},vi=function(){function t(t,e,n){ci||pi(),this.id=t,this.setData(e,n)}var e=t.prototype;return e.setData=function(t,e){e=e||{};var n,r,i,o,s,a,u,l,h,c=(t=t||"0,0,1,1").match(gi),f=1,p=[],d=[],g=e.precision||1,D=g<=1;if(this.data=t,(Di.test(t)||~t.indexOf("M")&&t.indexOf("C")<0)&&(c=si(t)[0]),4===(n=c.length))c.unshift(0,0),c.push(1,1),n=8;else if((n-2)%6)throw"Invalid CustomEase";for(0==+c[0]&&1==+c[n-2]||function(t,e,n){n||0===n||(n=Math.max(+t[t.length-1],+t[1]));var r,i=-1*+t[0],o=-n,s=t.length,a=1/(+t[s-2]+i),u=-e||(Math.abs(+t[s-1]-+t[1])<.01*(+t[s-2]-+t[0])?function(t){var e,n=t.length,r=1e20;for(e=1;e<n;e+=6)+t[e]<r&&(r=+t[e]);return r}(t)+o:+t[s-1]+o);for(u=u?1/u:-a,r=0;r<s;r+=2)t[r]=(+t[r]+i)*a,t[r+1]=(+t[r+1]+o)*u}(c,e.height,e.originY),this.segment=c,o=2;o<n;o+=6)r={x:+c[o-2],y:+c[o-1]},i={x:+c[o+4],y:+c[o+5]},p.push(r,i),mi(r.x,r.y,+c[o],+c[o+1],+c[o+2],+c[o+3],i.x,i.y,1/(2e5*g),p,p.length-1);for(n=p.length,o=0;o<n;o++)u=p[o],l=p[o-1]||u,(u.x>l.x||l.y!==u.y&&l.x===u.x||u===l)&&u.x<=1?(l.cx=u.x-l.x,l.cy=u.y-l.y,l.n=u,l.nx=u.x,D&&o>1&&Math.abs(l.cy/l.cx-p[o-2].cy/p[o-2].cx)>2&&(D=0),l.cx<f&&(l.cx?f=l.cx:(l.cx=.001,o===n-1&&(l.x-=.001,f=Math.min(f,.001),D=0)))):(p.splice(o--,1),n--);if(s=1/(n=1/f+1|0),a=0,u=p[0],D){for(o=0;o<n;o++)h=o*s,u.nx<h&&(u=p[++a]),r=u.y+(h-u.x)/u.cx*u.cy,d[o]={x:h,cx:s,y:r,cy:0,nx:9},o&&(d[o-1].cy=r-d[o-1].y);d[n-1].cy=p[p.length-1].y-r}else{for(o=0;o<n;o++)u.nx<o*s&&(u=p[++a]),d[o]=u;a<p.length-1&&(d[o-1]=p[p.length-2])}return this.ease=function(t){var e=d[t*n|0]||d[n-1];return e.nx<t&&(e=e.n),e.y+(t-e.x)/e.cx*e.cy},this.ease.custom=this,this.id&&hi&&hi.registerEase(this.id,this.ease),this},e.getSVGData=function(e){return t.getSVGData(this,e)},t.create=function(e,n,r){return new t(e,n,r).ease},t.register=function(t){hi=t,pi()},t.get=function(t){return hi.parseEase(t)},t.getSVGData=function(e,n){var r,i,o,s,a,u,l,h,c,f,p=(n=n||{}).width||100,d=n.height||100,g=n.x||0,D=(n.y||0)+d,m=hi.utils.toArray(n.path)[0];if(n.invert&&(d=-d,D=0),"string"==typeof e&&(e=hi.parseEase(e)),e.custom&&(e=e.custom),e instanceof t)r=li(ii([e.segment],p,0,0,-d,g,D));else{for(r=[g,D],s=1/(l=Math.max(5,200*(n.precision||1))),h=5/(l+=2),c=di(g+s*p),i=((f=di(D+e(s)*-d))-D)/(c-g),o=2;o<l;o++)a=di(g+o*s*p),u=di(D+e(o*s)*-d),(Math.abs((u-f)/(a-c)-i)>h||o===l-1)&&(r.push(c,f),i=(u-f)/(a-c)),c=a,f=u;r="M"+r.join(",")}return m&&m.setAttribute("d",r),r},t}();fi()&&hi.registerPlugin(vi),vi.version="3.9.1";
/*!
 * CustomWiggle 3.9.1
 * https://greensock.com
 *
 * @license Copyright 2008-2021, GreenSock. All rights reserved.
 * Subject to the terms at https://greensock.com/standard-license or for
 * Club GreenSock members, the agreement issued with that membership.
 * @author: Jack Doyle, jack@greensock.com
*/
var _i,yi,xi,wi=function(){return _i||"undefined"!=typeof window&&(_i=window.gsap)&&_i.registerPlugin&&_i},Ci={easeOut:"M0,1,C0.7,1,0.6,0,1,0",easeInOut:"M0,0,C0.1,0,0.24,1,0.444,1,0.644,1,0.6,0,1,0",anticipate:"M0,0,C0,0.222,0.024,0.386,0,0.4,0.18,0.455,0.65,0.646,0.7,0.67,0.9,0.76,1,0.846,1,1",uniform:"M0,0,C0,0.95,0,1,0,1,0,1,1,1,1,1,1,1,1,0,1,0"},Fi=function(t){return t},Ei=function(t){if(!yi)if(_i=wi(),xi=_i&&_i.parseEase("_CE")){for(var e in Ci)Ci[e]=xi("",Ci[e]);yi=1,Ti("wiggle").config=function(t){return"object"==typeof t?Ti("",t):Ti("wiggle("+t+")",{wiggles:+t})}}else t&&console.warn("Please gsap.registerPlugin(CustomEase, CustomWiggle)")},bi=function(t,e){return"function"!=typeof t&&(t=_i.parseEase(t)||xi("",t)),t.custom||!e?t:function(e){return 1-t(e)}},Ti=function(t,e){yi||Ei(1);var n,r,i,o,s,a,u,l,h,c=0|((e=e||{}).wiggles||10),f=1/c,p=f/2,d="anticipate"===e.type,g=Ci[e.type]||Ci.easeOut,D=Fi;if(d&&(D=g,g=Ci.easeOut),e.timingEase&&(D=bi(e.timingEase)),e.amplitudeEase&&(g=bi(e.amplitudeEase,!0)),l=[0,0,(a=D(p))/4,0,a/2,u=d?-g(p):g(p),a,u],"random"===e.type){for(l.length=4,n=D(f),r=2*Math.random()-1,h=2;h<c;h++)p=n,u=r,n=D(f*h),r=2*Math.random()-1,i=Math.atan2(r-l[l.length-3],n-l[l.length-4]),o=Math.cos(i)*f,s=Math.sin(i)*f,l.push(p-o,u-s,p,u,p+o,u+s);l.push(n,0,1,0)}else{for(h=1;h<c;h++)l.push(D(p+f/2),u),p+=f,u=(u>0?-1:1)*g(h*f),a=D(p),l.push(D(p-f/2),u,a,u);l.push(D(p+f/4),u,D(p+f/4),0,1,0)}for(h=l.length;--h>-1;)l[h]=~~(1e3*l[h])/1e3;return l[2]="C"+l[2],xi(t,"M"+l.join(","))},Mi=function(){function t(t,e){this.ease=Ti(t,e)}return t.create=function(t,e){return Ti(t,e)},t.register=function(t){_i=t,Ei()},t}();wi()&&_i.registerPlugin(Mi),Mi.version="3.9.1";
/*!
 * DrawSVGPlugin 3.9.1
 * https://greensock.com
 *
 * @license Copyright 2008-2021, GreenSock. All rights reserved.
 * Subject to the terms at https://greensock.com/standard-license or for
 * Club GreenSock members, the agreement issued with that membership.
 * @author: Jack Doyle, jack@greensock.com
*/
var Ai,Pi,Si,Oi,ki,Bi=function(){return"undefined"!=typeof window},Li=function(){return Ai||Bi()&&(Ai=window.gsap)&&Ai.registerPlugin&&Ai},Ni=/[-+=\.]*\d+[\.e\-\+]*\d*[e\-\+]*\d*/gi,Ri={rect:["width","height"],circle:["r","r"],ellipse:["rx","ry"],line:["x2","y2"]},Xi=function(t){return Math.round(1e4*t)/1e4},Yi=function(t){return parseFloat(t)||0},Ii=function(t,e){var n=Yi(t);return~t.indexOf("%")?n/100*e:n},zi=function(t,e){return Yi(t.getAttribute(e))},Hi=Math.sqrt,Wi=function(t,e,n,r,i,o){return Hi(Math.pow((Yi(n)-Yi(t))*i,2)+Math.pow((Yi(r)-Yi(e))*o,2))},Vi=function(t){return console.warn(t)},ji=function(t){return"non-scaling-stroke"===t.getAttribute("vector-effect")},Ui=function(t){if(!(t=Pi(t)[0]))return 0;var e,n,r,i,o,s,a,u=t.tagName.toLowerCase(),l=t.style,h=1,c=1;ji(t)&&(c=t.getScreenCTM(),h=Hi(c.a*c.a+c.b*c.b),c=Hi(c.d*c.d+c.c*c.c));try{n=t.getBBox()}catch(t){Vi("Some browsers won't measure invisible elements (like display:none or masks inside defs).")}var f=n||{x:0,y:0,width:0,height:0},p=f.x,d=f.y,g=f.width,D=f.height;if(n&&(g||D)||!Ri[u]||(g=zi(t,Ri[u][0]),D=zi(t,Ri[u][1]),"rect"!==u&&"line"!==u&&(g*=2,D*=2),"line"===u&&(p=zi(t,"x1"),d=zi(t,"y1"),g=Math.abs(g-p),D=Math.abs(D-d))),"path"===u)i=l.strokeDasharray,l.strokeDasharray="none",e=t.getTotalLength()||0,h!==c&&Vi("Warning: <path> length cannot be measured when vector-effect is non-scaling-stroke and the element isn't proportionally scaled."),e*=(h+c)/2,l.strokeDasharray=i;else if("rect"===u)e=2*g*h+2*D*c;else if("line"===u)e=Wi(p,d,p+g,d+D,h,c);else if("polyline"===u||"polygon"===u)for(r=t.getAttribute("points").match(Ni)||[],"polygon"===u&&r.push(r[0],r[1]),e=0,o=2;o<r.length;o+=2)e+=Wi(r[o-2],r[o-1],r[o],r[o+1],h,c)||0;else"circle"!==u&&"ellipse"!==u||(s=g/2*h,a=D/2*c,e=Math.PI*(3*(s+a)-Hi((3*s+a)*(s+3*a))));return e||0},qi=function(t,e){if(!(t=Pi(t)[0]))return[0,0];e||(e=Ui(t)+1);var n=Si.getComputedStyle(t),r=n.strokeDasharray||"",i=Yi(n.strokeDashoffset),o=r.indexOf(",");return o<0&&(o=r.indexOf(" ")),(r=o<0?e:Yi(r.substr(0,o)))>e&&(r=e),[-i||0,r-i||0]},Gi=function(){Bi()&&(document,Si=window,ki=Ai=Li(),Pi=Ai.utils.toArray,Oi=-1!==((Si.navigator||{}).userAgent||"").indexOf("Edge"))},Ki={version:"3.9.1",name:"drawSVG",register:function(t){Ai=t,Gi()},init:function(t,e,n,r,i){if(!t.getBBox)return!1;ki||Gi();var o,s,a,u=Ui(t);return this._style=t.style,this._target=t,e+""=="true"?e="0 100%":e?-1===(e+"").indexOf(" ")&&(e="0 "+e):e="0 0",s=function(t,e,n){var r,i,o=t.indexOf(" ");return o<0?(r=void 0!==n?n+"":t,i=t):(r=t.substr(0,o),i=t.substr(o+1)),(r=Ii(r,e))>(i=Ii(i,e))?[i,r]:[r,i]}(e,u,(o=qi(t,u))[0]),this._length=Xi(u),this._dash=Xi(o[1]-o[0]),this._offset=Xi(-o[0]),this._dashPT=this.add(this,"_dash",this._dash,Xi(s[1]-s[0])),this._offsetPT=this.add(this,"_offset",this._offset,Xi(-s[0])),Oi&&(a=Si.getComputedStyle(t)).strokeLinecap!==a.strokeLinejoin&&(s=Yi(a.strokeMiterlimit),this.add(t.style,"strokeMiterlimit",s,s+.01)),this._live=ji(t)||~(e+"").indexOf("live"),this._nowrap=~(e+"").indexOf("nowrap"),this._props.push("drawSVG"),1},render:function(t,e){var n,r,i,o,s=e._pt,a=e._style;if(s){for(e._live&&(n=Ui(e._target))!==e._length&&(r=n/e._length,e._length=n,e._offsetPT&&(e._offsetPT.s*=r,e._offsetPT.c*=r),e._dashPT?(e._dashPT.s*=r,e._dashPT.c*=r):e._dash*=r);s;)s.r(t,s.d),s=s._next;i=e._dash||t&&1!==t&&1e-4||0,n=e._length-i+.1,o=e._offset,i&&o&&i+Math.abs(o%e._length)>e._length-.2&&(o+=o<0?.1:-.1)&&(n+=.1),a.strokeDashoffset=i?o:o+.001,a.strokeDasharray=n<.2?"none":i?i+"px,"+(e._nowrap?999999:n)+"px":"0px, 999999px"}},getLength:Ui,getPosition:qi};Li()&&Ai.registerPlugin(Ki);
/*!
 * matrix 3.9.1
 * https://greensock.com
 *
 * Copyright 2008-2021, GreenSock. All rights reserved.
 * Subject to the terms at https://greensock.com/standard-license or for
 * Club GreenSock members, the agreement issued with that membership.
 * @author: Jack Doyle, jack@greensock.com
*/
var Qi,Zi,$i,Ji,to,eo,no,ro,io,oo="transform",so=oo+"Origin",ao=function(t){var e=t.ownerDocument||t;!(oo in t.style)&&"msTransform"in t.style&&(so=(oo="msTransform")+"Origin");for(;e.parentNode&&(e=e.parentNode););if(Zi=window,no=new go,e){Qi=e,$i=e.documentElement,Ji=e.body,(ro=Qi.createElementNS("http://www.w3.org/2000/svg","g")).style.transform="none";var n=e.createElement("div"),r=e.createElement("div");Ji.appendChild(n),n.appendChild(r),n.style.position="static",n.style[oo]="translate3d(0,0,1px)",io=r.offsetParent!==n,Ji.removeChild(n)}return e},uo=[],lo=[],ho=function(t){return t.ownerSVGElement||("svg"===(t.tagName+"").toLowerCase()?t:null)},co=function t(e,n){if(e.parentNode&&(Qi||ao(e))){var r=ho(e),i=r?r.getAttribute("xmlns")||"http://www.w3.org/2000/svg":"http://www.w3.org/1999/xhtml",o=r?n?"rect":"g":"div",s=2!==n?0:100,a=3===n?100:0,u="position:absolute;display:block;pointer-events:none;margin:0;padding:0;",l=Qi.createElementNS?Qi.createElementNS(i.replace(/^https/,"http"),o):Qi.createElement(o);return n&&(r?(eo||(eo=t(e)),l.setAttribute("width",.01),l.setAttribute("height",.01),l.setAttribute("transform","translate("+s+","+a+")"),eo.appendChild(l)):(to||((to=t(e)).style.cssText=u),l.style.cssText=u+"width:0.1px;height:0.1px;top:"+a+"px;left:"+s+"px",to.appendChild(l))),l}throw"Need document and parent."},fo=function(t,e){var n,r,i,o,s,a,u=ho(t),l=t===u,h=u?uo:lo,c=t.parentNode;if(t===Zi)return t;if(h.length||h.push(co(t,1),co(t,2),co(t,3)),n=u?eo:to,u)l?(o=-(i=function(t){var e,n=t.getCTM();return n||(e=t.style[oo],t.style[oo]="none",t.appendChild(ro),n=ro.getCTM(),t.removeChild(ro),e?t.style[oo]=e:t.style.removeProperty(oo.replace(/([A-Z])/g,"-$1").toLowerCase())),n||no.clone()}(t)).e/i.a,s=-i.f/i.d,r=no):(i=t.getBBox(),o=(r=(r=t.transform?t.transform.baseVal:{}).numberOfItems?r.numberOfItems>1?function(t){for(var e=new go,n=0;n<t.numberOfItems;n++)e.multiply(t.getItem(n).matrix);return e}(r):r.getItem(0).matrix:no).a*i.x+r.c*i.y,s=r.b*i.x+r.d*i.y),e&&"g"===t.tagName.toLowerCase()&&(o=s=0),(l?u:c).appendChild(n),n.setAttribute("transform","matrix("+r.a+","+r.b+","+r.c+","+r.d+","+(r.e+o)+","+(r.f+s)+")");else{if(o=s=0,io)for(r=t.offsetParent,i=t;i&&(i=i.parentNode)&&i!==r&&i.parentNode;)(Zi.getComputedStyle(i)[oo]+"").length>4&&(o=i.offsetLeft,s=i.offsetTop,i=0);if("absolute"!==(a=Zi.getComputedStyle(t)).position&&"fixed"!==a.position)for(r=t.offsetParent;c&&c!==r;)o+=c.scrollLeft||0,s+=c.scrollTop||0,c=c.parentNode;(i=n.style).top=t.offsetTop-s+"px",i.left=t.offsetLeft-o+"px",i[oo]=a[oo],i[so]=a[so],i.position="fixed"===a.position?"fixed":"absolute",t.parentNode.appendChild(n)}return n},po=function(t,e,n,r,i,o,s){return t.a=e,t.b=n,t.c=r,t.d=i,t.e=o,t.f=s,t},go=function(){function t(t,e,n,r,i,o){void 0===t&&(t=1),void 0===e&&(e=0),void 0===n&&(n=0),void 0===r&&(r=1),void 0===i&&(i=0),void 0===o&&(o=0),po(this,t,e,n,r,i,o)}var e=t.prototype;return e.inverse=function(){var t=this.a,e=this.b,n=this.c,r=this.d,i=this.e,o=this.f,s=t*r-e*n||1e-10;return po(this,r/s,-e/s,-n/s,t/s,(n*o-r*i)/s,-(t*o-e*i)/s)},e.multiply=function(t){var e=this.a,n=this.b,r=this.c,i=this.d,o=this.e,s=this.f,a=t.a,u=t.c,l=t.b,h=t.d,c=t.e,f=t.f;return po(this,a*e+l*r,a*n+l*i,u*e+h*r,u*n+h*i,o+c*e+f*r,s+c*n+f*i)},e.clone=function(){return new t(this.a,this.b,this.c,this.d,this.e,this.f)},e.equals=function(t){var e=this.a,n=this.b,r=this.c,i=this.d,o=this.e,s=this.f;return e===t.a&&n===t.b&&r===t.c&&i===t.d&&o===t.e&&s===t.f},e.apply=function(t,e){void 0===e&&(e={});var n=t.x,r=t.y,i=this.a,o=this.b,s=this.c,a=this.d,u=this.e,l=this.f;return e.x=n*i+r*s+u||0,e.y=n*o+r*a+l||0,e},t}();function Do(t,e,n,r){if(!t||!t.parentNode||(Qi||ao(t)).documentElement===t)return new go;var i=function(t){for(var e,n;t&&t!==Ji;)(n=t._gsap)&&n.uncache&&n.get(t,"x"),n&&!n.scaleX&&!n.scaleY&&n.renderTransform&&(n.scaleX=n.scaleY=1e-4,n.renderTransform(1,n),e?e.push(n):e=[n]),t=t.parentNode;return e}(t),o=ho(t)?uo:lo,s=fo(t,n),a=o[0].getBoundingClientRect(),u=o[1].getBoundingClientRect(),l=o[2].getBoundingClientRect(),h=s.parentNode,c=!r&&function t(e){return"fixed"===Zi.getComputedStyle(e).position||((e=e.parentNode)&&1===e.nodeType?t(e):void 0)}(t),f=new go((u.left-a.left)/100,(u.top-a.top)/100,(l.left-a.left)/100,(l.top-a.top)/100,a.left+(c?0:Zi.pageXOffset||Qi.scrollLeft||$i.scrollLeft||Ji.scrollLeft||0),a.top+(c?0:Zi.pageYOffset||Qi.scrollTop||$i.scrollTop||Ji.scrollTop||0));if(h.removeChild(s),i)for(a=i.length;a--;)(u=i[a]).scaleX=u.scaleY=0,u.renderTransform(1,u);return e?f.inverse():f}
/*!
 * MotionPathPlugin 3.9.1
 * https://greensock.com
 *
 * @license Copyright 2008-2021, GreenSock. All rights reserved.
 * Subject to the terms at https://greensock.com/standard-license or for
 * Club GreenSock members, the agreement issued with that membership.
 * @author: Jack Doyle, jack@greensock.com
*/var mo,vo,_o,yo,xo="x,translateX,left,marginLeft,xPercent".split(","),wo="y,translateY,top,marginTop,yPercent".split(","),Co=Math.PI/180,Fo=function(t,e,n,r){for(var i=e.length,o=2===r?0:r,s=0;s<i;s++)t[o]=parseFloat(e[s][n]),2===r&&(t[o+1]=0),o+=2;return t},Eo=function(t,e,n){return parseFloat(t._gsap.get(t,e,n||"px"))||0},bo=function(t){var e,n=t[0],r=t[1];for(e=2;e<t.length;e+=2)n=t[e]+=n,r=t[e+1]+=r},To=function(t,e,n,r,i,o,s,a,u){"cubic"===s.type?e=[e]:(!1!==s.fromCurrent&&e.unshift(Eo(n,r,a),i?Eo(n,i,u):0),s.relative&&bo(e),e=[(i?ui:ai)(e,s.curviness)]);return e=o(Oo(e,n,s)),ko(t,n,r,e,"x",a),i&&ko(t,n,i,e,"y",u),ti(e,s.resolution||(0===s.curviness?20:12))},Mo=function(t){return t},Ao=/[-+\.]*\d+\.?(?:e-|e\+)?\d*/g,Po=function(t,e,n){var r,i=Do(t),o=0,s=0;return"svg"===(t.tagName+"").toLowerCase()?(r=t.viewBox.baseVal).width||(r={width:+t.getAttribute("width"),height:+t.getAttribute("height")}):r=e&&t.getBBox&&t.getBBox(),e&&"auto"!==e&&(o=e.push?e[0]*(r?r.width:t.offsetWidth||0):e.x,s=e.push?e[1]*(r?r.height:t.offsetHeight||0):e.y),n.apply(o||s?i.apply({x:o,y:s}):{x:i.e,y:i.f})},So=function(t,e,n,r){var i,o=Do(t.parentNode,!0,!0),s=o.clone().multiply(Do(e)),a=Po(t,n,o),u=Po(e,r,o),l=u.x,h=u.y;return s.e=s.f=0,"auto"===r&&e.getTotalLength&&"path"===e.tagName.toLowerCase()&&(i=e.getAttribute("d").match(Ao)||[],l+=(i=s.apply({x:+i[0],y:+i[1]})).x,h+=i.y),(i||e.getBBox&&t.getBBox&&e.ownerSVGElement===t.ownerSVGElement)&&(l-=(i=s.apply(e.getBBox())).x,h-=i.y),s.e=l-a.x,s.f=h-a.y,s},Oo=function(t,e,n){var r,i,o,s=n.align,a=n.matrix,u=n.offsetX,l=n.offsetY,h=n.alignOrigin,c=t[0][0],f=t[0][1],p=Eo(e,"x"),d=Eo(e,"y");return t&&t.length?(s&&("self"===s||(r=yo(s)[0]||e)===e?ii(t,1,0,0,1,p-c,d-f):(h&&!1!==h[2]?mo.set(e,{transformOrigin:100*h[0]+"% "+100*h[1]+"%"}):h=[Eo(e,"xPercent")/-100,Eo(e,"yPercent")/-100],o=(i=So(e,r,h,"auto")).apply({x:c,y:f}),ii(t,i.a,i.b,i.c,i.d,p+i.e-(o.x-i.e),d+i.f-(o.y-i.f)))),a?ii(t,a.a,a.b,a.c,a.d,a.e,a.f):(u||l)&&ii(t,1,0,0,1,u||0,l||0),t):qr("M0,0L0,0")},ko=function(t,e,n,r,i,o){var s=e._gsap,a=s.harness,u=a&&a.aliases&&a.aliases[n],l=u&&u.indexOf(",")<0?u:n,h=t._pt=new vo(t._pt,e,l,0,0,Mo,0,s.set(e,l,t));h.u=_o(s.get(e,l,o))||0,h.path=r,h.pp=i,t._props.push(l)},Bo={version:"3.9.1",name:"motionPath",register:function(t,e,n){_o=(mo=t).utils.getUnit,yo=mo.utils.toArray,vo=n},init:function(t,e){if(!mo)return console.warn("Please gsap.registerPlugin(MotionPathPlugin)"),!1;"object"==typeof e&&!e.style&&e.path||(e={path:e});var n,r,i,o,s=[],a=e,u=a.path,l=a.autoRotate,h=a.unitX,c=a.unitY,f=a.x,p=a.y,d=u[0],g=(i=e.start,o="end"in e?e.end:1,function(t){return i||1!==o?$r(t,i,o):t});if(this.rawPaths=s,this.target=t,(this.rotate=l||0===l)&&(this.rOffset=parseFloat(l)||0,this.radians=!!e.useRadians,this.rProp=e.rotation||"rotation",this.rSet=t._gsap.set(t,this.rProp,this),this.ru=_o(t._gsap.get(t,this.rProp))||0),Array.isArray(u)&&!("closed"in u)&&"number"!=typeof d){for(r in d)!f&&~xo.indexOf(r)?f=r:!p&&~wo.indexOf(r)&&(p=r);for(r in f&&p?s.push(To(this,Fo(Fo([],u,f,0),u,p,1),t,f,p,g,e,h||_o(u[0][f]),c||_o(u[0][p]))):f=p=0,d)r!==f&&r!==p&&s.push(To(this,Fo([],u,r,2),t,r,0,g,e,_o(u[0][r])))}else ti(n=g(Oo(qr(e.path),t,e)),e.resolution),s.push(n),ko(this,t,e.x||"x",n,"x",e.unitX||"px"),ko(this,t,e.y||"y",n,"y",e.unitY||"px")},render:function(t,e){var n=e.rawPaths,r=n.length,i=e._pt;for(t>1?t=1:t<0&&(t=0);r--;)ri(n[r],t,!r&&e.rotate,n[r]);for(;i;)i.set(i.t,i.p,i.path[i.pp]+i.u,i.d,t),i=i._next;e.rotate&&e.rSet(e.target,e.rProp,n[0].angle*(e.radians?Co:1)+e.rOffset+e.ru,e,t)},getLength:function(t){return ti(qr(t)).totalLength},sliceRawPath:$r,getRawPath:qr,pointsToSegment:ui,stringToRawPath:si,rawPathToString:li,transformRawPath:ii,getGlobalMatrix:Do,getPositionOnPath:ri,cacheRawPathMeasurements:ti,convertToPath:function(t,e){return yo(t).map((function(t){return Qr(t,!1!==e)}))},convertCoordinates:function(t,e,n){var r=Do(e,!0,!0).multiply(Do(t));return n?r.apply(n):r},getAlignMatrix:So,getRelativePosition:function(t,e,n,r){var i=So(t,e,n,r);return{x:i.e,y:i.f}},arrayToRawPath:function(t,e){var n=Fo(Fo([],t,(e=e||{}).x||"x",0),t,e.y||"y",1);return e.relative&&bo(n),["cubic"===e.type?n:ui(n,e.curviness)]}};(mo||"undefined"!=typeof window&&(mo=window.gsap)&&mo.registerPlugin&&mo)&&mo.registerPlugin(Bo);
/*!
 * ScrollToPlugin 3.9.1
 * https://greensock.com
 *
 * @license Copyright 2008-2021, GreenSock. All rights reserved.
 * Subject to the terms at https://greensock.com/standard-license or for
 * Club GreenSock members, the agreement issued with that membership.
 * @author: Jack Doyle, jack@greensock.com
*/
var Lo,No,Ro,Xo,Yo,Io,zo,Ho=function(){return"undefined"!=typeof window},Wo=function(){return Lo||Ho()&&(Lo=window.gsap)&&Lo.registerPlugin&&Lo},Vo=function(t){return"string"==typeof t},jo=function(t){return"function"==typeof t},Uo=function(t,e){var n="x"===e?"Width":"Height",r="scroll"+n,i="client"+n;return t===Ro||t===Xo||t===Yo?Math.max(Xo[r],Yo[r])-(Ro["inner"+n]||Xo[i]||Yo[i]):t[r]-t["offset"+n]},qo=function(t,e){var n="scroll"+("x"===e?"Left":"Top");return t===Ro&&(null!=t.pageXOffset?n="page"+e.toUpperCase()+"Offset":t=null!=Xo[n]?Xo:Yo),function(){return t[n]}},Go=function(t,e){if(!(t=Io(t)[0])||!t.getBoundingClientRect)return console.warn("scrollTo target doesn't exist. Using 0")||{x:0,y:0};var n=t.getBoundingClientRect(),r=!e||e===Ro||e===Yo,i=r?{top:Xo.clientTop-(Ro.pageYOffset||Xo.scrollTop||Yo.scrollTop||0),left:Xo.clientLeft-(Ro.pageXOffset||Xo.scrollLeft||Yo.scrollLeft||0)}:e.getBoundingClientRect(),o={x:n.left-i.left,y:n.top-i.top};return!r&&e&&(o.x+=qo(e,"x")(),o.y+=qo(e,"y")()),o},Ko=function(t,e,n,r,i){return isNaN(t)||"object"==typeof t?Vo(t)&&"="===t.charAt(1)?parseFloat(t.substr(2))*("-"===t.charAt(0)?-1:1)+r-i:"max"===t?Uo(e,n)-i:Math.min(Uo(e,n),Go(t,e)[n]-i):parseFloat(t)-i},Qo=function(){Lo=Wo(),Ho()&&Lo&&document.body&&(Ro=window,Yo=document.body,Xo=document.documentElement,Io=Lo.utils.toArray,Lo.config({autoKillThreshold:7}),zo=Lo.config(),No=1)},Zo={version:"3.9.1",name:"scrollTo",rawVars:1,register:function(t){Lo=t,Qo()},init:function(t,e,n,r,i){No||Qo();var o=Lo.getProperty(t,"scrollSnapType");this.isWin=t===Ro,this.target=t,this.tween=n,e=function(t,e,n,r){if(jo(t)&&(t=t(e,n,r)),"object"!=typeof t)return Vo(t)&&"max"!==t&&"="!==t.charAt(1)?{x:t,y:t}:{y:t};if(t.nodeType)return{y:t,x:t};var i,o={};for(i in t)o[i]="onAutoKill"!==i&&jo(t[i])?t[i](e,n,r):t[i];return o}(e,r,t,i),this.vars=e,this.autoKill=!!e.autoKill,this.getX=qo(t,"x"),this.getY=qo(t,"y"),this.x=this.xPrev=this.getX(),this.y=this.yPrev=this.getY(),o&&"none"!==o&&(this.snap=1,this.snapInline=t.style.scrollSnapType,t.style.scrollSnapType="none"),null!=e.x?(this.add(this,"x",this.x,Ko(e.x,t,"x",this.x,e.offsetX||0),r,i),this._props.push("scrollTo_x")):this.skipX=1,null!=e.y?(this.add(this,"y",this.y,Ko(e.y,t,"y",this.y,e.offsetY||0),r,i),this._props.push("scrollTo_y")):this.skipY=1},render:function(t,e){for(var n,r,i,o,s,a=e._pt,u=e.target,l=e.tween,h=e.autoKill,c=e.xPrev,f=e.yPrev,p=e.isWin,d=e.snap,g=e.snapInline;a;)a.r(t,a.d),a=a._next;n=p||!e.skipX?e.getX():c,i=(r=p||!e.skipY?e.getY():f)-f,o=n-c,s=zo.autoKillThreshold,e.x<0&&(e.x=0),e.y<0&&(e.y=0),h&&(!e.skipX&&(o>s||o<-s)&&n<Uo(u,"x")&&(e.skipX=1),!e.skipY&&(i>s||i<-s)&&r<Uo(u,"y")&&(e.skipY=1),e.skipX&&e.skipY&&(l.kill(),e.vars.onAutoKill&&e.vars.onAutoKill.apply(l,e.vars.onAutoKillParams||[]))),p?Ro.scrollTo(e.skipX?n:e.x,e.skipY?r:e.y):(e.skipY||(u.scrollTop=e.y),e.skipX||(u.scrollLeft=e.x)),!d||1!==t&&0!==t||(r=u.scrollTop,n=u.scrollLeft,g?u.style.scrollSnapType=g:u.style.removeProperty("scroll-snap-type"),u.scrollTop=r+1,u.scrollLeft=n+1,u.scrollTop=r,u.scrollLeft=n),e.xPrev=e.x,e.yPrev=e.y},kill:function(t){var e="scrollTo"===t;(e||"scrollTo_x"===t)&&(this.skipX=1),(e||"scrollTo_y"===t)&&(this.skipY=1)}};Zo.max=Uo,Zo.getOffset=Go,Zo.buildGetter=qo,Wo()&&Lo.registerPlugin(Zo);
/*!
 * Draggable 3.9.1
 * https://greensock.com
 *
 * @license Copyright 2008-2021, GreenSock. All rights reserved.
 * Subject to the terms at https://greensock.com/standard-license or for
 * Club GreenSock members, the agreement issued with that membership.
 * @author: Jack Doyle, jack@greensock.com
 */
var $o,Jo,ts,es,ns,rs,is,os,ss,as,us,ls,hs,cs,fs,ps,ds,gs,Ds,ms,vs,_s=function(){return"undefined"!=typeof window},ys=function(){return $o||_s()&&($o=window.gsap)&&$o.registerPlugin&&$o},xs=function(t){return"function"==typeof t},ws=function(t){return"object"==typeof t},Cs=function(t){return void 0===t},Fs=function(){return!1},Es="transform",bs="transformOrigin",Ts=function(t){return Math.round(1e4*t)/1e4},Ms=Array.isArray,As=function(t,e){var n=ts.createElementNS?ts.createElementNS((e||"http://www.w3.org/1999/xhtml").replace(/^https/,"http"),t):ts.createElement(t);return n.style?n:ts.createElement(t)},Ps=180/Math.PI,Ss=new go,Os=Date.now||function(){return(new Date).getTime()},ks=[],Bs={},Ls=0,Ns=/^(?:a|input|textarea|button|select)$/i,Rs=0,Xs={},Ys={},Is=function(t,e){var n,r={};for(n in t)r[n]=e?t[n]*e:t[n];return r},zs=function t(e,n){for(var r,i=e.length;i--;)n?e[i].style.touchAction=n:e[i].style.removeProperty("touch-action"),(r=e[i].children)&&r.length&&t(r,n)},Hs=function(){return ks.forEach((function(t){return t()}))},Ws=function(){return!ks.length&&$o.ticker.remove(Hs)},Vs=function(t){for(var e=ks.length;e--;)ks[e]===t&&ks.splice(e,1);$o.to(Ws,{overwrite:!0,delay:15,duration:0,onComplete:Ws,data:"_draggable"})},js=function(t,e,n,r){if(t.addEventListener){var i=hs[e];r=r||(us?{passive:!1}:null),t.addEventListener(i||e,n,r),i&&e!==i&&t.addEventListener(e,n,r)}},Us=function(t,e,n){if(t.removeEventListener){var r=hs[e];t.removeEventListener(r||e,n),r&&e!==r&&t.removeEventListener(e,n)}},qs=function(t){t.preventDefault&&t.preventDefault(),t.preventManipulation&&t.preventManipulation()},Gs=function t(e){fs=e.touches&&cs<e.touches.length,Us(e.target,"touchend",t)},Ks=function(t){fs=t.touches&&cs<t.touches.length,js(t.target,"touchend",Gs)},Qs=function(t){return Jo.pageYOffset||t.scrollTop||t.documentElement.scrollTop||t.body.scrollTop||0},Zs=function(t){return Jo.pageXOffset||t.scrollLeft||t.documentElement.scrollLeft||t.body.scrollLeft||0},$s=function t(e,n){js(e,"scroll",n),ta(e.parentNode)||t(e.parentNode,n)},Js=function t(e,n){Us(e,"scroll",n),ta(e.parentNode)||t(e.parentNode,n)},ta=function(t){return!(t&&t!==es&&9!==t.nodeType&&t!==ts.body&&t!==Jo&&t.nodeType&&t.parentNode)},ea=function(t,e){var n="x"===e?"Width":"Height",r="scroll"+n,i="client"+n;return Math.max(0,ta(t)?Math.max(es[r],ns[r])-(Jo["inner"+n]||es[i]||ns[i]):t[r]-t[i])},na=function t(e,n){var r=ea(e,"x"),i=ea(e,"y");ta(e)?e=Ys:t(e.parentNode,n),e._gsMaxScrollX=r,e._gsMaxScrollY=i,n||(e._gsScrollX=e.scrollLeft||0,e._gsScrollY=e.scrollTop||0)},ra=function(t,e,n){var r=t.style;r&&(Cs(r[e])&&(e=ss(e,t)||e),null==n?r.removeProperty&&r.removeProperty(e.replace(/([A-Z])/g,"-$1").toLowerCase()):r[e]=n)},ia=function(t){return Jo.getComputedStyle(t instanceof Element?t:t.host||(t.parentNode||{}).host||t)},oa={},sa=function(t){if(t===Jo)return oa.left=oa.top=0,oa.width=oa.right=es.clientWidth||t.innerWidth||ns.clientWidth||0,oa.height=oa.bottom=(t.innerHeight||0)-20<es.clientHeight?es.clientHeight:t.innerHeight||ns.clientHeight||0,oa;var e=t.ownerDocument||ts,n=Cs(t.pageX)?t.nodeType||Cs(t.left)||Cs(t.top)?as(t)[0].getBoundingClientRect():t:{left:t.pageX-Zs(e),top:t.pageY-Qs(e),right:t.pageX-Zs(e)+1,bottom:t.pageY-Qs(e)+1};return Cs(n.right)&&!Cs(n.width)?(n.right=n.left+n.width,n.bottom=n.top+n.height):Cs(n.width)&&(n={width:n.right-n.left,height:n.bottom-n.top,right:n.right,left:n.left,bottom:n.bottom,top:n.top}),n},aa=function(t,e,n){var r,i=t.vars,o=i[n],s=t._listeners[e];return xs(o)&&(r=o.apply(i.callbackScope||t,i[n+"Params"]||[t.pointerEvent])),s&&!1===t.dispatchEvent(e)&&(r=!1),r},ua=function(t,e){var n,r,i,o=as(t)[0];return o.nodeType||o===Jo?ha(o,e):Cs(t.left)?{left:r=t.min||t.minX||t.minRotation||0,top:n=t.min||t.minY||0,width:(t.max||t.maxX||t.maxRotation||0)-r,height:(t.max||t.maxY||0)-n}:(i={x:0,y:0},{left:t.left-i.x,top:t.top-i.y,width:t.width,height:t.height})},la={},ha=function(t,e){e=as(e)[0];var n,r,i,o,s,a,u,l,h,c,f,p,d,g,D=t.getBBox&&t.ownerSVGElement,m=t.ownerDocument||ts;if(t===Jo)i=Qs(m),r=(n=Zs(m))+(m.documentElement.clientWidth||t.innerWidth||m.body.clientWidth||0),o=i+((t.innerHeight||0)-20<m.documentElement.clientHeight?m.documentElement.clientHeight:t.innerHeight||m.body.clientHeight||0);else{if(e===Jo||Cs(e))return t.getBoundingClientRect();n=i=0,D?(f=(c=t.getBBox()).width,p=c.height):(t.viewBox&&(c=t.viewBox.baseVal)&&(n=c.x||0,i=c.y||0,f=c.width,p=c.height),f||(c="border-box"===(d=ia(t)).boxSizing,f=(parseFloat(d.width)||t.clientWidth||0)+(c?0:parseFloat(d.borderLeftWidth)+parseFloat(d.borderRightWidth)),p=(parseFloat(d.height)||t.clientHeight||0)+(c?0:parseFloat(d.borderTopWidth)+parseFloat(d.borderBottomWidth)))),r=f,o=p}return t===e?{left:n,top:i,width:r-n,height:o-i}:(a=(s=Do(e,!0).multiply(Do(t))).apply({x:n,y:i}),u=s.apply({x:r,y:i}),l=s.apply({x:r,y:o}),h=s.apply({x:n,y:o}),n=Math.min(a.x,u.x,l.x,h.x),i=Math.min(a.y,u.y,l.y,h.y),{left:n+((g=e.parentNode||{}).scrollLeft||0),top:i+(g.scrollTop||0),width:Math.max(a.x,u.x,l.x,h.x)-n,height:Math.max(a.y,u.y,l.y,h.y)-i})},ca=function(t,e,n,r,i,o){var s,a,u,l={};if(e)if(1!==i&&e instanceof Array){if(l.end=s=[],u=e.length,ws(e[0]))for(a=0;a<u;a++)s[a]=Is(e[a],i);else for(a=0;a<u;a++)s[a]=e[a]*i;n+=1.1,r-=1.1}else xs(e)?l.end=function(n){var r,o,s=e.call(t,n);if(1!==i)if(ws(s)){for(o in r={},s)r[o]=s[o]*i;s=r}else s*=i;return s}:l.end=e;return(n||0===n)&&(l.max=n),(r||0===r)&&(l.min=r),o&&(l.velocity=0),l},fa=function t(e){var n;return!(!e||!e.getAttribute||e===ns)&&(!("true"!==(n=e.getAttribute("data-clickable"))&&("false"===n||!e.onclick&&!Ns.test(e.nodeName+"")&&"true"!==e.getAttribute("contentEditable")))||t(e.parentNode))},pa=function(t,e){for(var n,r=t.length;r--;)(n=t[r]).ondragstart=n.onselectstart=e?null:Fs,$o.set(n,{lazy:!0,userSelect:e?"text":"none"})},da=function(t,e){t=$o.utils.toArray(t)[0],e=e||{};var n,r,i,o,s,a,u=document.createElement("div"),l=u.style,h=t.firstChild,c=0,f=0,p=t.scrollTop,d=t.scrollLeft,g=t.scrollWidth,D=t.scrollHeight,m=0,v=0,_=0;ms&&!1!==e.force3D?(s="translate3d(",a="px,0px)"):Es&&(s="translate(",a="px)"),this.scrollTop=function(t,e){if(!arguments.length)return-this.top();this.top(-t,e)},this.scrollLeft=function(t,e){if(!arguments.length)return-this.left();this.left(-t,e)},this.left=function(n,r){if(!arguments.length)return-(t.scrollLeft+f);var i=t.scrollLeft-d,o=f;if((i>2||i<-2)&&!r)return d=t.scrollLeft,$o.killTweensOf(this,{left:1,scrollLeft:1}),this.left(-d),void(e.onKill&&e.onKill());(n=-n)<0?(f=n-.5|0,n=0):n>v?(f=n-v|0,n=v):f=0,(f||o)&&(this._skip||(l[Es]=s+-f+"px,"+-c+a),f+m>=0&&(l.paddingRight=f+m+"px")),t.scrollLeft=0|n,d=t.scrollLeft},this.top=function(n,r){if(!arguments.length)return-(t.scrollTop+c);var i=t.scrollTop-p,o=c;if((i>2||i<-2)&&!r)return p=t.scrollTop,$o.killTweensOf(this,{top:1,scrollTop:1}),this.top(-p),void(e.onKill&&e.onKill());(n=-n)<0?(c=n-.5|0,n=0):n>_?(c=n-_|0,n=_):c=0,(c||o)&&(this._skip||(l[Es]=s+-f+"px,"+-c+a)),t.scrollTop=0|n,p=t.scrollTop},this.maxScrollTop=function(){return _},this.maxScrollLeft=function(){return v},this.disable=function(){for(h=u.firstChild;h;)o=h.nextSibling,t.appendChild(h),h=o;t===u.parentNode&&t.removeChild(u)},this.enable=function(){if((h=t.firstChild)!==u){for(;h;)o=h.nextSibling,u.appendChild(h),h=o;t.appendChild(u),this.calibrate()}},this.calibrate=function(e){var o,s,a,h=t.clientWidth===n;p=t.scrollTop,d=t.scrollLeft,h&&t.clientHeight===r&&u.offsetHeight===i&&g===t.scrollWidth&&D===t.scrollHeight&&!e||((c||f)&&(s=this.left(),a=this.top(),this.left(-t.scrollLeft),this.top(-t.scrollTop)),o=ia(t),h&&!e||(l.display="block",l.width="auto",l.paddingRight="0px",(m=Math.max(0,t.scrollWidth-t.clientWidth))&&(m+=parseFloat(o.paddingLeft)+(vs?parseFloat(o.paddingRight):0))),l.display="inline-block",l.position="relative",l.overflow="visible",l.verticalAlign="top",l.boxSizing="content-box",l.width="100%",l.paddingRight=m+"px",vs&&(l.paddingBottom=o.paddingBottom),n=t.clientWidth,r=t.clientHeight,g=t.scrollWidth,D=t.scrollHeight,v=t.scrollWidth-n,_=t.scrollHeight-r,i=u.offsetHeight,l.display="block",(s||a)&&(this.left(s),this.top(a)))},this.content=u,this.element=t,this._skip=!1,this.enable()},ga=function(t){if(_s()&&document.body){var e=window&&window.navigator;Jo=window,ts=document,es=ts.documentElement,ns=ts.body,rs=As("div"),Ds=!!window.PointerEvent,(is=As("div")).style.cssText="visibility:hidden;height:1px;top:-1px;pointer-events:none;position:relative;clear:both;cursor:grab",gs="grab"===is.style.cursor?"grab":"move",ps=e&&-1!==e.userAgent.toLowerCase().indexOf("android"),ls="ontouchstart"in es&&"orientation"in Jo||e&&(e.MaxTouchPoints>0||e.msMaxTouchPoints>0),r=As("div"),i=As("div"),o=i.style,s=ns,o.display="inline-block",o.position="relative",r.style.cssText=i.innerHTML="width:90px;height:40px;padding:10px;overflow:auto;visibility:hidden",r.appendChild(i),s.appendChild(r),n=i.offsetHeight+18>r.scrollHeight,s.removeChild(r),vs=n,hs=function(t){for(var e=t.split(","),n=(("onpointerdown"in rs?"pointerdown,pointermove,pointerup,pointercancel":"onmspointerdown"in rs?"MSPointerDown,MSPointerMove,MSPointerUp,MSPointerCancel":t).split(",")),r={},i=4;--i>-1;)r[e[i]]=n[i],r[n[i]]=e[i];try{es.addEventListener("test",null,Object.defineProperty({},"passive",{get:function(){us=1}}))}catch(t){}return r}("touchstart,touchmove,touchend,touchcancel"),js(ts,"touchcancel",Fs),js(Jo,"touchmove",Fs),ns&&ns.addEventListener("touchstart",Fs),js(ts,"contextmenu",(function(){for(var t in Bs)Bs[t].isPressed&&Bs[t].endDrag()})),$o=os=ys()}var n,r,i,o,s;$o?(ds=$o.plugins.inertia,ss=$o.utils.checkPrefix,Es=ss(Es),bs=ss(bs),as=$o.utils.toArray,ms=!!ss("perspective")):t&&console.warn("Please gsap.registerPlugin(Draggable)")},Da=function(t){var e,n;function r(e,n){var i;i=t.call(this)||this,os||ga(1),e=as(e)[0],ds||(ds=$o.plugins.inertia),i.vars=n=Is(n||{}),i.target=e,i.x=i.y=i.rotation=0,i.dragResistance=parseFloat(n.dragResistance)||0,i.edgeResistance=isNaN(n.edgeResistance)?1:parseFloat(n.edgeResistance)||0,i.lockAxis=n.lockAxis,i.autoScroll=n.autoScroll||0,i.lockedAxis=null,i.allowEventDefault=!!n.allowEventDefault,$o.getProperty(e,"x");var o,s,a,u,l,h,c,f,p,d,g,D,m,v,_,y,x,w,C,F,E,b,T,M,A,P,S,O,k,B,L,N,R=(n.type||"x,y").toLowerCase(),X=~R.indexOf("x")||~R.indexOf("y"),Y=-1!==R.indexOf("rotation"),I=Y?"rotation":X?"x":"left",z=X?"y":"top",H=!(!~R.indexOf("x")&&!~R.indexOf("left")&&"scroll"!==R),W=!(!~R.indexOf("y")&&!~R.indexOf("top")&&"scroll"!==R),V=n.minimumMovement||2,j=function(t){if(void 0===t)throw new ReferenceError("this hasn't been initialised - super() hasn't been called");return t}(i),U=as(n.trigger||n.handle||e),q={},G=0,K=!1,Q=n.autoScrollMarginTop||40,Z=n.autoScrollMarginRight||40,$=n.autoScrollMarginBottom||40,J=n.autoScrollMarginLeft||40,tt=n.clickableTest||fa,et=0,nt=e._gsap||$o.core.getCache(e),rt=function t(e){return"fixed"===ia(e).position||((e=e.parentNode)&&1===e.nodeType?t(e):void 0)}(e),it=function(t,n){return parseFloat(nt.get(e,t,n))},ot=e.ownerDocument||ts,st=function(t){return qs(t),t.stopImmediatePropagation&&t.stopImmediatePropagation(),!1},at=function t(n){if(j.autoScroll&&j.isDragging&&(K||x)){var r,i,o,a,u,l,h,c,p=e,d=15*j.autoScroll;for(K=!1,Ys.scrollTop=null!=Jo.pageYOffset?Jo.pageYOffset:null!=ot.documentElement.scrollTop?ot.documentElement.scrollTop:ot.body.scrollTop,Ys.scrollLeft=null!=Jo.pageXOffset?Jo.pageXOffset:null!=ot.documentElement.scrollLeft?ot.documentElement.scrollLeft:ot.body.scrollLeft,a=j.pointerX-Ys.scrollLeft,u=j.pointerY-Ys.scrollTop;p&&!i;)r=(i=ta(p.parentNode))?Ys:p.parentNode,o=i?{bottom:Math.max(es.clientHeight,Jo.innerHeight||0),right:Math.max(es.clientWidth,Jo.innerWidth||0),left:0,top:0}:r.getBoundingClientRect(),l=h=0,W&&((c=r._gsMaxScrollY-r.scrollTop)<0?h=c:u>o.bottom-$&&c?(K=!0,h=Math.min(c,d*(1-Math.max(0,o.bottom-u)/$)|0)):u<o.top+Q&&r.scrollTop&&(K=!0,h=-Math.min(r.scrollTop,d*(1-Math.max(0,u-o.top)/Q)|0)),h&&(r.scrollTop+=h)),H&&((c=r._gsMaxScrollX-r.scrollLeft)<0?l=c:a>o.right-Z&&c?(K=!0,l=Math.min(c,d*(1-Math.max(0,o.right-a)/Z)|0)):a<o.left+J&&r.scrollLeft&&(K=!0,l=-Math.min(r.scrollLeft,d*(1-Math.max(0,a-o.left)/J)|0)),l&&(r.scrollLeft+=l)),i&&(l||h)&&(Jo.scrollTo(r.scrollLeft,r.scrollTop),yt(j.pointerX+l,j.pointerY+h)),p=r}if(x){var g=j.x,D=j.y;Y?(j.deltaX=g-parseFloat(nt.rotation),j.rotation=g,nt.rotation=g+"deg",nt.renderTransform(1,nt)):s?(W&&(j.deltaY=D-s.top(),s.top(D)),H&&(j.deltaX=g-s.left(),s.left(g))):X?(W&&(j.deltaY=D-parseFloat(nt.y),nt.y=D+"px"),H&&(j.deltaX=g-parseFloat(nt.x),nt.x=g+"px"),nt.renderTransform(1,nt)):(W&&(j.deltaY=D-parseFloat(e.style.top||0),e.style.top=D+"px"),H&&(j.deltaX=g-parseFloat(e.style.left||0),e.style.left=g+"px")),!f||n||O||(O=!0,!1===aa(j,"drag","onDrag")&&(H&&(j.x-=j.deltaX),W&&(j.y-=j.deltaY),t(!0)),O=!1)}x=!1},ut=function(t,n){var r,i,o=j.x,a=j.y;e._gsap||(nt=$o.core.getCache(e)),nt.uncache&&$o.getProperty(e,"x"),X?(j.x=parseFloat(nt.x),j.y=parseFloat(nt.y)):Y?j.x=j.rotation=parseFloat(nt.rotation):s?(j.y=s.top(),j.x=s.left()):(j.y=parseFloat(e.style.top||(i=ia(e))&&i.top)||0,j.x=parseFloat(e.style.left||(i||{}).left)||0),(C||F||E)&&!n&&(j.isDragging||j.isThrowing)&&(E&&(Xs.x=j.x,Xs.y=j.y,(r=E(Xs)).x!==j.x&&(j.x=r.x,x=!0),r.y!==j.y&&(j.y=r.y,x=!0)),C&&(r=C(j.x))!==j.x&&(j.x=r,Y&&(j.rotation=r),x=!0),F&&((r=F(j.y))!==j.y&&(j.y=r),x=!0)),x&&at(!0),t||(j.deltaX=j.x-o,j.deltaY=j.y-a,aa(j,"throwupdate","onThrowUpdate"))},lt=function(t,e,n,r){return null==e&&(e=-1e20),null==n&&(n=1e20),xs(t)?function(i){var o=j.isPressed?1-j.edgeResistance:1;return t.call(j,i>n?n+(i-n)*o:i<e?e+(i-e)*o:i)*r}:Ms(t)?function(r){for(var i,o,s=t.length,a=0,u=1e20;--s>-1;)(o=(i=t[s])-r)<0&&(o=-o),o<u&&i>=e&&i<=n&&(a=s,u=o);return t[a]}:isNaN(t)?function(t){return t}:function(){return t*r}},ht=function(){var t,r,i,o;c=!1,s?(s.calibrate(),j.minX=g=-s.maxScrollLeft(),j.minY=m=-s.maxScrollTop(),j.maxX=d=j.maxY=D=0,c=!0):n.bounds&&(t=ua(n.bounds,e.parentNode),Y?(j.minX=g=t.left,j.maxX=d=t.left+t.width,j.minY=m=j.maxY=D=0):Cs(n.bounds.maxX)&&Cs(n.bounds.maxY)?(r=ua(e,e.parentNode),j.minX=g=Math.round(it(I,"px")+t.left-r.left),j.minY=m=Math.round(it(z,"px")+t.top-r.top),j.maxX=d=Math.round(g+(t.width-r.width)),j.maxY=D=Math.round(m+(t.height-r.height))):(t=n.bounds,j.minX=g=t.minX,j.minY=m=t.minY,j.maxX=d=t.maxX,j.maxY=D=t.maxY),g>d&&(j.minX=d,j.maxX=d=g,g=j.minX),m>D&&(j.minY=D,j.maxY=D=m,m=j.minY),Y&&(j.minRotation=g,j.maxRotation=d),c=!0),n.liveSnap&&(i=!0===n.liveSnap?n.snap||{}:n.liveSnap,o=Ms(i)||xs(i),Y?(C=lt(o?i:i.rotation,g,d,1),F=null):i.points?E=function(t,e,n,r,i,o,s){return o=o&&o<1e20?o*o:1e20,xs(t)?function(a){var u,l,h,c=j.isPressed?1-j.edgeResistance:1,f=a.x,p=a.y;return a.x=f=f>n?n+(f-n)*c:f<e?e+(f-e)*c:f,a.y=p=p>i?i+(p-i)*c:p<r?r+(p-r)*c:p,(u=t.call(j,a))!==a&&(a.x=u.x,a.y=u.y),1!==s&&(a.x*=s,a.y*=s),o<1e20&&(l=a.x-f)*l+(h=a.y-p)*h>o&&(a.x=f,a.y=p),a}:Ms(t)?function(e){for(var n,r,i,s,a=t.length,u=0,l=1e20;--a>-1;)(s=(n=(i=t[a]).x-e.x)*n+(r=i.y-e.y)*r)<l&&(u=a,l=s);return l<=o?t[u]:e}:function(t){return t}}(o?i:i.points,g,d,m,D,i.radius,s?-1:1):(H&&(C=lt(o?i:i.x||i.left||i.scrollLeft,g,d,s?-1:1)),W&&(F=lt(o?i:i.y||i.top||i.scrollTop,m,D,s?-1:1))))},ct=function(){j.isThrowing=!1,aa(j,"throwcomplete","onThrowComplete")},ft=function(){j.isThrowing=!1},pt=function(t,r){var i,o,a,u;t&&ds?(!0===t&&(i=n.snap||n.liveSnap||{},o=Ms(i)||xs(i),t={resistance:(n.throwResistance||n.resistance||1e3)/(Y?10:1)},Y?t.rotation=ca(j,o?i:i.rotation,d,g,1,r):(H&&(t[I]=ca(j,o?i:i.points||i.x||i.left,d,g,s?-1:1,r||"x"===j.lockedAxis)),W&&(t[z]=ca(j,o?i:i.points||i.y||i.top,D,m,s?-1:1,r||"y"===j.lockedAxis)),(i.points||Ms(i)&&ws(i[0]))&&(t.linkedProps=I+","+z,t.radius=i.radius))),j.isThrowing=!0,u=isNaN(n.overshootTolerance)?1===n.edgeResistance?0:1-j.edgeResistance+.2:n.overshootTolerance,t.duration||(t.duration={max:Math.max(n.minDuration||0,"maxDuration"in n?n.maxDuration:2),min:isNaN(n.minDuration)?0===u||ws(t)&&t.resistance>1e3?0:.5:n.minDuration,overshoot:u}),j.tween=a=$o.to(s||e,{inertia:t,data:"_draggable",onComplete:ct,onInterrupt:ft,onUpdate:n.fastMode?aa:ut,onUpdateParams:n.fastMode?[j,"onthrowupdate","onThrowUpdate"]:i&&i.radius?[!1,!0]:[]}),n.fastMode||(s&&(s._skip=!0),a.render(1e9,!0,!0),ut(!0,!0),j.endX=j.x,j.endY=j.y,Y&&(j.endRotation=j.x),a.play(0),ut(!0,!0),s&&(s._skip=!1))):c&&j.applyBounds()},dt=function(t){var n,r=M;M=Do(e.parentNode,!0),t&&j.isPressed&&!M.equals(r||new go)&&(n=r.inverse().apply({x:a,y:u}),M.apply(n,n),a=n.x,u=n.y),M.equals(Ss)&&(M=null)},gt=function(){var t,n,r,i=1-j.edgeResistance,o=rt?Zs(ot):0,f=rt?Qs(ot):0;dt(!1),la.x=j.pointerX-o,la.y=j.pointerY-f,M&&M.apply(la,la),a=la.x,u=la.y,x&&(yt(j.pointerX,j.pointerY),at(!0)),N=Do(e),s?(ht(),h=s.top(),l=s.left()):(Dt()?(ut(!0,!0),ht()):j.applyBounds(),Y?(t=e.ownerSVGElement?[nt.xOrigin-e.getBBox().x,nt.yOrigin-e.getBBox().y]:(ia(e)[bs]||"0 0").split(" "),y=j.rotationOrigin=Do(e).apply({x:parseFloat(t[0])||0,y:parseFloat(t[1])||0}),ut(!0,!0),n=j.pointerX-y.x-o,r=y.y-j.pointerY+f,l=j.x,h=j.y=Math.atan2(r,n)*Ps):(h=it(z,"px"),l=it(I,"px"))),c&&i&&(l>d?l=d+(l-d)/i:l<g&&(l=g-(g-l)/i),Y||(h>D?h=D+(h-D)/i:h<m&&(h=m-(m-h)/i))),j.startX=l=Ts(l),j.startY=h=Ts(h)},Dt=function(){return j.tween&&j.tween.isActive()},mt=function(){!is.parentNode||Dt()||j.isDragging||is.parentNode.removeChild(is)},vt=function(t,i){var l;if(!o||j.isPressed||!t||!("mousedown"!==t.type&&"pointerdown"!==t.type||i)&&Os()-et<30&&hs[j.pointerEvent.type])L&&t&&o&&qs(t);else{if(A=Dt(),j.pointerEvent=t,hs[t.type]?(T=~t.type.indexOf("touch")?t.currentTarget||t.target:ot,js(T,"touchend",xt),js(T,"touchmove",_t),js(T,"touchcancel",xt),js(ot,"touchstart",Ks)):(T=null,js(ot,"mousemove",_t)),S=null,Ds&&T||(js(ot,"mouseup",xt),t&&t.target&&js(t.target,"mouseup",xt)),b=tt.call(j,t.target)&&!1===n.dragClickables&&!i)return js(t.target,"change",xt),aa(j,"pressInit","onPressInit"),aa(j,"press","onPress"),pa(U,!0),void(L=!1);var h;if(P=!(!T||H===W||!1===j.vars.allowNativeTouchScrolling||j.vars.allowContextMenu&&t&&(t.ctrlKey||t.which>2))&&(H?"y":"x"),(L=!P&&!j.allowEventDefault)&&(qs(t),js(Jo,"touchforcechange",qs)),t.changedTouches?(t=v=t.changedTouches[0],_=t.identifier):t.pointerId?_=t.pointerId:v=_=null,cs++,h=at,ks.push(h),1===ks.length&&$o.ticker.add(Hs),u=j.pointerY=t.pageY,a=j.pointerX=t.pageX,aa(j,"pressInit","onPressInit"),(P||j.autoScroll)&&na(e.parentNode),!e.parentNode||!j.autoScroll||s||Y||!e.parentNode._gsMaxScrollX||is.parentNode||e.getBBox||(is.style.width=e.parentNode.scrollWidth+"px",e.parentNode.appendChild(is)),gt(),j.tween&&j.tween.kill(),j.isThrowing=!1,$o.killTweensOf(s||e,q,!0),s&&$o.killTweensOf(e,{scrollTo:1},!0),j.tween=j.lockedAxis=null,(n.zIndexBoost||!Y&&!s&&!1!==n.zIndexBoost)&&(e.style.zIndex=r.zIndex++),j.isPressed=!0,f=!(!n.onDrag&&!j._listeners.drag),p=!(!n.onMove&&!j._listeners.move),!1!==n.cursor||n.activeCursor)for(l=U.length;--l>-1;)$o.set(U[l],{cursor:n.activeCursor||n.cursor||("grab"===gs?"grabbing":gs)});aa(j,"press","onPress")}},_t=function(t){var n,r,i,s,l,h,c=t;if(o&&!fs&&j.isPressed&&t){if(j.pointerEvent=t,n=t.changedTouches){if((t=n[0])!==v&&t.identifier!==_){for(s=n.length;--s>-1&&(t=n[s]).identifier!==_&&t.target!==e;);if(s<0)return}}else if(t.pointerId&&_&&t.pointerId!==_)return;T&&P&&!S&&(la.x=t.pageX-(rt?Zs(ot):0),la.y=t.pageY-(rt?Qs(ot):0),M&&M.apply(la,la),r=la.x,i=la.y,((l=Math.abs(r-a))!==(h=Math.abs(i-u))&&(l>V||h>V)||ps&&P===S)&&(S=l>h&&H?"x":"y",P&&S!==P&&js(Jo,"touchforcechange",qs),!1!==j.vars.lockAxisOnTouchScroll&&H&&W&&(j.lockedAxis="x"===S?"y":"x",xs(j.vars.onLockAxis)&&j.vars.onLockAxis.call(j,c)),ps&&P===S))?xt(c):(j.allowEventDefault||P&&(!S||P===S)||!1===c.cancelable?L&&(L=!1):(qs(c),L=!0),j.autoScroll&&(K=!0),yt(t.pageX,t.pageY,p))}else L&&t&&o&&qs(t)},yt=function(t,e,n){var r,i,o,s,f,p,v=1-j.dragResistance,_=1-j.edgeResistance,w=j.pointerX,b=j.pointerY,T=h,A=j.x,P=j.y,S=j.endX,O=j.endY,k=j.endRotation,B=x;j.pointerX=t,j.pointerY=e,rt&&(t-=Zs(ot),e-=Qs(ot)),Y?(s=Math.atan2(y.y-e,t-y.x)*Ps,(f=j.y-s)>180?(h-=360,j.y=s):f<-180&&(h+=360,j.y=s),j.x!==l||Math.abs(h-s)>V?(j.y=s,o=l+(h-s)*v):o=l):(M&&(p=t*M.a+e*M.c+M.e,e=t*M.b+e*M.d+M.f,t=p),(i=e-u)<V&&i>-V&&(i=0),(r=t-a)<V&&r>-V&&(r=0),(j.lockAxis||j.lockedAxis)&&(r||i)&&((p=j.lockedAxis)||(j.lockedAxis=p=H&&Math.abs(r)>Math.abs(i)?"y":W?"x":null,p&&xs(j.vars.onLockAxis)&&j.vars.onLockAxis.call(j,j.pointerEvent)),"y"===p?i=0:"x"===p&&(r=0)),o=Ts(l+r*v),s=Ts(h+i*v)),(C||F||E)&&(j.x!==o||j.y!==s&&!Y)&&(E&&(Xs.x=o,Xs.y=s,p=E(Xs),o=Ts(p.x),s=Ts(p.y)),C&&(o=Ts(C(o))),F&&(s=Ts(F(s)))),c&&(o>d?o=d+Math.round((o-d)*_):o<g&&(o=g+Math.round((o-g)*_)),Y||(s>D?s=Math.round(D+(s-D)*_):s<m&&(s=Math.round(m+(s-m)*_)))),(j.x!==o||j.y!==s&&!Y)&&(Y?(j.endRotation=j.x=j.endX=o,x=!0):(W&&(j.y=j.endY=s,x=!0),H&&(j.x=j.endX=o,x=!0)),n&&!1===aa(j,"move","onMove")?(j.pointerX=w,j.pointerY=b,h=T,j.x=A,j.y=P,j.endX=S,j.endY=O,j.endRotation=k,x=B):!j.isDragging&&j.isPressed&&(j.isDragging=!0,aa(j,"dragstart","onDragStart")))},xt=function t(r,i){if(o&&j.isPressed&&(!r||null==_||i||!(r.pointerId&&r.pointerId!==_&&r.target!==e||r.changedTouches&&!function(t,e){for(var n=t.length;n--;)if(t[n].identifier===e)return!0}(r.changedTouches,_)))){j.isPressed=!1;var s,a,u,l,h,c=r,f=j.isDragging,p=j.vars.allowContextMenu&&r&&(r.ctrlKey||r.which>2),d=$o.delayedCall(.001,mt);if(T?(Us(T,"touchend",t),Us(T,"touchmove",_t),Us(T,"touchcancel",t),Us(ot,"touchstart",Ks)):Us(ot,"mousemove",_t),Us(Jo,"touchforcechange",qs),Ds&&T||(Us(ot,"mouseup",t),r&&r.target&&Us(r.target,"mouseup",t)),x=!1,f&&(G=Rs=Os(),j.isDragging=!1),b&&!p)return r&&(Us(r.target,"change",t),j.pointerEvent=c),pa(U,!1),aa(j,"release","onRelease"),aa(j,"click","onClick"),void(b=!1);for(Vs(at),a=U.length;--a>-1;)ra(U[a],"cursor",n.cursor||(!1!==n.cursor?gs:null));if(cs--,r){if((s=r.changedTouches)&&(r=s[0])!==v&&r.identifier!==_){for(a=s.length;--a>-1&&(r=s[a]).identifier!==_&&r.target!==e;);if(a<0)return}j.pointerEvent=c,j.pointerX=r.pageX,j.pointerY=r.pageY}return p&&c?(qs(c),L=!0,aa(j,"release","onRelease")):c&&!f?(L=!1,A&&(n.snap||n.bounds)&&pt(n.inertia||n.throwProps),aa(j,"release","onRelease"),ps&&"touchmove"===c.type||-1!==c.type.indexOf("cancel")||(aa(j,"click","onClick"),Os()-et<300&&aa(j,"doubleclick","onDoubleClick"),l=c.target||e,et=Os(),h=function(){et===k||!j.enabled()||j.isPressed||c.defaultPrevented||(l.click?l.click():ot.createEvent&&((u=ot.createEvent("MouseEvents")).initMouseEvent("click",!0,!0,Jo,1,j.pointerEvent.screenX,j.pointerEvent.screenY,j.pointerX,j.pointerY,!1,!1,!1,!1,0,null),l.dispatchEvent(u)))},ps||c.defaultPrevented||$o.delayedCall(.05,h))):(pt(n.inertia||n.throwProps),j.allowEventDefault||!c||!1===n.dragClickables&&tt.call(j,c.target)||!f||P&&(!S||P!==S)||!1===c.cancelable?L=!1:(L=!0,qs(c)),aa(j,"release","onRelease")),Dt()&&d.duration(j.tween.duration()),f&&aa(j,"dragend","onDragEnd"),!0}L&&r&&o&&qs(r)},wt=function(t){if(t&&j.isDragging&&!s){var n=t.target||e.parentNode,r=n.scrollLeft-n._gsScrollX,i=n.scrollTop-n._gsScrollY;(r||i)&&(M?(a-=r*M.a+i*M.c,u-=i*M.d+r*M.b):(a-=r,u-=i),n._gsScrollX+=r,n._gsScrollY+=i,yt(j.pointerX,j.pointerY))}},Ct=function(t){var e=Os(),n=e-et<100,r=e-G<50,i=n&&k===et,o=j.pointerEvent&&j.pointerEvent.defaultPrevented,s=n&&B===et,a=t.isTrusted||null==t.isTrusted&&n&&i;if((i||r&&!1!==j.vars.suppressClickOnDrag)&&t.stopImmediatePropagation&&t.stopImmediatePropagation(),n&&(!j.pointerEvent||!j.pointerEvent.defaultPrevented)&&(!i||a&&!s))return a&&i&&(B=et),void(k=et);(j.isPressed||r||n)&&(a&&t.detail&&n&&!o||qs(t)),n||r||(t&&t.target&&(j.pointerEvent=t),aa(j,"click","onClick"))},Ft=function(t){return M?{x:t.x*M.a+t.y*M.c+M.e,y:t.x*M.b+t.y*M.d+M.f}:{x:t.x,y:t.y}};return(w=r.get(e))&&w.kill(),i.startDrag=function(t,n){var r,i,o,s;vt(t||j.pointerEvent,!0),n&&!j.hitTest(t||j.pointerEvent)&&(r=sa(t||j.pointerEvent),i=sa(e),o=Ft({x:r.left+r.width/2,y:r.top+r.height/2}),s=Ft({x:i.left+i.width/2,y:i.top+i.height/2}),a-=o.x-s.x,u-=o.y-s.y),j.isDragging||(j.isDragging=!0,aa(j,"dragstart","onDragStart"))},i.drag=_t,i.endDrag=function(t){return xt(t||j.pointerEvent,!0)},i.timeSinceDrag=function(){return j.isDragging?0:(Os()-G)/1e3},i.timeSinceClick=function(){return(Os()-et)/1e3},i.hitTest=function(t,e){return r.hitTest(j.target,t,e)},i.getDirection=function(t,n){var r,i,o,s,a,u,c="velocity"===t&&ds?t:ws(t)&&!Y?"element":"start";return"element"===c&&(a=sa(j.target),u=sa(t)),r="start"===c?j.x-l:"velocity"===c?ds.getVelocity(e,I):a.left+a.width/2-(u.left+u.width/2),Y?r<0?"counter-clockwise":"clockwise":(n=n||2,i="start"===c?j.y-h:"velocity"===c?ds.getVelocity(e,z):a.top+a.height/2-(u.top+u.height/2),s=(o=Math.abs(r/i))<1/n?"":r<0?"left":"right",o<n&&(""!==s&&(s+="-"),s+=i<0?"up":"down"),s)},i.applyBounds=function(t,r){var i,o,s,a,u,l;if(t&&n.bounds!==t)return n.bounds=t,j.update(!0,r);if(ut(!0),ht(),c&&!Dt()){if(i=j.x,o=j.y,i>d?i=d:i<g&&(i=g),o>D?o=D:o<m&&(o=m),(j.x!==i||j.y!==o)&&(s=!0,j.x=j.endX=i,Y?j.endRotation=i:j.y=j.endY=o,x=!0,at(!0),j.autoScroll&&!j.isDragging))for(na(e.parentNode),a=e,Ys.scrollTop=null!=Jo.pageYOffset?Jo.pageYOffset:null!=ot.documentElement.scrollTop?ot.documentElement.scrollTop:ot.body.scrollTop,Ys.scrollLeft=null!=Jo.pageXOffset?Jo.pageXOffset:null!=ot.documentElement.scrollLeft?ot.documentElement.scrollLeft:ot.body.scrollLeft;a&&!l;)u=(l=ta(a.parentNode))?Ys:a.parentNode,W&&u.scrollTop>u._gsMaxScrollY&&(u.scrollTop=u._gsMaxScrollY),H&&u.scrollLeft>u._gsMaxScrollX&&(u.scrollLeft=u._gsMaxScrollX),a=u;j.isThrowing&&(s||j.endX>d||j.endX<g||j.endY>D||j.endY<m)&&pt(n.inertia||n.throwProps,s)}return j},i.update=function(t,n,r){if(n&&j.isPressed){var i=Do(e),o=N.apply({x:j.x-l,y:j.y-h}),s=Do(e.parentNode,!0);s.apply({x:i.e-o.x,y:i.f-o.y},o),j.x-=o.x-s.e,j.y-=o.y-s.f,at(!0),gt()}var a=j.x,u=j.y;return dt(!n),t?j.applyBounds():(x&&r&&at(!0),ut(!0)),n&&(yt(j.pointerX,j.pointerY),x&&at(!0)),j.isPressed&&!n&&(H&&Math.abs(a-j.x)>.01||W&&Math.abs(u-j.y)>.01&&!Y)&&gt(),j.autoScroll&&(na(e.parentNode,j.isDragging),K=j.isDragging,at(!0),Js(e,wt),$s(e,wt)),j},i.enable=function(t){var r,i,a,u={lazy:!0};if(!1!==n.cursor&&(u.cursor=n.cursor||gs),$o.utils.checkPrefix("touchCallout")&&(u.touchCallout="none"),"soft"!==t){for(zs(U,H===W?"none":n.allowNativeTouchScrolling&&e.scrollHeight===e.clientHeight==(e.scrollWidth===e.clientHeight)||n.allowEventDefault?"manipulation":H?"pan-y":"pan-x"),i=U.length;--i>-1;)a=U[i],Ds||js(a,"mousedown",vt),js(a,"touchstart",vt),js(a,"click",Ct,!0),$o.set(a,u),a.getBBox&&a.ownerSVGElement&&$o.set(a.ownerSVGElement,{touchAction:H===W?"none":n.allowNativeTouchScrolling||n.allowEventDefault?"manipulation":H?"pan-y":"pan-x"}),n.allowContextMenu||js(a,"contextmenu",st);pa(U,!1)}return $s(e,wt),o=!0,ds&&"soft"!==t&&ds.track(s||e,X?"x,y":Y?"rotation":"top,left"),e._gsDragID=r="d"+Ls++,Bs[r]=j,s&&(s.enable(),s.element._gsDragID=r),(n.bounds||Y)&&gt(),n.bounds&&j.applyBounds(),j},i.disable=function(t){for(var n,r=j.isDragging,i=U.length;--i>-1;)ra(U[i],"cursor",null);if("soft"!==t){for(zs(U,null),i=U.length;--i>-1;)n=U[i],ra(n,"touchCallout",null),Us(n,"mousedown",vt),Us(n,"touchstart",vt),Us(n,"click",Ct),Us(n,"contextmenu",st);pa(U,!0),T&&(Us(T,"touchcancel",xt),Us(T,"touchend",xt),Us(T,"touchmove",_t)),Us(ot,"mouseup",xt),Us(ot,"mousemove",_t)}return Js(e,wt),o=!1,ds&&"soft"!==t&&ds.untrack(s||e,X?"x,y":Y?"rotation":"top,left"),s&&s.disable(),Vs(at),j.isDragging=j.isPressed=b=!1,r&&aa(j,"dragend","onDragEnd"),j},i.enabled=function(t,e){return arguments.length?t?j.enable(e):j.disable(e):o},i.kill=function(){return j.isThrowing=!1,j.tween&&j.tween.kill(),j.disable(),$o.set(U,{clearProps:"userSelect"}),delete Bs[e._gsDragID],j},~R.indexOf("scroll")&&(s=i.scrollProxy=new da(e,function(t,e){for(var n in e)n in t||(t[n]=e[n]);return t}({onKill:function(){j.isPressed&&xt(null)}},n)),e.style.overflowY=W&&!ls?"auto":"hidden",e.style.overflowX=H&&!ls?"auto":"hidden",e=s.content),Y?q.rotation=1:(H&&(q[I]=1),W&&(q[z]=1)),nt.force3D=!("force3D"in n)||n.force3D,i.enable(),i}return n=t,(e=r).prototype=Object.create(n.prototype),e.prototype.constructor=e,e.__proto__=n,r.register=function(t){$o=t,ga()},r.create=function(t,e){return os||ga(!0),as(t).map((function(t){return new r(t,e)}))},r.get=function(t){return Bs[(as(t)[0]||{})._gsDragID]},r.timeSinceDrag=function(){return(Os()-Rs)/1e3},r.hitTest=function(t,e,n){if(t===e)return!1;var r,i,o,s=sa(t),a=sa(e),u=s.top,l=s.left,h=s.right,c=s.bottom,f=s.width,p=s.height,d=a.left>h||a.right<l||a.top>c||a.bottom<u;return d||!n?!d:(o=-1!==(n+"").indexOf("%"),n=parseFloat(n)||0,(r={left:Math.max(l,a.left),top:Math.max(u,a.top)}).width=Math.min(h,a.right)-r.left,r.height=Math.min(c,a.bottom)-r.top,!(r.width<0||r.height<0)&&(o?(n*=.01,(i=r.width*r.height)>=f*p*n||i>=a.width*a.height*n):r.width>n&&r.height>n))},r}(function(){function t(t){this._listeners={},this.target=t||this}var e=t.prototype;return e.addEventListener=function(t,e){var n=this._listeners[t]||(this._listeners[t]=[]);~n.indexOf(e)||n.push(e)},e.removeEventListener=function(t,e){var n=this._listeners[t],r=n&&n.indexOf(e)||-1;r>-1&&n.splice(r,1)},e.dispatchEvent=function(t){var e,n=this;return(this._listeners[t]||[]).forEach((function(r){return!1===r.call(n,{type:t,target:n.target})&&(e=!1)})),e},t}());!function(t,e){for(var n in e)n in t||(t[n]=e[n])}(Da.prototype,{pointerX:0,pointerY:0,startX:0,startY:0,deltaX:0,deltaY:0,isDragging:!1,isPressed:!1}),Da.zIndex=1e3,Da.version="3.9.1",ys()&&$o.registerPlugin(Da);
/*!
 * VelocityTracker: 3.9.1
 * https://greensock.com
 *
 * Copyright 2008-2021, GreenSock. All rights reserved.
 * Subject to the terms at https://greensock.com/standard-license or for
 * Club GreenSock members, the agreement issued with that membership.
 * @author: Jack Doyle, jack@greensock.com
*/
var ma,va,_a,ya,xa,wa,Ca,Fa,Ea=function(){return ma||"undefined"!=typeof window&&(ma=window.gsap)},ba={},Ta=function(t){return Fa(t).id},Ma=function(t){return ba[Ta("string"==typeof t?_a(t)[0]:t)]},Aa=function(t){var e,n=xa;if(t-Ca>=.05)for(Ca,Ca=t;n;)((e=n.g(n.t,n.p))!==n.v1||t-n.t1>.2)&&(n.v2=n.v1,n.v1=e,n.t2=n.t1,n.t1=t),n=n._next},Pa={deg:360,rad:2*Math.PI},Sa=function(){(ma=Ea())&&(_a=ma.utils.toArray,ya=ma.utils.getUnit,Fa=ma.core.getCache,wa=ma.ticker,va=1)},Oa=function(t,e,n,r){this.t=t,this.p=e,this.g=t._gsap.get,this.rCap=Pa[n||ya(this.g(t,e))],this.v1=this.v2=0,this.t1=this.t2=wa.time,r&&(this._next=r,r._prev=this)},ka=function(){function t(t,e){va||Sa(),this.target=_a(t)[0],ba[Ta(this.target)]=this,this._props={},e&&this.add(e)}t.register=function(t){ma=t,Sa()};var e=t.prototype;return e.get=function(t,e){var n,r,i,o=this._props[t]||console.warn("Not tracking "+t+" velocity.");return n=parseFloat(e?o.v1:o.g(o.t,o.p))-parseFloat(o.v2),(r=o.rCap)&&(n%=r)!==n%(r/2)&&(n=n<0?n+r:n-r),i=n/((e?o.t1:wa.time)-o.t2),Math.round(1e4*i)/1e4},e.getAll=function(){var t,e={},n=this._props;for(t in n)e[t]=this.get(t);return e},e.isTracking=function(t){return t in this._props},e.add=function(t,e){t in this._props||(xa||(wa.add(Aa),Ca=wa.time),xa=this._props[t]=new Oa(this.target,t,e,xa))},e.remove=function(t){var e,n,r=this._props[t];r&&(e=r._prev,n=r._next,e&&(e._next=n),n?n._prev=e:xa===r&&(wa.remove(Aa),xa=0),delete this._props[t])},e.kill=function(t){for(var e in this._props)this.remove(e);t||delete ba[Ta(this.target)]},t.track=function(e,n,r){va||Sa();for(var i,o,s=[],a=_a(e),u=n.split(","),l=(r||"").split(","),h=a.length;h--;){for(i=Ma(a[h])||new t(a[h]),o=u.length;o--;)i.add(u[o],l[o]||l[0]);s.push(i)}return s},t.untrack=function(t,e){var n=(e||"").split(",");_a(t).forEach((function(t){var e=Ma(t);e&&(n.length?n.forEach((function(t){return e.remove(t)})):e.kill(1))}))},t.isTracking=function(t,e){var n=Ma(t);return n&&n.isTracking(e)},t.getVelocity=function(t,e){var n=Ma(t);return n&&n.isTracking(e)?n.get(e):console.warn("Not tracking velocity of "+e)},t}();ka.getByTarget=Ma,Ea()&&ma.registerPlugin(ka);
/*!
 * InertiaPlugin 3.9.1
 * https://greensock.com
 *
 * @license Copyright 2008-2021, GreenSock. All rights reserved.
 * Subject to the terms at https://greensock.com/standard-license or for
 * Club GreenSock members, the agreement issued with that membership.
 * @author: Jack Doyle, jack@greensock.com
*/
var Ba,La,Na,Ra,Xa,Ya,Ia,za,Ha,Wa,Va,ja,Ua=ka.getByTarget,qa=function(){return Ba||"undefined"!=typeof window&&(Ba=window.gsap)&&Ba.registerPlugin&&Ba},Ga=function(t){return"number"==typeof t},Ka=function(t){return"object"==typeof t},Qa=function(t){return"function"==typeof t},Za=Array.isArray,$a=function(t){return t},Ja=function(t,e,n){for(var r in e)r in t||r===n||(t[r]=e[r]);return t},tu=function t(e){var n,r,i={};for(n in e)i[n]=Ka(r=e[n])&&!Za(r)?t(r):r;return i},eu=function(t,e,n,r,i){var o,s,a,u,l=e.length,h=0,c=1e10;if(Ka(t)){for(;l--;){for(a in o=e[l],s=0,t)s+=(u=o[a]-t[a])*u;s<c&&(h=l,c=s)}if((i||1e10)<1e10&&i<Math.sqrt(c))return t}else for(;l--;)(s=(o=e[l])-t)<0&&(s=-s),s<c&&o>=r&&o<=n&&(h=l,c=s);return e[h]},nu=function(t,e,n,r,i,o,s){if("auto"===t.end)return t;var a,u,l=t.end;if(n=isNaN(n)?1e10:n,r=isNaN(r)?-1e10:r,Ka(e)){if(a=e.calculated?e:(Qa(l)?l(e,s):eu(e,l,n,r,o))||e,!e.calculated){for(u in a)e[u]=a[u];e.calculated=!0}a=a[i]}else a=Qa(l)?l(e,s):Za(l)?eu(e,l,n,r,o):parseFloat(l);return a>n?a=n:a<r&&(a=r),{max:a,min:a,unitFactor:t.unitFactor}},ru=function(t,e,n){return isNaN(t[e])?n:+t[e]},iu=function(t,e){return.05*e*t/Wa},ou=function(t,e,n){return Math.abs((e-t)*Wa/n/.05)},su={resistance:1,checkpoint:1,preventOvershoot:1,linkedProps:1,radius:1,duration:1},au=function(t,e,n,r){if(e.linkedProps){var i,o,s,a,u,l,h=e.linkedProps.split(","),c={};for(i=0;i<h.length;i++)(s=e[o=h[i]])&&(a=Ga(s.velocity)?s.velocity:(u=u||Ua(t))&&u.isTracking(o)?u.get(o):0,l=Math.abs(a/ru(s,"resistance",r)),c[o]=parseFloat(n(t,o))+iu(a,l));return c}},uu=function(){(Ba=qa())&&(Na=Ba.parseEase,Ra=Ba.utils.toArray,Ia=Ba.utils.getUnit,Ha=Ba.core.getCache,Va=Ba.utils.clamp,Xa=Na("power3"),Wa=Xa(.05),za=Ba.core.PropTween,Ba.config({resistance:100,unitFactors:{time:1e3,totalTime:1e3,progress:1e3,totalProgress:1e3}}),Ya=Ba.config(),Ba.registerPlugin(ka),La=1)},lu={version:"3.9.1",name:"inertia",register:function(t){Ba=t,uu()},init:function(t,e,n,r,i){La||uu();var o=Ua(t);if("auto"===e){if(!o)return void console.warn("No inertia tracking on "+t+". InertiaPlugin.track(target) first.");e=o.getAll()}this.target=t,this.tween=n,ja=e;var s,a,u,l,h,c,f,p,d,g=t._gsap,D=g.get,m=e.duration,v=Ka(m),_=e.preventOvershoot||v&&0===m.overshoot,y=ru(e,"resistance",Ya.resistance),x=Ga(m)?m:function(t,e,n,r,i,o){if(void 0===n&&(n=10),void 0===r&&(r=.2),void 0===i&&(i=1),void 0===o&&(o=0),"string"==typeof t&&(t=Ra(t)[0]),!t)return 0;var s,a,u,l,h,c,f,p,d,g,D=0,m=1e10,v=e.inertia||e,_=Ha(t).get,y=ru(v,"resistance",Ya.resistance);for(s in g=au(t,v,_,y),v)su[s]||(a=v[s],Ka(a)||((p=p||Ua(t))&&p.isTracking(s)?a=Ga(a)?{velocity:a}:{velocity:p.get(s)}:(l=+a||0,u=Math.abs(l/y))),Ka(a)&&(l=Ga(a.velocity)?a.velocity:(p=p||Ua(t))&&p.isTracking(s)?p.get(s):0,u=Va(r,n,Math.abs(l/ru(a,"resistance",y))),c=(h=parseFloat(_(t,s))||0)+iu(l,u),"end"in a&&(a=nu(a,g&&s in g?g:c,a.max,a.min,s,v.radius,l),o&&(ja===e&&(ja=v=tu(e)),v[s]=Ja(a,v[s],"end"))),"max"in a&&c>+a.max+1e-10?(d=a.unitFactor||Ya.unitFactors[s]||1,(f=h>a.max&&a.min!==a.max||l*d>-15&&l*d<45?r+.1*(n-r):ou(h,a.max,l))+i<m&&(m=f+i)):"min"in a&&c<+a.min-1e-10&&(d=a.unitFactor||Ya.unitFactors[s]||1,(f=h<a.min&&a.min!==a.max||l*d>-45&&l*d<15?r+.1*(n-r):ou(h,a.min,l))+i<m&&(m=f+i)),f>D&&(D=f)),u>D&&(D=u));return D>m&&(D=m),D>n?n:D<r?r:D}(t,e,v&&m.max||10,v&&m.min||.2,v&&"overshoot"in m?+m.overshoot:_?0:1,!0);for(s in e=ja,ja=0,d=au(t,e,D,y),e)su[s]||(a=e[s],Qa(a)&&(a=a(r,t,i)),Ga(a)?h=a:Ka(a)&&!isNaN(a.velocity)?h=+a.velocity:o&&o.isTracking(s)?h=o.get(s):console.warn("ERROR: No velocity was defined for "+t+" property: "+s),c=iu(h,x),p=0,u=D(t,s),l=Ia(u),u=parseFloat(u),Ka(a)&&(f=u+c,"end"in a&&(a=nu(a,d&&s in d?d:f,a.max,a.min,s,e.radius,h)),"max"in a&&+a.max<f?_||a.preventOvershoot?c=a.max-u:p=a.max-u-c:"min"in a&&+a.min>f&&(_||a.preventOvershoot?c=a.min-u:p=a.min-u-c)),this._props.push(s),this._pt=new za(this._pt,t,s,u,0,$a,0,g.set(t,s,this)),this._pt.u=l||0,this._pt.c1=c,this._pt.c2=p);return n.duration(x),1},render:function(t,e){var n,r=e._pt;for(t=Xa(e.tween._time/e.tween._dur);r;)r.set(r.t,r.p,(n=r.s+r.c1*t+r.c2*t*t,Math.round(1e4*n)/1e4+r.u),r.d,t),r=r._next}};"track,untrack,isTracking,getVelocity,getByTarget".split(",").forEach((function(t){return lu[t]=ka[t]})),qa()&&Ba.registerPlugin(lu);
/*!
 * strings: 3.9.1
 * https://greensock.com
 *
 * Copyright 2008-2021, GreenSock. All rights reserved.
 * Subject to the terms at https://greensock.com/standard-license or for
 * Club GreenSock members, the agreement issued with that membership.
 * @author: Jack Doyle, jack@greensock.com
*/
var hu=/([\uD800-\uDBFF][\uDC00-\uDFFF](?:[\u200D\uFE0F][\uD800-\uDBFF][\uDC00-\uDFFF]){2,}|\uD83D\uDC69(?:\u200D(?:(?:\uD83D\uDC69\u200D)?\uD83D\uDC67|(?:\uD83D\uDC69\u200D)?\uD83D\uDC66)|\uD83C[\uDFFB-\uDFFF])|\uD83D\uDC69\u200D(?:\uD83D\uDC69\u200D)?\uD83D\uDC66\u200D\uD83D\uDC66|\uD83D\uDC69\u200D(?:\uD83D\uDC69\u200D)?\uD83D\uDC67\u200D(?:\uD83D[\uDC66\uDC67])|\uD83C\uDFF3\uFE0F\u200D\uD83C\uDF08|(?:\uD83C[\uDFC3\uDFC4\uDFCA]|\uD83D[\uDC6E\uDC71\uDC73\uDC77\uDC81\uDC82\uDC86\uDC87\uDE45-\uDE47\uDE4B\uDE4D\uDE4E\uDEA3\uDEB4-\uDEB6]|\uD83E[\uDD26\uDD37-\uDD39\uDD3D\uDD3E\uDDD6-\uDDDD])(?:\uD83C[\uDFFB-\uDFFF])\u200D[\u2640\u2642]\uFE0F|\uD83D\uDC69(?:\uD83C[\uDFFB-\uDFFF])\u200D(?:\uD83C[\uDF3E\uDF73\uDF93\uDFA4\uDFA8\uDFEB\uDFED]|\uD83D[\uDCBB\uDCBC\uDD27\uDD2C\uDE80\uDE92])|(?:\uD83C[\uDFC3\uDFC4\uDFCA]|\uD83D[\uDC6E\uDC6F\uDC71\uDC73\uDC77\uDC81\uDC82\uDC86\uDC87\uDE45-\uDE47\uDE4B\uDE4D\uDE4E\uDEA3\uDEB4-\uDEB6]|\uD83E[\uDD26\uDD37-\uDD39\uDD3C-\uDD3E\uDDD6-\uDDDF])\u200D[\u2640\u2642]\uFE0F|\uD83C\uDDFD\uD83C\uDDF0|\uD83C\uDDF6\uD83C\uDDE6|\uD83C\uDDF4\uD83C\uDDF2|\uD83C\uDDE9(?:\uD83C[\uDDEA\uDDEC\uDDEF\uDDF0\uDDF2\uDDF4\uDDFF])|\uD83C\uDDF7(?:\uD83C[\uDDEA\uDDF4\uDDF8\uDDFA\uDDFC])|\uD83C\uDDE8(?:\uD83C[\uDDE6\uDDE8\uDDE9\uDDEB-\uDDEE\uDDF0-\uDDF5\uDDF7\uDDFA-\uDDFF])|(?:\u26F9|\uD83C[\uDFCB\uDFCC]|\uD83D\uDD75)(?:\uFE0F\u200D[\u2640\u2642]|(?:\uD83C[\uDFFB-\uDFFF])\u200D[\u2640\u2642])\uFE0F|(?:\uD83D\uDC41\uFE0F\u200D\uD83D\uDDE8|\uD83D\uDC69(?:\uD83C[\uDFFB-\uDFFF])\u200D[\u2695\u2696\u2708]|\uD83D\uDC69\u200D[\u2695\u2696\u2708]|\uD83D\uDC68(?:(?:\uD83C[\uDFFB-\uDFFF])\u200D[\u2695\u2696\u2708]|\u200D[\u2695\u2696\u2708]))\uFE0F|\uD83C\uDDF2(?:\uD83C[\uDDE6\uDDE8-\uDDED\uDDF0-\uDDFF])|\uD83D\uDC69\u200D(?:\uD83C[\uDF3E\uDF73\uDF93\uDFA4\uDFA8\uDFEB\uDFED]|\uD83D[\uDCBB\uDCBC\uDD27\uDD2C\uDE80\uDE92]|\u2764\uFE0F\u200D(?:\uD83D\uDC8B\u200D(?:\uD83D[\uDC68\uDC69])|\uD83D[\uDC68\uDC69]))|\uD83C\uDDF1(?:\uD83C[\uDDE6-\uDDE8\uDDEE\uDDF0\uDDF7-\uDDFB\uDDFE])|\uD83C\uDDEF(?:\uD83C[\uDDEA\uDDF2\uDDF4\uDDF5])|\uD83C\uDDED(?:\uD83C[\uDDF0\uDDF2\uDDF3\uDDF7\uDDF9\uDDFA])|\uD83C\uDDEB(?:\uD83C[\uDDEE-\uDDF0\uDDF2\uDDF4\uDDF7])|[#\*0-9]\uFE0F\u20E3|\uD83C\uDDE7(?:\uD83C[\uDDE6\uDDE7\uDDE9-\uDDEF\uDDF1-\uDDF4\uDDF6-\uDDF9\uDDFB\uDDFC\uDDFE\uDDFF])|\uD83C\uDDE6(?:\uD83C[\uDDE8-\uDDEC\uDDEE\uDDF1\uDDF2\uDDF4\uDDF6-\uDDFA\uDDFC\uDDFD\uDDFF])|\uD83C\uDDFF(?:\uD83C[\uDDE6\uDDF2\uDDFC])|\uD83C\uDDF5(?:\uD83C[\uDDE6\uDDEA-\uDDED\uDDF0-\uDDF3\uDDF7-\uDDF9\uDDFC\uDDFE])|\uD83C\uDDFB(?:\uD83C[\uDDE6\uDDE8\uDDEA\uDDEC\uDDEE\uDDF3\uDDFA])|\uD83C\uDDF3(?:\uD83C[\uDDE6\uDDE8\uDDEA-\uDDEC\uDDEE\uDDF1\uDDF4\uDDF5\uDDF7\uDDFA\uDDFF])|\uD83C\uDFF4\uDB40\uDC67\uDB40\uDC62(?:\uDB40\uDC77\uDB40\uDC6C\uDB40\uDC73|\uDB40\uDC73\uDB40\uDC63\uDB40\uDC74|\uDB40\uDC65\uDB40\uDC6E\uDB40\uDC67)\uDB40\uDC7F|\uD83D\uDC68(?:\u200D(?:\u2764\uFE0F\u200D(?:\uD83D\uDC8B\u200D)?\uD83D\uDC68|(?:(?:\uD83D[\uDC68\uDC69])\u200D)?\uD83D\uDC66\u200D\uD83D\uDC66|(?:(?:\uD83D[\uDC68\uDC69])\u200D)?\uD83D\uDC67\u200D(?:\uD83D[\uDC66\uDC67])|\uD83C[\uDF3E\uDF73\uDF93\uDFA4\uDFA8\uDFEB\uDFED]|\uD83D[\uDCBB\uDCBC\uDD27\uDD2C\uDE80\uDE92])|(?:\uD83C[\uDFFB-\uDFFF])\u200D(?:\uD83C[\uDF3E\uDF73\uDF93\uDFA4\uDFA8\uDFEB\uDFED]|\uD83D[\uDCBB\uDCBC\uDD27\uDD2C\uDE80\uDE92]))|\uD83C\uDDF8(?:\uD83C[\uDDE6-\uDDEA\uDDEC-\uDDF4\uDDF7-\uDDF9\uDDFB\uDDFD-\uDDFF])|\uD83C\uDDF0(?:\uD83C[\uDDEA\uDDEC-\uDDEE\uDDF2\uDDF3\uDDF5\uDDF7\uDDFC\uDDFE\uDDFF])|\uD83C\uDDFE(?:\uD83C[\uDDEA\uDDF9])|\uD83C\uDDEE(?:\uD83C[\uDDE8-\uDDEA\uDDF1-\uDDF4\uDDF6-\uDDF9])|\uD83C\uDDF9(?:\uD83C[\uDDE6\uDDE8\uDDE9\uDDEB-\uDDED\uDDEF-\uDDF4\uDDF7\uDDF9\uDDFB\uDDFC\uDDFF])|\uD83C\uDDEC(?:\uD83C[\uDDE6\uDDE7\uDDE9-\uDDEE\uDDF1-\uDDF3\uDDF5-\uDDFA\uDDFC\uDDFE])|\uD83C\uDDFA(?:\uD83C[\uDDE6\uDDEC\uDDF2\uDDF3\uDDF8\uDDFE\uDDFF])|\uD83C\uDDEA(?:\uD83C[\uDDE6\uDDE8\uDDEA\uDDEC\uDDED\uDDF7-\uDDFA])|\uD83C\uDDFC(?:\uD83C[\uDDEB\uDDF8])|(?:\u26F9|\uD83C[\uDFCB\uDFCC]|\uD83D\uDD75)(?:\uD83C[\uDFFB-\uDFFF])|(?:\uD83C[\uDFC3\uDFC4\uDFCA]|\uD83D[\uDC6E\uDC71\uDC73\uDC77\uDC81\uDC82\uDC86\uDC87\uDE45-\uDE47\uDE4B\uDE4D\uDE4E\uDEA3\uDEB4-\uDEB6]|\uD83E[\uDD26\uDD37-\uDD39\uDD3D\uDD3E\uDDD6-\uDDDD])(?:\uD83C[\uDFFB-\uDFFF])|(?:[\u261D\u270A-\u270D]|\uD83C[\uDF85\uDFC2\uDFC7]|\uD83D[\uDC42\uDC43\uDC46-\uDC50\uDC66\uDC67\uDC70\uDC72\uDC74-\uDC76\uDC78\uDC7C\uDC83\uDC85\uDCAA\uDD74\uDD7A\uDD90\uDD95\uDD96\uDE4C\uDE4F\uDEC0\uDECC]|\uD83E[\uDD18-\uDD1C\uDD1E\uDD1F\uDD30-\uDD36\uDDD1-\uDDD5])(?:\uD83C[\uDFFB-\uDFFF])|\uD83D\uDC68(?:\u200D(?:(?:(?:\uD83D[\uDC68\uDC69])\u200D)?\uD83D\uDC67|(?:(?:\uD83D[\uDC68\uDC69])\u200D)?\uD83D\uDC66)|\uD83C[\uDFFB-\uDFFF])|(?:[\u261D\u26F9\u270A-\u270D]|\uD83C[\uDF85\uDFC2-\uDFC4\uDFC7\uDFCA-\uDFCC]|\uD83D[\uDC42\uDC43\uDC46-\uDC50\uDC66-\uDC69\uDC6E\uDC70-\uDC78\uDC7C\uDC81-\uDC83\uDC85-\uDC87\uDCAA\uDD74\uDD75\uDD7A\uDD90\uDD95\uDD96\uDE45-\uDE47\uDE4B-\uDE4F\uDEA3\uDEB4-\uDEB6\uDEC0\uDECC]|\uD83E[\uDD18-\uDD1C\uDD1E\uDD1F\uDD26\uDD30-\uDD39\uDD3D\uDD3E\uDDD1-\uDDDD])(?:\uD83C[\uDFFB-\uDFFF])?|(?:[\u231A\u231B\u23E9-\u23EC\u23F0\u23F3\u25FD\u25FE\u2614\u2615\u2648-\u2653\u267F\u2693\u26A1\u26AA\u26AB\u26BD\u26BE\u26C4\u26C5\u26CE\u26D4\u26EA\u26F2\u26F3\u26F5\u26FA\u26FD\u2705\u270A\u270B\u2728\u274C\u274E\u2753-\u2755\u2757\u2795-\u2797\u27B0\u27BF\u2B1B\u2B1C\u2B50\u2B55]|\uD83C[\uDC04\uDCCF\uDD8E\uDD91-\uDD9A\uDDE6-\uDDFF\uDE01\uDE1A\uDE2F\uDE32-\uDE36\uDE38-\uDE3A\uDE50\uDE51\uDF00-\uDF20\uDF2D-\uDF35\uDF37-\uDF7C\uDF7E-\uDF93\uDFA0-\uDFCA\uDFCF-\uDFD3\uDFE0-\uDFF0\uDFF4\uDFF8-\uDFFF]|\uD83D[\uDC00-\uDC3E\uDC40\uDC42-\uDCFC\uDCFF-\uDD3D\uDD4B-\uDD4E\uDD50-\uDD67\uDD7A\uDD95\uDD96\uDDA4\uDDFB-\uDE4F\uDE80-\uDEC5\uDECC\uDED0-\uDED2\uDEEB\uDEEC\uDEF4-\uDEF8]|\uD83E[\uDD10-\uDD3A\uDD3C-\uDD3E\uDD40-\uDD45\uDD47-\uDD4C\uDD50-\uDD6B\uDD80-\uDD97\uDDC0\uDDD0-\uDDE6])|(?:[#\*0-9\xA9\xAE\u203C\u2049\u2122\u2139\u2194-\u2199\u21A9\u21AA\u231A\u231B\u2328\u23CF\u23E9-\u23F3\u23F8-\u23FA\u24C2\u25AA\u25AB\u25B6\u25C0\u25FB-\u25FE\u2600-\u2604\u260E\u2611\u2614\u2615\u2618\u261D\u2620\u2622\u2623\u2626\u262A\u262E\u262F\u2638-\u263A\u2640\u2642\u2648-\u2653\u2660\u2663\u2665\u2666\u2668\u267B\u267F\u2692-\u2697\u2699\u269B\u269C\u26A0\u26A1\u26AA\u26AB\u26B0\u26B1\u26BD\u26BE\u26C4\u26C5\u26C8\u26CE\u26CF\u26D1\u26D3\u26D4\u26E9\u26EA\u26F0-\u26F5\u26F7-\u26FA\u26FD\u2702\u2705\u2708-\u270D\u270F\u2712\u2714\u2716\u271D\u2721\u2728\u2733\u2734\u2744\u2747\u274C\u274E\u2753-\u2755\u2757\u2763\u2764\u2795-\u2797\u27A1\u27B0\u27BF\u2934\u2935\u2B05-\u2B07\u2B1B\u2B1C\u2B50\u2B55\u3030\u303D\u3297\u3299]|\uD83C[\uDC04\uDCCF\uDD70\uDD71\uDD7E\uDD7F\uDD8E\uDD91-\uDD9A\uDDE6-\uDDFF\uDE01\uDE02\uDE1A\uDE2F\uDE32-\uDE3A\uDE50\uDE51\uDF00-\uDF21\uDF24-\uDF93\uDF96\uDF97\uDF99-\uDF9B\uDF9E-\uDFF0\uDFF3-\uDFF5\uDFF7-\uDFFF]|\uD83D[\uDC00-\uDCFD\uDCFF-\uDD3D\uDD49-\uDD4E\uDD50-\uDD67\uDD6F\uDD70\uDD73-\uDD7A\uDD87\uDD8A-\uDD8D\uDD90\uDD95\uDD96\uDDA4\uDDA5\uDDA8\uDDB1\uDDB2\uDDBC\uDDC2-\uDDC4\uDDD1-\uDDD3\uDDDC-\uDDDE\uDDE1\uDDE3\uDDE8\uDDEF\uDDF3\uDDFA-\uDE4F\uDE80-\uDEC5\uDECB-\uDED2\uDEE0-\uDEE5\uDEE9\uDEEB\uDEEC\uDEF0\uDEF3-\uDEF8]|\uD83E[\uDD10-\uDD3A\uDD3C-\uDD3E\uDD40-\uDD45\uDD47-\uDD4C\uDD50-\uDD6B\uDD80-\uDD97\uDDC0\uDDD0-\uDDE6])\uFE0F)/;
/*!
 * SplitText: 3.9.1
 * https://greensock.com
 *
 * @license Copyright 2008-2021, GreenSock. All rights reserved.
 * Subject to the terms at https://greensock.com/standard-license or for
 * Club GreenSock members, the agreement issued with that membership.
 * @author: Jack Doyle, jack@greensock.com
*/
var cu,fu,pu,du,gu=/(?:\r|\n|\t\t)/g,Du=/(?:\s\s+)/g,mu=function(t){return fu.getComputedStyle(t)},vu=Array.isArray,_u=[].slice,yu=function(t,e){var n;return vu(t)?t:"string"==(n=typeof t)&&!e&&t?_u.call(cu.querySelectorAll(t),0):t&&"object"===n&&"length"in t?_u.call(t,0):t?[t]:[]},xu=function(t){return"absolute"===t.position||!0===t.absolute},wu=function(t,e){for(var n,r=e.length;--r>-1;)if(n=e[r],t.substr(0,n.length)===n)return n.length},Cu=function(t,e){void 0===t&&(t="");var n=~t.indexOf("++"),r=1;return n&&(t=t.split("++").join("")),function(){return"<"+e+" style='position:relative;display:inline-block;'"+(t?" class='"+t+(n?r++:"")+"'>":">")}},Fu=function t(e,n,r){var i=e.nodeType;if(1===i||9===i||11===i)for(e=e.firstChild;e;e=e.nextSibling)t(e,n,r);else 3!==i&&4!==i||(e.nodeValue=e.nodeValue.split(n).join(r))},Eu=function(t,e){for(var n=e.length;--n>-1;)t.push(e[n])},bu=function(t,e,n){for(var r;t&&t!==e;){if(r=t._next||t.nextSibling)return r.textContent.charAt(0)===n;t=t.parentNode||t._parent}},Tu=function t(e){var n,r,i=yu(e.childNodes),o=i.length;for(n=0;n<o;n++)(r=i[n])._isSplit?t(r):n&&r.previousSibling&&3===r.previousSibling.nodeType?(r.previousSibling.nodeValue+=3===r.nodeType?r.nodeValue:r.firstChild.nodeValue,e.removeChild(r)):3!==r.nodeType&&(e.insertBefore(r.firstChild,r),e.removeChild(r))},Mu=function(t,e){return parseFloat(e[t])||0},Au=function(t,e,n,r,i,o,s){var a,u,l,h,c,f,p,d,g,D,m,v,_=mu(t),y=Mu("paddingLeft",_),x=-999,w=Mu("borderBottomWidth",_)+Mu("borderTopWidth",_),C=Mu("borderLeftWidth",_)+Mu("borderRightWidth",_),F=Mu("paddingTop",_)+Mu("paddingBottom",_),E=Mu("paddingLeft",_)+Mu("paddingRight",_),b=Mu("fontSize",_)*(e.lineThreshold||.2),T=_.textAlign,M=[],A=[],P=[],S=e.wordDelimiter||" ",O=e.tag?e.tag:e.span?"span":"div",k=e.type||e.split||"chars,words,lines",B=i&&~k.indexOf("lines")?[]:null,L=~k.indexOf("words"),N=~k.indexOf("chars"),R=xu(e),X=e.linesClass,Y=~(X||"").indexOf("++"),I=[],z="flex"===_.display,H=t.style.display;for(Y&&(X=X.split("++").join("")),z&&(t.style.display="block"),l=(u=t.getElementsByTagName("*")).length,c=[],a=0;a<l;a++)c[a]=u[a];if(B||R)for(a=0;a<l;a++)((f=(h=c[a]).parentNode===t)||R||N&&!L)&&(v=h.offsetTop,B&&f&&Math.abs(v-x)>b&&("BR"!==h.nodeName||0===a)&&(p=[],B.push(p),x=v),R&&(h._x=h.offsetLeft,h._y=v,h._w=h.offsetWidth,h._h=h.offsetHeight),B&&((h._isSplit&&f||!N&&f||L&&f||!L&&h.parentNode.parentNode===t&&!h.parentNode._isSplit)&&(p.push(h),h._x-=y,bu(h,t,S)&&(h._wordEnd=!0)),"BR"===h.nodeName&&(h.nextSibling&&"BR"===h.nextSibling.nodeName||0===a)&&B.push([])));for(a=0;a<l;a++)if(f=(h=c[a]).parentNode===t,"BR"!==h.nodeName)if(R&&(g=h.style,L||f||(h._x+=h.parentNode._x,h._y+=h.parentNode._y),g.left=h._x+"px",g.top=h._y+"px",g.position="absolute",g.display="block",g.width=h._w+1+"px",g.height=h._h+"px"),!L&&N)if(h._isSplit)for(h._next=u=h.nextSibling,h.parentNode.appendChild(h);u&&3===u.nodeType&&" "===u.textContent;)h._next=u.nextSibling,h.parentNode.appendChild(u),u=u.nextSibling;else h.parentNode._isSplit?(h._parent=h.parentNode,!h.previousSibling&&h.firstChild&&(h.firstChild._isFirst=!0),h.nextSibling&&" "===h.nextSibling.textContent&&!h.nextSibling.nextSibling&&I.push(h.nextSibling),h._next=h.nextSibling&&h.nextSibling._isFirst?null:h.nextSibling,h.parentNode.removeChild(h),c.splice(a--,1),l--):f||(v=!h.nextSibling&&bu(h.parentNode,t,S),h.parentNode._parent&&h.parentNode._parent.appendChild(h),v&&h.parentNode.appendChild(cu.createTextNode(" ")),"span"===O&&(h.style.display="inline"),M.push(h));else h.parentNode._isSplit&&!h._isSplit&&""!==h.innerHTML?A.push(h):N&&!h._isSplit&&("span"===O&&(h.style.display="inline"),M.push(h));else B||R?(h.parentNode&&h.parentNode.removeChild(h),c.splice(a--,1),l--):L||t.appendChild(h);for(a=I.length;--a>-1;)I[a].parentNode.removeChild(I[a]);if(B){for(R&&(D=cu.createElement(O),t.appendChild(D),m=D.offsetWidth+"px",v=D.offsetParent===t?0:t.offsetLeft,t.removeChild(D)),g=t.style.cssText,t.style.cssText="display:none;";t.firstChild;)t.removeChild(t.firstChild);for(d=" "===S&&(!R||!L&&!N),a=0;a<B.length;a++){for(p=B[a],(D=cu.createElement(O)).style.cssText="display:block;text-align:"+T+";position:"+(R?"absolute;":"relative;"),X&&(D.className=X+(Y?a+1:"")),P.push(D),l=p.length,u=0;u<l;u++)"BR"!==p[u].nodeName&&(h=p[u],D.appendChild(h),d&&h._wordEnd&&D.appendChild(cu.createTextNode(" ")),R&&(0===u&&(D.style.top=h._y+"px",D.style.left=y+v+"px"),h.style.top="0px",v&&(h.style.left=h._x-v+"px")));0===l?D.innerHTML="&nbsp;":L||N||(Tu(D),Fu(D,String.fromCharCode(160)," ")),R&&(D.style.width=m,D.style.height=h._h+"px"),t.appendChild(D)}t.style.cssText=g}R&&(s>t.clientHeight&&(t.style.height=s-F+"px",t.clientHeight<s&&(t.style.height=s+w+"px")),o>t.clientWidth&&(t.style.width=o-E+"px",t.clientWidth<o&&(t.style.width=o+C+"px"))),z&&(H?t.style.display=H:t.style.removeProperty("display")),Eu(n,M),L&&Eu(r,A),Eu(i,P)},Pu=function(t,e,n,r){var i,o,s,a,u,l,h,c,f=e.tag?e.tag:e.span?"span":"div",p=~(e.type||e.split||"chars,words,lines").indexOf("chars"),d=xu(e),g=e.wordDelimiter||" ",D=" "!==g?"":d?"&#173; ":" ",m="</"+f+">",v=1,_=e.specialChars?"function"==typeof e.specialChars?e.specialChars:wu:null,y=cu.createElement("div"),x=t.parentNode;for(x.insertBefore(y,t),y.textContent=t.nodeValue,x.removeChild(t),h=-1!==(i=function t(e){var n=e.nodeType,r="";if(1===n||9===n||11===n){if("string"==typeof e.textContent)return e.textContent;for(e=e.firstChild;e;e=e.nextSibling)r+=t(e)}else if(3===n||4===n)return e.nodeValue;return r}(t=y)).indexOf("<"),!1!==e.reduceWhiteSpace&&(i=i.replace(Du," ").replace(gu,"")),h&&(i=i.split("<").join("{{LT}}")),u=i.length,o=(" "===i.charAt(0)?D:"")+n(),s=0;s<u;s++)if(l=i.charAt(s),_&&(c=_(i.substr(s),e.specialChars)))l=i.substr(s,c||1),o+=p&&" "!==l?r()+l+"</"+f+">":l,s+=c-1;else if(l===g&&i.charAt(s-1)!==g&&s){for(o+=v?m:"",v=0;i.charAt(s+1)===g;)o+=D,s++;s===u-1?o+=D:")"!==i.charAt(s+1)&&(o+=D+n(),v=1)}else"{"===l&&"{{LT}}"===i.substr(s,6)?(o+=p?r()+"{{LT}}</"+f+">":"{{LT}}",s+=5):l.charCodeAt(0)>=55296&&l.charCodeAt(0)<=56319||i.charCodeAt(s+1)>=65024&&i.charCodeAt(s+1)<=65039?(a=((i.substr(s,12).split(hu)||[])[1]||"").length||2,o+=p&&" "!==l?r()+i.substr(s,a)+"</"+f+">":i.substr(s,a),s+=a-1):o+=p&&" "!==l?r()+l+"</"+f+">":l;t.outerHTML=o+(v?m:""),h&&Fu(x,"{{LT}}","<")},Su=function t(e,n,r,i){var o,s,a=yu(e.childNodes),u=a.length,l=xu(n);if(3!==e.nodeType||u>1){for(n.absolute=!1,o=0;o<u;o++)(s=a[o])._next=s._isFirst=s._parent=s._wordEnd=null,(3!==s.nodeType||/\S+/.test(s.nodeValue))&&(l&&3!==s.nodeType&&"inline"===mu(s).display&&(s.style.display="inline-block",s.style.position="relative"),s._isSplit=!0,t(s,n,r,i));return n.absolute=l,void(e._isSplit=!0)}Pu(e,n,r,i)},Ou=function(){function t(t,e){pu||(cu=document,fu=window,pu=1),this.elements=yu(t),this.chars=[],this.words=[],this.lines=[],this._originals=[],this.vars=e||{},this.split(e)}var e=t.prototype;return e.split=function(t){this.isSplit&&this.revert(),this.vars=t=t||this.vars,this._originals.length=this.chars.length=this.words.length=this.lines.length=0;for(var e,n,r,i=this.elements.length,o=t.tag?t.tag:t.span?"span":"div",s=Cu(t.wordsClass,o),a=Cu(t.charsClass,o);--i>-1;)r=this.elements[i],this._originals[i]=r.innerHTML,e=r.clientHeight,n=r.clientWidth,Su(r,t,s,a),Au(r,t,this.chars,this.words,this.lines,n,e);return this.chars.reverse(),this.words.reverse(),this.lines.reverse(),this.isSplit=!0,this},e.revert=function(){var t=this._originals;if(!t)throw"revert() call wasn't scoped properly.";return this.elements.forEach((function(e,n){return e.innerHTML=t[n]})),this.chars=[],this.words=[],this.lines=[],this.isSplit=!1,this},t.create=function(e,n){return new t(e,n)},t}();Ou.version="3.9.1",vr.registerPlugin(Xe,_r,Me,Me,Fr,vi,Mi,Ki,Bo,Zo,dr,Da,lu);var ku=du=window.punchgs=window.tpGS={};for(var Bu in ku.gsap=vr,ku.TweenLite=Xe,ku.TweenMax=_r,ku.TimelineLite=Me,ku.TimelineMax=Me,ku.CustomBounce=Fr,ku.CustomEase=vi,ku.CustomWiggle=Mi,ku.DrawSVGPlugin=Ki,ku.MotionPathPlugin=Bo,ku.ScrollToPlugin=Zo,ku.CSSPlugin=dr,ku.draggable=Da,ku.inertia=lu,
/*! Map SplitText to tpGS TPGSSPLITTEXT */
ku.SplitText=Ou,ku.RAD2DEG=180/Math.PI,ku.DEG2RAD=Math.PI/180,
/*! REGISTER MOTION PATH (BEZIER) */
ku.gsap.registerPlugin(ku.MotionPathPlugin),ku.gsap.config({nullTargetWarn:!1}),
/*!FallBack for old and new Eases*/
ku.eases=ku.gsap.parseEase(),ku.eases)ku.eases.hasOwnProperty(Bu)&&void 0===ku[Bu]&&(ku[Bu]=ku.eases[Bu])
/*! FallBack for Essential Grid */;void 0!==du&&void 0!==du.TweenLite&&void 0===du.TweenLite.lagSmoothing&&(du.TweenLite.lagSmoothing=function(){});var Lu=[];function Nu(t,e,n){var r=document.createElement("canvas"),i=r.getContext("2d");if(r.width=100,r.height=200,0===t.length)i.fillStyle=n;else{for(var o=i.createLinearGradient(0,0,100,0),s=0;s<t.length;s++)o.addColorStop(t[s].stop/100,t[s].color);i.fillStyle=o}i.fillRect(0,0,100,200);var a=i.getImageData(0,0,100,2).data,u="";for(s=0;s<e.length;s++){var l=Math.ceil(e[s]),h=4*(0!==l?l-1:l);u+="rgba("+a[h]+","+a[h+1]+","+a[h+2]+","+a[h+3]/255+")",u+=" "+l+(e.length-1===s?"%":"%,")}return r.remove(),u}function Ru(t,e,n,r){for(var i="",o=ku.gsap.utils.mapRange(0,r.length-1,0,t.length-1),s=0;s<r.length;s++){var a=Math.round(o(s));i+=t[a].color,i+=" "+t[a].stop+(r.length-1===s?"%":"%,")}return i}function Xu(t){var e=/rgb([\s\S]*?)%/g,n=[],r=[],i=[];do{(s=e.exec(t))&&n.push(s[0])}while(s);for(var o=0;o<n.length;o++){var s=n[o],a=(t=/rgb([\s\S]*?)\)/.exec(s),/\)([\s\S]*?)%/.exec(s));t[0]&&(t=t[0]),a[1]&&(a=a[1]),i.push(parseFloat(a)),r.push({color:t,stop:parseFloat(a)})}return 0===r.length&&(r.push({color:t,stop:0}),i.push(0),r.push({color:t,stop:100}),i.push(100)),{points:r,stops:i}}ku.getSSGColors=function(t,e,n){if(n=void 0===n?"fading":n,-1===t.indexOf("gradient")&&-1===e.indexOf("gradient"))return{from:t,to:e};for(var r={from:t,to:e},i=0;i<Lu.length;i++){if(Lu[i].from===t&&Lu[i].to===e&&Lu[i].type===n)return{from:Lu[i].rFrom,to:Lu[i].rTo};if(Lu[i].from===e&&Lu[i].to===t&&Lu[i].type===n)return{from:Lu[i].rTo,to:Lu[i].rFrom}}var o=Xu(t),s=Xu(e);if(o.stops.length===s.stops.length&&-1!==t.indexOf("gradient")&&-1!==e.indexOf("gradient"))return{from:t,to:e};var a,u,l=o.stops;for(i=0;i<s.stops.length;i++)-1===l.indexOf(s.stops[i])&&l.push(s.stops[i]);if(l.sort((function(t,e){return t-e})),-1!==t.indexOf("gradient(")){var h=-1!==t.indexOf("deg,")?t.indexOf("deg,")+4:-1!==t.indexOf("at center,")?t.indexOf("at center,")+10:t.indexOf("gradient(")+9;a=t.substring(0,h),-1===e.indexOf("gradient(")&&(u=t.substring(0,h))}if(-1!==e.indexOf("gradient(")){h=-1!==e.indexOf("deg,")?e.indexOf("deg,")+4:-1!==e.indexOf("at center,")?e.indexOf("at center,")+10:e.indexOf("gradient(")+9;u=e.substring(0,h),-1===t.indexOf("gradient(")&&(a=e.substring(0,h))}return"fading"===n?(o.stops.length,s.stops.length,a+=Nu(o.points,l,t),u+=Nu(s.points,l,e)):"sliding"===n&&(o.stops.length>s.stops.length?u+=Ru(s.points,l,e,o.points):a+=Ru(o.points,l,t,s.points)),a+=")",u+=")","sliding"===n&&(o.stops.length>s.stops.length?a=t:u=e),r.rFrom=a,r.rTo=u,r.tyep=n,Lu.push(r),{from:a,to:u}}}]);
window.RS_MODULES = window.RS_MODULES || {};
window.RS_MODULES.tpGS = {loaded:true, version:"6.6.1"};
if (window.RS_MODULES.checkMinimal) window.RS_MODULES.checkMinimal();</script>
<script async="" id="revmin-js" defer="defer">/*!

  - Slider Revolution JavaScript Plugin -

..........................xXXXXX.................
................. xXXXXX..xXXXXX..xXXXXX.........
..................xXXXXX..xXXXXX..xXXXXX.........
..........xXXXXX..xXXXXX..xXXXXX..xXXXXX.........
..........xXXXXX..xXXXXX..xXXXXX..xXXXXX.........
..........xXXXXX..xXXXXX..xXXXXX..xXXXXX.........
..........xXXXXX..xXXXXX..xXXXXX..xXXXXX.........
..........xXXXXX..xXXXXX..xXXXXX..xXXXXX.........
.........,xXXXXX..xXXXXX..xXXXXX..xXXXXX.........
.........,xXXXXX..xXXXXX..xXXXXX..xXXXXX.........
.........,xXXXXX..xXXXXX..xXXXXX..xXXXXX.........
..........xXXXXX..xXXXXX..xXXXXX..xXXXXX.........
.....................xxxxxxxxxxxxxxxxxxx.........
.....................xxxxxxxxxxxxxxxxxxx.........
.....................xxxxxxxxxxxxxxxxxxx.........

			   DATE: 2023-12-07
	@author: Krisztian Horvath, ThemePunch OHG.

INTRODUCING GIT
UPDATES AND DOCS AT:
https://www.themepunch.com/support-center

GET LICENSE AT:
https://www.themepunch.com/links/slider_revolution_wordpress_regular_license

LICENSE:
Copyright (c) 2009-2019, ThemePunch. All rights reserved.
This work is subject to the terms at https://www.themepunch.com/links/slider_revolution_wordpress_regular_license (Regular / Extended)

*/
!function(e,t){"use strict";var i="Slider Revolution 6.6.19";window.RSANYID=window.RSANYID===t?[]:window.RSANYID,window.RSANYID_sliderID=window.RSANYID_sliderID===t?[]:window.RSANYID_sliderID,e.fn.revolution=e.fn.revolution||{};var a=e.fn.revolution;e.fn.revolutionInit=function(i){return this.each((function(){a.ISM=a.ISM||a.is_mobile();for(var s=document.getElementsByClassName("rs-p-wp-fix");s[0];)s[0].parentNode.removeChild(s[0]);this.id!==t?(a[n]={anyid:[]},this.id=a.revCheckIDS(n,this,!0)):this.id="rs_module_"+Math.round(1e7*Math.random());var n=this.id,l=a.clone(i);a[n]=W(i),a[n].ignoreHeightChange=a.ISM&&"fullscreen"===a[n].sliderLayout&&a[n].ignoreHeightChange,a[n].option_export=l,a[n].anyid=[],a[n]._Lshortcuts={},a[n].computedStyle={},a[n].c=e(this),a[n].cpar=a[n].c.parent(),a[n].canvas=a[n].c.find("rs-slides"),a[n].caches={calcResponsiveLayersList:[],contWidthManager:{},middleHeights:{}},a[n].sbgs={},window.RSBrowser=window.RSBrowser===t?a.get_browser():window.RSBrowser,a.setIsIOS(),a.setIsChrome8889(),a.useBackdrop===t&&a.checkBackdrop(),a[n].noDetach=a[n].BUG_ie_clipPath="Edge"===window.RSBrowser||"IE"===window.RSBrowser,a.getByTag=r(),a[n].indexhelper=0,a[n].fullScreenOffsetResult=0,a[n].level=0,a[n].rtl=e("body").hasClass("rtl")||"rtl"==document.dir,a[n]._L=a[n]._L===t?{}:a[n]._L,a[n].emptyObject="{}",a[n].dimensionReCheck={},a.globalListener===t&&a.pageHandler(n),a[n].stopAfterLoops!=t&&a[n].stopAfterLoops>-1?a[n].looptogo=a[n].stopAfterLoops:a[n].looptogo="disabled",window.T=a[n],a[n].BUG_safari_clipPath="Safari"===a.get_browser()&&a.get_browser_version()>"12",a[n].minHeight="fullwidth"===a[n].sliderLayout||"carousel"===a[n].sliderType?0:a[n].minHeight!=t&&""!==a[n].minHeight?parseInt(a[n].minHeight,0):0,a[n].minHeight=a[n].minHeight===t?0:a[n].minHeight,a[n].isEdge="Edge"===a.get_browser(),o(n),a.updateVisibleArea(n),H(n),a.mesuredScrollBarDone||a.mesureScrollBar(),window.requestAnimationFrame((function(){if("fullscreen"===a[n].sliderLayout){var e=a.getFullscreenOffsets(n);0!==e&&a[n].cpar.height(a.getWinH(n)-e)}a[n].cpar[0].style.visibility="visible"})),"hero"==a[n].sliderType&&a[n].c.find("rs-slide").each((function(t){t>0&&e(this).remove()})),a[n].navigation.use="hero"!==a[n].sliderType&&("carousel"==a[n].sliderType||a[n].navigation.keyboardNavigation||"on"==a[n].navigation.mouseScrollNavigation||"carousel"==a[n].navigation.mouseScrollNavigation||a[n].navigation.touch.touchenabled||a[n].navigation.arrows.enable||a[n].navigation.bullets.enable||a[n].navigation.thumbnails.enable||a[n].navigation.tabs.enable),a[n].c.find("rs-bgvideo").each((function(){"RS-BGVIDEO"!==this.tagName||this.id!==t&&""!==this.id||(this.id="rs-bg-video-"+Math.round(1e6*Math.random()))})),tpGS.force3D="auto",!0===a[n].modal.useAsModal&&-1===a.RS_prioList.indexOf(n)&&(a.RS_toInit[n]=!1,a.RS_prioList.push(n)),a.RS_killedlist!==t&&-1!==a.RS_killedlist.indexOf(n)&&(a.RS_toInit[n]=!1,a.RS_prioList.push(n)),!0===a.RS_prioListFirstInit&&!0!==a[n].modal.useAsModal&&-1===a.RS_prioList.indexOf(n)&&(a.RS_toInit[n]=!1,a.RS_prioList.push(n)),a.initNextRevslider(n)}))};a=window.RS_F;e.fn.extend({getRSJASONOptions:function(e){console.log(JSON.stringify(a[e].option_export))},getRSVersion:function(e){var t,i,a=window.SliderRevolutionVersion;if(!e){for(var r in t=i="---------------------------------------------------------\n",t+="    Currently Loaded Slider Revolution & SR Modules :\n"+i,a)a.hasOwnProperty(r)&&(t+=a[r].alias+": "+a[r].ver+"\n");t+=i}return e?a:t},revremoveslide:function(t){return this.each((function(){var i=this.id;if(!(t<0||t>a[i].slideamount)&&a[i]&&a[i].slides.length>0&&(t>0||t<=a[i].slides.length)){var r=a.gA(a[i].slides[t],"key");a[i].slideamount=a[i].slideamount-1,a[i].realslideamount=a[i].realslideamount-1,n("rs-bullet",r,i),n("rs-tab",r,i),n("rs-thumb",r,i),e(a[i].slides[t]).remove(),a[i].thumbs=s(a[i].thumbs,t),a.updateNavIndexes&&a.updateNavIndexes(i),t<=a[i].pr_active_key&&(a[i].pr_active_key=a[i].pr_active_key-1)}}))},revaddcallback:function(e){return this.each((function(){a[this.id]&&(a[this.id].callBackArray===t&&(a[this.id].callBackArray=[]),a[this.id].callBackArray.push(e))}))},revgetparallaxproc:function(){if(a[this[0].id])return a[this[0].id].scrollproc},revdebugmode:function(){},revscroll:function(t){return this.each((function(){var i=e(this);e("body,html").animate({scrollTop:i.offset().top+i.height()-t+"px"},{duration:400})}))},revredraw:function(){return this.each((function(){v(this.id,t,!0)}))},revGoToFrame:function(i){if(i.layerid!=t&&i.frame!=t&&this!=t&&null!=this&&(i.moduleid=this[0].id,i.targetlayer=e("#"+i.layerid),i.targetlayer!=t&&0!=i.targetlayer.length)){var r={layer:i.targetlayer,frame:i.frame,mode:"trigger",id:i.moduleid};!0===i.children&&(r.updateChildren=!0,r.fastforward=!0),a.renderLayerAnimation&&a.renderLayerAnimation(r)}},revkill:function(){return this.each((function(){if(this!=t&&null!=this){var i=this.id;a[i].c.data("conthover",1),a[i].c.data("conthoverchanged",1),a[i].c.trigger("revolution.slide.onpause"),a[i].tonpause=!0,a[i].c.trigger("stoptimer"),a[i].sliderisrunning=!1;var r="updateContainerSizes."+a[i].c.attr("id");a.window.off(r),tpGS.gsap.killTweensOf(a[i].c.find("*"),!1),tpGS.gsap.killTweensOf(a[i].c,!1),a[i].c.off("hover, mouseover, mouseenter,mouseleave, resize"),a[i].c.find("*").each((function(){var i=e(this);i.off("on, hover, mouseenter,mouseleave,mouseover, resize,restarttimer, stoptimer"),i.data("mySplitText",null),i.data("ctl",null),i.data("tween")!=t&&i.data("tween").kill(),i.data("pztl")!=t&&i.data("pztl").kill(),i.data("timeline_out")!=t&&i.data("timeline_out").kill(),i.data("timeline")!=t&&i.data("timeline").kill(),i.remove(),i.empty(),i=null})),tpGS.gsap.killTweensOf(a[i].c.find("*"),!1),tpGS.gsap.killTweensOf(a[i].c,!1),a[i].progressC.remove();try{a[i].c.closest(".rev_slider_wrapper").detach()}catch(e){}try{a[i].c.closest("rs-fullwidth-wrap").remove()}catch(e){}try{a[i].c.closest("rs-module-wrap").remove()}catch(e){}try{a[i].c.remove()}catch(e){}a[i].cpar.detach(),a[i].c.html(""),a[i].c=null,window[a[i].revapi]=t,delete a[i],delete a.RS_swapList[i],delete a.slidersToScroll[i],delete a.RS_toInit[i],a.nextSlider==i&&delete a.nextSlider,a.RS_prioList.splice(a.RS_prioList.indexOf(i),1),a.RS_killedlist=a.RS_killedlist===t?[]:a.RS_killedlist,-1===a.RS_killedlist.indexOf(i)&&a.RS_killedlist.push(i)}}))},revpause:function(){return this.each((function(){var i=e(this);i!=t&&i.length>0&&e("body").find("#"+i.attr("id")).length>0&&(i.data("conthover",1),i.data("conthoverchanged",1),i.trigger("revolution.slide.onpause"),a[this.id].tonpause=!0,i.trigger("stoptimer"))}))},revresume:function(){return this.each((function(){if(a[this.id]!==t){var i=e(this);i.data("conthover",0),i.data("conthoverchanged",1),i.trigger("revolution.slide.onresume"),a[this.id].tonpause=!1,i.trigger("starttimer")}}))},revmodal:function(i){var r=this instanceof e?this[0]:this,o=r.id;a[r.id]!==t&&a.revModal(o,i)},revstart:function(){var i=this instanceof e?this[0]:this;return a[i.id]===t?(console.log("Slider is Not Existing"),!1):a[i.id].sliderisrunning||!0===a[i.id].initEnded?(console.log("Slider Is Running Already"),!1):(a[i.id].c=e(i),a[i.id].canvas=a[i.id].c.find("rs-slides"),h(i.id),!0)},revnext:function(){return this.each((function(){a[this.id]!==t&&a.callingNewSlide(this.id,1,"carousel"===a[this.id].sliderType)}))},revprev:function(){return this.each((function(){a[this.id]!==t&&a.callingNewSlide(this.id,-1,"carousel"===a[this.id].sliderType)}))},revmaxslide:function(){return e(this).find("rs-slide").length},revcurrentslide:function(){if(a[e(this)[0].id]!==t)return parseInt(a[e(this)[0].id].pr_active_key,0)+1},revlastslide:function(){return e(this).find("rs-slide").length},revshowslide:function(e){return this.each((function(){a[this.id]!==t&&e!==t&&a.callingNewSlide(this.id,"to"+(e-1))}))},revcallslidewithid:function(e){return this.each((function(){a[this.id]!==t&&a.callingNewSlide(this.id,e,"carousel"===a[this.id].sliderType)}))}}),a=e.fn.revolution,e.extend(!0,a,{isNumeric:function(e){return!isNaN(parseFloat(e))&&isFinite(e)},trim:function(e){return e!==t&&null!==e&&"string"==typeof e?e.trim():e},setCookie:function(e,t,i){var a=new Date;a.setTime(a.getTime()+60*i*60*1e3);var r="expires="+a.toUTCString();document.cookie=e+"="+t+";"+r+";path=/"},getCookie:function(e){for(var t=e+"=",i=document.cookie.split(";"),a=0;a<i.length;a++){for(var r=i[a];" "==r.charAt(0);)r=r.substring(1);if(0==r.indexOf(t))return decodeURIComponent(r.substring(t.length,r.length))}return""},mesureScrollBar:function(){a.mesuredScrollBarDone=!0,requestAnimationFrame((function(){var e=document.createElement("div");e.className="RSscrollbar-measure",document.body.appendChild(e),a.mesuredScrollbarWidth=e.offsetWidth-e.clientWidth,document.body.removeChild(e)}))},mobileTimedHeightCheck:function(){requestAnimationFrame((function(){a.mobileTimedHeightCheck()})),a.mobileHeights.now=Date.now(),a.mobileHeights.elapsed=a.mobileHeights.now-a.mobileHeights.then,a.mobileHeights.elapsed>a.mobileHeights.fpsInterval&&(a.mobileHeights.then=a.mobileHeights.now-a.mobileHeights.elapsed%a.mobileHeights.fpsInterval,a.getWindowDimension())},pageHandler:function(i){a.globalListener=!0,a.window=e(window),a.document=e(document),a.RS_toInit={},a.RS_prioList=[],a.RS_swapping=[],a.RS_swapList={},window.isSafari11===t&&(window.isSafari11=a.isSafari11(),document.body.classList.add("rs-safari")),a.ISM?(window.addEventListener("orientationchange",(function(){a.getWindowDimension(!1,!0),setTimeout((function(){a.getWindowDimension(!0,!0)}),400)})),window.addEventListener("resize",a.getWindowDimension),tpGS.gsap.delayedCall(3,(function(){window.removeEventListener("resize",a.getWindowDimension)})),a.mobileHeights={fpsInterval:500,then:Date.now()},a[i].ignoreHeightChange||a.mobileHeights.checking||(a.mobileHeights.checking=!0,a.mobileTimedHeightCheck())):window.addEventListener("resize",a.getWindowDimension),a.getWindowDimension(!1),a.stickySupported=!1,"IE"!==window.RSBrowser&&(a.stickySupported=!0),a.checkParrentOverflows(i);var r=a.getByTag(document,"RS-MODULE");for(var o in r)r.hasOwnProperty(o)&&(a.RS_toInit[r[o].id]=!1,a.RS_prioList.push(r[o].id));a.nextSlider=i,a.RS_prioListFirstInit=!0,a.document.one("click",(function(){a.clickedOnce=!0})),document.addEventListener("visibilitychange",B),a.hasNavClickListener===t&&(a.document.on(a.is_mobile()?"touchstart":"mouseenter",".tparrows, .tp-bullets, .tp-bullet, .tp-tab, .tp-thumb, .tp-thumbs, .tp-tabs, .tp-rightarrow, .tp-leftarrow",(function(e){this.classList.add("rs-touchhover")})),a.document.on(a.is_mobile()?"touchend":"mouseleave",".tparrows, .tp-bullets, .tp-bullet, .tp-tab, .tp-thumb, .tp-tabs,  .tp-rightarrow, .tp-leftarrow",(function(e){var t=this;requestAnimationFrame((function(){t.classList.remove("rs-touchhover")}))})),a.hasNavClickListener=!0)},destroyCanvas:function(e){e&&(e.width=e.height=0,e.remove(),e=null)},checkParrentOverflows:function(e){window.requestAnimationFrame((function(){for(var t=a[e].cpar[0];t.parentNode&&!1!==a.stickySupported;){if("RS-MODULE-WRAP"!==t.tagName&&"RS-FULLWIDTH-WRAP"!==t.tagName&&"RS-MODULE-WRAP"!==t.tagName&&-1===t.className.indexOf("wp-block-themepunch-revslider")){var i=window.getComputedStyle(t);a.stickySupported="hidden"!==i.overflow&&"hidden"!==i.overflowX&&"hidden"!==i.overflowY}t=t.parentNode}}))},observeRemoved:function(e){new MutationObserver((function(t){try{document.body.contains(t[0].target)||a[e].c.revkill()}catch(t){}})).observe(a[e].cpar[0],{childList:!0})},initNextRevslider:function(e){a.RS_prioList[0]===e&&!1===a.RS_toInit[e]?(a.RS_toInit[e]="waiting",c(e),setTimeout((function(){a.initNextRevslider(e)}),19)):a.RS_prioList[0]===e&&"waiting"===a.RS_toInit[e]?setTimeout((function(){a.initNextRevslider(e)}),19):a.RS_prioList[0]===e&&!0===a.RS_toInit[e]?(a.RS_prioList.shift(),0!==a.RS_prioList.length&&setTimeout((function(){a.initNextRevslider(e)}),19)):a.RS_prioList[0]!==e&&!1===a.RS_toInit[e]?setTimeout((function(){a.initNextRevslider(e)}),19):0===a.RS_prioList.length&&!0===a.RS_toInit[e]&&c(e)},scrollTicker:function(e){1!=a.scrollTickerAdded&&(a.slidersToScroll=[],a.scrollTickerAdded=!0,a.ISM?(tpGS.gsap.ticker.fps(150),tpGS.gsap.ticker.add((function(){a.generalObserver()}))):document.addEventListener("scroll",(function(e){a.scrollRaF===t&&(a.scrollRaF=requestAnimationFrame(a.generalObserver.bind(this,!0)))}),{passive:!0})),a.slidersToScroll.push(e),a.generalObserver(a.ISM)},generalObserver:function(e,i){for(var r in a.scrollRaF&&(a.scrollRaF=cancelAnimationFrame(a.scrollRaF)),a.lastwindowheight=a.lastwindowheight||a.winH,a.scrollY=window.scrollY,a.slidersToScroll)a.slidersToScroll.hasOwnProperty(r)&&a.scrollHandling(a.slidersToScroll[r],e,t,i)},wrapObserver:{targets:[],init:function(e){var t=0,i=0,r=o.bind(a.wrapObserver);function o(){if(i++,requestAnimationFrame(r),!(i-t<30)){t=i;for(var o=0;o<a.wrapObserver.targets.length;o++)if(a.wrapObserver.targets.hasOwnProperty(o)){var s=a.wrapObserver.targets[o],n=s.elem.getBoundingClientRect();s.lw===n.width&&s.lh===n.height||0===n.width||(s.callback&&(s.callback.pause(),s.callback.kill(),s.callback=null),s.callback=tpGS.gsap.to({},{duration:.2,onComplete:e.bind(window,s.elem,s.id)})),s.lw=n.width,s.lh=n.height}}}o()},observe:function(e,t){if(""!==(e=e.getBoundingClientRect?e:e[0].getBoundingClientRect?e[0]:"")){var i=e.getBoundingClientRect();a.wrapObserver.targets.push({elem:e,id:t,lw:i.width,lh:i.height})}}},enterViewPort:function(i,r){!0!==a[i].started?(a[i].started=!0,a.lazyLoadAllSlides(i),a[i].c.trigger("revolution.slide.firstrun"),setTimeout((function(){R(i),"hero"!==a[i].sliderType&&a.manageNavigation&&a[i].navigation.use&&!0===a[i].navigation.createNavigationDone&&a.manageNavigation(i),a[i].slideamount>1&&A(i),setTimeout((function(){a[i]!==t&&(a[i].revolutionSlideOnLoaded=!0,a[i].c.trigger("revolution.slide.onloaded"),a.calcScrollToId())}),50)}),a[i].startDelay),a[i].startDelay=0,window.requestAnimationFrame((function(){m(i)}))):(a[i].waitForCountDown&&(A(i),a[i].waitForCountDown=!1),"playing"!=a[i].sliderlaststatus&&a[i].sliderlaststatus!=t||a[i].c.trigger("starttimer"),a[i].lastplayedvideos!=t&&a[i].lastplayedvideos.length>0&&e.each(a[i].lastplayedvideos,(function(e,t){a.playVideo(t,i)})))},leaveViewPort:function(i){a[i].sliderlaststatus=a[i].sliderstatus,a[i].c.trigger("stoptimer"),a[i].playingvideos!=t&&a[i].playingvideos.length>0&&(a[i].lastplayedvideos=e.extend(!0,[],a[i].playingvideos),a[i].playingvideos&&e.each(a[i].playingvideos,(function(e,t){a[i].leaveViewPortBasedStop=!0,a.stopVideo&&a.stopVideo(t,i)})))},scrollHandling:function(e,i,r,o){if(a[e]!==t){var s=a[e].topc!==t?a[e].topc[0].getBoundingClientRect():0===a[e].canv.height?a[e].cpar[0].getBoundingClientRect():a[e].c[0].getBoundingClientRect(),n=a.ISM?window.innerHeight:a.lastwindowheight;s.hheight=0===s.height?0===a[e].canv.height?a[e].module.height:a[e].canv.height:s.height,a[e].scrollproc=s.top<0||s.hheight>n&&s.top<n?s.top/s.hheight:s.bottom>n?(s.bottom-n)/s.hheight:0;var l=Math.max(0,1-Math.abs(a[e].scrollproc));a[e].viewPort.enable&&("%"===a[e].viewPort.vaType[a[e].level]&&(a[e].viewPort.visible_area[a[e].level]<=l||l>0&&l<=1&&a[e].sbtimeline.fixed)||"px"===a[e].viewPort.vaType[a[e].level]&&(s.top<=0&&s.bottom>=a.lastwindowheight||s.top>=0&&s.bottom<=a.lastwindowheight||s.top>=0&&s.top<a.lastwindowheight-a[e].viewPort.visible_area[a[e].level]||s.bottom>=a[e].viewPort.visible_area[a[e].level]&&s.bottom<a.lastwindowheight)?a[e].inviewport||(a[e].inviewport=!0,a.enterViewPort(e,!0),a[e].c.trigger("enterviewport")):a[e].inviewport&&(a[e].inviewport=!1,a.leaveViewPort(e),a[e].c.trigger("leftviewport"))),a[e].inviewport?(a.callBackHandling&&a.callBackHandling(e,"parallax","start"),requestAnimationFrame((function(){"fullscreen"===a[e].sliderLayout&&a.getFullscreenOffsets(e)})),a.parallaxProcesses(e,s,o,r),a.callBackHandling&&a.callBackHandling(e,"parallax","end")):!0!==a.stickySupported&&!1!==a[e].fixedScrollOnState&&(a[e].topc.removeClass("rs-fixedscrollon"),tpGS.gsap.set(a[e].cpar,{top:0,y:0}),a[e].fixedScrollOnState=!1)}},clone:function(e,i){if(i===t&&e===t)return{};return function e(i,a){var r=Array.isArray(i)?[]:{};for(var o in i)i.hasOwnProperty(o)&&(i[o]!==t&&"object"==typeof i[o]&&a?r[o]=e(i[o],!0):i[o]!==t&&(r[o]=i[o]));return r}(e,i)},closest:function(e,t){return e&&(t(e)?e:a.closest(e.parentNode,t))},closestNode:function(e,t){return a.closest(e,(function(e){return e.nodeName===t}))},closestClass:function(e,t){return a.closest(e,(function(e){return(" "+e.className+" ").indexOf(" "+t+" ")>=0}))},getWinH:function(e){return a[e].ignoreHeightChange?a.mobileWinH:a.winH},getWindowDimension:function(e,i){!1===e?(a.rAfScrollbar="skip",a.winWAll=a.ISM&&window.visualViewport?document.documentElement.clientWidth:window.innerWidth,a.winWSbar=document.documentElement.clientWidth,a.ISM?(a.zoom=i?1:a.winWSbar/a.winWAll,a.winW=1!==a.zoom?a.winWSbar*a.zoom:Math.min(a.winWAll,a.winWSbar),a.winH=1!==a.zoom?window.innerHeight*a.zoom:window.innerHeight,i&&window.visualViewport&&(a.winH*=window.visualViewport.scale,a.winWAll*=window.visualViewport.scale),a.scrollBarWidth=0):(a.isModalOpen&&a.openModalId!==t&&a[a.openModalId]!==t&&a[a.openModalId].canv.height>a.winH?a.scrollBarWidth=a.mesuredScrollbarWidth:a.scrollBarWidth=a.winWAll-a.winWSbar,a.winW=Math.min(a.winWAll,a.winWSbar),a.winH=window.innerHeight),a.ISM&&a.winH>125&&(a.lastwindowheight!==t&&Math.abs(a.lastwindowheight-a.winH)<125?a.mobileWinH=a.lastwindowheight:a.mobileWinH=a.winH)):clearTimeout(a.windowDimenstionDelay),a.windowDimenstionDelay=setTimeout((function(){a.rAfScrollbar=t,a.winWAll=a.ISM&&window.visualViewport?document.documentElement.clientWidth:window.innerWidth,a.winWSbar=document.documentElement.clientWidth,a.ISM?(a.zoom=i?1:a.winWSbar/a.winWAll,a.RS_px_ratio=window.devicePixelRatio||window.screen.availWidth/document.documentElement.clientWidth,a.winW=1!==a.zoom?a.winWSbar*a.zoom:Math.min(a.winWAll,a.winWSbar),a.winH=1!==a.zoom?window.innerHeight*a.zoom:window.innerHeight,i&&window.visualViewport&&(a.winH*=window.visualViewport.scale,a.winWAll*=window.visualViewport.scale),a.scrollBarWidth=0,i&&tpGS.gsap.delayedCall(.1,(function(){a.getWindowDimension()}))):(a.isModalOpen&&a.openModalId!==t&&a[a.openModalId]!==t&&a[a.openModalId].canv.height>a.winH?a.scrollBarWidth=a.mesuredScrollbarWidth:a.scrollBarWidth=a.winWAll-a.winWSbar,a.winW=Math.min(a.winWAll,a.winWSbar),a.winH=window.innerHeight),a.ISM&&a.winH>125&&(a.lastwindowheight!==t&&Math.abs(a.lastwindowheight-a.winH)<125?a.mobileWinH=a.lastwindowheight:a.mobileWinH=a.winH),!1!==e&&a.document.trigger("updateContainerSizes")}),100)},aC:function(t,i){t&&(t.classList&&t.classList.add?t.classList.add(""+i):e(t).addClass(i))},rC:function(t,i){t&&(t.classList&&t.classList.remove?t.classList.remove(""+i):e(t).removeClass(i))},sA:function(e,t,i){e&&e.setAttribute&&e.setAttribute("data-"+t,i)},gA:function(e,i,a){return e===t?t:e.hasAttribute&&e.hasAttribute("data-"+i)&&e.getAttribute("data-"+i)!==t&&null!==e.getAttribute("data-"+i)?e.getAttribute("data-"+i):a!==t?a:t},rA:function(e,t){e&&e.removeAttribute&&e.removeAttribute("data-"+t)},iWA:function(e,i){return a[e].justifyCarousel?"static"===i?a[e].carousel.wrapwidth:a[e].carousel.slide_widths[i!==t?i:a[e].carousel.focused]:a[e].gridwidth[a[e].level]},iHE:function(e,t){return a[e].useFullScreenHeight?a[e].canv.height:Math.max(a[e].currentRowsHeight,a[e].gridheight[a[e].level])},updateFixedScrollTimes:function(e){!0===a[e].sbtimeline.set&&!0===a[e].sbtimeline.fixed&&"auto"!==a[e].sliderLayout&&(a[e].sbtimeline.rest=a[e].duration-a[e].sbtimeline.fixEnd,a[e].sbtimeline.time=a[e].duration-(a[e].sbtimeline.fixStart+a[e].sbtimeline.rest),a[e].sbtimeline.extended=a[e].sbtimeline.time/10)},addSafariFix:function(e){!0===window.isSafari11&&!0!==a[e].safari3dFix&&(a[e].safari3dFix=!0,a[e].c[0].className+=" safarifix")},openModalAPI:function(i,r,o,s,n,l){if(window.RS_60_MODALS!==t&&-1!=e.inArray(i,window.RS_60_MODALS)||window.RS_60_MODAL_API_CALLS!==t&&-1!=e.inArray(i,window.RS_60_MODAL_API_CALLS))e.inArray(i,window.RS_60_MODALS)>=0&&e.fn.revolution.document.trigger("RS_OPENMODAL_"+i,r);else{window.RS_60_MODAL_API_CALLS=window.RS_60_MODAL_API_CALLS||[],window.RS_60_MODAL_API_CALLS.push(i),l===t&&(l={}),l.alias===t&&(l.alias=i),s&&a.showModalCover(n,l,"show"),o.indexOf("?")>0?o+="&srengine=6":o+="?srengine=6";var d={action:"revslider_ajax_call_front",client_action:"get_slider_html",alias:i,usage:"modal"};e.ajax({type:"post",url:o,dataType:"json",data:d,success:function(o,d,c){if(null!==o&&1==o.success){var p;if(n=n==t?o.htmlid:n,o.waiting!==t)for(p in o.waiting)-1==e.inArray(o.waiting[p],RS_MODULES.waiting)&&(RS_MODULES.waiting.push(o.waiting[p]),window.RS_MODULES.minimal=!1);if(o.toload!==t){var g="";for(p in RS_MODULES=RS_MODULES||{},RS_MODULES.requestedScripts=[],o.toload)o.toload.hasOwnProperty(p)&&(RS_MODULES!=t&&RS_MODULES[p]!=t&&!0===RS_MODULES[p].loaded||-1===e.inArray(p,RS_MODULES.requestedScripts)&&(RS_MODULES.requestedScripts.push(p),g+=o.toload[p]));""!==g&&e("body").append(g)}RS_MODULES!==t&&RS_MODULES.modules[o.htmlid]!=t||e("body").append(o.data),s&&a.showModalCover(n,l,"hide"),a[i]!==t&&a[i].openModalApiListener?e.fn.revolution.document.trigger("RS_OPENMODAL_"+i,r):e(document).on("RS_MODALOPENLISTENER_"+i,(function(t){e.fn.revolution.document.trigger("RS_OPENMODAL_"+i,r)}))}else s&&a.showModalCover(n,l,"hide")},error:function(e){s&&a.showModalCover(n,l,"hide"),console.log("Modal Can not be Loaded"),console.log(e)}})}},showModalCover:function(i,r,o){switch(o){case"show":var s;if(r.spin!==t&&"off"!==r.spin&&(s=a.buildSpinner(i,"spinner"+r.spin,r.spinc,"modalspinner")),r.bg!==t&&!1!==r.bg&&"false"!==r.bg&&"transparent"!==r.bg){var n=e('<rs-modal-cover data-alias="'+r.alias+'" data-rid="'+i+'" id="'+i+'_modal_bg" style="display:none;opacity:0;background:'+r.bg+'"></rs-modal-cover>');e("body").append(n),r.speed=parseFloat(r.speed),r.speed=r.speed>200?r.speed/1e3:r.speed,r.speed=Math.max(Math.min(3,r.speed),.3),tpGS.gsap.to(n,r.speed,{display:"block",opacity:1,ease:"power3.inOut"}),a.isModalOpen=!0,s!==t&&n.append(s)}else s!==t&&a[i].c.append(s);break;case"hide":(n=e('rs-modal-cover[data-alias="'+r.alias+'"] .modalspinner'))!==t&&n.length>0?n.remove():i!==t&&a[i].c.find(".modalspinner").remove()}},revModal:function(i,r){if(i!==t&&a[i]!==t&&"clicked"!==a[i].modal.closeProtection){if(!0===a[i].modal.closeProtection)return a[i].modal.closeProtection,void setTimeout((function(){a[i].modal.closeProtection=!1,a.revModal(i,r)}),750);switch(a[i].modal.lastModalCall=r.mode,r.mode){case"show":if(!0===a[i].modal.isLive)return;if(!0===a.anyModalclosing)return;a.document.trigger("RS_MODALOPENED"),a[i].modal.isLive=!0,r.slide=r.slide===t?"to0":r.slide,a[i].modal.bodyclass!==t&&a[i].modal.bodyclass.length>=0&&document.body.classList.add(a[i].modal.bodyclass),a[i].modal.bg.attr("data-rid",i),tpGS.gsap.to(a[i].modal.bg,a[i].modal.coverSpeed,{display:"block",opacity:1,ease:"power3.inOut"}),tpGS.gsap.set(a[i].modal.c,{display:"auto"===a[i].sliderLayout?"inline-block":"block",opacity:0}),a[i].cpar.removeClass("hideallscrollbars"),tpGS.gsap.set(a[i].cpar,{display:"block",opacity:1});var o={a:0};a.isModalOpen=!0,a[i].clearModalBG=!0,"carousel"===a[i].sliderType&&a[i].pr_active_bg!==t&&a[i].pr_active_bg.length>0&&tpGS.gsap.to(a[i].pr_active_bg,.5,{opacity:1}),tpGS.gsap.fromTo(o,a[i].modal.coverSpeed/5,{a:0},{a:10,ease:"power3.inOut",onComplete:function(){if(a.openModalId=i,a[i].sliderisrunning){if("to0"!==r.slide&&(a[i].startedWithOtherSlide=!0),"carousel"===a[i].sliderType&&"all"===a[i].carousel.showLayersAllTime)for(var e=0;e<a[i].slides.length;e++){var t=a[i].slides[e].dataset.key;e!==r.slide&&a[i].layers&&a[i].layers[t]&&0!==a[i].layers[t].length&&a.animateTheLayers({slide:e,id:i,mode:"start"})}a.callingNewSlide(i,r.slide)}else"to0"!==r.slide&&(a[i].startWithSlideKey=r.slide),h(i)}}),setTimeout((function(){tpGS.gsap.fromTo([a[i].modal.c],.01,{opacity:0},{opacity:1,delay:a[i].modal.coverSpeed/4,ease:"power3.inOut",onComplete:function(){}}),window.overscrollhistory=document.body.style.overflow,a[i].modal.allowPageScroll||(document.body.style.overflow="hidden"),"fullscreen"===a[i].sliderLayout&&a.getWindowDimension()}),250),"fullscreen"!==a[i].sliderLayout&&a.getWindowDimension();break;case"close":if(!0===a.anyModalclosing)return;a.anyModalclosing=!0,a.openModalId=t,k(i),document.body.style.overflow=window.overscrollhistory,a[i].cpar.addClass("hideallscrollbars"),a[i].c.trigger("stoptimer"),a[i].modal.bodyclass!==t&&a[i].modal.bodyclass.length>=0&&document.body.classList.remove(a[i].modal.bodyclass),tpGS.gsap.to(a[i].modal.bg,a[i].modal.coverSpeed,{display:"none",opacity:0,ease:"power3.inOut"}),tpGS.gsap.to(a[i].modal.c,a[i].modal.coverSpeed/6.5,{display:"none",delay:a[i].modal.coverSpeed/4,opacity:0,onComplete:function(){tpGS.gsap.set(a[i].cpar,{display:"none",opacity:0}),a.document.trigger("revolution.all.resize"),a.document.trigger("revolution.modal.close",[a[i].modal]),a.getWindowDimension(),a.isModalOpen=!1}}),a[i].modal.closeProtection=!0,clearTimeout(a[i].modal.closeTimer),a[i].modal.closeTimer=setTimeout((function(){a.anyModalclosing=!1,a[i].modal.isLive=!1,a[i].modal.closeProtection=!1}),Math.max(750,1020*a[i].modal.coverSpeed));break;case"init":if(window.RS_60_MODALS=window.RS_60_MODALS===t?[]:window.RS_60_MODALS,-1===e.inArray(a[i].modal.alias,window.RS_60_MODALS)&&window.RS_60_MODALS.push(a[i].modal.alias),a[i].modal.listener===t&&(a[i].modal.c=e("#"+i+"_modal"),!1!==a[i].modal.cover&&"false"!==a[i].modal.cover||(a[i].modal.coverColor="transparent"),a[i].modal.bg=e('rs-modal-cover[data-alias="'+a[i].modal.alias+'"]'),a[i].modal.bg===t||0===a[i].modal.bg.length?(a[i].modal.bg=e('<rs-modal-cover style="display:none;opacity:0;background:'+a[i].modal.coverColor+'" data-rid="'+i+'" id="'+i+'_modal_bg"></rs-modal-cover>'),"auto"===a[i].sliderLayout&&a[i].modal.cover?e("body").append(a[i].modal.bg):a[i].modal.c.append(a[i].modal.bg)):a[i].modal.bg.attr("data-rid",i),a[i].modal.c[0].className+="rs-modal-"+a[i].sliderLayout,a[i].modal.calibration={left:"auto"===a[i].sliderLayout?"center"===a[i].modal.horizontal?"50%":"left"===a[i].modal.horizontal?"0px":"auto":"0px",right:"auto"===a[i].sliderLayout&&("center"===a[i].modal.horizontal||"left"===a[i].modal.horizontal)?"auto":"0px",top:"auto"===a[i].sliderLayout||"fullwidth"===a[i].sliderLayout?"middle"===a[i].modal.vertical?"50%":"top"===a[i].modal.vertical?"0px":"auto":"0px",bottom:!("auto"!==a[i].sliderLayout&&"fullwidth"!==a[i].sliderLayout||"middle"!==a[i].modal.vertical&&"top"!==a[i].modal.vertical)?"auto":"0px",y:("auto"===a[i].sliderLayout||"fullwidth"===a[i].sliderLayout)&&"middle"===a[i].modal.vertical?"-50%":0,x:"auto"===a[i].sliderLayout&&"center"===a[i].modal.horizontal?"-50%":0},"-50%"===a[i].modal.calibration.y&&(a[i].modal.calibration.filter="blur(0px)"),tpGS.gsap.set(a[i].modal.c,"auto"===a[i].sliderLayout||"fullscreen"===a[i].sliderLayout?e.extend(!0,a[i].modal.calibration,{opacity:0,display:"none"}):{opacity:0,display:"none"}),"fullwidth"===a[i].sliderLayout&&tpGS.gsap.set(a[i].modal.c.find("rs-module-wrap"),a[i].modal.calibration),a.document.on("RS_OPENMODAL_"+a[i].modal.alias,(function(e,r){e!==t&&e.detail!==t&&e.detail.slide!==t&&r==t&&(r=e.detail.slide),a[i].initEnded=!0,a.revModal(i,{mode:"show",slide:r})})),a[a[i].modal.alias]=a[a[i].modal.alias]||{},a[a[i].modal.alias].openModalApiListener=!0,a.document.trigger("RS_MODALOPENLISTENER_"+a[i].modal.alias),a.document.on("click","rs-modal-cover",(function(){a.revModal(a.gA(this,"rid"),{mode:"close"})})),a[i].modal.listener=!0,a[i].modal.trigger!==t)){var s,n=a[i].modal.trigger.split(";");for(o in a[i].modal.trigger={},n)if(n.hasOwnProperty(o))switch((s=n[o].split(":"))[0]){case"t":a[i].modal.trigger.time=parseInt(s[1],0);break;case"s":a[i].modal.trigger.scroll=s[1];break;case"so":a[i].modal.trigger.scrollo=parseInt(s[1],0);break;case"e":a[i].modal.trigger.event=s[1];break;case"ha":a[i].modal.trigger.hash=s[1];break;case"co":a[i].modal.trigger.cookie=s[1]}var l=!0;if(a[i].modal.trigger.cookie!==t?l="true"!==a.getCookie(a[i].modal.alias+"_modal_one_time"):"true"==a.getCookie(a[i].modal.alias+"_modal_one_time")&&a.setCookie(a[i].modal.alias+"_modal_one_time",!1,10),l&&(a[i].modal.trigger.time!==t&&0!==a[i].modal.trigger.time&&(a[i].modal.trigger.cookie!==t&&a.setCookie(a[i].modal.alias+"_modal_one_time",!0,a[i].modal.trigger.cookie),setTimeout((function(){a.document.trigger("RS_OPENMODAL_"+a[i].modal.alias)}),a[i].modal.trigger.time)),a[i].modal.trigger.scrollo!==t||a[i].modal.trigger.scroll!==t)){a[i].modal.trigger.scroll!==t&&e(a[i].modal.trigger.scroll)[0]!==t&&(a[i].modal.trigger.scroll=e(a[i].modal.trigger.scroll)[0]);var d=function(){if(a[i].modal.trigger.scroll!==t)var e="string"==typeof a[i].modal.trigger.scroll?document.getElementById(a[i].modal.trigger.scroll):"object"==typeof a[i].modal.trigger.scroll?a[i].modal.trigger.scroll:t,r=e!==t&&null!==e?a[i].modal.trigger.scroll.getBoundingClientRect():t;(a[i].modal.trigger.scroll!==t&&r!==t&&Math.abs(r.top+(r.bottom-r.top)/2-a.getWinH(i)/2)<50||a[i].modal.trigger.scrollo!==t&&Math.abs(a[i].modal.trigger.scrollo-(a.scrollY!==t?a.scrollY:window.scrollY))<100)&&(a.document.trigger("RS_OPENMODAL_"+a[i].modal.alias),a[i].modal.trigger.cookie!==t&&a.setCookie(a[i].modal.alias+"_modal_one_time",!0,a[i].modal.trigger.cookie),document.removeEventListener("scroll",d))};document.addEventListener("scroll",d,{id:i,passive:!0})}a[i].modal.trigger.event!==t&&a.document.on(a[i].modal.trigger.event,(function(){a.document.trigger("RS_OPENMODAL_"+a[i].modal.alias)})),"t"==a[i].modal.trigger.hash&&window.location.hash.substring(1)==a[i].modal.alias&&a.document.trigger("RS_OPENMODAL_"+a[i].modal.alias)}}}},smartConvertDivs:function(e){var t="";if("string"==typeof e&&e.indexOf("#")>=0){var i=e.split(","),a=i.length-1;for(var r in i)t="string"==typeof i[r]&&"#"===i[r][0]?t+i[r][1]/i[r][3]*100+"%"+(r<a?",":""):t+i[r]+(r<a?",":"")}else t=e;return t},revToResp:function(e,i,a,r){if((e=e===t?a:e)!==t){if(r=r===t?",":r,"boolean"!=typeof e&&("object"!=typeof e||Array.isArray(e))){try{e=e.replace(/[[\]]/g,"").replace(/\'/g,"").split(r)}catch(e){}for(e=Array.isArray(e)?e:[e];e.length<i;)e[e.length]=e[e.length-1]}return e}},loadImages:function(i,r,o,s){if(i!==t&&0!==i.length){var n=[];if(Array.isArray(i))for(var l in i)i.hasOwnProperty(l)&&i[l]!==t&&n.push(i[l]);else n.push(i);for(var d in n)if(n.hasOwnProperty(d)){var c=n[d].querySelectorAll("img, rs-sbg, .rs-svg"),p=a[r].lazyOnBg?n[d].querySelectorAll("rs-bg-elem, rs-column, rs-layer"):[];for(var l in c)if(c.hasOwnProperty(l)){c[l]!==t&&c[l].dataset!==t&&c[l].dataset.src!==t&&c[l].dataset.src.indexOf("dummy.png")>=0&&c[l].src.indexOf("data")>=0&&delete c[l].dataset.src,c[l]?.dataset?.srcRsRef&&(c[l].dataset.srcRsRef=c[l].dataset.srcRsRef.replace("/revslider/public/assets/assets/svg/","/revslider/public/assets/svg/")),c[l]?.dataset?.svg_src&&(c[l].dataset.svg_src=c[l].dataset.svg_src.replace("/revslider/public/assets/assets/svg/","/revslider/public/assets/svg/"));var u=g(c[l],t,r),h=u!==t?u:a.gA(c[l],"svg_src")!=t?a.gA(c[l],"svg_src"):c[l].src===t?e(c[l]).data("src"):c[l].src,m=a.gA(c[l],"svg_src")!=t?"svg":"img";h!==t&&a[r].loadqueue!==t&&0==a[r].loadqueue.filter((function(e){return e.src===h})).length&&a[r].loadqueue.push({src:h,img:c[l],index:l,starttoload:Date.now(),type:m||"img",prio:o,progress:c[l].complete&&h===c[l].src?"loaded":"prepared",static:s,width:c[l].complete&&h===c[l].src?c[l].width:t,height:c[l].complete&&h===c[l].src?c[l].height:t})}for(var l in p)p.hasOwnProperty(l)&&p[l]!==t&&p[l].dataset!==t&&p[l].dataset.bglazy!==t&&p[l].style.backgroundImage.indexOf("dummy.png")>=0&&(p[l].style.backgroundImage='url("'+p[l].dataset.bglazy+'")');p[l]!==t&&p[l].dataset!==t&&p[l].dataset.bglazy!==t&&p[l].style.backgroundImage.indexOf("dummy.png")>=0&&(p[l].style.backgroundImage='url("'+p[l].dataset.bglazy+'")')}!a[r].cparBgChecked&&a[r].cpar[0]!==t&&a[r].cpar[0].dataset!==t&&a[r].cpar[0].dataset.bglazy!==t&&a[r].cpar[0].style.backgroundImage.indexOf("dummy.png")>=0&&(a[r].cparBgChecked=!0,a[r].cpar[0].style.backgroundImage='url("'+a[r].cpar[0].dataset.bglazy+'")'),_(r)}},waitForCurrentImages:function(i,r,o){if(i!==t&&0!==i.length&&a[r]!==t){var s=!1,n=[];if(Array.isArray(i))for(var l in i)i.hasOwnProperty(l)&&i[l]!==t&&n.push(i[l]);else n.push(i);for(var d in n)if(n.hasOwnProperty(d)){var c=n[d].querySelectorAll("img, rs-sbg, .rs-svg");for(l in c)if(c.hasOwnProperty(l)&&"length"!==l&&!(c[l].className.indexOf("rs-pzimg")>=0)){var p=e(c[l]).data(),u=g(c[l],t,r),h=u!==t?u:a.gA(c[l],"svg_src")!=t?a.gA(c[l],"svg_src"):c[l].src===t?p.src:c[l].src,m=a.getLoadObj(r,h);if(a.sA(c[l],"src-rs-ref",h),p.loaded===t&&m!==t&&m.progress&&"loaded"==m.progress){if("img"==m.type){if(c[l].src.slice(c[l].src.length-10)!==m.src.slice(m.src.length-10)&&(c[l].src=m.src),p.slidebgimage){-1==m.src.indexOf("images/transparent.png")&&-1==m.src.indexOf("assets/transparent.png")||p.bgcolor===t||p.bgcolor!==t&&"transparent"!==p.bgcolor&&(m.bgColor=!0,m.useBGColor=!0),a.sA(n[d],"owidth",m.width),a.sA(n[d],"oheight",m.height);var v=a.getByTag(n[d],"RS-SBG-WRAP"),f=a.gA(n[d],"key");if(a[r].sbgs[f].loadobj=m,v.length>0&&(a.sA(v[0],"owidth",m.width),a.sA(v[0],"oheight",m.height)),"carousel"===a[r].sliderType){var y=e(v),w=a.getSlideIndex(r,f);(a[r].carousel.justify&&a[r].carousel.slide_widths===t||a[r].carousel.slide_width===t)&&a.setCarouselDefaults(r,!0),y.data("panzoom")===t||a[r].panzoomTLs!==t&&a[r].panzoomTLs[w]!==t||a.startPanZoom(y,r,0,w,"prepare",f),a[r].sbgs[f].isHTML5&&!a[r].sbgs[f].videoisplaying&&(a[r].sbgs[f].video=a[r].sbgs[f].loadobj.img),n[d].getAttribute("data-iratio")!==t&&!n[d].getAttribute("data-iratio")&&m.img&&m.img.naturalWidth&&(n[d].setAttribute("data-iratio",m.img.naturalWidth/m.img.naturalHeight),a.setCarouselDefaults(r,"redraw",!0),!0===a[r].carousel.ocfirsttun&&a.organiseCarousel(r,"right",!0,!1,!1)),a.updateSlideBGs(r,f,a[r].sbgs[f])}}}else"svg"==m.type&&"loaded"==m.progress&&(c[l].innerHTML=m.innerHTML);p.loaded=!0}m&&m.progress&&m.progress.match(/inprogress|inload|prepared/g)&&(!m.error&&Date.now()-m.starttoload<15e3?s=!0:(m.progress="failed",m.reported_img||(m.reported_img=!0,console.log(h+"  Could not be loaded !")))),1!=a[r].youtubeapineeded||window.YT&&YT.Player!=t||(s=x("youtube",r)),1!=a[r].vimeoapineeded||window.Vimeo||(s=x("vimeo",r))}}e.each(a[r].loadqueue,(function(e,t){!0===t.static&&("loaded"!=t.progress&&"done"!==t.progress||"failed"===t.progress)&&("failed"!=t.progress||t.reported?!t.error&&Date.now()-t.starttoload<5e3?s=!0:t.reported||(t.reported=S(t.src,t.error)):t.reported=S(t.src,t.error))})),s?tpGS.gsap.delayedCall(.02,a.waitForCurrentImages,[i,r,o]):o!==t&&tpGS.gsap.delayedCall(1e-4,o)}},updateVisibleArea:function(e){for(var i in a[e].viewPort.visible_area=a.revToResp(a[e].viewPort.visible_area,a[e].rle,"0px"),a[e].viewPort.vaType=new Array(4),a[e].viewPort.visible_area)a[e].viewPort.visible_area.hasOwnProperty(i)&&(!1===a[e].viewPort.local&&!0===a[e].viewPort.global?(a[e].viewPort.vaType[i]=a[e].viewPort.globalDist.indexOf("%")>=0?"%":"px",a[e].viewPort.visible_area[i]=parseInt(a[e].viewPort.globalDist)):(a.isNumeric(a[e].viewPort.visible_area[i])&&(a[e].viewPort.visible_area[i]+="%"),a[e].viewPort.visible_area[i]!==t&&(a[e].viewPort.vaType[i]=a[e].viewPort.visible_area[i].indexOf("%")>=0?"%":"px"),a[e].viewPort.visible_area[i]=parseInt(a[e].viewPort.visible_area[i],0)),a[e].viewPort.visible_area[i]="%"==a[e].viewPort.vaType[i]?a[e].viewPort.visible_area[i]/100:a[e].viewPort.visible_area[i])},observeFonts:function(e,i,r){r=r===t?0:r,a.fonts===t&&(a.fonts={},a.monoWidth=l("monospace"),a.sansWidth=l("sans-serif"),a.serifWidth=l("serif")),r++;var o=a.fonts[e];!0!==a.fonts[e]&&(a.fonts[e]=a.monoWidth!==l(e+",monospace")||a.sansWidth!==l(e+",sans-serif")||a.serifWidth!==l(e+",serif")),100===r||(!1===o||o===t)&&!0===a.fonts[e]?(l(e+",monospace",!0),l(e+",sans-serif",!0),l(e+",serif",!0),i()):setTimeout((function(){a.observeFonts(e,i,r)}),19)},getversion:function(){return i},currentSlideIndex:function(e){return a[e].pr_active_key},iOSVersion:function(){return!!(navigator.userAgent.match(/iPhone/i)||navigator.userAgent.match(/iPod/i)||navigator.userAgent.match(/iPad/i))&&navigator.userAgent.match(/OS 4_\d like Mac OS X/i)},setIsIOS:function(){a.isiPhone=/iPhone|iPod/.test(navigator.userAgent)&&!window.MSStream,a.isIOS=/iPad|iPhone|iPod/.test(navigator.userAgent)&&!window.MSStream||"MacIntel"===navigator.platform&&void 0!==navigator.standalone},setIsChrome8889:function(){a.isChrome8889=a.isChrome8889===t?navigator.userAgent.indexOf("Chrome/88")>=0||navigator.userAgent.indexOf("Chrome/89")>=0:a.isChrome8889},isIE:function(){if(a.isIERes===t){var i=e('<div style="display:none;"/>').appendTo(e("body"));i.html("\x3c!--[if IE 8]><a>&nbsp;</a><![endif]--\x3e"),a.isIERes=i.find("a").length,i.remove()}return a.isIERes},is_mobile:function(){var e=["android","webos","iphone","ipad","blackberry","Android","webos","iPod","iPhone","iPad","Blackberry","BlackBerry"],i=!1;if(window.orientation!==t)i=!0;else for(var a in e)e.hasOwnProperty(a)&&(i=!!(i||navigator.userAgent.split(e[a]).length>1)||i);return i&&document.body&&-1===document.body.className.indexOf("rs-ISM")&&(document.body.className+=" rs-ISM"),i},is_android:function(){var e=["android","Android"],t=!1;for(var i in e)e.hasOwnProperty(i)&&(t=!!(t||navigator.userAgent.split(e[i]).length>1)||t);return t},callBackHandling:function(t,i,r){a[t].callBackArray&&e.each(a[t].callBackArray,(function(e,t){t&&t.inmodule&&t.inmodule===i&&t.atposition&&t.atposition===r&&t.callback&&t.callback.call()}))},get_browser:function(){var e,t=navigator.userAgent,i=t.match(/(opera|chrome|safari|firefox|msie|trident(?=\/))\/?\s*(\d+)/i)||[];return/trident/i.test(i[1])?(e=/\brv[ :]+(\d+)/g.exec(t)||[],"IE"):"Chrome"===i[1]&&null!=(e=t.match(/\b(OPR|Edge)\/(\d+)/))?e[1].replace("OPR","Opera"):(i=i[2]?[i[1],i[2]]:[navigator.appName,navigator.appVersion,"-?"],null!=(e=t.match(/version\/(\d+)/i))&&i.splice(1,1,e[1]),i[0])},get_browser_version:function(){var e,t=navigator.appName,i=navigator.userAgent,a=i.match(/(edge|opera|chrome|safari|firefox|msie)\/?\s*(\.?\d+(\.\d+)*)/i);return a&&null!=(e=i.match(/version\/([\.\d]+)/i))&&(a[2]=e[1]),(a=a?[a[1],a[2]]:[t,navigator.appVersion,"-?"])[1]},isFaceBook:function(){return a.isFaceBookApp==t&&(a.isFaceBookApp=navigator.userAgent||navigator.vendor||window.opera,a.isFaceBookApp=a.isFaceBookApp.indexOf("FBAN")>-1||a.isFaceBookApp.indexOf("FBAV")>-1),a.isFaceBookApp},isFirefox:function(e){return a[e].isFirefox=a[e].isFirefox===t?"Firefox"===a.get_browser():a[e].isFirefox,a.isFF=a[e].isFirefox,a[e].isFirefox},isSafari11:function(){return"safari"===a.trim(a.get_browser().toLowerCase())&&parseFloat(a.get_browser_version())>=11},isWebkit:function(){var e=/(webkit)[ \/]([\w.]+)/.exec(navigator.userAgent.toLowerCase());return e&&e[1]&&"webkit"===e[1]},isIE11:function(){return a.IE11=a.IE11===t?!!navigator.userAgent.match(/Trident.*rv\:11\./):a.IE11,a.IE11},checkBackdrop:function(){var e=document.createElement("div");e.style.cssText="-webkit-backdrop-filter: blur(2px)";var i=0!=e.style.length,r=document.documentMode===t||document.documentMode>9;i&&r||(e.style.cssText="backdrop-filter: blur(2px)",i=0!=e.style.length),e=null,a.useBackdrop=i&&r},deepLink:function(e,i){if(i!==t){var r=parseInt(i.toString().replace(/^slide/,"").replace("-",""),10);if(isNaN(r))for(var o in a[e].slides)if(a[e].slides.hasOwnProperty(o)&&a.gA(a[e].slides[o],"deeplink")===i){r=parseInt(a.gA(a[e].slides[o],"originalindex"),10);break}return isNaN(r)||r<1||r>a[e].realslideamount?void 0:r}},getHorizontalOffset:function(e,t){var i=d(e,".outer-left"),a=d(e,".outer-right");return"left"==t?i:"right"==t?a:"all"==t?{left:i,right:a,both:i+a,inuse:i+a!=0}:i+a},getComingSlide:function(e,i){var r=a[e].pr_next_key!==t?a[e].pr_next_key:a[e].pr_processing_key!==t?a[e].pr_processing_key:a[e].pr_active_key,o=0;if(o=0,a[e].pr_active_slide!==t&&"true"==a.gA(a[e].pr_active_slide[0],"not_in_nav")&&(r=a[e].pr_lastshown_key),i!==t&&a.isNumeric(i)||i!==t&&i.match(/to/g))o=1===i||-1===i?parseInt(r,0)+i<0?a[e].slideamount-1:parseInt(r,0)+i>=a[e].slideamount?0:parseInt(r,0)+i:(i=a.isNumeric(i)?i:parseInt(i.split("to")[1],0))<0?0:i>a[e].slideamount-1?a[e].slideamount-1:i;else if(i)for(var s in a[e].slides)a[e].slides.hasOwnProperty(s)&&(o=a[e].slides&&a[e].slides[s]&&(a.gA(a[e].slides[s],"key")===i||a[e].slides[s].id===i)?s:o);return{nindex:o,aindex:r}},callingNewSlide:function(e,i,r,o){var s=a.getComingSlide(e,i);a[e].pr_next_key=s.nindex,a[e].sdir="bullet"!==a[e].sc_indicator&&a[e].pr_active_key==a[e].slideamount-1&&0==a[e].pr_next_key?0:a[e].pr_next_key<a[e].pr_active_key?1:0,r&&a[e].carousel!==t&&(a[e].carousel.focused=a[e].pr_next_key),"carousel"===a[e].sliderType&&a[e].startedWithOtherSlide&&(a[e].carousel.focused=a[e].pr_next_key,delete a[e].startedWithOtherSlide),a[e].ctNavElement?a[e].ctNavElement=!1:a[e].c.trigger("revolution.nextslide.waiting"),(a[e].started&&s.aindex===a[e].pr_next_key&&s.aindex===a[e].pr_lastshown_key||a[e].pr_next_key!==s.aindex&&-1!=a[e].pr_next_key&&a[e].pr_lastshown_key!==t)&&R(e,r,o)},getLoadObj:function(e,i){var r=a[e].loadqueue!==t&&a[e].loadqueue.filter((function(e){return e.src===i}))[0];return r===t?{src:i}:r},getResponsiveLevel:function(e){var t=9999,i=0,r=0,o=0;if(a[e].responsiveLevels&&a[e].responsiveLevels.length)for(var s in a[e].responsiveLevels)a[e].responsiveLevels.hasOwnProperty(s)&&(a.winWAll<a[e].responsiveLevels[s]&&(0==i||i>parseInt(a[e].responsiveLevels[s]))&&(t=parseInt(a[e].responsiveLevels[s]),o=parseInt(s),i=parseInt(a[e].responsiveLevels[s])),a.winWAll>a[e].responsiveLevels[s]&&i<a[e].responsiveLevels[s]&&(i=parseInt(a[e].responsiveLevels[s]),r=parseInt(s)));return i<t?r:o},getSizeMultpilicator:function(e,t,i){var r={h:0,w:0};return a[e].justifyCarousel?r.h=r.w=1:(r.w=i.width/a[e].gridwidth[a[e].level],r.h=i.height/a[e].gridheight[a[e].level],r.w=isNaN(r.w)?1:r.w,r.h=isNaN(r.h)?1:r.h,1==a[e].enableUpscaling?r.h=r.w:(r.h>r.w?r.h=r.w:r.w=r.h,(r.h>1||r.w>1)&&(r.w=1,r.h=1))),r},updateDims:function(e,i){var r=a[e].pr_processing_key||a[e].pr_active_key||0,o=a[e].pr_active_key||0,s=a[e].modal!==t&&a[e].modal.useAsModal,n=s?a.winWAll:a.winW,l=!1;if(a[e].lastScrollBarWidth=a.scrollBarWidth,a[e].redraw=a[e].redraw===t?{}:a[e].redraw,a[e].module=a[e].module===t?{}:a[e].module,a[e].canv=a[e].canv===t?{}:a[e].canv,a[e].content=a[e].content===t?{}:a[e].content,a[e].drawUpdates={c:{},cpar:{},canv:{}},"carousel"==a[e].sliderType?a[e].module.margins={top:parseInt(a[e].carousel.padding_top||0,0),bottom:parseInt(a[e].carousel.padding_bottom||0,0)}:a[e].module.margins={top:0,bottom:0},a[e].module.paddings===t&&(a[e].module.paddings={top:parseInt(a[e].cpar.css("paddingTop"),0)||0,bottom:parseInt(a[e].cpar.css("paddingBottom"),0)||0}),a[e].blockSpacing!==t?(a[e].block={bottom:a[e].blockSpacing.bottom!==t?parseInt(a[e].blockSpacing.bottom[a[e].level],0):0,top:a[e].blockSpacing.top!==t?parseInt(a[e].blockSpacing.top[a[e].level],0):0,left:a[e].blockSpacing.left!==t?parseInt(a[e].blockSpacing.left[a[e].level],0):0,right:a[e].blockSpacing.right!==t?parseInt(a[e].blockSpacing.right[a[e].level],0):0},a[e].block.hor=a[e].block.left+a[e].block.right,a[e].block.ver=a[e].block.top+a[e].block.bottom):a[e].block===t&&(a[e].block={top:0,left:0,right:0,bottom:0,hor:0,ver:0}),a[e].blockSpacing!==t){var d={paddingLeft:a[e].block.left,paddingRight:a[e].block.right,marginTop:a[e].block.top,marginBottom:a[e].block.bottom},c=JSON.stringify(d);d!==a[e].emptyObject&&c!==a[e].caches.setsizeBLOCKOBJ&&(tpGS.gsap.set(a[e].blockSpacing.block,d),a[e].caches.setsizeBLOCKOBJ=c,l=!0)}if(a[e].levelForced=a[e].level=a.getResponsiveLevel(e),a[e].rowHeights=a.getRowHeights(e),a[e].aratio=a[e].gridheight[a[e].level]/a[e].gridwidth[a[e].level],a[e].module.width="auto"===a[e].sliderLayout||1==a[e].disableForceFullWidth?a[e].cpar.width():n-a[e].block.hor,a[e].outNavDims=a.getOuterNavDimension(e),a[e].canv.width=a[e].module.width-a[e].outNavDims.horizontal-(s?a.scrollBarWidth:0),s&&"auto"===a[e].sliderLayout&&(a[e].canv.width=Math.min(a[e].gridwidth[a[e].level],n)),"fullscreen"===a[e].sliderLayout||a[e].infullscreenmode){var p=a.getWinH(e)-(!0===a[e].modal.useAsModal?0:a.getFullscreenOffsets(e));a[e].canv.height=Math.max(a[e].rowHeights.cur,Math.max(p-a[e].outNavDims.vertical,a[e].minHeight)),"carousel"===a[e].sliderType&&"v"!==a[e].carousel.orientation&&(a[e].canv.height=a[e].canv.height-parseInt(a[e].carousel.padding_top)-parseInt(a[e].carousel.padding_bottom)),o!==r&&(a[e].currentSlideHeight=Math.max(a[e].rowHeights.last,Math.max(p-a[e].outNavDims.vertical,a[e].minHeight)),a[e].redraw.maxHeightOld=!0),a[e].drawUpdates.c.height="100%"}else a[e].canv.height=a[e].keepBPHeight?a[e].gridheight[a[e].level]:Math.round(a[e].canv.width*a[e].aratio),a[e].canv.height=a[e].autoHeight?a[e].canv.height:Math.min(a[e].canv.height,a[e].gridheight[a[e].level]),a[e].carousel.prevNextVisCalculated="carousel"==a[e].sliderType&&"v"==a[e].carousel.orientation?"%"==a[e].carousel.prevNextVisType?a[e].canv.height*a[e].carousel.prevNextVis:a[e].carousel.prevNextVis:0,a[e].canv.height=Math.max(Math.max(a[e].rowHeights.cur,a[e].canv.height),a[e].minHeight)+a[e].carousel.prevNextVisCalculated,"carousel"==a[e].sliderType&&"v"==a[e].carousel.orientation&&(a[e].canv.height=Math.min(a[e].canv.height,a.winH)),a[e].drawUpdates.c.height=a[e].canv.height;"fullscreen"!==a[e].sliderLayout&&"fullwidth"!==a[e].sliderLayout||(a[e].canv.width-=a[e].cpar.outerWidth()-a[e].cpar.width(),"fullscreen"===a[e].sliderLayout&&(a[e].canv.height-=a[e].cpar.outerHeight()-a[e].cpar.height())),a[e].module.height=a[e].canv.height,"fullwidth"!=a[e].sliderLayout||a[e].fixedOnTop||(a[e].drawUpdates.c.maxHeight=0!=a[e].maxHeight?Math.min(a[e].canv.height,a[e].maxHeight):a[e].canv.height),a[e].CM=a.getSizeMultpilicator(e,a[e].enableUpscaling,{width:a[e].canv.width,height:a[e].canv.height}),a[e].content.width=a[e].gridwidth[a[e].level]*a[e].CM.w,a[e].content.height=Math.round(Math.max(a[e].rowHeights.cur,a[e].gridheight[a[e].level]*a[e].CM.h));var g=a[e].module.margins.top+a[e].module.margins.bottom+("fullscreen"===a[e].sliderLayout?0:a[e].outNavDims.vertical)+a[e].canv.height+a[e].module.paddings.top+a[e].module.paddings.bottom;a[e].drawUpdates.cpar.height=g,a[e].drawUpdates.cpar.width="auto"===a[e].sliderLayout?"auto":a[e].module.width,"auto"===a[e].sliderLayout||"fullscreen"===a[e].sliderLayout&&!0===a[e].disableForceFullWidth||a[e].rsFullWidthWrap===t?"fullscreen"==a[e].sliderLayout&&1==a[e].disableForceFullWidth&&(a[e].drawUpdates.cpar.left=0):a[e].drawUpdates.cpar.left=0-Math.ceil(a[e].rsFullWidthWrap.offset().left-(a[e].outNavDims.left+a[e].block.left)),a[e].sbtimeline.set&&a[e].sbtimeline.fixed?(a[e].sbtimeline.extended===t&&a.updateFixedScrollTimes(e),a[e].forcerHeight=2*g+a[e].sbtimeline.extended,a[e].sbtimeline.pullc&&a[e].rsFullWidthWrap!==t&&null!==a[e].rsFullWidthWrap[0]&&requestAnimationFrame((function(){var t=a[e].rsFullWidthWrapMarginBottom+-1*a[e].forcerHeight;a[e].rsFullWidthWrap[0].style.marginBottom=(isNaN(t)?a[e].rsFullWidthBottomMarginPush:a[e].rsFullWidthBottomMarginPush+t)+"px"})),a[e].rsFullWidthWrap!==t&&null!==a[e].rsFullWidthWrap[0]&&"fullscreen"==a[e].sliderLayout&&(a[e].rsFullWidthBottomMarginPush=a.getFullscreenOffsets(e),a[e].rsFullWidthWrap[0].style.marginBottom=a[e].rsFullWidthBottomMarginPush+"px")):a[e].forcerHeight=g,a[e].forcerHeight!==a[e].caches.setsizeForcerHeight&&a[e].forcer!==t&&(a[e].caches.setsizeForcerHeight=a[e].forcerHeight,l=!0,a[e].redraw.forcer=!0),a[e].drawUpdates.c.width=a[e].canv.width,"auto"===a[e].sliderLayout&&(a[e].drawUpdates.c.left=a[e].outNavDims.left),a[e].drawUpdates.c!==a[e].emptyObject&&JSON.stringify(a[e].drawUpdates.c)!==a[e].caches.setsizeCOBJ&&(a[e].caches.setsizeCOBJ=JSON.stringify(a[e].drawUpdates.c),l=!0,a[e].redraw.c=!0),a[e].drawUpdates.cpar!==a[e].emptyObject&&JSON.stringify(a[e].drawUpdates.cpar)!==a[e].caches.setsizeCPAROBJ&&(a[e].caches.setsizeCPAROBJ=JSON.stringify(a[e].drawUpdates.cpar),l=!0,a[e].redraw.cpar=!0),s&&"auto"===a[e].sliderLayout&&a[e].caches.canWidth!==a[e].canv.width&&(a[e].caches.canWidth=a[e].canv.width,l=!0,a[e].redraw.modalcanvas=!0),a[e].slayers&&a[e].slayers.length>0&&a[e].outNavDims.left!==a[e].caches.outNavDimsLeft&&"fullwidth"!=a[e].sliderLayout&&"fullscreen"!=a[e].sliderLayout&&(a[e].caches.outNavDimsLeft=a[e].outNavDims.left,a[e].redraw.slayers=!0),s&&a[e].modal.calibration!==t&&"middle"===a[e].modal.vertical&&(a[e].modal.calibration.top=a.getWinH(e)<g?"0%":"50%",a[e].modal.calibration.y=a.getWinH(e)<g?"0px":"-50%","fullwidth"===a[e].sliderLayout&&(l=!0,a[e].redraw.modulewrap=!0)),a[e].gridOffsetWidth=(a[e].module.width-a[e].gridwidth[a[e].level])/2,a[e].gridOffsetHeight=(a[e].module.height-a[e].content.height)/2,a[e].caches.curRowsHeight=a[e].currentRowsHeight=a[e].rowHeights.cur,a[e].caches.moduleWidth=a[e].width=a[e].module.width,a[e].caches.moduleHeight=a[e].height=a[e].module.height,a[e].caches.canWidth=a[e].conw=a[e].canv.width,a[e].caches.canHeight=a[e].conh=a[e].canv.height,a[e].bw=a[e].CM.w,a[e].bh=a[e].CM.h,a[e].caches.outNavDimsLeft=a[e].outNavDims.left,window.requestAnimationFrame((function(){a[e].redraw.forcer&&tpGS.gsap.set(a[e].forcer,{height:a[e].forcerHeight}),a[e].redraw.c&&tpGS.gsap.set(a[e].c,a[e].drawUpdates.c),a[e].redraw.cpar&&tpGS.gsap.set(a[e].cpar,a[e].drawUpdates.cpar),a[e].redraw.modalcanvas&&a[e]!==t&&(a[e].modal!==t&&a[e].modal.c!==t&&tpGS.gsap.set(a[e].modal.c,{width:a[e].canv.width}),a[e].canvas!==t&&tpGS.gsap.set(a[e].canvas,{width:a[e].canv.width})),a[e].redraw.maxHeightOld&&(a[e].slides[o].style.maxHeight=a[e].currentSlideHeight!==a[e].canv.height?a[e].currentSlideHeight+"px":"none"),a[e].redraw.slayers&&tpGS.gsap.set(a[e].slayers,{left:a[e].outNavDims.left}),a[e].redraw.modulewrap&&tpGS.gsap.set(a[e].modal.c.find("rs-module-wrap"),a[e].modal.calibration),!0!==a[e].navigation.initialised&&"prepared"===i&&("hero"!==a[e].sliderType&&a.createNavigation&&a[e].navigation.use&&!0!==a[e].navigation.createNavigationDone&&a.createNavigation(e),a.resizeThumbsTabs&&a.resizeThumbsTabs&&a[e].navigation.use&&a.resizeThumbsTabs(e)),a[e].rebuildProgressBar&&M(e),a.putRowsInPosition(e),a[e].redraw={}}));var u=a[e].inviewport&&(a[e].heightInLayers!==t&&a[e].module.height!==a[e].heightInLayers||a[e].widthInLayers!==t&&a[e].module.width!==a[e].widthInLayers);return"ignore"!==i&&u&&(a[e].heightInLayers=t,a[e].widthInLayers=t,"carousel"!==a[e].sliderType&&(a[e].pr_next_key!==t?a.animateTheLayers({slide:a[e].pr_next_key,id:e,mode:"rebuild",caller:"swapSlideProgress_1"}):a[e].pr_processing_key!==t?a.animateTheLayers({slide:a[e].pr_processing_key,id:e,mode:"rebuild",caller:"swapSlideProgress_2"}):a[e].pr_active_key!==t&&a.animateTheLayers({slide:a[e].pr_active_key,id:e,mode:"rebuild",caller:"swapSlideProgress_3"})),l=!0),l&&"ignore"!==i&&a.requestLayerUpdates(e,"enterstage"),a[e].module.height!==a[e].module.lastHeight&&(a[e].module.lastHeight=a[e].module.height,window.requestAnimationFrame((function(){window.innerHeight!==screen.height&&Math.round(window.innerHeight*window.devicePixelRatio)!==screen.height&&v(e,t,!1)}))),tpGS.gsap.delayedCall(.1,(function(){a[e].lastScrollBarWidth!==a.scrollBarWidth?(a.updateDims(e,"ignore"),v(e)):a.isModalOpen||a.scrollBarWidth===window.innerWidth-document.documentElement.clientWidth||a.rAfScrollbar===t&&(a.rAfScrollbar=requestAnimationFrame((function(){a.rAfScrollbar=t,a.getWindowDimension(e,!1)})))})),l},putMiddleZoneInPosition:function(e,i){a[e].middleZones==t||a[e].middleZones[i]==t||a[e].rowMiddleHeights==t||a[e].rowMiddleHeights[i]==t||a[e].caches.middleHeights[i]===a[e].rowMiddleHeights[i]&&a[e].caches.lastModuleHeight===a[e].module.height||(tpGS.gsap.set(a[e].middleZones[i],{top:Math.round(a[e].module.height/2-a[e].rowMiddleHeights[i]/2)}),a[e].caches.middleHeights[i]=a[e].rowMiddleHeights[i])},putRowsInPosition:function(e){var i=a[e].activeRSSlide||0,r=a[e].pr_processing_key;a.putMiddleZoneInPosition(e,i),i!==r&&r!==t&&a.putMiddleZoneInPosition(e,r),a[e].smiddleZones==t||a[e].rowMiddleHeights==t||a[e].rowMiddleHeights.static==t||a[e].caches.middleHeights.static===a[e].rowMiddleHeights.static&&a[e].caches.lastModuleHeight===a[e].module.height||(tpGS.gsap.set(a[e].smiddleZones[0],{top:Math.round(a[e].module.height/2-a[e].rowMiddleHeights.static/2)}),a[e].caches.middleHeights.static=a[e].rowMiddleHeights.static),a[e].caches.lastModuleHeight=a[e].module.height},getSlideIndex:function(e,t){var i=!1;for(var r in a[e].slides){if(!a[e].slides.hasOwnProperty(r)||!1!==i)continue;i=a.gA(a[e].slides[r],"key")===t?r:i}return!1===i?0:i},loadUpcomingContent:function(e){if("smart"==a[e].lazyType){var t=[],i=parseInt(a.getSlideIndex(e,a.gA(a[e].pr_next_slide[0],"key")),0),r=i-1<0?a[e].realslideamount-1:i-1,o=i+1==a[e].realslideamount?0:i+1;r!==i&&t.push(a[e].slides[r]),o!==i&&t.push(a[e].slides[o]),t.length>0&&(a.loadImages(t,e,2),a.waitForCurrentImages(t,e,(function(){})))}},lazyLoadAllSlides:function(e){if("all"==a[e].lazyType&&!0!==a[e].lazyLoad_AllDone&&(a[e].viewPort.enable&&a[e].inviewport||!a[e].viewPort.enable)){for(var t in a[e].slides)a[e].slides.hasOwnProperty(t)&&(a.loadImages(a[e].slides[t],e,t),a.waitForCurrentImages(a[e].slides[t],e,(function(){})));a[e].lazyLoad_AllDone=!0}},getFullscreenOffsets:function(i){var r=0;if(a[i].fullScreenOffsetContainer!=t){var o=(""+a[i].fullScreenOffsetContainer).split(",");for(var s in o)o.hasOwnProperty(s)&&(r+=e(o[s]).outerHeight(!0)||0)}return a[i].fullScreenOffset!=t&&(!a.isNumeric(a[i].fullScreenOffset)&&a[i].fullScreenOffset.split("%").length>1?r+=a.getWinH(i)*parseInt(a[i].fullScreenOffset,0)/100:a.isNumeric(parseInt(a[i].fullScreenOffset,0))&&(r+=parseInt(a[i].fullScreenOffset,0)||0)),a[i].fullScreenOffsetResult=r,r},unToggleState:function(e){if(e!==t)for(var i=0;i<e.length;i++)try{document.getElementById(e[i]).classList.remove("rs-tc-active")}catch(e){}},toggleState:function(e){if(e!==t)for(var i=0;i<e.length;i++)try{document.getElementById(e[i]).classList.add("rs-tc-active")}catch(e){}},swaptoggleState:function(e){if(e!=t&&e.length>0)for(var i=0;i<e.length;i++){var r=document.getElementById(e[i]);if(a.gA(r,"toggletimestamp")!==t&&(new Date).getTime()-a.gA(r,"toggletimestamp")<250)return;a.sA(r,"toggletimestamp",(new Date).getTime()),null!==r&&(r.className.indexOf("rs-tc-active")>=0?r.classList.remove("rs-tc-active"):r.classList.add("rs-tc-active"))}},lastToggleState:function(e){var i;if(e!==t)for(var a=0;a<e.length;a++){var r=document.getElementById(e[a]);i=!0===i||null!==r&&r.className.indexOf("rs-tc-active")>=0||i}return i},revCheckIDS:function(i,r){if(a.gA(r,"idcheck")===t){var o=r.id,s=e.inArray(r.id,window.RSANYID),n=-1;-1!==s&&(n=e.inArray(r.id,a[i].anyid),window.RSANYID_sliderID[s]===i&&-1===n||(r.id=r.id+"_"+Math.round(9999*Math.random()),console.log("Warning - ID:"+o+" exists already. New Runtime ID:"+r.id),s=n=-1)),-1===n&&a[i].anyid.push(r.id),-1===s&&(window.RSANYID.push(r.id),window.RSANYID_sliderID.push(i))}return a.sA(r,"idcheck",!0),r.id},buildSpinner:function(i,a,r,o){var s;if("off"!==a){o=o===t?"":o,r=r===t?"#ffffff":r;var n=parseInt(a.replace("spinner",""),10);if(isNaN(n)||n<6){var l='style="background-color:'+r+'"',d=o===t||3!==n&&4!=n?"":l;s=e("<rs-loader "+(o===t||1!==n&&2!=n?"":l)+' class="'+a+" "+o+'"><div '+d+' class="dot1"></div><div '+d+' class="dot2"></div><div '+d+' class="bounce1"></div><div '+d+' class="bounce2"></div><div '+d+' class="bounce3"></div></rs-loader>')}else{var c,p='<div class="rs-spinner-inner"';if(7===n)-1!==r.search("#")?(c=r.replace("#",""),c="rgba("+parseInt(c.substring(0,2),16)+", "+parseInt(c.substring(2,4),16)+", "+parseInt(c.substring(4,6),16)+", "):-1!==r.search("rgb")&&(c=r.substring(r.indexOf("(")+1,r.lastIndexOf(")")).split(",")).length>2&&(c="rgba("+c[0].trim()+", "+c[1].trim()+", "+c[2].trim()+", "),c&&"string"==typeof c&&(p+=' style="border-top-color: '+c+"0.65); border-bottom-color: "+c+"0.15); border-left-color: "+c+"0.65); border-right-color: "+c+'0.15)"');else 12===n&&(p+=' style="background:'+r+'"');p+=">";for(var g=[10,0,4,2,5,9,0,4,4,2][n-6],u=0;u<g;u++)u>0&&(p+=" "),p+='<span style="background:'+r+'"></span>';s=e('<rs-loader class="'+a+" "+o+'">'+(p+="</div>")+"</div></rs-loader>")}return s}},addStaticLayerTo:function(e,t,i){if(a[e].slayers.length<2){var r=document.createElement("rs-static-layers");r.className="rs-stl-"+t,r.appendChild(i[0]),a[e].c[0].appendChild(r),a[e].slayers.push(r)}else a[e].slayers[1].appendChild(i[0])}});var r=function(){return a.isIE11()?function(e,t){return e.querySelectorAll(t)}:function(e,t){return e.getElementsByTagName(t)}},o=function(e){a[e].responsiveLevels=a.revToResp(a[e].responsiveLevels,a[e].rle),a[e].visibilityLevels=a.revToResp(a[e].visibilityLevels,a[e].rle),a[e].responsiveLevels[0]=9999,a[e].rle=a[e].responsiveLevels.length||1,a[e].gridwidth=a.revToResp(a[e].gridwidth,a[e].rle),a[e].gridheight=a.revToResp(a[e].gridheight,a[e].rle),a[e].editorheight!==t&&(a[e].editorheight=a.revToResp(a[e].editorheight,a[e].rle)),a.updateDims(e)},s=function(t,i){var a=[];return e.each(t,(function(e,t){e!=i&&a.push(t)})),a},n=function(t,i,r){a[r].c.find(t).each((function(){var t=e(this);t.data("key")===i&&t.remove()}))},l=function(e,i){if(a["rsfont_"+e]==t&&(a["rsfont_"+e]=document.createElement("span"),a["rsfont_"+e].innerHTML=Array(100).join("wi"),a["rsfont_"+e].style.cssText=["position:absolute","width:auto","font-size:128px","left:-99999px"].join(" !important;"),a["rsfont_"+e].style.fontFamily=e,document.body.appendChild(a["rsfont_"+e])),i===t)return a["rsfont_"+e].clientWidth;document.body.removeChild(a["rsfont_"+e])},d=function(t,i){var a=0;return t.find(i).each((function(){var t=e(this);!t.hasClass("tp-forcenotvisible")&&a<t.outerWidth()&&(a=t.outerWidth())})),a},c=function(i){if(i===t||a[i]===t||a[i].c===t)return!1;if(a[i].cpar!==t&&a[i].cpar.data("aimg")!=t&&("enabled"==a[i].cpar.data("aie8")&&a.isIE(8)||"enabled"==a[i].cpar.data("amobile")&&a.ISM))a[i].c.html('<img class="tp-slider-alternative-image" src="'+a[i].cpar.data("aimg")+'">');else{window._rs_firefox13=!1,window._rs_firefox=a.isFirefox(),window._rs_ie=window._rs_ie===t?!e.support.opacity:window._rs_ie,window._rs_ie9=window._rs_ie9===t?9==document.documentMode:window._rs_ie9;var r=e.fn.jquery.split("."),o=parseFloat(r[0]),s=parseFloat(r[1]);1==o&&s<7&&a[i].c.html('<div style="text-align:center; padding:40px 0px; font-size:20px; color:#992222;"> The Current Version of jQuery:'+r+" <br>Please update your jQuery Version to min. 1.7 in Case you wish to use the Revolution Slider Plugin</div>"),o>1&&(window._rs_ie=!1),a[i].realslideamount=a[i].slideamount=0;var n=a.getByTag(a[i].canvas[0],"RS-SLIDE"),l=[];for(var d in a[i].notInNav=[],a[i].slides=[],n)n.hasOwnProperty(d)&&("on"==a.gA(n[d],"hsom")&&a.ISM?l.push(n[d]):(a.gA(n[d],"invisible")||1==a.gA(n[d],"invisible")?a[i].notInNav.push(n[d]):(a[i].slides.push(n[d]),a[i].slideamount++),a[i].realslideamount++,a.sA(n[d],"originalindex",a[i].realslideamount),a.sA(n[d],"origindex",a[i].realslideamount-1)));for(d in l)l.hasOwnProperty(d)&&l[d].remove();for(d in a[i].notInNav)a[i].notInNav.hasOwnProperty(d)&&(a.sA(a[i].notInNav[d],"not_in_nav",!0),a[i].canvas[0].appendChild(a[i].notInNav[d]));if(a[i].canvas.css({visibility:"visible"}),a[i].slayers=a[i].c.find("rs-static-layers"),a[i].slayers[0]&&a[i].slayers.className&&-1!==a[i].slayers[0].className.indexOf("rs-stl-visible")&&a[i].c.addClass("rs-stl-visible"),a[i].slayers.length>0&&a.sA(a[i].slayers[0],"key","staticlayers"),!0===a[i].modal.useAsModal&&(a[i].cpar.wrap('<rs-modal id="'+a[i].c[0].id+'_modal"></rs-modal>'),a[i].modal.c=e(a.closestNode(a[i].cpar[0],"RS-MODAL")),a[i].modal.c.appendTo(e("body")),a[i].modal!==t&&a[i].modal.alias!==t&&a.revModal(i,{mode:"init"})),1==a[i].waitForInit||1==a[i].modal.useAsModal)return a.RS_toInit!==t&&(a.RS_toInit[i]=!0),a[i].c.trigger("revolution.slide.waitingforinit"),void(a[i].waitingForInit=!0);window.requestAnimationFrame((function(){h(i)})),a[i].initEnded=!0}},p=function(){e("body").data("rs-fullScreenMode",!e("body").data("rs-fullScreenMode")),e("body").data("rs-fullScreenMode")&&setTimeout((function(){a.window.trigger("resize")}),200)},g=function(e,i,r){return a.gA(e,"lazyload")!==t?a.gA(e,"lazyload"):a[r].lazyloaddata!==t&&a[r].lazyloaddata.length>0&&a.gA(e,a[r].lazyloaddata)!==t?a.gA(e,a[r].lazyloaddata):a.gA(e,"lazy-src")!==t?a.gA(e,"lazy-src"):a.gA(e,"lazy-wpfc-original-src")!==t?a.gA(e,"lazy-wpfc-original-src"):a.gA(e,"lazy")!==t?a.gA(e,"lazy"):i},u=function(t,i){return e(0==i?t:1==i?t.parentNode:2==i?t.parentNode.parentNode:3==i?t.parentNode.parentNode.parentNode:4==i?t.parentNode.parentNode.parentNode.parentNode:t.parentNode.parentNode.parentNode.parentNode.parentNode)},h=function(i){if(a[i]!==t){a[i].sliderisrunning=!0,!0!==a[i].noDetach&&a[i].c.detach();var r=a[i].canvas.find("rs-slide:first-child");if(a[i].shuffle){for(var o=a.gA(r[0],"firstanim"),s=0;s<a[i].slideamount;s++)a[i].canvas.find("rs-slide:eq("+Math.round(Math.random()*a[i].slideamount)+")").prependTo(a[i].canvas);a.sA(a[i].canvas.find("rs-slide:first-child")[0],"firstanim",o)}a[i].slides=a.getByTag(a[i].canvas[0],"RS-SLIDE"),a[i].thumbs=new Array(a[i].slides.length),a[i].slots=1,a[i].firststart=1,a[i].loadqueue=[],a[i].syncload=0;var n=0,l="carousel"===a[i].sliderType&&a[i].carousel.border_radius!==t?parseInt(a[i].carousel.border_radius,0):0;for(var d in"carousel"!==a[i].sliderType&&tpGS.gsap.set(a[i].slides,{display:"none"}),"carousel"!==a[i].sliderType&&tpGS.gsap.set(r,{display:"block"}),a[i].slides)if(a[i].slides.hasOwnProperty(d)&&"length"!==d){var c=a[i].slides[d],h=a.getByTag(c,"IMG")[0];a.gA(c,"key")===t&&a.sA(c,"key","rs-"+Math.round(999999*Math.random()));var m={params:Array(12),id:a.gA(c,"key"),src:a.gA(c,"thumb")!==t?a.gA(c,"thumb"):g(h,h!==t?h.src:t,i)};a.gA(c,"title")===t&&a.sA(c,"title",""),a.gA(c,"description")===t&&a.sA(c,"description",""),m.params[0]={from:RegExp("\\{\\{title\\}\\}","g"),to:a.gA(c,"title")},m.params[1]={from:RegExp("\\{\\{description\\}\\}","g"),to:a.gA(c,"description")};for(var f=1;f<=10;f++)a.gA(c,"p"+f)!==t?m.params[f+1]={from:RegExp("\\{\\{param"+f+"\\}\\}","g"),to:a.gA(c,"p"+f)}:m.params[f+1]={from:RegExp("\\{\\{param"+f+"\\}\\}","g"),to:""};if(a[i].thumbs[n]=e.extend({},!0,m),l>0&&tpGS.gsap.set(c,{borderRadius:l+"px"}),a.gA(c,"link")!=t||a.gA(c,"linktoslide")!==t){var w=a.gA(c,"link"),b=w!==t?w:"slide",_="slide"!=b?"no":a.gA(c,"linktoslide"),S=a.gA(c,"seoz"),x=a.gA(c,"tag");if(_!=t&&"no"!=_&&"next"!=_&&"prev"!=_)for(var k in a[i].slides)a[i].slides.hasOwnProperty(k)&&parseInt(a.gA(a[i].slides[k],"origindex"),0)+1==a.gA(c,"linktoslide")&&(_=a.gA(a[i].slides[k],"key"));"slide"==b||"a"!=x?e(c).prepend('<rs-layer class="rs-layer slidelink" id="rs_slidelink_'+Math.round(1e5*Math.random())+'" data-zindex="'+("back"===S?0:"front"===S?95:S!==t?parseInt(S,0):100)+'" dataxy="x:c;y:c" data-dim="w:100%;h:100%" data-basealign="slide"'+("no"==_?"slide"==b||a.ISM?"":"  data-actions='o:click;a:simplelink;target:"+(a.gA(c,"target")||"_self")+";url:"+b+";'":"  data-actions='"+("scroll_under"===_?"o:click;a:scrollbelow;offset:100px;":"prev"===_?"o:click;a:jumptoslide;slide:prev;d:0.2;":"next"===_?"o:click;a:jumptoslide;slide:next;d:0.2;":"o:click;a:jumptoslide;slide:"+_+";d:0.2;")+"'")+" data-frame_1='e:power3.inOut;st:100;sp:100' data-frame_999='e:power3.inOut;o:0;st:w;sp:100'>"+(a.ISM?"<a "+("slide"!=b?("_blank"===a.gA(c,"target")?'rel="noopener" ':"")+'target="'+(a.gA(c,"target")||"_self")+'" href="'+b+'"':"")+"><span></span></a>":"")+"</rs-layer>"):e(c).prepend('<a class="rs-layer slidelink" id="rs_slidelink_'+Math.round(1e5*Math.random())+'" data-zindex="'+("back"===S?0:"front"===S?95:S!==t?parseInt(S,0):100)+'" dataxy="x:c;y:c" data-dim="w:100%;h:100%" data-basealign="slide" href="'+b+'" target="'+(a.gA(c,"target")||"_self")+'" rel="noopener" data-frame_1="e:power3.inOut;st:100;sp:100" data-frame_999="e:power3.inOut;o:0;st:w;sp:100"><span></span></a>')}n++}if(a[i].simplifyAll&&(a.isIE(8)||a.iOSVersion())&&(a[i].c.find(".rs-layer").each((function(){var t=e(this);t.removeClass("customin customout").addClass("fadein fadeout"),t.data("splitin",""),t.data("speed",400)})),a[i].c.find("rs-slide").each((function(){var t=e(this);t.data("transition","fade"),t.data("masterspeed",500),t.data("slotamount",1),(t.find(".rev-slidebg")||t.find(">img").first()).data("panzoom",null)}))),window._rs_desktop=window._rs_desktop===t?!navigator.userAgent.match(/(iPhone|iPod|iPad|Android|BlackBerry|BB10|mobi|tablet|opera mini|nexus 7)/i):window._rs_desktop,a[i].autoHeight="fullscreen"==a[i].sliderLayout||a[i].autoHeight,"fullwidth"!=a[i].sliderLayout||a[i].autoHeight||"carousel"===a[i].sliderType&&"v"===a[i].carousel.orientation||a[i].c.css({maxHeight:a[i].gridheight[a[i].level]+"px"}),"auto"==a[i].sliderLayout||null!==a.closestNode(a[i].c[0],"RS-FULLWIDTH-WRAP")||"fullscreen"===a[i].sliderLayout&&1==a[i].disableForceFullWidth)a[i].topc=a[i].cpar;else{var R=a[i].cpar[0].style.marginTop,O=a[i].cpar[0].style.marginBottom;a[i].rsFullWidthWrapMarginBottom=parseInt(O,0),R=R===t||""===R?"":"margin-top:"+R+";",O=O===t||""===O?"":"margin-bottom:"+O+";",a[i].rsFullWidthWrap=a[i].topc=e('<rs-fullwidth-wrap id="'+a[i].c[0].id+'_forcefullwidth" style="'+R+O+'"></rs-fullwidth-wrap>'),a[i].forcer=e('<rs-fw-forcer style="height:'+(a[i].forcerHeight===t?a[i].cpar.height():a[i].forcerHeight)+'px"></rs-fw-forcer>'),a[i].topc.append(a[i].forcer),a[i].topc.insertBefore(a[i].cpar),a[i].cpar.detach(),a[i].cpar.css({marginTop:"0px",marginBottom:"0px",position:"absolute"}),a[i].cpar.prependTo(a[i].topc)}if(a[i].forceOverflow?a[i].topc[0].classList.add("rs-forceoverflow"):"3D"===a[i].parallax.type&&a[i].topc[0].classList.add("rs-parallax-hidden-of"),"carousel"===a[i].sliderType&&!0!==a[i].overflowHidden&&a[i].c.css({overflow:"visible"}),0!==a[i].maxHeight&&tpGS.gsap.set([a[i].cpar,a[i].c,a[i].topc],{maxHeight:a[i].maxHeight+"px"}),a[i].fixedOnTop&&tpGS.gsap.set(a[i].blockSpacing!==t&&a[i].blockSpacing.block!==t?a[i].blockSpacing.block:a[i].topc,{position:"fixed",top:"0px",left:"0px",pointerEvents:"none",zIndex:5e3}),a[i].shadow!==t&&a[i].shadow>0&&a[i].cpar.addClass("tp-shadow"+a[i].shadow).append('<div class="tp-shadowcover" style="background-color:'+a[i].cpar.css("backgroundColor")+";background-image:"+a[i].cpar.css("backgroundImage")+'"></div>'),a.updateDims(i,"prepared"),a.observeWraps===t&&(a.observeWraps=new a.wrapObserver.init((function(e,i){v(i,t,!0)}))),!a[i].c.hasClass("revslider-initialised")){a[i].c[0].classList.add("revslider-initialised"),a[i].c[0].id=a[i].c[0].id===t?"revslider-"+Math.round(1e3*Math.random()+5):a[i].c[0].id,a.revCheckIDS(i,a[i].c[0]),a[i].origcd=parseInt(a[i].duration,0),a[i].scrolleffect._L=[],a[i].sbas=a[i].sbas===t?{}:a[i].sbas,a[i].layers=a[i].layers||{},a[i].sortedLayers=a[i].sortedLayers||{};var L=a[i].c[0].querySelectorAll("rs-layer, rs-row, rs-column, rs-group,  rs-bgvideo, .rs-layer");for(var I in L)if(L.hasOwnProperty(I)){!a.ISM&&L[I].classList.contains("iospermaccwait")&&L[I].remove();var M,T,C=e(L[I]),A=C.data();if(A.startclasses=L[I].className,A.startclasses=A.startclasses===t||null===A.startclasses?"":A.startclasses,A.animationonscroll=!!a[i].sbtimeline.set&&a[i].sbtimeline.layers,A.animationonscroll=!0===A.animationonscroll||"true"==A.animationonscroll,A.filteronscroll=!!a[i].scrolleffect.set&&a[i].scrolleffect.layers,A.pxundermask=A.startclasses.indexOf("rs-pxmask")>=0&&"off"!==a[i].parallax.type&&A.startclasses.indexOf("rs-pxl-")>=0,A.noPevents=A.startclasses.indexOf("rs-noevents")>=0,A.sba)for(var f in M=A.sba.split(";"))M.hasOwnProperty(f)&&("t"==(T=M[f].split(":"))[0]&&(A.animationonscroll=T[1],"false"==T[1]&&(A.animOnScrollForceDisable=!0)),"e"==T[0]&&(A.filteronscroll=T[1]),"so"==T[0]&&(A.scrollBasedOffset=parseInt(T[1])/1e3));if("true"!=A.animationonscroll&&1!=A.animationonscroll||(A.startclasses+=" rs-sba",C[0].className+=" rs-sba"),A.startclasses.indexOf("rs-layer-static")>=0&&a.handleStaticLayers&&a.handleStaticLayers(C,i),"RS-BGVIDEO"!==C[0].tagName){if(C[0].classList.add("rs-layer"),"column"===A.type&&(A.columnwidth="33.33%",A.verticalalign="top",A.column!==t))for(var D in M=A.column.split(";"))M.hasOwnProperty(D)&&("w"===(T=M[D].split(":"))[0]&&(A.columnwidth=T[1]),"a"===T[0]&&(A.verticalalign=T[1]));if("group"===A.type&&(A.verticalalign="top",A.column!==t))for(var D in M=A.column.split(";"))M.hasOwnProperty(D)&&"a"===(T=M[D].split(":"))[0]&&(A.verticalalign=T[1]);var P=A.startclasses.indexOf("slidelink")>=0?"z-index:"+A.zindex+";width:100% !important;height:100% !important;":"",B="column"!==A.type&&"group"!==A.type?"":A.verticalalign===t?" vertical-align:top;":" vertical-align:"+A.verticalalign+";",H="row"===A.type||"column"===A.type||"r"===A.pos?"position:relative;":"position:absolute;",z="",W="row"===A.type?"rs-row-wrap":"column"===A.type?"rs-column-wrap":"group"===A.type?"rs-group-wrap":"rs-layer-wrap",E="",N="",j=(A.noPevents,";pointer-events:none");"row"===A.type||"column"===A.type||"group"===A.type?(C[0].classList.remove("tp-resizeme"),"column"===A.type&&(A.width="auto",C[0].group="row",tpGS.gsap.set(C,{width:"auto"}),A.filteronscroll=!1)):(E="display:"+("inline-block"===C[0].style.display?"inline-block":"block")+";",null!==a.closestNode(C[0],"RS-COLUMN")?(C[0].group="column",A.filteronscroll=!1):null!==a.closestNode(C[0],"RS-GROUP-WRAP")&&(C[0].group="group",A.filteronscroll=!1)),A.wrpcls!==t&&(z=z+" "+A.wrpcls),A.wrpid!==t&&(N='id="'+A.wrpid+'"'),A.thFixed=A.wrpcls!==t&&A.wrpcls.includes("th-fixed")||A.startclasses!==t&&A.startclasses.includes("ddd_mousebox"),A.reqWrp={loop:!(1!=a[i].rtl&&!A.thFixed&&A.loop_0===t&&A.loop_999===t),level:{m:0,lp:0,p:0}},A.perspFix=window.isSafari11&&(A.btrans!==t&&A.btrans.includes("iosfx:p")||"carousel"===a[i].sliderType&&!L[I].classList.contains("rs-mtrap")),A.reqWrp.mask=!!(A.perspFix||A.reqWrp.loop||1==a[i].rtl||A.pxundermask||A.thFixed||A.btrans!==t||A.frame_hover!==t&&A.frame_hover.includes("m:t")||A.clip!==t||A.sba!==t||A.frame_0_sfx!==t||A.frame_1_sfx!==t||A.frame_999_sfx!==t||A.frame_0_mask!==t||A.frame_1_mask!==t||A.frame_2_mask!==t||A.frame_3_mask!==t||A.frame_4_mask!==t||A.frame_999_mask!==t),A.reqWrp.level.m=A.pxundermask?2:A.reqWrp.mask?1:0,A.reqWrp.level.lp=A.reqWrp.level.m+(A.reqWrp.loop?1:0),A.reqWrp.level.p=A.reqWrp.level.lp+1,A.perspFix&&(P+="transform:perspective(600px);"),C.wrap("<"+W+" "+N+' class="rs-parallax-wrap '+z+'" style="'+B+" "+P+H+E+j+'">'+(A.reqWrp.loop?'<rs-loop-wrap style="'+P+H+E+'">':"")+(A.reqWrp.mask?'<rs-mask-wrap style="'+P+H+E+'">':"")+(A.pxundermask?"<rs-px-mask></rs-px-mask>":"")+(A.reqWrp.mask?"</rs-mask-wrap>":"")+(A.reqWrp.loop?"</rs-loop-wrap>":"")+"</"+W+">"),!0!==A.filteronscroll&&"true"!=A.filteronscroll||a[i].scrolleffect._L.push(C.parent()),C[0].id=C[0].id===t?"layer-"+Math.round(999999999*Math.random()):C[0].id,a.revCheckIDS(i,C[0]),a[i]._Lshortcuts[C[0].id]={p:u(C[0],A.reqWrp.level.p),lp:u(C[0],A.reqWrp.level.lp),m:u(C[0],A.reqWrp.level.m)},"column"!==A.type||""==C[0].style.background&&""===C[0].style.backgroundColor&&""===C[0].style.backgroundImage&&A.border===t?A.cbgexists=!1:(a[i]._Lshortcuts[C[0].id].p.append('<rs-cbg-mask-wrap><rs-column-bg id="'+C[0].id+'_rs_cbg"></rs-column-bg></rs-cbg-mask-wrap>'),A.cbgexists=!0),"text"===A.type&&a.getByTag(C[0],"IFRAME").length>0&&(a[i].slideHasIframe=!0,C[0].classList.add("rs-ii-o")),a[i].BUG_safari_clipPath&&"true"!=A.animationonscroll&&1!=A.animationonscroll&&C[0].classList.add("rs-pelock"),C[0].dataset.staticz!==t&&"row"!==A.type&&"row"!==C[0].group&&"column"!==C[0].group&&a.addStaticLayerTo(i,C[0].dataset.staticz,a[i]._Lshortcuts[C[0].id].p)}a.gA(C[0],"actions")&&a.checkActions&&a.checkActions(C,i,a[i]),!a.checkVideoApis||window.rs_addedvim&&window.rs_addedyt||a[i].youtubeapineeded&&a[i].vimeoapineeded||a.checkVideoApis(C,i)}a.checkActions&&a.checkActions(t,i),a[i].c[0].addEventListener("mousedown",(function(){if(!0!==a[i].onceClicked&&(a[i].onceClicked=!0,!0!==a[i].onceVideoPlayed&&a[i].activeRSSlide!==t&&a[i].slides!==t&&a[i].slides[a[i].activeRSSlide]!==t)){var r=e(a[i].slides[a[i].activeRSSlide]).find("rs-bgvideo");r!==t&&null!==r&&r.length>0&&a.playVideo(r,i)}})),a[i].c[0].addEventListener("mouseenter",(function(){a[i].c.trigger("tp-mouseenter"),a[i].overcontainer=!0}),{passive:!0}),a[i].c[0].addEventListener("mouseover",(function(){a[i].c.trigger("tp-mouseover"),a[i].overcontainer=!0}),{passive:!0}),a[i].c[0].addEventListener("mouseleave",(function(){a[i].c.trigger("tp-mouseleft"),a[i].overcontainer=!1}),{passive:!0}),a[i].c.find(".rs-layer video").each((function(t){var i=e(this);i.removeClass("video-js vjs-default-skin"),i.attr("preload",""),i.css({display:"none"})})),a[i].rs_static_layer=a.getByTag(a[i].c[0],"RS-STATIC-LAYERS"),a.preLoadAudio&&a[i].rs_static_layer.length>0&&a.preLoadAudio(e(a[i].rs_static_layer),i,1),a[i].rs_static_layer.length>0&&(a.loadImages(a[i].rs_static_layer[0],i,0,!0),a.waitForCurrentImages(a[i].rs_static_layer[0],i,(function(){a[i]!==t&&a[i].c.find("rs-static-layers img").each((function(){this.src=a.getLoadObj(i,a.gA(this,"src")!=t?a.gA(this,"src"):this.src).src}))}))),a[i].rowzones=[],a[i].rowzonesHeights=[],a[i].topZones=[],a[i].middleZones=[],a[i].bottomZones=[],a[i].rowMiddleHeights={};var V=a.deepLink(i,F("#")[0]);V!==t&&(a[i].startWithSlide=V,a[i].deepLinkListener=!0,window.addEventListener("hashchange",(function(){if(!0!==a[i].ignoreDeeplinkChange){var e=a.deepLink(i,F("#")[0]);e!==t&&a.callingNewSlide(i,e,!0)}a[i].ignoreDeeplinkChange=!1}))),a[i].loader=a.buildSpinner(i,a[i].spinner,a[i].spinnerclr),a[i].loaderVisible=!0,a[i].c.append(a[i].loader),y(i),("off"!==a[i].parallax.type||a[i].scrolleffect.set||a[i].sbtimeline.set)&&a.checkForParallax&&a.checkForParallax(i),a[i].fallbacks.disableFocusListener||"true"==a[i].fallbacks.disableFocusListener||!0===a[i].fallbacks.disableFocusListener||(a[i].c.addClass("rev_redraw_on_blurfocus"),G());var X=a[i].viewPort;for(var f in"on"===a[i].navigation.mouseScrollNavigation&&(X.enable=!0),a[i].slides)if(a[i].slides.hasOwnProperty(f)){var U=e(a[i].slides[f]);a[i].rowzones[f]=[],a[i].rowzonesHeights[f]=[],a[i].topZones[f]=[],a[i].middleZones[f]=[],a[i].bottomZones[f]=[],U.find("rs-zone").each((function(){a[i].rowzones[f].push(e(this)),this.className.indexOf("rev_row_zone_top")>=0&&a[i].topZones[f].push(this),this.className.indexOf("rev_row_zone_middle")>=0&&(a[i].middleZones[f].push(this),this.dataset.middle="true"),this.className.indexOf("rev_row_zone_bottom")>=0&&a[i].bottomZones[f].push(this)}))}a.lazyLoadAllSlides(i),a[i].srowzones=[],a[i].smiddleZones=[],a[i].slayers&&a[i].slayers.find("rs-zone").each((function(){a[i].srowzones.push(e(this)),this.className.indexOf("rev_row_zone_middle")>=0&&(a[i].smiddleZones.push(this),this.dataset.middle="true")})),"carousel"===a[i].sliderType&&tpGS.gsap.set(a[i].canvas,{scale:1,perspective:1200,transformStyle:"flat",opacity:0}),a[i].c.prependTo(a[i].cpar),e("body").data("rs-fullScreenMode",!1),window.addEventListener("fullscreenchange",p,{passive:!0}),window.addEventListener("mozfullscreenchange",p,{passive:!0}),window.addEventListener("webkitfullscreenchange",p,{passive:!0}),a.document.on("updateContainerSizes."+a[i].c.attr("id"),(function(){if(a[i]!==t)return a[i].c!=t&&void(a.updateDims(i,"ignore")&&window.requestAnimationFrame((function(){a.updateDims(i,"ignore"),a[i].fullScreenMode=a.checkfullscreenEnabled(i),a.lastwindowheight=a.getWinH(i),v(i)})))})),X.presize&&(a[i].pr_next_slide=e(a[i].slides[0]),a.loadImages(a[i].pr_next_slide[0],i,0,!0),a.waitForCurrentImages(a[i].pr_next_slide.find(".tp-layers"),i,(function(){a.animateTheLayers&&a.animateTheLayers({slide:a[i].pr_next_key,id:i,mode:"preset",caller:"runSlider"})}))),("off"!=a[i].parallax.type||a[i].sbtimeline.set||!0===X.enable)&&a.scrollTicker(i),!0!==X.enable&&(a[i].inviewport=!0,a.enterViewPort(i)),a.RS_toInit!==t&&(a.RS_toInit[i]=!0),a[i].observeWrap&&a.observeWraps&&a.wrapObserver.observe(a[i].rsFullWidthWrap!==t?a[i].rsFullWidthWrap[0]:a[i].cpar[0],i)}}},m=function(e,i){a.winW<a[e].hideSliderAtLimit?(a[e].c.trigger("stoptimer"),!0!==a[e].sliderIsHidden&&(a.sA(a[e].cpar[0],"displaycache","none"!=a[e].cpar.css("display")?a[e].cpar.css("display"):a.gA(a[e].cpar[0],"displaycache")),a[e].cpar.css({display:"none"}),a[e].sliderIsHidden=!0)):(!0===a[e].sliderIsHidden||a[e].sliderIsHidden===t&&a[e].c.is(":hidden"))&&i&&(a[e].cpar[0].style.display=a.gA(a[e].cpar[0],"displaycache")!=t&&"none"!=a.gA(a[e].cpar[0],"displaycache")?a.gA(a[e].cpar[0],"displaycache"):"block",a[e].sliderIsHidden=!1,a[e].c.trigger("restarttimer"),window.requestAnimationFrame((function(){v(e,!0)}))),a.hideUnHideNav&&a[e].navigation.use&&a.hideUnHideNav(e)},v=function(e,i,r){if(a[e].c===t)return!1;if(a[e].dimensionReCheck={},a[e].c.trigger("revolution.slide.beforeredraw"),1==a[e].infullscreenmode&&(a[e].minHeight=a.getWinH(e)),a.ISM&&(a[e].lastMobileHeight=a.getWinH(e)),r&&a.updateDims(e),!a.resizeThumbsTabs||!0===a.resizeThumbsTabs(e)){if(window.requestAnimationFrame((function(){m(e,!0!==i),M(e)})),a[e].started){if("carousel"==a[e].sliderType)for(var o in a.prepareCarousel(e),a[e].sbgs)a[e].sbgs.hasOwnProperty(o)&&a[e].sbgs[o].mDIM!==t&&a.updateSlideBGs(e,a[e].sbgs[o].key,a[e].sbgs[o]);else a.updateSlideBGs(e);if("carousel"===a[e].sliderType&&(a[e].carCheckconW!=a[e].canv.width||"fullscreen"==a[e].sliderLayout&&a[e].carCheckconH!=a[e].canv.height)){for(var s in clearTimeout(a[e].pcartimer),a[e].sbgs)a[e].sbgs[s].loadobj!==t&&a.updateSlideBGs(e,a[e].sbgs[s].key,a[e].sbgs[s]);"v"==a[e].carousel.orientation&&tpGS.gsap.set(a[e].canvas,{height:a[e].carousel.slide_height}),requestAnimationFrame((function(){a.prepareCarousel(e),a.animateTheLayers({slide:"individual",id:e,mode:"rebuild",caller:"containerResized_1"}),a[e].carCheckconW=a[e].canv.width,a[e].carCheckconH=a[e].canv.height})),a[e].lastconw=a[e].canv.width}if(a[e].pr_processing_key!==t?a.animateTheLayers({slide:a[e].pr_processing_key,id:e,mode:"rebuild",caller:"containerResized_2"}):a[e].pr_active_key!==t&&a.animateTheLayers({slide:a[e].pr_active_key,id:e,mode:"rebuild",caller:"containerResized_3"}),"carousel"===a[e].sliderType){for(var s in a[e].panzoomTLs)if(a[e].panzoomTLs.hasOwnProperty(s)){var n=a.gA(a[e].panzoomBGs[s][0],"key");a.startPanZoom(a[e].panzoomBGs[s],e,a[e].panzoomTLs[s].progress(),s,a[e].panzoomTLs[s].isActive()?"play":"reset",n)}}else a[e].pr_active_bg!==t&&a[e].pr_active_bg[0]!==t&&f(e,a[e].pr_active_bg,a[e].pr_active_bg[0].dataset.key),a[e].pr_next_bg!==t&&a[e].pr_next_bg[0]!==t&&f(e,a[e].pr_next_bg,a[e].pr_next_bg[0].dataset.key);clearTimeout(a[e].mNavigTimeout),a.manageNavigation&&(a[e].mNavigTimeout=setTimeout((function(){a.manageNavigation(e)}),20))}a.prepareCoveredVideo(e)}a[e].c.trigger("revolution.slide.afterdraw",[{id:e}])},f=function(e,i,r){if(a[e].panzoomTLs!==t){var o=a.getSlideIndex(e,r);a.startPanZoom(i,e,a[e].panzoomTLs[o]!==t?a[e].panzoomTLs[o].progress():0,o,"play",r)}},y=function(i){!0!==a[i].noDetach&&a[i].canvas.detach();var r=a.isFaceBook()?"visible":"hidden";if(a[i].autoHeight&&tpGS.gsap.set([a[i].c,a[i].cpar],{maxHeight:"none"}),tpGS.gsap.set(a[i].canvas,a[i].modal!==t&&a[i].modal.useAsModal?{overflow:r,width:"100%",height:"100%"}:{overflow:r,width:"100%",height:"100%",maxHeight:a[i].autoHeight?"none":a[i].cpar.css("maxHeight")}),"carousel"===a[i].sliderType){var o="margin-top:"+parseInt(a[i].carousel.padding_top||0,0)+"px;";a[i].canvas.css({overflow:"visible"}).wrap('<rs-carousel-wrap style="'+o+'"></rs-carousel-wrap>'),a[i].cpar.prepend("<rs-carousel-space></rs-carousel-space>").append("<rs-carousel-space></rs-carousel-space>"),a.defineCarouselElements(i)}a[i].startWithSlide=a[i].startWithSlide===t?t:Math.max(1,(a[i].sliderType,parseInt(a[i].startWithSlide))),a[i].cpar.css({overflow:"visible"}),a[i].scrolleffect.bgs=[];for(var s=0;s<a[i].slides.length;s++){var n=e(a[i].slides[s]),l=a.gA(n[0],"key"),d=n.find(".rev-slidebg")||n.find(">img"),c=a[i].sbgs[l]=w(d.data(),i),p=n.data("mediafilter");if(c.skeyindex=a.getSlideIndex(i,l),c.bgvid=n.find("rs-bgvideo"),d.detach(),c.bgvid.detach(),(a[i].startWithSlide!=t&&a.gA(a[i].slides[s],"originalindex")==a[i].startWithSlide||a[i].startWithSlide===t&&0==s)&&(a[i].pr_next_key=a[i].carousel.focused=n.index()),tpGS.gsap.set(n,{width:"100%",height:"100%",overflow:r}),d.wrap('<rs-sbg-px><rs-sbg-wrap data-key="'+l+'"></rs-sbg-wrap></rs-sbg-px>'),c.wrap=e(a.closestNode(d[0],"RS-SBG-WRAP")),c.src=d[0].src,c.lazyload=c.lazyload=g(d[0],t,i),c.slidebgimage=!0,c.loadobj=c.loadobj===t?{}:c.loadobj,c.mediafilter=p="none"===p||p===t?"":p,c.sbg=document.createElement("rs-sbg"),c.sbg.alt=d[0].alt,a[i].overlay!==t&&"none"!=a[i].overlay.type&&a[i].overlay.type!=t){var u=a.createOverlay(i,a[i].overlay.type,a[i].overlay.size,{0:a[i].overlay.colora,1:a[i].overlay.colorb}),h=document.createElement("rs-dotted");h.style.backgroundImage=u,c.wrap.append(h),c.overlay=h}d.data("mediafilter",p),c.canvas=document.createElement("canvas"),c.sbg.appendChild(c.canvas),c.canvas.style.width="100%",c.canvas.style.height="100%",c.ctx=c.canvas.getContext("2d"),c.lazyload!==t&&(c.sbg.dataset.lazyload=c.lazyload),c.sbg.className=p,c.sbg.src=c.src,c.sbg.dataset.bgcolor=c.bgcolor,c.sbg.style.width="100%",c.sbg.style.height="100%",c.key=l,c.wrap[0].dataset.key=l,e(c.sbg).data(c),c.wrap.data(c),c.wrap[0].appendChild(c.sbg);var m=document.createComment("Runtime Modification - Img tag is Still Available for SEO Goals in Source - "+d.get(0).outerHTML);d.replaceWith(m),a.gA(n[0],"sba")===t&&a.sA(n[0],"sba","");var v={},f=a.gA(n[0],"sba").split(";");for(var y in f)if(f.hasOwnProperty(y)){var b=f[y].split(":");switch(b[0]){case"f":v.f=b[1];break;case"b":v.b=b[1];break;case"g":v.g=b[1];break;case"t":v.s=b[1]}}a.sA(n[0],"scroll-based",!!a[i].sbtimeline.set&&(v.s!==t&&v.s)),c.bgvid.length>0&&(c.bgvidid=c.bgvid[0].id,c.animateDirection="idle",c.bgvid.addClass("defaultvid").css({zIndex:30}),p!==t&&""!==p&&"none"!==p&&c.bgvid.addClass(p),c.bgvid.appendTo(c.wrap),c.parallax!=t&&(c.bgvid.data("parallax",c.parallax),c.bgvid.data("showcoveronpause","on"),c.bgvid.data("mediafilter",p)),c.poster=!1,(c.src!==t&&-1==c.src.indexOf("assets/dummy.png")&&-1==c.src.indexOf("assets/transparent.png")||c.lazyload!==t&&-1==c.lazyload.indexOf("assets/transparent.png")&&-1==c.lazyload.indexOf("assets/dummy.png"))&&(c.poster=!0),c.bgvid.data("bgvideo",1),c.bgvid[0].dataset.key=l,0==c.bgvid.find(".rs-fullvideo-cover").length&&c.bgvid.append('<div class="rs-fullvideo-cover"></div>')),a[i].scrolleffect.set?(a[i].scrolleffect.bgs.push({fade:v.f!==t?v.f:!!a[i].scrolleffect.slide&&a[i].scrolleffect.fade,blur:v.b!==t?v.b:!!a[i].scrolleffect.slide&&a[i].scrolleffect.blur,grayscale:v.g!==t?v.g:!!a[i].scrolleffect.slide&&a[i].scrolleffect.grayscale,c:c.wrap.wrap("<rs-sbg-effectwrap></rs-sbg-effectwrap>").parent()}),n.prepend(c.wrap.parent().parent())):n.prepend(c.wrap.parent())}"carousel"===a[i].sliderType?(tpGS.gsap.set(a[i].carousel.wrap,{opacity:0}),a[i].c[0].appendChild(a[i].carousel.wrap[0])):a[i].c[0].appendChild(a[i].canvas[0])},w=function(i,r){i.bg=i.bg===t?"":i.bg;var o=i.bg.split(";"),s={bgposition:"50% 50%",bgfit:"cover",bgrepeat:"no-repeat",bgcolor:"transparent"};for(var n in o)if(o.hasOwnProperty(n)){var l=o[n].split(":"),d=l[0],c=l[1],p="";switch(d){case"p":p="bgposition";break;case"f":p="bgfit";break;case"r":p="bgrepeat";break;case"c":p="bgcolor"}p!==t&&(s[p]=c)}return a[r].fallbacks.panZoomDisableOnMobile&&a.ISM&&(s.panzoom=t,s.bgfit="cover",i.panzoom=t),e.extend(!0,i,s)},b=function(e,i,r){if(a[i]!==t){a[i].syncload--;var o=a.gA(e,"reference");for(var s in a[i].loadqueue)a[i].loadqueue.hasOwnProperty(s)&&"loaded"!==a[i].loadqueue[s].progress&&o==a[i].loadqueue[s].src&&(a[i].loadqueue[s].img=e,a[i].loadqueue[s].progress=r,a[i].loadqueue[s].width=e.naturalWidth,a[i].loadqueue[s].height=e.naturalHeight);_(i)}},_=function(i){4!=a[i].syncload&&a[i].loadqueue&&e.each(a[i].loadqueue,(function(r,o){if("prepared"==o.progress&&a[i].syncload<=4){if(a[i].syncload++,"img"==o.type){var s=new Image;a.sA(s,"reference",o.src),"RS-SBG"==o.img.tagName&&o.img&&o.img.alt&&(s.alt=o.img.alt),!/^([\w]+\:)?\/\//.test(o.src)||-1!==o.src.indexOf(location.host)&&-1===o.src.indexOf("."+location.host)||""===a[i].imgCrossOrigin||a[i].imgCrossOrigin===t||(s.crossOrigin=a[i].imgCrossOrigin),s.onload=function(){b(this,i,"loaded"),o.error=!1},s.onerror=function(){s.failedOnce||(s.failedOnce=!0,delete s.crossOrigin,s.removeAttribute("crossorigin"),s.src=o.src,b(this,i,"failed"),o.error=!0)},s.src=o.src,o.starttoload=Date.now()}else e.get(o.src,(function(e){o.innerHTML=(new XMLSerializer).serializeToString(e.documentElement),o.progress="loaded",a[i].syncload--,_(i)})).fail((function(){o.progress="failed",a[i].syncload--,_(i)}));o.progress="inload"}}))},S=function(e,t){return console.log("Static Image "+e+"  Could not be loaded in time. Error Exists:"+t),!0},x=function(e,t){if(Date.now()-a[t][e+"starttime"]>5e3&&1!=a[t][e+"warning"]){a[t][e+"warning"]=!0;var i=e+" Api Could not be loaded !";"https:"===location.protocol&&(i+=" Please Check and Renew SSL Certificate !"),console.error(i),a[t].c.append('<div style="position:absolute;top:50%;width:100%;color:#e74c3c;  font-size:16px; text-align:center; padding:15px;background:#000; display:block;"><strong>'+i+"</strong></div>")}return!0},k=function(i){if(a[i]!==t){var r=a[i];if(a[i].pr_active_slide=e(a[i].slides[a[i].pr_active_key]),a[i].pr_next_slide=e(a[i].slides[a[i].pr_processing_key]),a[i].pr_active_bg=a[i].pr_active_slide.find("rs-sbg-wrap"),a[i].pr_next_bg=a[i].pr_next_slide.find("rs-sbg-wrap"),a[i].pr_active_bg!==t&&a[i].pr_active_bg.length>0&&tpGS.gsap.to(a[i].pr_active_bg,.5,{opacity:0}),a[i].pr_next_bg!==t&&a[i].pr_next_bg.length>0&&tpGS.gsap.to(a[i].pr_next_bg,.5,{opacity:0}),tpGS.gsap.set(a[i].pr_active_slide,{zIndex:18}),a[i].pr_next_slide!==t&&a[i].pr_next_slide.length>0&&tpGS.gsap.set(a[i].pr_next_slide,{autoAlpha:0,zIndex:20}),a[i].tonpause=!1,"carousel"===r.sliderType&&"all"===r.carousel.showLayersAllTime)for(var o=0;o<a[i].slides.length;o++){var s=a[i].slides[o].dataset.key;a[i].layers[s]=a.getLayersInSlide(e(a[i].slides[o]),"rs-layer","carousel"),a[i].pr_active_key!==s&&a.removeTheLayers(e(a[i].slides[o]),i,!0)}a[i].pr_active_key!==t&&a.removeTheLayers(a[i].pr_active_slide,i,!0),a[i].firststart=1,setTimeout((function(){delete a[i].pr_active_key,delete a[i].pr_processing_key}),200)}},R=function(i,r,o){if(a[i]!==t)if(clearTimeout(a[i].waitWithSwapSlide),a[i].pr_processing_key===t||!0!==a[i].firstSlideShown){if(clearTimeout(a[i].waitWithSwapSlide),a[i].startWithSlideKey!==t&&(a[i].pr_next_key=a.getComingSlide(i,a[i].startWithSlideKey).nindex,a[i].startedWithOtherSlide=!0,delete a[i].startWithSlideKey),a[i].pr_active_slide=e(a[i].slides[a[i].pr_active_key]),a[i].pr_next_slide=e(a[i].slides[a[i].pr_next_key]),a[i].pr_next_key==a[i].pr_active_key)return delete a[i].pr_next_key;var s=a.gA(a[i].pr_next_slide[0],"key");a[i].sbgs[s]!==t&&a[i].sbgs[s].bgvid&&a[i].sbgs[s].bgvid.length>0&&(a[i].videos==t||a[i].videos[a[i].sbgs[s].bgvid[0].id]===t)&&a.manageVideoLayer(a[i].sbgs[s].bgvid,i,s),a[i].pr_processing_key=a[i].pr_next_key,a[i].pr_cache_pr_next_key=a[i].pr_next_key,delete a[i].pr_next_key,a[i].pr_next_slide!==t&&a[i].pr_next_slide[0]!==t&&a.gA(a[i].pr_next_slide[0],"hal")!==t&&a.sA(a[i].pr_next_slide[0],"sofacounter",a.gA(a[i].pr_next_slide[0],"sofacounter")===t?1:parseInt(a.gA(a[i].pr_next_slide[0],"sofacounter"),0)+1),a[i].stopLoop&&a[i].pr_processing_key==a[i].lastslidetoshow-1&&(a[i].progressC.css({visibility:"hidden"}),a[i].c.trigger("revolution.slide.onstop"),a[i].noloopanymore=1),a[i].pr_next_slide.index()===a[i].slideamount-1&&a[i].looptogo>0&&"disabled"!==a[i].looptogo&&(a[i].looptogo--,a[i].looptogo<=0&&(a[i].stopLoop=!0)),a[i].tonpause=!0,a[i].slideInSwapTimer=!0,a[i].c.trigger("stoptimer"),"off"===a[i].spinner?a[i].loader!==t&&!0===a[i].loaderVisible&&(a[i].loader.css({display:"none"}),a[i].loaderVisible=!1):a[i].loadertimer=setTimeout((function(){a[i].loader!==t&&!0!==a[i].loaderVisible&&(a[i].loader.css({display:"block"}),a[i].loaderVisible=!0)}),100);var n="carousel"===a[i].sliderType&&"all"!==a[i].lazyType?a.loadVisibleCarouselItems(i):a[i].pr_next_slide[0];a.loadImages(n,i,1),a.preLoadAudio&&a.preLoadAudio(a[i].pr_next_slide,i,1),a.waitForCurrentImages(n,i,(function(){a[i].firstSlideShown=!0,a[i].pr_next_slide.find("rs-bgvideo").each((function(){a.prepareCoveredVideo(i)})),a.loadUpcomingContent(i),window.requestAnimationFrame((function(){O(a[i].pr_next_slide.find("rs-sbg"),i,r,o)}))}))}else a[i].waitWithSwapSlide=setTimeout((function(){R(i,r)}),18)},O=function(i,r,o,s){if(a[r]!==t){M(r),a[r].pr_active_slide=e(a[r].slides[a[r].pr_active_key]),a[r].pr_next_slide=e(a[r].slides[a[r].pr_processing_key]),a[r].pr_active_bg=a[r].pr_active_slide.find("rs-sbg-wrap"),a[r].pr_next_bg=a[r].pr_next_slide.find("rs-sbg-wrap"),a[r].tonpause=!1,clearTimeout(a[r].loadertimer),a[r].loader!==t&&!0===a[r].loaderVisible&&(window.requestAnimationFrame((function(){a[r].loader.css({display:"none"})})),a[r].loaderVisible=!1),a[r].onBeforeSwap={slider:r,slideIndex:parseInt(a[r].pr_active_key,0)+1,slideLIIndex:a[r].pr_active_key,nextSlideIndex:parseInt(a[r].pr_processing_key,0)+1,nextSlideLIIndex:a[r].pr_processing_key,nextslide:a[r].pr_next_slide,slide:a[r].pr_active_slide,currentslide:a[r].pr_active_slide,prevslide:a[r].pr_lastshown_key!==t?a[r].slides[a[r].pr_lastshown_key]:""},"carousel"!==a[r].sliderType&&tpGS.gsap.set(a[r].pr_next_slide,{display:"block"}),a[r].c.trigger("revolution.slide.onbeforeswap",a[r].onBeforeSwap);var n=a.gA(a[r].pr_active_slide[0],"key"),l=a[r].sbgs[n];if(l&&l.panzoom&&l.pzAnim&&(l.pzLastFrame=!0,a.pzDrawShadow(r,l,l.pzAnim.start)),a[r].sbgs[a.gA(a[r].pr_next_slide[0],"key")]&&tpGS.gsap.fromTo(a[r].sbgs[a.gA(a[r].pr_next_slide[0],"key")].overlay,{opacity:0},{opacity:1,duration:1,ease:"none"}),l&&tpGS.gsap.to(l.overlay,{opacity:0,duration:1,ease:"none"}),a[r].transition=1,a[r].stopByVideo=!1,a[r].pr_next_slide[0]!==t&&a.gA(a[r].pr_next_slide[0],"duration")!=t&&""!=a.gA(a[r].pr_next_slide[0],"duration")?a[r].duration=parseInt(a.gA(a[r].pr_next_slide[0],"duration"),0):a[r].duration=a[r].origcd,a[r].pr_next_slide[0]===t||"true"!=a.gA(a[r].pr_next_slide[0],"ssop")&&!0!==a.gA(a[r].pr_next_slide[0],"ssop")?a[r].ssop=!1:a[r].ssop=!0,a[r].sbtimeline.set&&a[r].sbtimeline.fixed&&a.updateFixedScrollTimes(r),a[r].c.trigger("nulltimer"),a[r].sdir="bullet"!==a[r].sc_indicator&&a[r].pr_active_key==a[r].slideamount-1&&0==a[r].pr_processing_key?0:a[r].pr_processing_key<a[r].pr_active_key?1:0,"arrow"==a[r].sc_indicator&&(a[r].sdir=a[r].sc_indicator_dir),a[r].lsdir=a[r].sdir,a[r].pr_active_key!=a[r].pr_processing_key&&1!=a[r].firststart&&"carousel"!==a[r].sliderType&&a.removeTheLayers&&a.removeTheLayers(a[r].pr_active_slide,r),1!==a.gA(a[r].pr_next_slide[0],"rspausetimeronce")&&1!==a.gA(a[r].pr_next_slide[0],"rspausetimeralways")?a[r].c.trigger("restarttimer"):(a[r].stopByVideo=!0,a.unToggleState(a[r].slidertoggledby)),a.sA(a[r].pr_next_slide[0],"rspausetimeronce",0),a[r].pr_next_slide[0]!==t&&a.sA(a[r].c[0],"slideactive",a.gA(a[r].pr_next_slide[0],"key")),"carousel"==a[r].sliderType){if(a[r].mtl=tpGS.gsap.timeline(),a[r].carousel.focused=a[r].pr_processing_key,a.prepareCarousel(r),"v"!=a[r].carousel.orientation&&"fullscreen"!==a[r].sliderLayout||tpGS.gsap.set(a[r].canvas,{height:a[r].carousel.slide_height}),L(r,s),a.updateSlideBGs(r),!0!==a[r].carousel.checkFVideo){var d=a.gA(a[r].pr_next_slide[0],"key");a[r].sbgs[d]!==t&&a[r].sbgs[d].bgvid!==t&&0!==a[r].sbgs[d].bgvid.length&&a.playBGVideo(r,d),a[r].carousel.checkFVideo=!0}a[r].transition=0,a[r].startedWithOtherSlide&&(setTimeout((function(){a[r].carousel.focused=a[r].pr_active_key,a.positionCarousel(r)})),delete a[r].startedWithOtherSlide)}else{a[r].pr_lastshown_key=a[r].pr_lastshown_key===t?a[r].pr_next_key!==t?a[r].pr_next_key:a[r].pr_processing_key!==t?a[r].pr_processing_key:a[r].pr_active_key!==t?a[r].pr_active_key:a[r].pr_lastshown_key:a[r].pr_lastshown_key,a[r].mtl=tpGS.gsap.timeline({paused:!0,onComplete:function(){L(r)}}),a[r].pr_next_key!==t?a.animateTheLayers({slide:a[r].pr_next_key,id:r,mode:"preset",caller:"swapSlideProgress_1"}):a[r].pr_processing_key!==t?a.animateTheLayers({slide:a[r].pr_processing_key,id:r,mode:"preset",caller:"swapSlideProgress_2"}):a[r].pr_active_key!==t&&a.animateTheLayers({slide:a[r].pr_active_key,id:r,mode:"preset",caller:"swapSlideProgress_3"}),1==a[r].firststart&&(a[r].pr_active_slide[0]!==t&&tpGS.gsap.set(a[r].pr_active_slide,{autoAlpha:0}),a[r].firststart=0),a[r].pr_active_slide[0]!==t&&tpGS.gsap.set(a[r].pr_active_slide,{zIndex:18}),a[r].pr_next_slide[0]!==t&&tpGS.gsap.set(a[r].pr_next_slide,{autoAlpha:0,zIndex:20});d=a.gA(a[r].pr_next_slide[0],"key");a[r].sbgs[d]!==t&&a[r].sbgs[d].alt===t&&(a[r].sbgs[d].alt=a.gA(a[r].pr_next_slide[0],"alttrans")||!1,a[r].sbgs[d].alt=!1!==a[r].sbgs[d].alt&&a[r].sbgs[d].alt.split(","),a[r].sbgs[d].altIndex=0,a[r].sbgs[d].altLen=!1!==a[r].sbgs[d].alt?a[r].sbgs[d].alt.length:0);a[r].firstSlideAnimDone===t&&a[r].fanim!==t&&!1!==a[r].fanim||(a[r].sbgs[d].slideanimation===t||a[r].sbgs[d].slideanimationRebuild||(a[r].sbgs[d].random!==t&&a.SLTR!==t||a[r].sbgs[d].altLen>0&&a.SLTR));a[r].sbgs[d].slideanimation=a[r].firstSlideAnimDone===t&&a[r].fanim!==t&&!1!==a[r].fanim?a.convertSlideAnimVals(e.extend(!0,{},a.getSlideAnim_EmptyObject(),a[r].fanim)):a[r].sbgs[d].slideanimation===t||a[r].sbgs[d].slideanimationRebuild||a[r].sbgs[d].altLen>0&&"default_first_anim"==a[r].sbgs[d].alt[a[r].sbgs[d].altIndex]?a.getSlideAnimationObj(r,{anim:a.gA(a[r].pr_next_slide[0],"anim"),filter:a.gA(a[r].pr_next_slide[0],"filter"),in:a.gA(a[r].pr_next_slide[0],"in"),out:a.gA(a[r].pr_next_slide[0],"out"),d3:a.gA(a[r].pr_next_slide[0],"d3")},d):a[r].sbgs[d].random!==t&&a.SLTR!==t?a.convertSlideAnimVals(e.extend(!0,{},a.getSlideAnim_EmptyObject(),a.getAnimObjectByKey(a.getRandomSlideTrans(a[r].sbgs[d].random.rndmain,a[r].sbgs[d].random.rndgrp,a.SLTR),a.SLTR))):a[r].sbgs[d].altLen>0&&a.SLTR!==t?a.convertSlideAnimVals(e.extend(!0,{altAnim:a[r].sbgs[d].alt[a[r].sbgs[d].altIndex]},a.getSlideAnim_EmptyObject(),a.getAnimObjectByKey(a[r].sbgs[d].alt[a[r].sbgs[d].altIndex],a.SLTR))):a[r].sbgs[d].slideanimation,a[r].sbgs[d].altLen>0&&(a[r].sbgs[d].firstSlideAnimDone!==t?(a[r].sbgs[d].altIndex++,a[r].sbgs[d].altIndex=a[r].sbgs[d].altIndex>=a[r].sbgs[d].altLen?0:a[r].sbgs[d].altIndex):(a[r].sbgs[d].firstSlideAnimDone=!0,a.SLTR===t&&a.SLTR_loading===t&&a.loadSlideAnimLibrary(r),a[r].sbgs[d].alt.push("default_first_anim"),a[r].sbgs[d].altLen++)),a[r].sbgs[d].currentState="animating",a.animateSlide(r,a[r].sbgs[d].slideanimation),a[r].firstSlideAnimDone===t&&a[r].fanim!==t&&!1!==a[r].fanim&&(a[r].sbgs[d].slideanimationRebuild=!0),a[r].firstSlideAnimDone=!0,a[r].pr_next_bg.data("panzoom")!==t&&requestAnimationFrame((function(){var e=a.gA(a[r].pr_next_slide[0],"key");a.startPanZoom(a[r].pr_next_bg,r,0,a.getSlideIndex(r,e),"first",e)})),a[r].mtl.pause()}if(a.animateTheLayers?"carousel"===a[r].sliderType?(!1!==a[r].carousel.showLayersAllTime&&(a[r].carousel.allLayersStarted?a.animateTheLayers({slide:"individual",id:r,mode:"rebuild",caller:"swapSlideProgress_5"}):a.animateTheLayers({slide:"individual",id:r,mode:"start",caller:"swapSlideProgress_4"}),a[r].carousel.allLayersStarted==t&&(a.updateCarouselRows(r),a[r].carousel.allLayersStarted=!0)),0!==a[r].firststart?a.animateTheLayers({slide:0,id:r,mode:"start",caller:"swapSlideProgress_6"}):!0!==o&&a.animateTheLayers({slide:a[r].pr_next_key!==t?a[r].pr_next_key:a[r].pr_processing_key!==t?a[r].pr_processing_key:a[r].pr_active_key,id:r,mode:"start",caller:"swapSlideProgress_7"}),a[r].firststart=0):a.animateTheLayers({slide:a[r].pr_next_key!==t?a[r].pr_next_key:a[r].pr_processing_key!==t?a[r].pr_processing_key:a[r].pr_active_key,id:r,mode:"start",caller:"swapSlideProgress_8"}):a[r].mtl!=t&&setTimeout((function(){a[r].mtl.resume()}),18),"carousel"!==a[r].sliderType)if(a[r].scwDur=.001,Array.isArray(a[r].scwCallback)&&a[r].scwCallback.length>0&&a[r].pr_next_slide[0].classList.contains("rs-addon-pano-active")){a[r].scwDone=!1,a[r].scwCount=a[r].scwCallback.length;for(var c=0;c<a[r].scwCallback.length;c++)a[r].scwCallback[c]();a[r].scwTimeout=tpGS.gsap.delayedCall(2,(function(){a[r].scwCount>0&&(a[r].scwTween&&"function"==typeof a[r].scwTween.kill&&(a[r].scwTween.kill(),a[r].scwTween=null),a[r].scwTween=tpGS.gsap.to(a[r].pr_next_slide,{duration:a[r].scwDur,autoAlpha:1}))}))}else tpGS.gsap.to(a[r].pr_next_slide,{duration:a[r].scwDur,autoAlpha:1})}},L=function(i){if(a[i]!==t){if("done"!==a.RS_swapList[i]){a.RS_swapList[i]="done";var r=e.inArray(i,a.RS_swapping);a.RS_swapping.splice(r,1)}if(a[i].firstSlideAvailable===t&&(a[i].firstSlideAvailable=!0,window.requestAnimationFrame((function(){"hero"!==a[i].sliderType&&a.createNavigation&&a[i].navigation.use&&!0!==a[i].navigation.createNavigationDone&&a.createNavigation(i)}))),"carousel"===a[i].sliderType&&tpGS.gsap.to(a[i].carousel.wrap,1,{opacity:1}),a[i].pr_active_key=a[i].pr_processing_key!==t?a[i].pr_processing_key:a[i].pr_active_key,delete a[i].pr_processing_key,"scroll"!=a[i].parallax.type&&"scroll+mouse"!=a[i].parallax.type&&"mouse+scroll"!=a[i].parallax.type||(a[i].lastscrolltop=-999,a.generalObserver(a.ISM)),a[i].mtldiff=a[i].mtl.time(),delete a[i].mtl,a[i].pr_active_key!==t){a.gA(a[i].slides[a[i].pr_active_key],"sloop")!==t&&function(e){if(a[e]!==t){a[e].sloops=a[e].sloops===t?{}:a[e].sloops;var i=a.gA(a[e].slides[a[e].pr_active_key],"key"),r=a[e].sloops[i];if(r===t){r={s:2500,e:4500,r:"unlimited"};var o=a.gA(a[e].slides[a[e].pr_active_key],"sloop").split(";");for(var s in o)if(o.hasOwnProperty(s)){var n=o[s].split(":");switch(n[0]){case"s":r.s=parseInt(n[1],0)/1e3;break;case"e":r.e=parseInt(n[1],0)/1e3;break;case"r":r.r=n[1]}}r.r="unlimited"===r.r?-1:parseInt(r.r,0),a[e].sloops[i]=r,r.key=i}r.ct={time:r.s},r.tl=tpGS.gsap.timeline({}),r.timer=tpGS.gsap.fromTo(r.ct,r.e-r.s,{time:r.s},{time:r.e,ease:"none",onRepeat:function(){for(var i in a[e].layers[r.key])a[e].layers[r.key].hasOwnProperty(i)&&a[e]._L[i].timeline.play(r.s);var o=a[e].progressC;o!==t&&o[0]!==t&&o[0].tween!==t&&o[0].tween.time(r.s)},onUpdate:function(){},onComplete:function(){}}).repeat(r.r),r.tl.add(r.timer,r.s),r.tl.time(a[e].mtldiff)}}(i),a.sA(a[i].slides[a[i].activeRSSlide],"isactiveslide",!1),a[i].activeRSSlide=a[i].pr_active_key,a.sA(a[i].slides[a[i].activeRSSlide],"isactiveslide",!0);var o=a.gA(a[i].slides[a[i].pr_active_key],"key"),s=a.gA(a[i].slides[a[i].pr_lastshown_key],"key");a.sA(a[i].c[0],"slideactive",o),s!==t&&a[i].panzoomTLs!==t&&a[i].panzoomTLs[a.getSlideIndex(i,s)]!==t&&("carousel"===a[i].sliderType?(a[i].panzoomTLs[a.getSlideIndex(i,s)].timeScale(3),a[i].panzoomTLs[a.getSlideIndex(i,s)].reverse()):a[i].panzoomTLs[a.getSlideIndex(i,s)].pause()),I(i,o);var n={slider:i,slideIndex:parseInt(a[i].pr_active_key,0)+1,slideLIIndex:a[i].pr_active_key,slide:a[i].pr_next_slide,currentslide:a[i].pr_next_slide,prevSlideIndex:a[i].pr_lastshown_key!==t&&parseInt(a[i].pr_lastshown_key,0)+1,prevSlideLIIndex:a[i].pr_lastshown_key!==t&&parseInt(a[i].pr_lastshown_key,0),prevSlide:a[i].pr_lastshown_key!==t&&a[i].slides[a[i].pr_lastshown_key]};if(a[i].c.trigger("revolution.slide.onchange",n),a[i].c.trigger("revolution.slide.onafterswap",n),""+a[i].pr_lastshown_key!=""+a[i].pr_active_key&&"carousel"!==a[i].sliderType&&tpGS.gsap.set(n.prevSlide,{display:"none",delay:.01}),a[i].deepLinkListener||a[i].enableDeeplinkHash){var l=a.gA(a[i].slides[a[i].pr_active_key],"deeplink");l!==t&&l.length>0&&(a[i].ignoreDeeplinkChange=!0,window.location.hash=a.gA(a[i].slides[a[i].pr_active_key],"deeplink"))}a[i].pr_lastshown_key=a[i].pr_active_key,a[i].startWithSlide!==t&&"done"!==a[i].startWithSlide&&"carousel"===a[i].sliderType&&(a[i].firststart=0),a[i].duringslidechange=!1,a[i].pr_active_slide.length>0&&0!=a.gA(a[i].pr_active_slide[0],"hal")&&a.gA(a[i].pr_active_slide[0],"hal")<=a.gA(a[i].pr_active_slide[0],"sofacounter")&&a[i].c.revremoveslide(a[i].pr_active_slide.index());var d=a[i].pr_processing_key||a[i].pr_active_key||0;a[i].rowzones!=t&&(d=d>a[i].rowzones.length?a[i].rowzones.length:d),(a[i].rowzones!=t&&a[i].rowzones.length>0&&a[i].rowzones[d]!=t&&d>=0&&d<=a[i].rowzones.length&&a[i].rowzones[d].length>0||a.winH<a[i].module.height)&&a.updateDims(i),a[i].firstLetItFree===t&&(a.generalObserver(a.ISM),a[i].firstLetItFree=!0),a[i].skipAttachDetach=!1}}},I=function(e,i){a[e].sbgs[i]===t||a[e].sbgs[i].loadobj.img?a[e].pr_next_bg.data("panzoom")!==t&&(a[e].panzoomTLs!==t&&a[e].panzoomTLs[a.getSlideIndex(e,i)]!==t?(a[e].panzoomTLs[a.getSlideIndex(e,i)].timeScale(1),a[e].panzoomTLs[a.getSlideIndex(e,i)].play()):a.startPanZoom(a[e].pr_next_bg,e,0,a.getSlideIndex(e,i),"play",i)):tpGS.gsap.delayedCall(.1,(function(){I(e,i)}))},M=function(i){var r=a[i].progressBar;if(a[i].progressC===t||0==a[i].progressC.length)if(a[i].progressC=e('<rs-progress style="visibility:hidden;"></rs-progress>'),"horizontal"===r.style||"vertical"===r.style){if("module"===r.basedon){for(var o="",s=0;s<a[i].slideamount;s++)o+="<rs-progress-bar></rs-progress-bar>";o+="<rs-progress-bgs>";for(s=0;s<a[i].slideamount;s++)o+="<rs-progress-bg></rs-progress-bg>";if(o+="</rs-progress-bgs>","nogap"!==r.gaptype)for(s=0;s<a[i].slideamount;s++)o+="<rs-progress-gap></rs-progress-gap>";a[i].progressC[0].innerHTML=o,!0===a[i].noDetach&&a[i].c.append(a[i].progressC),a[i].progressCBarBGS=a.getByTag(a[i].progressC[0],"RS-PROGRESS-BG"),a[i].progressCBarGAPS=a.getByTag(a[i].progressC[0],"RS-PROGRESS-GAP"),"nogap"!==r.gaptype&&tpGS.gsap.set(a[i].progressCBarGAPS,{backgroundColor:r.gapcolor,zIndex:"gapbg"===r.gaptype?17:27}),tpGS.gsap.set(a[i].progressCBarBGS,{backgroundColor:r.bgcolor})}else a[i].progressC[0].innerHTML="<rs-progress-bar></rs-progress-bar>",!0===a[i].noDetach&&a[i].c.append(a[i].progressC);a[i].progressCBarInner=a.getByTag(a[i].progressC[0],"RS-PROGRESS-BAR"),tpGS.gsap.set(a[i].progressCBarInner,{background:r.color})}else a[i].progressC[0].innerHTML='<canvas width="'+2*r.radius+'" height="'+2*r.radius+'" style="position:absolute" class="rs-progress-bar"></canvas>',!0===a[i].noDetach&&a[i].c.append(a[i].progressC),a[i].progressCBarInner=a[i].progressC[0].getElementsByClassName("rs-progress-bar")[0],a[i].progressBCanvas=a[i].progressCBarInner.getContext("2d"),a[i].progressBar.degree="cw"===a[i].progressBar.style?360:0,T(i);if(!0!==a[i].noDetach&&a[i].progressC.detach(),a[i].progressBar.visibility[a[i].level]&&1!=a[i].progressBar.disableProgressBar)if("horizontal"===r.style||"vertical"===r.style){var n,l,d=a[i].slideamount-1;if("horizontal"===r.style){var c="grid"===r.alignby?a[i].gridwidth[a[i].level]:a[i].module.width;n=Math.ceil(c/a[i].slideamount),l=Math.ceil((c-d*r.gapsize)/a[i].slideamount),tpGS.gsap.set(a[i].progressC,{visibility:"visible",top:"top"===r.vertical?r.y+("grid"===r.alignby&&a[i].gridOffsetHeight!==t?Math.max(0,a[i].gridOffsetHeight):0):"center"===r.vertical?"50%":"auto",bottom:"top"===r.vertical||"center"===r.vertical?"auto":r.y+("grid"===r.alignby&&a[i].gridOffsetHeight!==t?Math.max(0,a[i].gridOffsetHeight):0),left:"left"===r.horizontal&&"grid"===r.alignby&&a[i].gridOffsetWidth!==t?Math.max(0,a[i].gridOffsetWidth):"auto",right:"right"===r.horizontal&&"grid"===r.alignby&&a[i].gridOffsetWidth!==t?Math.max(0,a[i].gridOffsetWidth):"auto",y:"center"===r.vertical?r.y:0,height:r.size,backgroundColor:"module"===r.basedon?"transparent":r.bgcolor,marginTop:"bottom"===r.vertical||"top"===r.vertical?0:parseInt(r.size,0)/2,width:"grid"===r.alignby?a[i].gridwidth[a[i].level]:"100%"}),tpGS.gsap.set(a[i].progressCBarInner,{x:"module"===r.basedon?r.gap?function(e){return("right"===r.horizontal?d-e:e)*(l+r.gapsize)}:function(e){return("right"===r.horizontal?d-e:e)*n}:0,width:"module"===r.basedon?r.gap?l+"px":100/a[i].slideamount+"%":"100%"}),"module"===r.basedon&&(tpGS.gsap.set(a[i].progressCBarBGS,{x:"module"===r.basedon?r.gap?function(e){return e*(l+r.gapsize)}:function(e){return e*n}:0,width:"module"===r.basedon?r.gap?l+"px":100/a[i].slideamount+"%":"100%"}),tpGS.gsap.set(a[i].progressCBarGAPS,{width:r.gap?r.gapsize+"px":0,x:r.gap?function(e){return(e+1)*l+parseInt(r.gapsize,0)*e}:0}))}else if("vertical"===r.style){c="grid"===r.alignby?a[i].gridheight[a[i].level]:a[i].module.height;n=Math.ceil(c/a[i].slideamount),l=Math.ceil((c-d*r.gapsize)/a[i].slideamount),tpGS.gsap.set(a[i].progressC,{visibility:"visible",left:"left"===r.horizontal?r.x+("grid"===r.alignby&&a[i].gridOffsetWidth!==t?Math.max(0,a[i].gridOffsetWidth):0):"center"===r.horizontal?"50%":"auto",right:"left"===r.horizontal||"center"===r.horizontal?"auto":r.x+("grid"===r.alignby&&a[i].gridOffsetWidth!==t?Math.max(0,a[i].gridOffsetWidth):0),x:"center"===r.horizontal?r.x:0,top:"top"===r.vertical&&"grid"===r.alignby&&a[i].gridOffsetHeight!==t?Math.max(a[i].gridOffsetHeight,0):"auto",bottom:"bottom"===r.vertical&&"grid"===r.alignby&&a[i].gridOffsetHeight!==t?Math.max(a[i].gridOffsetHeight,0):"auto",width:r.size,marginLeft:"left"===r.horizontal||"right"===r.horizontal?0:parseInt(r.size,0)/2,backgroundColor:"module"===r.basedon?"transparent":r.bgcolor,height:"grid"===r.alignby?a[i].gridheight[a[i].level]:"100%"}),tpGS.gsap.set(a[i].progressCBarInner,{y:"module"===r.basedon?r.gap?function(e){return("bottom"===r.vertical?d-e:e)*(l+r.gapsize)}:function(e){return("bottom"===r.vertical?d-e:e)*n}:0,height:"module"===r.basedon?r.gap?l+"px":100/a[i].slideamount+"%":"100%"}),"module"===r.basedon&&(tpGS.gsap.set(a[i].progressCBarBGS,{y:"module"===r.basedon?r.gap?function(e){return e*(l+r.gapsize)}:function(e){return e*n}:0,height:"module"===r.basedon?r.gap?l+"px":100/a[i].slideamount+"%":"100%"}),tpGS.gsap.set(a[i].progressCBarGAPS,{height:r.gap?r.gapsize+"px":0,y:r.gap?function(e){return(e+1)*l+parseInt(r.gapsize,0)*e}:0}))}}else tpGS.gsap.set(a[i].progressC,{top:"top"===r.vertical?r.y+("grid"===r.alignby&&a[i].gridOffsetHeight!==t?Math.max(0,a[i].gridOffsetHeight):0):"center"===r.vertical?"50%":"auto",bottom:"top"===r.vertical||"center"===r.vertical?"auto":r.y+("grid"===r.alignby&&a[i].gridOffsetHeight!==t?Math.max(0,a[i].gridOffsetHeight):0),left:"left"===r.horizontal?r.x+("grid"===r.alignby&&a[i].gridOffsetWidth!==t?Math.max(0,a[i].gridOffsetWidth):0):"center"===r.horizontal?"50%":"auto",right:"left"===r.horizontal||"center"===r.horizontal?"auto":r.x+("grid"===r.alignby&&a[i].gridOffsetWidth!==t?Math.max(0,a[i].gridOffsetWidth):0),y:"center"===r.vertical?r.y:0,x:"center"===r.horizontal?r.x:0,width:2*r.radius,height:2*r.radius,marginTop:"center"===r.vertical?0-r.radius:0,marginLeft:"center"===r.horizontal?0-r.radius:0,backgroundColor:"transparent",visibility:"visible"});else a[i].progressC[0].style.visibility="hidden";!0!==a[i].noDetach&&a[i].c.append(a[i].progressC),a[i].gridOffsetWidth===t&&"grid"===r.alignby?a[i].rebuildProgressBar=!0:a[i].rebuildProgressBar=!1},T=function(e){var t=a[e].progressBar;t.radius-parseInt(t.size,0)<=0&&(t.size=t.radius/4);var i=parseInt(t.radius),r=parseInt(t.radius);a[e].progressBCanvas.lineCap="round",a[e].progressBCanvas.clearRect(0,0,2*t.radius,2*t.radius),a[e].progressBCanvas.beginPath(),a[e].progressBCanvas.arc(i,r,t.radius-parseInt(t.size,0),Math.PI/180*270,Math.PI/180*630),a[e].progressBCanvas.strokeStyle=t.bgcolor,a[e].progressBCanvas.lineWidth=parseInt(t.size,0)-1,a[e].progressBCanvas.stroke(),a[e].progressBCanvas.beginPath(),a[e].progressBCanvas.strokeStyle=t.color,a[e].progressBCanvas.lineWidth=parseInt(t.size,0),a[e].progressBCanvas.arc(i,r,t.radius-parseInt(t.size,0),Math.PI/180*270,Math.PI/180*(270+a[e].progressBar.degree),"cw"!==t.style),a[e].progressBCanvas.stroke()},C=function(i){var r=function(){i!==t&&a!==t&&a[i]!==t&&(0==e("body").find(a[i].c).length||null===a[i]||null===a[i].c||a[i].c===t||0===a[i].length?(!function(t){a[t].c.children().each((function(){try{e(this).die("click")}catch(e){}try{e(this).die("mouseenter")}catch(e){}try{e(this).die("mouseleave")}catch(e){}try{e(this).off("hover")}catch(e){}}));try{a[t].c.die("click","mouseenter","mouseleave")}catch(e){}clearInterval(a[t].cdint),a[t].c=null}(i),clearInterval(a[i].cdint)):(a[i].c.trigger("revolution.slide.slideatend"),1==a[i].c.data("conthoverchanged")&&(a[i].conthover=a[i].c.data("conthover"),a[i].c.data("conthoverchanged",0)),a.callingNewSlide(i,1,!0)))},o=tpGS.gsap.timeline({paused:!0}),s="reset"===a[i].progressBar.reset||a[i].progressBar.notnew===t?0:.2,n="slide"===a[i].progressBar.basedon?0:a[i].pr_processing_key!==t?a[i].pr_processing_key:a[i].pr_active_key;if(n=n===t?0:n,"horizontal"===a[i].progressBar.style){if(o.add(tpGS.gsap.to(a[i].progressCBarInner[n],s,{scaleX:0,transformOrigin:"right"===a[i].progressBar.horizontal?"100% 50%":"0% 50%"})),o.add(tpGS.gsap.to(a[i].progressCBarInner[n],a[i].duration/1e3,{transformOrigin:"right"===a[i].progressBar.horizontal?"100% 50%":"0% 50%",force3D:"auto",scaleX:1,onComplete:r,delay:.5,ease:a[i].progressBar.ease})),"module"===a[i].progressBar.basedon)for(var l=0;l<a[i].slideamount;l++)l!==n&&o.add(tpGS.gsap.set(a[i].progressCBarInner[l],{scaleX:l<n?1:0,transformOrigin:"right"===a[i].progressBar.horizontal?"100% 50%":"0% 50%"}),0)}else if("vertical"===a[i].progressBar.style){if(a[i].progressCBarInner[n]!==t&&o.add(tpGS.gsap.to(a[i].progressCBarInner[n],s,{scaleY:0,transformOrigin:"bottom"===a[i].progressBar.vertical?"50% 100%":"50% 0%"})),a[i].progressCBarInner[n]!==t&&o.add(tpGS.gsap.to(a[i].progressCBarInner[n],a[i].duration/1e3,{transformOrigin:"bottom"===a[i].progressBar.vertical?"50% 100%":"50% 0%",force3D:"auto",scaleY:1,onComplete:r,delay:.5,ease:a[i].progressBar.ease})),"module"===a[i].progressBar.basedon)for(l=0;l<a[i].slideamount;l++)l!==n&&a[i].progressCBarInner[l]!==t&&o.add(tpGS.gsap.set(a[i].progressCBarInner[l],{scaleY:l<n?1:0,transformOrigin:"botton"===a[i].progressBar.vertical?"50% 100%":"50% 0%"}),0)}else{var d="slide"===a[i].progressBar.basedon?0:Math.max(0,360/a[i].slideamount*n),c="slide"===a[i].progressBar.basedon?360:360/a[i].slideamount*(n+1);"ccw"===a[i].progressBar.style&&"slide"!==a[i].progressBar.basedon&&(d=360-c,c=360-360/a[i].slideamount*n),o.add(tpGS.gsap.to(a[i].progressBar,s,{degree:"cw"===a[i].progressBar.style?d:c,onUpdate:function(){T(i)}})),o.add(tpGS.gsap.to(a[i].progressBar,a[i].duration/1e3,{degree:"cw"===a[i].progressBar.style?c:d,onUpdate:function(){T(i)},onComplete:r,delay:.5,ease:a[i].progressBar.ease}))}return a[i].progressBar.notnew=!0,o},A=function(e){a[e].progressC==t&&M(e),a[e].loop=0,a[e].stopAtSlide!=t&&a[e].stopAtSlide>-1?a[e].lastslidetoshow=a[e].stopAtSlide:a[e].lastslidetoshow=999,a[e].stopLoop=!1,0==a[e].looptogo&&(a[e].stopLoop=!0),a[e].c.on("stoptimer",(function(){a[e].progressC!=t&&(a[e].progressC[0].tween.pause(),a[e].progressBar.disableProgressBar&&(a[e].progressC[0].style.visibility="hidden"),a[e].sliderstatus="paused",a[e].slideInSwapTimer||a.unToggleState(a[e].slidertoggledby),a[e].slideInSwapTimer=!1)})),a[e].c.on("starttimer",(function(){a[e].progressC!=t&&(a[e].forcepaused||(1!=a[e].conthover&&1!=a[e].stopByVideo&&a[e].module.width>a[e].hideSliderAtLimit&&1!=a[e].tonpause&&1!=a[e].overnav&&1!=a[e].ssop&&(1===a[e].noloopanymore||a[e].viewPort.enable&&!a[e].inviewport||(a[e].progressBar.visibility[a[e].level]||(a[e].progressC[0].style.visibility="visible"),a[e].progressC[0].tween.resume(),a[e].sliderstatus="playing")),!a[e].progressBar.disableProgressBar&&a[e].progressBar.visibility[a[e].level]||(a[e].progressC[0].style.visibility="hidden"),a.toggleState(a[e].slidertoggledby)))})),a[e].c.on("restarttimer",(function(){if(!(a[e].modal!==t&&a[e].modal.useAsModal&&"close"==a[e].modal.lastModalCall||a[e].progressC==t||a[e].forcepaused)){if(a[e].mouseoncontainer&&"on"==a[e].navigation.onHoverStop&&!a.ISM)return!1;1===a[e].noloopanymore||a[e].viewPort.enable&&!a[e].inviewport||1==a[e].ssop?a.unToggleState(a[e].slidertoggledby):(a[e].progressBar.visibility[a[e].level]||(a[e].progressC[0].style.visibility="visible"),a[e].progressC[0].tween!==t&&a[e].progressC[0].tween.kill(),a[e].progressC[0].tween=C(e),a[e].progressC[0].tween.play(),a[e].sliderstatus="playing",a.toggleState(a[e].slidertoggledby)),!a[e].progressBar.disableProgressBar&&a[e].progressBar.visibility[a[e].level]||(a[e].progressC[0].style.visibility="hidden"),a[e].mouseoncontainer&&1==a[e].navigation.onHoverStop&&!a.ISM&&(a[e].c.trigger("stoptimer"),a[e].c.trigger("revolution.slide.onpause"))}})),a[e].c.on("nulltimer",(function(){a[e].progressC!=t&&a[e].progressC[0]!==t&&(a[e].progressC[0].tween!==t&&a[e].progressC[0].tween.kill(),a[e].progressC[0].tween=C(e),a[e].progressC[0].tween.pause(0),!a[e].progressBar.disableProgressBar&&a[e].progressBar.visibility[a[e].level]||(a[e].progressC[0].style.visibility="hidden"),a[e].sliderstatus="paused")})),a[e].progressC!==t&&(a[e].progressC[0].tween=C(e)),a[e].slideamount>1&&(0!=a[e].stopAfterLoops||1!=a[e].stopAtSlide)?a[e].c.trigger("starttimer"):(a[e].noloopanymore=1,a[e].c.trigger("nulltimer")),a[e].c.on("tp-mouseenter",(function(){a[e].mouseoncontainer=!0,1!=a[e].navigation.onHoverStop||a.ISM||(a[e].c.trigger("stoptimer"),a[e].c.trigger("revolution.slide.onpause"))})),a[e].c.on("tp-mouseleft",(function(){a[e].mouseoncontainer=!1,1!=a[e].c.data("conthover")&&1==a[e].navigation.onHoverStop&&(1==a[e].viewPort.enable&&a[e].inviewport||0==a[e].viewPort.enable)&&(a[e].c.trigger("revolution.slide.onresume"),a[e].c.trigger("starttimer"))}))},D=function(){e(".rev_redraw_on_blurfocus").each((function(){var e=this.id;if(a[e]==t||a[e].c==t||0===a[e].c.length)return!1;1!=a[e].windowfocused&&(a[e].windowfocused=!0,tpGS.gsap.delayedCall(.1,(function(){a[e].fallbacks.nextSlideOnWindowFocus&&a[e].c.revnext(),a[e].c.revredraw(),"playing"==a[e].lastsliderstatus&&a[e].c.revresume(),a[e].c.trigger("revolution.slide.tabfocused")})))}))},P=function(){document.hasFocus()||e(".rev_redraw_on_blurfocus").each((function(e){var t=this.id;a[t].windowfocused=!1,a[t].lastsliderstatus=a[t].sliderstatus,a[t].c.revpause(),a[t].c.trigger("revolution.slide.tabblured")}))},B=function(){e("rs-module").each((function(){var e=this.id;if(a[e].inviewport||!a[e].viewPort.enable){var i=a[e].pr_active_slide!==t&&a[e].pr_active_slide.data("key")!==t?a[e].pr_active_slide.data("key"):a[e].pr_next_slide!==t&&a[e].pr_next_slide.data("key")!==t?a[e].pr_next_slide.data("key"):t;if(i==t)return;a[e].sbgs[i].bgvid.length>0&&a[e].videos[a[e].sbgs[i].bgvid[0].id].loop&&("visible"===document.visibilityState?a.playVideo(a[e].sbgs[i].bgvid,e):a.stopVideo(a[e].sbgs[i].bgvid,e))}}))},G=function(){var e=document.documentMode===t,i=window.chrome;1!==a.revslider_focus_blur_listener&&(a.revslider_focus_blur_listener=1,e&&!i?a.window.on("focusin",(function(){!0!==a.windowIsFocused&&D(),a.windowIsFocused=!0})).on("focusout",(function(){!0!==a.windowIsFocused&&a.windowIsFocused!==t||P(),a.windowIsFocused=!1})):window.addEventListener?(window.addEventListener("focus",(function(e){!0!==a.windowIsFocused&&D(),a.windowIsFocused=!0}),{capture:!1,passive:!0}),window.addEventListener("blur",(function(e){!0!==a.windowIsFocused&&a.windowIsFocused!==t||P(),a.windowIsFocused=!1}),{capture:!1,passive:!0})):(window.attachEvent("focus",(function(e){!0!==a.windowIsFocused&&D(),a.windowIsFocused=!0})),window.attachEvent("blur",(function(e){!0!==a.windowIsFocused&&a.windowIsFocused!==t||P(),a.windowIsFocused=!1}))))},F=function(e){for(var t,i=[],a=window.location.href.slice(window.location.href.indexOf(e)+1).split("_"),r=0;r<a.length;r++)a[r]=a[r].replace("%3D","="),t=a[r].split("="),i.push(t[0]),i[t[0]]=t[1];return i},H=function(i){if(a[i].blockSpacing!==t){var r=a[i].blockSpacing.split(";");for(var o in a[i].blockSpacing={},r)if(r.hasOwnProperty(o)){var s=r[o].split(":");switch(s[0]){case"t":a[i].blockSpacing.top=a.revToResp(s[1],4,0);break;case"b":a[i].blockSpacing.bottom=a.revToResp(s[1],4,0);break;case"l":a[i].blockSpacing.left=a.revToResp(s[1],4,0);break;case"r":a[i].blockSpacing.right=a.revToResp(s[1],4,0)}}a[i].blockSpacing.block=e(a.closestClass(a[i].c[0],"wp-block-themepunch-revslider")),a[i].level!==t&&a[i].blockSpacing!==t&&tpGS.gsap.set(a[i].blockSpacing.block,{paddingLeft:a[i].blockSpacing.left[a[i].level],paddingRight:a[i].blockSpacing.right[a[i].level],marginTop:a[i].blockSpacing.top[a[i].level],marginBottom:a[i].blockSpacing.bottom[a[i].level]})}},z=function(e){return e.charAt(0).toUpperCase()+e.slice(1)},W=function(i){return function(e){for(var i in e.minHeight=e.minHeight!==t?"none"===e.minHeight||"0"===e.minHeight||"0px"===e.minHeight||""==e.minHeight||" "==e.minHeight?0:parseInt(e.minHeight,0):0,e.maxHeight="none"===e.maxHeight||"0"===e.maxHeight?0:parseInt(e.maxHeight,0),e.carousel.maxVisibleItems=e.carousel.maxVisibleItems<1?999:e.carousel.maxVisibleItems,e.carousel.vertical_align="top"===e.carousel.vertical_align?"0%":"bottom"===e.carousel.vertical_align?"100%":"50%",e.carousel.space=parseInt(e.carousel.space,0),e.carousel.maxOpacity=parseInt(e.carousel.maxOpacity,0),e.carousel.maxOpacity=e.carousel.maxOpacity>1?e.carousel.maxOpacity/100:e.carousel.maxOpacity,e.carousel.showLayersAllTime="true"===e.carousel.showLayersAllTime||!0===e.carousel.showLayersAllTime?"all":e.carousel.showLayersAllTime,e.carousel.maxRotation=parseInt(e.carousel.maxRotation,0),e.carousel.minScale=parseInt(e.carousel.minScale,0),e.carousel.minScale=e.carousel.minScale>.9?e.carousel.minScale/100:e.carousel.minScale,e.carousel.speed=parseInt(e.carousel.speed,0),e.carousel.skewX=parseFloat(e.carousel.skewX),e.carousel.skewY=parseFloat(e.carousel.skewY),e.carousel.spinAngle=parseFloat(e.carousel.spinAngle),0===e.carousel.spinAngle&&(e.carousel.spinAngle=1),"v"===e.carousel.orientation&&(e.carousel.justify=!1),e.navigation.maintypes=["arrows","tabs","thumbnails","bullets"],e.perspective=parseInt(e.perspective,0),e.navigation.maintypes)e.navigation.maintypes.hasOwnProperty(i)&&e.navigation[e.navigation.maintypes[i]]!==t&&(e.navigation[e.navigation.maintypes[i]].animDelay=e.navigation[e.navigation.maintypes[i]].animDelay===t?1e3:e.navigation[e.navigation.maintypes[i]].animDelay,e.navigation[e.navigation.maintypes[i]].animSpeed=e.navigation[e.navigation.maintypes[i]].animSpeed===t?1e3:e.navigation[e.navigation.maintypes[i]].animSpeed,e.navigation[e.navigation.maintypes[i]].animDelay=parseInt(e.navigation[e.navigation.maintypes[i]].animDelay,0)/1e3,e.navigation[e.navigation.maintypes[i]].animSpeed=parseInt(e.navigation[e.navigation.maintypes[i]].animSpeed,0)/1e3);if(a.isNumeric(e.scrolleffect.tilt)||-1!==e.scrolleffect.tilt.indexOf("%")&&(e.scrolleffect.tilt=parseInt(e.scrolleffect.tilt)),e.scrolleffect.tilt=e.scrolleffect.tilt/100,e.navigation.thumbnails.position="outer-horizontal"==e.navigation.thumbnails.position?"bottom"==e.navigation.thumbnails.v_align?"outer-bottom":"outer-top":"outer-vertical"==e.navigation.thumbnails.position?"left"==e.navigation.thumbnails.h_align?"outer-left":"outer-right":e.navigation.thumbnails.position,e.navigation.tabs.position="outer-horizontal"==e.navigation.tabs.position?"bottom"==e.navigation.tabs.v_align?"outer-bottom":"outer-top":"outer-vertical"==e.navigation.tabs.position?"left"==e.navigation.tabs.h_align?"outer-left":"outer-right":e.navigation.tabs.position,e.sbtimeline.speed=parseInt(e.sbtimeline.speed,0)/1e3||.5,!0===e.sbtimeline.set&&!0===e.sbtimeline.fixed&&"auto"!==e.sliderLayout?(e.sbtimeline.fixStart=parseInt(e.sbtimeline.fixStart),e.sbtimeline.fixEnd=parseInt(e.sbtimeline.fixEnd)):e.sbtimeline.fixed=!1,e.progressBar===t||"true"!=e.progressBar.disableProgressBar&&1!=e.progressBar.disableProgressBar||(e.progressBar.disableProgressBar=!0),e.startDelay=parseInt(e.startDelay,0)||0,e.navigation!==t&&e.navigation.arrows!=t&&e.navigation.arrows.hide_under!=t&&(e.navigation.arrows.hide_under=parseInt(e.navigation.arrows.hide_under)),e.navigation!==t&&e.navigation.bullets!=t&&e.navigation.bullets.hide_under!=t&&(e.navigation.bullets.hide_under=parseInt(e.navigation.bullets.hide_under)),e.navigation!==t&&e.navigation.thumbnails!=t&&e.navigation.thumbnails.hide_under!=t&&(e.navigation.thumbnails.hide_under=parseInt(e.navigation.thumbnails.hide_under)),e.navigation!==t&&e.navigation.tabs!=t&&e.navigation.tabs.hide_under!=t&&(e.navigation.tabs.hide_under=parseInt(e.navigation.tabs.hide_under)),e.navigation!==t&&e.navigation.arrows!=t&&e.navigation.arrows.hide_over!=t&&(e.navigation.arrows.hide_over=parseInt(e.navigation.arrows.hide_over)),e.navigation!==t&&e.navigation.bullets!=t&&e.navigation.bullets.hide_over!=t&&(e.navigation.bullets.hide_over=parseInt(e.navigation.bullets.hide_over)),e.navigation!==t&&e.navigation.thumbnails!=t&&e.navigation.thumbnails.hide_over!=t&&(e.navigation.thumbnails.hide_over=parseInt(e.navigation.thumbnails.hide_over)),e.navigation!==t&&e.navigation.tabs!=t&&e.navigation.tabs.hide_over!=t&&(e.navigation.tabs.hide_over=parseInt(e.navigation.tabs.hide_over)),e.lazyloaddata!==t&&e.lazyloaddata.length>0&&e.lazyloaddata.indexOf("-")>0){var r=e.lazyloaddata.split("-");for(e.lazyloaddata=r[0],i=1;i<r.length;i++)e.lazyloaddata+=z(r[i])}return e.duration=parseInt(e.duration),"single"===e.lazyType&&"carousel"===e.sliderType&&(e.lazyType="smart"),"carousel"===e.sliderType&&e.carousel.justify&&(e.justifyCarousel=!0,e.keepBPHeight=!0),e.enableUpscaling=1==e.enableUpscaling&&"carousel"!==e.sliderType&&"fullwidth"===e.sliderLayout,e.useFullScreenHeight="carousel"===e.sliderType&&"fullscreen"===e.sliderLayout&&!0===e.useFullScreenHeight&&"v"!==e.carousel.orientation,e.progressBar.y=parseInt(e.progressBar.y,0),e.progressBar.x=parseInt(e.progressBar.x,0),
/*! Custom Eases */
"IE"!==window.RSBrowser&&e.customEases!==t&&(!e.customEases.SFXBounceLite&&"true"!=e.customEases.SFXBounceLite||tpGS.SFXBounceLite!==t||(tpGS.SFXBounceLite=tpGS.CustomBounce.create("SFXBounceLite",{strength:.3,squash:1,squashID:"SFXBounceLite-squash"})),!e.customEases.SFXBounceSolid&&"true"!=e.customEases.SFXBounceSolid||tpGS.SFXBounceSolid!==t||(tpGS.SFXBounceSolid=tpGS.CustomBounce.create("SFXBounceSolid",{strength:.5,squash:2,squashID:"SFXBounceSolid-squash"})),!e.customEases.SFXBounceStrong&&"true"!=e.customEases.SFXBounceStrong||tpGS.SFXBounceStrong!==t||(tpGS.SFXBounceStrong=tpGS.CustomBounce.create("SFXBounceStrong",{strength:.7,squash:3,squashID:"SFXBounceStrong-squash"})),!e.customEases.SFXBounceExtrem&&"true"!=e.customEases.SFXBounceExtrem||tpGS.SFXBounceExtrem!==t||(tpGS.SFXBounceExtrem=tpGS.CustomBounce.create("SFXBounceExtrem",{strength:.9,squash:4,squashID:"SFXBounceExtrem-squash"})),!e.customEases.BounceLite&&"true"!=e.customEases.BounceLite||tpGS.BounceLite!==t||(tpGS.BounceLite=tpGS.CustomBounce.create("BounceLite",{strength:.3})),!e.customEases.BounceSolid&&"true"!=e.customEases.BounceSolid||tpGS.BounceSolid!==t||(tpGS.BounceSolid=tpGS.CustomBounce.create("BounceSolid",{strength:.5})),!e.customEases.BounceStrong&&"true"!=e.customEases.BounceStrong||tpGS.BounceStrong!==t||(tpGS.BounceStrong=tpGS.CustomBounce.create("BounceStrong",{strength:.7})),!e.customEases.BounceExtrem&&"true"!=e.customEases.BounceExtrem||tpGS.BounceExtrem!==t||(tpGS.BounceExtrem=tpGS.CustomBounce.create("BounceExtrem",{strength:.9}))),e.modal.coverSpeed=parseFloat(e.modal.coverSpeed),e.modal.coverSpeed=e.modal.coverSpeed>200?e.modal.coverSpeed/1e3:e.modal.coverSpeed,e.modal.coverSpeed=Math.max(Math.min(3,e.modal.coverSpeed),.3),e.navigation.wheelViewPort=e.navigation.wheelViewPort===t?.5:e.navigation.wheelViewPort/100,e.navigation.wheelCallDelay=e.navigation.wheelCallDelay===t?1e3:parseInt(e.navigation.wheelCallDelay),e.autoDPR="string"==typeof e.DPR&&-1!==e.DPR.indexOf("ax"),e.DPR=e.DPR.replace("ax",""),e.DPR=parseInt(e.DPR.replace("x","")),e.DPR=isNaN(e.DPR)?window.devicePixelRatio:e.autoDPR?Math.min(window.devicePixelRatio,e.DPR):e.DPR,e.DPR=1!=e.onedpronmobile&&"true"!=e.onedpronmobile||!a.ISM?e.DPR:1,!1===e.viewPort.global?e.viewPort.enable=!1:!0===e.viewPort.global&&(e.viewPort.local=e.viewPort.enable,e.viewPort.enable=!0),e.carousel!==t&&"v"==e.carousel.orientation&&(e.carousel.prevNextVisType=(""+e.carousel.prevNextVis).includes("%")?"%":"px",e.carousel.prevNextVis=parseInt(e.carousel.prevNextVis,0)/("%"==e.carousel.prevNextVisType?100:1)),e}(e.extend(!0,{DPR:"dpr",sliderType:"standard",sliderLayout:"auto",overlay:{type:"none",size:1,colora:"transparent",colorb:"#000000"},duration:9e3,imgCrossOrigin:"",modal:{useAsModal:!1,cover:!0,coverColor:"rgba(0,0,0,0.5)",horizontal:"center",vertical:"middle",coverSpeed:1},navigation:{keyboardNavigation:!1,keyboard_direction:"horizontal",mouseScrollNavigation:"off",wheelViewPort:50,wheelCallDelay:"1000ms",onHoverStop:!0,mouseScrollReverse:"default",target:"window",threshold:50,touch:{touchenabled:!1,touchOnDesktop:!1,swipe_treshold:75,swipe_min_touches:1,swipe_direction:"horizontal",drag_block_vertical:!1,mobileCarousel:!0,desktopCarousel:!0},arrows:{style:"",enable:!1,hide_onmobile:!1,hide_under:0,hide_onleave:!1,hide_delay:200,hide_delay_mobile:1200,hide_over:9999,tmp:"",rtl:!1,left:{h_align:"left",v_align:"center",h_offset:20,v_offset:0,container:"slider"},right:{h_align:"right",v_align:"center",h_offset:20,v_offset:0,container:"slider"}},bullets:{enable:!1,hide_onmobile:!1,hide_onleave:!1,hide_delay:200,hide_delay_mobile:1200,hide_under:0,hide_over:9999,direction:"horizontal",h_align:"center",v_align:"bottom",space:5,h_offset:0,v_offset:20,tmp:'<span class="tp-bullet-image"></span><span class="tp-bullet-title"></span>',container:"slider",rtl:!1,style:""},thumbnails:{container:"slider",rtl:!1,style:"",enable:!1,width:100,height:50,min_width:100,wrapper_padding:2,wrapper_color:"transparent",tmp:'<span class="tp-thumb-image"></span><span class="tp-thumb-title"></span>',visibleAmount:5,hide_onmobile:!1,hide_onleave:!1,hide_delay:200,hide_delay_mobile:1200,hide_under:0,hide_over:9999,direction:"horizontal",span:!1,position:"inner",space:2,h_align:"center",v_align:"bottom",h_offset:0,v_offset:20,mhoff:0,mvoff:0},tabs:{container:"slider",rtl:!1,style:"",enable:!1,width:100,min_width:100,height:50,wrapper_padding:10,wrapper_color:"transparent",tmp:'<span class="tp-tab-image"></span>',visibleAmount:5,hide_onmobile:!1,hide_onleave:!1,hide_delay:200,hide_delay_mobile:1200,hide_under:0,hide_over:9999,direction:"horizontal",span:!1,space:0,position:"inner",h_align:"center",v_align:"bottom",h_offset:0,v_offset:20,mhoff:0,mvoff:0}},responsiveLevels:4064,visibilityLevels:[2048,1024,778,480],gridwidth:960,gridheight:500,minHeight:0,maxHeight:0,keepBPHeight:!1,useFullScreenHeight:!0,overflowHidden:!1,forceOverflow:!1,fixedOnTop:!1,autoHeight:!1,gridEQModule:!1,disableForceFullWidth:!1,fullScreenOffsetContainer:"",fullScreenOffset:"0",hideLayerAtLimit:0,hideAllLayerAtLimit:0,hideSliderAtLimit:0,progressBar:{disableProgressBar:!1,style:"horizontal",size:"5px",radius:10,vertical:"bottom",horizontal:"left",x:0,y:0,color:"rgba(255,255,255,0.5)",bgcolor:"transparent",basedon:"slide",gapsize:0,reset:"reset",gaptype:"gapboth",gapcolor:"rgba(255,255,255,0.5)",ease:"none",visibility:{0:!0,1:!0,2:!0,3:!0}},stopAtSlide:-1,stopAfterLoops:0,shadow:0,startDelay:0,lazyType:"none",lazyOnBg:!1,spinner:"off",shuffle:!1,perspective:"600px",perspectiveType:"local",viewPort:{enable:!1,global:!1,globalDist:"-400px",outof:"wait",visible_area:"200px",presize:!1},fallbacks:{isJoomla:!1,panZoomDisableOnMobile:!1,simplifyAll:!0,nextSlideOnWindowFocus:!1,disableFocusListener:!1,allowHTML5AutoPlayOnAndroid:!0},fanim:!1,parallax:{type:"off",levels:[10,15,20,25,30,35,40,45,50,55,60,65,70,75,80,85],origo:"enterpoint",disable_onmobile:!1,ddd_shadow:!1,ddd_bgfreeze:!1,ddd_overflow:"visible",ddd_layer_overflow:"visible",ddd_z_correction:65,speed:400,speedbg:0,speedls:0},scrolleffect:{set:!1,fade:!1,blur:!1,scale:!1,grayscale:!1,maxblur:10,layers:!1,slide:!1,direction:"both",multiplicator:1.35,multiplicator_layers:.5,tilt:30,disable_onmobile:!1},sbtimeline:{set:!1,fixed:!1,fixStart:0,fixEnd:0,layers:!1,slide:!1,ease:"none",speed:500},carousel:{orientation:"h",prevNextVis:"50px",easing:"power3.inOut",speed:800,showLayersAllTime:!1,horizontal_align:"center",vertical_align:"center",snap:!0,infinity:!1,stopOnClick:!0,space:0,maxVisibleItems:3,stretch:!1,fadeout:!0,maxRotation:0,maxOpacity:100,minScale:0,offsetScale:!1,vary_fade:!1,vary_rotation:!1,vary_scale:!1,border_radius:"0px",padding_top:0,padding_bottom:0,skewX:0,skewY:0,spin:"off",spinAngle:0,overshoot:!1},observeWrap:!1,extensions:"extensions/",extensions_suffix:".min.js",stopLoop:!1,waitForInit:!1,ignoreHeightChange:!0,onedpronmobile:!1},i))};window.RS_MODULES=window.RS_MODULES||{},window.RS_MODULES.waiting=window.RS_MODULES.waiting||[];var E=["DOM","main","parallax","video","slideanims","actions","layeranimation","navigation","carousel","panzoom"];for(var N in E)-1==window.RS_MODULES.waiting.indexOf(E[N])&&window.RS_MODULES.waiting.push(E[N]);function j(e){window.elementorFrontend!==t&&elementorFrontend.hooks!==t&&elementorFrontend.hooks.removeAction("frontend/element_ready/global",j),window.RS_MODULES.elementor={loaded:!0,version:"6.5.0"},window.RS_MODULES.checkMinimal&&window.RS_MODULES.checkMinimal()}function V(){if(window.elementorFrontend===t||window.elementorFrontend.hooks===t||window.elementorFrontend.hooks.addAction===t)return window.RS_MODULES.elementorCounter++,window.RS_MODULES.elementorCounterCheck&&window.RS_MODULES.elementorCounter>20?void j():void requestAnimationFrame(V);window.elementorFrontend.config.environmentMode.edit?elementorFrontend.hooks.addAction("frontend/element_ready/widget",j):j()}function X(){1!=RS_MODULES.checkElementorCalled&&(RS_MODULES.checkElementorCalled=!0,document.body&&(document.body.className.indexOf("elementor-page")>=0||document.body.className.indexOf("elementor-default")>=0)&&(window.RS_MODULES.waiting=window.RS_MODULES.waiting===t?[]:window.RS_MODULES.waiting,-1==window.RS_MODULES.waiting.indexOf("elementor")&&window.RS_MODULES.waiting.push("elementor"),document.body&&-1==document.body.className.indexOf("elementor-editor-active")&&(window.RS_MODULES.elementorCounterCheck=!0),window.RS_MODULES.elementorCounter=0,V()))}window.RS_MODULES.main={loaded:!0,version:i},window.RS_MODULES.minimal=!1,window.RS_MODULES.callSliders=function(){for(var e in RS_MODULES.modules)!0!==RS_MODULES.modules[e].once&&window.RS_MODULES!==t&&window.RS_MODULES.minimal&&(RS_MODULES.modules[e].once=!0,RS_MODULES.modules[e].init())},"loading"===document.readyState?document.addEventListener("readystatechange",(function(){"interactive"!==document.readyState&&"complete"!==document.readyState||(X(),window.RS_MODULES.DOM={loaded:!0},window.RS_MODULES.checkMinimal())})):"complete"!==document.readyState&&"interactive"!==document.readyState||(X(),window.RS_MODULES.DOM={loaded:!0}),window.RS_MODULES.checkMinimal=function(){if(0==window.RS_MODULES.minimal){var i=1==window.RS_MODULES.minimal||window.RS_MODULES.waiting!==t&&e.fn.revolution!==t&&window.tpGS!==t&&window.tpGS.gsap!==t;if(i)for(var a in window.RS_MODULES.waiting)window.RS_MODULES.waiting.hasOwnProperty(a)&&"function"!=typeof window.RS_MODULES.waiting[a]&&i&&window.RS_MODULES[window.RS_MODULES.waiting[a]]===t&&(i=!1);i&&(!0!==window.RS_MODULES.minimal&&e(document).trigger("REVSLIDER_READY_TO_USE"),window.RS_MODULES.minimal=!0)}else window.RS_MODULES.minimal=!0;!0===window.RS_MODULES.minimal&&window.RS_MODULES.callSliders()},window.RS_MODULES.checkMinimal()}(jQuery),function($,undefined){"use strict";var version="6.6.0";jQuery.fn.revolution=jQuery.fn.revolution||{};var _R=jQuery.fn.revolution;jQuery.extend(!0,_R,{checkActions:function(e,t){e===undefined?moduleEnterLeaveActions(t):checkActions_intern(e,t)},delayer:function(e,t,i){_R[e].timeStamps=_R[e].timeStamps===undefined?{}:_R[e].timeStamps;var a=(new Date).getTime(),r=_R[e].timeStamps[i]===undefined?parseInt(t)+100:a-_R[e].timeStamps[i],o=parseInt(r)>t;return o&&(_R[e].timeStamps[i]=a),o},getURLDetails:function(e){(e=e===undefined?{}:e).url=e.url===undefined?window.location.href:e.url,e.url=e.url.replace("www",""),e.protocol=0===e.url.indexOf("http://")?"http://":0===e.url.indexOf("https://")?"https://":0===e.url.indexOf("//")?"//":"relative";var t=e.url.replace("https://","");t=t.replace("http://",""),"relative"===e.protocol&&(t=t.replace("//","")),t=t.split("#"),e.anchor=(e.anchor===undefined||""==e.anchor||0==e.anchor.length)&&t.length>1?t[1]:e.anchor===undefined?"":e.anchor.replace("#",""),e.anchor=e.anchor.split("?"),e.queries=t[0].split("?"),e.queries=e.queries.length>1?e.queries[1]:"",e.queries=e.queries.length>1?e.queries[1]:e.anchor.length>1?e.anchor[1]:e.queries,e.anchor=e.anchor[0];(t=t[0]).split("/");var i=t.split("/");return e.host=i[0],i.splice(0,1),e.path="/"+i.join("/"),"/"==e.path[e.path.length-1]&&(e.path=e.path.slice(0,-1)),e.origin="relative"!==e.protocol?e.protocol+e.host:window.location.origin.replace("www","")+window.location.pathname,e.hash=(""!==e.queries&&e.queries!==undefined?"?"+e.queries:"")+(""!==e.anchor&&e.anchor!==undefined?"#"+e.anchor:""),e},scrollToId:function(e){if(_R.scrollToObj=e,!window.isSafari11){var t=tpGS.gsap.getProperty("html","scrollBehavior"),i=tpGS.gsap.getProperty("body","scrollBehavior");tpGS.gsap.set("html,body",{scrollBehavior:"auto"}),e.scrollBehaviorHtml=t,e.scrollBehaviorBody=i}_R.calcScrollToId()},calcScrollToId:function(){if(_R.scrollToObj){var e=_R.scrollToObj,t=e.tween&&e.tween.progress?e.tween.progress():0;e.tween&&e.tween.kill&&e.tween.kill(),e.startScrollPos!==undefined&&null!==e.startScrollPos||(e.startScrollPos=_R[e.id].modal.useAsModal?_R[e.id].cpar.scrollTop():_R.document.scrollTop());var i="scrollbelow"===e.action?(getOffContH(_R[e.id].fullScreenOffsetContainer)||0)-(parseInt(e.offset,0)||0)||0:0-(parseInt(e.offset,0)||0),a="scrollbelow"===e.action?_R[e.id].c:jQuery("#"+e.anchor),r=a.length>0?a.offset().top:0,o={_y:_R[e.id].modal.useAsModal?_R[e.id].cpar[0].scrollTop:window.pageYOffset!==document.documentElement.scrollTop?0!==window.pageYOffset?window.pageYOffset:document.documentElement.scrollTop:window.pageYOffset};r+="scrollbelow"===e.action?_R[e.id].sbtimeline.fixed?_R[e.id].cpar.parent().height()+_R[e.id].fullScreenOffsetResult:jQuery(_R[e.id].slides[0]).height():0,e.tween=tpGS.gsap.fromTo(o,e.speed/1e3,{_y:e.startScrollPos},{_y:r-i,ease:e.ease,onUpdate:function(){_R[e.id].modal.useAsModal?_R[e.id].cpar.scrollTop(o._y):_R.document.scrollTop(o._y)},onComplete:function(){e.hash!==undefined&&history.pushState(null,null,e.hash),window.isSafari11||(tpGS.gsap.set("html",{scrollBehavior:e.scrollBehaviorHtml}),tpGS.gsap.set("body",{scrollBehavior:e.scrollBehaviorBody})),_R.scrollToObj&&(_R.scrollToObj.tween&&(_R.scrollToObj.tween.kill(),_R.scrollToObj.tween=null),_R.scrollToObj.startScrollPos=null,_R.scrollToObj=null)}}),e.tween.progress(t)}}});var moduleEnterLeaveActions=function(e){!_R[e].moduleActionsPrepared&&_R[e].c[0].getElementsByClassName("rs-on-sh").length>0&&(_R[e].c.on("tp-mouseenter",(function(){_R[e].mouseoncontainer=!0;var t,i=_R[e].pr_next_key!==undefined?_R[e].pr_next_key:_R[e].pr_processing_key!==undefined?_R[e].pr_processing_key:_R[e].pr_active_key!==undefined?_R[e].pr_active_key:_R[e].pr_next_key;if("none"!==i&&i!==undefined){if((i=_R.gA(_R[e].slides[i],"key"))!==undefined&&_R[e].layers[i])for(t in _R[e].layers[i])_R[e].layers[i][t].className.indexOf("rs-on-sh")>=0&&_R.renderLayerAnimation({layer:jQuery(_R[e].layers[i][t]),frame:"frame_1",mode:"trigger",id:e});for(t in _R[e].layers.static)_R[e].layers.static[t].className.indexOf("rs-on-sh")>=0&&_R.renderLayerAnimation({layer:jQuery(_R[e].layers.static[t]),frame:"frame_1",mode:"trigger",id:e})}})),_R[e].c.on("tp-mouseleft",(function(){_R[e].mouseoncontainer=!0;var t,i=_R[e].pr_next_key!==undefined?_R[e].pr_next_key:_R[e].pr_processing_key!==undefined?_R[e].pr_processing_key:_R[e].pr_active_key!==undefined?_R[e].pr_active_key:_R[e].pr_next_key;if("none"!==i&&i!==undefined){if((i=_R.gA(_R[e].slides[i],"key"))!==undefined&&_R[e].layers[i])for(t in _R[e].layers[i])_R[e].layers[i][t].className.indexOf("rs-on-sh")>=0&&_R.renderLayerAnimation({layer:jQuery(_R[e].layers[i][t]),frame:"frame_999",mode:"trigger",id:e});for(t in _R[e].layers.static)_R[e].layers.static[t].className.indexOf("rs-on-sh")>=0&&_R.renderLayerAnimation({layer:jQuery(_R[e].layers.static[t]),frame:"frame_999",mode:"trigger",id:e})}}))),_R[e].moduleActionsPrepared=!0},checkActions_intern=function(layer,id){var actions=_R.gA(layer[0],"actions");if("RS-COLUMN"==layer[0].tagName){var wrap=_R.closestNode(layer[0],"RS-COLUMN-WRAP");null!==wrap&&wrap!==undefined&&(_R.sA(wrap,"action",actions),layer=jQuery(wrap))}var _L=layer.data();for(var ei in actions=actions.split("||"),layer.addClass("rs-waction"),_L.events=_L.events===undefined?[]:_L.events,actions)if(actions.hasOwnProperty(ei)){var event=getEventParams(actions[ei].split(";"));_L.events.push(event),"click"===event.on&&layer[0].classList.add("rs-wclickaction"),_R[id].fullscreen_esclistener||"exitfullscreen"!=event.action&&"togglefullscreen"!=event.action||(_R.document.keyup((function(e){27==e.keyCode&&jQuery("#rs-go-fullscreen").length>0&&layer.trigger(event.on)})),_R[id].fullscreen_esclistener=!0);var targetlayer="backgroundvideo"==event.layer?jQuery("rs-bgvideo"):"firstvideo"==event.layer?jQuery("rs-slide").find(".rs-layer-video"):jQuery("#"+event.layer);switch(-1!=jQuery.inArray(event.action,["toggleslider","toggle_mute_video","toggle_global_mute_video","togglefullscreen"])&&(_L._togglelisteners=!0),event.action){case"togglevideo":jQuery.each(targetlayer,(function(){updateToggleByList(jQuery(this),"videotoggledby",layer[0].id)}));break;case"togglelayer":jQuery.each(targetlayer,(function(){updateToggleByList(jQuery(this),"layertoggledby",layer[0].id),jQuery(this).data("triggered_startstatus",event.togglestate)}));break;case"toggle_global_mute_video":case"toggle_mute_video":jQuery.each(targetlayer,(function(){updateToggleByList(jQuery(this),"videomutetoggledby",layer[0].id)}));break;case"toggleslider":_R[id].slidertoggledby==undefined&&(_R[id].slidertoggledby=[]),_R[id].slidertoggledby.push(layer[0].id);break;case"togglefullscreen":_R[id].fullscreentoggledby==undefined&&(_R[id].fullscreentoggledby=[]),_R[id].fullscreentoggledby.push(layer[0].id)}}_R[id].actionsPrepared=!0,_R[id].actionListenerHook=_R[id].actionListenerHook==undefined?{_on:""}:_R[id].actionListenerHook,layer.on("click mouseenter mouseleave "+_R[id].actionListenerHook._on,(function(e){for(var i in _L.events)if(_L.events.hasOwnProperty(i)&&_L.events[i].on.includes(e.type)){var event=_L.events[i];if(!(event.repeat!==undefined&&event.repeat>0)||_R.delayer(id,1e3*event.repeat,_L.c[0].id+"_"+event.action)){if("click"===event.on&&layer.hasClass("tp-temporarydisabled"))return!1;(""+event.layer).includes("layer-sta_")&&(_R[id].staticPrefix=_R[id].staticPrefix?_R[id].staticPrefix:Object.keys(_R[id].layers.static)[0],(""+_R[id].staticPrefix).includes("layer-")&&(event.layer=_R[id].staticPrefix.split("layer-")[0]+"layer-"+event.layer.split("layer-sta_")[1]));var targetlayer="backgroundvideo"==event.layer?jQuery(_R[id].slides[_R[id].pr_active_key]).find("rs-sbg-wrap rs-bgvideo"):"firstvideo"==event.layer?jQuery(_R[id].slides[_R[id].pr_active_key]).find(".rs-layer-video").first():jQuery("#"+event.layer),tex=targetlayer.length>0;if(""!=_R[id].actionListenerHook._on&&"click"!==e.type&&"mouseenter"!==e.type&&"mouseleave"!==e.type){var keepgoing=!0;for(var cbs in _R[id].actionListenerHook.callBacks){if(!0!==keepgoing)break;_R[id].actionListenerHook.callBacks.hasOwnProperty(cbs)&&"function"==typeof _R[id].actionListenerHook.callBacks[cbs]&&(keepgoing=_R[id].actionListenerHook.callBacks[cbs]({event:event,layer:layer,targetlayer:targetlayer,L:_L}))}if(!keepgoing)continue}switch(event.action){case"menulink":var linkto=_R.getURLDetails({url:event.url,anchor:event.anchor}),linkfrom=_R.getURLDetails();linkto.host==linkfrom.host&&linkto.path==linkfrom.path&&"_self"===event.target?_R.scrollToId({id:id,offset:event.offset,action:event.action,anchor:event.anchor,hash:linkto.hash,speed:event.speed,ease:event.ease}):"_self"===event.target?window.location=linkto.url+(linkto.anchor!==undefined&&""!==linkto.anchor?"#"+linkto.anchor:""):window.open(linkto.url+(linkto.anchor!==undefined&&""!==linkto.anchor?"#"+linkto.anchor:"")),e.preventDefault();break;case"getAccelerationPermission":_R.getAccelerationPermission(id);break;case"nextframe":case"prevframe":case"gotoframe":case"togglelayer":case"toggleframes":case"startlayer":case"stoplayer":if(targetlayer[0]===undefined)continue;var _=_R[id]._L[targetlayer[0].id],frame=event.frame,tou="triggerdelay";if("click"===e.type&&_.clicked_time_stamp!==undefined&&(new Date).getTime()-_.clicked_time_stamp<300)return;if("mouseenter"===e.type&&_.mouseentered_time_stamp!==undefined&&(new Date).getTime()-_.mouseentered_time_stamp<300)return;if(clearTimeout(_.triggerdelayIn),clearTimeout(_.triggerdelayOut),clearTimeout(_.triggerdelay),"click"===e.type&&(_.clicked_time_stamp=(new Date).getTime()),"mouseenter"===e.type&&(_.mouseentered_time_stamp=(new Date).getTime()),"mouseleave"===e.type&&(_.mouseentered_time_stamp=undefined),"nextframe"===event.action||"prevframe"===event.action){_.forda=_.forda===undefined?getFordWithAction(_):_.forda;var inx=jQuery.inArray(_.currentframe,_.ford);for("nextframe"===event.action&&inx++,"prevframe"===event.action&&inx--;"skip"!==_.forda[inx]&&inx>0&&inx<_.forda.length-1;)"nextframe"===event.action&&inx++,"prevframe"===event.action&&inx--,inx=Math.min(Math.max(0,inx),_.forda.length-1);frame=_.ford[inx]}jQuery.inArray(event.action,["toggleframes","togglelayer","startlayer","stoplayer"])>=0&&(_.triggeredstate="startlayer"===event.action||"togglelayer"===event.action&&"frame_1"!==_.currentframe||"toggleframes"===event.action&&_.currentframe!==event.frameN,"togglelayer"===event.action&&!0===_.triggeredstate&&_.currentframe!==undefined&&"frame_999"!==_.currentframe&&(_.triggeredstate=!1),frame=_.triggeredstate?"toggleframes"===event.action?event.frameN:"frame_1":"toggleframes"===event.action?event.frameM:"frame_999",tou=_.triggeredstate?"triggerdelayIn":"triggerdelayOut",_.triggeredstate?_R.toggleState(_.layertoggledby):(_R.stopVideo&&_R.stopVideo(targetlayer,id),_R.unToggleState(_.layertoggledby)));var pars={layer:targetlayer,frame:frame,mode:"trigger",id:id};!0===event.children&&(pars.updateChildren=!0,pars.fastforward=!0),_R.renderLayerAnimation&&(clearTimeout(_[tou]),_[tou]=setTimeout((function(e){_R.renderLayerAnimation(e)}),1e3*event.delay,pars));break;case"playvideo":tex&&_R.playVideo(targetlayer,id);break;case"stopvideo":tex&&_R.stopVideo&&_R.stopVideo(targetlayer,id);break;case"togglevideo":tex&&(_R.isVideoPlaying(targetlayer,id)?_R.stopVideo&&_R.stopVideo(targetlayer,id):_R.playVideo(targetlayer,id));break;case"mutevideo":tex&&_R.Mute(targetlayer,id,!0);break;case"unmutevideo":tex&&_R.Mute&&_R.Mute(targetlayer,id,!1);break;case"toggle_mute_video":tex&&(_R.Mute(targetlayer,id)?_R.Mute(targetlayer,id,!1):_R.Mute&&_R.Mute(targetlayer,id,!0));break;case"toggle_global_mute_video":var pvl=_R[id].playingvideos!=undefined&&_R[id].playingvideos.length>0;pvl&&(_R[id].globalmute?jQuery.each(_R[id].playingvideos,(function(e,t){_R.Mute&&_R.Mute(t,id,!1)})):jQuery.each(_R[id].playingvideos,(function(e,t){_R.Mute&&_R.Mute(t,id,!0)}))),_R[id].globalmute=!_R[id].globalmute;break;default:tpGS.gsap.delayedCall(event.delay,(function(targetlayer,id,event,layer){switch(event.action){case"openmodal":_R.openModalAPI(event.modal,event.modalslide===undefined?0:event.modalslide,_R[id].ajaxUrl,!0,id,event);break;case"closemodal":_R.revModal(id,{mode:"close"});break;case"callback":eval(event.callback);break;case"simplelink":window.open(event.url,event.target);break;case"simulateclick":targetlayer.length>0&&targetlayer.trigger("click");break;case"toggleclass":targetlayer.length>0&&targetlayer.toggleClass(event.classname);break;case"scrollbelow":case"scrollto":"scrollbelow"===event.action&&layer.addClass("tp-scrollbelowslider"),_R.scrollToId({id:id,offset:event.offset,action:event.action,anchor:event.id,speed:event.speed,ease:event.ease});break;case"jumptoslide":switch(_R[id].skipAttachDetach=!0,event.slide.toLowerCase()){case"rs-random":var ts=Math.min(Math.max(0,Math.ceil(Math.random()*_R[id].realslideamount)-1));ts=_R[id].activeRSSlide==ts?ts>0?ts-1:ts+1:ts,_R.callingNewSlide(id,_R[id].slides[ts].dataset.key,"carousel"===_R[id].sliderType);break;case"+1":case"next":case"rs-next":_R[id].sc_indicator="arrow",_R[id].sc_indicator_dir=0,_R.callingNewSlide(id,1,"carousel"===_R[id].sliderType);break;case"rs-previous":case"rs-prev":case"previous":case"prev":case"-1":_R[id].sc_indicator="arrow",_R[id].sc_indicator_dir=1,_R.callingNewSlide(id,-1,"carousel"===_R[id].sliderType);break;case"first":case"rs-first":_R[id].sc_indicator="arrow",_R[id].sc_indicator_dir=1,_R.callingNewSlide(id,0,"carousel"===_R[id].sliderType);break;case"last":case"rs-last":_R[id].sc_indicator="arrow",_R[id].sc_indicator_dir=0,_R.callingNewSlide(id,_R[id].slideamount-1,"carousel"===_R[id].sliderType);break;default:var ts=_R.isNumeric(event.slide)?parseInt(event.slide,0):event.slide;_R.callingNewSlide(id,ts,"carousel"===_R[id].sliderType)}break;case"toggleslider":_R[id].noloopanymore=0,"playing"==_R[id].sliderstatus?(_R[id].c.revpause(),_R[id].forcepaused=!0,_R.unToggleState(_R[id].slidertoggledby)):(_R[id].forcepaused=!1,_R[id].c.revresume(),_R.toggleState(_R[id].slidertoggledby));break;case"pauseslider":_R[id].c.revpause(),_R.unToggleState(_R[id].slidertoggledby);break;case"playslider":_R[id].noloopanymore=0,_R[id].c.revresume(),_R.toggleState(_R[id].slidertoggledby);break;case"gofullscreen":case"exitfullscreen":case"togglefullscreen":var gf;tpGS.gsap.set(_R[id].parallax.bgcontainers,{y:0}),jQuery(".rs-go-fullscreen").length>0&&("togglefullscreen"==event.action||"exitfullscreen"==event.action)?(jQuery(".rs-go-fullscreen").removeClass("rs-go-fullscreen"),gf=_R[id].c.closest("rs-fullwidth-wrap").length>0?_R[id].c.closest("rs-fullwidth-wrap"):_R[id].c.closest("rs-module-wrap"),_R[id].minHeight=_R[id].oldminheight,_R[id].infullscreenmode=!1,_R[id].c.revredraw(),_R[id].c.revredraw(),jQuery(window).trigger("resize"),_R.unToggleState(_R[id].fullscreentoggledby)):0!=jQuery(".rs-go-fullscreen").length||"togglefullscreen"!=event.action&&"gofullscreen"!=event.action||(gf=_R[id].c.closest("rs-fullwidth-wrap").length>0?_R[id].c.closest("rs-fullwidth-wrap"):_R[id].c.closest("rs-module-wrap"),gf.addClass("rs-go-fullscreen"),_R[id].oldminheight=_R[id].minHeight,_R[id].minHeight=_R.getWinH(id),_R[id].infullscreenmode=!0,jQuery(window).trigger("resize"),_R.toggleState(_R[id].fullscreentoggledby),_R[id].c.revredraw());break;default:_R[id].c.trigger("layeraction",[event.action,layer,event])}}),[targetlayer,id,event,layer])}}}}))};function getFordWithAction(e){var t=[];for(var i in e.ford)e.frames[e.ford[i]].timeline.waitoncall?t.push(e.ford[i]):t.push("skip");return t}function updateToggleByList(e,t,i){var a=e.data(t);a===undefined&&(a=[]),a.push(i),e.data(t,a)}function getEventParams(e){var t={on:"click",delay:0,ease:"power2.out",speed:400};for(var i in e)if(e.hasOwnProperty(i)){var a=e[i].split(":");switch(a.length>2&&"call"===a[0]&&(a[1]=a.join(":").replace(a[0]+":","")),a[0]){case"modal":t.modal=a[1];break;case"ms":t.modalslide=a[1];break;case"m":t.frameM=a[1];break;case"n":t.frameN=a[1];break;case"o":t.on="click"===a[1]||"c"===a[1]?"click":"ml"===a[1]||"mouseleave"===a[1]?"mouseleave":"mouseenter"===a[1]||"me"===a[1]?"mouseenter":a[1];break;case"d":t.delay=parseInt(a[1],0)/1e3,t.delay="NaN"===t.delay||isNaN(t.delay)?0:t.delay;break;case"rd":t.repeat=parseInt(a[1],0)/1e3,t.repeat="NaN"===t.repeat||isNaN(t.repeat)?0:t.repeat;break;case"a":t.action=a[1];break;case"f":t.frame=a[1];break;case"slide":t.slide=a[1];break;case"layer":t.layer=a[1];break;case"sp":t.speed=parseInt(a[1],0);break;case"e":t.ease=a[1];break;case"ls":t.togglestate=a[1];break;case"offset":t.offset=a[1];break;case"call":t.callback=a[1];break;case"url":t.url="";for(var r=1;r<a.length;r++)t.url+=a[r]+(r===a.length-1?"":":");break;case"target":t.target=a[1];break;case"class":t.classname=a[1];break;case"ch":t.children="true"==a[1]||1==a[1]||"t"==a[1];break;default:a[0].length>0&&""!==a[0]&&(t[a[0]]=a[1])}}return t}var getOffContH=function(e){if(e==undefined)return 0;if(e.split(",").length>1){var t=e.split(","),i=0;return t&&jQuery.each(t,(function(e,t){jQuery(t).length>0&&(i+=jQuery(t).outerHeight(!0))})),i}return jQuery(e).height()};window.RS_MODULES=window.RS_MODULES||{},window.RS_MODULES.actions={loaded:!0,version:version},window.RS_MODULES.checkMinimal&&window.RS_MODULES.checkMinimal()}(jQuery),function(e){"use strict";jQuery.fn.revolution=jQuery.fn.revolution||{};var t=jQuery.fn.revolution;jQuery.extend(!0,t,{prepareCarousel:function(e,i,a,r){if(void 0!==e){var s=t[e].carousel;s.slidesWithRowAdjustions={},i=s.lastdirection=o(i,s.lastdirection),t.setCarouselDefaults(e,void 0,r),t.organiseCarousel(e,"right",!0,!1,!1),void 0!==s.swipeTo&&t.isNumeric(s.swipeTo)?void 0!==a?t.swipeAnimate({id:e,to:s.swipeTo,distance:s.swipeToDistance,direction:i,fix:!0,speed:a}):t.swipeAnimate({id:e,to:s.swipeTo,distance:s.swipeToDistance,direction:i,fix:!0}):t.swipeAnimate({id:e,to:0,direction:i,speed:0}),"carousel"!==t[e].sliderType||s.fadein||(tpGS.gsap.to(t[e].canvas,1,{scale:1,opacity:1}),s.fadein=!0)}},setupCarousel:function(e){var o=t[e].carousel;"v"==o.orientation?(o.length="height",o.translate="y",o.slide_dims="slide_heights",o.deltaT="deltaY",o.sliderLength="sliderHeight",o.slide_length="slide_height",o.wraplength="wrapheight",o.align="0%"===o.vertical_align?"start":"50%"===o.vertical_align?"center":"end",!o.snap||o.justify||o.infinity||(o.forceBAlign=!0)):(o.length="width",o.translate="x",o.slide_dims="slide_widths",o.deltaT="deltaX",o.sliderLength="sliderWidth",o.slide_length="slide_width",o.wraplength="wrapwidth",o.align="left"===o.horizontal_align?"start":"center"===o.horizontal_align?"center":"end"),o[o.sliderLength]=t[e].canv[o.length],o.proxy=document.createElement("div"),o.follower=document.createElement("div"),o.slideamount=t[e].slideamount,o.infinity||o.snap||(t[e].carousel.align="start"),r(e),a(e,o.align),o.inited=!0,o.lerpHandler=t.carLerpHandler.bind(this,e),void 0===o.animInList&&(o.animInList=[]),o.draggableObj={trigger:t[e].c[0],type:o.translate,edgeResistance:.5,zIndexBoost:!1,cursor:"grab",activeCursor:"grabbing",allowContextMenu:!0,inertia:!0,throwResistance:o.snap?8e3:500,onPress:function(i){t.closestClass(i.target,"rs-nav-element")?(o.draggable.endDrag(),o.draggable.disable()):t[e].c.trigger("stoptimer"),o.focusedOnPress=o.focused,o.isPressed=!0,o.fromWheel=!1,o.cX=o.lerpX=this.pointerX,o.cY=o.lerpY=this.pointerY,o.tween&&o.tween.kill&&(o.tween.kill(),delete o.tween)},onClick:function(i){o.isPressed=!1,t.closestClass(i.target,"rs-nav-element")||t.closestClass(i.target,"rs-waction")||o.draggable.enabled()&&!1===t[e].carousel.stopOnClick&&t[e].c.trigger("starttimer")},onDragStart:function(){o.lerpSpeed=.1,o.lerp||(o.lerp=requestAnimationFrame(o.lerpHandler)),t.ISM&&o.forceBAlign&&("up"===this.getDirection()&&o.focused==o.slideamount-1||"down"===this.getDirection()&&0==o.focused?o.forceScroll=!0:o.forceScroll=!1)},onDrag:function(){o.cX=this.pointerX,o.cY=this.pointerY},snap:function(i){var a;return t.getLastPos(e),o.isPressed=!1,o.forceScroll&&o.forceBAlign?(a="up"===this.getDirection()?t[e].cpar.offset().top+t[e].module.height:t.document.scrollTop()-(window.innerHeight-t[e].cpar[0].getBoundingClientRect().top),t[e].modal.useAsModal||tpGS.gsap.to([window,"body"],{scrollTo:a}),o.focused!=o.slideamount-1||o.infinity?o.lastPos:o[o.wraplength]-o.totalWidth):(t.calculateSnap(e,i),i)}},o.draggable=tpGS.draggable.create(o.proxy,o.draggableObj)[0],t[e].c.one("revolution.slide.onchange",(function(){i(e)}))},positionCarousel:function(e){var i=t[e].carousel;if(i[i.sliderLength]=t[e].canv[i.length],i.draggable&&!i.draggable.isPressed){for(var a=0,o=0;o<i.slideamount;o++)i.arr[o].elem===t[e].slides[i.closest]&&(a=i.arr[o].prog);if(Number.isNaN(a)&&(a=0),r(e),t.ISM&&t[e].navigation.touch.mobileCarousel||!0!==t.ISM&&t[e].navigation.touch.desktopCarousel?(i.draggable.vars.cursor="grab",i.draggable.enable()):(i.draggable.vars.cursor="pointer",i.draggable.disable()),t[e].carousel.justify){i.wrapperWidth=0;for(o=0;o<t[e].carousel[i.slide_dims].length;o++)i.wrapperWidth+=t[e].carousel[i.slide_dims][o]}else i.wrapperWidth=i.slide_width*t[e].slides.length;void 0===i.focused&&(i.focused=0),i.activeSlide=i.oldfocused=void 0===i.focused||void 0===i.closest?0:i.closest;for(o=0;o<i.arr.length;o++)t.updateSlideWidth(e,o);var s,n,l=0;i.lastWrapwidth=i.wrapwidth,i.lastWrapheight=i.wrapheight,n=s="start"===t[e].carousel.align?0:"center"===t[e].carousel.align?(i[i.wraplength]-i.arr[i.activeSlide][i.length])/2:i[i.wraplength]-i.arr[i.activeSlide][i.length],i.infinity||"v"!==i.orientation||i.activeSlide!=i.slideamount-1||(s=i[i.wraplength]-i.arr[i.activeSlide][i.length]),tpGS.gsap.set([i.proxy,i.follower],{x:s,y:s});var d=i.arr[0][i.length]*a;if(i.infinity){for(o=i.activeSlide;o<i.arr.length;o++)o!==i.activeSlide&&(l+=i.space),"h"===i.orientation?tpGS.gsap.set(i.arr[o].elem,{x:l+s+d}):tpGS.gsap.set(i.arr[o].elem,{y:l+s+d}),i.arr[o].posX=l+s+d,i.arr[o][i.translate]=l+s+d,l+=i.arr[o][i.length];var c=s+d;for(o=i.activeSlide-1;o>=0;o--)c-=i.arr[o][i.length]+i.space,i.arr[o].posX=c+d,i.arr[o][i.translate]=c,"h"===i.orientation?tpGS.gsap.set(i.arr[o].elem,{x:c}):tpGS.gsap.set(i.arr[o].elem,{y:c}),l+=i.arr[o][i.length]+i.space}else{var p=0;for(o=0;o<i.arr.length;o++)o>0&&(l+=i.space),o==i.activeSlide&&(p+=l),i.arr[o].posX=l+s+d,i.arr[o][i.translate]=l+s+d,"h"===i.orientation?tpGS.gsap.set(i.arr[o].elem,{x:l+s+d}):tpGS.gsap.set(i.arr[o].elem,{y:l+s+d}),l+=i.arr[o][i.length];tpGS.gsap.set([i.proxy,i.follower],{x:s-p,y:s-p}),"h"===i.orientation?tpGS.gsap.set([t[e].slides],{x:"-="+p}):tpGS.gsap.set([t[e].slides],{y:"-="+p});for(o=0;o<i.arr.length;o++)i.arr[o].posX-=p,i.arr[o][i.translate]-=p}if(i.startOffset=n,t.swapCarouselSlides(e,!0),i.infinity?i.draggable.applyBounds({minX:-1/0,maxX:1/0}):!i.infinity&&i.snap?i.draggable.applyBounds({minX:-(i.startOffset+l),maxX:i.startOffset}):i.infinity||i.snap||i.draggable.applyBounds({minX:i.wrapwidth-l,maxX:0}),i.lastActiveSlide=i.activeSlide,i.totalWidth=l,i.lastTotalWidth=l,"off"!==i.spin){var g=i[i.slide_length]/2;i.spinAngle=Math.max(Math.min(i.spinAngle,360/i.arr.length),-360/i.arr.length);var u=g/Math.sin(i.spinAngle/2*Math.PI/180);i.spinR=(Math.sqrt(u*u-g*g)+i.space)*Math.sign(i.spinAngle),"2d"===i.spin&&"h"===i.orientation?i.spinR+=(i.spinAngle<=0?0:1)*("fullscreen"===t[e].sliderLayout?i.wrapheight:i.slide_height):"2d"===i.spin&&(i.spinR+=(i.spinAngle<=0?0:1)*("fullscreen"===t[e].sliderLayout?i.wrapwidth:i.slide_width))}for(o=0;o<i.trackArr.length;o++)for(var h=0;h<i.arr.length;h++)i.trackArr[o].elem===i.arr[h].elem&&(i.trackArr[o].width=i.arr[h].width,i.trackArr[o].height=i.arr[h].height);t.swapCarouselSlides(e,!0),t.applyDistanceEffect(e),t.swipeAnimate({id:e,from:"none"})}},updateSlideWidth:function(e,i){var a=t[e].carousel;if(a.justify)for(var r=0;r<t[e].slides.length;r++)t[e].slides[r]===a.arr[i].elem&&(a.arr[i][a.length]=a[a.slide_dims][r]);else a.arr[i][a.length]=a[a.slide_length]},swapCarouselSlides:function(e){var i=t[e].carousel,a=!0;if(i.infinity&&!(i.totalWidth<i[i.wraplength]))for(var r;a;){var o=parseFloat(i.arr[0][i.translate])>0||void 0!==i.arr[0].progress&&i.arr[0].progress<=i.maxVisibleItems/2&&!(i.arr[i.arr.length-1].progress<=i.maxVisibleItems/2)&&parseFloat(i.arr[i.arr.length-1][i.translate])>=i[i.wraplength],s=parseFloat(i.arr[i.arr.length-1][i.translate])<i[i.wraplength]-i.arr[i.arr.length-1][i.length]||void 0!==i.arr[i.arr.length-1].progress&&i.arr[i.arr.length-1].progress<=i.maxVisibleItems/2&&!(i.arr[0].progress<=i.maxVisibleItems/2)&&parseFloat(i.arr[0][i.translate])+i.arr[0][i.length]<=0;if(o){var n=parseFloat(i.arr[0][i.translate])-i.space,l=i.arr.pop();i.arr.unshift(l),r===l&&(a=!1),r=l,i.arr[0].posX=i.arr[0][i.translate]=n-i.arr[0][i.length],t.getCarActiveSlide(e)}else if(s){n=parseFloat(i.arr[i.arr.length-1][i.translate])+i.space,l=i.arr.shift();i.arr.push(l),r===l&&(a=!1),r=l,i.arr[i.arr.length-1].posX=i.arr[i.arr.length-1][i.translate]=n+i.arr[i.arr.length-2][i.length],t.getCarActiveSlide(e)}else a=!1}},onThrowComplete:function(e){var a=t[e].carousel;"carousel"!==t[e].sliderType||a.fadein||(tpGS.gsap.to(t[e].canvas,1,{scale:1,opacity:1}),a.fadein=!0),t.getCarActiveSlide(e,!0);for(var r=a.arr[a.activeSlide],o=0;o<t[e].slides.length;o++){if(t[e].slides[o]===r.elem){if(a.focused=parseFloat(o),t[e].pr_next_key=a.focused,a.animInList.includes(a.oldfocused.toString())||a.animInList.push(a.oldfocused.toString()),"all"!==a.showLayersAllTime)for(;a.animInList.length>=1;){var s=a.animInList.pop();a.focused!=s&&t.removeTheLayers(jQuery(t[e].slides[s]),e)}for(var n in t.callingNewSlide(e,t[e].slides[o].getAttribute("data-key"),!0,!0),t[e].c.trigger("revolution.nextslide.waiting"),i(e),a.focused!=a.oldfocused&&"all"!==a.showLayersAllTime&&(a.animInList.includes(a.focused.toString())||a.animInList.push(a.focused.toString()),t.animateTheLayers({slide:a.focused,id:e,mode:"start"}),t.animateTheLayers({slide:"individual",id:e,mode:t[e].carousel.allLayersStarted?"rebuild":"start"})),t[e].sbgs)t[e].sbgs.hasOwnProperty(n)&&void 0!==t[e].sbgs[n].bgvid&&0!==t[e].sbgs[n].bgvid.length&&(""+t[e].sbgs[n].skeyindex==""+a.focused?t.playBGVideo(e,t.gA(t[e].pr_next_slide[0],"key")):t.stopBGVideo(e,t[e].sbgs[n].key));a.oldfocused=a.focused}for(var l=t[e].slides[o].querySelectorAll(".rs-on-car"),d=0;d<l.length;d++)t[e].slides[o]!==r.elem&&l[d].classList.contains("rs-layer-video")&&t[e].videos[l[d].id].pauseOnSlideChange&&t.stopVideo(jQuery(l[d]),e)}a.draggable[a.deltaT]=0,t[e].c.trigger("restarttimer")},calculateSnap:function(e,i){var a=t[e].carousel;tpGS.gsap.killTweensOf(a.proxy,a.translate);var r="v"===a.orientation?i-a.draggable.endY:i-a.draggable.endX;Math.abs(r)<3&&(r=0);var o,s=!0,n="v"===a.orientation?Math.abs(a.draggable.endY-a.draggable.startY):Math.abs(a.draggable.endX-a.draggable.startX);if(a.focusedPreSnap=a.focused,a.snap){o=a.direction=a.draggable[a.deltaT]>=0?"right":"left";var l=t.getNextSlide(e,r,o,!0,n<300);r=l.delta,s=l.overshoot,a.target=l.target}else a.target=i;if((!a.infinity&&!a.snap||!a.infinity&&"v"===a.orientation)&&(a.target<=a[a.wraplength]-a.totalWidth?a.target=a[a.wraplength]-a.totalWidth:a.target>=0&&!a.snap&&(a.target=0)),a.swiped=!0,a.overshoot&&s){tpGS.gsap.to(a,{duration:a.snap?.3:.5,lerpSpeed:.8}),s=Math.min(0===a.draggable[a.deltaT]?Math.abs(r)/20:Math.abs(a.draggable[a.deltaT])/2,a[a.wraplength]/4)*Math.sign(r);var d=Math.abs(s/100);a.time=Math.min(Math.max(d/10,a.speed/1e3*.6),a.speed/1e3),a.tween=tpGS.gsap.timeline({onComplete:function(){t.snapCompleted(e)}}),a.tween.to(a.proxy,{x:a.target+s,y:a.target+s,duration:a.time,ease:"power2.out"}).to(a.proxy,{x:a.target,y:a.target,duration:Math.min(2*a.time,.6),ease:a.easing.replace(".inOut",".out").replace(".in",".out")},"overshoot").to(a,{duration:Math.min(2*a.time,.6),lerpSpeed:1},"overshoot")}else d=Math.abs(r/100),a.time=Math.min(Math.max(d/10,a.speed/1e3*.6),a.speed/1e3),a.tween=tpGS.gsap.to(a.proxy,{x:a.target,y:a.target,duration:a.time,ease:a.easing.replace(".inOut",".out").replace(".in",".out"),onComplete:function(){t.snapCompleted(e)}}),tpGS.gsap.to(a,{duration:a.time,lerpSpeed:1})},carLerpHandler:function(e,i){var a=t[e].carousel;"skip"!==i&&(a.lerp=requestAnimationFrame(a.lerpHandler));var r=parseFloat(a.proxy._gsap[a.translate]),o=parseFloat(a.follower._gsap[a.translate]),s=o+(r-o)*a.lerpSpeed-o;"mousedrag"==t[e].parallax.type&&(a.delta=s,a.lerpX=a.lerpX+(a.cX-a.lerpX)*a.lerpSpeed,a.lerpY=a.lerpY+(a.cY-a.lerpY)*a.lerpSpeed,t[e].parallax.frame=window.requestAnimationFrame(t[e].parallax.parallaxHandler)),tpGS.gsap.set(t[e].canvas,{skewX:a.skewX*Math.max(-1,Math.min(1,s/100)),skewY:a.skewY*Math.max(-1,Math.min(1,s/100))}),"h"===a.orientation?(tpGS.gsap.set(a.follower,{x:"+="+s}),tpGS.gsap.set(a.arr,{x:"+="+s})):(tpGS.gsap.set(a.follower,{y:"+="+s}),tpGS.gsap.set(a.arr,{y:"+="+s})),t.swapCarouselSlides(e),t.applyDistanceEffect(e)},snapCompleted:function(e){var i=t[e].carousel;i.lerp=cancelAnimationFrame(i.lerp),i.scrollFrame=cancelAnimationFrame(i.scrollFrame),i.swiped=!1,tpGS.gsap.set(i.follower,{x:i.proxy._gsap[i.translate],y:i.proxy._gsap[i.translate]}),t.onThrowComplete(e)},applyDistanceEffect:function(e){var r=t[e].carousel,o=1/0,s=0,n=0;void 0===r.lastSlideProgress&&(r.lastSlideProgress=1);var l=r.startOffset;for(var d in r.startOffsetCache=r.startOffset,void 0===r.tempAlign&&(r.tempAlign=r.align),"v"!==r.orientation||r.infinity||r.justify||(l=r.startOffset+(r[r.wraplength]-r[r.slide_length]-r.startOffset)*(1-r.lastSlideProgress)),r.arr){var c=parseFloat(r.arr[d][r.translate])-l;if(r.infinity&&(c%=r.totalWidth),Math.abs(c)<o){for(var p=0;p<t[e].slides.length;p++)t[e].slides[p]===r.arr[d].elem&&(n=p,r.closestArr=d);o=Math.abs(c)}r.arr[d].loaded&&s++,r.infinity||r.snap||(0===r.activeSlide?c=parseFloat(r.arr[d][r.translate]):r.activeSlide===r.arr.length-1&&(c=parseFloat(r.arr[d][r.translate])-(r[r.wraplength]-r.arr[d][r.length])));var g=Math.sign(c),u=r.arr[d].progress=Math.abs(c)/(r[r.slide_length]+r.space);if(r.arr[d].prog=c/(r[r.slide_length]+r.space),!r.justify&&"mousedrag"===t[e].parallax.type)for(p=0;p<t[e].slides.length;p++)t[e].slides[p]===r.arr[d].elem&&(r.trackArr[p].progress=u);"v"!==r.orientation||r.infinity||d!=r.slideamount-1||(u<=("left"===r.direction?.9:.1)&&!r.vertAlignBottom?(tpGS.gsap.to(r,{lastSlideProgress:0,duration:.2}),r.vertAlignDefault=!1,r.vertAlignBottom=!0,r.tempAlign="end",a(e,"end")):u>("left"===r.direction?.9:.1)&&!r.vertAlignDefault&&(tpGS.gsap.to(r,{lastSlideProgress:1,duration:.2}),r.vertAlignDefault=!0,r.vertAlignBottom=!1,r.tempAlign=r.align,a(e,r.align))),r.arr[d].sign=g;var h=r.arr[d].progress;h=h/Math.ceil(r.pDiv)*("center"===r.tempAlign?1:"start"===r.tempAlign?g:-g);var m=Math.min(r.arr[d].progress,1)/1,v=100-5*Math.round(r.arr[d].progress),f={};if(r.justify||"off"===r.spin)if(0===r.minScale||r.justify)f[r.translate]=r.arr[d][r.translate];else{var y=1-(r.vary_scale?h:m)*(1-r.minScale),w=r.offsetScale?r.arr[d].sign*(r[r.slide_length]+r.space-(r[r.slide_length]+r.space)*y)/2*r.arr[d].progress:r.arr[d].sign*(r[r.slide_length]-r[r.slide_length]*y)/2*r.arr[d].progress;f[r.translate]=r.arr[d][r.translate]-w,window.isSafari11&&(f.z=-150*(1-y)),f.scale=y}else f[r.translate]=l,"2d"===r.spin?(f.rotation=r.spinAngle*u*("h"===r.orientation?g:-g),"h"===r.orientation?f.transformOrigin="center "+r.spinR+"px 0":f.transformOrigin=r.spinR+"px center 0"):("h"===r.orientation?f.rotationY=r.spinAngle*r.arr[d].progress*-g:f.rotationX=r.spinAngle*r.arr[d].progress*g,f.transformOrigin="center center "+r.spinR+"px");f.opacity=1,r.justify||(0!==r.maxRotation&&(f.rotationY=r.maxRotation*(r.vary_rotation?h:m)*-g),f.opacity=1+(r.maxOpacity-1)*(r.vary_fade?h:m),h>r.edgeRatio?f.opacity=r.oRange(h):h<0?f.opacity=r.oRangeMin(h):1===r.maxOpacity&&(f.opacity=1)),f.zIndex=v,f.opacity>0?("visible"!==r.arr[d].elem.style.visibility&&(f.visibility="visible"),tpGS.gsap.set(r.arr[d].elem,f)):("hidden"!==r.arr[d].elem.style.visibility&&(f.visibility="hidden"),tpGS.gsap.set(r.arr[d].elem,{visibility:f.visibility,opacity:f.opacity}))}if(n!==r.closest){if(r.closest=n,s!==r.arr.length&&t.loadVisibleCarouselItems(e,!0,r.closest),r.draggable.isPressed){if(r.focused=r.closest,t[e].pr_next_key=r.focused,r.oldfocused=void 0===r.oldfocused?0:r.oldfocused,t[e].carousel.allLayersStarted?t.updateCarouselRows(e):t.carouselRowAdjustment(r,e,r.focused),"all"!==r.showLayersAllTime)for(r.animInList.includes(r.oldfocused.toString())||r.animInList.push(r.oldfocused.toString());r.animInList.length>=1;){var b=r.animInList.pop();r.focused!=b&&t.removeTheLayers(jQuery(t[e].slides[b]),e)}r.focused!=r.oldfocused&&("all"!==r.showLayersAllTime&&(r.animInList.includes(r.focused.toString())||r.animInList.push(r.focused.toString()),t.animateTheLayers({slide:r.focused,id:e,mode:"start"}),t.animateTheLayers({slide:"individual",id:e,mode:t[e].carousel.allLayersStarted?"rebuild":"start"})),i(e,!0),r.oldfocused=r.focused),t[e].c.trigger("revolution.nextslide.waiting")}for(var _ in t[e].sbgs)t[e].sbgs.hasOwnProperty(_)&&void 0!==t[e].sbgs[_].bgvid&&0!==t[e].sbgs[_].bgvid.length&&""+t[e].sbgs[_].skeyindex!=""+r.focused&&t.stopBGVideo(e,t[e].sbgs[_].key)}},getCarActiveSlide:function(e){var i,a=t[e].carousel,r=999999,o=0;for(var s in a.arr){var n;if(a.arr.hasOwnProperty(s))n="center"===t[e].carousel.align?Math.abs(parseFloat(a.arr[s][a.translate])-(a[a.wraplength]-a.arr[s][a.length])/2):"start"===t[e].carousel.align?Math.abs(parseFloat(a.arr[s][a.translate])):Math.abs(parseFloat(a.arr[s][a.translate])-(a[a.wraplength]-a.arr[s][a.length])),a.vertAlignBottom&&(n=Math.abs(parseFloat(a.arr[s][a.translate])-(a[a.wraplength]-a.arr[s][a.length]))),n<r&&(i=a.arr[s],r=n,o=s)}return o=parseInt(o),a.activeSlide=o,i},loadVisibleCarouselItems:function(e,i,a){var r=t[e].carousel,o=[],s=a?r.closest:r.focused;r.focused=parseInt(s,0),r.focused=t.isNumeric(s)?s:0;for(var n=0;n<Math.ceil(t[e].carousel.maxVisibleItems/2);n++){var l="end"===t[e].carousel.align?s-n:s+n,d="center"===t[e].carousel.align?s-n:"start"===t[e].carousel.align?t[e].carousel.maxVisibleItems+l-1:l-t[e].carousel.maxVisibleItems+1;if(l=l>=t[e].slideamount?l-t[e].slideamount+0:l,d=d>=t[e].slideamount?d-t[e].slideamount+0:d,l=l<0?t[e].slideamount+l:l,d=d<0?t[e].slideamount+d:d,o.push(t[e].slides[l]),l!==d&&o.push(t[e].slides[d]),r.arr)for(var c=0;c<r.arr.length;c++)t[e].slides[l]===r.arr[c].elem&&(r.arr[c].loaded=!0),t[e].slides[d]===r.arr[c].elem&&(r.arr[c].loaded=!0)}return i&&(t.loadImages(o,e,1),t.waitForCurrentImages(o,e)),o},organiseCarousel:function(e,i,a,r,o){var s=t[e].carousel;if(t[e].slides)for(var n=0;n<t[e].slides.length;n++){var l={width:!0===s.justify?s.slide_widths[n]:s.slide_width};"off"===s.spin&&(l.transformOrigin="50% "+("h"===s.orientation?s.vertical_align:"center")),l.force3D=!0,l.transformStyle="3D"!=t[e].parallax.type&&"3d"!=t[e].parallax.type?"flat":"preserve-3d",!0!==o&&tpGS.gsap.set(t[e].slides[n],l)}},updateCarouselRows:function(e){if("carousel"===t[e].sliderType)for(var i=0;i<t[e].slideamount;i++)t.carouselRowAdjustment(t[e].carousel,e,i)},carouselRowAdjustment:function(e,i,a){void 0!==e.slidesWithRowAdjustions&&void 0===e.slidesWithRowAdjustions[a]&&(e.slidesWithRowAdjustions[a]=!0,t.getRowHeights(i,a),t.putMiddleZoneInPosition(i,a))},getNextSlide:function(e,i,a,r,o){var s,n=t[e].carousel,l=0,d=!1,c=i,p=i;if(void 0===n.trackIndex){for(var g=0;g<n.trackArr.length;g++)if(n.arr[n.activeSlide].elem===n.trackArr[g].elem){s=g;break}}else s=n.trackIndex;void 0===a&&(d=!0);for(var u=!1;(n.snap||!r)&&!d;){if(u||r&&Math.abs(l)>=Math.abs(i)||void 0===i&&t[e].slides[n.focused]===n.trackArr[s].elem){i=l;break}c=l;var h=t.getNext(e,a,l,s,void 0===r);(u=h.breakLoop)||(l=h.tempDelta,s=h.trackIndex)}var m=n.lastPos+i;return r&&n.focusedOnPress!=n.focusedPreSnap&&(m=Math.abs(p+n.lastPos-m)<=Math.abs(p+n.lastPos-(c+n.lastPos))?m:c+n.lastPos),d&&(m=n.lastPos,i=-n.arr[n.closestArr][n.translate]),{target:m,overshoot:!0,delta:i,trackIndex:s}},getNext:function(e,i,a,r,o){var s=t[e].carousel,n="right"===i?1:-1,l=!1;return"start"===s.align&&"left"===i?a+=(s.trackArr[r][s.length]+s.space)*n:"center"===s.align?a+=(s.trackArr[r][s.length]+s.space)/2*n:"end"===s.align&&"right"===i&&(a+=(s.trackArr[r][s.length]+s.space)*n),"right"===i?--r<0&&(r=s.infinity?s.trackArr.length-1:r+1,s.infinity||(l=!0)):++r>=s.trackArr.length&&(r=s.infinity?0:r-1,s.infinity||(l=!0)),l||("start"===s.align&&"right"===i&&(a+=(s.trackArr[r][s.length]+s.space)*n),"center"===s.align?a+=(s.trackArr[r][s.length]+s.space)/2*n:"end"===s.align&&"left"===i&&(a+=(s.trackArr[r][s.length]+s.space)*n)),{tempDelta:a,trackIndex:r,breakLoop:l}},getCarDir:function(e,i,a){var r=t[e].carousel,o=a-i,s="right";r.sameSlide=!1;var n=0,l=0;if(r.infinity){for(var d=i;d!=a;)l+=1,d=++d>=r.slideamount?0:d;for(d=i;d!=a;)n+=1,d=--d<0?r.slideamount-1:d;s=l<=n?"left":"right"}else r.infinity||(s=a-i>=0?"left":"right",l=Math.abs(a-i),0===o&&(s="right",r.sameSlide=!0));return r.steps=l<=n?l:n,r.direction=s,s},getLastPos:function(e){var i=t[e].carousel;if(i.trackArr){for(var a=0,r=0,o=0;o<i.trackArr.length;o++)t[e].slides[i.closest]===i.trackArr[o].elem&&(i.trackIndex=o),t[e].slides[i.closest]===i.arr[o].elem&&(a=i.arr[o][i.translate],"center"===i.align&&(r=(i[i.wraplength]-i.arr[o][i.length])/2),"end"===i.align&&(r=i[i.wraplength]-i.arr[o][i.length]),i.lastOffset=r);i.lastPos=parseFloat(i.proxy._gsap[i.translate])-a-(parseFloat(i.proxy._gsap[i.translate])-parseFloat(i.follower._gsap[i.translate])),i.lastPos+=r}},swipeAnimate:function(e){var i=t[e.id].carousel,a=e.id;if(t.getLastPos(a),i.arr&&i.arr[i.closestArr]&&i.arr[i.closestArr].elem!=t[e.id].slides[i.focused]){var r=t.getCarDir(a,i.trackIndex,i.focused),o=t.getNextSlide(e.id,void 0,r,!1);i.target=o.target,(!i.infinity&&!i.snap||!i.infinity&&"v"===i.orientation)&&(i.target<=i[i.wraplength]-i.totalWidth?i.target=i[i.wraplength]-i.totalWidth:i.target>=0&&!i.snap&&(i.target=0)),i.lerpSpeed=1,i.fromWheel=!1,i.tween&&i.tween.kill&&(i.tween.kill(),delete i.tween),i.tween=tpGS.gsap.to(i.proxy,{x:i.target,y:i.target,ease:i.easing,duration:i.speed/1e3+(i.steps>=2?(i.steps-1)*i.speed/2e3:0),onComplete:function(){i.lerp=cancelAnimationFrame(i.lerp),i.scrollFrame=cancelAnimationFrame(i.scrollFrame),t.carLerpHandler(a,"skip"),i.activeSlide=i.closestArr,t.snapCompleted(a)}}),i.lerp=cancelAnimationFrame(i.lerp),i.scrollFrame=cancelAnimationFrame(i.scrollFrame),i.lerp||(i.lerp=requestAnimationFrame(i.lerpHandler))}},carScrollTicker:function(e){var i=t[e].carousel;i.scrollFrame=requestAnimationFrame(i.scrollTicker);var a=parseFloat(i.proxy._gsap[i.translate]),r=a+.5*(i.scrollProxy-a),o=r-a;tpGS.gsap.set(i.proxy,{[i.translate]:r}),Math.abs(o)<.03&&(i.scrollFrame=cancelAnimationFrame(i.scrollFrame),i.lerp=cancelAnimationFrame(i.lerp),i.activeSlide=i.closestArr,t.snapCompleted(e))},scrollCar:function(e,i,a){var r=t[e].carousel;r.scrollFrame=cancelAnimationFrame(r.scrollFrame),r.lerp=cancelAnimationFrame(r.lerp),tpGS.gsap.to(r,{lerpSpeed:1}),r.fromWheel=!0;var o,s=Math.round(parseFloat(r.proxy._gsap[r.translate]));if(r.tween&&r.tween.kill&&(r.tween.kill(),delete r.tween),1==a&&r.focused==r.slideamount-1&&s<=r[r.wraplength]-r.totalWidth&&!r.infinity||-1==a&&0==r.focused&&s>=0&&!r.infinity)return o=1==a?t[e].cpar.offset().top+t[e].module.height:t.document.scrollTop()-(window.innerHeight-t[e].cpar[0].getBoundingClientRect().top),void(t[e].modal.useAsModal||tpGS.gsap.to([window,"body"],{scrollTo:o}));var n=s+-8*i;(!r.infinity&&!r.snap||!r.infinity&&"v"===r.orientation)&&(n<=r[r.wraplength]-r.totalWidth?n=r[r.wraplength]-r.totalWidth:n>=0&&!r.snap&&(n=0)),r.tween=tpGS.gsap.to(r,{scrollProxy:n,duration:.5,ease:r.easing}),r.scrollFrame=requestAnimationFrame(r.scrollTicker),r.lerp||(r.lerp=requestAnimationFrame(r.lerpHandler))},defineCarouselElements:function(e){var i=t[e].carousel;i.infbackup=i.infinity,i.maxVisiblebackup=i.maxVisibleItems,i.slide_offset="none",i.slide_offset=0,i.cached_slide_offset=0,i.wrap=jQuery(t[e].canvas[0].parentNode),0!==i.maxRotation&&("3D"!==t[e].parallax.type&&"3d"!==t[e].parallax.type||tpGS.gsap.set(i.wrap,{perspective:"1600px",transformStyle:"preserve-3d"}))},setCarouselDefaults:function(e,i,a){var r=t[e].carousel;if(r.stretchCache=void 0===r.stretchCache?r.stretch:r.stretchCache,r.stretch=!!t[e].infullscreenmode||r.stretchCache,r.slide_width=Math.round(!0!==r.stretch&&"v"!==r.orientation?t[e].gridwidth[t[e].level]*(0===t[e].CM.w?1:t[e].CM.w):t[e].canv.width),r.slide_height=Math.round(!0!==r.stretch?"fullscreen"===t[e].sliderLayout||t[e].infullscreenmode?t.getWinH(e)-t.getFullscreenOffsets(e):t[e].gridheight[t[e].level]*(0===t[e].CM.w?1:t[e].CM.w):t[e].canv.height),r.ratio=r.slide_width/r.slide_height,r.len=t[e].slides.length,r.maxwidth=t[e].slideamount*r.slide_width,r.maxheight=t[e].slideamount*r.slide_height,1!=r.justify&&r.maxVisiblebackup>r.len&&(r.maxVisibleItems=r.len%2?r.len:r.len+1),r.spaceCache=void 0===r.gapCache?r.space:r.spaceCache,r.space=r.spaceCache<-1*r[r.slide_length]?-.8*r[r.slide_length]:r.spaceCache,r.wrapwidth=r.maxVisibleItems*r.slide_width+(r.maxVisibleItems-1)*r.space,r.wrapheight=r.maxVisibleItems*r.slide_height+(r.maxVisibleItems-1)*r.space,r.wrapwidth="auto"!=t[e].sliderLayout?r.wrapwidth>t[e].canv.width?t[e].canv.width:r.wrapwidth:r.wrapwidth>t[e].module.width?0!==t[e].module.width?t[e].module.width:t[e].canv.width:r.wrapwidth,r.wrapheight="auto"!=t[e].sliderLayout?r.wrapheight>t[e].canv.height?t[e].canv.height:r.wrapheight:r.wrapheight>t[e].module.height?0!==t[e].module.height?t[e].module.height:t[e].canv.height:r.wrapheight,!0===r.justify){r.slide_height=Math.round("fullscreen"===t[e].sliderLayout?t[e].module.height:t[e].gridheight[t[e].level]),r.slide_widths=[],r.slide_heights=[],r.slide_widthsCache=void 0===r.slide_widthsCache?[]:r.slide_widthsCache,r.slide_heightsCache=void 0===r.slide_heightsCache?[]:r.slide_heightsCache,r.maxwidth=0;for(var o=0;o<r.len;o++)if(t[e].slides.hasOwnProperty(o)){var s=t.gA(t[e].slides[o],"iratio");s=void 0===s||0===s||null===s?r.ratio:s,s=parseFloat(s),r.slide_widths[o]=Math.round(r.slide_height*s),r.slide_heights[o]=Math.round(r.slide_height),!1!==r.justifyMaxWidth&&(r.slide_widths[o]=Math.min(r.wrapwidth,r.slide_widths[o])),!1!==r.justifyMaxWidth&&(r.slide_heights[o]=Math.min(r.wrapheight,r.slide_heights[o])),r.slide_widths[o]!==r.slide_widthsCache[o]&&(r.slide_widthsCache[o]=r.slide_widths[o],!0!==i&&tpGS.gsap.set(t[e].slides[o],{width:r.slide_widths[o]})),r.slide_heights[o]!==r.slide_heightsCache[o]&&(r.slide_heightsCache[o]=r.slide_heights[o],!0!==i&&tpGS.gsap.set(t[e].slides[o],{height:r.slide_heights[o]})),r.maxwidth+=r.slide_widths[o]+r.space,r.maxheight+=r.slide_heights[o]+r.space}}if(r.infinity=!(r.wrapwidth>=r.maxwidth)&&r.infbackup,r.forceBAlign&&r.slide_height<.6*r.wrapheight&&r.wrapwidth<r.maxwidth?r.infinity=!0:r.forceBAlign&&(r.infinity=!1),!0!==r.quickmode){r.wrapoffset="center"===r.horizontal_align?(t[e].canv.width-t[e].outNavDims.right-t[e].outNavDims.left-r.wrapwidth)/2:0,r.wrapoffset="auto"!=t[e].sliderLayout&&t[e].outernav?0:r.wrapoffset<t[e].outNavDims.left?t[e].outNavDims.left:r.wrapoffset;var n="3D"==t[e].parallax.type||"3d"==t[e].parallax.type?"visible":"hidden",l="right"===r.horizontal_align?{left:"auto",right:r.wrapoffset+"px",width:r.wrapwidth,overflow:n}:"left"===r.horizontal_align||r.wrapwidth<t.winW?{right:"auto",left:r.wrapoffset+"px",width:r.wrapwidth,overflow:n}:{right:"auto",left:"auto",width:"100%",overflow:n};void 0!==r.cacheWrapObj&&l.left===r.cacheWrapObj.left&&l.right===r.cacheWrapObj.right&&l.width===r.cacheWrapObj.width||(window.requestAnimationFrame((function(){tpGS.gsap.set(r.wrap,l),t[e].carousel.wrapoffset>0&&tpGS.gsap.set(t[e].canvas,{left:0})})),r.cacheWrapObj=jQuery.extend(!0,{},l)),r.inneroffset="right"===r.horizontal_align?r.wrapwidth-r.slide_width:0,r.windhalf="auto"===t[e].sliderLayout?t[e].module.width/2:t.winW/2}r.lastWrapwidth===r.wrapwidth&&r.lastWrapheight===r.wrapheight||window.requestAnimationFrame((function(){t.positionCarousel(e)}))}});var i=function(e,i){var a=t[e].carousel,r=i&&t[e].slides[t[e].pr_next_key]?jQuery(t[e].slides[t[e].pr_next_key]):t[e].pr_next_slide;t[e].c.trigger("revolution.slide.carouselchange",{slider:e,slideIndex:parseInt(t[e].pr_active_key,0)+1,slideLIIndex:t[e].pr_active_key,slide:r,currentslide:r,prevSlideIndex:void 0!==t[e].pr_lastshown_key&&parseInt(t[e].pr_lastshown_key,0)+1,prevSlideLIIndex:void 0!==t[e].pr_lastshown_key&&parseInt(t[e].pr_lastshown_key,0),prevSlide:void 0!==a.oldfocused&&t[e].slides[a.oldfocused]})},a=function(e,i){var a=t[e].carousel;void 0!==e&&void 0!==a&&(a.pDiv="center"===i?a.maxVisibleItems/2:a.maxVisibleItems,a.edgeRatio=Math.floor(a.pDiv-("center"===i?0:1))/Math.ceil(a.pDiv),1===a.maxVisibleItems&&(a.edgeRatio=1),a.oEdge=1===a.maxOpacity?1:a.vary_fade?1+(a.maxOpacity-1)*a.edgeRatio:a.maxOpacity,a.oEdge=1===a.maxVisibleItems?a.maxOpacity:a.oEdge,a.oRange=a.maxVisibleItems>1?tpGS.gsap.utils.mapRange(a.edgeRatio,1,a.oEdge,0):tpGS.gsap.utils.mapRange(1,1.1,a.oEdge,0),a.oRangeMin=tpGS.gsap.utils.mapRange(-1/a.maxVisibleItems,-1.1/a.maxVisibleItems,1,0))},r=function(e){var i=t[e].carousel;if(void 0!==e&&void 0!==i){tpGS.gsap.set([i.proxy,i.follower],{x:"+=0",y:"+=0"}),i.arr=[],i.trackArr=[];for(var a=0;a<t[e].slides.length;a++)i.arr.push({elem:t[e].slides[a]}),i.trackArr.push({elem:t[e].slides[a]})}},o=function(e,t){return null===e||jQuery.isEmptyObject(e)?t:void 0===e?"right":e};window.RS_MODULES=window.RS_MODULES||{},window.RS_MODULES.carousel={loaded:!0,version:"6.6.17"},window.RS_MODULES.checkMinimal&&window.RS_MODULES.checkMinimal()}(jQuery),function(e){"use strict";var t=["chars","words","lines"],i=["Top","Right","Bottom","Left"],a=["TopLeft","TopRight","BottomRight","BottomLeft"],r=["top","right","bottom","left"];jQuery.fn.revolution=jQuery.fn.revolution||{};var o=jQuery.fn.revolution;jQuery.extend(!0,o,{checkLayerDimensions:function(e){var t=!1;for(var i in o[e.id].layers[e.skey])if(o[e.id].layers[e.skey].hasOwnProperty(i)){var a=o[e.id].layers[e.skey][i],r=o[e.id]._L[a.id];r.eow!==a.offsetWidth&&"true"!==o.gA(a,"vary-layer-dims")&&(t=!0),r.lastknownwidth=r.eow,r.lastknownheight=r.eoh,r._slidelink||o[e.id].caches.calcResponsiveLayersList.push({a:o[e.id]._L[a.id].c,b:e.id,c:0,d:r.rsp_bd,e:e.slideIndex})}return t},requestLayerUpdates:function(e,t,i,a){var r,s,n;if(void 0!==i){let l=o[e]._L[i],d=void 0!==l._ligid?o[e]._L[l._ligid]:void 0;l.pVisRequest!==l.pVisStatus&&(null==d||!0!==d.childrenAtStartNotVisible?(l.pVisStatus=l.pVisRequest,n=("row"===l.type||"column"===l.type||"group"===l.type)&&void 0!==l.frames&&void 0!==l.frames.frame_999&&void 0!==l.frames.frame_999.transform&&""+l.frames.frame_999.transform.opacity!="0",s=1===l.pVisRequest?"remove":n?s:"add",r=1===l.pVisRequest?"remove":n?"add":r):(s="add",r="remove"),"group"===l.type&&"add"==r&&"hidden"==(1===l.pVisStatus?"visible":0===l.pVisStatus?"hidden":l.pVisStatus)&&(s="add"),void 0!==r&&l.p[0].classList[r]("rs-forceuntouchable"),void 0!==s&&l.p[0].classList[s]("rs-forcehidden")),l.pPointerStatus!==l.pPeventsRequest&&(l.pPointerStatus=l.pPeventsRequest,tpGS.gsap.set(l.p[0],{pointerEvents:l.pPointerStatus,visibility:1===l.pVisStatus?"visible":0===l.pVisStatus?"hidden":l.pVisStatus})),void 0!==a&&"ignore"!==a&&0!==a&&(a++,"enterstage"===t||"leavestage"===t||"framestarted"===t?o.isFirefox(e)?-1===l.p[0].style.transform.indexOf("perspective")&&(l.p[0].style.transform+=(0===l.p[0].style.transform.length?" ":"")+"perspective("+a+"px)"):(!window.isSafari11&&!0!==l.maskHasPerspective&&0===l.p[0].style.perspective.length||"none"==l.p[0].style.perspective)&&(l.p[0].style.perspective=a+"px"):"frameended"===t&&(o.isFirefox(e)?l.p[0].style.transform=l.p[0].style.transform.replace("perspective("+a+"px)",""):window.isSafari11||(l.p[0].style.perspective=l.p[0].style.perspective.replace(a-1+"px",""))))}else for(let t in o[e]._L)o[e]._L.hasOwnProperty(t)&&(o[e]._L[t].pVisRequest!==o[e]._L[t].pVisStatus&&(o[e]._L[t].pVisStatus=o[e]._L[t].pVisRequest,0===o[e]._L[t].pVisStatus?o[e]._L[t].p[0].classList.add("rs-forcehidden"):o[e]._L[t].p[0].classList.remove("rs-forcehidden")),o[e]._L[t].pPointerStatus!==o[e]._L[t].pPeventsRequest&&(o[e]._L[t].pPointerStatus=o[e]._L[t].pPeventsRequest,tpGS.gsap.set(o[e]._L[t].p[0],{pointerEvents:o[e]._L[t].pPointerStatus,visibility:o[e]._L[t].pVisStatus})));"enterstage"===t&&void 0!==i&&void 0!==o[e]._L[i].esginside&&o[e]._L[i].esginside.length>0&&void 0!==o[e]._L[i].esginside.esredraw&&o[e]._L[i].esginside.esredraw()},updateMiddleZonesAndESG:function(e){var t,i=o[e].pr_processing_key||o[e].pr_active_key||0;if(o[e].middleZones&&o[e].middleZones.length>0&&void 0!==o[e].middleZones[i])for(t=0;t<o[e].middleZones[i].length;t++)tpGS.gsap.set(o[e].middleZones[i][t],{y:Math.round(o[e].module.height/2-o[e].middleZones[i][t].offsetHeight/2)+"px"});if(o[e].smiddleZones&&o[e].smiddleZones.length>0)for(t=0;t<o[e].smiddleZones.length;t++)tpGS.gsap.set(o[e].smiddleZones[t],{y:Math.round(o[e].module.height/2-o[e].smiddleZones[t].offsetHeight/2)+"px"})},getRowHeights:function(e,t){if(!o[e].firstLayerCalculated)return{cur:0,last:0,cache:[],tz:0};var i=0,a=0,r=0,s=void 0!==t?t:o[e].pr_processing_key||o[e].pr_active_key||0,n=void 0!==t?t:o[e].pr_active_key||0;if(o[e].rowMiddleHeights=null==o[e].rowMiddleHeights?{}:o[e].rowMiddleHeights,o[e].rowMiddleHeights[s]=0,o[e].rowzones&&o[e].rowzones.length>0){if(void 0!==o[e].rowzones[s])for(var l=0;l<o[e].rowzones[s].length;l++)o[e].rowzonesHeights[s][l]=o[e].rowzones[s][l][0].offsetHeight,i+=o[e].rowzonesHeights[s][l],"true"==o[e].rowzones[s][l][0].dataset.middle&&(o[e].rowMiddleHeights[s]+=o[e].rowzonesHeights[s][l]);if(n!==s)for(o[e].rowMiddleHeights[n]=0,l=0;l<o[e].rowzones[n].length;l++)o[e].rowzonesHeights[n][l]=o[e].rowzones[n][l][0].offsetHeight,a+=o[e].rowzonesHeights[n][l],"true"==o[e].rowzones[n][l][0].dataset.middle&&(o[e].rowMiddleHeights[n]+=o[e].rowzonesHeights[n][l])}if(o[e].srowzones&&o[e].srowzones.length>0)for(o[e].rowMiddleHeights.static=0,l=0;l<o[e].srowzones.length;l++)r+=o[e].srowzones[l][0].offsetHeight,"true"==o[e].srowzones[l][0].dataset.middle&&(o[e].rowMiddleHeights.static+=o[e].srowzones[l][0].offsetHeight);i=i<r?r:i;var d=void 0===o[e].rowHeights?[]:o[e].rowHeights.cache,c=(new Date).getTime();return void 0!==o[e].rowHeights&&c-o[e].rowHeights.tz<300?o[e].rowHeights.cache.length>5&&(i=o[e].rowHeights.cache[o[e].rowHeights.cache.length-1]===i?o[e].rowHeights.cache[o[e].rowHeights.cache.length-2]:o[e].rowHeights.cache[o[e].rowHeights.cache.length-1],c=o[e].rowHeights.tz):d=[],{cur:i,last:a,cache:d,tz:c}},getGridOffset:function(e,t,i,a){var r="grid"===i||"carousel"!==o[e].sliderType||a?o[e].canv.width:o[e].carousel.slide_width,s=o[e].useFullScreenHeight?o[e].module.height:"grid"===i?o[e].content.height:"carousel"!==o[e].sliderType||a?o[e].module.height:o[e].canv.height,n="slide"===i||"carousel"==o[e].sliderType&&"v"==o[e].carousel.orientation?0:Math.max(0,"fullscreen"==o[e].sliderLayout?o[e].module.height/2-o.iHE(e)*(o[e].keepBPHeight?1:o[e].CM.h)/2:o[e].autoHeight||null!=o[e].minHeight&&o[e].minHeight>0||o[e].keepBPHeight?o[e].canv.height/2-o.iHE(e)*o[e].CM.h/2:0),l="slide"===i?0:Math.max(0,"carousel"===o[e].sliderType&&"v"!==o[e].carousel.orientation?0:o[e].canv.width/2-o.iWA(e,t)*o[e].CM.w/2);return"slide"!==i&&"carousel"===o[e].sliderType&&a&&void 0!==o[e].carousel&&void 0!==o[e].carousel.horizontal_align&&(l=Math.max(0,"center"===o[e].carousel.horizontal_align?0+(o[e].module.width-o.iWA(e,"static")*o[e].CM.w)/2:"right"===o[e].carousel.horizontal_align?o[e].module.width-o[e].gridwidth[o[e].level]*o[e].CM.w:l)),[r,s,l,n]},initLayer:function(e){var t,i,a,r=e.id,s=e.skey;for(var n in o[r].layers[e.skey])if(o[r].layers[e.skey].hasOwnProperty(n)){var l=o[r].layers[e.skey][n],d=jQuery(l),c=o.gA(l,"initialised"),p=c?o[r]._L[l.id]:d.data();if("individual"===e.skey&&(p.slideKey=void 0===p.slideKey?o.gA(d.closest("rs-slide")[0],"key"):p.slideKey,p.slideIndex=void 0===p.slideIndex?o.getSlideIndex(r,p.slideKey):p.slideIndex,e.slideIndex=p.slideIndex,s=p.slideKey),void 0===c){if(o.revCheckIDS(r,l),o[r]._L[l.id]=p,p.ford=void 0===p.ford?"frame_0;frame_1;frame_999":p.ford,p.ford=";"==p.ford[p.ford.length-1]?p.ford.substring(0,p.ford.length-1):p.ford,p.ford=p.ford.split(";"),void 0!==p.clip)for(t in p.clipPath={use:!1,origin:"l",type:"rectangle"},p.clip=p.clip.split(";"),p.clip)p.clip.hasOwnProperty(t)&&("u"==(i=p.clip[t].split(":"))[0]&&(p.clipPath.use="true"==i[1]),"o"==i[0]&&(p.clipPath.origin=i[1]),"t"==i[0]&&(p.clipPath.type=i[1]));let n;if(p.frames=k(p,r),p.caches={},p.OBJUPD={},p.c=d,p.p=o[r]._Lshortcuts[l.id].p,p.lp=p.reqWrp.loop?o[r]._Lshortcuts[l.id].lp:void 0,p.m=p.reqWrp.mask?o[r]._Lshortcuts[l.id].m:void 0,p.triggercache=void 0===p.triggercache?"reset":p.triggercache,p.rsp_bd=void 0===p.rsp_bd?"column"===p.type||"row"===p.type?"off":"on":p.rsp_bd,p.rsp_o=void 0===p.rsp_o?"on":p.rsp_o,p.basealign=void 0===p.basealign?"grid":p.basealign,p.group="group"!==p.type&&null!==(n=o.closestNode(d[0],"RS-GROUP"))||"group"===p.type&&null!==(n=o.closestNode(d[0].parentNode,"RS-GROUP"))?"group":"column"!==p.type&&null!==(n=o.closestNode(d[0],"RS-COLUMN"))?"column":"row"!==p.type&&null!==(n=o.closestNode(d[0],"RS-ROW"))?"row":void 0,p._lig=null!=n?jQuery(n):void 0,p._ligid=void 0!==p._lig?p._lig[0].id:void 0,p._column="RS-COLUMN"===d[0].tagName?jQuery(o.closestNode(d[0],"RS-COLUMN-WRAP")):"none",p._row="RS-COLUMN"===d[0].tagName&&jQuery(o.closestNode(d[0],"RS-ROW")),p._ingroup="group"===p.group,p._incolumn="column"===p.group,p._inrow="row"===p.group,p.fsom="true"==p.fsom||1==p.fsom,p.fullinset=""+p.fullinset=="true",p.position=void 0!==p.pos?"r"==p.pos?"relative":"absolute":p._incolumn?"relative":"absolute",(p._ingroup||p._incolumn)&&p._lig[0].className.indexOf("rs-sba")>=0&&(!1!==p.animationonscroll||void 0===p.frames.loop)&&!0!==p.animOnScrollForceDisable&&(p.animationonscroll=!0,d[0].className+=" rs-sba",o[r].sbas[s][l.id]=d[0]),p.animOnScrollRepeats=0,p._isgroup="RS-GROUP"===d[0].tagName,p.type=p.type||"none","row"===p.type&&(void 0===p.cbreak&&(p.cbreak=2),void 0===p.zone&&(p.zone=o.closestNode(d[0],"RS-ZONE"),p.zone=null!==p.zone&&void 0!==p.zone?p.zone.className:"")),p.esginside=jQuery(d[0].getElementsByClassName("esg-grid")[0]),p._isnotext=-1!==jQuery.inArray(p.type,["video","image","audio","shape","row","group"]),p._mediatag="html5"==p.audio?"audio":"video",p.img=d.find("img"),p.deepiframe=o.getByTag(d[0],"iframe"),p.deepmedia=o.getByTag(d[0],p._mediatag),p.layertype="image"===p.type?"image":d[0].className.indexOf("rs-layer-video")>=0||d[0].className.indexOf("rs-layer-audio")>=0||p.deepiframe.length>0&&(p.deepiframe[0].src.toLowerCase().indexOf("youtube")>0||p.deepiframe[0].src.toLowerCase().indexOf("vimeo")>0)||p.deepmedia.length>0?"video":"html",p.deepiframe.length>0&&o.sA(p.deepiframe[0],"layertype",p.layertype),"column"===p.type&&p.cbgexists&&(p.cbg=jQuery(o.getByTag(p.p[0],"RS-COLUMN-BG")[0]),p.cbgmask=jQuery(o.getByTag(p.p[0],"RS-CBG-MASK-WRAP")[0])),p._slidelink=d[0].className.indexOf("slidelink")>=0,p._isstatic=d[0].className.indexOf("rs-layer-static")>=0,p.slidekey=p._isstatic?"staticlayers":s,p._togglelisteners=d[0].getElementsByClassName("rs-toggled-content").length>0,"text"===p.type&&(-1!==p.c[0].innerHTML.indexOf("{{total_slide_count}}")&&(p.c[0].innerHTML=p.c[0].innerHTML.replace("{{total_slide_count}}",o[r].realslideamount)),p.c[0].innerHTML.indexOf("{{current_slide_index}}")>=0))if(p._isstatic)p.metas=p.metas||{},p.metas.csi={},p.c[0].innerHTML=p.c[0].innerHTML.replace("{{current_slide_index}}","<cusli>"+o[r].realslideamount+"</cusli>"),p.metas.csi.c=p.c[0].getElementsByTagName("CUSLI")[0];else{var g=parseInt(e.slideIndex)+1;p.c[0].innerHTML=p.c[0].innerHTML.replace("{{current_slide_index}}",(g<10&&o[r].realslideamount>9?"0":"")+g)}if(p.bgcol=void 0===p.bgcol?d[0].style.background.indexOf("gradient")>=0?d[0].style.background:d[0].style.backgroundColor:p.bgcol,p.bgcol=""===p.bgcol?"rgba(0, 0, 0, 0)":p.bgcol,p.bgcol=0===p.bgcol.indexOf("rgba(0, 0, 0, 0)")&&p.bgcol.length>18?p.bgcol.replace("rgba(0, 0, 0, 0)",""):p.bgcol,p.zindex=void 0===p.zindex?parseInt(d[0].style.zIndex):parseInt(p.zindex),p._isgroup&&(p.frames.frame_1.timeline.waitoncall&&(p.childrenAtStartNotVisible=!0),p.pVisRequest=0),p._togglelisteners&&d.on("click",(function(){o.swaptoggleState([this.id])})),void 0!==p.border)for(t in p.border=p.border.split(";"),p.bordercolor="transparent",p.border)if(p.border.hasOwnProperty(t))switch((i=p.border[t].split(":"))[0]){case"boc":p.bordercolor=i[1];break;case"bow":p.borderwidth=o.revToResp(i[1],4,0);break;case"bos":p.borderstyle=o.revToResp(i[1],4,0);break;case"bor":p.borderradius=o.revToResp(i[1],4,0)}if("svg"===p.type&&(p.svg=d.find("svg"),p.svgI=f(p.svgi,r),p.svgPath=p.svg.find(p.svgI.svgAll?"path, circle, ellipse, line, polygon, polyline, rect":"path"),p.svgH=void 0!==p.svgi&&-1===p.svgi.indexOf("oc:t")?f(p.svgh,r):{}),void 0!==p.btrans){var u=p.btrans;for(t in p.btrans={rX:0,rY:0,rZ:0,o:1},u=u.split(";"))if(u.hasOwnProperty(t))switch((i=u[t].split(":"))[0]){case"rX":p.btrans.rX=i[1];break;case"rY":p.btrans.rY=i[1];break;case"rZ":p.btrans.rZ=i[1];break;case"o":p.btrans.o=i[1];break;case"iosfx":p.iOSFix="default"==i[1]?"d":"r"==i[1]?"rotationX":"p"==i[1]?"d":i[1]}}if(void 0!==p.tsh)for(t in p.tshadow={c:"rgba(0,0,0,0.25)",v:0,h:0,b:0},p.tsh=p.tsh.split(";"),p.tsh)if(p.tsh.hasOwnProperty(t))switch((i=p.tsh[t].split(":"))[0]){case"c":p.tshadow.c=i[1];break;case"h":p.tshadow.h=i[1];break;case"v":p.tshadow.v=i[1];break;case"b":p.tshadow.b=i[1]}if(void 0!==p.tst)for(t in p.tstroke={c:"rgba(0,0,0,0.25)",w:1},p.tst=p.tst.split(";"),p.tst)if(p.tst.hasOwnProperty(t))switch((i=p.tst[t].split(":"))[0]){case"c":p.tstroke.c=i[1];break;case"w":p.tstroke.w=i[1]}if(void 0!==p.bsh)for(t in p.bshadow={e:"c",c:"rgba(0,0,0,0.25)",v:0,h:0,b:0,s:0},p.bsh=p.bsh.split(";"),p.bsh)if(p.bsh.hasOwnProperty(t))switch((i=p.bsh[t].split(":"))[0]){case"c":p.bshadow.c=i[1];break;case"h":p.bshadow.h=i[1];break;case"v":p.bshadow.v=i[1];break;case"b":p.bshadow.b=i[1];break;case"s":p.bshadow.s=i[1];break;case"e":p.bshadow.e=i[1]}if(void 0!==p.dim)for(t in p.dim=p.dim.split(";"),p.dim)if(p.dim.hasOwnProperty(t))switch((i=p.dim[t].split(":"))[0]){case"w":p.width=i[1];break;case"h":p.height=i[1];break;case"maxw":p.maxwidth=i[1];break;case"maxh":p.maxheight=i[1];break;case"minw":p.minwidth=i[1];break;case"minh":p.minheight=i[1]}if(void 0!==p.xy&&"row"!==p.type&&"column"!==p.type)for(t in p.xy=p.xy.split(";"),p.xy)if(p.xy.hasOwnProperty(t))switch((i=p.xy[t].split(":"))[0]){case"x":p.x=i[1].replace("px","");break;case"y":p.y=i[1].replace("px","");break;case"xo":p.hoffset=i[1].replace("px","");break;case"yo":p.voffset=i[1].replace("px","")}if(p._isnotext||void 0===p.text)if(p._isgroup&&void 0!==p.text){for(t in p.text=p.text.split(";"),p.text)if(p.text.hasOwnProperty(t)&&"a"===(i=p.text[t].split(":"))[0])p.textalign=i[1]}else"column"===p.type&&void 0!==p.textDecoration&&delete p.textDecoration;else for(t in p.text=p.text.split(";"),p.text)if(p.text.hasOwnProperty(t))switch((i=p.text[t].split(":"))[0]){case"w":p.whitespace=i[1];break;case"td":p.textDecoration=i[1];break;case"c":p.clear=i[1];break;case"f":p.float=i[1];break;case"s":p.fontsize=i[1];break;case"l":p.lineheight=i[1];break;case"ls":p.letterspacing=i[1];break;case"fw":p.fontweight=i[1];break;case"a":p.textalign=i[1]}if(void 0!==p.flcr)for(t in p.flcr=p.flcr.split(";"),p.flcr)if(p.flcr.hasOwnProperty(t))switch((i=p.flcr[t].split(":"))[0]){case"c":p.clear=i[1];break;case"f":p.float=i[1]}if(void 0!==p.padding)for(t in p.padding=p.padding.split(";"),p.padding)if(p.padding.hasOwnProperty(t))switch((i=p.padding[t].split(":"))[0]){case"t":p.paddingtop=i[1];break;case"b":p.paddingbottom=i[1];break;case"l":p.paddingleft=i[1];break;case"r":p.paddingright=i[1]}if(void 0!==p.margin)for(t in p.margin=p.margin.split(";"),p.margin)if(p.margin.hasOwnProperty(t))switch((i=p.margin[t].split(":"))[0]){case"t":p.margintop=i[1];break;case"b":p.marginbottom=i[1];break;case"l":p.marginleft=i[1];break;case"r":p.marginright=i[1]}if(void 0!==p.spike&&(p.spike=B(p.spike)),void 0!==p.corners)for(t in a=p.corners.split(";"),p.corners={},a)a.hasOwnProperty(t)&&a[t].length>0&&(p.corners[a[t]]=jQuery("<"+a[t]+"></"+a[t]+">"),p.c.append(p.corners[a[t]]));p.textalign=y(p.textalign),p.vbility=o.revToResp(p.vbility,o[r].rle,!0),p.hoffset=o.revToResp(p.hoffset,o[r].rle,0),p.voffset=o.revToResp(p.voffset,o[r].rle,0),p.x=o.revToResp(p.x,o[r].rle,"l"),p.y=o.revToResp(p.y,o[r].rle,"t"),T(d,0,r),o.sA(l,"initialised",!0),o[r].c.trigger("layerinitialised",{layer:d[0].id,slider:r})}var h=p.x[o[r].level],m=p.y[o[r].level],v=o.getGridOffset(r,e.slideIndex,p.basealign,p._isstatic),w=v[0],b=v[1],_=v[2],S=v[3];if(p.slideIndex=e.slideIndex,"updateposition"!==e.mode){if(0==p.vbility[o[r].levelForced]||"f"==p.vbility[o[r].levelForced]||w<o[r].hideLayerAtLimit&&"on"==p.layeronlimit||w<o[r].hideAllLayerAtLimit?(!0!==p.layerIsHidden&&p.p[0].classList.add("rs-layer-hidden"),p.layerIsHidden=!0):(p.layerIsHidden&&p.p[0].classList.remove("rs-layer-hidden"),p.layerIsHidden=!1),p.poster=null==p.poster&&void 0!==p.thumbimage?p.thumbimage:p.poster,"image"===p.layertype)if(p.imgOBJ={},"cover-proportional"===p.img.data("c")){o.sA(p.img[0],"owidth",o.gA(p.img[0],"owidth",p.img[0].width)),o.sA(p.img[0],"oheight",o.gA(p.img[0],"oheight",p.img[0].height));var x=o.gA(p.img[0],"owidth")/o.gA(p.img[0],"oheight"),R=p.img[0].width<=p.img[0].height?b/w:w/b;p.imgOBJ=x>R&&x<=1||x<R&&x>1?{width:"100%",height:"auto",left:"c"===h||"center"===h?"50%":"left"===h||"l"===h?"0":"auto",right:"r"===h||"right"===h?"0":"auto",top:"c"===m||"center"===m||"middle"===m||"m"===m?"50%":"top"===m||"t"===m?"0":"auto",bottom:"b"===m||"bottom"===m?"0":"auto",x:"c"===h||"center"===h||"middle"===h||"m"===h?"-50%":"0",y:"c"===m||"center"===m||"middle"===m||"m"===m?"-50%":"0"}:{height:"100%",width:"auto",left:"c"===h||"center"===h?"50%":"left"===h||"l"===h?"0":"auto",right:"r"===h||"right"===h?"0":"auto",top:"c"===m||"center"===m||"middle"===m||"m"===m?"50%":"top"===m||"t"===m?"0":"auto",bottom:"b"===m||"bottom"===m?"0":"auto",x:"c"===h||"center"===h||"middle"===h||"m"===h?"-50%":"0",y:"c"===m||"center"===m||"middle"===m||"m"===m?"-50%":"0"}}else void 0===p.group&&"auto"===p.width[o[r].level]&&"auto"===p.height[o[r].level]&&(p.width[o[r].level]=o.gA(p.img[0],"owidth",p.img[0].width),p.height[o[r].level]=o.gA(p.img[0],"owidth",p.img[0].height)),p.imgOBJ={width:"auto"!==p.width[o[r].level]||isNaN(p.width[o[r].level])&&p.width[o[r].level].indexOf("%")>=0?"100%":"auto",height:"auto"!==p.height[o[r].level]||isNaN(p.height[o[r].level])&&p.height[o[r].level].indexOf("%")>=0?"100%":"auto"};else if("video"===p.layertype){o.manageVideoLayer(d,r,s),"rebuild"!==e.mode&&o.resetVideo(d,r,e.mode),null!=p.aspectratio&&p.aspectratio.split(":").length>1&&1==p.bgvideo&&o.prepareCoveredVideo(r,d),p.media=void 0===p.media?p.deepiframe.length>0?jQuery(p.deepiframe[0]):jQuery(p.deepmedia[0]):p.media,p.html5vid=void 0===p.html5vid?!(p.deepiframe.length>0):p.html5vid,p.mediaOBJ={display:"block"};var O=p.width[o[r].level],L=p.height[o[r].level];if(O="auto"===O?O:!o.isNumeric(O)&&O.indexOf("%")>0?p._incolumn||p._ingroup?"100%":"grid"===p.basealign?o.iWA(r,e.slideIndex)*o[r].CM.w*parseFloat(O)/100:w*parseFloat(O)/100:"off"!==p.rsp_bd?parseFloat(O)*o[r].CM.w+"px":parseFloat(O)+"px",L="auto"===L?L:!o.isNumeric(L)&&L.indexOf("%")>0?"grid"===p.basealign?o.iHE(r)*o[r].CM.w:b:"off"!==p.rsp_bd?parseFloat(L)*o[r].CM.h+"px":parseFloat(L)+"px",p.vd=void 0===p.vd?o[r].videos[d[0].id].ratio.split(":").length>1?o[r].videos[d[0].id].ratio.split(":")[0]/o[r].videos[d[0].id].ratio.split(":")[1]:1:p.vd,!p._incolumn||"100%"!==O&&"auto"!==L||void 0===p.ytid)-1==d[0].className.indexOf("rs-fsv")?(L="auto"===L&&void 0!==p.vd&&"auto"!==O?"100%"===O?d.width()/p.vd:O/p.vd:L,p.vidOBJ={width:O,height:L}):("grid"!==p.basealign&&(_=0,S=0),p.x=o.revToResp(0,o[r].rle,0),p.y=o.revToResp(0,o[r].rle,0),p.vidOBJ={width:O,height:o[r].autoHeight?o[r].canv.height:L}),0!=p.html5vid&&d.hasClass("rs-fsv")||(p.mediaOBJ={width:O,height:L,display:"block"}),p._ingroup&&null!==p.vidOBJ.width&&void 0!==p.vidOBJ.width&&!o.isNumeric(p.vidOBJ.width)&&p.vidOBJ.width.indexOf("%")>0&&(p.OBJUPD.lppmOBJ={minWidth:O});else{var I=d.width(),M="auto"===L?I/p.vd:L;p.vidOBJ={width:"auto",height:M},p.heightSetByVideo=!0}}p._slidelink||o[r].caches.calcResponsiveLayersList.push({a:d,b:r,c:0,d:p.rsp_bd,e:e.slideIndex}),"on"===p.rsp_ch&&"row"!==p.type&&"column"!==p.type&&"group"!==p.type&&"image"!==p.type&&"video"!==p.type&&"shape"!==p.type&&d.find("*").each((function(){var t=jQuery(this);"true"!==o.gA(this,"stylerecorder")&&!0!==o.gA(this,"stylerecorder")&&T(t,"rekursive",r),o[r].caches.calcResponsiveLayersList.push({a:t,b:r,c:"rekursive",d:p.rsp_bd,e:e.slideIndex,RSL:d})}))}if("preset"!==e.mode){if(p.oldeow=p.eow,p.oldeoh=p.eoh,p.eow=d.outerWidth(!0),p.eoh=d.outerHeight(!0),0==p.eoh&&"group"==p.type&&"auto"==p.height[o[r].level]&&(p.eoh=p.p[0].offsetHeight),void 0!==p.metas&&void 0!==p.metas.csi&&p.metas.csi.change!==o[r].focusedSlideIndex){p.metas.csi.change=o[r].focusedSlideIndex;g=parseInt(p.metas.csi.change)+1;p.metas.csi.c.innerHTML=(o[r].realslideamount>9&&g<10?"0":"")+g}if(p.imgInFirefox="image"==p.type&&"auto"==p.width[o[r].level]&&"100%"==p.height[o[r].level]&&o.isFirefox(r),p.imgInFirefox){var C=p.img.width();p.eow=0!==C?C:p.eow}if(p.eow<=0&&void 0!==p.lastknownwidth&&(p.eow=p.lastknownwidth),p.eoh<=0&&void 0!==p.lastknownheight&&(p.eoh=p.lastknownheight),void 0!==p.corners&&("text"===p.type||"button"===p.type||"shape"===p.type)){for(a in p.corners)if(p.corners.hasOwnProperty(a)){p.corners[a].css("borderWidth",p.eoh+"px");var A="rs-fcrt"===a||"rs-fcr"===a;p.corners[a].css("border"+(A?"Right":"Left"),"0px solid transparent"),p.corners[a].css("border"+("rs-fcrt"==a||"rs-bcr"==a?"Bottom":"Top")+"Color",p.bgcol)}p.eow=d.outerWidth(!0)}0==p.eow&&0==p.eoh&&(p.eow="grid"===p.basealign?o[r].content.width:o[r].module.width,p.eoh="grid"===p.basealign?o[r].content.height:o[r].module.height),p.basealign=o[r].justifyCarousel?"grid":p.basealign;var D="on"===p.rsp_o?parseInt(p.voffset[o[r].level],0)*o[r].CM.w:parseInt(p.voffset[o[r].level],0),P="on"===p.rsp_o?parseInt(p.hoffset[o[r].level],0)*o[r].CM.h:parseInt(p.hoffset[o[r].level],0),G="grid"===p.basealign?o.iWA(r,e.slideIndex)*o[r].CM.w:w,F="grid"===p.basealign||"carousel"==o[r].sliderType&&"v"===o[r].carousel.orientation?o.iHE(r)*(o[r].keepBPHeight||o[r].currentRowsHeight>o[r].gridheight[o[r].level]?1:o[r].CM.h):b;(1==o[r].gridEQModule||void 0!==p._lig&&"row"!==p.type&&"column"!==p.type&&("group"!==p.type||p._ingroup||p._incolumn))&&(G=void 0!==p._lig?p._lig.width():o[r].module.width,F=void 0!==p._lig?p._lig.height():o[r].module.height,_=0,S=0),o[r].keepBPHeight&&F==o[r].module.height&&(S=0),"video"===p.type&&null!=p.vidOBJ&&(p.vidOBJ.height>=0&&0===p.eoh&&(p.eoh=p.vidOBJ.height),p.vidOBJ.width>=0&&0===p.eow&&(p.eow=p.vidOBJ.width)),h="relative"==p.position?0:"c"===h||"m"===h||"center"===h||"middle"===h?G/2-p.eow/2+P:"l"===h||"left"===h?P:"r"===h||"right"===h?G-p.eow-P:"off"!==p.rsp_o?h*o[r].CM.w:h,m="relative"==p.position?0:"m"===m||"c"===m||"center"===m||"middle"===m?F/2-p.eoh/2+D:"t"===m||"top"==m?D:"b"===m||"bottom"==m?F-p.eoh-D:"off"!==p.rsp_o?m*o[r].CM.w:m,h=p._slidelink?0:o[r].rtl&&-1==(""+p.width[o[r].level]).indexOf("%")?parseInt(h)+p.eow:h,p.calcx="relative"!=p.position||"group"!==p.type&&!p._incolumn?parseInt(h,0)+_:0,p.calcy="relative"!=p.position||"group"!==p.type&&!p._incolumn?parseInt(m,0)+S:0,"row"!==p.type&&"column"!==p.type?p.OBJUPD.POBJ={zIndex:p.zindex,top:p.calcy,left:p.calcx,overwrite:"auto"}:"row"!==p.type?p.OBJUPD.POBJ={zIndex:p.zindex,width:p.columnwidth,top:0,left:0,overwrite:"auto"}:"row"===p.type&&(p.OBJUPD.POBJ={zIndex:p.zindex,width:"grid"===p.basealign?G+"px":"100%",top:0,left:o[r].rtl?-1*_:_,overwrite:"auto"},p.cbreak<=o[r].level?-1===d[0].className.indexOf("rev_break_columns")&&d[0].classList.add("rev_break_columns"):d[0].className.indexOf("rev_break_columns")>0&&d[0].classList.remove("rev_break_columns"),p.rowcalcx=p.OBJUPD.POBJ.left,p.pow=p.p.outerWidth(!0)),void 0!==p.blendmode&&(p.OBJUPD.POBJ.mixBlendMode="color"===p.blendmode&&window.isSafari11?"color-burn":p.blendmode),(void 0!==p.frames.loop||p.imgInFirefox)&&(p.OBJUPD.LPOBJ={width:p.eow,height:p.eoh}),p._ingroup&&(void 0!==p._groupw&&!o.isNumeric(p._groupw)&&p._groupw.indexOf("%")>0&&(p.OBJUPD.lppmOBJ.minWidth=p._groupw),void 0!==p._grouph&&!o.isNumeric(p._grouph)&&p._grouph.indexOf("%")>0&&(p.OBJUPD.lppmOBJ.minHeight=p._grouph)),"updateposition"===e.mode&&(p.caches.POBJ_LEFT===p.OBJUPD.POBJ.left&&p.caches.POBJ_TOP===p.OBJUPD.POBJ.top||(tpGS.gsap.set(p.p,p.OBJUPD.POBJ),p.caches.POBJ_LEFT=p.OBJUPD.POBJ.left,p.caches.POBJ_TOP=p.OBJUPD.POBJ.top)),e.animcompleted&&o.animcompleted(d,r)}}},hoverReverseDone:function(e){o[e.id]._L[e.L[0].id].textDecoration&&tpGS.gsap.set(o[e.id]._L[e.L[0].id].c,{textDecoration:o[e.id]._L[e.L[0].id].textDecoration})},animcompleted:function(e,t,i){if(void 0!==o[t].videos){var a=o[t].videos[e[0].id];null!=a&&null!=a.type&&"none"!=a.type&&(1==a.aplay||"true"==a.aplay||"on"==a.aplay||"1sttime"==a.aplay?(("static"===a.slideid||"carousel"!==o[t].sliderType||e.closest("rs-slide").index()==o[t].carousel.focused||e.closest("rs-slide").index()==o[t].activeRSSlide&&o[t].carousel.oldfocused==o[t].carousel.focused||i)&&o.playVideo(e,t),o.toggleState(e.data("videotoggledby")),(a.aplay1||"1sttime"==a.aplay)&&(a.aplay1=!1,a.aplay=!1)):("no1sttime"==a.aplay&&(a.aplay=!0),o.unToggleState(e.data("videotoggledby"))))}},convertHoverTransform:function(e,t,i){var a,r=o.clone(e.transform);if((r.originX||r.originY||r.originZ)&&(r.transformOrigin=(void 0===r.originX?"50%":r.originX)+" "+(void 0===r.originY?"50%":r.originY)+" "+(void 0===r.originZ?"50%":r.originZ),delete r.originX,delete r.originY,delete r.originZ),void 0!==e&&void 0!==e.filter&&(r.filter=u(e.filter),r["-webkit-filter"]=r.filter),r.color=void 0===r.color?"rgba(255,255,255,1)":r.color,r.force3D="auto",void 0!==r.borderRadius&&((a=r.borderRadius.split(" ")).length,r.borderTopLeftRadius=a[0],r.borderTopRightRadius=a[1],r.borderBottomRightRadius=a[2],r.borderBottomLeftRadius=a[3],delete r.borderRadius),void 0!==r.borderWidth&&((a=r.borderWidth.split(" ")).length,r.borderTopWidth=a[0],r.borderRightWidth=a[1],r.borderBottomWidth=a[2],r.borderLeftWidth=a[3],delete r.borderWidth),void 0===i.bg||-1===i.bg.indexOf("url")){var s=-1!==i.bgCol.search("gradient"),n=r.backgroundImage&&"string"==typeof r.backgroundImage&&-1!==r.backgroundImage.search("gradient");n&&s?(180!==v(i.bgCol)&&180==v(r.backgroundImage)&&(r.backgroundImage=m(r.backgroundImage,180)),r.backgroundImage=tpGS.getSSGColors(i.bgCol,r.backgroundImage,void 0===r.gs?"fading":r.gs).to):n&&!s?r.backgroundImage=tpGS.getSSGColors(i.bgCol,r.backgroundImage,void 0===r.gs?"fading":r.gs).to:!n&&s&&(r.backgroundImage=tpGS.getSSGColors(i.bgCol,r.backgroundColor,void 0===r.gs?"fading":r.gs).to)}return delete r.gs,r},handleStaticLayers:function(e,t){var i=0,a=o[t].realslideamount+1;if(void 0!==o.gA(e[0],"onslides")){var r=o.gA(e[0],"onslides").split(";");for(var s in r)if(r.hasOwnProperty(s)){var n=r[s].split(":");"s"===n[0]&&(i=parseInt(n[1],0)),"e"===n[0]&&(a=parseInt(n[1],0))}}i=Math.max(0,i),a=Math.min(o[t].realslideamount,a<0?o[t].realslideamount:a),a=1!==i&&0!==i||a!==o[t].realslideamount?a:o[t].realslideamount+1,e.data("startslide",i),e.data("endslide",a),o.sA(e[0],"startslide",i),o.sA(e[0],"endslide",a)},updateLayersOnFullStage:function(e){if(o[e].caches.calcResponsiveLayersList.length>0){!0!==o[e].slideHasIframe&&!0!==o[e].fullScreenMode&&!0!==o[e].skipAttachDetach&&("carousel"===o[e].sliderType?o[e].carousel.wrap.detach():o[e].canvas.detach());for(var t=0;t<o[e].caches.calcResponsiveLayersList.length;t++)void 0!==o[e].caches.calcResponsiveLayersList[t]&&P(o[e].caches.calcResponsiveLayersList[t]);!0!==o[e].slideHasIframe&&!0!==o[e].fullScreenMode&&!0!==o[e].skipAttachDetach&&("carousel"===o[e].sliderType?o[e].c[0].appendChild(o[e].carousel.wrap[0]):o[e].c[0].appendChild(o[e].canvas[0]))}},animateTheLayers:function(e){if(void 0===e.slide)return!1;var t=e.id;if(void 0===o[t].slides[e.slide]&&"individual"!==e.slide)return!1;if("carousel"===o[t].sliderType){if("start"===e.mode&&"start"===o[t].lastATLmode){if(e.slide===o[t].lastATLslide&&(new Date).getTime()-o[t].lastATLtime<1500)return;o[t].lastATLtime=(new Date).getTime()}o[t].lastATLmode=e.mode,o[t].lastATLslide=e.slide}var i="individual"!==e.slide?o.gA(o[t].slides[e.slide],"key"):"individual",a=void 0!==o[t].pr_processing_key?o[t].pr_processing_key:void 0!==o[t].pr_active_key?o[t].pr_active_key:0;o[t].focusedSlideIndex=a,o[t].caches.calcResponsiveLayersList=[],o[t].layers=o[t].layers||{},"individual"===i?o[t].layers.individual=void 0===o[t].layers.individual?"all"===o[t].carousel.showLayersAllTime?o.getLayersInSlide(jQuery(o[t].c),"rs-layer","rs-layer-static"):o.getLayersInSlide(jQuery(o[t].c),"rs-on-car"):o[t].layers.individual:(o[t].layers[i]=void 0===o[t].layers[i]?"all"===o[t].carousel.showLayersAllTime?[]:o.getLayersInSlide(jQuery(o[t].slides[e.slide]),"rs-layer","carousel"===o[t].sliderType?"rs-on-car":void 0):o[t].layers[i],o[t].layers.static=void 0===o[t].layers.static?o.getLayersInSlide(jQuery(o[t].c.find("rs-static-layers")),"rs-layer","rs-on-car"):o[t].layers.static,o[t].sbas[i]=void 0===o[t].sbas[i]?o.getLayersInSlide(jQuery(o[t].slides[e.slide]),"rs-sba"):o[t].sbas[i]);var r="rebuild"===e.mode&&"carousel"===o[t].sliderType&&"individual"===i;void 0!==i&&o[t].layers[i]&&o.initLayer({id:t,slideIndex:e.slide,skey:i,mode:e.mode,animcompleted:r}),o[t].layers.static&&o.initLayer({id:t,skey:"static",slideIndex:"static",mode:e.mode,animcompleted:r}),o.updateLayersOnFullStage(t),"preset"!==e.mode||void 0!==o[t].slidePresets&&void 0!==o[t].slidePresets[e.slide]||(o[t].slidePresets=void 0===o[t].slidePresets?{}:o[t].slidePresets,o[t].slidePresets[e.slide]=!0,o[t].c.trigger("revolution.slideprepared",{slide:e.slide,key:i})),o[t].heightInLayers=o[t].module.height,o[t].widthInLayers=o[t].module.width,o[t].levelInLayers=o[t].level;var s={id:t,skey:i,slide:e.slide,key:i,mode:e.mode,index:a};window.requestAnimationFrame((function(){if(void 0===o[t].dimensionReCheck[i]?(o.updateLayerDimensions(s),!0!==o[t].doubleDimensionCheck?setTimeout((function(){o.updateLayerDimensions(s),o.updateRowZones(s)}),150):o.updateRowZones(s),o[t].doubleDimensionCheck=!0,o[t].dimensionReCheck[i]=!0):o.updateRowZones(s),void 0!==i&&o[t].layers[i])for(var a in o[t].layers[i])o[t].layers[i].hasOwnProperty(a)&&o.renderLayerAnimation({layer:jQuery(o[t].layers[i][a]),id:t,mode:e.mode,caller:e.caller});if(o[t].layers.static)for(var a in o[t].layers.static)o[t].layers.static.hasOwnProperty(a)&&o.renderLayerAnimation({layer:jQuery(o[t].layers.static[a]),id:t,mode:e.mode,caller:e.caller});null!=o[t].mtl&&o[t].mtl.resume()}))},updateRowZones:function(e){(void 0!==o[e.id].rowzones&&o[e.id].rowzones.length>0&&e.index>=0&&o[e.id].rowzones[Math.min(e.index,o[e.id].rowzones.length)]&&o[e.id].rowzones[Math.min(e.index,o[e.id].rowzones.length)].length>0||void 0!==o[e.id].srowzones&&o[e.id].srowzones.length>0||void 0!==o[e.id].smiddleZones&&o[e.id].smiddleZones.length>0)&&(o.updateDims(e.id),o.initLayer({id:e.id,skey:e.key,slideIndex:e.slide,mode:"updateposition"}),o.initLayer({id:e.id,skey:"static",slideIndex:"static",mode:"updateposition"}),"start"!==e.mode&&"preset"!==e.mode||o.manageNavigation(e.id),window.requestAnimationFrame((function(){o.putRowsInPosition(e.id)})))},updateLayerDimensions:function(e){var t=!1;o[e.id].caches.calcResponsiveLayersList=[],void 0===e.key||"individual"!=e.key&&void 0===o[e.id].layers[e.key]||!o.checkLayerDimensions({id:e.id,skey:e.key,slideIndex:e.slide})||(t=!0),o.initLayer({id:e.id,skey:e.key,slideIndex:e.slide,mode:"updateAndResize"}),o[e.id].layers.static&&o.checkLayerDimensions({id:e.id,skey:"static",slideIndex:"static"})&&(t=!0,o.initLayer({id:e.id,skey:"static",slideIndex:"static",mode:"updateAndResize"})),t&&o.updateLayersOnFullStage(e.id)},updateAnimatingLayerPositions:function(e){o.initLayer({id:e.id,skey:e.key,slideIndex:e.slide,mode:"updateposition"})},removeTheLayers:function(e,t,i){var a=o.gA(e[0],"key");for(var r in o[t].sloops&&o[t].sloops[a]&&o[t].sloops[a].tl&&o[t].sloops[a].tl.pause(),o[t].layers[a])o[t].layers[a].hasOwnProperty(r)&&o.renderLayerAnimation({layer:jQuery(o[t].layers[a][r]),frame:"frame_999",mode:"continue",remove:!0,id:t,allforce:i});for(var r in o[t].layers.static)o[t].layers.static.hasOwnProperty(r)&&o.renderLayerAnimation({layer:jQuery(o[t].layers.static[r]),frame:"frame_999",mode:"continue",remove:!0,id:t,allforce:i})},renderLayerAnimation:function(e){var i,a=e.layer,r=e.id,u=o[r].level,h=o[r]._L[a[0].id],m=void 0!==h.timeline?h.timeline.time():void 0,v=!1,f=!1,y="none",_=!1;if(("containerResized_2"===e.caller||"swapSlideProgress_2"===e.caller)&&!0!==h.animationRendered)return;if(h.animationRendered=!0,"preset"===e.mode&&!0!==h.frames.frame_1.timeline.waitoncall&&void 0===h.scrollBasedOffset)return;if("trigger"==e.mode&&(h.triggeredFrame=e.frame),h._isstatic){var x="carousel"===o[r].sliderType&&void 0!==o[r].carousel.oldfocused?parseInt(o[r].carousel.oldfocused)+1:void 0===o[r].focusedSlideIndex?0:parseInt(o[r].focusedSlideIndex,0)+1,k="carousel"===o[r].sliderType?void 0===o[r].pr_next_key?0==x?1:x:parseInt(o[r].pr_next_key,0)+1:void 0===o[r].pr_processing_key?0==x?1:x:parseInt(o[r].pr_processing_key,0)+1,R=x>=h.startslide&&x<=h.endslide,O=k>=h.startslide&&k<=h.endslide,L=void 0!==h.frames.frame_999&&void 0!==h.frames.frame_999.timeline&&!0!==h.frames.frame_999.timeline.waitoncall&&x===h.endslide;if(void 0===o[r].modal||"start"!=e.mode&&"continue"!=e.mode||("continue"===e.mode&&"close"==o[r].modal.lastModalCall&&(O=!1),"start"!==e.mode||"show"!==o[r].modal.lastModalCall&&"init"!==o[r].modal.lastModalCall||o[r].modal.lastModalCall===h.lastModalCall||(h.triggeredFrame=void 0,h.triggercache="reset",void 0!==h.timeline&&void 0!==h.timeline.currentLabel()&&-1==h.timeline.currentLabel().indexOf("frame_999")&&h.timeline.pause(0)),h.lastModalCall=o[r].modal.lastModalCall),y=!("start"!==e.mode||!L)||(x===h.endslide&&"continue"===e.mode||("continue"===e.mode||x===h.endslide)&&"none"),"frame_999"===h.animatedFrame&&"done"===h.animatingFrame|null==h.animatingFrame&&(h.lastRequestedMainFrame="frame_999"),void 0!==h.timeline&&void 0!==h.timeline.currentLabel()&&-1==h.timeline.currentLabel().indexOf("frame_999")&&(_=!0),!0===e.allforce||!0===y){if("continue"===e.mode&&O&&L&&void 0!==h.timeline)return void(h.timeline.currentLabel().indexOf("frame_999")>=0?h.timeline.pause(h.timeline.previousLabel()):h.timeline.pause(h.timeline.currentLabel()));if("continue"===e.mode&&"frame_999"===e.frame&&(O||void 0===h.lastRequestedMainFrame))return}else{if("preset"===e.mode&&(h.elementHovered||!O))return;if("rebuild"===e.mode&&!R&&!O)return;if("start"===e.mode&&O&&"frame_1"===h.lastRequestedMainFrame)return;if(("start"===e.mode||"preset"===e.mode)&&"frame_999"===h.lastRequestedMainFrame&&!0!==h.leftstage)return;if("continue"===e.mode&&"frame_999"===e.frame&&(O||void 0===h.lastRequestedMainFrame))return;if("start"===e.mode&&!O)return;if("rebuild"===e.mode&&h.elementHovered&&h._isstatic&&h.hovertimeline)return}}else"start"===e.mode&&"keep"!==h.triggercache&&(h.triggeredFrame=void 0);"start"===e.mode&&(void 0!==h.layerLoop&&(h.layerLoop.count=0),e.frame=void 0===h.triggeredFrame?_?void 0:0:h.triggeredFrame),"continue"===e.mode||"trigger"===e.mode||void 0===h.timeline||h._isstatic&&!0===h.leftstage||h.timeline.pause(0),"continue"!==e.mode&&"trigger"!==e.mode||void 0===h.timeline||h.timeline.pause(),h.timeline=tpGS.gsap.timeline({paused:!0}),"text"!==h.type&&"button"!==h.type||void 0!==h.splitText&&(void 0!==h.splitTextFix||"start"!==e.mode&&"preset"!==e.mode)||(w({layer:a,id:r}),"start"===e.mode&&(h.splitTextFix=!0));let I=o[r].duration;if("carousel"===o[r].sliderType)for(let e of o[r].slides)h.slidekey==e.dataset.key&&null!=o.gA(e,"duration")&&""!=o.gA(e,"duration")&&(I=parseInt(o.gA(e,"duration"),0));for(var M in h.ford)if(h.ford.hasOwnProperty(M)){var T=h.ford[M],C=!1;if("frame_0"!==T&&"frame_hover"!==T&&"loop"!==T){if("frame_999"===T&&!h.frames[T].timeline.waitoncall&&h.frames[T].timeline.start>=I&&!0!==e.remove&&(h.frames[T].timeline.waitoncall=!0),"start"===e.mode&&"keep"!==h.triggercache&&(h.frames[T].timeline.callstate=h.frames[T].timeline.waitoncall?"waiting":""),"trigger"===e.mode&&h.frames[T].timeline.waitoncall&&(T===e.frame?(h.frames[T].timeline.triggered=!0,h.frames[T].timeline.callstate="called"):h.frames[T].timeline.triggered=!1),"rebuild"===e.mode||h.frames[T].timeline.triggered||(h.frames[T].timeline.callstate=h.frames[T].timeline.waitoncall?"waiting":""),!1!==e.fastforward){if(("continue"===e.mode||"trigger"===e.mode)&&!1===f&&T!==e.frame)continue;if(("rebuild"===e.mode||"preset"===e.mode)&&!1===f&&void 0!==h.triggeredFrame&&T!==h.triggeredFrame)continue;(T===e.frame||"rebuild"===e.mode&&T===h.triggeredFrame)&&(f=!0)}else T===e.frame&&(f=!0);if(T!==e.frame&&h.frames[T].timeline.waitoncall&&"called"!==h.frames[T].timeline.callstate&&(v=!0),T!==e.frame&&f&&(v=!0===v&&h.frames[T].timeline.waitoncall?"skiprest":!0!==v&&v),void 0===h.hideonfirststart&&"frame_1"===T&&h.frames[T].timeline.waitoncall&&(h.hideonfirststart=!0),v&&"waiting"===h.frames[T].timeline.callstate&&"preset"===e.mode&&1!=h.firstTimeRendered){if(h._isstatic&&void 0===h.currentframe)continue;C=!0,h.firstTimeRendered=!0}else if("skiprest"===v||"called"!==h.frames[T].timeline.callstate&&v&&e.toframe!==T)continue;if("frame_999"!==T||!1!==y||"continue"!==e.mode&&"start"!==e.mode&&"rebuild"!==e.mode){h.fff="frame_1"===T&&("trigger"!==e.mode||"frame_999"===h.currentframe||"frame_0"===h.currentframe||void 0===h.currentframe),"trigger"===e.mode&&"frame_1"===e.frame&&!1===h.leftstage&&(h.fff=!1),C||(h.frames[T].timeline.callstate="called",h.currentframe=T);var A=h.frames[T],D=h.fff?h.frames.frame_0:void 0,P=tpGS.gsap.timeline(),B=tpGS.gsap.timeline(),G=h.c,F=void 0!==A.sfx&&b(A.sfx.effect,h.m,A.timeline.ease),H=A.timeline.speed/1e3,z=0,W=S({id:r,frame:A,layer:a,ease:A.timeline.ease,splitAmount:G.length,target:T,forcefilter:void 0!==h.frames.frame_hover&&void 0!==h.frames.frame_hover.filter}),E=h.fff?S({id:r,frame:D,layer:a,ease:A.timeline.ease,splitAmount:G.length,target:"frame_0"}):void 0,N=void 0!==A.mask?S({id:r,frame:{transform:{x:A.mask.x,y:A.mask.y}},layer:a,ease:W.ease,target:"mask"}):void 0,j=void 0!==N&&h.fff?S({id:r,frame:{transform:{x:D.mask.x,y:D.mask.y}},layer:a,ease:W.ease,target:"frommask"}):void 0,V=W.ease;if(W.force3D=!0,"block"===F.type){if(F.ft[0].background=A.sfx.fxc,F.ft[0].visibility="visible",F.ft[1].visibility="visible",window.isSafari11){let e=Math.max(E&&E.z?E.z:0,W&&W.z?W.z:0);F.ft[0].z=Math.max(0,e+1),F.ft[1].z=Math.max(0,e+1),F.t.z=Math.max(0,e+1),F.ft[1].transformPerspective=F.ft[0].transformPerspective=F.t.transformPerspective=W.transformPerspective}P.add(tpGS.gsap.fromTo(F.bmask_in,H/2,F.ft[0],F.ft[1],0)),P.add(tpGS.gsap.fromTo(F.bmask_in,H/2,F.ft[1],F.t,H/2)),"frame_0"!==T&&"frame_1"!==T||(E.opacity=0)}if(void 0!==A.color?W.color=A.color:void 0!==h.color&&"npc"!==h.color[u]&&(W.color=h.color[u]),void 0!==D&&void 0!==D.color?E.color=D.color:void 0!==D&&void 0!==h.color&&"npc"!==h.color[u]&&(E.color=h.color[u]),void 0!==A.bgcolor?A.bgcolor.indexOf("gradient")>=0?W.background=A.bgcolor:W.backgroundColor=A.bgcolor:!0===h.bgcolinuse&&(h.bgcol.indexOf("gradient")>=0?W.background=h.bgcol:W.backgroundColor=h.bgcol),void 0!==D&&(void 0!==D.bgcolor?D.bgcolor.indexOf("gradient")>=0?E.background=D.bgcolor:E.backgroundColor=D.bgcolor:!0===h.bgcolinuse&&(h.bgcol.indexOf("gradient")>=0?E.background=h.bgcol:E.backgroundColor=h.bgcol)),void 0!==h.splitText&&!1!==h.splitText)for(var X in t)if(void 0!==A[t[X]]&&!h.quickRendering){var U=h.splitText[t[X]],Y=S({id:r,frame:A,source:t[X],ease:V,layer:a,splitAmount:U.length,target:T+"_"+t[X]}),q=h.fff?S({id:r,frame:D,ease:Y.ease,source:t[X],layer:a,splitAmount:U.length,target:"frame_0_"+t[X]}):void 0,Q=h.frames[T].dosplit?void 0===A[t[X]].delay?.05:A[t[X]].delay/100:0;h.color[u]===W.color&&"frame_1"===T||(Y.color=W.color),void 0!==E&&h.color[u]!==E.color&&(q.color=E.color),void 0!==q&&q.color!==W.color&&(Y.color=W.color);var J=o.clone(Y),Z=h.fff?o.clone(q):void 0,K=A[t[X]].dir;delete J.dir,J.data={splitted:!0},J.stagger="center"===K||"edge"===K?d({each:Q,offset:Q/2,from:K}):{each:Q,from:K},J.duration=H,void 0!==Z&&(void 0!==Z.opacity&&(o.ISM||window.isSafari11)&&(Z.opacity=Math.max(.001,parseFloat(Z.opacity))),delete Z.dir),h.fff?P.add(B.fromTo(U,Z,J),0):P.add(B.to(U,J),0),z=Math.max(z,U.length*Q)}if(H+=z,void 0===i&&(i="isometric"===o[r].perspectiveType?0:"local"===o[r].perspectiveType?void 0!==W.transformPerspective?W.transformPerspective:h.fff&&void 0!==E.transfromPerspective?E.transfromPerspective:o[r].perspective:o[r].perspective),h.knowTransformPerspective=i,h.fsom&&(void 0!==W.filter||h.fff&&void 0!==E.filter)?(N.filter=W.filter,N["-webkit-filter"]=W.filter,delete W.filter,delete W["-webkit-filter"],h.fff&&void 0!==E.filter&&((j=j||{}).filter=E.filter,j["-webkit-filter"]=E.filter,delete E.filter,delete E["-webkit-filter"]),h.forceFsom=!0):h.forceFsom=!1,h.useMaskAnimation=h.pxundermask||void 0!==N&&(void 0!==D&&"hidden"===D.mask.overflow||"hidden"===A.mask.overflow),h.useMaskAnimation||h.forceFsom)h.useMaskAnimation?P.add(tpGS.gsap.to(h.m,.001,{overflow:"hidden"}),0):P.add(tpGS.gsap.to(h.m,.001,{overflow:"visible"}),0),"column"===h.type&&h.cbgexists&&h.useMaskAnimation&&P.add(tpGS.gsap.to(h.cbgmask,.001,{overflow:"hidden"}),0),h.btrans&&(j&&(j.rotationX=h.btrans.rX,j.rotationY=h.btrans.rY,j.rotationZ=h.btrans.rZ,j.opacity=h.btrans.o),N.rotationX=h.btrans.rX,N.rotationY=h.btrans.rY,N.rotationZ=h.btrans.rZ,N.opacity=h.btrans.o),h.fff?P.add(tpGS.gsap.fromTo(void 0!==h.m&&void 0!==h.cbgmask?[h.m,h.cbgmask]:void 0!==h.m?h.m:h.cbgmask,H,o.clone(j),o.clone(N)),.001):P.add(tpGS.gsap.to(void 0!==h.m&&void 0!==h.cbgmask?[h.m,h.cbgmask]:void 0!==h.m?h.m:h.cbgmask,H,o.clone(N)),.001);else if(void 0!==h.btrans){var $={x:0,y:0,filter:"none",opacity:h.btrans.o,rotationX:h.btrans.rX,rotationY:h.btrans.rY,rotationZ:h.btrans.rZ,overflow:"visible"};0===h.btrans.rX&&0==h.btrans.rY||(h.maskHasPerspective=!0,$.transformPerspective=i),P.add(tpGS.gsap.to(h.m,.001,$),0)}else P.add(tpGS.gsap.to(h.m,.001,{clearProps:"transform",overflow:"hidden"==h.ofHidOnHov?"hidden":"visible"}),0);W.force3D="auto",h.fff?(W.visibility="visible",void 0!==h.cbg&&P.fromTo(h.cbg,H,E,W,0),o[r].BUG_safari_clipPath&&(E.clipPath||W.clipPath||h.spike),H=H>0?H-.001:H,void 0!==h.cbg&&"column"===h.type?P.fromTo(G,H,s(E),s(W),0):P.fromTo(G,H,E,W,0),P.invalidate()):("frame_999"!==h.frame&&(W.visibility="visible"),void 0!==h.cbg&&P.to(h.cbg,H,W,0),void 0!==h.cbg&&"column"===h.type?P.to(G,H,s(W),0):P.to(G,H,W,0)),void 0!==V&&"object"!=typeof V&&"function"!=typeof V&&V.indexOf("SFXBounce")>=0&&P.to(G,H,{scaleY:.5,scaleX:1.3,ease:W.ease+"-squash",transformOrigin:"bottom"},1e-4);var ee="trigger"!==e.mode&&(!0!==v&&"skiprest"!==v||"rebuild"!==e.mode)||e.frame===T||void 0===A.timeline.start||!o.isNumeric(A.timeline.start)?"+=0"===A.timeline.start||void 0===A.timeline.start?"+=0.001":parseInt(A.timeline.start,0)/1e3:"+="+parseInt(void 0===A.timeline.startRelative?0:A.timeline.startRelative,0)/1e3;h.timeline.addLabel(T,ee),h.timeline.add(P,ee),h.timeline.addLabel(T+"_end","+=0.01"),P.eventCallback("onStart",c,[{id:r,frame:T,L:a,tPE:i}]),"true"==h.animationonscroll||1==h.animationonscroll?(P.eventCallback("onUpdate",p,[{id:r,frame:T,L:a}]),P.smoothChildTiming=!0):P.eventCallback("onUpdate",p,[{id:r,frame:T,L:a}]),P.eventCallback("onComplete",g,[{id:r,frame:T,L:a,tPE:i}])}}}if(void 0!==h.frames.loop){var te=parseInt(h.frames.loop.timeline.speed,0)/1e3,ie=parseInt(h.frames.loop.timeline.start)/1e3||0,ae="trigger"!==e.mode&&"frame_999"!==e.frame||"frame_999"!==e.frame?.2:0,re=ie+ae;h.loop={root:tpGS.gsap.timeline({}),preset:tpGS.gsap.timeline({}),move:tpGS.gsap.timeline({repeat:-1,yoyo:h.frames.loop.timeline.yoyo_move}),rotate:tpGS.gsap.timeline({repeat:-1,yoyo:h.frames.loop.timeline.yoyo_rotate}),scale:tpGS.gsap.timeline({repeat:-1,yoyo:h.frames.loop.timeline.yoyo_scale}),filter:tpGS.gsap.timeline({repeat:-1,yoyo:h.frames.loop.timeline.yoyo_filter})};var oe=h.frames.loop.frame_0,se=h.frames.loop.frame_999,ne="blur("+parseInt(oe.blur||0,0)+"px) grayscale("+parseInt(oe.grayscale||0,0)+"%) brightness("+parseInt(oe.brightness||100,0)+"%)",le="blur("+(se.blur||0)+"px) grayscale("+(se.grayscale||0)+"%) brightness("+(se.brightness||100)+"%)";if(h.loop.root.add(h.loop.preset,0),h.loop.root.add(h.loop.move,ae),h.loop.root.add(h.loop.rotate,ae),h.loop.root.add(h.loop.scale,ae),h.loop.root.add(h.loop.filter,ae),"blur(0px) grayscale(0%) brightness(100%)"===ne&&"blur(0px) grayscale(0%) brightness(100%)"===le&&(ne="none",le="none"),se.originX=oe.originX,se.originY=oe.originY,se.originZ=oe.originZ,void 0===i&&(i="isometric"===o[r].perspectiveType?0:"local"===o[r].perspectiveType&&void 0!==W?void 0!==W.transformPerspective?W.transformPerspective:h.fff&&void 0!==E.transfromPerspective?E.transfromPerspective:o[r].perspective:o[r].perspective),h.frames.loop.timeline.curved){var de=parseInt(h.frames.loop.timeline.radiusAngle,0)||0,ce=[{x:(oe.x-oe.xr)*o[r].CM.w,y:0,z:(oe.z-oe.zr)*o[r].CM.w},{x:0,y:(oe.y+oe.yr)*o[r].CM.w,z:0},{x:(se.x+se.xr)*o[r].CM.w,y:0,z:(se.z+se.zr)*o[r].CM.w},{x:0,y:(se.y-se.yr)*o[r].CM.w,z:0}],pe={type:"thru",curviness:h.frames.loop.timeline.curviness,path:[],autoRotate:h.frames.loop.timeline.autoRotate};for(var ge in ce)ce.hasOwnProperty(ge)&&(pe.path[ge]=ce[de],de=++de==ce.length?0:de);("trigger"!==e.mode&&"frame_999"!==e.frame||"frame_999"!==e.frame)&&h.loop.preset.fromTo(h.lp,ae,{"-webkit-filter":ne,filter:ne,x:0,y:0,z:0,minWidth:h._incolumn||h._ingroup?"100%":void 0===h.eow?0:h.eow,minHeight:h._incolumn||h._ingroup?"100%":void 0===h.eoh?0:h.eoh,scaleX:1,scaleY:1,skewX:0,skewY:0,rotationX:0,rotationY:0,rotationZ:0,transformPerspective:i,transformOrigin:se.originX+" "+se.originY+" "+se.originZ,opacity:1},l({x:pe.path[3].x,y:pe.path[3].y,z:pe.path[3].z,scaleX:oe.scaleX,skewX:oe.skewX,skewY:oe.skewY,scaleY:oe.scaleY,rotationX:oe.rotationX,rotationY:oe.rotationY,rotationZ:oe.rotationZ,"-webkit-filter":ne,filter:ne,ease:"sine.inOut",opacity:oe.opacity}),0),n(pe)&&h.loop.move.to(h.lp,h.frames.loop.timeline.yoyo_move?te/2:te,{motionPath:pe,ease:h.frames.loop.timeline.ease})}else("trigger"!==e.mode&&"frame_999"!==e.frame||"frame_999"!==e.frame)&&h.loop.preset.fromTo(h.lp,ae,{"-webkit-filter":ne,filter:ne,x:0,y:0,z:0,minWidth:h._incolumn||h._ingroup?"100%":void 0===h.eow?0:h.eow,minHeight:h._incolumn||h._ingroup?"100%":void 0===h.eoh?0:h.eoh,scaleX:1,scaleY:1,skewX:0,skewY:0,rotationX:0,rotationY:0,rotationZ:0,transformPerspective:i,transformOrigin:se.originX+" "+se.originY+" "+se.originZ,opacity:1},l({x:oe.x*o[r].CM.w,y:oe.y*o[r].CM.w,z:oe.z*o[r].CM.w,scaleX:oe.scaleX,skewX:oe.skewX,skewY:oe.skewY,scaleY:oe.scaleY,rotationX:oe.rotationX,rotationY:oe.rotationY,rotationZ:oe.rotationZ,ease:"sine.out",opacity:oe.opacity,"-webkit-filter":ne,filter:ne}),0),h.loop.move.to(h.lp,h.frames.loop.timeline.yoyo_move?te/2:te,{x:se.x*o[r].CM.w,y:se.y*o[r].CM.w,z:se.z*o[r].CM.w,ease:h.frames.loop.timeline.ease});h.loop.rotate.to(h.lp,h.frames.loop.timeline.yoyo_rotate?te/2:te,{rotationX:se.rotationX,rotationY:se.rotationY,rotationZ:se.rotationZ,ease:h.frames.loop.timeline.ease}),h.loop.scale.to(h.lp,h.frames.loop.timeline.yoyo_scale?te/2:te,l({scaleX:se.scaleX,scaleY:se.scaleY,skewX:se.skewX,skewY:se.skewY,ease:h.frames.loop.timeline.ease}));var ue={opacity:se.opacity||1,ease:h.frames.loop.timeline.ease,"-webkit-filter":le,filter:le};h.loop.filter.to(h.lp,h.frames.loop.timeline.yoyo_filter?te/2:te,ue),h.timeline.add(h.loop.root,re)}if(void 0!==h.frames.frame_hover&&("start"===e.mode||void 0===h.hoverframeadded)){h.hoverframeadded=!0;var he=h.frames.frame_hover.timeline.speed/1e3;he=0===he?1e-5:he,h.cachedHoverSpeed=he,h.hoverlistener||(h.hoverlistener=!0,o.document.on("mouseenter mousemove",("column"===h.type&&void 0!==h.cbg?"#"+h.cbg[0].id+",":"")+"#"+h.c[0].id,(function(e){if(h.mouseIsOver=!0,1!=h.ignoreHoverFrames&&("mousemove"!==e.type||!0!==h.ignoremousemove)){if(h.animationonscroll||h.readyForHover){if(h.elementHovered=!0,h.hovertimeline||(h.hovertimeline=tpGS.gsap.timeline({paused:!0})),0==h.hovertimeline.progress()&&(void 0===h.lastHoveredTimeStamp||(new Date).getTime()-h.lastHoveredTimeStamp>150)){if(h.ignoremousemove=!0,h.ofHidOnHov=h.frames.frame_hover.mask?"hidden":"visible",h.hovertimeline.to(void 0!==h.m&&void 0!==h.cbgmask?[h.m,h.cbgmask]:void 0!==h.m?h.m:h.cbgmask,he,{overflow:h.ofHidOnHov},0),"column"===h.type&&null!=h.cbg&&h.hovertimeline.to(h.cbg,he,o.clone(o.convertHoverTransform(h.frames.frame_hover,h.cbg,{bgCol:h.bgcol,bg:h.styleProps.background})),0),"text"!==h.type&&"button"!==h.type||void 0===h.splitText||!1===h.splitText||h.hovertimeline.to([h.splitText.lines,h.splitText.words,h.splitText.chars],he,{color:h.frames.frame_hover.color,ease:h.frames.frame_hover.transform.ease},0),"column"===h.type){let e=o.clone(o.convertHoverTransform(h.frames.frame_hover,h.c,{bgCol:h.bgcol,bg:h.styleProps.background}));delete e.borderTopWidth,delete e.borderRightWidth,delete e.borderBottomWidth,delete e.borderLeftWidth,h.hovertimeline.to(h.c,he,s(e),0)}else h.hovertimeline.to(h.c,he,o.clone(o.convertHoverTransform(h.frames.frame_hover,h.c,{bgCol:h.bgcol,bg:h.styleProps.background})),0);if(h.pZindex=h.p[0].style.zIndex,h.p[0].style.zIndex=parseInt(h.frames&&h.frames.frame_hover&&void 0!==h.frames.frame_hover.transform.zIndex?h.frames.frame_hover.transform.zIndex:h.pZindex),"svg"===h.type){h.svgHTemp=o.clone(h.svgH),delete h.svgHTemp.svgAll;var t=Array.isArray(h.svgHTemp.fill)?h.svgHTemp.fill[o[r].level]:h.svgHTemp.fill;h.svgHTemp.fill=t,h.hovertimeline.to(h.svg,he,h.svgHTemp,0),h.svg.length<=0&&(h.svg=a.find("svg")),h.svgPath.length<=0&&(h.svgPath=h.svg.find(h.svgI.svgAll?"path, circle, ellipse, line, polygon, polyline, rect":"path")),h.hovertimeline.to(h.svgPath,he,{fill:t},0)}}h.hovertimeline.play()}h.lastHoveredTimeStamp=(new Date).getTime()}})),o.document.on("mouseleave",("column"===h.type&&void 0!==h.cbg?"#"+h.cbg[0].id+",":"")+"#"+h.c[0].id,(function(){h.mouseIsOver=!1,1!=h.ignoreHoverFrames&&(h.elementHovered=!1,(h.animationonscroll||h.readyForHover)&&void 0!==h.hovertimeline&&(h.hovertimeline.reverse(),h.p[0].style.zIndex=h.pZindex||h.zIndex,h.hovertimeline.eventCallback("onReverseComplete",o.hoverReverseDone,[{id:r,L:a}])))})))}if(C||(h.lastRequestedMainFrame="start"===e.mode?"frame_1":"continue"===e.mode?void 0===e.frame?h.currentframe:e.frame:h.lastRequestedMainFrame),void 0!==e.totime?h.tSTART=e.totime:void 0!==m&&void 0===e.frame?h.tSTART=m:void 0!==e.frame?h.tSTART=e.frame:h.tSTART=0,0===h.tSTART&&void 0===h.startedAnimOnce&&void 0===h.leftstage&&void 0===h.startedAnimOnce&&!0===h.hideonfirststart&&"preset"===e.mode&&(o[r]._L[a[0].id].pVisRequest=0,h.hideonfirststart=!1),"frame_999"!==h.tSTART&&"frame_999"!==h.triggeredFrame||!h.leftstage&&void 0!==h.startedAnimOnce){if("true"!=h.animationonscroll&&1!=h.animationonscroll?h.timeline.play(h.tSTART):h.timeline.time(h.tSTART),jQuery.inArray(h.type,["group","row","column"])>=0&&(void 0!==e.frame||!0===e.updateChildren)){if(void 0===h.childrenJS)for(var X in h.childrenJS={},o[r]._L){let e=void 0!==o[r]._L[X]._lig?o[r]._L[X]._lig[0]:void 0;null!=e&&(e.id===a[0].id&&e.id!==o[r]._L[X].c[0].id&&(h.childrenJS[o[r]._L[X].c[0].id]=o[r]._L[X].c))}e.frame="0"==e.frame?"frame_0":e.frame,e.frame="1"==e.frame?"frame_1":e.frame,e.frame="999"==e.frame?"frame_999":e.frame;var me=void 0===e.totime?void 0!==h.frames[e.frame].timeline.startAbsolute?parseInt(h.frames[e.frame].timeline.startAbsolute,0)/1e3:void 0!==h.frames[e.frame].timeline.start?o.isNumeric(h.frames[e.frame].timeline.start)?parseInt(h.frames[e.frame].timeline.start,0)/1e3:0:.001:e.totime;if(!0===e.updateChildren)for(var X in h.childrenJS)h.childrenJS.hasOwnProperty(X)&&o.renderLayerAnimation({layer:h.childrenJS[X],fastforward:!1,id:r,mode:"continue",updateChildren:!0,totime:me});else for(var X in h.childrenJS)h.childrenJS.hasOwnProperty(X)&&o[r]._L[X].pausedTrueParrent&&(o.renderLayerAnimation({layer:h.childrenJS[X],fastforward:!1,id:r,mode:"continue",updateChildren:!0,totime:me}),o[r]._L[X].pausedTrueParrent=!1)}}else;}}),o.getLayersInSlide=function(e,t,i){if(0===e.length)return{};for(var a=e[0].getElementsByClassName(t),r={},o=0;o<a.length;o++)void 0!==i&&-1!==a[o].className.indexOf(i)||(r[a[o].id]=a[o]);if(void 0!==e[1])for(a=e[1].getElementsByClassName(t),o=0;o<a.length;o++)void 0!==i&&-1!==a[o].className.indexOf(i)||(r[a[o].id]=a[o]);return r};var s=function(e){var t=o.clone(e);return delete t.backgroundColor,delete t.background,delete t.backgroundImage,delete t.borderSize,delete t.borderStyle,delete t["backdrop-filter"],t},n=function(e){if(void 0!==e&&void 0!==e.path&&Array.isArray(e.path)){var t=0,i=0;for(var a in e.path)!e.path.hasOwnProperty(a)||t>0||i>0||(t+=e.path[a].x,i+=e.path[a].y);return 0!=t||0!=i}},l=function(e){return void 0===e.skewX&&delete e.skewX,void 0===e.skewY&&delete e.skewY,e},d=function(e){e.from="edge"===e.from?"edges":e.from;var t=tpGS.gsap.utils.distribute(e);return function(i,a,r){return t(i,a,r)+(i<=r.length/2?0:e.offset||0)}},c=function(e){let t=o[e.id]._L[e.L[0].id],i=o[e.id]._L[t._ligid];o[e.id].BUG_safari_clipPath&&e.L[0].classList.remove("rs-pelock"),(t._ingroup||t._incolumn||t._inrow)&&void 0!==i&&void 0!==i.timeline&&(i.timeline.isActive()||void 0===t||void 0===t.frames[t.timeline.currentLabel()]||(null==i.timezone||i.timezone.to<=parseInt(t.frames[t.timeline.currentLabel()].timeline.start,0))&&!0!==t.animOnScrollForceDisable&&(t.pausedTrueParrent=!0,t.timeline.pause()));let a=t.hovertimeline;a&&a.time()>0&&(a.pause(),a.time(0),a.kill(),delete t.hovertimeline),delete t.childrenAtStartNotVisible,t.pVisRequest=1;var r={layer:e.L};t.tweenOnStart=!0,t.animatingFrame=e.frame,t.ignoremousemove=!1,t.leftstage=!1,t.readyForHover=!1,t.tweenDirection=1==t.animationonscroll||"true"==t.animationonscroll?t.animteToTimeCache>t.animteToTime?-1:1:void 0,void 0!==t.layerLoop&&t.layerLoop.from===e.frame&&t.layerLoop.count++,""+t.tweenDirection=="-1"&&("frame_0"===e.frame||"frame_1"==e.frame&&t.animteToTime<=.01)&&"column"!==t.type&&"row"!==t.type&&"group"!==t.type?(t.leftstage=!0,t.pVisRequest=0,t.pPeventsRequest="none",window.requestAnimationFrame((function(){o.requestLayerUpdates(e.id,"leftstage",e.L[0].id)}))):("frame_1"===e.frame&&"Safari"===window.RSBrowser&&void 0===t.safariRenderIssue&&(tpGS.gsap.set([t.c],{opacity:1}),t.safariRenderIssue=!0),"frame_999"!==e.frame&&(t.startedAnimOnce=!0,t.pPeventsRequest=t.noPevents?"none":"auto"),r.eventtype="frame_0"===e.frame||"frame_1"===e.frame?"enterstage":"frame_999"===e.frame?"leavestage":"framestarted",t._ingroup&&void 0!==i&&!0!==i.frames.frame_1.timeline.waitoncall&&(i.pVisRequest=1),o.requestLayerUpdates(e.id,r.eventtype,e.L[0].id,void 0!==t.frames[e.frame]&&void 0!==t.frames[e.frame].timeline&&0==t.frames[e.frame].timeline.usePerspective?e.tPE:"ignore")),r.id=e.id,r.layerid=e.L[0].id,r.layertype=t.type,r.frame_index=e.frame,r.layersettings=t,o[e.id].c.trigger("revolution.layeraction",[r]),"enterstage"===r.eventtype&&o.toggleState(t.layertoggledby),"frame_1"===e.frame&&o.animcompleted(e.L,e.id)},p=function(e){let t=o[e.id]._L[e.L[0].id];t.animatingFrame=e.frame,t.tweenOnStart=!1,t.tweenOnEnd=!1,"frame_999"===e.frame&&(t.pVisRequest=1,t.pPeventsRequest=t.noPevents?"none":"auto",t.leftstage=!1,window.requestAnimationFrame((function(){o.requestLayerUpdates(e.id,"update",e.L[0].id)})))},g=function(e){let t=o[e.id]._L[e.L[0].id];var i=!0;if("column"===t.type||"row"===t.type||"group"===t.type){var a=t.timeline.currentLabel(),r=jQuery.inArray(a,t.ford);r++,r=t.ford.length>r?t.ford[r]:a,void 0!==t.frames[r]&&void 0!==t.frames[a]&&(t.timezone={from:parseInt(t.frames[a].timeline.startAbsolute,0),to:parseInt(t.frames[r].timeline.startAbsolute,0)})}if("frame_999"!==e.frame&&o[e.id].isEdge&&"shape"===t.type){var s=t.c[0].style.opacity;t.c[0].style.opacity=s-1e-4,tpGS.gsap.set(t.c[0],{opacity:s-.001,delay:.05}),tpGS.gsap.set(t.c[0],{opacity:s,delay:.1})}t.animatingFrame="done",t.animatedFrame=e.frame,t.tweenOnStart=!1,t.tweenOnEnd=!0,t.tweenDirection=1==t.animationonscroll||"true"==t.animationonscroll?t.animteToTimeCache>t.animteToTime?-1:1:void 0;var n={};n.layer=e.L,n.eventtype="frame_0"===e.frame||"frame_1"===e.frame?"enteredstage":"frame_999"===e.frame?"leftstage":"frameended",t.readyForHover=!0,n.layertype=t.type,n.frame_index=e.frame,n.layersettings=t,o[e.id].c.trigger("revolution.layeraction",[n]),"frame_999"===e.frame&&"leftstage"===n.eventtype?(t.leftstage=!0,t.pVisRequest=0,t.pPeventsRequest="none",i=!1,window.requestAnimationFrame((function(){o.requestLayerUpdates(e.id,"leftstage",e.L[0].id)}))):(e.L[0].id,void 0!==t.frames[e.frame]&&void 0!==t.frames[e.frame].timeline&&0==t.frames[e.frame].timeline.usePerspective&&window.requestAnimationFrame((function(){o.requestLayerUpdates(e.id,"frameended",e.L[0].id,e.tPE)}))),"leftstage"===n.eventtype&&void 0!==o[e.id].videos&&void 0!==o[e.id].videos[e.L[0].id]&&o.stopVideo&&o.stopVideo(e.L,e.id),"column"===t.type&&void 0!==t.cbg&&tpGS.gsap.to(t.cbg,.01,{visibility:"visible"}),"leftstage"===n.eventtype&&(o.unToggleState(e.layertoggledby),"video"===t.type&&o.resetVideo&&setTimeout((function(){o.resetVideo(e.L,e.id)}),100)),o[e.id].BUG_safari_clipPath&&!i&&e.L[0].classList.add("rs-pelock"),void 0!==t.layerLoop&&t.layerLoop.to===e.frame&&(-1==t.layerLoop.repeat||t.layerLoop.repeat>t.layerLoop.count)&&t.timeline.seek(t.layerLoop.from).play()},u=function(e){if(void 0===e)return"";var t="";return o.isChrome8889&&0===e.blur&&(e.blur=.05),t=void 0!==e.blur?"blur("+(e.blur||0)+"px)":"",t+=void 0!==e.grayscale?(t.length>0?" ":"")+"grayscale("+(e.grayscale||0)+"%)":"",""===(t+=void 0!==e.brightness?(t.length>0?" ":"")+"brightness("+(e.brightness||100)+"%)":"")?"none":t},h=function(e){if(void 0===e)return"";var t="";return o.isChrome8889&&0===e.b_blur&&(e.b_blur=.05),t=void 0!==e.b_blur?"blur("+(e.b_blur||0)+"px)":"",t+=void 0!==e.b_grayscale?(t.length>0?" ":"")+"grayscale("+(e.b_grayscale||0)+"%)":"",t+=void 0!==e.b_sepia?(t.length>0?" ":"")+"sepia("+(e.b_sepia||0)+"%)":"",t+=void 0!==e.b_invert?(t.length>0?" ":"")+"invert("+(e.b_invert||0)+"%)":"",""===(t+=void 0!==e.b_brightness?(t.length>0?" ":"")+"brightness("+(e.b_brightness||100)+"%)":"")?"none":t},m=function(e,t){var i=(e=e.split("("))[0];return e.shift(),i+"("+t+"deg, "+e.join("(")},v=function(e){if(-1!==e.search("deg,")){var t=e.split("deg,")[0];if(-1!==t.search(/\(/))return parseInt(t.split("(")[1],10)}return 180},f=function(e,t){if(void 0!==e&&e.indexOf("oc:t")>=0)return{};e=void 0===e?"":e.split(";");var i={fill:o.revToResp("#ffffff",o[t].rle),stroke:"transparent","stroke-width":"0px","stroke-dasharray":"0","stroke-dashoffset":"0"};for(var a in e)if(e.hasOwnProperty(a)){var r=e[a].split(":");switch(r[0]){case"c":i.fill=o.revToResp(r[1],o[t].rle,void 0,"||");break;case"sw":i["stroke-width"]=r[1];break;case"sc":i.stroke=r[1];break;case"so":i["stroke-dashoffset"]=r[1];break;case"sa":i["stroke-dasharray"]=r[1];break;case"sall":i.svgAll=r[1]}}return i},y=function(e){return"c"===e?"center":"l"===e?"left":"r"===e?"right":e},w=function(e){var t=o[e.id]._L[e.layer[0].id],i=!1;if(t.splitText&&!1!==t.splitText&&t.splitText.revert(),"text"===t.type||"button"===t.type){for(var a in t.frames)if(void 0!==t.frames[a].chars||void 0!==t.frames[a].words||void 0!==t.frames[a].lines){i=!0;break}t.splitText=!!i&&new tpGS.SplitText(t.c,{type:"lines,words,chars",wordsClass:"rs_splitted_words",linesClass:"rs_splitted_lines",charsClass:"rs_splitted_chars"})}else t.splitText=!1},b=function(e,t,i){if(void 0!==e&&e.indexOf("block")>=0){var a={};switch(0===t[0].getElementsByClassName("tp-blockmask_in").length&&(t.append('<div class="tp-blockmask_in"></div>'),t.append('<div class="tp-blockmask_out"></div>')),i=void 0===i?"power3.inOut":i,a.ft=[{scaleY:1,scaleX:0,transformOrigin:"0% 50%"},{scaleY:1,scaleX:1,ease:i,immediateRender:!1}],a.t={scaleY:1,scaleX:0,transformOrigin:"100% 50%",ease:i,immediateRender:!1},a.bmask_in=t.find(".tp-blockmask_in"),a.bmask_out=t.find(".tp-blockmask_out"),a.type="block",e){case"blocktoleft":case"blockfromright":a.ft[0].transformOrigin="100% 50%",a.t.transformOrigin="0% 50%";break;case"blockfromtop":case"blocktobottom":a.ft=[{scaleX:1,scaleY:0,transformOrigin:"50% 0%"},{scaleX:1,scaleY:1,ease:i,immediateRender:!1}],a.t={scaleX:1,scaleY:0,transformOrigin:"50% 100%",ease:i,immediateRender:!1};break;case"blocktotop":case"blockfrombottom":a.ft=[{scaleX:1,scaleY:0,transformOrigin:"50% 100%"},{scaleX:1,scaleY:1,ease:i,immediateRender:!1}],a.t={scaleX:1,scaleY:0,transformOrigin:"50% 0%",ease:i,immediateRender:!1}}return a.ft[1].overwrite="auto",a.t.overwrite="auto",a}return!1},_=function(e,t,i,a,r){return t&&(t[a]="true"===t[a]||t[a]),0===o[r].sdir||void 0===t?e:("mask"===i?a="x"===a?"mX":"y"===a?"mY":a:"chars"===i?a="x"===a?"cX":"y"===a?"cY":"dir"===a?"cD":a:"words"===i?a="x"===a?"wX":"y"===a?"wY":"dir"===a?"wD":a:"lines"===i&&(a="x"===a?"lX":"y"===a?"lY":"dir"===a?"lD":a),void 0===t[a]||!1===t[a]?e:void 0!==t&&!0===t[a]?"t"===e||"top"===e?"b":"b"===e||"bottom"===e?"t":"l"===e||"left"===e?"r":"r"===e||"right"===e?"l":-1*parseFloat(e)+((""+e).indexOf("px")>=0?"px":(""+e).indexOf("%")>=0?"%":""):void 0)},S=function(e){var t,i=o[e.id]._L[e.layer[0].id],a=void 0===e.source?o.clone(e.frame.transform):o.clone(e.frame[e.source]),r={originX:"50%",originY:"50%",originZ:"0"},s=void 0!==i._lig&&void 0!==o[e.id]._L[i._lig[0].id]?o[e.id]._L[i._lig[0].id].eow:o[e.id].conw,n=void 0!==i._lig&&void 0!==o[e.id]._L[i._lig[0].id]?o[e.id]._L[i._lig[0].id].eoh:o[e.id].conh;for(var l in a)if(a.hasOwnProperty(l)){if(a[l]="object"==typeof a[l]?a[l][o[e.id].level]:a[l],"inherit"===a[l]||"delay"===l||"direction"===l||"use"===l)delete a[l];else if("originX"===l||"originY"===l||"originZ"===l)r[l]=a[l],delete a[l];else if(o.isNumeric(a[l],0))a[l]=_(a[l],e.frame.reverse,e.target,l,e.id,e.id);else if("r"===a[l][0]&&"a"===a[l][1]&&"("===a[l][3])a[l]=a[l].replace("ran","random");else if(a[l].indexOf("cyc(")>=0){var d=a[l].replace("cyc(","").replace(")","").replace("[","").replace("]","").split("|");a[l]=new function(e){return tpGS.gsap.utils.wrap(d,void 0)}}else if(a[l].indexOf("%")>=0&&o.isNumeric(t=parseInt(a[l],0)))a[l]="x"===l?_((i.eow||0)*t/100,e.frame.reverse,e.target,l,e.id):"y"===l?_((i.eoh||0)*t/100,e.frame.reverse,e.target,l,e.id):a[l];else{a[l]=a[l].replace("[","").replace("]",""),a[l]=_(a[l],e.frame.reverse,e.target,l,e.id,e.id);var c={t:0,b:0};switch("row"===i.type&&("rev_row_zone_top"===i.zone&&void 0!==o[e.id].topZones[i.slideIndex]&&void 0!==o[e.id].topZones[i.slideIndex][0]?c={t:0,b:0}:"rev_row_zone_middle"===i.zone&&void 0!==o[e.id].middleZones[i.slideIndex]&&void 0!==o[e.id].middleZones[i.slideIndex][0]?c={t:Math.round(o[e.id].module.height/2-o[e.id].middleZones[i.slideIndex][0].offsetHeight/2),b:Math.round(o[e.id].module.height/2+o[e.id].middleZones[i.slideIndex][0].offsetHeight/2)}:"rev_row_zone_bottom"===i.zone&&void 0!==o[e.id].bottomZones[i.slideIndex]&&void 0!==o[e.id].bottomZones[i.slideIndex][0]&&(c={t:Math.round(o[e.id].module.height-o[e.id].bottomZones[i.slideIndex][0].offsetHeight),b:o[e.id].module.height+o[e.id].bottomZones[i.slideIndex][0].offsetHeight})),a[l]){case"t":case"top":a[l]=0-(i.eoh||0)-("column"===i.type?0:i.calcy||0)-o.getLayerParallaxOffset(e.id,e.layer[0].id,"v")-("row"===i.type&&void 0!==i.marginTop?i.marginTop[o[e.id].level]:0)-c.b;break;case"b":case"bottom":a[l]=n-("column"===i.type||"row"===i.type?0:i.calcy||0)+o.getLayerParallaxOffset(e.id,e.layer[0].id,"v")-c.t;break;case"l":case"left":a[l]=0-("row"===i.type?i.pow:i.eow||0)-("column"===i.type?0:"row"===i.type?i.rowcalcx:i.calcx||0)-o.getLayerParallaxOffset(e.id,e.layer[0].id,"h");break;case"r":case"right":a[l]=s-("column"===i.type?0:"row"===i.type?i.rowcalcx:i.calcx||0)+o.getLayerParallaxOffset(e.id,e.layer[0].id,"h");break;case"m":case"c":case"middle":case"center":a[l]="x"===l?_(s/2-("column"===i.type?0:i.calcx||0)-(i.eow||0)/2,e.frame.reverse,e.target,l,e.id):"y"===l?_(n/2-("column"===i.type?0:i.calcy||0)-(i.eoh||0)/2,e.frame.reverse,e.target,l,e.id):a[l]}}"skewX"===l&&void 0!==a[l]&&(a.scaleY=void 0===a.scaleY?1:parseFloat(a.scaleY),a.scaleY*=Math.cos(parseFloat(a[l])*tpGS.DEG2RAD)),"skewY"===l&&void 0!==a[l]&&(a.scaleX=void 0===a.scaleX?1:parseFloat(a.scaleX),a.scaleX*=Math.cos(parseFloat(a[l])*tpGS.DEG2RAD))}if(a.transformOrigin=r.originX+" "+r.originY+" "+r.originZ,!o[e.id].BUG_ie_clipPath&&void 0!==a.clip&&void 0!==i.clipPath&&i.clipPath.use){a.clipB=null==a.clipB?100:a.clipB;var p="rectangle"==i.clipPath.type,g=parseInt(a.clip,0),m=100-parseInt(a.clipB,0),v=Math.round(g/2);switch(i.clipPath.origin){case"invh":a.clipPath="polygon(0% 0%, 0% 100%, "+g+"% 100%, "+g+"% 0%, 100% 0%, 100% 100%, "+m+"% 100%, "+m+"% 0%, 0% 0%)";break;case"invv":a.clipPath="polygon(100% 0%, 0% 0%, 0% "+g+"%, 100% "+g+"%, 100% 100%, 0% 100%, 0% "+m+"%, 100% "+m+"%, 100% 0%)";break;case"cv":a.clipPath=p?"polygon("+(50-v)+"% 0%, "+(50+v)+"% 0%, "+(50+v)+"% 100%, "+(50-v)+"% 100%)":"circle("+g+"% at 50% 50%)";break;case"ch":a.clipPath=p?"polygon(0% "+(50-v)+"%, 0% "+(50+v)+"%, 100% "+(50+v)+"%, 100% "+(50-v)+"%)":"circle("+g+"% at 50% 50%)";break;case"l":a.clipPath=p?"polygon(0% 0%, "+g+"% 0%, "+g+"% 100%, 0% 100%)":"circle("+g+"% at 0% 50%)";break;case"r":a.clipPath=p?"polygon("+(100-g)+"% 0%, 100% 0%, 100% 100%, "+(100-g)+"% 100%)":"circle("+g+"% at 100% 50%)";break;case"t":a.clipPath=p?"polygon(0% 0%, 100% 0%, 100% "+g+"%, 0% "+g+"%)":"circle("+g+"% at 50% 0%)";break;case"b":a.clipPath=p?"polygon(0% 100%, 100% 100%, 100% "+(100-g)+"%, 0% "+(100-g)+"%)":"circle("+g+"% at 50% 100%)";break;case"lt":a.clipPath=p?"polygon(0% 0%,"+2*g+"% 0%, 0% "+2*g+"%)":"circle("+g+"% at 0% 0%)";break;case"lb":a.clipPath=p?"polygon(0% "+(100-2*g)+"%, 0% 100%,"+2*g+"% 100%)":"circle("+g+"% at 0% 100%)";break;case"rt":a.clipPath=p?"polygon("+(100-2*g)+"% 0%, 100% 0%, 100% "+2*g+"%)":"circle("+g+"% at 100% 0%)";break;case"rb":a.clipPath=p?"polygon("+(100-2*g)+"% 100%, 100% 100%, 100% "+(100-2*g)+"%)":"circle("+g+"% at 100% 100%)";break;case"clr":a.clipPath=p?"polygon(0% 0%, 0% "+g+"%, "+(100-g)+"% 100%, 100% 100%, 100% "+(100-g)+"%, "+g+"% 0%)":"circle("+g+"% at 50% 50%)";break;case"crl":a.clipPath=p?"polygon(0% "+(100-g)+"%, 0% 100%, "+g+"% 100%, 100% "+g+"%, 100% 0%, "+(100-g)+"% 0%)":"circle("+g+"% at 50% 50%)"}!0!==o.isFirefox(e.id)&&(a["-webkit-clip-path"]=a.clipPath),a["clip-path"]=a.clipPath,delete a.clip,delete a.clipB}else delete a.clip;return"mask"!==e.target&&(void 0===e.frame||void 0===e.frame.filter&&!e.forcefilter||(a.filter=u(e.frame.filter),a["-webkit-filter"]=a.filter,o.useBackdrop&&(window.isSafari11?a["-webkit-backdrop-filter"]=h(e.frame.filter):a["backdrop-filter"]=h(e.frame.filter)),window.isSafari11&&void 0!==a.filter&&void 0===a[null==i.iOSFix||"d"==i.iOSFix?"shape"==i.type?"z":"x":i.iOSFix]&&void 0!==e.frame.filter&&void 0!==e.frame.filter.blur&&(a[null==i.iOSFix||"d"==i.iOSFix?"shape"==i.type?"z":"x":i.iOSFix]=1e-4)),jQuery.inArray(e.source,["chars","words","lines"])>=0&&(void 0!==e.frame[e.source].blur||e.forcefilter)&&(a.filter=u(e.frame[e.source]),a["-webkit-filter"]=a.filter),delete a.grayscale,delete a.blur,delete a.brightness),a.ease=void 0!==a.ease?a.ease:void 0===a.ease&&void 0!==e.ease||void 0!==a.ease&&void 0!==e.ease&&"inherit"===a.ease?e.ease:e.frame.timeline.ease,a.ease=void 0===a.ease||"default"===a.ease?"power3.inOut":a.ease,a},x=function(e,t,i,a,r){var s,n,l={},d={},c={};for(var p in a=void 0===a?"transform":a,"loop"===r?(c.autoRotate=!1,c.yoyo_filter=!1,c.yoyo_rotate=!1,c.yoyo_move=!1,c.yoyo_scale=!1,c.curved=!1,c.curviness=2,c.ease="none",c.speed=1e3,c.st=0,l.x=0,l.y=0,l.z=0,l.xr=0,l.yr=0,l.zr=0,l.scaleX=1,l.scaleY=1,l.originX="50%",l.originY="50%",l.originZ="0",l.rotationX="0deg",l.rotationY="0deg",l.rotationZ="0deg"):(c.speed=300,i?c.ease="default":l.ease="default"),"sfx"===r&&(l.fxc="#ffffff"),e=e.split(";"))if(e.hasOwnProperty(p)){var g=e[p].split(":");switch(g[0]){case"u":l.use="true"===g[1]||"t"===g[1]||fasle;break;case"c":s=g[1];break;case"fxc":l.fxc=g[1];break;case"bgc":n=g[1];break;case"auto":l.auto="t"===g[1]||void 0===g[1]||"true"===g[1];break;case"o":l.opacity=g[1];break;case"oX":l.originX=g[1];break;case"oY":l.originY=g[1];break;case"oZ":l.originZ=g[1];break;case"sX":l.scaleX=g[1];break;case"sY":l.scaleY=g[1];break;case"skX":l.skewX=g[1];break;case"skY":l.skewY=g[1];break;case"rX":l.rotationX=g[1],0!=g[1]&&"0deg"!==g[1]&&o.addSafariFix(t);break;case"rY":l.rotationY=g[1],0!=g[1]&&"0deg"!==g[1]&&o.addSafariFix(t);break;case"rZ":l.rotationZ=g[1];break;case"sc":l.color=g[1];break;case"se":l.effect=g[1];break;case"bos":l.borderStyle=g[1];break;case"boc":l.borderColor=g[1];break;case"td":l.textDecoration=g[1];break;case"zI":l.zIndex=g[1];break;case"tp":l.transformPerspective="isometric"===o[t].perspectiveType?0:"global"===o[t].perspectiveType?o[t].perspective:g[1];break;case"cp":l.clip=parseInt(g[1],0);break;case"cpb":l.clipB=parseInt(g[1],0);break;case"aR":c.autoRotate="t"==g[1];break;case"rA":c.radiusAngle=g[1];break;case"yyf":c.yoyo_filter="t"==g[1];break;case"yym":c.yoyo_move="t"==g[1];break;case"yyr":c.yoyo_rotate="t"==g[1];break;case"yys":c.yoyo_scale="t"==g[1];break;case"crd":c.curved="t"==g[1];break;case"x":l.x="reverse"===r?"t"===g[1]||!0===g[1]||"true"==g[1]:"loop"===r?parseInt(g[1],0):o.revToResp(g[1],o[t].rle);break;case"y":l.y="reverse"===r?"t"===g[1]||!0===g[1]||"true"==g[1]:"loop"===r?parseInt(g[1],0):o.revToResp(g[1],o[t].rle);break;case"z":l.z="loop"===r?parseInt(g[1],0):o.revToResp(g[1],o[t].rle),0!=g[1]&&o.addSafariFix(t);break;case"bow":l.borderWidth=o.revToResp(g[1],4,0).toString().replace(/,/g," ");break;case"bor":l.borderRadius=o.revToResp(g[1],4,0).toString().replace(/,/g," ");break;case"m":l.mask="t"===g[1]||"f"!==g[1]&&g[1];break;case"iC":l.instantClick="t"===g[1]||"f"!==g[1]&&g[1];break;case"xR":l.xr=parseInt(g[1],0),o.addSafariFix(t);break;case"yR":l.yr=parseInt(g[1],0),o.addSafariFix(t);break;case"zR":l.zr=parseInt(g[1],0);break;case"iosfx":"default"!==g[1]&&"d"!==g[1]&&"p"!==g[1]&&(d.iosfx=g[1]);break;case"blu":"loop"===r?l.blur=parseInt(g[1],0):d.blur=parseInt(g[1],0);break;case"gra":"loop"===r?l.grayscale=parseInt(g[1],0):d.grayscale=parseInt(g[1],0);break;case"bri":"loop"===r?l.brightness=parseInt(g[1],0):d.brightness=parseInt(g[1],0);break;case"bB":d.b_blur=parseInt(g[1],0);break;case"bG":d.b_grayscale=parseInt(g[1],0);break;case"bR":d.b_brightness=parseInt(g[1],0);break;case"bI":d.b_invert=parseInt(g[1],0);break;case"bS":d.b_sepia=parseInt(g[1],0);break;case"sp":c.speed=parseInt(g[1],0);break;case"d":l.delay=parseInt(g[1],0);break;case"crns":c.curviness=parseInt(g[1],0);break;case"st":c.start="w"===g[1]||"a"===g[1]?"+=0":g[1],c.waitoncall="w"===g[1]||"a"===g[1];break;case"sA":c.startAbsolute=g[1];break;case"sR":c.startRelative=g[1];break;case"e":i?c.ease=g[1]:l.ease=g[1];break;default:g[0].length>0&&(l[g[0]]="t"===g[1]||"f"!==g[1]&&g[1])}}var u={timeline:c};return jQuery.isEmptyObject(d)||("split"===r?l=jQuery.extend(!0,l,d):u.filter=d),"split"===r&&(l.dir=void 0===l.dir?"start":"backward"===l.dir?"end":"middletoedge"===l.dir?"center":"edgetomiddle"===l.dir?"edge":l.dir),jQuery.isEmptyObject(s)||(u.color=s),jQuery.isEmptyObject(n)||(u.bgcolor=n),u[a]=l,u},k=function(e,t){var i={},a=0;if(void 0===o[t]._rdF0){var r=x("x:0;y:0;z:0;rX:0;rY:0;rZ:0;o:0;skX:0;skY:0;sX:0;sY:0;oX:50%;oY:50%;oZ:0;dir:forward;d:5",t).transform;o[t]._rdF0=o[t]._rdF1={transform:x("x:0;y:0;z:0;rX:0;rY:0;rZ:0;o:0;skX:0;skY:0;sX:0;sY:0;oX:50%;oY:50%;oZ:0;tp:600px",t,!0).transform,mask:x("x:0;y:0",t,!0).transform,chars:jQuery.extend(!0,{blur:0,grayscale:0,brightness:100},r),words:jQuery.extend(!0,{blur:0,grayscale:0,brightness:100},r),lines:jQuery.extend(!0,{blur:0,grayscale:0,brightness:100},r)},o[t]._rdF1.transform.opacity=o[t]._rdF1.chars.opacity=o[t]._rdF1.words.opacity=o[t]._rdF1.lines.opacity=o[t]._rdF1.transform.scaleX=o[t]._rdF1.chars.scaleX=o[t]._rdF1.words.scaleX=o[t]._rdF1.lines.scaleX=o[t]._rdF1.transform.scaleY=o[t]._rdF1.chars.scaleY=o[t]._rdF1.words.scaleY=o[t]._rdF1.lines.scaleY=1}for(var a in void 0===e.frame_0&&(e.frame_0="x:0"),void 0===e.frame_1&&(e.frame_1="x:0"),e.dddNeeded=!1,e.ford)if(e.ford.hasOwnProperty(a)){var s=e.ford[a];if(e[s]){if(i[s]=x(e[s],t,!0),void 0!==i[s].bgcolor&&(e.bgcolinuse=!0),o[t].BUG_ie_clipPath&&void 0!==e.clipPath&&e.clipPath.use&&void 0!==i[s].transform.clip){var n="rectangle"===e.clipPath.type?100-parseInt(i[s].transform.clip):100-Math.min(100,2*parseInt(i[s].transform.clip));switch(e.clipPath.origin){case"clr":case"rb":case"rt":case"r":e[s+"_mask"]="u:t;x:"+n+"%;y:0px;",i[s].transform.x=o.revToResp("-"+n+"%",o[t].rle);break;case"crl":case"lb":case"lt":case"cv":case"l":e[s+"_mask"]="u:t;x:-"+n+"%;y:0px;",i[s].transform.x=o.revToResp(n+"%",o[t].rle);break;case"ch":case"t":e[s+"_mask"]="u:t;y:-"+n+"%;y:0px;",i[s].transform.y=o.revToResp(n+"%",o[t].rle);break;case"b":e[s+"_mask"]="u:t;y:"+n+"%;y:0px;",i[s].transform.y=o.revToResp("-"+n+"%",o[t].rle)}delete i[s].transform.clip,delete i[s].transform.clipB}e[s+"_mask"]&&(i[s].mask=x(e[s+"_mask"],t).transform),null!=i[s].mask&&i[s].mask.use?(i[s].mask.x=void 0===i[s].mask.x?0:i[s].mask.x,i[s].mask.y=void 0===i[s].mask.y?0:i[s].mask.y,delete i[s].mask.use,i[s].mask.overflow="hidden"):i[s].mask={ease:"default",overflow:"visible"},e[s+"_chars"]&&(i[s].chars=x(e[s+"_chars"],t,void 0,void 0,"split").transform),e[s+"_words"]&&(i[s].words=x(e[s+"_words"],t,void 0,void 0,"split").transform),e[s+"_lines"]&&(i[s].lines=x(e[s+"_lines"],t,void 0,void 0,"split").transform),(e[s+"_chars"]||e[s+"_words"]||e[s+"_lines"])&&(i[s].dosplit=!0),i.frame_0=void 0===i.frame_0?{transform:{}}:i.frame_0,i[s].transform.auto&&(i[s].transform=o.clone(i.frame_0.transform),i[s].transform.opacity=void 0===i[s].transform.opacity?0:i[s].transform.opacity,void 0!==i.frame_0.filter&&(i[s].filter=o.clone(i.frame_0.filter)),void 0!==i.frame_0.mask&&(i[s].mask=o.clone(i.frame_0.mask)),void 0!==i.frame_0.chars&&(i[s].chars=o.clone(i.frame_0.chars)),void 0!==i.frame_0.words&&(i[s].words=o.clone(i.frame_0.words)),void 0!==i.frame_0.lines&&(i[s].lines=o.clone(i.frame_0.lines)),void 0===i.frame_0.chars&&void 0===i.frame_0.words&&void 0===i.frame_0.lines||(i[s].dosplit=!0)),e[s+"_sfx"]&&(i[s].sfx=x(e[s+"_sfx"],t,!1,void 0,"sfx").transform),e[s+"_reverse"]&&(i[s].reverse=x(e[s+"_reverse"],t,!1,void 0,"reverse").transform)}}if(i.frame_0.dosplit&&(i.frame_1.dosplit=!0),void 0===e.frame_hover&&void 0===e.svgh||(i.frame_hover=x(void 0===e.frame_hover?"":e.frame_hover,t),!o.ISM||"true"!=i.frame_hover.transform.instantClick&&1!=i.frame_hover.transform.instantClick?(delete i.frame_hover.transform.instantClick,i.frame_hover.transform.color=i.frame_hover.color,void 0===i.frame_hover.transform.color&&delete i.frame_hover.transform.color,void 0!==i.frame_hover.bgcolor&&i.frame_hover.bgcolor.indexOf("gradient")>=0?i.frame_hover.transform.backgroundImage=i.frame_hover.bgcolor:void 0!==i.frame_hover.bgcolor&&(i.frame_hover.transform.backgroundColor=i.frame_hover.bgcolor),void 0!==i.frame_hover.bgcolor&&(e.bgcolinuse=!0),i.frame_hover.transform.opacity=void 0===i.frame_hover.transform.opacity?1:i.frame_hover.transform.opacity,i.frame_hover.mask=void 0!==i.frame_hover.transform.mask&&i.frame_hover.transform.mask,delete i.frame_hover.transform.mask,void 0!==i.frame_hover.transform&&((i.frame_hover.transform.borderWidth||i.frame_hover.transform.borderStyle)&&(i.frame_hover.transform.borderColor=void 0===i.frame_hover.transform.borderColor?"transparent":i.frame_hover.transform.borderColor),"none"!==i.frame_hover.transform.borderStyle&&void 0===i.frame_hover.transform.borderWidth&&(i.frame_hover.transform.borderWidth=o.revToResp(0,4,0).toString().replace(/,/g," ")),void 0===e.bordercolor&&void 0!==i.frame_hover.transform.borderColor&&(e.bordercolor="transparent"),void 0===e.borderwidth&&void 0!==i.frame_hover.transform.borderWidth&&(e.borderwidth=o.revToResp(i.frame_hover.transform.borderWidth,4,0)),void 0===e.borderstyle&&void 0!==i.frame_hover.transform.borderStyle&&(e.borderstyle=o.revToResp(i.frame_hover.transform.borderStyle,4,0)))):delete i.frame_hover),void 0!==e.tloop){e.layerLoop={from:"frame_1",to:"frame_999",repeat:-1,keep:!0,children:!0};var l=e.tloop.split(";");for(var a in l)if(l.hasOwnProperty(a)){var d=l[a].split(":");switch(d[0]){case"f":e.layerLoop.from=d[1];break;case"t":e.layerLoop.to=d[1];break;case"k":e.layerLoop.keep=d[1];break;case"r":e.layerLoop.repeat=parseInt(d[1],0);break;case"c":e.layerLoop.children=d[1]}}e.layerLoop.count=0}for(var a in(e.loop_0||e.loop_999)&&(i.loop=x(e.loop_999,t,!0,"frame_999","loop"),i.loop.frame_0=x(e.loop_0||"",t,!1,void 0,"loop").transform),i.frame_0.transform.opacity=void 0===i.frame_0.transform.opacity?0:i.frame_0.transform.opacity,i.frame_1.transform.opacity=void 0===i.frame_1.transform.opacity?1:i.frame_1.transform.opacity,i.frame_999.transform.opacity=void 0===i.frame_999.transform.opacity?"inherit":i.frame_999.transform.opacity,e.clipPath&&e.clipPath.use&&(i.frame_0.transform.clip=void 0===i.frame_0.transform.clip?100:parseInt(i.frame_0.transform.clip),i.frame_1.transform.clip=void 0===i.frame_1.transform.clip?100:parseInt(i.frame_1.transform.clip)),e.resetfilter=!1,e.useFilter={blur:!1,grayscale:!1,brightness:!1,b_blur:!1,b_grayscale:!1,b_brightness:!1,b_invert:!1,b_sepia:!1},i)void 0!==i[a].filter?(e.resetfilter=!0,e.useFilter=O(e.useFilter,i[a].filter)):null==i[a].filter&&(i[a].filter={},e.useFilter.blur&&(i[a].filter.blur=0),e.useFilter.grayscale&&(i[a].filter.grayscale=0),e.useFilter.brightness&&(i[a].filter.brightness=100),e.useFilter.b_blur&&(i[a].filter.b_blur=0),e.useFilter.b_grayscale&&(i[a].filter.b_grayscale=0),e.useFilter.b_brightness&&(i[a].filter.b_brightness=100));if(!0!==e.resetFilter&&void 0!==i.frame_hover&&(e.useFilter=O(e.useFilter,i.frame_hover)),e.resetfilter)for(var a in i.frame_0.filter=o.clone(i.frame_0.filter),i.frame_0.filter=R(e.useFilter,o.clone(i.frame_0.filter)),i)void 0!==i[a].filter&&"frame_1"!==a&&"frame_0"!==a&&(i[a].filter=o.clone(i[a].filter),i[a].filter=R(e.useFilter,o.clone(i[a].filter)));return void 0!==i.frame_0.filter&&(i.frame_1.filter=o.clone(i.frame_1.filter),void 0!==i.frame_0.filter.blur&&0!==i.frame_1.filter.blur&&(i.frame_1.filter.blur=void 0===i.frame_1.filter.blur?0:i.frame_1.filter.blur),void 0!==i.frame_0.filter.brightness&&100!==i.frame_1.filter.brightness&&(i.frame_1.filter.brightness=void 0===i.frame_1.filter.brightness?100:i.frame_1.filter.brightness),void 0!==i.frame_0.filter.grayscale&&0!==i.frame_1.filter.grayscale&&(i.frame_1.filter.grayscale=void 0===i.frame_1.filter.grayscale?0:i.frame_1.filter.grayscale),void 0!==i.frame_0.filter.b_blur&&0!==i.frame_1.filter.b_blur&&(i.frame_1.filter.b_blur=void 0===i.frame_1.filter.b_blur?0:i.frame_1.filter.b_blur),void 0!==i.frame_0.filter.b_brightness&&100!==i.frame_1.filter.b_brightness&&(i.frame_1.filter.b_brightness=void 0===i.frame_1.filter.b_brightness?100:i.frame_1.filter.b_brightness),void 0!==i.frame_0.filter.b_grayscale&&0!==i.frame_1.filter.b_grayscale&&(i.frame_1.filter.b_grayscale=void 0===i.frame_1.filter.b_grayscale?0:i.frame_1.filter.b_grayscale),void 0!==i.frame_0.filter.b_invert&&0!==i.frame_1.filter.b_invert&&(i.frame_1.filter.b_invert=void 0===i.frame_1.filter.b_invert?0:i.frame_1.filter.b_invert),void 0!==i.frame_0.filter.b_sepia&&0!==i.frame_1.filter.b_sepia&&(i.frame_1.filter.b_sepia=void 0===i.frame_1.filter.b_sepia?0:i.frame_1.filter.b_sepia)),I(i,t,e)},R=function(e,t){return e.blur?t.blur=void 0===t.blur?0:t.blur:delete t.blur,e.brightness?t.brightness=void 0===t.brightness?100:t.brightness:delete t.brightness,e.grayscale?t.grayscale=void 0===t.grayscale?0:t.grayscale:delete t.grayscale,e.b_blur?t.b_blur=void 0===t.b_blur?0:t.b_blur:delete t.b_blur,e.b_brightness?t.b_brightness=void 0===t.b_brightness?100:t.b_brightness:delete t.b_brightness,e.b_grayscale?t.b_grayscale=void 0===t.b_grayscale?0:t.b_grayscale:delete t.b_grayscale,e.b_invert?t.b_invert=void 0===t.b_invert?0:t.b_invert:delete t.b_invert,e.b_sepia?t.b_sepia=void 0===t.b_sepia?0:t.b_sepia:delete t.b_sepia,t},O=function(e,t){return e.blur=!0===e.blur||void 0!==t.blur&&0!==t.blur&&"0px"!==t.blur,e.grayscale=!0===e.grayscale||void 0!==t.grayscale&&0!==t.grayscale&&"0%"!==t.grayscale,e.brightness=!0===e.brightness||void 0!==t.brightness&&100!==t.brightness&&"100%"!==t.brightness,e.b_blur=!0===e.b_blur||void 0!==t.b_blur&&0!==t.b_blur&&"0px"!==t.b_blur,e.b_grayscale=!0===e.b_grayscale||void 0!==t.b_grayscale&&0!==t.b_grayscale&&"0%"!==t.b_grayscale,e.b_brightness=!0===e.b_brightness||void 0!==t.b_brightness&&100!==t.b_brightness&&"100%"!==t.b_brightness,e.b_invert=!0===e.b_invert||void 0!==t.b_invert&&0!==t.b_invert&&"0%"!==t.b_invert,e.b_sepia=!0===e.b_sepia||void 0!==t.b_sepia&&0!==t.b_sepia&&"0%"!==t.b_sepia,e},L=function(e){return void 0!==e&&(void 0!==e.rotationY||void 0!==e.rotationX||void 0!==e.z)},I=function(e,t,i){var a,r={},s=["transform","words","chars","lines","mask"],n="global"==o[t].perspectiveType?o[t].perspective:0,l=!0,d=!1;for(var c in e)"loop"!==c&&"frame_hover"!==c&&(r=jQuery.extend(!0,r,e[c]));for(var c in e)if(e.hasOwnProperty(c)&&(void 0!==e[c].timeline&&(e[c].timeline.usePerspective=!1),"loop"!==c&&"frame_hover"!==c)){for(a in r.transform)r.transform.hasOwnProperty(a)&&(r.transform[a]=void 0===e[c].transform[a]?"frame_0"===c?o[t]._rdF0.transform[a]:"frame_1"===c?o[t]._rdF1.transform[a]:r.transform[a]:e[c].transform[a],e[c].transform[a]=void 0===e[c].transform[a]?r.transform[a]:e[c].transform[a]);for(var p=1;p<=4;p++)for(a in r[s[p]])r[s[p]].hasOwnProperty(a)&&(e[c][s[p]]=void 0===e[c][s[p]]?{}:e[c][s[p]],r[s[p]][a]=void 0===e[c][s[p]][a]?"frame_0"===c?o[t]._rdF0[s[p]][a]:"frame_1"===c?o[t]._rdF1[s[p]][a]:r[s[p]][a]:e[c][s[p]][a],e[c][s[p]][a]=void 0===e[c][s[p]][a]?r[s[p]][a]:e[c][s[p]][a]);void 0!==e[c].timeline&&!1===e[c].timeline.usePerspective&&void 0!==e[c].transform&&(void 0!==e[c].transform.rotationY||void 0!==e[c].transform.rotationX||void 0!==e[c].transform.z||L(e[c].chars)||L(e[c].words)||L(e[c].lines))&&(n="local"==o[t].perspectiveType?void 0===e[c].transform.transformPerspective?600:e[c].transform.transformPerspective:n,e[c].timeline.usePerspective=!0,(L(e[c].chars)||L(e[c].words)||L(e[c].lines))&&!o.isFirefox(t)&&(d=!0),l=!1)}if(d&&requestAnimationFrame((function(){tpGS.gsap.set(i.c,{transformStyle:"preserve-3d"})})),void 0!==e.frame_0.timeline&&e.frame_0.timeline.usePerspective&&(e.frame_0.transform.transformPerspective="local"===o[t].perspectiveType?void 0===e.frame_0.transform.transformPerspective?n:e.frame_0.transform.transformPerspective:"isometric"===o[t].perspectiveType?0:o[t].perspective),l)for(var c in e){if(!e.hasOwnProperty(c)||void 0===e[c].transform)continue;delete e[c].transform.transformPerspective}return e},M=function(e){return"thin"===(e=o.isNumeric(e)?e:e.toLowerCase())?"00":"extra light"===e?200:"light"===e?300:"normal"===e?400:"medium"===e?500:"semi bold"===e?600:"bold"===e?700:"extra bold"===e?800:"ultra bold"===e||"black"===e?900:e},T=function(e,t,s){if("BR"==e[0].nodeName||"br"==e[0].tagName||"object"!=typeof e[0].className&&e[0].className.indexOf("rs_splitted_")>=0)return!1;o.sA(e[0],"stylerecorder",!0),void 0===e[0].id&&(e[0].id="rs-layer-sub-"+Math.round(1e6*Math.random())),o[s].computedStyle[e[0].id]=window.getComputedStyle(e[0],null);var n=void 0!==e[0].id&&void 0!==o[s]._L[e[0].id]?o[s]._L[e[0].id]:e.data(),l="rekursive"===t?jQuery(o.closestClass(e[0],"rs-layer")):void 0;void 0!==l&&(o[s].computedStyle[l[0].id]=void 0===o[s].computedStyle[l[0].id]?window.getComputedStyle(l[0],null):o[s].computedStyle[l[0].id]);var d=void 0!==l&&o[s].computedStyle[e[0].id].fontSize==o[s].computedStyle[l[0].id].fontSize&&M(o[s].computedStyle[e[0].id].fontWeight)==M(o[s].computedStyle[l[0].id].fontWeight)&&o[s].computedStyle[e[0].id].lineHeight==o[s].computedStyle[l[0].id].lineHeight,c=d?void 0!==l[0].id&&void 0!==o[s]._L[l[0].id]?o[s]._L[l[0].id]:l.data():void 0,p=0;for(n.basealign=void 0===n.basealign?"grid":n.basealign,n._isnotext||(n.fontSize=o.revToResp(d?void 0===c.fontsize?parseInt(o[s].computedStyle[l[0].id].fontSize,0)||20:c.fontsize:void 0===n.fontsize?"rekursive"!==t?20:"inherit":n.fontsize,o[s].rle),n.fontWeight=o.revToResp(d?void 0===c.fontweight?o[s].computedStyle[l[0].id].fontWeight||"inherit":c.fontweight:void 0===n.fontweight?o[s].computedStyle[e[0].id].fontWeight||"inherit":n.fontweight,o[s].rle),n.whiteSpace=o.revToResp(d?void 0===c.whitespace?"nowrap":c.whitespace:void 0===n.whitespace?"nowrap":n.whitespace,o[s].rle),n.textAlign=o.revToResp(d?void 0===c.textalign?"left":c.textalign:void 0===n.textalign?"left":n.textalign,o[s].rle),n.letterSpacing=o.revToResp(d?void 0===c.letterspacing?parseInt(o[s].computedStyle[l[0].id].letterSpacing,0)||"inherit":c.letterspacing:void 0===n.letterspacing?parseInt("normal"===o[s].computedStyle[e[0].id].letterSpacing?0:o[s].computedStyle[e[0].id].letterSpacing,0)||"inherit":n.letterspacing,o[s].rle),n.textDecoration=d?void 0===c.textDecoration?"none":c.textDecoration:void 0===n.textDecoration?"none":n.textDecoration,p=25,p=void 0===l||"I"!==e[0].tagName&&"STRONG"!==e[0].tagName?p:"inherit",void 0!==n.tshadow&&(n.tshadow.b=o.revToResp(n.tshadow.b,o[s].rle),n.tshadow.h=o.revToResp(n.tshadow.h,o[s].rle),n.tshadow.v=o.revToResp(n.tshadow.v,o[s].rle))),"group"===n.type&&(n.whiteSpace="normal",n.textAlign=o.revToResp(d?void 0===c.textalign?"left":c.textalign:void 0===n.textalign?"left":n.textalign,o[s].rle)),void 0!==n.bshadow&&(n.bshadow.b=o.revToResp(n.bshadow.b,o[s].rle),n.bshadow.h=o.revToResp(n.bshadow.h,o[s].rle),n.bshadow.v=o.revToResp(n.bshadow.v,o[s].rle),n.bshadow.s=o.revToResp(n.bshadow.s,o[s].rle)),void 0!==n.tstroke&&(n.tstroke.w=o.revToResp(n.tstroke.w,o[s].rle)),n.display=d?void 0===c.display?o[s].computedStyle[l[0].id].display:c.display:void 0===n.display?o[s].computedStyle[e[0].id].display:n.display,n.float=o.revToResp(d?void 0===c.float?o[s].computedStyle[l[0].id].float||"none":c.float:void 0===n.float?"none":n.float,o[s].rle),n.clear=o.revToResp(d?void 0===c.clear?o[s].computedStyle[l[0].id].clear||"none":c.clear:void 0===n.clear?"none":n.clear,o[s].rle),n.lineHeight=o.revToResp(e.is("img")||-1!=jQuery.inArray(n.layertype,["video","image","audio"])?p:d?void 0===c.lineheight?parseInt(o[s].computedStyle[l[0].id].lineHeight,0)||p:c.lineheight:void 0===n.lineheight?p:n.lineheight,o[s].rle),n.zIndex=d?void 0===c.zindex?parseInt(o[s].computedStyle[l[0].id].zIndex,0)||"inherit":c.zindex:void 0===n.zindex?parseInt(o[s].computedStyle[e[0].id].zIndex,0)||"inherit":parseInt(n.zindex),g=0;g<4;g++)n["padding"+i[g]]=o.revToResp(void 0===n["padding"+r[g]]?parseInt(o[s].computedStyle[e[0].id]["padding"+i[g]],0)||0:n["padding"+r[g]],o[s].rle),n["margin"+i[g]]=o.revToResp(void 0===n["margin"+r[g]]?parseInt(o[s].computedStyle[e[0].id]["margin"+i[g]],0)||0:n["margin"+r[g]],o[s].rle),n["border"+i[g]+"Width"]=void 0===n.borderwidth?parseInt(o[s].computedStyle[e[0].id]["border"+i[g]+"Width"],0)||0:n.borderwidth[g],n["border"+i[g]+"Color"]=void 0===n.bordercolor?o[s].computedStyle[e[0].id]["border-"+r[g]+"-color"]:n.bordercolor,n["border"+a[g]+"Radius"]=o.revToResp(void 0===n.borderradius?o[s].computedStyle[e[0].id]["border"+a[g]+"Radius"]||0:n.borderradius[g],o[s].rle);if(n.borderStyle=o.revToResp(void 0===n.borderstyle?o[s].computedStyle[e[0].id].borderStyle||0:n.borderstyle,o[s].rle),"rekursive"!==t?(n.color=o.revToResp(void 0===n.color?"#ffffff":n.color,o[s].rle,void 0,"||"),n.minWidth=o.revToResp(void 0===n.minwidth?parseInt(o[s].computedStyle[e[0].id].minWidth,0)||0:n.minwidth,o[s].rle),n.minHeight=o.revToResp(void 0===n.minheight?parseInt(o[s].computedStyle[e[0].id].minHeight,0)||0:n.minheight,o[s].rle),n.width=o.revToResp(void 0===n.width?"auto":o.smartConvertDivs(n.width),o[s].rle),n.height=o.revToResp(void 0===n.height?"auto":o.smartConvertDivs(n.height),o[s].rle),n.maxWidth=o.revToResp(void 0===n.maxwidth?parseInt(o[s].computedStyle[e[0].id].maxWidth,0)||"none":n.maxwidth,o[s].rle),n.maxHeight=o.revToResp(-1!==jQuery.inArray(n.type,["column","row"])?"none":void 0!==n.maxheight?parseInt(o[s].computedStyle[e[0].id].maxHeight,0)||"none":n.maxheight,o[s].rle)):"html"===n.layertype&&(n.width=o.revToResp(e[0].width,o[s].rle),n.height=o.revToResp(e[0].height,o[s].rle)),n._incolumn)for(var g=0;g<n.height.length;g++)-1!==n.height[g].indexOf("%")&&parseFloat(n.height[g])>98&&(n.height[g]=n.height[g].replace("%","px"));for(n.styleProps={background:e[0].style.background,"background-color":e[0].style["background-color"],color:e[0].style.color,cursor:e[0].style.cursor,"font-style":e[0].style["font-style"]},null==n.bshadow&&(n.styleProps.boxShadow=e[0].style.boxShadow),""!==n.styleProps.background&&void 0!==n.styleProps.background&&n.styleProps.background!==n.styleProps["background-color"]||delete n.styleProps.background,""==n.styleProps.color&&(n.styleProps.color=o[s].computedStyle[e[0].id].color),g=0;g<4;g++)C(n["padding"+i[g]],0)&&delete n["padding"+i[g]],C(n["margin"+i[g]],0)&&delete n["margin"+i[g]],(C(n["border"+a[g]+"Radius"],"0px")||C(n["border"+a[g]+"Radius"],"0"))&&delete n["border"+a[g]+"Radius"];if(C(n.borderStyle,"none"))for(delete n.borderStyle,g=0;g<4;g++)delete n["border"+i[g]+"Width"],delete n["border"+i[g]+"Color"]},C=function(e,t){return t===e[0]&&t===e[1]&&t===e[2]&&t===e[3]},A=function(e,t,i,a,r){var s=o.isNumeric(e)||void 0===e?"":e.indexOf("px")>=0?"px":e.indexOf("%")>=0?"%":"";return e=o.isNumeric(parseInt(e))?parseInt(e):e,e=null==(e="full"===(e=o.isNumeric(e)?e*t+s:e)?a:"auto"===e||"none"===e?i:e)?r:e},D=function(e){return null!=e&&0!==parseInt(e,0)},P=function(e){var t,s,n,l,d,c,p,g,u,h,m=e.a,v=e.b,f=e.c,y=e.d,w=e.e,b={},_={},S=o[v]._L[m[0].id],x=m[0].className;if(S=void 0===S?{}:S,"object"==typeof x&&(x=""),void 0!==m&&void 0!==m[0]&&(x.indexOf("rs_splitted")>=0||"BR"==m[0].nodeName||"br"==m[0].tagName||m[0].tagName.indexOf("FCR")>0||m[0].tagName.indexOf("BCR")>0))return!1;w="individual"===w?S.slideIndex:w;var k,R=function(e,t,r){if(void 0!==e){if("BR"==e[0].nodeName||"br"==e[0].tagName)return!1;var s,n=o[t].level,l=void 0!==e[0]&&void 0!==e[0].id&&void 0!==o[t]._L[e[0].id]?o[t]._L[e[0].id]:e.data();void 0===(l=void 0===l.basealign?r.data():l)._isnotext&&(l._isnotext=void 0!==r&&void 0!==r[0]&&r[0].length>0?o.gA(r[0],"_isnotext"):l._isnotext);var d={basealign:void 0===l.basealign?"grid":l.basealign,lineHeight:void 0===l.basealign?"inherit":parseInt(l.lineHeight[n]),color:void 0===l.color?void 0:l.color[n],width:void 0===l.width?void 0:"a"===l.width[n]?"auto":l.width[n],height:void 0===l.height?void 0:"a"===l.height[n]?"auto":l.height[n],minWidth:void 0===l.minWidth?void 0:"n"===l.minWidth[n]?"none":l.minWidth[n],minHeight:void 0===l.minHeight?void 0:"n"==l.minHeight[n]?"none":l.minHeight[n],maxWidth:void 0===l.maxWidth?void 0:"n"==l.maxWidth[n]?"none":l.maxWidth[n],maxHeight:void 0===l.maxHeight?void 0:"n"==l.maxHeight[n]?"none":l.maxHeight[n],float:l.float[n],clear:l.clear[n]};for(l.borderStyle&&(d.borderStyle=l.borderStyle[n]),s=0;s<4;s++)l["padding"+i[s]]&&(d["padding"+i[s]]=l["padding"+i[s]][n]),l["margin"+i[s]]&&(d["margin"+i[s]]=parseInt(l["margin"+i[s]][n])),l["border"+a[s]+"Radius"]&&(d["border"+a[s]+"Radius"]=l["border"+a[s]+"Radius"][n]),void 0!==d.borderStyle&&"none"!==d.borderStyle&&(l["border"+i[s]+"Color"]&&(d["border"+i[s]+"Color"]=l["border"+i[s]+"Color"]),l["border"+i[s]+"Width"]&&(d["border"+i[s]+"Width"]=parseInt(l["border"+i[s]+"Width"])));return l._isnotext||(d.textDecoration=l.textDecoration,d.fontSize=parseInt(l.fontSize[n]),d.fontWeight=parseInt(l.fontWeight[n]),d.letterSpacing=parseInt(l.letterSpacing[n])||0,d.textAlign=l.textAlign[n],d.whiteSpace=l.whiteSpace[n],d.whiteSpace="normal"===d.whiteSpace&&"auto"===d.width&&(!0!==l._incolumn&&!0!==l._ingroup||"relative"!==l.position)?"nowrap":d.whiteSpace,d.display=l.display,void 0!==l.tshadow&&(d.textShadow=parseInt(l.tshadow.h[n],0)+"px "+parseInt(l.tshadow.v[n],0)+"px "+l.tshadow.b[n]+" "+l.tshadow.c),void 0!==l.tstroke&&(d.textStroke=parseInt(l.tstroke.w[n],0)+"px "+l.tstroke.c)),"group"===l.type&&(d.whiteSpace=l.whiteSpace,d.textAlign=l.textAlign[n],d.display=l.display),void 0!==l.bshadow&&(d.boxShadow=parseInt(l.bshadow.h[n],0)+"px "+parseInt(l.bshadow.v[n],0)+"px "+parseInt(l.bshadow.b[n],0)+"px "+parseInt(l.bshadow.s[n],0)+"px "+l.bshadow.c),d}}(m,v,e.RSL),O="off"===y?1:o[v].CM.w;if(void 0===S._isnotext&&(S._isnotext=void 0!==R.RSL&&void 0!==R.RSL[0]&&R.RSL[0].length>0?o.gA(R.RSL[0],"_isnotext"):S._isnotext),S._incolumn&&("shape"===S.type||"text"===S.type||"button"===S.type)&&(""+R.height).indexOf(!1)&&(R.height=R.height),S.OBJUPD=null==S.OBJUPD?{}:S.OBJUPD,S.caches=null==S.caches?{}:S.caches,"column"===S.type){for(s={},k={},t=0;t<4;t++)void 0!==R["margin"+i[t]]&&(s["padding"+i[t]]=Math.round(R["margin"+i[t]]*O)+"px",k["margin"+i[t]]=R["margin"+i[t]],delete R["margin"+i[t]]);jQuery.isEmptyObject(s)||tpGS.gsap.set(S._column,s)}var L=o.clone(S.OBJUPD.POBJ),I=o.clone(S.OBJUPD.LPOBJ);if(-1===x.indexOf("rs_splitted_")){for(s={overwrite:"auto"},t=0;t<4;t++)void 0!==R["border"+a[t]+"Radius"]&&(s["border"+a[t]+"Radius"]=R["border"+a[t]+"Radius"]),void 0!==R["padding"+i[t]]&&(s["padding"+i[t]]=Math.round(R["padding"+i[t]]*O)+"px"),void 0===R["margin"+i[t]]||S._incolumn||S._ingroup&&"absolute"!=S.position||(s["margin"+i[t]]="row"===S.type?0:Math.round(R["margin"+i[t]]*O)+"px");if(void 0!==S.spike&&(s["clip-path"]=s["-webkit-clip-path"]=S.spike),R.boxShadow&&(s.boxShadow=R.boxShadow),"column"!==S.type&&(void 0!==R.borderStyle&&"none"!==R.borderStyle&&(0!==R.borderTopWidth||R.borderBottomWidth>0||R.borderLeftWidth>0||R.borderRightWidth>0)?(s.borderTopWidth=Math.round(R.borderTopWidth*O)+"px",s.borderBottomWidth=Math.round(R.borderBottomWidth*O)+"px",s.borderLeftWidth=Math.round(R.borderLeftWidth*O)+"px",s.borderRightWidth=Math.round(R.borderRightWidth*O)+"px",s.borderStyle=R.borderStyle,s.borderTopColor=R.borderTopColor,s.borderBottomColor=R.borderBottomColor,s.borderLeftColor=R.borderLeftColor,s.borderRightColor=R.borderRightColor):("none"===R.borderStyle&&(s.borderStyle="none"),void 0!==R.borderTopColor&&(s.borderTopColor=R.borderTopColor),void 0!==R.borderBottomColor&&(s.borderBottomColor=R.borderBottomColor),void 0!==R.borderLeftColor&&(s.borderLeftColor=R.borderLeftColor),void 0!==R.borderRightColor&&(s.borderRightColor=R.borderRightColor))),"shape"!==S.type&&"image"!==S.type||!(D(R.borderTopLeftRadius)||D(R.borderTopRightRadius)||D(R.borderBottomLeftRadius)||D(R.borderBottomRightRadius))||(s.overflow="hidden"),S._isnotext||("column"!==S.type&&(s.fontSize=Math.round(R.fontSize*O)+"px","thefont"==m[0].id&&console.log(s.fontSize,O),s.fontWeight=R.fontWeight,s.letterSpacing=R.letterSpacing*O+"px",R.textShadow&&(s.textShadow=R.textShadow),R.textStroke&&(s["-webkit-text-stroke"]=R.textStroke)),s.lineHeight=Math.round(R.lineHeight*O)+"px",s.textAlign=R.textAlign),"video"===S.type&&S.html5vid&&void 0!==S.deepmedia&&void 0!==S.deepmedia[0]&&null!=S.deepmedia[0].parentNode&&(D(R.borderTopLeftRadius)||D(R.borderTopRightRadius)||D(R.borderBottomLeftRadius)||D(R.borderBottomRightRadius))&&tpGS.gsap.set(S.deepmedia[0].parentNode,function(e){var t=o.clone(e);return t.top=0-((parseInt(t.borderTopWidth)||0)+(parseInt(t.borderBottomWidth)||0))/2+"px",t.left=0-((parseInt(t.borderLeftWidth)||0)+(parseInt(t.borderRightWidth)||0))/2+"px",t.borderStyle=void 0!==t.borderTopWidth||void 0!==t.borderBottomWidth||void 0!==t.borderLeftWidth||void 0!==t.borderRightWidth?"solid":"none",t.borderColor="transparent",t.boxSizing="content-box",t}(s)),"column"===S.type&&void 0!==S.cbg&&(void 0===S.cbg_set&&(S.cbg_set=S.styleProps["background-color"],S.cbg_set=""==S.cbg_set||void 0===S.cbg_set||0==S.cbg_set.length?"transparent":S.cbg_set,S.cbg_img=void 0!==m[0].dataset.bglazy?'url("'+m[0].dataset.bglazy+'")':m.css("backgroundImage"),""!==S.cbg_img&&void 0!==S.cbg_img&&"none"!==S.cbg_img&&(S.cbg_img_r=m.css("backgroundRepeat"),S.cbg_img_p=m.css("backgroundPosition"),S.cbg_img_s=m.css("backgroundSize")),S.cbg_o=S.bgopacity?1:S.bgopacity,b.backgroundColor="transparent",b.backgroundImage=""),s.backgroundColor="transparent",s.backgroundImage="none"),S._isstatic&&S.elementHovered&&(p=m.data("frames"))&&p.frame_hover&&p.frame_hover.transform)for(g in s)s.hasOwnProperty(g)&&p.frame_hover.transform.hasOwnProperty(g)&&delete s[g];if("IFRAME"==m[0].nodeName&&"html"===o.gA(m[0],"layertype")&&(u="slide"==R.basealign?o[v].module.width:o.iWA(v,w),h="slide"==R.basealign||"carousel"==o[v].sliderType&&"v"===o[v].carousel.orientation?o[v].module.height:o.iHE(v),s.width=!o.isNumeric(R.width)&&R.width.indexOf("%")>=0?!S._isstatic||S._incolumn||S._ingroup?R.width:u*parseInt(R.width,0)/100:A(R.width,O,"auto",u,"auto"),s.height=!o.isNumeric(R.height)&&R.height.indexOf("%")>=0?!S._isstatic||S._incolumn||S._ingroup?R.height:h*parseInt(R.height,0)/100:A(R.height,O,"auto",u,"auto")),b=jQuery.extend(!0,b,s),o[v].firstLayerCalculated=!0,"rekursive"!=f){u="slide"==R.basealign?o[v].module.width:o.iWA(v,w),h="slide"==R.basealign||"carousel"==o[v].sliderType&&"v"===o[v].carousel.orientation?o[v].module.height:o.iHE(v);var M=!o.isNumeric(R.width)&&R.width.indexOf("%")>=0?!S._isstatic||S._incolumn||S._ingroup?R.width:u*parseInt(R.width,0)/100:A(R.width,O,"auto",u,"auto"),T=!o.isNumeric(R.height)&&R.height.indexOf("%")>=0?!S._isstatic||S._incolumn||S._ingroup?R.height:h*parseInt(R.height,0)/100:A(R.height,O,"auto",u,"auto"),C={maxWidth:A(R.maxWidth,O,"none",u,"none"),maxHeight:A(R.maxHeight,O,"none",h,"none"),minWidth:A(R.minWidth,O,"0px",u,0),minHeight:A(R.minHeight,O,"0px",h,0),height:T,width:M,overwrite:"auto"};1==S.heightSetByVideo&&(C.height=S.vidOBJ.height);var P=!1;if(S._incolumn){for(L=jQuery.extend(!0,L,{minWidth:M,maxWidth:M,float:R.float,clear:R.clear}),t=0;t<4;t++)void 0!==R["margin"+i[t]]&&(L["margin"+i[t]]=R["margin"+i[t]]*O+"px");I.width="100%",void 0!==R.display&&"inline-block"!==R.display||(_={width:"100%"}),C.width=!o.isNumeric(R.width)&&R.width.indexOf("%")>=0?"100%":M,"image"===S.type&&tpGS.gsap.set(S.img,{width:"100%"})}else!o.isNumeric(R.width)&&R.width.indexOf("%")>=0&&(S._isgroup&&"absolute"===S.position||(!0===S._ingroup||1==S._incolumn)&&"relative"===S.position||void 0!==S.reqWrp&&(!S.reqWrp.loop||!S.reqWrp.mask)?L.width="slide"===S.basealign||!0===S._ingroup||S._isstatic?M:o.iWA(v,w)*o[v].CM.w*parseInt(M)/100+"px":L.minWidth="slide"===S.basealign||!0===S._ingroup||S._isstatic?M:o.iWA(v,w)*o[v].CM.w*parseInt(M)/100+"px",I.width="100%",_.width="100%");if(!0===S._ingroup&&"relative"===S.position&&(L.float=R.float,L.lineHeight=R.lineHeight+"px",b.verticalAlign="top",_.verticalAlign="top",I.verticalAlign="top"),S._incolumn&&(L.verticalAlign=jQuery(o.closestNode(m[0],"RS-COLUMN")).data("verticalalign")),!o.isNumeric(R.height)&&R.height.indexOf("%")>=0&&(L.minHeight="slide"===S.basealign||!0===S._ingroup||S._isstatic?T:o.iHE(v)*(o[v].currentRowsHeight>o[v].gridheight[o[v].level]?1:o[v].CM.w)*parseInt(T)/100+"px",void 0===S.reqWrp||S.reqWrp.loop||S.reqWrp.mask||(L.height=L.minHeight),I.height="100%",_.height="100%",P=!0),S._isnotext?"group"==S.type&&(C.whiteSpace="normal"):(C.whiteSpace=R.whiteSpace,C.textAlign=R.textAlign,C.textDecoration=R.textDecoration),"npc"!=R.color&&void 0!==R.color&&(C.color=R.color),S._ingroup&&(S._groupw=C.minWidth,S._grouph=C.minHeight),"row"===S.type&&(o.isNumeric(C.minHeight)||C.minHeight.indexOf("px")>=0)&&"0px"!==C.minHeight&&0!==C.minHeight&&"0"!==C.minHeight&&"none"!==C.minHeight?C.height=C.minHeight:"row"===S.type&&(C.height="auto"),S._isstatic&&S.elementHovered&&(p=m.data("frames"))&&p.frame_hover&&p.frame_hover.transform)for(g in C)C.hasOwnProperty(g)&&p.frame_hover.transform.hasOwnProperty(g)&&delete C[g];if("group"!==S.type&&"row"!==S.type&&"column"!==S.type&&(!o.isNumeric(C.width)&&C.width.indexOf("%")>=0&&(C.width="100%"),!o.isNumeric(C.height)&&C.height.indexOf("%")>=0&&(C.height="100%")),S._isgroup){for(!o.isNumeric(C.width)&&C.width.indexOf("%")>=0&&(C.width="100%"),"absolute"!=S.position||S._ingroup||S._incolumn||!P?L.height=P?"100%":C.height:(L.height=L.minHeight,C.height="100%"),C.lineHeight=void 0===R.lineHeight||P?"initial":R.lineHeight+"px",C.verticalAlign=S.verticalalign,C.textAlign=R.textAlign,t=0;t<4;t++)void 0!==b["border"+a[t]+"Radius"]&&(_["border"+a[t]+"Radius"]=b["border"+a[t]+"Radius"]);"relative"==S.position&&void 0!==R.display&&(L.display=R.display),"auto"==R.width&&(_.position="relative")}b=jQuery.extend(!0,b,C),null!=S.svg_src&&void 0!==S.svgI&&("string"==typeof S.svgI.fill&&(S.svgI.fill=[S.svgI.fill]),S.svgTemp=o.clone(S.svgI),delete S.svgTemp.svgAll,void 0!==S.svgTemp.fill&&!0!==(S.elementHovered&&S._isstatic)&&(S.svgTemp.fill=S.svgTemp.fill[o[v].level],S.svg.length<=0&&(S.svg=m.find("svg")),S.svgPath.length<=0&&(S.svgPath=S.svg.find(S.svgI.svgAll?"path, circle, ellipse, line, polygon, polyline, rect":"path")),tpGS.gsap.set(S.svgPath,{fill:S.svgI.fill[o[v].level]})),tpGS.gsap.set(S.svg,S.svgTemp))}if("row"===S.type)for(t=0;t<4;t++)void 0!==R["margin"+i[t]]&&(L["padding"+i[t]]=R["margin"+i[t]]*O+"px");if(S._ingroup&&"relative"==S.position){for(t=0;t<4;t++)void 0!==R["margin"+i[t]]&&(L["margin"+i[t]]=R["margin"+i[t]]*O+"px");"shape"===S.type&&"100%"==_.width&&"100%"==_.height&&(_.position="absolute")}if("column"===S.type&&S.cbg&&S.cbg.length>0){for(void 0!==S.cbg_img_s&&void 0!==S.cbg&&(S.cbg[0].style.backgroundSize=S.cbg_img_s),s={},""!==S.styleProps.cursor&&(s.cursor=S.styleProps.cursor),""!==S.cbg_set&&"transparent"!==S.cbg_set&&(s.backgroundColor=S.cbg_set),""!==S.cbg_img&&"none"!==S.cbg_img&&(s.backgroundImage=S.cbg_img,""!==S.cbg_img_r&&(s.backgroundRepeat=S.cbg_img_r),""!==S.cbg_img_p&&(s.backgroundPosition=S.cbg_img_p)),""!==S.cbg_o&&void 0!==S.cbg_o&&(s.opacity=S.cbg_o),t=0;t<4;t++)void 0!==R.borderStyle&&"none"!==R.borderStyle&&(void 0!==R["border"+i[t]+"Width"]&&(s["border"+i[t]+"Width"]=Math.round(parseInt(R["border"+i[t]+"Width"])*O)+"px"),void 0!==R["border"+i[t]+"Color"]&&(s["border"+i[t]+"Color"]=R["border"+i[t]+"Color"])),R["border"+a[t]+"Radius"]&&(s["border"+a[t]+"Radius"]=R["border"+a[t]+"Radius"]);for(void 0!==R.borderStyle&&"none"!==R.borderStyle&&(s.borderStyle=R.borderStyle),(n=JSON.stringify(s))!==o[v].emptyObject&&n!==S.caches.cbgS&&tpGS.gsap.set(S.cbg,s),S.caches.cbgS=n,s={},t=0;t<4;t++)k["margin"+i[t]]&&(s[r[t]]=k["margin"+i[t]]*O+"px");(n=JSON.stringify(s))!==o[v].emptyObject&&n!==S.caches.cbgmaskS&&(tpGS.gsap.set(S.cbgmask,s),S.caches.cbgmaskS=n)}for(var B in void 0===S.reqWrp||S.reqWrp.loop||S.reqWrp.mask||"100%"!=b.width||"100%"!=b.height||(b.position="absolute"),"auto"===L.maxWidth&&(L.maxWidth="inherit"),"auto"===L.maxHeight&&(L.maxHeight="inherit"),"auto"===_.maxWidth&&(_.maxWidth="inherit"),"auto"===_.maxHeight&&(_.maxHeight="inherit"),"auto"===I.maxWidth&&(I.maxWidth="inherit"),"auto"===I.maxHeight&&(I.maxHeight="inherit"),S.fullinset&&1==S._ingroup&&"absolute"===S.position&&(L.width="auto",L.minHeight="auto",L.height="auto",L.left=void 0!==b.marginLeft&&"0px"!==b.marginLeft?b.marginLeft:"0px",L.right=void 0!==b.marginRight&&"0px"!==b.marginRight?b.marginRight:"0px",L.top=void 0!==b.marginTop&&"0px"!==b.marginTop?b.marginTop:"0px",L.bottom=void 0!==b.marginBottom&&"0px"!==b.marginBottom?b.marginBottom:"0px",delete b.marginLeft,delete b.marginRight,delete b.marginTop,delete b.marginBottom),void 0!==S.vidOBJ&&(b.width=S.vidOBJ.width,b.height=S.vidOBJ.height),void 0!==S.OBJUPD.lppmOBJ&&(void 0!==S.OBJUPD.lppmOBJ.minWidth&&(I.minWidth=S.OBJUPD.lppmOBJ.minWidth,_.minWidth=S.OBJUPD.lppmOBJ.minWidth),void 0!==S.OBJUPD.lppmOBJ.minHeight&&(I.minHeight=S.OBJUPD.lppmOBJ.minHeight,_.minHeight=S.OBJUPD.lppmOBJ.minHeight,L.minHeight=S.OBJUPD.lppmOBJ.minHeight)),S._incolumn&&"group"==S.type&&void 0!==L&&"100%"==L.minWidth&&(_.width="100%"),S._isgroup&&S.thFixed&&void 0!==S.reqWrp&&S.reqWrp.loop&&S.reqWrp.mask&&"auto"==R.width&&(I.position="relative"),!S._ingroup||S.reqWrp.loop||S.reqWrp.mask||"absolute"!=S.position||"100%"!=L.minHeight||(L.height="100%"),o[v].calcResponsiveLayerHooks){var G=o[v].calcResponsiveLayerHooks[B]({id:v,L:m,obj:R,_:S,inobj:e,LOBJ:b,LPOBJ:I,MOBJ:_,POBJ:L});null!=G&&(void 0!==G.obj&&(R=jQuery.extend(!0,R,G.obj)),void 0!==G.LOBJ&&(b=jQuery.extend(!0,b,G.LOBJ)),void 0!==G.LPOBJ&&(I=jQuery.extend(!0,I,G.LPOBJ)),void 0!==G.MOBJ&&(_=jQuery.extend(!0,_,G.MOBJ)),void 0!==G.POBJ&&(L=jQuery.extend(!0,L,G.POBJ)))}n=JSON.stringify(b),l=JSON.stringify(I),d=JSON.stringify(_),c=JSON.stringify(L),void 0===S.imgOBJ||void 0!==S.caches.imgOBJ&&S.caches.imgOBJ.width===S.imgOBJ.width&&S.caches.imgOBJ.height===S.imgOBJ.height&&S.caches.imgOBJ.left===S.imgOBJ.left&&S.caches.imgOBJ.right===S.imgOBJ.right&&S.caches.imgOBJ.top===S.imgOBJ.top&&S.caches.imgOBJ.bottom===S.imgOBJ.bottom||(S.caches.imgOBJ=o.clone(S.imgOBJ),S.imgOBJ.position="relative",tpGS.gsap.set(S.img,S.imgOBJ)),void 0===S.mediaOBJ||void 0!==S.caches.mediaOBJ&&S.caches.mediaOBJ.width===S.mediaOBJ.width&&S.caches.mediaOBJ.height===S.mediaOBJ.height&&S.caches.mediaOBJ.display===S.mediaOBJ.display||(S.caches.mediaOBJ=o.clone(S.mediaOBJ),S.media.css(S.mediaOBJ)),n!=o[v].emptyObject&&n!=S.caches.LOBJ&&(tpGS.gsap.set(m,b),S.caches.LOBJ=n),void 0!==S.lp&&l!=o[v].emptyObject&&l!=S.caches.LPOBJ&&(tpGS.gsap.set(S.lp,I),S.caches.LPOBJ=l),d!=o[v].emptyObject&&d!=S.caches.MOBJ&&(tpGS.gsap.set(S.m,_),S.caches.MOBJ=d),c!=o[v].emptyObject&&c!=S.caches.POBJ&&(tpGS.gsap.set(S.p,L),S.caches.POBJ=c,S.caches.POBJ_LEFT=L.left,S.caches.POBJ_TOP=L.top)}},B=function(e){var t={l:"none",lw:10,r:"none",rw:10};for(var i in e=e.split(";"))if(e.hasOwnProperty(i)){var a=e[i].split(":");switch(a[0]){case"l":t.l=a[1];break;case"r":t.r=a[1];break;case"lw":t.lw=a[1];break;case"rw":t.rw=a[1]}}return"polygon("+G(t.l,0,parseFloat(t.lw))+","+G(t.r,100,100-parseFloat(t.rw),!0)+")"},G=function(e,t,i,a){var r;switch(e){case"none":r=t+"% 100%,"+t+"% 0%";break;case"top":r=i+"% 100%,"+t+"% 0%";break;case"middle":r=i+"% 100%,"+t+"% 50%,"+i+"% 0%";break;case"bottom":r=t+"% 100%,"+i+"% 0%";break;case"two":r=i+"% 100%,"+t+"% 75%,"+i+"% 50%,"+t+"% 25%,"+i+"% 0%";break;case"three":r=t+"% 100%,"+i+"% 75%,"+t+"% 50%,"+i+"% 25%,"+t+"% 0%";break;case"four":r=t+"% 100%,"+i+"% 87.5%,"+t+"% 75%,"+i+"% 62.5%,"+t+"% 50%,"+i+"% 37.5%,"+t+"% 25%,"+i+"% 12.5%,"+t+"% 0%";break;case"five":r=t+"% 100%,"+i+"% 90%,"+t+"% 80%,"+i+"% 70%,"+t+"% 60%,"+i+"% 50%,"+t+"% 40%,"+i+"% 30%,"+t+"% 20%,"+i+"% 10%,"+t+"% 0%"}if(a){var o=r.split(",");for(var i in r="",o)o.hasOwnProperty(i)&&(r+=o[o.length-1-i]+(i<o.length-1?",":""))}return r};window.RS_MODULES=window.RS_MODULES||{},window.RS_MODULES.layeranimation={loaded:!0,version:"6.6.17"},window.RS_MODULES.checkMinimal&&window.RS_MODULES.checkMinimal()}(jQuery),function(e){"use strict";jQuery.fn.revolution=jQuery.fn.revolution||{};var t=jQuery.fn.revolution;function i(e,i){var a=new Object({single:".tp-"+i,c:t[e].cpar.find(".tp-"+i+"s")});return a.mask=a.c.find(".tp-"+i+"-mask"),a.wrap=a.c.find(".tp-"+i+"s-inner-wrapper"),a}jQuery.extend(!0,t,{hideUnHideNav:function(e){window.requestAnimationFrame((function(){var i=!1;c(t[e].navigation.arrows)&&(i=S(t[e].navigation.arrows,e,i)),c(t[e].navigation.bullets)&&(i=S(t[e].navigation.bullets,e,i)),c(t[e].navigation.thumbnails)&&(i=S(t[e].navigation.thumbnails,e,i)),c(t[e].navigation.tabs)&&(i=S(t[e].navigation.tabs,e,i)),i&&t.manageNavigation(e)}))},getOuterNavDimension:function(e){t[e].navigation.scaler=Math.max(0,Math.min(1,(t.winW-480)/500));var i={left:0,right:0,horizontal:0,vertical:0,top:0,bottom:0};return t[e].navigation.thumbnails&&t[e].navigation.thumbnails.enable&&(t[e].navigation.thumbnails.isVisible=t[e].navigation.thumbnails.hide_under<t[e].module.width&&t[e].navigation.thumbnails.hide_over>t[e].module.width,t[e].navigation.thumbnails.cw=Math.max(Math.round(t[e].navigation.thumbnails.width*t[e].navigation.scaler),t[e].navigation.thumbnails.min_width),t[e].navigation.thumbnails.ch=Math.round(t[e].navigation.thumbnails.cw/t[e].navigation.thumbnails.width*t[e].navigation.thumbnails.height),t[e].navigation.thumbnails.isVisible&&"outer-left"===t[e].navigation.thumbnails.position?i.left=t[e].navigation.thumbnails.cw+2*t[e].navigation.thumbnails.wrapper_padding:t[e].navigation.thumbnails.isVisible&&"outer-right"===t[e].navigation.thumbnails.position?i.right=t[e].navigation.thumbnails.cw+2*t[e].navigation.thumbnails.wrapper_padding:t[e].navigation.thumbnails.isVisible&&"outer-top"===t[e].navigation.thumbnails.position?i.top=t[e].navigation.thumbnails.ch+2*t[e].navigation.thumbnails.wrapper_padding:t[e].navigation.thumbnails.isVisible&&"outer-bottom"===t[e].navigation.thumbnails.position&&(i.bottom=t[e].navigation.thumbnails.ch+2*t[e].navigation.thumbnails.wrapper_padding)),t[e].navigation.tabs&&t[e].navigation.tabs.enable&&(t[e].navigation.tabs.isVisible=t[e].navigation.tabs.hide_under<t[e].module.width&&t[e].navigation.tabs.hide_over>t[e].module.width,t[e].navigation.tabs.cw=Math.max(Math.round(t[e].navigation.tabs.width*t[e].navigation.scaler),t[e].navigation.tabs.min_width),t[e].navigation.tabs.ch=Math.round(t[e].navigation.tabs.cw/t[e].navigation.tabs.width*t[e].navigation.tabs.height),t[e].navigation.tabs.isVisible&&"outer-left"===t[e].navigation.tabs.position?i.left+=t[e].navigation.tabs.cw+2*t[e].navigation.tabs.wrapper_padding:t[e].navigation.tabs.isVisible&&"outer-right"===t[e].navigation.tabs.position?i.right+=t[e].navigation.tabs.cw+2*t[e].navigation.tabs.wrapper_padding:t[e].navigation.tabs.isVisible&&"outer-top"===t[e].navigation.tabs.position?i.top+=t[e].navigation.tabs.ch+2*t[e].navigation.tabs.wrapper_padding:t[e].navigation.tabs.isVisible&&"outer-bottom"===t[e].navigation.tabs.position&&(i.bottom+=t[e].navigation.tabs.ch+2*t[e].navigation.tabs.wrapper_padding)),{left:i.left,right:i.right,horizontal:i.left+i.right,vertical:i.top+i.bottom,top:i.top,bottom:i.bottom}},resizeThumbsTabs:function(e,i){if(void 0!==t[e]&&t[e].navigation.use&&(t[e].navigation&&t[e].navigation.bullets.enable||t[e].navigation&&t[e].navigation.tabs.enable||t[e].navigation&&t[e].navigation.thumbnails.enable)){var a=tpGS.gsap.timeline(),o=t[e].navigation.tabs,s=t[e].navigation.thumbnails,n=t[e].navigation.bullets;if(a.pause(),c(o)&&(i||o.width>o.min_width)&&r(e,a,t[e].c,o,t[e].slideamount,"tab"),c(s)&&(i||s.width>s.min_width)&&r(e,a,t[e].c,s,t[e].slideamount,"thumb",e),c(n)&&i){var l=t[e].c.find(".tp-bullets");l.find(".tp-bullet").each((function(e){var t=jQuery(this),i=e+1,a=t.outerWidth()+parseInt(void 0===n.space?0:n.space,0),r=t.outerHeight()+parseInt(void 0===n.space?0:n.space,0);"vertical"===n.direction?(t.css({top:(i-1)*r+"px",left:"0px"}),l.css({height:(i-1)*r+t.outerHeight(),width:t.outerWidth()})):(t.css({left:(i-1)*a+"px",top:"0px"}),l.css({width:(i-1)*a+t.outerWidth(),height:t.outerHeight()}))}))}a.play()}return!0},updateNavIndexes:function(e){var i=t[e].c;function a(e){i.find(e).lenght>0&&i.find(e).each((function(e){jQuery(this).data("liindex",e)}))}a("rs-tab"),a("rs-bullet"),a("rs-thumb"),t.resizeThumbsTabs(e,!0),t.manageNavigation(e)},manageNavigation:function(e,i){t[e].navigation.use&&(c(t[e].navigation.bullets)&&("fullscreen"!=t[e].sliderLayout&&"fullwidth"!=t[e].sliderLayout&&(t[e].navigation.bullets.h_offset_old=void 0===t[e].navigation.bullets.h_offset_old?parseInt(t[e].navigation.bullets.h_offset,0):t[e].navigation.bullets.h_offset_old,t[e].navigation.bullets.h_offset="center"===t[e].navigation.bullets.h_align?t[e].navigation.bullets.h_offset_old+t[e].outNavDims.left/2-t[e].outNavDims.right/2:t[e].navigation.bullets.h_offset_old+t[e].outNavDims.left),w(t[e].navigation.bullets,e)),c(t[e].navigation.thumbnails)&&w(t[e].navigation.thumbnails,e),c(t[e].navigation.tabs)&&w(t[e].navigation.tabs,e),c(t[e].navigation.arrows)&&("fullscreen"!=t[e].sliderLayout&&"fullwidth"!=t[e].sliderLayout&&(t[e].navigation.arrows.left.h_offset_old=void 0===t[e].navigation.arrows.left.h_offset_old?parseInt(t[e].navigation.arrows.left.h_offset,0):t[e].navigation.arrows.left.h_offset_old,t[e].navigation.arrows.left.h_offset=(t[e].navigation.arrows.left.h_align,t[e].navigation.arrows.left.h_offset_old),t[e].navigation.arrows.right.h_offset_old=void 0===t[e].navigation.arrows.right.h_offset_old?parseInt(t[e].navigation.arrows.right.h_offset,0):t[e].navigation.arrows.right.h_offset_old,t[e].navigation.arrows.right.h_offset=(t[e].navigation.arrows.right.h_align,t[e].navigation.arrows.right.h_offset_old)),w(t[e].navigation.arrows.left,e),w(t[e].navigation.arrows.right,e)),!1!==i&&(c(t[e].navigation.thumbnails)&&a(t[e].navigation.thumbnails,e),c(t[e].navigation.tabs)&&a(t[e].navigation.tabs,e)))},showFirstTime:function(e){g(e),t.hideUnHideNav(e)},selectNavElement:function(e,i,a,r){for(var o=t[e].cpar[0].getElementsByClassName(a),s=0;s<o.length;s++)t.gA(o[s],"key")===i?(o[s].classList.add("selected"),void 0!==r&&r()):o[s].classList.remove("selected")},transferParams:function(e,t){if(void 0!==t)for(var i in t.params)e=e.replace(t.params[i].from,t.params[i].to);return e},updateNavElementContent:function(e,i,r,o,s){if(void 0!==t[e].pr_next_key||void 0!==t[e].pr_active_key){var n=void 0===t[e].pr_next_key?void 0===t[e].pr_cache_pr_next_key?t[e].pr_active_key:t[e].pr_cache_pr_next_key:t[e].pr_next_key,l=t.gA(t[e].slides[n],"key"),d=0,c=!1;for(var p in r.enable&&t.selectNavElement(e,l,"tp-bullet"),o.enable&&t.selectNavElement(e,l,"tp-thumb",(function(){a(o,e)})),s.enable&&t.selectNavElement(e,l,"tp-tab",(function(){a(s,e)})),t[e].thumbs)d=!0===c?d:p,c=t[e].thumbs[p].id===l||p==l||c;var g=(d=parseInt(d,0))>0?d-1:t[e].slideamount-1,u=d+1==t[e].slideamount?0:d+1;if(!0===i.enable&&i.pi!==g&&i.ni!==u){if(i.pi=g,i.ni=u,i.left.c[0].innerHTML=t.transferParams(i.tmp,t[e].thumbs[g]),u>t[e].slideamount)return;i.right.c[0].innerHTML=t.transferParams(i.tmp,t[e].thumbs[u]),i.right.iholder=i.right.c.find(".tp-arr-imgholder"),i.left.iholder=i.left.c.find(".tp-arr-imgholder"),i.rtl?(void 0!==i.left.iholder[0]&&tpGS.gsap.set(i.left.iholder,{backgroundImage:"url("+t[e].thumbs[u].src+")"}),void 0!==t[e].thumbs[g]&&void 0!==i.right.iholder[0]&&tpGS.gsap.set(i.right.iholder,{backgroundImage:"url("+t[e].thumbs[g].src+")"})):(void 0!==t[e].thumbs[g]&&void 0!==i.left.iholder[0]&&tpGS.gsap.set(i.left.iholder,{backgroundImage:"url("+t[e].thumbs[g].src+")"}),void 0!==i.right.iholder[0]&&tpGS.gsap.set(i.right.iholder,{backgroundImage:"url("+t[e].thumbs[u].src+")"}))}}},createNavigation:function(e){var a=t[e].navigation.arrows,r=t[e].navigation.bullets,n=t[e].navigation.thumbnails,u=t[e].navigation.tabs,m=c(a),f=c(r),y=c(n),S=c(u);for(var x in o(e),s(e),m&&(v(a,e),a.c=t[e].cpar.find(".tparrows")),t[e].slides)if(t[e].slides.hasOwnProperty(x)&&"true"!=t.gA(t[e].slides[x],"not_in_nav")){var k=jQuery(t[e].slides[t[e].slides.length-1-x]),R=jQuery(t[e].slides[x]);f&&(t[e].navigation.bullets.rtl?b(t[e].c,r,k,e):b(t[e].c,r,R,e)),y&&(t[e].navigation.thumbnails.rtl?_(t[e].c,n,k,"tp-thumb",e):_(t[e].c,n,R,"tp-thumb",e)),S&&(t[e].navigation.tabs.rtl?_(t[e].c,u,k,"tp-tab",e):_(t[e].c,u,R,"tp-tab",e))}f&&w(r,e),y&&w(n,e),S&&w(u,e),(y||S)&&t.updateDims(e),t[e].navigation.createNavigationDone=!0,y&&jQuery.extend(!0,n,i(e,"thumb")),S&&jQuery.extend(!0,u,i(e,"tab")),t[e].c.on("revolution.slide.onafterswap revolution.nextslide.waiting",(function(){t.updateNavElementContent(e,a,r,n,u)})),d(a),d(r),d(n),d(u),t[e].cpar.on(t.ISM?"touchstart touchmove":"mouseenter mousemove",(function(i){void 0!==i.target&&void 0!==i.target.className&&"string"==typeof i.target.className&&i.target.className.indexOf("rs-waction")>=0||!0!==t[e].tpMouseOver&&t[e].firstSlideAvailable&&(t[e].tpMouseOver=!0,g(e),t.ISM&&!0!==t[e].someNavIsDragged&&(p(t[e].hideAllNavElementTimer),t[e].hideAllNavElementTimer=setTimeout((function(){t[e].tpMouseOver=!1,h(e)}),150)))})),t[e].cpar.on(t.ISM?"touchend":"mouseleave ",(function(){t[e].tpMouseOver=!1,h(e)})),(y||S||"carousel"===t[e].sliderType||t[e].navigation.touch.touchOnDesktop||t[e].navigation.touch.touchenabled&&t.ISM)&&l(e),t[e].navigation.initialised=!0,t.updateNavElementContent(e,a,r,n,u),t.showFirstTime(e)}});var a=function(e,i){if(void 0!==e&&null!=e.mask){var a="vertical"===e.direction?e.mask.find(e.single).first().outerHeight(!0)+e.space:e.mask.find(e.single).first().outerWidth(!0)+e.space,r="vertical"===e.direction?e.mask.height():e.mask.width(),o=e.mask.find(e.single+".selected").data("liindex");o=(o=void 0===(o=e.rtl?t[i].slideamount-o:o)?0:o)>0&&1===t[i].sdir&&e.visibleAmount>1?o-1:o;var s=r/a,n="vertical"===e.direction?e.mask.height():e.mask.width(),l=0-o*a,d="vertical"===e.direction?e.wrap.height():e.wrap.width(),c=l<0-(d-n)?0-(d-n):l,p=t.gA(e.wrap[0],"offset");p=void 0===p?0:p,s>2&&(c=l-(p+a)<=0?l-(p+a)<0-a?p:c+a:c,c=l-a+p+r<a&&l+(Math.round(s)-2)*a<p?l+(Math.round(s)-2)*a:c),c="vertical"!==e.direction&&e.mask.width()>=e.wrap.width()||"vertical"===e.direction&&e.mask.height()>=e.wrap.height()?0:c<0-(d-n)?0-(d-n):c>0?0:c,e.c.hasClass("dragged")||("vertical"===e.direction?e.wrap.data("tmmove",tpGS.gsap.to(e.wrap,.5,{top:c+"px",ease:"power3.inOut"})):e.wrap.data("tmmove",tpGS.gsap.to(e.wrap,.5,{left:c+"px",ease:"power3.inOut"})),e.wrap.data("offset",c))}},r=function(e,i,a,r,o,s){var n=a.parent().find(".tp-"+s+"s"),l=n.find(".tp-"+s+"s-inner-wrapper"),d=n.find(".tp-"+s+"-mask"),c="vertical"===r.direction?r.cw:r.cw*o+parseFloat(r.space)*(o-1),p="vertical"===r.direction?r.ch*o+parseInt(r.space)*(o-1):r.ch,g="vertical"===r.direction?{width:r.cw+"px"}:{height:r.ch+"px"};if(i.add(tpGS.gsap.set(n,g)),i.add(tpGS.gsap.set(l,{width:c+"px",height:p+"px"})),"horizontal"===r.direction){var u=Math.min(c,r.cw*r.visibleAmount+parseFloat(r.space)*(r.visibleAmount-1));i.add(tpGS.gsap.set(d,{width:u+"px",height:p+"px"}))}else{var h=Math.min(p,r.ch*r.visibleAmount+parseFloat(r.space)*(r.visibleAmount-1));i.add(tpGS.gsap.set(d,{width:c+"px",height:h+"px"}))}null!==l.outerWidth()&&(t[e].thumbResized=!0);var m=l.find(".tp-"+s);return m&&jQuery.each(m,(function(e,t){"vertical"===r.direction?i.add(tpGS.gsap.set(t,{top:e*(r.ch+parseInt(void 0===r.space?0:r.space,0)),width:r.cw+"px",height:r.ch+"px"})):"horizontal"===r.direction&&i.add(tpGS.gsap.set(t,{left:e*(r.cw+parseInt(void 0===r.space?0:r.space,0)),width:r.cw+"px",height:r.ch+"px"}))})),i},o=function(e){!0===t[e].navigation.keyboardNavigation&&t.document.on("keydown",(function(i){if("horizontal"==t[e].navigation.keyboard_direction&&39==i.keyCode||"vertical"==t[e].navigation.keyboard_direction&&40==i.keyCode){if(void 0!==t[e].keydown_time_stamp&&(new Date).getTime()-t[e].keydown_time_stamp<1e3)return;t[e].sc_indicator="arrow",t[e].sc_indicator_dir=0,"carousel"===t[e].sliderType&&(t[e].ctNavElement=!0),t.callingNewSlide(e,1,"carousel"===t[e].sliderType)}if("horizontal"==t[e].navigation.keyboard_direction&&37==i.keyCode||"vertical"==t[e].navigation.keyboard_direction&&38==i.keyCode){if(void 0!==t[e].keydown_time_stamp&&(new Date).getTime()-t[e].keydown_time_stamp<1e3)return;t[e].sc_indicator="arrow",t[e].sc_indicator_dir=1,"carousel"===t[e].sliderType&&(t[e].ctNavElement=!0),t.callingNewSlide(e,-1,"carousel"===t[e].sliderType)}t[e].keydown_time_stamp=(new Date).getTime()}))},s=function(e){t[e].carousel.scrollTicker=t.carScrollTicker.bind(window,e),!0!==t[e].navigation.mouseScrollNavigation&&"on"!==t[e].navigation.mouseScrollNavigation&&"carousel"!==t[e].navigation.mouseScrollNavigation||t[e].c[0].addEventListener("wheel",(function(i){var a=function(e){var t=0;return"deltaY"in e||"deltaX"in e?t=0!=e.deltaY&&-0!=e.deltaY||!(e.deltaX<0||e.deltaX>0)?e.deltaY:e.deltaX:("detail"in e&&(t=e.detail),"wheelDelta"in e&&(t=-e.wheelDelta/120),"wheelDeltaY"in e&&(t=-e.wheelDeltaY/120)),((t=navigator.userAgent.match(/mozilla/i)?10*t:t)>300||t<-300)&&(t/=10),t}(i),r=!1,o=0==t[e].pr_active_key||0==t[e].pr_processing_key,s=t[e].pr_active_key==t[e].slideamount-1||t[e].pr_processing_key==t[e].slideamount-1,n=void 0!==t[e].topc?t[e].topc[0].getBoundingClientRect():0===t[e].canv.height?t[e].cpar[0].getBoundingClientRect():t[e].c[0].getBoundingClientRect(),l=n.top>=0&&n.bottom<=t.winH?1:n.top>=0&&n.bottom>=t.winH?(t.winH-Math.round(n.top))/n.height:n.top<=0&&n.bottom<=t.winH?Math.round(n.bottom)/n.height:1,d=a<0?-1:1,c=t[e].navigation.wheelViewPort;if(l=Math.round(100*l)/100,"reverse"==t[e].navigation.mouseScrollReverse){var p=s;s=o,o=p}if(c-l<=t[e].navigation.threshold/100&&!(l>=c)&&!(n.top>=0&&-1===d||n.top<=0&&1===d)&&(i.preventDefault(),!t[e].mScrollTween)){var g="window"!==t[e].navigation.target&&t[e].navigation.target?t[e].navigation.target:window;t[e].mScrollTween=tpGS.gsap.to(g,{duration:jQuery.fn.revolution.isWebkit()?.1:.7,scrollTo:{y:t[e].topc},ease:"power2.out",onComplete:function(){t[e].mScrollTween.kill(),delete t[e].mScrollTween}})}if(Math.abs(l-c)<.1||l>=c)return t[e].sc_indicator_dir="reverse"===t[e].navigation.mouseScrollReverse&&d<0||"reverse"!==t[e].navigation.mouseScrollReverse&&d>0?"reverse"!==t[e].navigation.mouseScrollReverse?0:1:"reverse"!==t[e].navigation.mouseScrollReverse?1:0,"carousel"==t[e].navigation.mouseScrollNavigation||0===t[e].sc_indicator_dir&&!s||1===t[e].sc_indicator_dir&&!o?void 0===t[e].pr_processing_key&&!0!==t[e].justmouseScrolled&&(t[e].sc_indicator="arrow","carousel"===t[e].sliderType&&(t[e].ctNavElement=!0),t.callingNewSlide(e,0===t[e].sc_indicator_dir?"reverse"===t[e].navigation.mouseScrollReverse?-1:1:"reverse"===t[e].navigation.mouseScrollReverse?1:-1,"carousel"===t[e].sliderType),t[e].justmouseScrolled=!0,setTimeout((function(){t[e].justmouseScrolled=!1}),t[e].navigation.wheelCallDelay)):!0!==t[e].justmouseScrolled&&(r=!0),!!r||(i.preventDefault(i),!1)}),{passive:!1})},n=function(e,i){var a=!1;for(var r in(void 0===i.path||t.ISM)&&(a=function(e,t){for(;e&&e!==document;e=e.parentNode)if(e.tagName===t)return e;return!1}(i.target,e)),i.path)i.path.hasOwnProperty(r)&&i.path[r].tagName===e&&(a=!0);return a},l=function(e){var i=t[e].carousel,a=t.is_android();if(jQuery(".bullet, .bullets, .tp-bullets, .tparrows").addClass("noSwipe"),t[e].navigation.touch=void 0===t[e].navigation.touch?{}:t[e].navigation.touch,t[e].navigation.touch.swipe_direction=void 0===t[e].navigation.touch.swipe_direction?"horizontal":t[e].navigation.touch.swipe_direction,t[e].cpar.find(".rs-nav-element").rsswipe({allowPageScroll:"vertical",triggerOnTouchLeave:!0,treshold:t[e].navigation.touch.swipe_treshold,fingers:t[e].navigation.touch.swipe_min_touches>5?1:t[e].navigation.touch.swipe_min_touches,excludedElements:"button, input, select, textarea, .noSwipe, .rs-waction",tap:function(e,t){if(void 0!==t)var i=jQuery(t).closest("rs-thumb");(void 0!==i&&i.length>0||(i=jQuery(t).closest("rs-tab")).length>0||(i=jQuery(t).closest("rs-bullet")).length>0)&&i.trigger("click")},swipeStatus:function(r,o,s,l,d,c,g){if("start"!==o&&"move"!==o&&"end"!==o&&"cancel"!=o)return!0;var h=n("RS-THUMB",r),m=n("RS-TAB",r);!1===h&&!1===m&&!0!==(h="RS-THUMBS-WRAP"===r.target.tagName||"RS-THUMBS"===r.target.tagName||r.target.className.indexOf("tp-thumb-mask")>=0)&&(m="RS-TABS-WRAP"===r.target.tagName||"RS-TABS"===r.target.tagName||r.target.className.indexOf("tp-tab-mask")>=0);var v="start"===o?0:a?g[0].end.x-g[0].start.x:r.pageX-i.screenX,f="start"===o?0:a?g[0].end.y-g[0].start.y:r.pageY-i.screenY,y=h?".tp-thumbs":".tp-tabs",w=h?".tp-thumb-mask":".tp-tab-mask",b=h?".tp-thumbs-inner-wrapper":".tp-tabs-inner-wrapper",_=h?".tp-thumb":".tp-tab",S=h?t[e].navigation.thumbnails:t[e].navigation.tabs,x=t[e].cpar.find(w),k=x.find(b),R=S.direction,O="vertical"===R?k.height():k.width(),L="vertical"===R?x.height():x.width(),I="vertical"===R?x.find(_).first().outerHeight(!0)+parseFloat(S.space):x.find(_).first().outerWidth(!0)+parseFloat(S.space),M=void 0===k.data("offset")?0:parseInt(k.data("offset"),0),T=0;switch(o){case"start":"vertical"===R&&r.preventDefault(),i.screenX=a?g[0].end.x:r.pageX,i.screenY=a?g[0].end.y:r.pageY,t[e].cpar.find(y).addClass("dragged"),M="vertical"===R?k.position().top:k.position().left,k.data("offset",M),k.data("tmmove")&&k.data("tmmove").pause(),t[e].someNavIsDragged=!0,u(e);break;case"move":if(O<=L)return!1;T=(T=M+("vertical"===R?f:v))>0?"horizontal"===R?T-k.width()*(T/k.width()*T/k.width()):T-k.height()*(T/k.height()*T/k.height()):T;var C="vertical"===R?0-(k.height()-x.height()):0-(k.width()-x.width());T=T<C?"horizontal"===R?T+k.width()*(T-C)/k.width()*(T-C)/k.width():T+k.height()*(T-C)/k.height()*(T-C)/k.height():T,"vertical"===R?tpGS.gsap.set(k,{top:T+"px"}):tpGS.gsap.set(k,{left:T+"px"}),p(t[e].hideAllNavElementTimer);break;case"end":case"cancel":return t[e].navigation.draggable&&t[e].navigation.draggable.enable&&t[e].navigation.draggable.enable(),i.draggable&&i.draggable.enable&&i.draggable.enable(),T=M+("vertical"===R?f:v),T=(T="vertical"===R?T<0-(k.height()-x.height())?0-(k.height()-x.height()):T:T<0-(k.width()-x.width())?0-(k.width()-x.width()):T)>0?0:T,T=Math.abs(l)>I/10?l<=0?Math.floor(T/I)*I:Math.ceil(T/I)*I:l<0?Math.ceil(T/I)*I:Math.floor(T/I)*I,T=(T="vertical"===R?T<0-(k.height()-x.height())?0-(k.height()-x.height()):T:T<0-(k.width()-x.width())?0-(k.width()-x.width()):T)>0?0:T,"vertical"===R?tpGS.gsap.to(k,.5,{top:T+"px",ease:"power3.out"}):tpGS.gsap.to(k,.5,{left:T+"px",ease:"power3.out"}),T=T||("vertical"===R?k.position().top:k.position().left),k.data("offset",T),k.data("distance",l),t[e].cpar.find(y).removeClass("dragged"),t[e].someNavIsDragged=!1,!0}}}),"carousel"===t[e].sliderType&&t.setupCarousel(e),"carousel"!==t[e].sliderType&&(t.ISM&&t[e].navigation.touch.touchenabled||!0!==t.ISM&&t[e].navigation.touch.touchOnDesktop)){t[e].navigation.proxy=document.createElement("div");var r=t[e].navigation,o={trigger:t[e].c[0],type:"horizontal"===t[e].navigation.touch.swipe_direction?"x":"y",cursor:"pointer",lockAxis:!0,onPress:function(i){t.closestClass(i.target,"rs-nav-element")&&(t[e].navigation.draggable.endDrag(),t[e].navigation.draggable.disable()),r.touch.pressX=i.pageX,r.touch.pressY=i.pageY},onDragStart:function(){var i=void 0!==t[e].pr_processing_key?t[e].pr_processing_key:void 0===t[e].pr_active_key?0:t[e].pr_active_key;"up"===this.getDirection()&&i==t[e].slideamount-1||"down"===this.getDirection()&&0===i?r.forceScroll=!0:r.forceScroll=!1},onDragEnd:function(i){t[e].sc_indicator="arrow";var a,r=this.getDirection(),o=t[e].navigation;if(Math.abs(i.pageY-o.touch.pressY)>Math.abs(i.pageX-o.touch.pressX)){if("right"===r||"left"===r)return}else if(Math.abs(i.pageY-o.touch.pressY)>Math.abs(i.pageX-o.touch.pressX)&&("up"===r||"down"===r))return;return o.forceScroll?(a="up"===this.getDirection()?t[e].cpar.offset().top+t[e].module.height:t.document.scrollTop()-(window.innerHeight-t[e].cpar[0].getBoundingClientRect().top),void(t[e].modal.useAsModal||tpGS.gsap.to([window,"body"],{scrollTo:a}))):"horizontal"==t[e].navigation.touch.swipe_direction&&"left"==r||"vertical"==t[e].navigation.touch.swipe_direction&&"up"==r?(t[e].sc_indicator_dir=0,t.callingNewSlide(e,1),!1):"horizontal"==t[e].navigation.touch.swipe_direction&&"right"==r||"vertical"==t[e].navigation.touch.swipe_direction&&"down"==r?(t[e].sc_indicator_dir=1,t.callingNewSlide(e,-1),!1):void 0}};r.touch.drag_block_vertical||(t.ISM&&(o.allowContextMenu=!0),o.allowEventDefault=!0),t[e].navigation.draggable=tpGS.draggable.create(t[e].navigation.proxy,o)}"carousel"===t[e].sliderType&&(t.ISM&&0==t[e].navigation.touch.mobileCarousel||!0!==t.ISM&&!1===t[e].navigation.touch.desktopCarousel)&&i.wrap.addClass("noswipe"),t[e].navigation.touch.drag_block_vertical&&t[e].c.addClass("disableVerticalScroll")},d=function(e){e.hide_delay=t.isNumeric(parseInt(e.hide_delay,0))?e.hide_delay:.2,e.hide_delay_mobile=t.isNumeric(parseInt(e.hide_delay_mobile,0))?e.hide_delay_mobile:.2},c=function(e){return e&&e.enable},p=function(e){clearTimeout(e)},g=function(e){var i=t[e].navigation.maintypes;for(var a in i)i.hasOwnProperty(a)&&c(t[e].navigation[i[a]])&&void 0!==t[e].navigation[i[a]].c&&(p(t[e].navigation[i[a]].showCall),t[e].navigation[i[a]].showCall=setTimeout((function(i){p(i.hideCall),i.hide_onleave&&!0!==t[e].tpMouseOver||(void 0===i.tween?i.tween=m(i):i.tween.play())}),t[e].navigation[i[a]].hide_onleave&&!0!==t[e].tpMouseOver?0:parseInt(t[e].navigation[i[a]].animDelay),t[e].navigation[i[a]]))},u=function(e){var i=t[e].navigation.maintypes;for(var a in i)i.hasOwnProperty(a)&&void 0!==t[e].navigation[i[a]]&&t[e].navigation[i[a]].hide_onleave&&c(t[e].navigation[i[a]])&&p(t[e].navigation[i[a]].hideCall)},h=function(e,i){var a=t[e].navigation.maintypes;for(var r in a)a.hasOwnProperty(r)&&void 0!==t[e].navigation[a[r]]&&t[e].navigation[a[r]].hide_onleave&&c(t[e].navigation[a[r]])&&(p(t[e].navigation[a[r]].hideCall),t[e].navigation[a[r]].hideCall=setTimeout((function(e){p(e.showCall),e.tween&&e.tween.reverse()}),t.ISM?parseInt(t[e].navigation[a[r]].hide_delay_mobile,0):parseInt(t[e].navigation[a[r]].hide_delay,0),t[e].navigation[a[r]]))},m=function(e){e.speed=void 0===e.animSpeed?.5:e.animSpeed,e.anims=[],void 0!==e.anim&&void 0===e.left&&e.anims.push(e.anim),void 0!==e.left&&e.anims.push(e.left.anim),void 0!==e.right&&e.anims.push(e.right.anim);var t=tpGS.gsap.timeline();for(var i in t.add(tpGS.gsap.to(e.c,e.speed,{delay:e.animDelay,opacity:1,ease:"power3.inOut"}),0),e.anims)if(e.anims.hasOwnProperty(i))switch(e.anims[i]){case"left":t.add(tpGS.gsap.fromTo(e.c[i],e.speed,{marginLeft:-50},{delay:e.animDelay,marginLeft:"0px",ease:"power3.inOut"}),0);break;case"right":t.add(tpGS.gsap.fromTo(e.c[i],e.speed,{marginLeft:50},{delay:e.animDelay,marginLeft:"0px",ease:"power3.inOut"}),0);break;case"top":t.add(tpGS.gsap.fromTo(e.c[i],e.speed,{marginTop:-50},{delay:e.animDelay,marginTop:"0px",ease:"power3.inOut"}),0);break;case"bottom":t.add(tpGS.gsap.fromTo(e.c[i],e.speed,{marginTop:50},{delay:e.animDelay,marginTop:"0px",ease:"power3.inOut"}),0);break;case"zoomin":t.add(tpGS.gsap.fromTo(e.c[i],e.speed,{scale:.5},{delay:e.animDelay,scale:1,ease:"power3.inOut"}),0);break;case"zoomout":t.add(tpGS.gsap.fromTo(e.c[i],e.speed,{scale:1.2},{delay:e.animDelay,scale:1,ease:"power3.inOut"}),0)}return t.play(),t},v=function(e,i){e.style=void 0===e.style?"":e.style,e.left.style=void 0===e.left.style?"":e.left.style,e.right.style=void 0===e.right.style?"":e.right.style,void 0===e.left.c&&(e.left.c=jQuery('<rs-arrow style="opacity:0" class="tp-leftarrow tparrows '+e.style+" "+e.left.style+'">'+e.tmp+"</rs-arrow>"),t[i].c.append(e.left.c)),void 0===e.right.c&&(e.right.c=jQuery('<rs-arrow style="opacity:0"  class="tp-rightarrow tparrows '+e.style+" "+e.right.style+'">'+e.tmp+"</rs-arrow>"),t[i].c.append(e.right.c)),e[e.rtl?"left":"right"].c.on("click",(function(){"carousel"===t[i].sliderType&&(t[i].ctNavElement=!0),t[i].sc_indicator="arrow",t[i].sc_indicator_dir=0,t[i].c.revnext()})),e[e.rtl?"right":"left"].c.on("click",(function(){"carousel"===t[i].sliderType&&(t[i].ctNavElement=!0),t[i].sc_indicator="arrow",t[i].sc_indicator_dir=1,t[i].c.revprev()})),e.padding_top=parseInt(t[i].carousel.padding_top||0,0),e.padding_bottom=parseInt(t[i].carousel.padding_bottom||0,0),w(e.left,i),w(e.right,i),"outer-left"!=e.position&&"outer-right"!=e.position||(t[i].outernav=!0)},f=function(e,i,a,r){r=void 0===r?e.outerHeight(!0):r;var o=null==t[a]?0:0==t[a].canv.height?t[a].module.height:t[a].canv.height,s="layergrid"==i.container?"fullscreen"==t[a].sliderLayout?t[a].module.height/2-t[a].gridheight[t[a].level]*t[a].CM.h/2:t[a].autoHeight||null!=t[a].minHeight&&t[a].minHeight>0?o/2-t[a].gridheight[t[a].level]*t[a].CM.h/2:0:0,n="top"===i.v_align?{top:"0px",y:Math.round(i.v_offset+s)+"px"}:"center"===i.v_align?{top:"50%",y:Math.round(0-r/2+i.v_offset)+"px"}:{top:"100%",y:Math.round(0-(r+i.v_offset+s))+"px"};e.hasClass("outer-bottom")||tpGS.gsap.set(e,n)},y=function(e,i,a,r){r=void 0===r?e.outerWidth():r;var o="layergrid"===i.container?t[a].module.width/2-t[a].gridwidth[t[a].level]*t[a].CM.w/2:0,s="left"===i.h_align?{left:"0px",x:Math.round(i.h_offset+o)+"px"}:"center"===i.h_align?{left:"50%",x:Math.round(0-r/2+i.h_offset)+"px"}:{left:"100%",x:Math.round(0-(r+i.h_offset+o))+"px"};tpGS.gsap.set(e,s)},w=function(e,i){if(null!=e&&void 0!==e.c){var a="fullwidth"==t[i].sliderLayout||"fullscreen"==t[i].sliderLayout?t[i].module.width:t[i].canv.width,r=e.c.outerWidth(),o=e.c.outerHeight();if(!(r<=0||o<=0)&&(f(e.c,e,i,o),y(e.c,e,i,r),"outer-left"===e.position?tpGS.gsap.set(e.c,{left:0-r+"px",x:e.h_offset+"px"}):"outer-right"===e.position&&tpGS.gsap.set(e.c,{right:0-r+"px",x:e.h_offset+"px"}),"tp-thumb"===e.type||"tp-tab"===e.type)){var s=parseInt(e.padding_top||0,0),n=parseInt(e.padding_bottom||0,0),l={},d={};e.maxw>a&&"outer-left"!==e.position&&"outer-right"!==e.position?(l.left="0px",l.x=0,l.maxWidth=a-2*e.wpad+"px",d.maxWidth=a-2*e.wpad+"px"):(l.maxWidth=e.maxw,d.maxWidth=a+"px"),e.maxh+2*e.wpad>t[i].conh&&"outer-bottom"!==e.position&&"outer-top"!==e.position?(l.top="0px",l.y=0,l.maxHeight=s+n+(t[i].conh-2*e.wpad)+"px",d.maxHeight=s+n+(t[i].conh-2*e.wpad)+"px"):(l.maxHeight=e.maxh+"px",d.maxHeight=e.maxh+"px"),e.mask=void 0===e.mask?e.c.find("rs-navmask"):e.mask,(e.mhoff>0||e.mvoff>0)&&(d.padding=e.mvoff+"px "+e.mhoff+"px"),e.span?("layergrid"==e.container&&"outer-left"!==e.position&&"outer-right"!==e.position&&(s=n=0),"vertical"===e.direction?(l.maxHeight=s+n+(t[i].conh-2*e.wpad)+"px",l.height=s+n+(t[i].conh-2*e.wpad)+"px",l.top=0,l.y=0,d.maxHeight=s+n+Math.min(e.maxh,t[i].conh-2*e.wpad)+"px",tpGS.gsap.set(e.c,l),tpGS.gsap.set(e.mask,d),f(e.mask,e,i)):"horizontal"===e.direction&&(l.maxWidth="100%",l.width=a-2*e.wpad+"px",l.left=0,l.x=0,d.maxWidth=e.maxw>=a?"100%":Math.min(e.maxw,a)+"px",tpGS.gsap.set(e.c,l),tpGS.gsap.set(e.mask,d),y(e.mask,e,i))):(tpGS.gsap.set(e.c,l),tpGS.gsap.set(e.mask,d))}}},b=function(e,i,a,r){0===e.find(".tp-bullets").length&&(i.style=void 0===i.style?"":i.style,i.c=jQuery('<rs-bullets style="opacity:0"  class="tp-bullets '+i.style+" "+i.direction+" nav-pos-hor-"+i.h_align+" nav-pos-ver-"+i.v_align+" nav-dir-"+i.direction+'"></rs-bullets>'));var o=a.data("key"),s=i.tmp;void 0!==t[r].thumbs[a.index()]&&jQuery.each(t[r].thumbs[a.index()].params,(function(e,t){s=s.replace(t.from,t.to)}));var n=jQuery('<rs-bullet data-key="'+o+'" class="tp-bullet">'+s+"</rs-bullet>");void 0!==t[r].thumbs[a.index()]&&n.find(".tp-bullet-image").css({backgroundImage:"url("+t[r].thumbs[a.index()].src+")"}),i.c.append(n),e.append(i.c);var l=i.c.find(".tp-bullet").length,d=n.outerWidth(),c=n.outerHeight(),p=d+parseInt(void 0===i.space?0:i.space,0),g=c+parseInt(void 0===i.space?0:i.space,0);"vertical"===i.direction?(n.css({top:(l-1)*g+"px",left:"0px"}),i.c.css({height:(l-1)*g+c,width:d})):(n.css({left:(l-1)*p+"px",top:"0px"}),i.c.css({width:(l-1)*p+d,height:c})),n.on("click",(function(){"carousel"===t[r].sliderType&&(t[r].ctNavElement=!0),t[r].sc_indicator="bullet",e.revcallslidewithid(o),e.find(".tp-bullet").removeClass("selected"),jQuery(this).addClass("selected")})),i.padding_top=parseInt(t[r].carousel.padding_top||0,0),i.padding_bottom=parseInt(t[r].carousel.padding_bottom||0,0),"outer-left"!=i.position&&"outer-right"!=i.position||(t[r].outernav=!0)},_=function(e,i,a,r,o){var s="tp-thumb"===r?".tp-thumbs":".tp-tabs",n="tp-thumb"===r?".tp-thumb-mask":".tp-tab-mask",l="tp-thumb"===r?".tp-thumbs-inner-wrapper":".tp-tabs-inner-wrapper",d="tp-thumb"===r?".tp-thumb":".tp-tab",c="tp-thumb"===r?".tp-thumb-image":".tp-tab-image",p="tp-thumb"===r?"rs-thumb":"rs-tab";i.type=r,i.visibleAmount=i.visibleAmount>t[o].slideamount?t[o].slideamount:i.visibleAmount,i.sliderLayout=t[o].sliderLayout,void 0===i.c&&(i.wpad=i.wrapper_padding,i.c=jQuery("<"+p+'s style="opacity:0" class="nav-dir-'+i.direction+" nav-pos-ver-"+i.v_align+" nav-pos-hor-"+i.h_align+" rs-nav-element "+r+"s "+(!0===i.span?"tp-span-wrapper":"")+" "+i.position+" "+(void 0===i.style?"":i.style)+'"><rs-navmask class="'+r+'-mask" style="overflow:hidden;position:relative"><'+p+'s-wrap class="'+r+'s-inner-wrapper" style="position:relative;"></'+p+"s-wrap></rs-navmask></"+p+"s>"),i.c.css({overflow:"visible",position:"outer-top"===i.position||"outer-bottom"===i.position?"relative":"absolute",background:i.wrapper_color,padding:i.wpad+"px",boxSizing:"contet-box"}),"outer-top"===i.position?e.parent().prepend(i.c):"outer-bottom"===i.position?e.after(i.c):e.append(i.c),"outer-left"!==i.position&&"outer-right"!==i.position||tpGS.gsap.set(t[o].c,{overflow:"visible"}),i.padding_top=parseInt(t[o].carousel.padding_top||0,0),i.padding_bottom=parseInt(t[o].carousel.padding_bottom||0,0),"outer-left"!=i.position&&"outer-right"!=i.position||(t[o].outernav=!0));var g=a.data("key"),u=i.c.find(n),h=u.find(l),m=i.tmp;i.space=parseFloat(i.space)||0,i.maxw="horizontal"===i.direction?i.width*i.visibleAmount+i.space*(i.visibleAmount-1):i.width,i.maxh="horizontal"===i.direction?i.height:i.height*i.visibleAmount+i.space*(i.visibleAmount-1),i.maxw+=2*i.mhoff,i.maxh+=2*i.mvoff,void 0!==t[o].thumbs[a.index()]&&jQuery.each(t[o].thumbs[a.index()].params,(function(e,t){m=m.replace(t.from,t.to)}));var v=jQuery("<"+p+' data-liindex="'+a.index()+'" data-key="'+g+'" class="'+r+'" style="width:'+i.width+"px;height:"+i.height+'px;">'+m+"<"+p+">");void 0!==t[o].thumbs[a.index()]&&v.find(c).css({backgroundImage:"url("+t[o].thumbs[a.index()].src+")"}),h.append(v);var f=i.c.find(d).length,y=v.outerWidth(),w=v.outerHeight(),b=y+parseInt(void 0===i.space?0:i.space,0),_=w+parseInt(void 0===i.space?0:i.space,0);"vertical"===i.direction?(v.css({top:(f-1)*_+"px",left:"0px"}),h.css({height:(f-1)*_+w,width:y})):(v.css({left:(f-1)*b+"px",top:"0px"}),h.css({width:(f-1)*b+y,height:w})),u.css({maxWidth:i.maxw+"px",maxHeight:i.maxh+"px"}),i.c.css({maxWidth:i.maxw+"px",maxHeight:i.maxh+"px"}),v.on("click",(function(){t[o].sc_indicator="bullet","carousel"===t[o].sliderType&&(t[o].ctNavElement=!0);var i=e.parent().find(l).data("distance");i=void 0===i?0:i,Math.abs(i)<10&&(e.revcallslidewithid(g),e.parent().find(s).removeClass("selected"),jQuery(this).addClass("selected"))}))},S=function(e,i,a){return null==e||void 0===e.c||(e.hide_under>t[i].canv.width||t[i].canv.width>e.hide_over?(!0!==e.tpForceNotVisible&&(e.c.addClass("tp-forcenotvisible"),e.isVisible=!1,a=!0),e.tpForceNotVisible=!0):(!1!==e.tpForceNotVisible&&(e.c.removeClass("tp-forcenotvisible"),e.isVisible=!0,a=!0),e.tpForceNotVisible=!1)),a};window.RS_MODULES=window.RS_MODULES||{},window.RS_MODULES.navigation={loaded:!0,version:"6.6.0"},window.RS_MODULES.checkMinimal&&window.RS_MODULES.checkMinimal()}(jQuery),function(e){"use strict";window._R_is_Editor?RVS._R=void 0===RVS._R?{}:RVS._R:window._R_is_Editor=!1,jQuery.fn.revolution=jQuery.fn.revolution||{};var t=_R_is_Editor?RVS._R:jQuery.fn.revolution;jQuery.extend(!0,t,{bgW:function(e,i){return _R_is_Editor?RVS.RMD.width:"carousel"===t[e].sliderType?t[e].justifyCarousel?t[e].carousel.slide_widths[void 0!==i?i:t[e].carousel.focused]:t[e].carousel.slide_width:t[e].module.width},bgH:function(e,i){return _R_is_Editor?RVS.RMD.height:"carousel"===t[e].sliderType?t[e].carousel.slide_height:t[e].module.height},getPZSides:function(e,t,i,a,r,o,s){var n=e*i,l=t*i,d=Math.abs(a-n),c=Math.abs(r-l),p=new Object;return p.l=(0-o)*d,p.r=p.l+n,p.t=(0-s)*c,p.b=p.t+l,p.h=o,p.v=s,p},getPZCorners:function(e,i,a,r){var o=e.bgposition.split(" ")||"center center",s="center"==o[0]?"50%":"left"==o[0]||"left"==o[1]?"0%":"right"==o[0]||"right"==o[1]?"100%":o[0],n="center"==o[1]?"50%":"top"==o[0]||"top"==o[1]?"0%":"bottom"==o[0]||"bottom"==o[1]?"100%":o[1];s=parseInt(s,0)/100||0,n=parseInt(n,0)/100||0;var l=new Object;return l.start=t.getPZSides(r.start.width,r.start.height,r.start.scale,i,a,s,n),l.end=t.getPZSides(r.start.width,r.start.height,r.end.scale,i,a,s,n),l},getPZValues:function(e){var t=e.panzoom.split(";"),i={duration:10,ease:"none",scalestart:1,scaleend:1,rotatestart:.01,rotateend:0,blurstart:0,blurend:0,offsetstart:"0/0",offsetend:"0/0"};for(var a in t)if(t.hasOwnProperty(a)){var r=t[a].split(":"),o=r[0],s=r[1];switch(o){case"d":i.duration=parseInt(s,0)/1e3;break;case"e":i.ease=s;break;case"ss":i.scalestart=parseInt(s,0)/100;break;case"se":i.scaleend=parseInt(s,0)/100;break;case"rs":i.rotatestart=parseInt(s,0);break;case"re":i.rotateend=parseInt(s,0);break;case"bs":i.blurstart=parseInt(s,0);break;case"be":i.blurend=parseInt(s,0);break;case"os":i.offsetstart=s;break;case"oe":i.offsetend=s}}return i.offsetstart=i.offsetstart.split("/")||[0,0],i.offsetend=i.offsetend.split("/")||[0,0],i.rotatestart=0===i.rotatestart?.01:i.rotatestart,e.panvalues=i,e.bgposition="center center"==e.bgposition?"50% 50%":e.bgposition,i},pzCalcL:function(e,i,a){var r,o,s,n,l,d,c=void 0===a.panvalues?jQuery.extend(!0,{},t.getPZValues(a)):jQuery.extend(!0,{},a.panvalues),p=c.offsetstart,g=c.offsetend,u={start:{width:e,height:_R_is_Editor?e/a.loadobj.width*a.loadobj.height:e/a.owidth*a.oheight,rotation:Math.PI/180*c.rotatestart,rotationV:c.rotatestart,scale:c.scalestart,transformOrigin:"0% 0%"},end:{rotation:Math.PI/180*c.rotateend,rotationV:c.rotateend,scale:c.scaleend}};c.scalestart,a.owidth,a.oheight,c.scaleend,a.owidth,a.oheight;return u.start.height<i&&(d=i/u.start.height,u.start.height=i,u.start.width=u.start.width*d),.01===c.rotatestart&&0===c.rotateend&&(delete u.start.rotation,delete u.end.rotation),r=t.getPZCorners(a,e,i,u),p[0]=parseFloat(p[0])+r.start.l,g[0]=parseFloat(g[0])+r.end.l,p[1]=parseFloat(p[1])+r.start.t,g[1]=parseFloat(g[1])+r.end.t,o=r.start.r-r.start.l,s=r.start.b-r.start.t,n=r.end.r-r.end.l,l=r.end.b-r.end.t,p[0]=p[0]>0?0:o+p[0]<e?e-o:p[0],g[0]=g[0]>0?0:n+g[0]<e?e-n:g[0],p[1]=p[1]>0?0:s+p[1]<i?i-s:p[1],g[1]=g[1]>0?0:l+g[1]<i?i-l:g[1],u.start.x=p[0],u.start.y=p[1],u.end.x=g[0],u.end.y=g[1],u.end.ease=c.ease,u},pzDrawShadow:function(e,i,a){("animating"===i.currentState||null==i.panFake||i.pzLastFrame)&&(i.pzLastFrame=!1,i.shadowCTX.clearRect(0,0,i.shadowCanvas.width,i.shadowCanvas.height),i.shadowCTX.save(),void 0!==a.rotation?i.shadowCTX.transform(Math.cos(a.rotation)*a.scale,Math.sin(a.rotation)*a.scale,Math.sin(a.rotation)*-a.scale,Math.cos(a.rotation)*a.scale,a.x,a.y):i.shadowCTX.transform(a.scale,0,0,a.scale,a.x,a.y),i.shadowCTX.drawImage(i.loadobj.img,0,0,a.width,a.height),i.shadowCTX.restore()),"animating"!==i.currentState?null!=i.panFake?(i.panFake.visible||(i.panFake.visible=!0,i.panFake.img.style.opacity=1,i.canvas.style.opacity=0),tpGS.gsap.set(i.panFake.img,{width:a.width,height:a.height,force3D:!0,x:a.x,y:a.y,transformOrigin:"0% 0%",rotationZ:a.rotationV+"deg",scale:a.scale}),void 0!==a.blur&&(i.panFake.img.style.filter=0===a.blur?"none":"blur("+a.blur+"px)")):(t.updateSlideBGs(e,a.slidekey,i,!0),void 0!==a.blur&&(i.canvas.style.filter=0===a.blur?"none":"blur("+a.blur+"px)")):(void 0!==i.panFake&&!1!==i.panFake.visible&&(i.panFake.visible=!1,i.panFake.img.style.opacity=0,i.canvas.style.opacity=1,i.panFake.img.style.filter="none"),void 0!==a.blur&&i.canvasFilter?i.canvasFilterBlur=a.blur:i.canvas.style.filter=0===a.blur?"none":"blur("+a.blur+"px)")},startPanZoom:function(e,i,a,r,o,s){var n=_R_is_Editor?e:e.data();if(void 0!==n.panzoom&&null!==n.panzoom){var l=_R_is_Editor?n:t[i].sbgs[s];_R_is_Editor||"carousel"!==t[i].sliderType||(t[i].carousel.justify&&void 0===t[i].carousel.slide_widths&&t.setCarouselDefaults(i,!0),t[i].carousel.justify||(void 0===t[i].carousel.slide_width&&(t[i].carousel.slide_width=!0!==t[i].carousel.stretch?t[i].gridwidth[t[i].level]*(0===t[i].CM.w?1:t[i].CM.w):t[i].canv.width),void 0===t[i].carousel.slide_height&&(t[i].carousel.slide_height=!0!==t[i].carousel.stretch?t[i].gridheight[t[i].level]*(0===t[i].CM.w?1:t[i].CM.w):t[i].canv.height)));var d,c=t.getmDim(i,r,l),p=t.pzCalcL(c.width,c.height,n);l.pzAnim=p,_R_is_Editor||(t[i].panzoomTLs=void 0===t[i].panzoomTLs?{}:t[i].panzoomTLs,t[i].panzoomBGs=void 0===t[i].panzoomBGs?{}:t[i].panzoomBGs,void 0===t[i].panzoomBGs[r]&&(t[i].panzoomBGs[r]=e),d=t[i].panzoomTLs[r]),a=a||0,void 0!==d&&(d.pause(),d.kill(),d=void 0),d=tpGS.gsap.timeline({paused:!0}),n.panvalues.duration=NaN===n.panvalues.duration||void 0===n.panvalues.duration?10:n.panvalues.duration,_R_is_Editor||void 0===n||void 0===l||(l.panvalues=n.panvalues),void 0!==l&&(void 0===l.shadowCanvas&&(l.shadowCanvas=document.createElement("canvas"),l.shadowCTX=l.shadowCanvas.getContext("2d"),l.shadowCanvas.style.background="transparent",l.shadowCanvas.style.opacity=1),l.shadowCanvas.width!==c.width&&(l.shadowCanvas.width=c.width),l.shadowCanvas.height!==c.height&&(l.shadowCanvas.height=c.height),p.slideindex=r,p.slidekey=_R_is_Editor?void 0:s,p.start.slidekey=p.slidekey,t.pzDrawShadow(i,l,p.start),p.end.onUpdate=function(){t.pzDrawShadow(i,l,p.start)},l.panStart=jQuery.extend(!0,{},p.start),void 0===n.panvalues.blurstart||void 0===n.panvalues.blurend||0===n.panvalues.blurstart&&0===n.panvalues.blurend||(p.start.blur=n.panvalues.blurstart,p.end.blur=n.panvalues.blurend),(!_R_is_Editor&&void 0===p.start.blur&&!t.isFF||window.isSafari11&&t.ISM)&&(l.panFake=void 0===l.panFake?{img:l.loadobj.img.cloneNode(!0)}:l.panFake,void 0!==l.panFake&&(!0!==l.panFake.appended&&(l.panFake.appended=!0,l.sbg.appendChild(l.panFake.img),l.panFake.img.style.position="absolute",l.panFake.img.style.display="block",l.panFake.img.style.zIndex=0,l.panFake.img.style.opacity=0,l.panFake.img.style.top="0px",l.panFake.img.style.left="0px"),l.panFake.img.width=p.start.width,l.panFake.img.height=p.start.height)),d.add(tpGS.gsap.to(p.start,n.panvalues.duration,p.end),0),d.progress(a),"play"!==o&&"first"!==o||d.play(),_R_is_Editor?RVS.TL[RVS.S.slideId].panzoom=d:t[i].panzoomTLs[r]=d)}}}),window.RS_MODULES=window.RS_MODULES||{},window.RS_MODULES.panzoom={loaded:!0,version:"6.6.0"},window.RS_MODULES.checkMinimal&&window.RS_MODULES.checkMinimal()}(jQuery),function(e){"use strict";jQuery.fn.revolution=jQuery.fn.revolution||{};var t=jQuery.fn.revolution;jQuery.extend(!0,t,{checkForParallax:function(e){var r=t[e].parallax;if(!r.done){if(r.done=!0,t.ISM&&r.disable_onmobile)return!1;if("3D"==r.type||"3d"==r.type){if(t.addSafariFix(e),tpGS.gsap.set(t[e].c,{overflow:r.ddd_overflow}),tpGS.gsap.set(t[e].canvas,{overflow:r.ddd_overflow}),("carousel"!=t[e].sliderType||"carousel"==t[e].sliderType&&"mousedrag"==t[e].parallax.type)&&r.ddd_shadow){var o=jQuery('<div class="dddwrappershadow"></div>');tpGS.gsap.set(o,{force3D:"auto",transformPerspective:1600,transformOrigin:"50% 50%",width:"100%",height:"100%",position:"absolute",top:0,left:0,zIndex:0}),t[e].c.prepend(o)}for(var s in t[e].slides)t[e].slides.hasOwnProperty(s)&&i(jQuery(t[e].slides[s]),e);t[e].c.find("rs-static-layers").length>0&&(tpGS.gsap.set(t[e].c.find("rs-static-layers"),{top:0,left:0,width:"100%",height:"100%"}),i(t[e].c.find("rs-static-layers"),e))}r.pcontainers={},r.bgcontainers=[],r.bgcontainer_depths=[],r.speed=void 0===r.speed?0:parseInt(r.speed,0),r.speedbg=void 0===r.speedbg?0:parseInt(r.speedbg,0),r.speedls=void 0===r.speedls?0:parseInt(r.speedls,0),t[e].c.find("rs-slide rs-sbg-wrap, rs-slide rs-bgvideo").each((function(){var i=jQuery(this),a=i.data("parallax");window.isSafari11||(t[e].parZ=1),void 0!==(a="on"==a||!0===a?1:a)&&"off"!==a&&!1!==a&&(r.bgcontainers.push(i.closest("rs-sbg-px")),r.bgcontainer_depths.push(t[e].parallax.levels[parseInt(a,0)-1]/100))}));for(s=1;s<=r.levels.length;s++){for(var n in t[e].slides)if(t[e].slides.hasOwnProperty(n)){var l=(c=t[e].slides[n]).dataset.key;void 0===r.pcontainers[l]&&(r.pcontainers[l]={}),a(s,r,c,r.pcontainers[l])}l="static";void 0===r.pcontainers[l]&&(r.pcontainers[l]={}),a(s,r,t[e].slayers[0],r.pcontainers[l]),JSON.stringify(r.pcontainers[l])==JSON.stringify({})&&delete r.pcontainers[l]}if("mouse"==r.type||"mousedrag"==r.type||"mousescroll"==r.type||"3D"==r.type||"3d"==r.type){var d="rs-slide .dddwrapper, .dddwrappershadow, rs-slide .dddwrapper-layer, rs-static-layers .dddwrapper-layer";for(var n in"carousel"===t[e].sliderType&&(d="rs-slide .dddwrapper, rs-slide .dddwrapper-layer, rs-static-layers .dddwrapper-layer"),r.sctors={},t[e].slides)if(t[e].slides.hasOwnProperty(n)){var c;l=(c=t[e].slides[n]).dataset.key;r.sctors[l]=c.querySelectorAll(d)}t[e].slayers[0]&&(r.sctors.static=t[e].slayers[0].querySelectorAll(d)),r.mouseEntered=!1,t[e].c.on("mouseenter",(function(i){var a=t[e].c.offset().top,o=t[e].c.offset().left;r.mouseEnterX=i.pageX-o,r.mouseEnterY=i.pageY-a,r.mouseEntered=!0})),r.parallaxHandler=this.updateParallax.bind(this,e,r),r.hasAlreadyPermission=!1,"mousedrag"!=r.type&&t[e].c.on("mousemove.hoverdir, mouseleave.hoverdir, trigger3dpath",(function(e){r.eventData=e,void 0!==r.frame&&"mouseleave"!==e.type||(r.frame=window.requestAnimationFrame(r.parallaxHandler))})),t.ISM&&(t.modulesNeedOrientationListener=null==t.modulesNeedOrientationListener?{}:t.modulesNeedOrientationListener,t.modulesNeedOrientationListener[e]=!0,t.addDeviceOrientationListener(e))}var p=t[e].scrolleffect;p.set&&(p.multiplicator_layers=parseFloat(p.multiplicator_layers),p.multiplicator=parseFloat(p.multiplicator)),void 0!==p._L&&0===p._L.length&&(p._L=!1),void 0!==p.bgs&&0===p.bgs.length&&(p.bgs=!1)}},removeIOSPermissionWait:function(){document.querySelectorAll(".iospermaccwait").forEach((function(e){e.classList.add("permanenthidden")}))},addDeviceOrientationListener:function(e){var i=t[e].parallax;window.addEventListener("deviceorientation",(function(a){t.modulesNeedOrientationListener[e]&&(t.modulesNeedOrientationListener[e]=!1,t.removeIOSPermissionWait()),i.eventData=a,void 0===i.frame&&(i.frame=window.requestAnimationFrame(i.parallaxHandler))}))},getAccelerationPermission:function(e){DeviceMotionEvent.requestPermission().then((function(e){if("granted"==e)for(var i in t.modulesNeedOrientationListener)t.modulesNeedOrientationListener.hasOwnProperty(i)&&(t.modulesNeedOrientationListener[i]=!1,t.removeIOSPermissionWait(),t.addDeviceOrientationListener(i))}))},getLayerParallaxOffset:function(e,i,a){return void 0!==t[e].parallax&&void 0!==t[e].parallax.pcontainers&&void 0!==t[e].parallax.pcontainers[t[e]._L[i].slidekey]&&void 0!==t[e].parallax.pcontainers[t[e]._L[i].slidekey][i]?Math.abs(t[e].parallax.pcontainers[t[e]._L[i].slidekey][i]["offs"+a]):0},updateParallax:function(e,i){i.frame&&(i.frame=window.cancelAnimationFrame(i.frame));var a,r,o=i.eventData,s=t[e].c.offset().left,n=t[e].c.offset().top,l=t[e].canv.width,d=t[e].canv.height,c=i.speed/1e3||3;if("mousedrag"==i.type?(r=-20*t[e].carousel.delta,a=-20*t[e].carousel.delta,t[e].carousel.fromWheel?"v"===t[e].carousel.orientation?a=0:r=0:"v"===t[e].carousel.orientation?a=t[e].carousel.cX-t[e].carousel.lerpX:r=t[e].carousel.cY-t[e].carousel.lerpY):"enterpoint"==i.origo&&"deviceorientation"!==o.type?(!1===i.mouseEntered&&(i.mouseEnterX=o.pageX-s,i.mouseEnterY=o.pageY-n,i.mouseEntered=!0),a=i.mouseEnterX-(o.pageX-s),r=i.mouseEnterY-(o.pageY-n),c=i.speed/1e3||.4):"deviceorientation"!==o.type&&(a=l/2-(o.pageX-s),r=d/2-(o.pageY-n)),("mousedrag"!=t[e].parallax.type||t[e].carousel.isPressed)&&o&&"deviceorientation"==o.type){var p,g,u;p=o.beta-60,g=o.gamma,u=p;var h=Math.abs(i.orientationX-g)>1||Math.abs(i.orientationY-u)>1;if(i.orientationX=g,i.orientationY=u,!h)return;if(t.winW>t.getWinH(e)){var m=g;g=u,u=m}a=360/l*(g*=1.5),r=180/d*(u*=1.5)}for(var v in!o||"mouseleave"!==o.type&&"mouseout"!==o.type?"mousedrag"==t[e].parallax.type&&t[e].carousel.isPressed&&("v"===t[e].carousel.orientation&&"same"==i.car_dir&&(a=0),"same"==i.car_dir?"v"===t[e].carousel.orientation?a=0:r=0:"opposite"==i.car_dir&&("v"===t[e].carousel.orientation?(a=r,r=0):(r=a,a=0)),"v"===t[e].carousel.orientation?(r*=i.car_smulti,a*=i.car_omulti):(r*=i.car_omulti,a*=i.car_smulti)):i.mouseEntered=!1,i.pcontainers)if(i.pcontainers.hasOwnProperty(v)){var f=!1;if("mousedrag"==i.type&&!t[e].carousel.justify)for(var y=0;y<t[e].slideamount;y++)t[e].carousel.trackArr[y].elem.getAttribute("data-key")===v&&Math.abs(t[e].carousel.trackArr[y].progress<=1)&&(f=!0);if(void 0===t[e].activeRSSlide||"static"===v||f&&"all"==i.car_env||t[e].slides[t[e].activeRSSlide].dataset.key===v)for(var y in i.pcontainers[v])if(i.pcontainers[v].hasOwnProperty(y)){var w=i.pcontainers[v][y];w.pl="3D"==i.type||"3d"==i.type?w.depth/200:w.depth/100,w.offsh=a*w.pl,w.offsv=r*w.pl,"mousescroll"==i.type?tpGS.gsap.to(w.tpw,c,{force3D:"auto",x:w.offsh,ease:"power3.out",overwrite:"all"}):tpGS.gsap.to(w.tpw,c,{force3D:"auto",x:w.offsh,y:w.offsv,ease:"power3.out",overwrite:"all"})}}if("3D"==i.type||"3d"==i.type)for(var v in i.sctors)if(i.sctors.hasOwnProperty(v)&&(void 0===t[e].activeRSSlide||"static"===v||t[e].slides[t[e].activeRSSlide].dataset.key===v||t.isFF))for(var y in i.sctors[v])if(i.sctors[v].hasOwnProperty(y)){n=jQuery(i.sctors[v][y]);var b=t.isFirefox()?Math.min(25,i.levels[i.levels.length-1])/200:i.levels[i.levels.length-1]/200,_=a*b,S=r*b,x=0==t[e].canv.width?0:Math.round(a/t[e].canv.width*b*100)||0,k=0==t[e].canv.height?0:Math.round(r/t[e].canv.height*b*100)||0,R=n.closest("rs-slide"),O=0,L=!1;"deviceorientation"===o.type&&(_=a*(b=i.levels[i.levels.length-1]/200),S=r*b*3,x=0==t[e].canv.width?0:Math.round(a/t[e].canv.width*b*500)||0,k=0==t[e].canv.height?0:Math.round(r/t[e].canv.height*b*700)||0),n.hasClass("dddwrapper-layer")&&(O=i.ddd_z_correction||65,L=!0),n.hasClass("dddwrapper-layer")&&(_=0,S=0),R.index()===t[e].pr_active_key||"carousel"!=t[e].sliderType||"carousel"==t[e].sliderType&&"mousedrag"==t[e].parallax.type?!i.ddd_bgfreeze||L?tpGS.gsap.to(n,c,{rotationX:k,rotationY:-x,x:_,z:O,y:S,ease:"power3.out",overwrite:"all"}):tpGS.gsap.to(n,.5,{force3D:"auto",rotationY:0,rotationX:0,z:0,ease:"power3.out",overwrite:"all"}):tpGS.gsap.to(n,.5,{force3D:"auto",rotationY:0,x:0,y:0,rotationX:0,z:0,ease:"power3.out",overwrite:"all"}),"mouseleave"!=o.type&&"mouseout"!==o.type||tpGS.gsap.to(this,3.8,{z:0,ease:"power3.out"})}},parallaxProcesses:function(e,i,a,r){var o=t[e].fixedOnTop?Math.min(1,Math.max(0,window.scrollY/t.lastwindowheight)):Math.min(1,Math.max(0,(0-(i.top-t.lastwindowheight))/(i.hheight+t.lastwindowheight))),s=(i.top>=0&&i.top<=t.lastwindowheight||i.top<=0&&i.bottom>=0||i.top<=0&&i.bottom,t[e].slides[void 0===t[e].pr_active_key?0:t[e].pr_active_key]);if(t[e].scrollProg=o,t[e].scrollProgBasics={top:i.top,height:i.hheight,bottom:i.bottom},t[e].sbtimeline.fixed?(!1===t[e].fixedScrollOnState||0!==t[e].drawUpdates.cpar.left||!t.stickySupported||0!=t[e].fullScreenOffsetResult&&null!=t[e].fullScreenOffsetResult?t.stickySupported=!1:(t[e].topc.addClass("rs-stickyscrollon"),t[e].fixedScrollOnState=!0),void 0===t[e].sbtimeline.rest&&t.updateFixedScrollTimes(e),i.top>=t[e].fullScreenOffsetResult&&i.top<=t.lastwindowheight?(o=t[e].sbtimeline.fixStart*(1-i.top/t.lastwindowheight)/1e3,!0!==t.stickySupported&&!1!==t[e].fixedScrollOnState&&(t[e].topc.removeClass("rs-fixedscrollon"),tpGS.gsap.set(t[e].cpar,{top:0,y:0}),t[e].fixedScrollOnState=!1)):i.top<=t[e].fullScreenOffsetResult&&i.bottom>=t[e].module.height?(!0!==t.stickySupported&&!0!==t[e].fixedScrollOnState&&(t[e].fixedScrollOnState=!0,t[e].topc.addClass("rs-fixedscrollon"),tpGS.gsap.set(t[e].cpar,{top:0,y:t[e].fullScreenOffsetResult})),o=(t[e].sbtimeline.fixStart+t[e].sbtimeline.time*(Math.abs(i.top)/(i.hheight-t[e].module.height)))/1e3):(!0!==t.stickySupported&&(tpGS.gsap.set(t[e].cpar,{top:t[e].scrollproc>=0?0:i.height-t[e].module.height}),!1!==t[e].fixedScrollOnState&&(t[e].topc.removeClass("rs-fixedscrollon"),t[e].fixedScrollOnState=!1)),o=i.top>t.lastwindowheight?0:(t[e].sbtimeline.fixEnd+t[e].sbtimeline.rest*(1-i.bottom/t[e].module.height))/1e3)):o=t[e].duration*o/1e3,void 0!==s&&void 0!==t.gA(s,"key")&&!0!==a){var n=0;for(var l in t[e].sbas[t.gA(s,"key")])if(void 0!==t[e]._L[l]&&null==t[e]._L[l].timeline&&n++,void 0!==t[e]._L[l]&&void 0!==t[e]._L[l].timeline&&(1==t[e]._L[l].animationonscroll||"true"==t[e]._L[l].animationonscroll)){n=-9999;var d=void 0!==t[e]._L[l].scrollBasedOffset?o+t[e]._L[l].scrollBasedOffset:o;d=d<=0?0:d<.1?.1:d,t[e]._L[l].animteToTime!==d&&(t[e]._L[l].animteToTimeCache=t[e]._L[l].animteToTime,t[e]._L[l].animteToTime=d,tpGS.gsap.to(t[e]._L[l].timeline,t[e].sbtimeline.speed,{time:d,ease:t[e].sbtimeline.ease}))}n>0&&requestAnimationFrame((function(){t.parallaxProcesses(e,i,a,r)})),t[e].c.trigger("timeline_scroll_processed",{id:e,mproc:o,speed:t[e].sbtimeline.speed})}if(t.ISM&&t[e].parallax.disable_onmobile)return!1;var c,p=t[e].parallax;if(void 0!==t[e].slides[t[e].pr_processing_key]&&void 0!==t[e].slides[t[e].pr_processing_key].dataset&&(c=t[e].slides[t[e].pr_processing_key].dataset.key),"3d"!=p.type&&"3D"!=p.type){if("scroll"==p.type||"mousescroll"==p.type)for(var g in p.pcontainers)if(p.pcontainers.hasOwnProperty(g)&&(void 0===t[e].activeRSSlide||"static"===g||t[e].slides[t[e].activeRSSlide].dataset.key===g||c===g))for(var u in p.pcontainers[g])if(p.pcontainers[g].hasOwnProperty(u)){var h=p.pcontainers[g][u],m=void 0!==r?r:p.speedls/1e3||0;h.pl=h.depth/100,h.offsv=Math.round(t[e].scrollproc*(-h.pl*t[e].canv.height)*10)/10||0,tpGS.gsap.to(h.tpw,m,{overwrite:"auto",force3D:"auto",y:h.offsv})}if(p.bgcontainers)for(u=0;u<p.bgcontainers.length;u++){var v=p.bgcontainers[u],f=p.bgcontainer_depths[u],y=t[e].scrollproc*(-f*t[e].canv.height)||0;m=void 0!==r?r:p.speedbg/1e3||.015;m=void 0!==t[e].parallax.lastBGY&&0===m&&Math.abs(y-t[e].parallax.lastBGY)>50?.15:m,tpGS.gsap.to(v,m,{position:"absolute",top:"0px",left:"0px",backfaceVisibility:"hidden",force3D:"true",y:y+"px"}),t[e].parallax.lastBGY=y}}var w=t[e].scrolleffect;if(w.set&&(!t.ISM||!1===w.disable_onmobile)){var b=Math.abs(t[e].scrollproc)-w.tilt/100;if(b=b<0?0:b,!1!==w._L){var _=1-b*w.multiplicator_layers,S={force3D:"true"};if("top"==w.direction&&t[e].scrollproc>=0&&(_=1),"bottom"==w.direction&&t[e].scrollproc<=0&&(_=1),_=_>1?1:_<0?0:_,w.fade&&(S.opacity=_),w.scale){var x=_;S.scale=1-x+1}if(w.blur)O=(O=(1-_)*w.maxblur)<=.03?0:O,S["-webkit-filter"]="blur("+O+"px)",S.filter="blur("+O+"px)",window.isSafari11&&void 0!==w._L&&void 0!==w._L[0]&&void 0!==w._L[0][0]&&"RS-MASK-WRAP"==w._L[0][0].tagName&&(S.z=.001);if(w.grayscale){var k="grayscale("+100*(1-_)+"%)";S["-webkit-filter"]=void 0===S["-webkit-filter"]?k:S["-webkit-filter"]+" "+k,S.filter=void 0===S.filter?k:S.filter+" "+k}tpGS.gsap.set(w._L,S)}if(!1!==w.bgs){_=1-b*w.multiplicator,S={backfaceVisibility:"hidden",force3D:"true"};for(var R in"top"==w.direction&&t[e].scrollproc>=0&&(_=1),"bottom"==w.direction&&t[e].scrollproc<=0&&(_=1),_=_>1?1:_<0?0:_,w.bgs)if(w.bgs.hasOwnProperty(R)){if(w.bgs[R].fade&&(S.opacity=_),w.bgs[R].blur){var O=(1-_)*w.maxblur;S["-webkit-filter"]="blur("+O+"px)",S.filter="blur("+O+"px)"}if(w.bgs[R].grayscale){k="grayscale("+100*(1-_)+"%)";S["-webkit-filter"]=void 0===S["-webkit-filter"]?k:S["-webkit-filter"]+" "+k,S.filter=void 0===S.filter?k:S.filter+" "+k}tpGS.gsap.set(w.bgs[R].c,S)}}}}});var i=function(e,i){var a=t[i].parallax;e.find("rs-sbg-wrap").wrapAll('<div class="dddwrapper" style="width:100%;height:100%;position:absolute;top:0px;left:0px;overflow:hidden"></div>');var r=e[0].querySelectorAll(".rs-parallax-wrap"),o=document.createElement("div");o.className="dddwrapper-layer",o.style.width="100%",o.style.height="100%",o.style.position="absolute",o.style.top="0px",o.style.left="0px",o.style.zIndex=5,o.style.overflow=a.ddd_layer_overflow;for(var s=0;s<r.length;s++)r.hasOwnProperty(s)&&null===t.closestNode(r[s],"RS-GROUP")&&null===t.closestNode(r[s],"RS-ROW")&&o.appendChild(r[s]);e[0].appendChild(o),e.find(".rs-pxl-tobggroup").closest(".rs-parallax-wrap").wrapAll('<div class="dddwrapper-layertobggroup" style="position:absolute;top:0px;left:0px;z-index:50;width:100%;height:100%"></div>');var n=e.find(".dddwrapper"),l=e.find(".dddwrapper-layer");e.find(".dddwrapper-layertobggroup").appendTo(n),"carousel"==t[i].sliderType&&(a.ddd_shadow&&n.addClass("dddwrappershadow"),tpGS.gsap.set(n,{borderRadius:t[i].carousel.border_radius})),tpGS.gsap.set(e,{overflow:"visible",transformStyle:"preserve-3d",perspective:1600}),tpGS.gsap.set(n,{force3D:"auto",transformOrigin:"50% 50%",transformStyle:"preserve-3d",transformPerspective:1600}),tpGS.gsap.set(l,{force3D:"auto",transformOrigin:"50% 50%",zIndex:5,transformStyle:"flat",transformPerspective:1600}),tpGS.gsap.set(t[i].canvas,{transformStyle:"preserve-3d",transformPerspective:1600})};function a(i,a,r,o){e(r).find(".rs-pxl-"+i).each((function(){var e=this.className.indexOf("rs-pxmask")>=0,r=e?t.closestNode(this,"RS-PX-MASK"):t.closestClass(this,"rs-parallax-wrap");r&&(e&&!window.isSafari11&&(tpGS.gsap.set(r,{z:1}),tpGS.gsap.set(t.closestNode(r,"RS-BG-ELEM"),{z:1})),r.dataset.parallaxlevel=a.levels[i-1],r.classList.add("tp-parallax-container"),o[this.id]={tpw:r,depth:a.levels[i-1],offsv:0,offsh:0})}))}window.RS_MODULES=window.RS_MODULES||{},window.RS_MODULES.parallax={loaded:!0,version:"6.6.0"},window.RS_MODULES.checkMinimal&&window.RS_MODULES.checkMinimal()}(jQuery),function(e){"use strict";window._R_is_Editor?RVS._R=void 0===RVS._R?{}:RVS._R:window._R_is_Editor=!1;var t="power1.inOut",i="power2.inOut";jQuery.fn.revolution=jQuery.fn.revolution||{};var a=_R_is_Editor?RVS._R:jQuery.fn.revolution;_R_is_Editor&&(RVS._R.isNumeric=RVS.F.isNumeric),jQuery.extend(!0,a,{getSlideAnimationObj:function(e,t,i){var r,o={};for(var s in void 0===t.anim&&null==t.in&&(t.in="o:0"),t)if(t.hasOwnProperty(s)&&void 0!==t[s]){var n=t[s].split(";");for(var l in n)n.hasOwnProperty(l)&&void 0!==(r=n[l].split(":"))[0]&&void 0!==r[1]&&(o[s]=void 0===o[s]?{}:o[s],o[s][r[0]]="d3"===s&&"c"===r[0]?r[1]:r[1].split(",")[0])}return o.in=void 0===o.in?{}:o.in,o.anim=void 0===o.anim?{e:"basic"}:o.anim,_R_is_Editor||void 0===o.in||void 0===o.in.prst||a.loadSlideAnimLibrary(e,{key:i,prst:o.in.prst}),a[e].sbgs[i].slideanimationRebuild=!1,o},loadSlideAnimLibrary:function(e,t){void 0===a.SLTR&&!0!==a.SLTR_loading?(a.SLTR_loading=!0,jQuery.ajax({type:"post",url:a[e].ajaxUrl,dataType:"json",data:{action:"revslider_ajax_call_front",client_action:"get_transitions"},success:function(i,r,o){1==i.success&&(a.SLTR=i.transitions,void 0!==t&&a.setRandomDefaults(e,t.key,t.prst))},error:function(e){console.log("Transition Table can not be loaded"),console.log(e)}})):void 0!==t&&void 0!==a.SLTR&&a.setRandomDefaults(e,t.key,t.prst)},convertSlideAnimVals:function(e){return{anim:{eng:e.eng,ms:parseInt(e.speed,0),o:e.o,e:e.e,f:e.f,p:e.p,d:parseInt(e.d,0),adpr:e.adpr},d3:{f:e.d3.f,d:e.d3.d,z:e.d3.z,t:e.d3.t,c:e.d3.c,e:e.d3.e,fdi:e.d3.fdi,fdo:e.d3.fdo,fz:e.d3.fz,su:e.d3.su,smi:e.d3.smi,sma:e.d3.sma,sc:e.d3.sc,sl:e.d3.sl},in:{eng:e.in.eng,o:_R_is_Editor&&void 0!==e.preset&&0===e.preset.indexOf("rnd")?0:a.valBeau(e.in.o),x:a.valBeau(e.in.x),y:a.valBeau(e.in.y),r:a.valBeau(e.in.r),sx:a.valBeau(e.in.sx),sy:a.valBeau(e.in.sy),m:e.in.m,e:e.in.e,row:e.in.row,col:e.in.col,mo:"false"!==e.in.mou&&!1!==e.in.mou?a.valBeau(e.in.mo):0,moo:"false"!==e.in.mou&&!1!==e.in.mou?a.valBeau(e.in.moo):"none",mou:e.in.mou},out:void 0===e.out.a||"true"==e.out.a||!0===e.out.a?void 0:{a:c(e.out.a),o:a.valBeau(e.out.o),x:a.valBeau(e.out.x),y:a.valBeau(e.out.y),r:a.valBeau(e.out.r),sx:a.valBeau(e.out.sx),sy:a.valBeau(e.out.sy),m:e.out.m,e:e.out.e,row:a.valBeau(e.out.row),col:a.valBeau(e.out.col)},filter:{u:e.filter.u,e:e.filter.e,b:e.filter.b,g:e.filter.g,h:e.filter.h,s:e.filter.s,c:e.filter.c,i:e.filter.i},addOns:e.addOns}},setRandomDefaults:function(e,t,i){a[e].sbgs[t].random=a.getAnimObjectByKey(i,a.SLTR)},getSlideAnim_AddonDefaults:function(){var e={};for(var t in a.enabledSlideAnimAddons)e=jQuery.extend(!0,e,a[a.enabledSlideAnimAddons[t]].defaults());return e},getSlideAnim_EmptyObject:function(){return{speed:1e3,o:"inout",e:"basic",f:"start",p:"none",d:15,eng:"animateCore",adpr:!0,d3:{f:"none",d:"horizontal",z:300,t:0,c:"#ccc",e:"power2.inOut",fdi:1.5,fdo:2,fz:0,su:!1,smi:0,sma:.5,sc:"#000",sl:1},filter:{u:!1,e:"default",b:0,g:0,h:100,s:0,c:100,i:0},in:{o:1,x:0,y:0,r:0,sx:1,sy:1,m:!1,e:"power2.inOut",row:1,col:1,mo:80,mou:!1},out:{a:"true",o:1,x:0,y:0,r:0,sx:1,sy:1,m:!1,e:"power2.inOut",row:1,col:1},addOns:a.getSlideAnim_AddonDefaults()}},getAnimObjectByKey:function(e,t){if(a.getAnimObjectCacheKey===e)return a.getAnimObjectCache;var i;for(var r in a.getAnimObjectCacheKey=e,t)if(t.hasOwnProperty(r)&&void 0===i)for(var o in t[r])if(t[r].hasOwnProperty(o)&&void 0===i)if(e===o&&0===e.indexOf("rnd"))(i=t[r][o]).main=r,i.group=o;else for(var s in t[r][o])t[r][o].hasOwnProperty(s)&&void 0===i&&s===e&&((i=t[r][o][s]).main=r,i.group=o);return a.getAnimObjectCache=jQuery.extend(!0,{},i),i},getRandomSlideTrans:function(e,t,i){if(void 0!==a.randomSlideAnimCache&&void 0!==a.randomSlideAnimCache[e]&&void 0!==a.randomSlideAnimCache[e][t])return a.randomSlideAnimCache[e][t][Math.floor(Math.random()*a.randomSlideAnimCache[e][t].length)];for(var r in a.randomSlideAnimCache=void 0===a.randomSlideAnimCache?{}:a.randomSlideAnimCache,a.randomSlideAnimCache[e]=void 0===a.randomSlideAnimCache[e]?{}:a.randomSlideAnimCache[e],a.randomSlideAnimCache[e][t]=void 0===a.randomSlideAnimCache[e][t]?[]:a.randomSlideAnimCache[e][t],i)if(i.hasOwnProperty(r)&&"random"!==r&&"custom"!==r&&("all"==e||r==e))for(var o in i[r])if(i[r].hasOwnProperty(o)&&"icon"!==o&&(""+t=="undefined"||t.indexOf(o)>=0))for(var s in i[r][o])i[r][o].hasOwnProperty(s)&&-1==jQuery.inArray(i[r][o][s].title,["*north*","*south*","*east*","*west*"])&&a.randomSlideAnimCache[e][t].push(s);return a.randomSlideAnimCache[e][t][Math.floor(Math.random()*a.randomSlideAnimCache[e][t].length)]},cbgW:function(e,t){return _R_is_Editor?RVS.RMD.width:"carousel"===a[e].sliderType?a[e].justifyCarousel?a[e].carousel.slide_widths[void 0!==t?t:a[e].carousel.focused]:a[e].carousel.slide_width:a[e].canv.width},cbgH:function(e,t){return _R_is_Editor?RVS.RMD.height:"carousel"===a[e].sliderType?"v"!=a[e].carousel.orientation||"fullscreen"!==a[e].sliderLayout&&!a[e].infullscreenmode?!0===a[e].carousel.justify?a[e].carousel.slide_height:"fullscreen"===a[e].sliderLayout||a[e].infullscreenmode?a[e].module.height:Math.min(a[e].canv.height,a[e].gridheight[a[e].level]):a[e].carousel.slide_height:void 0!==a[e].maxHeight&&a[e].maxHeight>0&&!a[e].fixedOnTop?Math.min(a[e].canv.height,a[e].maxHeight):a[e].canv.height},valBeau:function(e){return e=(""+(e=(""+(e=(""+(e=(""+(e=(""+e).split(",").join("|"))).replace("{","ran("))).replace("}",")"))).replace("[","cyc("))).replace("]",")")},animateSlide:function(e,t){return _R_is_Editor&&RVS.F.resetSlideTL(),void 0===tpGS.eases.late&&(tpGS.CustomEase.create("late","M0,0,C0,0,0.474,0.078,0.724,0.26,0.969,0.438,1,1,1,1"),tpGS.CustomEase.create("late2","M0,0 C0,0 0.738,-0.06 0.868,0.22 1,0.506 1,1 1,1 "),tpGS.CustomEase.create("late3","M0,0,C0,0,0.682,0.157,0.812,0.438,0.944,0.724,1,1,1,1")),n(e,t)},getBasic:function(e){return jQuery.extend(!0,{attr:null==e||void 0===e.attr?["o","r","sx","sy","x","y","m","e","row","col","mo","moo"]:e.attr,in:{f:"start",m:!1,o:1,r:0,sx:1,sy:1,x:0,y:0,row:1,col:1,e:i,ms:1e3,mo:0,moo:"none"},out:{f:"start",m:!1,o:1,r:0,sx:1,sy:1,x:0,y:0,row:1,col:1,e:i,ms:1e3}},e)},playBGVideo:function(e,t,i){if(_R_is_Editor)i=void 0===i?RVS.SBGS[RVS.S.slideId].n:i;else{if(void 0===i&&(void 0===a[e].pr_next_bg||0===a[e].pr_next_bg.length))return;i=void 0===i?a[e].sbgs[void 0===t?a[e].pr_next_bg[0].dataset.key:t]:i}void 0!==i.bgvid&&i.bgvid.length>0&&(g(e,{},i,"in"),a.resetVideo(i.bgvid,e),a.playVideo(i.bgvid,e,!0),tpGS.gsap.to(i.bgvid[0],.2,{zIndex:30,display:"block",autoAlpha:1,delay:.075,overwrite:"all"}))},stopBGVideo:function(e,t,i){if(_R_is_Editor)i=void 0===i?RVS.SBGS[RVS.S.slideId].n:i;else{if(void 0===i&&(void 0===a[e].pr_next_bg||0===a[e].pr_next_bg.length))return;i=void 0===i?a[e].sbgs[void 0===t?a[e].pr_next_bg[0].dataset.key:t]:i}void 0!==i.bgvid&&i.bgvid.length>0&&(i.drawVideoCanvasImagesRecall=!1,a.stopVideo(i.bgvid,e),tpGS.gsap.to(i.bgvid[0],.2,{autoAlpha:0,zIndex:0,display:"none"}))},SATools:{getOffset:function(e,t,i,r){var o=(""+e).indexOf("%")>=0;return 0==(e=a.SATools.getSpecialValue(e,r,i))||void 0===e?0:o?t*(parseInt(e)/100):parseInt(e)},getSpecialValue:function(e,t,i,r){if(a.isNumeric(parseFloat(e,0)))return parseFloat(e,0);var o=(""+e).split("ran(").length>1?"random":(""+e).split("cyc(").length>1?"wrap":(""+e).split("(").length>1?"dir":"unknown",s=("random"===o||"wrap"===o?e.slice(4,-1):e.slice(1,-1)).split("|");if("random"===o)return tpGS.gsap.utils.random(parseFloat(s[0]),parseFloat(s.length>1?s[1]:0-s[0]));if("wrap"===o){var n=tpGS.gsap.utils.wrap(s,t);return(""+n).split("(").length>1?parseFloat(n.slice(1,-1))*i+(r?"%":""):n}return"dir"===o?parseFloat(s[0])*i+(r?"%":""):void 0}},getmDim:function(e,t,i){var r=a.cbgW(e,t),o=a.cbgH(e,t);return i.DPR=_R_is_Editor?Math.min(window.devicePixelRatio,2):a[e].DPR,a.maxDimCheck(i,r,o)},maxDimCheck:function(e,t,i){var r,o;void 0!==e.video&&("img"===e.video.tagName||null==e.video.videoWidth||e.video.videoWidth);if("animating"!==e.currentState&&null==e.panzoom||"animating"===e.currentState&&null==e.panzoom&&(null==e.slideanimation||null==e.slideanimation.anim||"true"!==e.slideanimation.anim.adpr))if(e.DPR>1&&a.ISM&&i>1024)e.DPR=1,r=t,o=i;else{var s={w:null==e.video||e.isVidImg||0==e.video.videoWidth?e.loadobj.width:e.video.videoWidth,h:null==e.video||e.isVidImg||0==e.video.videoHeight?e.loadobj.height:e.video.videoHeight};void 0===s.w&&(s.w=e.loadobj.width),void 0===s.h&&(s.h=e.loadobj.height);var n=i/s.w,l=t/s.h,d=Math.max(n,l);if(d>e.DPR||n>=1&&l>=1?e.DPR=1:e.DPR>d&&(e.DPR=Math.min(e.DPR,e.DPR/d)),r=t*e.DPR,o=i*e.DPR,e.DPR>1){var c=t/i;s.w>s.h&&s.w<r?(o=(r=Math.max(r,s.w))/c,e.DPR=1):s.h>s.w&&s.h<o&&(r=(o=Math.max(o,s.h))*c,e.DPR=1)}}else e.DPR=1,r=t,o=i;return{width:Math.round(r),height:Math.round(o),w:t,h:i}},updateSlideBGs:function(e,t,i,r){if(_R_is_Editor)i=void 0===i?RVS.SBGS[RVS.S.slideId].n:i;else{if(void 0===i&&(void 0===a[e].pr_next_bg||0===a[e].pr_next_bg.length))return;i=void 0===i?a[e].sbgs[void 0===t?a[e].pr_next_bg[0].dataset.key:t]:i}(r=void 0!==i.mDIM&&r)||(i.mDIM=a.getmDim(e,i.skeyindex,i)),void 0!==i.video?("IMG"!==i.video.tagName&&(i.isVidImg=""),i.cDIMS=a.getBGCanvasDetails(e,i),i.canvas.width=i.mDIM.width,i.canvas.height=i.mDIM.height,i.ctx.clearRect(0,0,i.mDIM.width,i.mDIM.height),i.ctx.drawImage(i.shadowCanvas,0,0)):(i.cDIMS=a.getBGCanvasDetails(e,i,r),i.canvas.width=i.mDIM.width,i.canvas.height=i.mDIM.height,"panzoom"===i.currentState||"animating"===i.currentState||void 0===i.currentState&&!_R_is_Editor&&"carousel"!=a[e].sliderType||(i.ctx.clearRect(0,0,i.mDIM.width,i.mDIM.height),0!==i.shadowCanvas.width&&0!==i.shadowCanvas.height&&i.ctx.drawImage(i.shadowCanvas,0,0))),"animating"===i.currentState&&"carousel"!==a[e].sliderType&&a.animatedCanvasUpdate(e,i)},addCanvas:function(){var e=document.createElement("canvas");return x=e.getContext("2d"),e.style.background="transparent",e.style.opacity=1,x},updateVideoFrames:function(e,t,i){if(t.now=Date.now(),t.then=void 0===t.then?t.now-500:t.then,t.elapsed=t.now-t.then,t.fps="animating"===t.currentState&&window._rs_firefox?50:33,t.elapsed>t.fps){t.then=t.now-t.elapsed%t.fps;var r="img"===t.video.tagName||null==t.video.videoWidth||0==t.video.videoWidth;void 0!==t.video&&!t.video.BGrendered&&void 0!==t.loadobj&&void 0!==t.loadobj.img||a.ISM&&a.isFirefox(e)?(t.mDIM=a.getmDim(e,t.skeyindex,t),t.pDIMS=l(t.mDIM,t,{width:t.mDIM.width,height:t.mDIM.height,x:0,y:0,contw:t.loadobj.width,conth:t.loadobj.height}),t.shadowCanvas.width!==t.mDIM.width&&(t.shadowCanvas.width=t.mDIM.width),t.shadowCanvas.height!==t.mDIM.height&&(t.shadowCanvas.height=t.mDIM.height),t.shadowCTX.drawImage(t.loadobj.img,t.pDIMS.x,t.pDIMS.y,t.pDIMS.width,t.pDIMS.height)):((i||void 0===t.sDIMS||r!==t.isVidImg||0===t.sDIMS.width||0===t.sDIMS.height)&&(t.isVidImg=r,t.mDIM=a.getmDim(e,t.skeyindex,t),t.sDIMS=l(t.mDIM,t,{width:t.mDIM.width,height:t.mDIM.height,x:0,y:0,contw:t.isVidImg?t.loadobj.width:t.video.videoWidth,conth:t.isVidImg?t.loadobj.height:t.video.videoHeight})),void 0!==t.sDIMS&&0!==t.sDIMS.width&&0!==t.sDIMS.height&&("animating"===t.currentState?(t.shadowCanvas.width!==t.mDIM.width&&(t.shadowCanvas.width=t.mDIM.width),t.shadowCanvas.height!==t.mDIM.height&&(t.shadowCanvas.height=t.mDIM.height),t.shadowCTX.drawImage(t.video,t.sDIMS.x,t.sDIMS.y,t.sDIMS.width,t.sDIMS.height)):void 0===t.animateDirection&&(t.canvas.width!==t.mDIM.width&&(t.canvas.width=t.mDIM.width),t.canvas.height!==t.mDIM.height&&(t.canvas.height=t.mDIM.height),t.ctx.drawImage(t.video,t.sDIMS.x,t.sDIMS.y,t.sDIMS.width,t.sDIMS.height)),t.shadowCanvas_Drawn=!0))}(i||t.drawVideoCanvasImagesRecall&&"animating"===t.currentState||"animating"===t.currentState&&void 0===t.shadowCanvas_Drawn)&&window.requestAnimationFrame((function(){a.updateVideoFrames(e,t)}))},createOverlay:function(e,t,i,r){if("none"===t)return"none";i=void 0===i?1:i;r=void 0===r?{0:"rgba(0, 0, 0, 0)",1:"rgba(0, 0, 0, 1)"}:r;var o={none:[[0]],1:[[1,0],[0,0]],2:[[1,0,0],[0,0,0],[0,0,0]],3:[[1,0,0,0],[0,0,0,0],[0,0,0,0]],4:[[1],[0]],5:[[1],[0],[0]],6:[[1],[0],[0],[0]],7:[[1,0]],8:[[1,0,0]],9:[[1,0,0,0]],10:[[1,0,0,0,0],[0,1,0,1,0],[0,0,0,0,0],[0,1,0,1,0],[0,0,0,0,1]],11:[[0,0,1,0,0],[0,1,0,1,0],[1,0,0,0,1],[0,1,0,1,0],[0,0,1,0,0]],12:[[1,0,0],[0,1,0],[0,0,1]],13:[[0,0,1],[0,1,0],[1,0,0]],14:[[1,0,0,0,0],[0,1,0,0,0],[0,0,1,0,0],[0,0,0,1,0],[0,0,0,0,0]],15:[[0,0,0,0,1],[0,0,0,1,0],[0,0,1,0,0],[0,1,0,0,0],[1,0,0,0,0]],16:[[1,0,0,0,1],[0,1,0,1,0],[0,0,1,0,0],[0,1,0,1,0],[1,0,0,0,1]]},s=void 0===o[t=void 0===t?1:t]?o[2]:o[t];_R_is_Editor&&(a[e]=void 0===a[e]?{}:a[e]),a[e].patternCanvas=document.createElement("canvas"),a[e].patternCtx=a[e].patternCanvas.getContext("2d"),a[e].patternCanvas.width=s[0].length*i,a[e].patternCanvas.height=s.length*i;for(var n=0;n<s.length;n++)for(var l=0;l<s[n].length;l++)"transparent"!=r[s[n][l]]&&(a[e].patternCtx.fillStyle=r[s[n][l]],a[e].patternCtx.fillRect(l*i,n*i,i,i));return"url("+a[e].patternCanvas.toDataURL()+")"},getBGCanvasDetails:function(e,t,i){var r;return i||(t.mDIM=a.getmDim(e,t.skeyindex,t)),t.usepattern=("auto"===t.bgfit||t.bgfit.indexOf("%")>=0)&&(void 0===t.loadobj||!0!==t.loadobj.useBGColor),_R_is_Editor&&void 0===t.panzoom&&delete t.shadowCanvas,void 0===t.shadowCanvas&&(t.shadowCanvas=document.createElement("canvas"),t.shadowCTX=t.shadowCanvas.getContext("2d"),t.shadowCanvas.style.background="transparent",t.shadowCanvas.style.opacity=1),!0===t.replaceShadowCanvas||!0===t.loadobj.bgColor||!0===t.usebgColor||void 0!==t.panzoom||null!=t.isHTML5&&1!=t.poster||t.usepattern?(r={width:t.mDIM.width,height:t.mDIM.height,x:0,y:0},t.usepattern&&void 0!==t.loadobj&&void 0!==t.loadobj.img?a.getCanvasPattern(e,t,{ratio:t.loadobj.height/t.loadobj.width}):(t.loadobj.bgColor||t.usebgColor)&&(t.shadowCanvas.width!==t.mDIM.width&&(t.shadowCanvas.width=t.mDIM.width),t.shadowCanvas.height!==t.mDIM.height&&(t.shadowCanvas.height=t.mDIM.height),a.getCanvasGradients(e,t))):(r=l(t.mDIM,t,{width:t.mDIM.width,height:t.mDIM.height,x:0,y:0,contw:t.loadobj.width,conth:t.loadobj.height}),t.shadowCanvas.width!==t.mDIM.width&&(t.shadowCanvas.width=t.mDIM.width),t.shadowCanvas.height!==t.mDIM.height&&(t.shadowCanvas.height=t.mDIM.height),void 0!==t.loadobj&&void 0!==t.loadobj.img&&(t.shadowCTX.clearRect(r.x,r.y,r.width,r.height),t.shadowCTX.drawImage(t.loadobj.img,r.x,r.y,r.width,r.height)),r={width:t.mDIM.width,height:t.mDIM.height,x:0,y:0}),r},getCanvasPattern:function(e,t,i){void 0===t.patternImageCanvas&&(t.patternImageCanvas=document.createElement("canvas"),t.patternImageCTX=t.patternImageCanvas.getContext("2d"));var r=t.bgfit.split(" ");1===r.length&&(r[1]=r[0]),i.width="auto"===r[0]?t.loadobj.width:t.loadobj.width*(parseInt(r[0],0)/100),i.height="auto"===r[1]?t.loadobj.height:i.width*i.ratio,t.DPR=_R_is_Editor?Math.min(window.devicePixelRatio,2):a[e].DPR;var o=i.width/i.height;i.width=i.width*t.DPR,i.height=i.height*t.DPR,a.isIOS&&i.width*i.height>15728640&&(t.mDIM.width>t.mDIM.height?(i.width=t.mDIM.width,i.height=Math.round(t.mDIM.width/o)):(i.height=t.mDIM.height,i.width=Math.round(t.mDIM.height*o))),t.patternImageCanvas.width=i.width,t.patternImageCanvas.height=i.height,t.patternImageCTX.drawImage(t.loadobj.img,0,0,i.width,i.height),t.shadowCanvas.width!==t.mDIM.width&&(t.shadowCanvas.width=t.mDIM.width),t.shadowCanvas.height!==t.mDIM.height&&(t.shadowCanvas.height=t.mDIM.height),t.shadowCTX.clearRect(0,0,t.shadowCTX.canvas.width,t.shadowCTX.canvas.height),t.pattern=t.shadowCTX.createPattern(t.patternImageCanvas,t.bgrepeat),t.shadowCTX.fillStyle=t.pattern,t.shadowShifts={h:t.bgposition.split(" ")[0],v:t.bgposition.split(" ")[1]},t.shadowShifts.hperc=a.isNumeric(parseInt(t.shadowShifts.h))?parseInt(t.shadowShifts.h)/100*t.mDIM.width:0,t.shadowShifts.vperc=a.isNumeric(parseInt(t.shadowShifts.v))?parseInt(t.shadowShifts.v)/100*t.mDIM.height:0,t.shadowShifts.x="left"===t.shadowShifts.h?0:"center"===t.shadowShifts.h||"50%"==t.shadowShifts.h?"repeat"==t.bgrepeat||"repeat-x"==t.bgrepeat?t.mDIM.width/2-i.width/2-Math.ceil(t.mDIM.width/2/i.width)*i.width:t.mDIM.width/2-i.width/2:"right"===t.shadowShifts.h?"repeat"==t.bgrepeat||"repeat-x"==t.bgrepeat?-(i.width-t.mDIM.width%i.width):t.mDIM.width-i.width:"repeat"==t.bgrepeat||"repeat-x"==t.bgrepeat?-(i.width-t.shadowShifts.hperc%i.width):t.shadowShifts.hperc,t.shadowShifts.y="top"===t.shadowShifts.v?0:"center"===t.shadowShifts.v||"50%"==t.shadowShifts.v?"repeat"==t.bgrepeat||"repeat-y"==t.bgrepeat?t.mDIM.height/2-i.height/2-Math.ceil(t.mDIM.height/2/i.height)*i.height:t.mDIM.height/2-i.height/2:"bottom"===t.shadowShifts.v?"repeat"==t.bgrepeat||"repeat-y"==t.bgrepeat?-(i.height-t.mDIM.height%i.height):t.mDIM.height-i.height:"repeat"==t.bgrepeat||"repeat-y"==t.bgrepeat?-(i.height-t.shadowShifts.vperc%i.height):t.shadowShifts.vperc,t.shadowCTX.save(),t.shadowCTX.translate(t.shadowShifts.x,t.shadowShifts.y),t.shadowCTX.fillRect(0,0,t.mDIM.width-t.shadowShifts.x,t.mDIM.height-t.shadowShifts.y),t.shadowCTX.restore()},getCanvasGradients:function(e,t){if(t.bgcolor.indexOf("gradient")>=0){t.gradient=null==t.gradient||_R_is_Editor?a.getGradients(t.bgcolor):t.gradient,t.shadowGrd="radialGradient"===t.gradient.type?t.shadowCTX.createRadialGradient(t.mDIM.width/2,t.mDIM.height/2,0,t.mDIM.width/2,t.mDIM.height/2,Math.max(t.mDIM.width/2,t.mDIM.height/2)):a.calcLinearGradient(t.shadowCTX,t.shadowCanvas.width,t.shadowCanvas.height,t.gradient.deg);for(var i=0;i<t.gradient.stops.length;i+=2)t.shadowGrd.addColorStop(t.gradient.stops[i+1],t.gradient.stops[i]);t.shadowCTX.clearRect(0,0,t.mDIM.width,t.mDIM.height),t.shadowCTX.fillStyle=t.shadowGrd,t.shadowCTX.fillRect(0,0,t.mDIM.width,t.mDIM.height)}else t.shadowCTX.clearRect(0,0,t.mDIM.width,t.mDIM.height),t.shadowCTX.fillStyle=t.bgcolor,t.shadowCTX.fillRect(0,0,t.mDIM.width,t.mDIM.height)},cNS:function(e){var t;for(t in e.n=document.createElementNS("http://www.w3.org/2000/svg",e.n),e.v)e.n.setAttributeNS(null,t.replace(/[A-Z]/g,(function(e,t,i,a){return"-"+e.toLowerCase()})),e.v[t]);for(t in void 0!==e.c&&e.n.setAttribute("class",e.c),void 0!==e.id&&(e.n.id=e.id),void 0!==e.t&&(e.n.textContent=e.t),e.s)e.s.hasOwnProperty(t)&&(e.n.style[t]=e.s[t]);return e.n},rgbToHex:function(e){return"#"+p(e[0])+p(e[1])+p(e[2])},getSVGGradient:function(e){if(void 0===e)return e;if(_R_is_Editor&&(e=RSColor.convert(e)),-1==e.indexOf("gradient"))return e;var t=a.getGradients(e);void 0===a.gradSVG&&(a.gradSVG=a.cNS({n:"svg",id:"tp_svg_gradients",s:{width:"100%",height:"100%",opacity:0,pointerEvents:"none"}}),a.gradSVG.setAttribute("viewBox","0 0 1 1"),a.gradSVG.setAttribute("preserveAspectRatio","none"),document.body.appendChild(a.gradSVG),a.svgGradients=[]);for(var i=!1,r=JSON.stringify(e),o=0;o<a.svgGradients.length;o++)i||a.svgGradients[o].src==r&&(i=!0,e=a.svgGradients[o].url);if(!i){var s,n,l,d="radialGradient"===t.type?0:t.deg*(Math.PI/180),c="radialGradient"===t.type?0:{x1:Math.round(50+50*Math.sin(d))+"%",y1:Math.round(50+50*Math.cos(d))+"%",x2:Math.round(50+50*Math.sin(d+Math.PI))+"%",y2:Math.round(50+50*Math.cos(d+Math.PI))+"%"};l=a.cNS({n:t.type,id:"tp_svg_gradient_"+a.svgGradients.length,v:"radialGradient"===t.type?void 0:{gradientUnits:"userSpaceOnUse",x1:c.x1,y1:c.y1,x2:c.x2,y2:c.y2}});for(var p=0;p<=t.stops.length/2;p+=2)n=tpGS.gsap.utils.splitColor(t.stops[p]),s=a.cNS({n:"stop",v:{offset:100*t.stops[p+1]+"%",stopColor:a.rgbToHex(n),stopOpacity:n.length>3?n[3]:1}}),l.appendChild(s);a.gradSVG.appendChild(l),e="url(#tp_svg_gradient_"+a.svgGradients.length+")",a.svgGradients.push({url:e,src:r,g:l})}return e},getGradients:function(e){return e.indexOf("radial-gradient")>=0?{stops:a.getGradientColorStopPoints(e.split("radial-gradient(ellipse at center, ")[1]),type:"radialGradient",deg:0}:-1!==e.indexOf("gradient")?a.getLinearGradientStops(e):e},getLinearGradientStops:function(e){var t=e.split("linear-gradient(")[1];_R_is_Editor&&(t=(t=t.split(", ").join(",")).split(",rgba").join(", rgba"));var i=t.split("deg, ");for(var a in t=(i.length>1?i[1]:i[0]).split(" "),i=i.length>1?i[0]:180,t)t.hasOwnProperty(a)&&t[a].indexOf("%")>=0&&(t[a]=""+Math.round(100*parseFloat(t[a].split("%,")[0].split("%)")[0]))/1e4);return{stops:t,deg:i,type:"linearGradient"}},getGradientColorStopPoints:function(e){var t=/rgb([\s\S]*?)%/g,i=[],a=[];do{(o=t.exec(e))&&i.push(o[0])}while(o);for(var r=0;r<i.length;r++){var o=i[r],s=(e=/rgb([\s\S]*?)\)/.exec(o),/\)([\s\S]*?)%/.exec(o));e[0]&&(e=e[0]),s[1]&&(s=s[1]),a.push(e),a.push(parseFloat(s)/100)}return a},calcLinearGradient:function(e,t,i,a){a=a*Math.PI/180+Math.PI/2;for(var r,o,s,n,l=t/2,d=i/2,c=Math.sqrt(l*l+d*d),p={x1:Math.cos(a)*c+l,y1:Math.sin(a)*c+d,x2:l,y2:d},g=[h({x:0,y:0},a),h({x:t,y:0},a),h({x:t,y:i},a),h({x:0,y:i},a)],v=[],f=0;f<g.length;f++)v.push(m(g[f],p));if(u(l,d,v[0].x,v[0].y)>u(l,d,v[1].x,v[1].y)?(r=v[0].x,o=v[0].y):(r=v[1].x,o=v[1].y),u(l,d,v[2].x,v[2].y)>u(l,d,v[3].x,v[3].y)?(s=v[2].x,n=v[2].y):(s=v[3].x,n=v[3].y),Math.round(100*Math.atan2(d-o,l-r))/100===Math.round(a%(2*Math.PI)*100)/100){var y=r,w=o;r=s,o=n,s=y,n=w}return e.createLinearGradient(Math.round(r),Math.round(o),Math.round(s),Math.round(n))},transitions:{filter:{update:function(e,t,i){if(void 0!==e&&void 0!==e.tl){var a=void 0!==i||void 0!==e.tl.blur?" blur("+(void 0!==i?i:0+e.tl.blur!==void 0?e.tl.blur:0)+"px)":"";t.canvas.style.filter=void 0===e.tl.filter?""+a:e.tl.filter+a}},extendTimeLine:function(e,t,i){if(null!=t){var a=void 0!==t.g&&"0%"!==t.g&&0!==t.g?(""===a?"":" ")+"grayscale(_g_%)":"";a+=void 0!==t.h&&"100%"!==t.h&&100!==t.h?(""===a?"":" ")+"brightness(_h_%)":"",a+=void 0!==t.s&&"0px"!==t.s&&0!==t.s?(""===a?"":" ")+"sepia(_s_%)":"",a+=void 0!==t.c&&100!==t.c?(""===a?"":" ")+"contrast(_c_%)":"",""!==(a+=void 0!==t.i&&0!==t.i?(""===a?"":" ")+"invert(_i_%)":"")&&(t.tl={filter:a.replace("_g_",parseFloat(t.g)).replace("_h_",parseFloat(t.h)).replace("_s_",parseFloat(t.s)).replace("_c_",parseFloat(t.c)).replace("_i_",parseFloat(t.i))}),void 0!==t.b&&"0px"!==t.b&&0!==t.b&&(void 0===t.tl?t.tl={blur:parseFloat(t.b)}:t.tl.blur=parseFloat(t.b)),void 0!==t.tl&&(e.add(tpGS.gsap.to(t.tl,t.ms/t.sec,void 0===t.tl.filter?{blur:0}:void 0===t.tl.blur?{filter:a.replace("_g_","0").replace("_h_","100").replace("_s_","0").replace("_c_",100).replace("_i_",0),ease:t.e}:{blur:0,filter:a.replace("_g_","0").replace("_h_","100").replace("_s_","0").replace("_c_",100).replace("_i_",0),ease:t.e}),0),i.canvasFilter=!0)}}},slidingoverlay:{getBasic:function(){return a.getBasic({attr:["x","y"],in:{m:!0,o:-1,_xy:20,_gxys:10,_gxye:-10,zIndex:20,e:t},out:{m:!0,reversed:!1,_xy:-100,o:0,zIndex:10,e:t}})},updateAnim:function(e,t,i){var r=void 0!==t.in.x&&0!==t.in.x&&"0%"!==t.in.x?"x":"y";t.in["g"+r+"s"]=a.SATools.getOffset(t.in[r],t.in._gxys,i,1)+"%",t.in["g"+r+"e"]=a.SATools.getOffset(t.in[r],t.in._gxye,i,1)+"%",t.out[r]=a.SATools.getOffset(t.in[r],t.out._xy,i,1)+"%",t.in[r]=a.SATools.getOffset(t.in[r],t.in._xy,i,1)+"%";var o=parseInt(t.in[r])>=0;return t.in.d="x"===r?o?"left":"right":o?"up":"down",t},beforeDraw:function(e,t,i,a){void 0!==i.d&&(i._dxs="right"===i.d?0+i.mw:"left"===i.d?0-i.mw:0,i._dys="down"===i.d?0+i.mh:"up"===i.d?0-i.mh:0,i._xs="left"===i.d?0-i.mw:0,i._ys="up"===i.d?0-i.mh:0,i._xe="right"===i.d?a.SLOT.OW+i.mw:"left"===i.d?a.SLOT.OW-i.mw:a.SLOT.OW,i._ye="down"===i.d?a.SLOT.OH+i.mh:"up"===i.d?a.SLOT.OH-i.mh:a.SLOT.OH,t.beginPath(),t.rect("left"===i.d?Math.max(0,i._xs):"right"===i.d?Math.min(0,i._xs):0,"up"===i.d?Math.max(0,i._ys):"down"===i.d?Math.min(0,i._ys):0,"left"===i.d?Math.max(a.SLOT.OW,i._xe):"right"===i.d?Math.min(a.SLOT.OW,i._xe):i._xe,"up"===i.d?Math.max(a.SLOT.OH,i._ye):"down"===i.d?Math.min(a.SLOT.OH,i._ye):i._ye),t.clip())},afterDraw:function(e,t,i,a,r){void 0!==i.d&&(t.save(),t.beginPath(),t.rect(Math.max(0,i._dxs),Math.max(0,i._dys),i._xe,i._ye),t.clip(),t.save(),t.transform(r.csx,r.ssx,r.ssy,r.csy,.5*a.SLOT.OW+i.x+i.sgx,.5*a.SLOT.OH+i.y+i.sgy),t.drawImage(void 0!==a.shadowCanvas?a.shadowCanvas:a.loadobj.img,0,0,a.SLOT.OW,a.SLOT.OH,i.sgx-a.SLOT.OW/2,i.sgy-a.SLOT.OH/2,a.SLOT.OW,a.SLOT.OH),t.restore(),t.fillStyle="rgba(0,0,0,0.6)",t.fillRect(i.gx,i.gy,a.SLOT.OW,a.SLOT.OH),t.restore())},extendTimeLine:function(e,t,i,r,o,s){"in"!==o.direction||void 0===r.gxe&&void 0===r.gye||(jQuery.extend(!0,i[0],{d:r.d,gx:void 0===r.gxs?0:2*a.SATools.getOffset(r.gxs,s.width,o.sdir,0),gy:void 0===r.gys?0:2*a.SATools.getOffset(r.gys,s.height,o.sdir,0),sgx:void 0===r.gxs?0:a.SATools.getOffset(r.gxs,s.width,o.sdir,0),sgy:void 0===r.gys?0:a.SATools.getOffset(r.gys,s.height,o.sdir,0),mw:0-s.width,mh:0-s.height}),t.add(tpGS.gsap.to(i,r.ms/r.sec,{gx:void 0===r.gxe?0:2*a.SATools.getOffset(r.gxe,s.width,o.sdir,0),gy:void 0===r.gye?0:2*a.SATools.getOffset(r.gye,s.height,o.sdir,0),sgx:void 0===r.gxe?0:2*a.SATools.getOffset(r.gxe,s.width,o.sdir,0),sgy:void 0===r.gye?0:2*a.SATools.getOffset(r.gye,s.height,o.sdir,0),mw:s.width,mh:s.height,ease:r.e}),0))}},motionFilter:{init:function(e,t){return void 0!==t&&parseFloat(t)>0?(t=parseFloat(t),e.fmExists=!0,e.fmShadow=void 0===e.fmShadow?document.createElement("canvas"):e.fmShadow,e.fmCtx=e.fmShadow.getContext("2d"),e.fmShadow.width=e.ctx.canvas.width,e.fmShadow.height=e.ctx.canvas.height,e.fmCtx.globalAlpha=tpGS.gsap.utils.mapRange(100,0,40,0,t)/100,e.fmCtx.clearRect(0,0,e.ctx.canvas.width,e.ctx.canvas.height)):e.fmExists=!1,t},render:function(e,t){"partial"===t&&(e.fmCtx.globalCompositeOperation="source-over"),e.fmCtx.drawImage(e.canvas,0,0,e.canvas.width,e.canvas.height),e.ctx.clearRect(0,0,e.canvas.width,e.canvas.height),e.ctx.drawImage(e.fmCtx.canvas,0,0,e.canvas.width,e.canvas.height),"partial"===t&&(e.fmCtx.globalCompositeOperation="source-atop"),"partial"!==t&&"full"!==t||(e.fmCtx.fillStyle="rgba(255, 255, 255, 0.1)",e.fmCtx.fillRect(0,0,e.canvas.width,e.canvas.height))},clearFull:function(e,t){e.fmExists&&void 0!==e.fmCtx&&(e.ctx.clearRect(0,0,e.canvas.width,e.canvas.height),e.fmCtx.clearRect(0,0,e.canvas.width,e.canvas.height),void 0!==t&&t.render(t.time(),!0,!0))},complete:function(e){e.fmShadow&&e.fmShadow.remove()}},d3:{ticker:function(e,t,i){if(void 0!==e.helper){var a=e.smi*("in"===i?e.helper.oo:e.helper.o),r=e.sma*("in"===i?e.helper.oo:e.helper.o);if(e.gradient="vertical"===e.d?"in"===i?t.ctx.createLinearGradient(0,0,0,t.canvas.height):t.ctx.createLinearGradient(0,t.canvas.height,0,0):"in"===i?t.ctx.createLinearGradient(0,0,t.canvas.width,0):t.ctx.createLinearGradient(t.canvas.width,0,0,0),e.gradient.addColorStop(0,"rgba("+e.sc+","+a+")"),e.gradient.addColorStop(e.sl,"rgba("+e.sc+","+r+")"),t.ctx.fillStyle=e.gradient,t.ctx.fillRect(0,0,t.canvas.width,t.canvas.height),void 0!==t.cube&&t.cube.ctx){var o=void 0!==e.roomhelper&&!1!==e.roomhelper&&(90-e.roomhelper.r)/90;a=!1!==o?o:e.smi*e.helper.o,r=!1!==o?o:e.sma*e.helper.o,t.cube.ctx.clearRect(0,0,t.cube.ctx.canvas.width,t.cube.ctx.canvas.height),e.gradientW=!1!==o?"vertical"===e.d?e.t<0&&1===e.sdir||e.t>0&&-1===e.sdir?t.ctx.createRadialGradient(0,t.cube.ctx.canvas.width/2,0,0,0,2*t.cube.ctx.canvas.width):t.ctx.createRadialGradient(t.cube.ctx.canvas.width,0,0,0,0,2*t.cube.ctx.canvas.width):e.t>0&&1===e.sdir||e.t<0&&-1===e.sdir?t.ctx.createRadialGradient(t.cube.ctx.canvas.width/2,t.cube.ctx.canvas.height,0,t.cube.ctx.canvas.width/2,t.cube.ctx.canvas.height,t.cube.ctx.canvas.width):t.ctx.createRadialGradient(t.cube.ctx.canvas.width/2,.2*t.cube.ctx.canvas.height,0,t.cube.ctx.canvas.width/2,.2*t.cube.ctx.canvas.height,t.cube.ctx.canvas.width):"vertical"===e.d?t.ctx.createLinearGradient(0,0,0,t.cube.ctx.canvas.height):t.ctx.createLinearGradient(0,0,t.cube.ctx.canvas.width,0),e.gradientW.addColorStop(0,"rgba("+e.sc+","+(!1!==o?"a"===e.DIR?r:0:"a"===e.DIR?0:r)+")"),e.gradientW.addColorStop(1,"rgba("+e.sc+","+(!1!==o?"a"===e.DIR?0:r:"a"===e.DIR?r:0)+")"),t.cube.ctx.fillStyle=e.gradientW,t.cube.ctx.fillRect(0,0,t.cube.ctx.canvas.width,t.cube.ctx.canvas.height)}}},setWall:function(e,t,i,a,r,o){return e.TL=tpGS.gsap.timeline(),e.TL.add(tpGS.gsap.to(e.c,.2,{display:"block"}),0),"rotationX"===i?(e.ctx.canvas.width=a.w,e.ctx.canvas.height=a.w,e.TL.add(tpGS.gsap.set(e.w,{backgroundColor:r,width:a.w,height:a.w,transformOrigin:"50% 50% -"+a.w/2+"px",x:0,y:t>0?-(a.w-a.h):0,rotationX:t>0?-90:90,rotationY:0}),0)):(e.ctx.canvas.width=o?a.w:a.h,e.ctx.canvas.height=a.h,e.TL.add(tpGS.gsap.set(e.w,{backgroundColor:r,width:o?a.w:a.h,height:a.h,transformOrigin:"50% 50% -"+(o?a.w:a.h)/2+"px",x:t<0?a.w-a.h:0,y:0,rotationX:0,rotationY:t>0?-90:90}),0)),e.TL},buildCube:function(e){e.cube={c:document.createElement("div"),w:document.createElement("canvas")},e.cube.ctx=e.cube.w.getContext("2d"),e.cube.c.className="rs_fake_cube",e.cube.w.className="rs_fake_cube_wall",tpGS.gsap.set(e.cube.c,{width:e.mDIM.w,height:e.mDIM.h}),tpGS.gsap.set(e.cube.w,{width:e.mDIM.w,height:e.mDIM.h,backgroundColor:"#ccc"}),e.cube.c.appendChild(e.cube.w),e.sbg.appendChild(e.cube.c)},cubeTL:function(e,t,i,r){if("none"!==t.f&&void 0!==t.f){i.sbg.style.transformStyle="preserve-3d";var o=tpGS.gsap.timeline(),s="incube"===t.f?1:-1,n="incube"===t.f||"cube"===t.f,l="fly"===t.f?-30:90,d="turn"!==t.f&&!1!==t.t&&(_R_is_Editor||!0===a[e].firstSlideAnimDone),c=-1*t.z,p={},g={z:d?0:c,ease:"power1.inOut"},u={ease:t.e},h=[i.canvas],m=n?"50% 50% ":"20% 20% ",v="rotationX",f="rotationY",y="y",w="height",b=t.fd;if("vertical"!==t.d?(v="rotationY",f="rotationX",y="x",w="width",t.DIR=1===t.sdir?"b":"a"):t.DIR=1===t.sdir?"a":"b",w="width"===w?"w":"height"===w?"h":w,"turn"===t.f?(l="vertical"===t.d?-120:120,m="vertical"===t.d?1===t.sdir?"in"===r?"0% 0% 0%":"0% 100% 0%":"in"===r?"0% 100% 0%":"0% 0% 0%":1===t.sdir?"in"===r?"0% 0% 0%":"100% 0% 0%":"in"===r?"100% 0% 0%":"0% 0% 0%",g.z=0,u.ease="out"===r?"power3.out":u.ease,b="out"===r?b/2:b):m+=s*i.mDIM[w]/2+"px",u[v]=0,u[y]=0,"in"===r?p[v]=l*t.sdir:u[v]=-l*t.sdir,"fly"===t.f){var _=void 0===t.fz?20*Math.random()-10:parseInt(t.fz);"in"===r?(p[y]=i.mDIM[w]*(void 0===t.fdi?1.5:parseFloat(t.fdi))*t.sdir,p.rotateZ=t.sdir*_,u.rotateZ=0):(u[y]=i.mDIM[w]*(void 0===t.fdo?2:parseFloat(t.fdo))*t.sdir*-1,u.rotateZ=t.sdir*_*-1)}if(i.sbg.style.perspective=d?"2500px":"1500px",d){var S={z:c*("fly"===t.f?1.5:3),ease:"power1.inOut"},x={z:0,ease:"power1.inOut"};S[f]=-1*t.t,x[f]=0,t.roomhelper={r:0},o.add(tpGS.gsap.set(_R_is_Editor?RVS.SBGS[RVS.S.slideId].wrap:i.wrap[0],{perspective:1200,transformStyle:"preserve-3d",transformOrigin:m}),0),o.add(tpGS.gsap.to(i.sbg,3*t.md,S),0),o.add(tpGS.gsap.to(i.sbg,3*t.md,x),b-t.md),o.add(tpGS.gsap.to(t.roomhelper,3*t.md,{r:Math.abs(t.t)}),0),o.add(tpGS.gsap.to(t.roomhelper,3*t.md,{r:0}),b-t.md),"in"===r&&1!==s&&n&&(void 0===i.cube&&a.transitions.d3.buildCube(i),o.add(a.transitions.d3.setWall(i.cube,S[f],f,i.mDIM,t.c),0),h.push(i.cube.c))}else t.roomhelper=!1,o.add(tpGS.gsap.set(_R_is_Editor?RVS.SBGS[RVS.S.slideId].wrap:i.wrap[0],{perspective:"none",transformStyle:"none",transformOrigin:"50% 50%"}),0),!_R_is_Editor&&!0!==a[e].firstSlideAnimDone&&n&&(void 0===i.cube&&a.transitions.d3.buildCube(i),o.add(a.transitions.d3.setWall(i.cube,p[v],v,i.mDIM,t.c,!0),0),o.add(tpGS.gsap.fromTo(i.cube.w,4*t.md,{opacity:0},{opacity:1}),0),h.push(i.cube.c));return t.helper={o:0,oo:1},o.add(tpGS.gsap.to(t.helper,b,{o:1,oo:0,ease:t.e}),t.md+0),o.add(tpGS.gsap.set(h,jQuery.extend(!0,{},p,{force3D:!0,transformOrigin:m})),0),"turn"!==t.f&&o.add(tpGS.gsap.to(h,3*t.md,g),0),o.add(tpGS.gsap.to(h,b,u),t.md+0),"turn"!==t.f&&o.add(tpGS.gsap.to(h,3*t.md,{z:0,ease:"power1.inOut"}),b-t.md),"out"===r&&1!==s&&o.add(tpGS.gsap.to(h,2*t.md,{opacity:0}),t.dur-2*t.md),o}}}},animatedCanvasUpdate:function(e,t){t.cDIMS=a.getBGCanvasDetails(e,t),t.canvas.style.backgroundColor="transparent",t.canvas.style.opacity=1,t.canvas.width!==t.mDIM.width&&(t.canvas.width=t.mDIM.width),t.canvas.height!==t.mDIM.height&&(t.canvas.height=t.mDIM.height),_R_is_Editor||!0!==a[e].clearModalBG||(t.ctx.clearRect(0,0,t.canvas.width,t.canvas.height),a[e].clearModalBG=!1,t.sbg.parentNode.style.opacity=1),t.col=Math.min(t.col||1,Math.max(t.canvas.width-10,1)),t.row=Math.min(t.row||1,Math.max(t.canvas.height-10,1)),t.SLOT=jQuery.extend(!0,{s:{},c:{}},o(e,t.col,t.row,t.mDIM,"OW","OH")),t.SLOT.DX=0-t.SLOT.OW/2,t.SLOT.DY=0-t.SLOT.OH/2,t.row=Math.ceil(t.mDIM.height/t.SLOT.OH)||1,void 0!==t.callFromAnimatedCanvasUpdate&&t.callFromAnimatedCanvasUpdate()},slideAnimFinished:function(e,t,i,r){void 0!==t&&(void 0!==t.bgvid&&t.bgvid.length>0&&"out"===i.direction&&(t.drawVideoCanvasImagesRecall=!1,a.stopVideo(t.bgvid,e),t.bgvid[0].style.display="none",t.bgvid[0].style.zIndex=0),t.panFake&&t.panFake.img&&("out"===i.direction?t.panFake.img.style.display="none":t.panFake.img.style.display="block"),"in"===i.direction&&(a.transitions.motionFilter.complete(t),t.ctx.canvas.style.filter="none",tpGS.gsap.set(i.slide,{zIndex:20}),delete t.animateDirection,t.bgvid.length>0&&(t.isHTML5?tpGS.gsap.set(t.bgvid[0],{zIndex:30,display:"block",opacity:1}):(a.resetVideo(t.bgvid,e),tpGS.gsap.delayedCall(.1,(function(){a.playVideo(t.bgvid,e,!0),tpGS.gsap.set(t.bgvid[0],{zIndex:30,display:"block",opacity:1})}))))),"out"===i.direction?(tpGS.gsap.set(i.slide,{zIndex:10}),tpGS.gsap.set(t.canvas,{rotationX:0,rotationY:0,rotationZ:0,x:0,y:0,z:0,opacity:1}),t.currentState=void 0):t.currentState="idle",void 0!==t.cube&&(t.cube.c.style.display="none"),"in"===i.direction&&(a.updateSlideBGs(e,t.skeyindex,t),void 0===t.panzoom||_R_is_Editor||a.startPanZoom(a[e].pr_next_bg,e,void 0!==a[e].panzoomTLs[t.skeyindex]?a[e].panzoomTLs[t.skeyindex].progress():0,t.skeyindex,"play",t.key),void 0!==i.BG&&!0!==r&&i.BG.ctx.clearRect(0,0,2*t.canvas.width,2*t.canvas.height)))},animateCore:function(e,t,i,r){var o,s,n,l,d=t.canvas,c=t.ctx,p=0;if(t.col=i.col,t.row=i.row,_R_is_Editor&&t.three){for(t.canvas.style.display="block";t.three.scene.children.length>0;)t.three.scene.remove(t.three.scene.children[0]);t.three.canvas.parentNode.removeChild(t.three.canvas),t.three=void 0}a.animatedCanvasUpdate(e,t),i.row=t.row,t.animateDirection=r.direction,r.delay=void 0===r.delay?0:r.delay,n=i.col*i.row,l=Array(n),void 0===t.help_canvas&&"out"===r.direction&&void 0!==r.bgColor&&(t.help_canvas=document.createElement("canvas"),t.help_ctx=t.help_canvas.getContext("2d"),t.help_canvas.style.backgroundColor="transparent"),"out"===r.direction&&void 0!==r.bgColor&&(t.help_canvas.width=t.mDIM.width,t.help_canvas.height=t.mDIM.height,t.help_ctx.fillStyle=r.bgColor,t.help_ctx.fillRect(0,0,t.mDIM.width,t.mDIM.height)),i.mo=a.transitions.motionFilter.init(t,i.mo),i.dur=i.ms/i.sec,void 0!==r.d3&&(r.d3.dur=i.dur,r.d3.fd=.7*i.dur,r.d3.md=.15*i.dur,r.d3.sdir=r.sdir),t.SLOT.c={ws:0,hs:0,wd:0,hd:0},i.mo>0&&_R_is_Editor&&c.clearRect(0,0,d.width,d.height);var g=tpGS.gsap.timeline({onUpdate:function(){if(p=0,i.mo>0?a.transitions.motionFilter.render(t,i.moo):c.clearRect(0,0,d.width,d.height),t.help_canvas&&"out"===r.direction&&c.drawImage(t.help_canvas,0,0),(r.filter&&r.filter.u||!_R_is_Editor)&&a.transitions.filter.update(r.filter,c,t.canvasFilterBlur),_R_is_Editor&&0!==i.zIndex&&void 0!==i.zIndex&&tpGS.gsap.set(r.slide,{zIndex:i.zIndex}),void 0!==t.shadowCanvas)for(o=0;o<i.col;o++)for(t.SLOT.SX=t.SLOT.OW*o,t.SLOT.tw=t.SLOT.OW*(o+.5),t.SLOT.c.wd=t.mDIM.width-(t.SLOT.tw+t.SLOT.DX+t.SLOT.OW),t.SLOT.c.wd=t.SLOT.c.wd<0?t.SLOT.c.wd:0,t.SLOT.DW=t.SLOT.SW=t.SLOT.OW+t.SLOT.c.wd,s=0;s<i.row;s++){c.save();var n=-Math.PI/180*l[p].r,g=0!==i.r?Math.cos(n)*l[p].sx:l[p].sx,u=0!==i.r?Math.cos(n)*l[p].sy:l[p].sy,h=0!==i.r?Math.sin(n)*l[p].sx:0,m=0!==i.r?Math.sin(n)*-l[p].sy:0;t.SLOT.SY=t.SLOT.OH*s,t.SLOT.th=t.SLOT.OH*(s+.5),a.transitions[r.effect]&&a.transitions[r.effect].beforeDraw&&a.transitions[r.effect].beforeDraw(e,c,l[p],t),i.m&&(c.beginPath(),c.rect(t.SLOT.OW*o,t.SLOT.OH*s,t.SLOT.OW,t.SLOT.OH),c.clip()),c.transform(g,h,m,u,t.SLOT.tw+l[p].x,t.SLOT.th+l[p].y),c.globalAlpha=Math.max(0,l[p].o),t.SLOT.c.hd=t.mDIM.height-(t.SLOT.th+t.SLOT.DY+t.SLOT.OH),t.SLOT.c.hd=t.SLOT.c.hd<0?t.SLOT.c.hd:0,t.SLOT.DH=t.SLOT.SH=t.SLOT.OH+t.SLOT.c.hd,t.SLOT.SW>1&&t.SLOT.SH>1&&c.drawImage(t.shadowCanvas,t.SLOT.SX,t.SLOT.SY,t.SLOT.SW,t.SLOT.SH,t.SLOT.DX,t.SLOT.DY,t.SLOT.DW,t.SLOT.DH),c.restore(),a.transitions[r.effect]&&a.transitions[r.effect].afterDraw&&a.transitions[r.effect].afterDraw(e,c,l[p],t,{csx:g,csy:u,ssx:h,ssy:m}),p++}void 0!==r.d3&&r.d3.su&&a.transitions.d3.ticker(r.d3,t,r.direction),t.currentState="animating"},onComplete:function(){a.slideAnimFinished(e,t,r)}});if(i.col*i.row<2&&(i.f="start"),0!==i.zIndex&&void 0!==i.zIndex&&g.add(tpGS.gsap.set(r.slide,{zIndex:parseInt(i.zIndex,0)}),0),i.m="false"!=i.m&&!1!==i.m,"in"===r.direction){for(o=0;o<n;o++)l[o]={x:a.SATools.getOffset(i.x,i.m?t.SLOT.OW:t.mDIM.width,r.sdir,o),y:a.SATools.getOffset(i.y,i.m?t.SLOT.OH:t.mDIM.height,r.sdir,o),o:a.SATools.getSpecialValue(i.o,o,r.sdir),sx:a.SATools.getSpecialValue(i.sx,o,r.sdir),sy:a.SATools.getSpecialValue(i.sy,o,r.sdir),r:0!==i.r?a.SATools.getSpecialValue(i.r,o,r.sdir):0};g.add(tpGS.gsap.to(l,i.dur,{o:1,sx:1,sy:1,r:0,x:0,y:0,ease:i.e,stagger:{amount:"nodelay"===i.f?0:i.ms/i.stasec,grid:[i.col,i.row],from:"nodelay"===i.f?"start":i.f}}),r.delay),void 0!==r.d3&&g.add(a.transitions.d3.cubeTL(e,r.d3,t,"in"),0),a.transitions.filter.extendTimeLine(g,r.filter,t)}else{for(o=0;o<n;o++)l[o]={x:0,y:0,o:1,sx:1,sy:1,r:0};g.add(tpGS.gsap.to(l,i.dur,{o:function(e){return a.SATools.getSpecialValue(i.o,e,r.sdir)},sx:function(e){return a.SATools.getSpecialValue(i.sx,e,r.sdir)},sy:function(e){return a.SATools.getSpecialValue(i.sy,e,r.sdir)},r:0!==i.r&&void 0!==i.r?function(e){return a.SATools.getSpecialValue(i.r,e,r.sdir)}:0,x:function(e){return a.SATools.getOffset(i.x,i.m?t.SLOT.OW:t.mDIM.width,r.sdir,e)*(i.reversed?-1:1)},y:function(e){return a.SATools.getOffset(i.y,i.m?t.SLOT.OH:t.mDIM.height,r.sdir,e)*(i.reversed?-1:1)},ease:i.e,stagger:{amount:"nodelay"===i.f?0:i.ms/i.stasec,grid:[i.col,i.row],from:"nodelay"===i.f?"start":i.f}}),r.delay+(void 0!==i.outdelay?i.outdelay:0)),void 0!==r.d3&&g.add(a.transitions.d3.cubeTL(e,r.d3,t,"out"),0)}a.transitions[r.effect]&&a.transitions[r.effect].extendTimeLine&&a.transitions[r.effect].extendTimeLine(e,g,l,i,r,t.mDIM),_R_is_Editor?RVS.TL[RVS.S.slideId].slide.add(g,0):a[e].mtl.add(g,r.delay)}});var r=function(e,t){return void 0!==t&&a.isNumeric(t)?parseFloat(t,0):null==t||"default"===t||"d"===t?e:t},o=function(e,t,i,a,r,o){var s={};return s[r]=Math.ceil(a.width/t),s[o]=(_R_is_Editor,Math.ceil(a.height/i)),s},s=function(e){return null==e||0===e||NaN===e?1:e},n=function(e,t){_R_is_Editor||(a[e].duringslidechange=!0);var i,o=_R_is_Editor?-1:"arrow"==a[e].sc_indicator?void 0===a[e].sc_indicator_dir?a[e].sdir:a[e].sc_indicator_dir:a[e].sdir,n=!!_R_is_Editor||void 0!==a[e].pr_next_bg&&a[e].pr_next_bg.length>0&&void 0!==a[e].pr_next_bg[0],l=!!_R_is_Editor||void 0!==a[e].pr_active_bg&&a[e].pr_active_bg.length>0&&void 0!==a[e].pr_active_bg[0],c=_R_is_Editor?RVS.SBGS[RVS.S.slideId].n:n?a[e].sbgs[a[e].pr_next_bg[0].dataset.key]:void 0,p=_R_is_Editor?RVS.SBGS[RVS.S.slideId].c:l?a[e].sbgs[a[e].pr_active_bg[0].dataset.key]:void 0;o=1===o?-1:1,_R_is_Editor||(delete a[e].sc_indicator,delete a[e].sc_indicator_dir),i=jQuery.extend(!0,{},function(e,t,i){var o=void 0!==a.transitions[t.anim.e]&&void 0!==a.transitions[t.anim.e].getBasic?a.transitions[t.anim.e].getBasic():a.getBasic(),n="";for(var l in o.out=null==o.out?{}:o.out,o.out.reversed=void 0===t.out&&(void 0===o.out.reversed||o.out.reversed),void 0!==t.iw&&parseInt(t.iw,0),void 0!==t.ow&&parseInt(t.ow,0),o.attr)n=o.attr[l],o.in[n]=r(o.in[n],t.in[n]),o.out[n]=o.out.reversed?o.in[n]:void 0===t.out?o.out[n]:r(o.out[n],t.out[n]);return o.filter=void 0!==t.filter?jQuery.extend(!0,t.filter,t.filter):o.filter,a.transitions[t.anim.e]&&a.transitions[t.anim.e].updateAnim&&(o=a.transitions[t.anim.e].updateAnim(e,o,i)),o.e=t.anim.e,void 0!==o.in&&(o.in.col="random"===o.in.col?tpGS.gsap.utils.random(1,10,1):s(o.in.col),o.in.row="random"===o.in.row?tpGS.gsap.utils.random(1,10,1):s(o.in.row)),void 0!==o.out&&(o.out.col="random"===o.out.col?tpGS.gsap.utils.random(1,10,1):s(o.out.col),o.out.row="random"===o.out.row?tpGS.gsap.utils.random(1,10,1):s(o.out.row)),o}(e,t,o)),void 0!==c.random&&void 0!==a.SLTR&&void 0!==p&&(delete p.help_canvas,delete p.help_ctx),i.ms=r(void 0,void 0===t.anim.ms?1e3:t.anim.ms),i.f=r(void 0,t.anim.f),i.p=r(void 0,t.anim.p),i.d=r(void 0,t.anim.d),i.o=t.anim.o,void 0!==t.d3&&(t.d3.t=void 0!==t.d3.t&&0!==t.d3.t&&t.d3.t,t.d3.su="true"==t.d3.su||1==t.d3.su,t.d3.su&&(t.d3.smi=void 0===t.d3.smi?0:parseFloat(t.d3.smi),t.d3.sl=void 0===t.d3.sl?1:parseFloat(t.d3.sl),t.d3.sma=void 0===t.d3.sma?.5:parseFloat(t.d3.sma),t.d3.sc=void 0===t.d3.sc?"0,0,0":tpGS.gsap.utils.splitColor(t.d3.sc).join(",")),i.p="none",void 0!==i.in.row&&void 0!==i.in.col&&i.in.row*i.in.col>200&&(i.filter=void 0)),i.in.sec=void 0===i.in.sec?1e3:i.in.sec,i.in.stasec=void 0===i.in.stasec?void 0===i.d?1500:100*i.d:i.in.stasec,i.in.ms="default"===i.ms||"d"===i.ms?i.in.ms:"random"===i.ms?Math.round(1e3*Math.random()+300):null!=i.ms?parseInt(i.ms,0):i.in.ms,i.out.ms=i.in.ms,void 0!==i.filter&&(i.filter.ms=i.in.ms,i.filter.sec=i.in.sec,i.filter.e=void 0===i.filter.e||"default"===i.filter.e?i.in.e:i.filter.e),i.in.f=void 0===i.f||"default"===i.f||"d"===i.f?i.in.f:i.f,i.in.f="slidebased"===i.in.f?1==o?"start":"end":"oppslidebased"===i.in.f?1===o?"end":"start":i.in.f,i.out.f=i.in.f,i.out=jQuery.extend(!0,{},i.in,i.out),i.in.eng=i.out.eng=t.anim.eng,void 0!==i.out.eng&&null==a[i.out.eng]&&(i.out.o=0,i.in.o=0,i.in.ms=i.out.ms=1e3,i.in.eng=i.out.eng="animateCore"),void 0!==i.p&&"none"!==i.p&&(i.in.bg="dark"===i.p?"#000":"light"===i.p?"#fff":"transparent",i.out.delay="none"!==i.p?function(e,t){return e/2.5}:0,1===i.out.o&&0===i.out.x&&0===i.out.y&&(i.out.o=0)),"forceinout"===i.o?(i.in.zIndex=20,i.out.zIndex=10):"outin"!==i.o&&(1!==i.in.o||0!==i.in.x||0!==i.in.y||void 0===t.out||1===i.out.o&&0===i.out.x&&0===i.out.y)||(i.in.zIndex=10,i.out.zIndex=20),c.bgvid.length>0&&(i.in=g(e,i.in,c,"in")),l&&void 0!==p.bgvid&&p.bgvid.length>0&&(i.out=g(e,i.out,p,"out")),void 0!==i.out&&(i.out.simplify||i.in.simplify)&&(i.out=d(i.out)),i.in.simplify&&(i.in=d(i.in)),_R_is_Editor||requestAnimationFrame((function(){a.generalObserver(a.ISM,!0)})),i.in.eng=void 0===i.in.eng?"animateCore":i.in.eng,i.out.eng=void 0===i.out.eng?"animateCore":i.out.eng,l&&!0!==i.out.skip&&a[i.out.eng](e,p,i.out,{effect:i.e,slide:_R_is_Editor?RVS.SBGS[RVS.S.slideId].c.sbg:a[e].pr_active_slide,direction:"out",delay:0,bgColor:i.in.bg,sdir:o,filter:void 0,d3:t.d3,addOns:_R_is_Editor?t.addOns:void 0}),!0!==i.in.skip&&a[i.in.eng](e,c,i.in,{effect:i.e,slide:_R_is_Editor?RVS.SBGS[RVS.S.slideId].n.sbg:a[e].pr_next_slide,direction:"in",delay:l?"function"==typeof i.out.delay?i.out.delay(i.in.ms/1e3,i.out.row*i.out.col):i.out.delay:i.in.delay,BG:p,outslide:_R_is_Editor?RVS.SBGS[RVS.S.slideId].c.sbg:a[e].pr_active_slide,sdir:o,filter:i.filter,d3:t.d3,addOns:_R_is_Editor?t.addOns:void 0})},l=function(e,t,i){var r=e.height/e.width;if(i.ratio=i.conth/i.contw,i.ratio<r&&"contain"===t.bgfit||i.ratio>r&&"cover"===t.bgfit)i.height=e.width*i.ratio;else if(i.ratio>r&&"contain"===t.bgfit||i.ratio<r&&"cover"===t.bgfit)i.width=e.width*r/i.ratio;else if(i.ratio!==r||"contain"!==t.bgfit&&"cover"!==t.bgfit){var o=t.bgfit.split(" ");1===o.length&&(o[1]=o[0]),i.width="auto"===o[0]?i.contw:e.width*(parseInt(o[0],0)/100),i.height="auto"===o[1]?i.conth:i.width*i.ratio,t.usepattern=!0}else i.width=e.width;var s=function(e,t,i){return 1===(i=i.split(" ")).length&&(i[1]=i[0]),{x:"center"===i[0]||"50%"===i[0]?(e.width-t.width)/2:"left"===i[0]?0:"right"===i[0]?e.width-t.width:a.isNumeric(i[0])?0:i[0].indexOf("%")>=0?parseInt(i[0],0)/100*e.width-parseInt(i[0],0)/100*t.width:parseInt(i[0],0),y:"center"===i[1]||"50%"===i[1]?(e.height-t.height)/2:"top"===i[1]?0:"bottom"===i[1]?e.height-t.height:a.isNumeric(i[1])?0:i[1].indexOf("%")>=0?parseInt(i[1],0)/100*e.height-parseInt(i[1],0)/100*t.height:parseInt(i[1],0)}}(e,i,t.bgposition);return i.x=s.x,i.y=s.y,i},d=function(e){return e.o=0,e.r=0,e.row=1,e.col=1,e.x=0,e.y=0,e.sx=1,e.sy=1,e},c=function(e){return e="false"!==e&&!1!==e&&"off"!==e&&void 0!==e&&0!==e&&-1!==e},p=function(e){var t=e.toString(16);return 1==t.length?"0"+t:t},g=function(e,t,i,r){return t.skip=!1,"in"===r?i.isHTML5?(i.bgvid[0].style.display="none",a.resetVideo(i.bgvid,e),i.animateDirection="in",i.currentState="animating",i.drawVideoCanvasImagesRecall=!0,a.updateVideoFrames(e,i,!0),a.playVideo(i.bgvid,e)):(a[e].videos[i.bgvid[0].id].pauseCalled=!1,t.waitToSlideTrans=a[e].videos[i.bgvid[0].id].waitToSlideTrans,!0!==i.poster?(a.resetVideo(i.bgvid,e),a[e].videos[i.bgvid[0].id].prePlayForaWhile=!1,!0!==t.waitToSlideTrans&&a.playVideo(i.bgvid,e,!0),tpGS.gsap.fromTo(i.bgvid,t.ms/t.sec,{zIndex:30,display:"block",opacity:0},{opacity:1,zIndex:30,display:"block"}),i.loadobj.bgColor=!0,i.bgcolor="#000",t.simplify=!0):(a[e].videos[i.bgvid[0].id].prePlayForaWhile=!1,a.resetVideo(i.bgvid,e),a.playVideo(i.bgvid,e),i.bgvid[0].style.display="none",i.bgvid[0].style.zIndex=0,i.bgvid[0].style.opacity=0)):"out"===r&&(i.isHTML5?(i.currentState="animating",i.drawVideoCanvasImagesRecall=!0,a.updateVideoFrames(e,i,!0),window.requestAnimationFrame((function(){tpGS.gsap.to(i.bgvid,.1,{zIndex:0,display:"none"})}))):(a.stopVideo(i.bgvid,e,!0),!0!==i.poster&&(i.loadobj.bgColor=!0,i.bgcolor="#000"))),t},u=function(e,t,i,a){return Math.sqrt(Math.pow(e-i,2)+Math.pow(t-a,2))},h=function(e,t){var i=t+Math.PI/2;return{x1:e.x,y1:e.y,x2:e.x+100*Math.cos(i),y2:e.y+100*Math.sin(i)}},m=function(e,t){var i=e.y2-e.y1,a=e.x1-e.x2,r=i*e.x1+a*e.y1,o=t.y2-t.y1,s=t.x1-t.x2,n=o*t.x1+s*t.y1,l=i*s-o*a;return 0!==l&&{x:Math.round((s*r-a*n)/l*100)/100,y:Math.round((i*n-o*r)/l*100)/100}};window.RS_MODULES=window.RS_MODULES||{},window.RS_MODULES.slideanims={loaded:!0,version:"6.6.0"},window.RS_MODULES.checkMinimal&&window.RS_MODULES.checkMinimal()}(jQuery),function(e){"use strict";jQuery.fn.revolution=jQuery.fn.revolution||{};var t=jQuery.fn.revolution;function i(e){return null==e?-1:t.isNumeric(e)?e:e.split(":").length>1?60*parseInt(e.split(":")[0],0)+parseInt(e.split(":")[1],0):e}jQuery.extend(!0,t,{preLoadAudio:function(e,i){t[i].videos=void 0===t[i].videos?{}:t[i].videos,e.find(".rs-layer-audio").each((function(){var a=jQuery(this),r=t[i].videos[a[0].id]=void 0===t[i].videos[a[0].id]?f(a.data(),"audio",t.gA(e[0],"key")):t[i].videos[a[0].id],o={};0===a.find("audio").length&&(o.src=null!=r.mp4?r.mp4:"",o.pre=r.pload||"",this.id=void 0===this.id||""===this.id?a.attr("audio-layer-"+Math.round(199999*Math.random())):this.id,o.id=this.id,void 0===t[i].audioqueue&&(t[i].audioqueue=[]),t[i].audioqueue.push(o),t.manageVideoLayer(a,i,t.gA(e[0],"key"),!0))}))},preLoadAudioDone:function(e,i,a){var r=t[i].videos[e[0].id];t[i].audioqueue&&t[i].audioqueue.length>0&&jQuery.each(t[i].audioqueue,(function(e,t){r.mp4!==t.src||t.pre!==a&&"auto"!==t.pre||(t.status="loaded")}))},checkfullscreenEnabled:function(e){if(void 0!==window.fullScreen)return window.fullScreen;if(void 0!==document.fullscreen)return document.fullscreen;if(void 0!==document.mozFullScreen)return document.mozFullScreen;if(void 0!==document.webkitIsFullScreen)return document.webkitIsFullScreen;var i=t.isWebkit()&&/Apple Computer/.test(navigator.vendor)?42:5;return screen.width==t.winW&&Math.abs(screen.height-t.getWinH(e))<i},showVideo:function(e){tpGS.gsap.to(e,.3,{opacity:1,display:"block",ease:"power3.inOut"})},resetVideo:function(e,i,a){if("updateAndResize"!==a){var r=t[i].videos[e[0].id];if("resetVideo"!==r.cRS)switch(r.cRS="resetVideo",r.type){case"youtube":r.rwd&&null!=r.player&&void 0!==r.player.seekTo&&(r.player.seekTo(-1==r.ssec?0:r.ssec),r.player.pauseVideo()),r.bgvideo||"preset"===a||0!=r.jsposter.length||t.showVideo(e.find("iframe"));break;case"vimeo":void 0!==r.vimeoplayer&&r.rwd&&(0!==r.ssec&&-1!==r.ssec||r.bgvideo||r.jsposter.length>0)&&(r.vimeoplayer.setCurrentTime(-1==r.ssec?0:r.ssec),r.vimeoplayer.pause()),0!=r.jsposter.length||r.bgvideo||"preset"===a||t.showVideo(e.find("iframe"));break;case"html5":if(t.ISM&&r.notonmobile)return!1;r.bgvideo||t.showVideo(r.jvideo),r.rwd&&"playing"!==r.cSS&&!isNaN(r.video.duration)&&(r.justReseted=!0,r.video.currentTime=-1==r.ssec?0:r.ssec),("mute"==r.volume||t.lastToggleState(e.videomutetoggledby)||!0===t[i].globalmute)&&(r.video.muted=!0)}}},Mute:function(e,i,a){var r=!1,o=t[i].videos[e[0].id];switch(o.type){case"youtube":o.player&&(!0===a&&o.player.mute(),!1===a&&n(o,parseInt(o.volcache,0)),r=o.player.isMuted?o.player.isMuted():"mute"===o.volume);break;case"vimeo":o.volcachecheck||(o.volcache=o.volcache>1?o.volcache/100:o.volcache,o.volcachecheck=!0),o.volume=!0===a?"mute":!1===a?o.volcache:o.volume,void 0!==a&&null!=o.vimeoplayer&&s(o,!0===a?0:o.volcache),r="mute"==o.volume||0===o.volume;break;case"html5":o.volcachecheck||(o.volcache=o.volcache>1?o.volcache/100:o.volcache,o.volcachecheck=!0),o.video.volume=o.volcache,void 0!==a&&o.video&&(o.video.muted=a),r=void 0!==o.video?o.video.muted:r}if(void 0===a)return r},stopVideo:function(e,i,a){if(void 0!==t[i]&&void 0!==t[i]){var r=t[i].videos[e[0].id];if(void 0!==r&&("stopVideo"!==r.cRS||"paused"!==r.cSS))switch(r.cRS="stopVideo",t[i].leaveViewPortBasedStop||(t[i].lastplayedvideos=[]),t[i].leaveViewPortBasedStop=!1,r.type){case"youtube":void 0!==r.player&&2!==r.player.getPlayerState()&&5!==r.player.getPlayerState()&&(r.player.pauseVideo(),void 0!==a&&p(i,r,"hide"));break;case"vimeo":void 0!==r.vimeoplayer&&(r.vimeoplayer.pause(),void 0!==a&&p(i,r,"hide"));break;case"html5":r.video&&(r.video.pause(),t.ISM&&b(r,1))}}},playVideo:function(e,i,r){var o=t[i].videos[e[0].id];if(clearTimeout(o.videoplaywait),"playVideo"!==o.cRS||"playing"!==o.cSS)switch(o.cRS="playVideo",o.type){case"youtube":if(0==e.find("iframe").length)e.append(o.videomarkup),u(e,i,!0);else if(void 0!==o.player&&null!=o.player.playVideo){var s=o.player.getCurrentTime();o.nseTriggered&&(s=-1,o.nseTriggered=!1),-1!=o.ssec&&o.ssec>s&&o.player.seekTo(o.ssec),c(o)}else o.videoplaywait=setTimeout((function(){t.playVideo(e,i)}),50);break;case"vimeo":if(0==e.find("iframe").length)delete o.vimeoplayer,e.append(o.videomarkup),u(e,i,!0);else if(e.hasClass("rs-apiready"))if(o.vimeoplayer=null==o.vimeoplayer?new Vimeo.Player(e.find("iframe").attr("id")):o.vimeoplayer,o.vimeoplayer.getPaused()){s=void 0===o.currenttime?0:o.currenttime;o.nseTriggered&&(s=-1,o.nseTriggered=!1),-1!=o.ssec&&o.ssec>s&&o.vimeoplayer.setCurrentTime(o.ssec),("mute"==o.volume||0===o.volume||t.lastToggleState(e.data("videomutetoggledby"))||!0===t[i].globalmute)&&(o.volumetoken=!0,o.vimeoplayer.setMuted(!0)),d(o)}else o.videoplaywait=setTimeout((function(){t.playVideo(e,i)}),50);else o.videoplaywait=setTimeout((function(){t.playVideo(e,i)}),50);break;case"html5":if(o.metaloaded){if((""+o.video.duration=="NaN"||o.video.readyState<4)&&!r)return o.loadRequested||(o.video.load(),o.loadRequested=!0),void setTimeout((function(){t.playVideo(e,i)}),50);s=o.video.currentTime;o.nseTriggered&&(s=-1,o.nseTriggered=!1),-1!=o.ssec&&o.ssec>s&&o.ssec<o.video.duration&&(o.video.currentTime=o.ssec),l(o,void 0,i)}else a(o.video,"loadedmetadata",function(e){t.playVideo(e,i)}(e))}},isVideoPlaying:function(e,i){var a=!1;return null!=t[i].playingvideos&&jQuery.each(t[i].playingvideos,(function(t,i){e.attr("id")==i.attr("id")&&(a=!0)})),a},removeMediaFromList:function(e,t){w(e,t)},prepareCoveredVideo:function(e){clearTimeout(t[e].resizePrepareCoverVideolistener);var i="carousel"===t[e].sliderType?t[e].carousel.justify?void 0===t[e].carousel.slide_widths?void 0:t[e].carousel.slide_widths[t[e].carousel.focused]:t[e].carousel.slide_width:t[e].canv.width,a="carousel"===t[e].sliderType?t[e].carousel.slide_height:t[e].canv.height;if(0!==i&&0!==a&&void 0!==i&&void 0!==a)for(var r in t[e].videos){var o=t[e].videos[r];if(void 0!==o.jvideo&&((o.bgvideo||o.jvideo.parent().hasClass("rs-fsv")||t.closestNode(o.video,"RS-LAYER")&&t.closestNode(o.video,"RS-LAYER").classList.contains("rs-fsv"))&&("html5"===o.type&&void 0!==o.jvideo&&tpGS.gsap.set(o.jvideo,{width:i}),void 0===t[e].activeRSSlide||o.slideid===t.gA(t[e].slides[t[e].activeRSSlide],"key")||void 0===t[e].pr_next_slide||o.slideid===t.gA(t[e].pr_next_slide[0],"key")))){o.vd=o.ratio.split(":").length>1?o.ratio.split(":")[0]/o.ratio.split(":")[1]:1;var s,n=i/a,l=o.vd*n*100,d=o.vd/n*100;"Edge"===t.get_browser()||"IE"===t.get_browser()?s=n>o.vd?{minWidth:"100%",height:l+"%",x:"-50%",y:"-50%",top:"50%",left:"50%",position:"absolute"}:{minHeight:"100%",width:d+"%",x:"-50%",y:"-50%",top:"50%",left:"50%",position:"absolute"}:(o.bgvideo&&void 0!==o.vimeoid&&"carousel"==t[e].sliderType&&(l=100,d=100),s=n>o.vd?{height:(o.fitCover?100:l)+"%",width:"100%",top:o.fitCover?0:-(l-100)/2+"%",left:"0px",position:"absolute"}:{width:(o.fitCover?100:d)+"%",height:"100%",left:o.fitCover?0:-(d-100)/2+"%",top:"0px",position:"absolute"}),void 0===o.vimeoid&&void 0===o.ytid||(s.maxWidth="none",s.maxHeight="none"),tpGS.gsap.set(o.jvideo,s)}}else t[e].resizePrepareCoverVideolistener=setTimeout((function(){t.prepareCoveredVideo(e)}),100)},checkVideoApis:function(e,i){location.protocol;if(!t[i].youtubeapineeded){var a=e.find("iframe");if((null!=e.data("ytid")||a.length>0&&a.attr("src")&&a.attr("src").toLowerCase().indexOf("youtube")>0)&&(t[i].youtubeapineeded=!0),t[i].youtubeapineeded&&!window.rs_addedyt){t[i].youtubestarttime=Date.now(),window.rs_addedyt=!0;var r=document.createElement("script"),o=t.getByTag(document,"script")[0],s=!0;r.src="https://www.youtube.com/iframe_api",jQuery("head").find("*").each((function(){"https://www.youtube.com/iframe_api"==jQuery(this).attr("src")&&(s=!1)})),s&&o.parentNode.insertBefore(r,o)}}if(!t[i].vimeoapineeded){var n=e.find("iframe");if((null!=e.data("vimeoid")||n.length>0&&n.attr("src")&&n.attr("src").toLowerCase().indexOf("vimeo")>0)&&(t[i].vimeoapineeded=!0),t[i].vimeoapineeded&&!window.rs_addedvim){t[i].vimeostarttime=Date.now(),window.rs_addedvim=!0;var l=document.createElement("script");o=t.getByTag(document,"script")[0],s=!0;l.src="https://player.vimeo.com/api/player.js",jQuery("head").find("*").each((function(){"https://player.vimeo.com/api/player.js"==jQuery(this).attr("src")&&(s=!1)})),s&&o.parentNode.insertBefore(l,o)}}},manageVideoLayer:function(e,i,r,o){if(t[i].videos=void 0===t[i].videos?{}:t[i].videos,void 0===t[i].videos[e[0].id]||!0===o){var s=t[i].videos[e[0].id]=void 0===t[i].videos[e[0].id]?f(e.data(),void 0,r):t[i].videos[e[0].id];if(s.audio=void 0!==s.audio&&s.audio,t.ISM&&s.opom)0==e.find("rs-poster").length&&e.append('<rs-poster class="noSwipe" style="background-image:url('+s.poster+');"></rs-poster>');else{s.jsposter=e.find("rs-poster"),s.id=e[0].id,s.pload="auto"===s.pload||"canplay"===s.pload||"canplaythrough"===s.pload||"progress"===s.pload?"auto":s.pload,s.type=null!=s.mp4||null!=s.webm?"html5":null!=s.ytid&&String(s.ytid).length>1?"youtube":null!=s.vimeoid&&String(s.vimeoid).length>1?"vimeo":"none",s.newtype="html5"==s.type&&0==e.find(s.audio?"audio":"video").length?"html5":"youtube"==s.type&&0==e.find("iframe").length?"youtube":"vimeo"==s.type&&0==e.find("iframe").length?"vimeo":"none",s.extras="",s.posterMarkup=void 0===s.posterMarkup?"":s.posterMarkup,!s.audio&&"1sttime"==s.aplay&&s.pausetimer&&s.bgvideo&&t.sA(e.closest("rs-slide")[0],"rspausetimeronce",1),s.audio||!s.bgvideo||!s.pausetimer||1!=s.aplay&&"true"!=s.aplay&&"no1sttime"!=s.aplay||t.sA(e.closest("rs-slide")[0],"rspausetimeralways",1),s.noInt&&e.find("*").addClass("rs-nointeraction"),!(null!=s.poster&&s.poster.length>2)||t.ISM&&s.npom||0==s.jsposter.length&&(s.posterMarkup+='<rs-poster class="noSwipe" style="background-image:url('+s.poster+');"></rs-poster>');var n=!0;switch(s.cSS="created",s.cRS="created",s.newtype){case"html5":1==window.isSafari11&&(t[i].slideHasIframe=!0),s.audio&&e.addClass("rs-audio"),s.tag=s.audio?"audio":"video";var l="video"===s.tag&&(t.is_mobile()||t.isSafari11())?s.aplay&&"no1sttime"!==s.aplay||"true"===s.aplay?"muted playsinline autoplay":s.inline?" playsinline":"":"",d='<div class="html5vid rs_html5vidbasicstyles '+(!1===s.afs?"hidefullscreen":"")+'">',c=s.bgvideo&&/^([\w]+\:)?\/\//.test(s.mp4)&&(-1===s.mp4.indexOf(location.host)||-1!==s.mp4.indexOf("."+location.host))&&s.crossOriginVideo?' crossOrigin="anonymous" ':"";d+="<"+s.tag+" "+l+" "+(s.controls&&"none"!==s.controls?" controls":"")+c+(s.bgvideo&&-1==l.indexOf("autoplay")?" autoplay":"")+(s.bgvideo&&-1==l.indexOf("muted")?" muted":"")+' style="'+("Edge"!==t.get_browser()?(s.fitCover?"object-fit:cover;background-size:cover;":"")+"opacity:0;width:100%; height:100%":"")+'" class="" '+(s.loop?"loop":"")+' preload="'+s.pload+'">',"video"===s.tag&&null!=s.webm&&"firefox"==t.get_browser().toLowerCase()&&(d=d+'<source src="'+s.webm+'" type="video/webm" />'),null!=s.mp4&&(d=d+'<source src="'+s.mp4+'" type="'+("video"===s.tag?"video/mp4":s.mp4.toLowerCase().indexOf("m4a")>0?"audio/x-m4a":"audio/mpeg")+'" />'),null!=s.ogv&&(d=d+'<source src="'+s.mp4+'" type="'+s.tag+'/ogg" />'),d+="</"+s.tag+"></div>",d+=s.posterMarkup,s.controls&&!s.audio&&void 0===s.poster||s.bgvideo||(d+='<div class="tp-video-play-button"><i class="revicon-right-dir"></i><span class="tp-revstop">&nbsp;</span></div>'),s.videomarkup=d,n=!1,t.ISM&&s.notonmobile||t.isIE(8)||e.append(d),s.jvideo=e.find(s.tag),s.video=s.jvideo[0],s.html5vid=s.jvideo.parent(),a(s.video,"canplay",function(e){m(e,i),t.resetVideo(e,i)}(e));break;case"youtube":t[i].slideHasIframe=!0,s.controls&&"none"!==s.controls||(s.vatr=s.vatr.replace("controls=1","controls=0"),-1==s.vatr.toLowerCase().indexOf("controls")&&(s.vatr=s.vatr+"&controls=0")),(s.inline||"RS-BGVIDEO"===e[0].tagName)&&(s.vatr=s.vatr+"&playsinline=1"),-1!=s.ssec&&(s.vatr+="&start="+s.ssec),-1!=s.esec&&(s.vatr+="&end="+s.esec);var p=s.vatr.split("origin=https://");s.vatrnew=p.length>1?p[0]+"origin=https://"+(self.location.href.match(/www/gi)&&!p[1].match(/www/gi)?"www."+p[1]:p[1]):s.vatr,s.videomarkup='<iframe allow="autoplay; '+(!0===s.afs?"fullscreen":"")+'" type="text/html" src="https://www.youtube-nocookie.com/embed/'+s.ytid+"?"+s.vatrnew+'"  width="100%" height="100%" class="intrinsic-ignore" style="opacity:0;visibility:visible;width:100%;height:100%"></iframe>';break;case"vimeo":t[i].slideHasIframe=!0,s.vatr=s.vatr.replaceAll("&background=0","").replaceAll("&background=1",""),s.vatr=s.vatr.replaceAll("background=0","").replaceAll("background=1",""),!s.controls||"none"===s.controls||s.bgvideo?(s.vatr=s.vatr.replace("background=0","background=1"),-1==s.vatr.toLowerCase().indexOf("background")&&(s.vatr=s.vatr+"&background=1")):(s.vatr=s.vatr.replace("background=1","background=0"),-1==s.vatr.toLowerCase().indexOf("background")&&(s.vatr=s.vatr+"&background=0")),s.vatr="autoplay="+(!0===s.aplay?1:0)+("&"==s.vatr[0]?"":"&")+s.vatr,s.bgvideo&&(s.prePlayForaWhile=!0),t.ISM&&!0===s.aplay&&(s.vatr="muted=1"+("&"==s.vatr[0]?"":"&")+s.vatr),s.loop&&(s.vatr="loop=1"+("&"==s.vatr[0]?"":"&")+s.vatr),s.videomarkup='<iframe  allow="autoplay; '+(!0===s.afs?"fullscreen":"")+'" src="https://player.vimeo.com/video/'+s.vimeoid+"?"+s.vatr+'" '+(!0===s.afs?"webkitallowfullscreen mozallowfullscreen allowfullscreen":"")+' width="100%" height="100%" class="intrinsic-ignore" style="opacity:0;visibility:visible;width:100%;height:100%"></iframe>'}if(!(null!=s.poster&&s.poster.length>2)||t.ISM&&s.npom){if(t.ISM&&s.notonmobile)return!1;0!=e.find("iframe").length||"youtube"!=s.type&&"vimeo"!=s.type||(delete s.vimeoplayer,e.append(s.videomarkup),u(e,i,!("vimeo"!==s.newtype||!s.bgvideo),!0))}else n&&0==e.find("rs-poster").length&&e.append(s.posterMarkup),0==e.find("iframe").length&&(s.jsposter=e.find("rs-poster"),s.jsposter.on("click",(function(){if(t.playVideo(e,i,!0),t.ISM){if(s.notonmobile)return!1;tpGS.gsap.to(s.jsposter,.3,{opacity:0,visibility:"hidden",force3D:"auto",ease:"power3.inOut"}),t.showVideo(e.find("iframe"))}})));if("none"!==s.doverlay&&void 0!==s.doverlay){var g=t.createOverlay(i,s.doverlay,s.doverlaysize,{0:s.doverlaycolora,1:s.doverlaycolorb});s.bgvideo&&1!=e.closest("rs-sbg-wrap").find("rs-dotted").length?e.closest("rs-sbg-wrap").append('<rs-dotted style="background-image:'+g+'"></rs-dotted>'):s.bgvideo||1==e.find("rs-dotted").length||e.append('<rs-dotted style="background-image:'+g+'"></rs-dotted>')}s.bgvideo&&("youtube"!==s.type&&"vimeo"!==s.type&&(e[0].style.display="none"),e[0].style.zIndex=0,tpGS.gsap.set(e.find("video, iframe"),{opacity:0}))}}}});var a=function(e,t,i){e.addEventListener?e.addEventListener(t,i,{capture:!1,passive:!0}):e.attachEvent(t,i,{capture:!1,passive:!0})},r=function(e,t,i){var a={};return a.video=e,a.type=t,a.settings=i,a},o=function(e,i){var a=t[e].videos[i[0].id];(a.bgvideo||i.hasClass("rs-fsv"))&&((void 0===a.ratio||a.ratio.split(":").length<=1)&&(a.ratio="16:9"),requestAnimationFrame((function(){t.prepareCoveredVideo(e)})))},s=function(e,i){var a=e.vimeoplayer;a.getPaused().then((function(r){e.volumetoken=!0;var o=!r,s=a.setVolume(i);void 0!==s&&s.then((function(t){a.getPaused().then((function(t){o===t&&(e.volume="mute",a.getMuted().then((function(t){t||(e.volumetoken=!0,a.setMuted(!0))})),a.play())})).catch((function(e){console.log("Get Paused Function Failed for Vimeo Volume Changes Inside the Promise")}))})).catch((function(i){o&&(e.volume="mute",e.volumetoken=!0,a.setMuted(!0),a.play()),t.ISM&&b(e,0)}))})).catch((function(){console.log("Get Paused Function Failed for Vimeo Volume Changes")}))},n=function(e,t){var i=e.player.getPlayerState?e.player.getPlayerState():-1;"mute"===t?e.player.mute&&e.player.mute():(e.player.unMute&&e.player.unMute(),e.player.setVolume&&e.player.setVolume(t)),setTimeout((function(){1===i&&1!==e.player.getPlayerState()&&(e.player.mute(),e.player.playVideo())}),39)},l=function(e,i,a){if("playVideo"===e.cRS){var r=e.video.play();void 0!==r&&r.then((function(i){!0===e.twaudio&&!0!==t[a].globalmute&&(e.twaudio=!1,t.clickedOnce&&(e.video.volume=e.volcache,e.volume=e.volcache,e.video.muted=!1))})).catch((function(t){e.video.pause(),!0!==i&&l(e,!0,a)})),t.ISM&&b(e,0)}},d=function(e){if("playVideo"===e.cRS){var t=e.vimeoplayer.play();void 0!==t&&t.then((function(e){})).catch((function(t){e.vimeoplayer.volumetoken=!0,e.vimeoplayer.setMuted(!0),e.vimeoplayer.play()}))}},c=function(e){"playVideo"===e.cRS&&(e.player.playVideo(),1!==e.player.getPlayerState()&&tpGS.gsap.delayedCall(.5,(function(){c(e)})))},p=function(e,i,a,r){clearTimeout(i.repeatedPosterCalls),i.repeatedPosterCalls=setTimeout((function(){"show"===a||"playing"===i.cSS&&!0!==i.VideoIsVisible?(void 0!==i.showhideposter&&i.showhideposter.pause(),i.showhideposter=tpGS.gsap.timeline(),i.jsposter.length>0&&i.showhideposter.add(tpGS.gsap.to(i.jsposter,.3,{zIndex:5,autoAlpha:0,force3D:"auto",ease:"power3.inOut"}),0),i.jvideo.length>0&&i.showhideposter.add(tpGS.gsap.to(i.jvideo,void 0!==r?r:.001,{opacity:1,display:"block",ease:i.jsposter.length>0?"power3.inOut":"power3.out"}),0),i.VideoIsVisible=!0):("hide"===a||"paused"===i.cSS&&1!=t.checkfullscreenEnabled(e)&&i.jsposter.length>0&&!1!==i.VideoIsVisible&&!0!==i.seeking)&&(void 0!==i.showhideposter&&i.showhideposter.pause(),i.showhideposter=tpGS.gsap.timeline(),(a||i.npom)&&(i.jsposter.length>0&&i.showhideposter.add(tpGS.gsap.to(i.jsposter,.3,{zIndex:5,autoAlpha:1,force3D:"auto",ease:"power3.inOut"}),0),i.jvideo.length>0&&i.showhideposter.add(tpGS.gsap.to(i.jvideo,void 0!==r?r:.001,{opacity:0,ease:i.jsposter.length>0?"power3.inOut":"power3.out"}),.3),i.bgvideo&&void 0!==i.nBG&&void 0!==i.nBG.loadobj&&(i.nBG.video=i.nBG.loadobj.img),i.VideoIsVisible=!1))}),void 0!==a?0:100)},g=function(e,i,a){e.cSS="playing",e.vimeostarted=!0,e.nextslidecalled=!1,e.jsposter=void 0===e.jsposter||0===e.jsposter.length?i.find("rs-poster"):e.jsposter,e.jvideo=i.find("iframe"),t[a].c.trigger("revolution.slide.onvideoplay",r(e.vimeoplayer,"vimeo",e)),t[a].stopByVideo=e.pausetimer,y(i,a),"mute"==e.volume||0===e.volume||t.lastToggleState(i.data("videomutetoggledby"))||!0===t[a].globalmute?(e.volumetoken=!0,e.vimeoplayer.setMuted(!0)):s(e,parseInt(e.volcache,0)/100||.75),t.toggleState(e.videotoggledby)},u=function(e,i,a,s){var l=t[i].videos[e[0].id],d="iframe"+Math.round(1e5*Math.random()+1);if(l.jvideo=e.find("iframe"),o(i,e),l.jvideo.attr("id",d),l.startvideonow=a,l.videolistenerexist){if(a)switch(l.type){case"youtube":t.playVideo(e,i),-1!=l.ssec&&l.player.seekTo(l.ssec);break;case"vimeo":t.playVideo(e,i),-1!=l.ssec&&l.vimeoplayer.seekTo(l.ssec)}}else switch(l.type){case"youtube":if("undefined"==typeof YT||void 0===YT.Player)return t.checkVideoApis(e,i),void setTimeout((function(){u(e,i,a,s)}),50);l.player=new YT.Player(d,{events:{onStateChange:function(a){a.data==YT.PlayerState.PLAYING?(l.cSS="playing",t[i].onceVideoPlayed=!0,!1===l.player.isMuted()&&(l.volume=l.volcache=l.player.getVolume()),"mute"==l.volume||0===l.volume||t.lastToggleState(e.data("videomutetoggledby"))||!0===t[i].globalmute?l.player.mute():n(l,parseInt(l.volcache,0)||75),t[i].stopByVideo=!0,y(e,i),l.pausetimer?t[i].c.trigger("stoptimer"):t[i].stopByVideo=!1,t[i].c.trigger("revolution.slide.onvideoplay",r(l.player,"youtube",l)),t.toggleState(l.videotoggledby)):(l.cSS="paused",0==a.data&&l.loop&&(-1!=l.ssec&&l.player.seekTo(l.ssec),t.playVideo(e,i),t.toggleState(l.videotoggledby)),-1!=a.data&&3!=a.data&&(t[i].stopByVideo=!1,t[i].tonpause=!1,w(e,i),t[i].c.trigger("starttimer"),t[i].c.trigger("revolution.slide.onvideostop",r(l.player,"youtube",l)),null!=t[i].videoIsPlaying&&t[i].videoIsPlaying.attr("id")!=e.attr("id")||t.unToggleState(l.videotoggledby)),0==a.data&&l.nse?(document.fullscreenElement!==e.find("iframe")[0]&&document.webkitFullscreenElement!==e.find("iframe")[0]||h(),l.nseTriggered=!0,t[i].c.revnext(),w(e,i)):(w(e,i),t[i].stopByVideo=!1,3!==a.data&&(-1!=l.lasteventdata&&3!=l.lasteventdata&&void 0!==l.lasteventdata||-1!=a.data&&3!=a.data)&&t[i].c.trigger("starttimer"),t[i].c.trigger("revolution.slide.onvideostop",r(l.player,"youtube",l)),null!=t[i].videoIsPlaying&&t[i].videoIsPlaying.attr("id")!=e.attr("id")||t.unToggleState(l.videotoggledby))),clearTimeout(l.postOrVideoTimer),3!==a.data&&(l.postOrVideoTimer=setTimeout((function(){p(i,l)}),1===l.lasteventdata&&2===a.data||2===l.lasteventdata&&3!==a.data?1e3:0),l.lasteventdata=a.data)},onReady:function(a){var r,o=t.is_mobile(),n=e.hasClass("rs-layer-video");l.ready=!0,!o&&(!t.isSafari11()||o&&n)||"RS-BGVIDEO"!==e[0].tagName&&(!n||!0!==l.aplay&&"true"!==l.aplay)||(r=!0,l.player.setVolume(l.volcache),l.volume="mute",l.player.mute(),clearTimeout(e.data("mobilevideotimr")),2!==l.player.getPlayerState()&&-1!==l.player.getPlayerState()||e.data("mobilevideotimr",setTimeout((function(){t.playVideo(e,i)}),500))),r||"mute"!=l.volume||(l.player.setVolume(l.volcache),l.player.mute()),e.addClass("rs-apiready"),null==l.speed&&1===l.speed||a.target.setPlaybackRate(parseFloat(l.speed)),l.jsposter.off("click"),l.jsposter.on("click",(function(){t.playVideo(e,i,!0)})),l.startvideonow?(t.playVideo(e,i),-1!=l.ssec&&l.player.seekTo(l.ssec)):s&&p(i,l,"show",.2),l.videolistenerexist=!0}}});break;case"vimeo":if("undefined"==typeof Vimeo||void 0===Vimeo.Player)return t.checkVideoApis(e,i),void setTimeout((function(){u(e,i,a,s)}),50);for(var c,m=l.jvideo.attr("src"),v={},f=m,b=/([^&=]+)=([^&]*)/g;c=b.exec(f);)v[decodeURIComponent(c[1])]=decodeURIComponent(c[2]);m=(m=null!=v.player_id?m.replace(v.player_id,d):m+"&player_id="+d).replace(/&api=0|&api=1/g,"");var _,S=t.is_mobile()||t.isSafari11(),x="RS-BGVIDEO"===e[0].tagName;if(S&&x&&(m+="&background=1"),l.jvideo.attr("src",m),l.vimeoplayer=void 0===l.vimeoplayer||!1===l.vimeoplayer?new Vimeo.Player(d):l.vimeoplayer,S)(x||l.aplay||"true"===l.aplay)&&(_=!0),_&&(l.volumetoken=!0,l.vimeoplayer.setMuted(!0),l.volume="mute");l.vimeoplayer.on("play",(function(a){t[i].onceVideoPlayed=!0,l.cSS="playing",l.vimeostarted||g(l,e,i)})),l.vimeoplayer.on("loaded",(function(a){var r={};l.vimeoplayer.getVideoWidth().then((function(t){r.width=t,void 0!==r.width&&void 0!==r.height&&(l.ratio=r.width+":"+r.height,l.vimeoplayerloaded=!0,o(i,e))})),l.vimeoplayer.getVideoHeight().then((function(t){r.height=t,void 0!==r.width&&void 0!==r.height&&(l.ratio=r.width+":"+r.height,l.vimeoplayerloaded=!0,o(i,e))})),l.startvideonow?("mute"===l.volume&&(l.volumetoken=!0,l.vimeoplayer.setMuted(!0)),t.playVideo(e,i),-1!=l.ssec&&l.vimeoplayer.setCurrentTime(l.ssec)):s&&p(i,l,"show",.2),null==l.speed&&1===l.speed||l.vimeoplayer.setPlaybackRate(parseFloat(l.speed))})),e.addClass("rs-apiready"),l.vimeoplayer.on("volumechange",(function(e){l.volumetoken&&(l.volume=e.volume),l.volumetoken=!1})),l.vimeoplayer.on("timeupdate",(function(a){p(i,l),l.vimeostarted||0===a.percent||void 0!==t[i].activeRSSlide&&l.slideid!==t.gA(t[i].slides[t[i].activeRSSlide],"key")||g(l,e,i),l.pausetimer&&"playing"==t[i].sliderstatus&&(t[i].stopByVideo=!0,t[i].c.trigger("stoptimer")),l.currenttime=a.seconds,0!=l.esec&&-1!==l.esec&&l.esec<a.seconds&&!0!==l.nextslidecalled&&(l.loop?(t.playVideo(e,i),l.vimeoplayer.setCurrentTime(-1!==l.ssec?l.ssec:0)):(l.nse&&(l.nseTriggered=!0,l.nextslidecalled=!0,t[i].c.revnext()),l.vimeoplayer.pause())),l.prePlayForaWhile&&l.vimeoplayer.pause()})),l.vimeoplayer.on("ended",(function(a){l.cSS="paused",p(i,l),l.vimeostarted=!1,w(e,i),t[i].stopByVideo=!1,t[i].c.trigger("starttimer"),t[i].c.trigger("revolution.slide.onvideostop",r(l.vimeoplayer,"vimeo",l)),l.nse&&(l.nseTriggered=!0,t[i].c.revnext()),null!=t[i].videoIsPlaying&&t[i].videoIsPlaying.attr("id")!=e.attr("id")||t.unToggleState(l.videotoggledby)})),l.vimeoplayer.on("pause",(function(a){l.vimeostarted=!1,l.cSS="paused",p(i,l),t[i].stopByVideo=!1,t[i].tonpause=!1,w(e,i),t[i].c.trigger("starttimer"),t[i].c.trigger("revolution.slide.onvideostop",r(l.vimeoplayer,"vimeo",l)),null!=t[i].videoIsPlaying&&t[i].videoIsPlaying.attr("id")!=e.attr("id")||t.unToggleState(l.videotoggledby)})),l.jsposter.off("click"),l.jsposter.on("click",(function(){if(!t.ISM)return t.playVideo(e,i,!0),!1})),l.videolistenerexist=!0}},h=function(){document.exitFullscreen&&document.fullscreen?document.exitFullscreen():document.mozCancelFullScreen&&document.mozFullScreen?document.mozCancelFullScreen():document.webkitExitFullscreen&&document.webkitIsFullScreen&&document.webkitExitFullscreen()},m=function(e,i,o){var s=t[i].videos[e[0].id];if(t.ISM&&s.notonmobile)return!1;if(s.metaloaded=!0,"html5"===s.newtype&&s.bgvideo&&(s.nBG=t[i].sbgs[e[0].dataset.key],void 0===s.nBG.shadowCanvas&&(s.nBG.shadowCanvas=document.createElement("canvas"),s.nBG.shadowCTX=s.nBG.shadowCanvas.getContext("2d"),s.nBG.shadowCanvas.style.background="transparent",s.nBG.shadowCanvas.style.opacity=1),s.nBG.isHTML5=!0,s.nBG.video=void 0!==s.nBG.loadobj&&void 0!==s.nBG.loadobj.img?s.nBG.loadobj.img:s.video,s.nBG.drawVideoCanvasImagesRecall=!1),(!s.controls||s.audio||void 0!==s.poster)&&!s.noInt){0!=e.find(".tp-video-play-button").length||t.ISM||e.append('<div class="tp-video-play-button"><i class="revicon-right-dir"></i><span class="tp-revstop">&nbsp;</span></div>');var n="video, rs-poster, .tp-video-play-button";void 0!==s.poster&&s.controls&&(n=".tp-video-play-button"),e.find(n).on("click",(function(){!1===s.loop&&s.esec>0&&s.esec<=s.video.currentTime||(e.hasClass("videoisplaying")?t.stopVideo(e,i):t.playVideo(e,i,!0))}))}(e.hasClass("rs-fsv")||s.bgvideo)&&(s.bgvideo||e.hasClass("rs-fsv")?(s.html5vid.addClass("fullcoveredvideo"),void 0!==s.ratio&&1!=s.ratio.split(":").length||(s.ratio="16:9"),t.prepareCoveredVideo(i)):s.html5vid.addClass("rs-fsv")),a(s.video,"canplaythrough",(function(){t.preLoadAudioDone(e,i,"canplaythrough")})),a(s.video,"canplay",(function(){t.preLoadAudioDone(e,i,"canplay")})),a(s.video,"progress",(function(){t.preLoadAudioDone(e,i,"progress")})),a(s.video,"pause",(function(){t.ISM&&b(s,1)})),a(s.video,"timeupdate",(function(e){this.BGrendered=!0,p(i,s),-1===s.esec&&s.loop&&1==window.isSafari11&&(s.esec=s.video.duration-.075),void 0!==s.lastCurrentTime?s.fps=s.video.currentTime-s.lastCurrentTime:s.fps=.1,s.lastCurrentTime=s.video.currentTime,0!=s.esec&&-1!=s.esec&&s.esec<s.video.currentTime&&!s.nextslidecalled&&(s.loop?(l(s,void 0,i),s.video.currentTime=-1===s.ssec?.5:s.ssec):(s.nse&&(s.nseTriggered=!0,s.nextslidecalled=!0,t[i].jcnah=!0,t[i].c.revnext(),setTimeout((function(){t[i].jcnah=!1}),1e3)),s.video.pause()))})),a(s.video,"play",(function(){s.cSS="playing",p(i,s),s.bgvideo&&(s.nBG.drawVideoCanvasImagesRecall=!0,s.nBG.videoisplaying=!0,s.nBG.video=s.video,t.updateVideoFrames(i,s.nBG)),t[i].onceVideoPlayed=!0,s.nextslidecalled=!1,s.volume=null!=s.volume&&"mute"!=s.volume?parseFloat(s.volcache):s.volume,s.volcache=null!=s.volcache&&"mute"!=s.volcache?parseFloat(s.volcache):s.volcache,t.is_mobile()||(!0===t[i].globalmute?s.video.muted=!0:s.video.muted="mute"==s.volume,s.volcache=t.isNumeric(s.volcache)&&s.volcache>1?s.volcache/100:s.volcache,"mute"==s.volume?s.video.muted=!0:null!=s.volcache&&(s.video.volume=s.volcache)),e.addClass("videoisplaying"),y(e,i),clearTimeout(s.showCoverSoon),!0!==s.pausetimer||"audio"==s.tag?(t[i].stopByVideo=!1,t[i].c.trigger("revolution.slide.onvideostop",r(s.video,"html5",s))):(t[i].stopByVideo=!0,t[i].c.trigger("revolution.slide.onvideoplay",r(s.video,"html5",s))),s.pausetimer&&"playing"==t[i].sliderstatus&&(t[i].stopByVideo=!0,t[i].c.trigger("stoptimer")),t.toggleState(s.videotoggledby)})),a(s.video,"seeked",(function(){s.seeking=!1})),a(s.video,"seeking",(function(){s.seeking=!0})),a(s.video,"pause",(function(a){s.cSS="paused",p(i,s),e.removeClass("videoisplaying"),s.bgvideo&&(s.nBG.drawVideoCanvasImagesRecall=!1,s.nBG.videoisplaying=!1),t[i].stopByVideo=!1,w(e,i),"audio"!=s.tag&&t[i].c.trigger("starttimer"),t[i].c.trigger("revolution.slide.onvideostop",r(s.video,"html5",s)),null!=t[i].videoIsPlaying&&t[i].videoIsPlaying.attr("id")!=e.attr("id")||t.unToggleState(s.videotoggledby)})),a(s.video,"ended",(function(){s.cSS="paused",document.fullscreenElement!==s.video&&document.webkitFullscreenElement!==s.video||h(),p(i,s),w(e,i),t[i].stopByVideo=!1,w(e,i),"audio"!=s.tag&&t[i].c.trigger("starttimer"),t[i].c.trigger("revolution.slide.onvideostop",r(s.video,"html5",e.data())),s.nse&&s.video.currentTime>0&&(1==!t[i].jcnah&&(s.nseTriggered=!0,t[i].c.revnext(),t[i].jcnah=!0),setTimeout((function(){t[i].jcnah=!1}),1500)),e.removeClass("videoisplaying"),s.bgvideo&&(s.nBG.drawVideoCanvasImagesRecall=!1,s.nBG.videoisplaying=!1),!0!==t[i].inviewport&&void 0!==t[i].inviewport||(t[i].lastplayedvideos=[])})),a(s.video,"volumechange",(function(){s.video.muted?s.volume="mute":s.volume=s.volcache=s.video.volume}))},v=function(e){return"t"===e||!0===e||"true"===e||"f"!==e&&!1!==e&&"false"!==e&&e},f=function(e,t,a){e.audio="audio"===t;var r=void 0===e.video?[]:e.video.split(";"),o={volume:e.audio?1:"mute",pload:"auto",ratio:"16:9",loop:!0,aplay:"true",fitCover:!0,afs:!0,controls:!1,nse:!0,npom:!1,opom:!1,inline:!0,notonmobile:!1,start:-1,end:-1,doverlay:"none",doverlaysize:1,doverlaycolora:"transparent",doverlaycolorb:"#000000",scop:!1,rwd:!0,speed:1,ploadwait:5,stopAV:1!==e.bgvideo,noInt:!1,volcache:75,crossOriginVideo:!1};for(var s in r)if(r.hasOwnProperty(s)){var n=r[s].split(":");switch(n[0]){case"v":o.volume=n[1];break;case"twa":o.twaudio=n[1];break;case"vd":o.volcache=n[1];break;case"p":o.pload=n[1];break;case"ar":o.ratio=n[1]+(void 0!==n[2]?":"+n[2]:"");break;case"ap":o.aplay=v(n[1]);break;case"vfc":o.fitCover=v(n[1]);break;case"afs":o.afs=v(n[1]);break;case"vc":o.controls=n[1];break;case"nse":o.nse=v(n[1]);break;case"npom":o.npom=v(n[1]);break;case"opom":o.opom=v(n[1]);break;case"t":o.vtype=n[1];break;case"inl":o.inline=v(n[1]);break;case"nomo":o.notonmobile=v(n[1]);break;case"sta":o.start=n[1]+(void 0!==n[2]?":"+n[2]:"");break;case"end":o.end=n[1]+(void 0!==n[2]?":"+n[2]:"");break;case"do":o.doverlay=n[1];break;case"dos":o.doverlaysize=n[1];break;case"doca":o.doverlaycolora=n[1];break;case"docb":o.doverlaycolorb=n[1];break;case"scop":o.scop=v(n[1]);break;case"rwd":o.rwd=v(n[1]);break;case"sp":o.speed=n[1];break;case"vw":o.ploadwait=parseInt(n[1],0)||5;break;case"sav":o.stopAV=v(n[1]);break;case"noint":o.noInt=v(n[1]);break;case"l":o.loopcache=n[1],o.loop="loop"===n[1]||"loopandnoslidestop"===n[1]||"none"!==n[1]&&v(n[1]);break;case"ptimer":o.pausetimer=v(n[1]);break;case"sat":o.waitToSlideTrans=v(n[1]);break;case"crossOriginVideo":o.crossOriginVideo=v(n[1]);break;case"poch":o.pauseOnSlideChange=v(n[1])}}return null==e.mp4&&null==e.webm&&(o.fitCover=!1),void 0!==e.bgvideo&&(o.bgvideo=e.bgvideo),o.noInt&&(o.controls=!1),void 0!==e.mp4&&(o.mp4=e.mp4),void 0!==e.videomp4&&(o.mp4=e.videomp4),void 0!==e.ytid&&(o.ytid=e.ytid),void 0!==e.ogv&&(o.ogv=e.ogv),void 0!==e.webm&&(o.webm=e.webm),void 0!==e.vimeoid&&(o.vimeoid=e.vimeoid),void 0!==e.vatr&&(o.vatr=e.vatr),void 0!==e.videoattributes&&(o.vatr=e.videoattributes),void 0!==e.poster&&(o.poster=e.poster),o.slideid=a,o.aplay="true"===o.aplay||o.aplay,1===o.bgvideo&&(o.volume="mute"),o.ssec=i(o.start),o.esec=i(o.end),o.pausetimer=void 0===o.pausetimer?"loopandnoslidestop"!==o.loopcache:o.pausetimer,o.inColumn=e._incolumn,o.audio=e.audio,!0!==o.loop&&"true"!==o.loop||!0!==o.nse&&"true"!==o.nse||(o.loop=!1),o.aplay&&o.twaudio&&!o.bgvideo&&(o.twaudio=!0),o},y=function(e,i){if(t[i].playingvideos=void 0===t[i].playingvideos?new Array:t[i].playingvideos,t[i].videos[e[0].id].stopAV&&void 0!==t[i].playingvideos&&t[i].playingvideos.length>0)for(var a in t[i].lastplayedvideos=jQuery.extend(!0,[],t[i].playingvideos),t[i].playingvideos)t[i].playingvideos.hasOwnProperty(a)&&t.stopVideo(t[i].playingvideos[a],i);t[i].playingvideos.push(e),t[i].videoIsPlaying=e},w=function(e,i){void 0!==t[i]&&void 0!==t[i]&&null!=t[i].playingvideos&&jQuery.inArray(e,t[i].playingvideos)>=0&&t[i].playingvideos.splice(jQuery.inArray(e,t[i].playingvideos),1)},b=function(e,i){if(void 0!==e&&(void 0===i&&(i=0),t.ISM&&!e.bgvideo)){e.playPauseBtnTween&&e.playPauseBtnTween.kill&&e.playPauseBtnTween.kill();var a=t.closestNode(e.video,"RS-LAYER"),r=e.controls?1:0,o=e.controls?0:.3;e.controls&&e.poster&&0===i&&(o=0,r=0),a&&(e.playPauseBtnTween=tpGS.gsap.to(a.querySelector(".tp-video-play-button"),{duration:o,delay:r,opacity:i}))}};window.RS_MODULES=window.RS_MODULES||{},window.RS_MODULES.video={loaded:!0,version:"6.6.9"},window.RS_MODULES.checkMinimal&&window.RS_MODULES.checkMinimal()}(jQuery);</script>
<script id="magnific-popup-js" defer="defer">/*! Magnific Popup - v1.1.0 - 2016-02-20
* http://dimsemenov.com/plugins/magnific-popup/
* Copyright (c) 2016 Dmitry Semenov; */
!function(a){"function"==typeof define&&define.amd?define(["jquery"],a):a("object"==typeof exports?require("jquery"):window.jQuery||window.Zepto)}(function(a){var b,c,d,e,f,g,h="Close",i="BeforeClose",j="AfterClose",k="BeforeAppend",l="MarkupParse",m="Open",n="Change",o="mfp",p="."+o,q="mfp-ready",r="mfp-removing",s="mfp-prevent-close",t=function(){},u=!!window.jQuery,v=a(window),w=function(a,c){b.ev.on(o+a+p,c)},x=function(b,c,d,e){var f=document.createElement("div");return f.className="mfp-"+b,d&&(f.innerHTML=d),e?c&&c.appendChild(f):(f=a(f),c&&f.appendTo(c)),f},y=function(c,d){b.ev.triggerHandler(o+c,d),b.st.callbacks&&(c=c.charAt(0).toLowerCase()+c.slice(1),b.st.callbacks[c]&&b.st.callbacks[c].apply(b,a.isArray(d)?d:[d]))},z=function(c){return c===g&&b.currTemplate.closeBtn||(b.currTemplate.closeBtn=a(b.st.closeMarkup.replace("%title%",b.st.tClose)),g=c),b.currTemplate.closeBtn},A=function(){a.magnificPopup.instance||(b=new t,b.init(),a.magnificPopup.instance=b)},B=function(){var a=document.createElement("p").style,b=["ms","O","Moz","Webkit"];if(void 0!==a.transition)return!0;for(;b.length;)if(b.pop()+"Transition"in a)return!0;return!1};t.prototype={constructor:t,init:function(){var c=navigator.appVersion;b.isLowIE=b.isIE8=document.all&&!document.addEventListener,b.isAndroid=/android/gi.test(c),b.isIOS=/iphone|ipad|ipod/gi.test(c),b.supportsTransition=B(),b.probablyMobile=b.isAndroid||b.isIOS||/(Opera Mini)|Kindle|webOS|BlackBerry|(Opera Mobi)|(Windows Phone)|IEMobile/i.test(navigator.userAgent),d=a(document),b.popupsCache={}},open:function(c){var e;if(c.isObj===!1){b.items=c.items.toArray(),b.index=0;var g,h=c.items;for(e=0;e<h.length;e++)if(g=h[e],g.parsed&&(g=g.el[0]),g===c.el[0]){b.index=e;break}}else b.items=a.isArray(c.items)?c.items:[c.items],b.index=c.index||0;if(b.isOpen)return void b.updateItemHTML();b.types=[],f="",c.mainEl&&c.mainEl.length?b.ev=c.mainEl.eq(0):b.ev=d,c.key?(b.popupsCache[c.key]||(b.popupsCache[c.key]={}),b.currTemplate=b.popupsCache[c.key]):b.currTemplate={},b.st=a.extend(!0,{},a.magnificPopup.defaults,c),b.fixedContentPos="auto"===b.st.fixedContentPos?!b.probablyMobile:b.st.fixedContentPos,b.st.modal&&(b.st.closeOnContentClick=!1,b.st.closeOnBgClick=!1,b.st.showCloseBtn=!1,b.st.enableEscapeKey=!1),b.bgOverlay||(b.bgOverlay=x("bg").on("click"+p,function(){b.close()}),b.wrap=x("wrap").attr("tabindex",-1).on("click"+p,function(a){b._checkIfClose(a.target)&&b.close()}),b.container=x("container",b.wrap)),b.contentContainer=x("content"),b.st.preloader&&(b.preloader=x("preloader",b.container,b.st.tLoading));var i=a.magnificPopup.modules;for(e=0;e<i.length;e++){var j=i[e];j=j.charAt(0).toUpperCase()+j.slice(1),b["init"+j].call(b)}y("BeforeOpen"),b.st.showCloseBtn&&(b.st.closeBtnInside?(w(l,function(a,b,c,d){c.close_replaceWith=z(d.type)}),f+=" mfp-close-btn-in"):b.wrap.append(z())),b.st.alignTop&&(f+=" mfp-align-top"),b.fixedContentPos?b.wrap.css({overflow:b.st.overflowY,overflowX:"hidden",overflowY:b.st.overflowY}):b.wrap.css({top:v.scrollTop(),position:"absolute"}),(b.st.fixedBgPos===!1||"auto"===b.st.fixedBgPos&&!b.fixedContentPos)&&b.bgOverlay.css({height:d.height(),position:"absolute"}),b.st.enableEscapeKey&&d.on("keyup"+p,function(a){27===a.keyCode&&b.close()}),v.on("resize"+p,function(){b.updateSize()}),b.st.closeOnContentClick||(f+=" mfp-auto-cursor"),f&&b.wrap.addClass(f);var k=b.wH=v.height(),n={};if(b.fixedContentPos&&b._hasScrollBar(k)){var o=b._getScrollbarSize();o&&(n.marginRight=o)}b.fixedContentPos&&(b.isIE7?a("body, html").css("overflow","hidden"):n.overflow="hidden");var r=b.st.mainClass;return b.isIE7&&(r+=" mfp-ie7"),r&&b._addClassToMFP(r),b.updateItemHTML(),y("BuildControls"),a("html").css(n),b.bgOverlay.add(b.wrap).prependTo(b.st.prependTo||a(document.body)),b._lastFocusedEl=document.activeElement,setTimeout(function(){b.content?(b._addClassToMFP(q),b._setFocus()):b.bgOverlay.addClass(q),d.on("focusin"+p,b._onFocusIn)},16),b.isOpen=!0,b.updateSize(k),y(m),c},close:function(){b.isOpen&&(y(i),b.isOpen=!1,b.st.removalDelay&&!b.isLowIE&&b.supportsTransition?(b._addClassToMFP(r),setTimeout(function(){b._close()},b.st.removalDelay)):b._close())},_close:function(){y(h);var c=r+" "+q+" ";if(b.bgOverlay.detach(),b.wrap.detach(),b.container.empty(),b.st.mainClass&&(c+=b.st.mainClass+" "),b._removeClassFromMFP(c),b.fixedContentPos){var e={marginRight:""};b.isIE7?a("body, html").css("overflow",""):e.overflow="",a("html").css(e)}d.off("keyup"+p+" focusin"+p),b.ev.off(p),b.wrap.attr("class","mfp-wrap").removeAttr("style"),b.bgOverlay.attr("class","mfp-bg"),b.container.attr("class","mfp-container"),!b.st.showCloseBtn||b.st.closeBtnInside&&b.currTemplate[b.currItem.type]!==!0||b.currTemplate.closeBtn&&b.currTemplate.closeBtn.detach(),b.st.autoFocusLast&&b._lastFocusedEl&&a(b._lastFocusedEl).focus(),b.currItem=null,b.content=null,b.currTemplate=null,b.prevHeight=0,y(j)},updateSize:function(a){if(b.isIOS){var c=document.documentElement.clientWidth/window.innerWidth,d=window.innerHeight*c;b.wrap.css("height",d),b.wH=d}else b.wH=a||v.height();b.fixedContentPos||b.wrap.css("height",b.wH),y("Resize")},updateItemHTML:function(){var c=b.items[b.index];b.contentContainer.detach(),b.content&&b.content.detach(),c.parsed||(c=b.parseEl(b.index));var d=c.type;if(y("BeforeChange",[b.currItem?b.currItem.type:"",d]),b.currItem=c,!b.currTemplate[d]){var f=b.st[d]?b.st[d].markup:!1;y("FirstMarkupParse",f),f?b.currTemplate[d]=a(f):b.currTemplate[d]=!0}e&&e!==c.type&&b.container.removeClass("mfp-"+e+"-holder");var g=b["get"+d.charAt(0).toUpperCase()+d.slice(1)](c,b.currTemplate[d]);b.appendContent(g,d),c.preloaded=!0,y(n,c),e=c.type,b.container.prepend(b.contentContainer),y("AfterChange")},appendContent:function(a,c){b.content=a,a?b.st.showCloseBtn&&b.st.closeBtnInside&&b.currTemplate[c]===!0?b.content.find(".mfp-close").length||b.content.append(z()):b.content=a:b.content="",y(k),b.container.addClass("mfp-"+c+"-holder"),b.contentContainer.append(b.content)},parseEl:function(c){var d,e=b.items[c];if(e.tagName?e={el:a(e)}:(d=e.type,e={data:e,src:e.src}),e.el){for(var f=b.types,g=0;g<f.length;g++)if(e.el.hasClass("mfp-"+f[g])){d=f[g];break}e.src=e.el.attr("data-mfp-src"),e.src||(e.src=e.el.attr("href"))}return e.type=d||b.st.type||"inline",e.index=c,e.parsed=!0,b.items[c]=e,y("ElementParse",e),b.items[c]},addGroup:function(a,c){var d=function(d){d.mfpEl=this,b._openClick(d,a,c)};c||(c={});var e="click.magnificPopup";c.mainEl=a,c.items?(c.isObj=!0,a.off(e).on(e,d)):(c.isObj=!1,c.delegate?a.off(e).on(e,c.delegate,d):(c.items=a,a.off(e).on(e,d)))},_openClick:function(c,d,e){var f=void 0!==e.midClick?e.midClick:a.magnificPopup.defaults.midClick;if(f||!(2===c.which||c.ctrlKey||c.metaKey||c.altKey||c.shiftKey)){var g=void 0!==e.disableOn?e.disableOn:a.magnificPopup.defaults.disableOn;if(g)if(a.isFunction(g)){if(!g.call(b))return!0}else if(v.width()<g)return!0;c.type&&(c.preventDefault(),b.isOpen&&c.stopPropagation()),e.el=a(c.mfpEl),e.delegate&&(e.items=d.find(e.delegate)),b.open(e)}},updateStatus:function(a,d){if(b.preloader){c!==a&&b.container.removeClass("mfp-s-"+c),d||"loading"!==a||(d=b.st.tLoading);var e={status:a,text:d};y("UpdateStatus",e),a=e.status,d=e.text,b.preloader.html(d),b.preloader.find("a").on("click",function(a){a.stopImmediatePropagation()}),b.container.addClass("mfp-s-"+a),c=a}},_checkIfClose:function(c){if(!a(c).hasClass(s)){var d=b.st.closeOnContentClick,e=b.st.closeOnBgClick;if(d&&e)return!0;if(!b.content||a(c).hasClass("mfp-close")||b.preloader&&c===b.preloader[0])return!0;if(c===b.content[0]||a.contains(b.content[0],c)){if(d)return!0}else if(e&&a.contains(document,c))return!0;return!1}},_addClassToMFP:function(a){b.bgOverlay.addClass(a),b.wrap.addClass(a)},_removeClassFromMFP:function(a){this.bgOverlay.removeClass(a),b.wrap.removeClass(a)},_hasScrollBar:function(a){return(b.isIE7?d.height():document.body.scrollHeight)>(a||v.height())},_setFocus:function(){(b.st.focus?b.content.find(b.st.focus).eq(0):b.wrap).focus()},_onFocusIn:function(c){return c.target===b.wrap[0]||a.contains(b.wrap[0],c.target)?void 0:(b._setFocus(),!1)},_parseMarkup:function(b,c,d){var e;d.data&&(c=a.extend(d.data,c)),y(l,[b,c,d]),a.each(c,function(c,d){if(void 0===d||d===!1)return!0;if(e=c.split("_"),e.length>1){var f=b.find(p+"-"+e[0]);if(f.length>0){var g=e[1];"replaceWith"===g?f[0]!==d[0]&&f.replaceWith(d):"img"===g?f.is("img")?f.attr("src",d):f.replaceWith(a("<img>").attr("src",d).attr("class",f.attr("class"))):f.attr(e[1],d)}}else b.find(p+"-"+c).html(d)})},_getScrollbarSize:function(){if(void 0===b.scrollbarSize){var a=document.createElement("div");a.style.cssText="width: 99px; height: 99px; overflow: scroll; position: absolute; top: -9999px;",document.body.appendChild(a),b.scrollbarSize=a.offsetWidth-a.clientWidth,document.body.removeChild(a)}return b.scrollbarSize}},a.magnificPopup={instance:null,proto:t.prototype,modules:[],open:function(b,c){return A(),b=b?a.extend(!0,{},b):{},b.isObj=!0,b.index=c||0,this.instance.open(b)},close:function(){return a.magnificPopup.instance&&a.magnificPopup.instance.close()},registerModule:function(b,c){c.options&&(a.magnificPopup.defaults[b]=c.options),a.extend(this.proto,c.proto),this.modules.push(b)},defaults:{disableOn:0,key:null,midClick:!1,mainClass:"",preloader:!0,focus:"",closeOnContentClick:!1,closeOnBgClick:!0,closeBtnInside:!0,showCloseBtn:!0,enableEscapeKey:!0,modal:!1,alignTop:!1,removalDelay:0,prependTo:null,fixedContentPos:"auto",fixedBgPos:"auto",overflowY:"auto",closeMarkup:'<button title="%title%" type="button" class="mfp-close">&#215;</button>',tClose:"Close (Esc)",tLoading:"Loading...",autoFocusLast:!0}},a.fn.magnificPopup=function(c){A();var d=a(this);if("string"==typeof c)if("open"===c){var e,f=u?d.data("magnificPopup"):d[0].magnificPopup,g=parseInt(arguments[1],10)||0;f.items?e=f.items[g]:(e=d,f.delegate&&(e=e.find(f.delegate)),e=e.eq(g)),b._openClick({mfpEl:e},d,f)}else b.isOpen&&b[c].apply(b,Array.prototype.slice.call(arguments,1));else c=a.extend(!0,{},c),u?d.data("magnificPopup",c):d[0].magnificPopup=c,b.addGroup(d,c);return d};var C,D,E,F="inline",G=function(){E&&(D.after(E.addClass(C)).detach(),E=null)};a.magnificPopup.registerModule(F,{options:{hiddenClass:"hide",markup:"",tNotFound:"Content not found"},proto:{initInline:function(){b.types.push(F),w(h+"."+F,function(){G()})},getInline:function(c,d){if(G(),c.src){var e=b.st.inline,f=a(c.src);if(f.length){var g=f[0].parentNode;g&&g.tagName&&(D||(C=e.hiddenClass,D=x(C),C="mfp-"+C),E=f.after(D).detach().removeClass(C)),b.updateStatus("ready")}else b.updateStatus("error",e.tNotFound),f=a("<div>");return c.inlineElement=f,f}return b.updateStatus("ready"),b._parseMarkup(d,{},c),d}}});var H,I="ajax",J=function(){H&&a(document.body).removeClass(H)},K=function(){J(),b.req&&b.req.abort()};a.magnificPopup.registerModule(I,{options:{settings:null,cursor:"mfp-ajax-cur",tError:'<a href="%url%">The content</a> could not be loaded.'},proto:{initAjax:function(){b.types.push(I),H=b.st.ajax.cursor,w(h+"."+I,K),w("BeforeChange."+I,K)},getAjax:function(c){H&&a(document.body).addClass(H),b.updateStatus("loading");var d=a.extend({url:c.src,success:function(d,e,f){var g={data:d,xhr:f};y("ParseAjax",g),b.appendContent(a(g.data),I),c.finished=!0,J(),b._setFocus(),setTimeout(function(){b.wrap.addClass(q)},16),b.updateStatus("ready"),y("AjaxContentAdded")},error:function(){J(),c.finished=c.loadError=!0,b.updateStatus("error",b.st.ajax.tError.replace("%url%",c.src))}},b.st.ajax.settings);return b.req=a.ajax(d),""}}});var L,M=function(c){if(c.data&&void 0!==c.data.title)return c.data.title;var d=b.st.image.titleSrc;if(d){if(a.isFunction(d))return d.call(b,c);if(c.el)return c.el.attr(d)||""}return""};a.magnificPopup.registerModule("image",{options:{markup:'<div class="mfp-figure"><div class="mfp-close"></div><figure><div class="mfp-img"></div><figcaption><div class="mfp-bottom-bar"><div class="mfp-title"></div><div class="mfp-counter"></div></div></figcaption></figure></div>',cursor:"mfp-zoom-out-cur",titleSrc:"title",verticalFit:!0,tError:'<a href="%url%">The image</a> could not be loaded.'},proto:{initImage:function(){var c=b.st.image,d=".image";b.types.push("image"),w(m+d,function(){"image"===b.currItem.type&&c.cursor&&a(document.body).addClass(c.cursor)}),w(h+d,function(){c.cursor&&a(document.body).removeClass(c.cursor),v.off("resize"+p)}),w("Resize"+d,b.resizeImage),b.isLowIE&&w("AfterChange",b.resizeImage)},resizeImage:function(){var a=b.currItem;if(a&&a.img&&b.st.image.verticalFit){var c=0;b.isLowIE&&(c=parseInt(a.img.css("padding-top"),10)+parseInt(a.img.css("padding-bottom"),10)),a.img.css("max-height",b.wH-c)}},_onImageHasSize:function(a){a.img&&(a.hasSize=!0,L&&clearInterval(L),a.isCheckingImgSize=!1,y("ImageHasSize",a),a.imgHidden&&(b.content&&b.content.removeClass("mfp-loading"),a.imgHidden=!1))},findImageSize:function(a){var c=0,d=a.img[0],e=function(f){L&&clearInterval(L),L=setInterval(function(){return d.naturalWidth>0?void b._onImageHasSize(a):(c>200&&clearInterval(L),c++,void(3===c?e(10):40===c?e(50):100===c&&e(500)))},f)};e(1)},getImage:function(c,d){var e=0,f=function(){c&&(c.img[0].complete?(c.img.off(".mfploader"),c===b.currItem&&(b._onImageHasSize(c),b.updateStatus("ready")),c.hasSize=!0,c.loaded=!0,y("ImageLoadComplete")):(e++,200>e?setTimeout(f,100):g()))},g=function(){c&&(c.img.off(".mfploader"),c===b.currItem&&(b._onImageHasSize(c),b.updateStatus("error",h.tError.replace("%url%",c.src))),c.hasSize=!0,c.loaded=!0,c.loadError=!0)},h=b.st.image,i=d.find(".mfp-img");if(i.length){var j=document.createElement("img");j.className="mfp-img",c.el&&c.el.find("img").length&&(j.alt=c.el.find("img").attr("alt")),c.img=a(j).on("load.mfploader",f).on("error.mfploader",g),j.src=c.src,i.is("img")&&(c.img=c.img.clone()),j=c.img[0],j.naturalWidth>0?c.hasSize=!0:j.width||(c.hasSize=!1)}return b._parseMarkup(d,{title:M(c),img_replaceWith:c.img},c),b.resizeImage(),c.hasSize?(L&&clearInterval(L),c.loadError?(d.addClass("mfp-loading"),b.updateStatus("error",h.tError.replace("%url%",c.src))):(d.removeClass("mfp-loading"),b.updateStatus("ready")),d):(b.updateStatus("loading"),c.loading=!0,c.hasSize||(c.imgHidden=!0,d.addClass("mfp-loading"),b.findImageSize(c)),d)}}});var N,O=function(){return void 0===N&&(N=void 0!==document.createElement("p").style.MozTransform),N};a.magnificPopup.registerModule("zoom",{options:{enabled:!1,easing:"ease-in-out",duration:300,opener:function(a){return a.is("img")?a:a.find("img")}},proto:{initZoom:function(){var a,c=b.st.zoom,d=".zoom";if(c.enabled&&b.supportsTransition){var e,f,g=c.duration,j=function(a){var b=a.clone().removeAttr("style").removeAttr("class").addClass("mfp-animated-image"),d="all "+c.duration/1e3+"s "+c.easing,e={position:"fixed",zIndex:9999,left:0,top:0,"-webkit-backface-visibility":"hidden"},f="transition";return e["-webkit-"+f]=e["-moz-"+f]=e["-o-"+f]=e[f]=d,b.css(e),b},k=function(){b.content.css("visibility","visible")};w("BuildControls"+d,function(){if(b._allowZoom()){if(clearTimeout(e),b.content.css("visibility","hidden"),a=b._getItemToZoom(),!a)return void k();f=j(a),f.css(b._getOffset()),b.wrap.append(f),e=setTimeout(function(){f.css(b._getOffset(!0)),e=setTimeout(function(){k(),setTimeout(function(){f.remove(),a=f=null,y("ZoomAnimationEnded")},16)},g)},16)}}),w(i+d,function(){if(b._allowZoom()){if(clearTimeout(e),b.st.removalDelay=g,!a){if(a=b._getItemToZoom(),!a)return;f=j(a)}f.css(b._getOffset(!0)),b.wrap.append(f),b.content.css("visibility","hidden"),setTimeout(function(){f.css(b._getOffset())},16)}}),w(h+d,function(){b._allowZoom()&&(k(),f&&f.remove(),a=null)})}},_allowZoom:function(){return"image"===b.currItem.type},_getItemToZoom:function(){return b.currItem.hasSize?b.currItem.img:!1},_getOffset:function(c){var d;d=c?b.currItem.img:b.st.zoom.opener(b.currItem.el||b.currItem);var e=d.offset(),f=parseInt(d.css("padding-top"),10),g=parseInt(d.css("padding-bottom"),10);e.top-=a(window).scrollTop()-f;var h={width:d.width(),height:(u?d.innerHeight():d[0].offsetHeight)-g-f};return O()?h["-moz-transform"]=h.transform="translate("+e.left+"px,"+e.top+"px)":(h.left=e.left,h.top=e.top),h}}});var P="iframe",Q="//about:blank",R=function(a){if(b.currTemplate[P]){var c=b.currTemplate[P].find("iframe");c.length&&(a||(c[0].src=Q),b.isIE8&&c.css("display",a?"block":"none"))}};a.magnificPopup.registerModule(P,{options:{markup:'<div class="mfp-iframe-scaler"><div class="mfp-close"></div><iframe class="mfp-iframe" src="//about:blank" frameborder="0" allowfullscreen></iframe></div>',srcAction:"iframe_src",patterns:{youtube:{index:"youtube.com",id:"v=",src:"//www.youtube.com/embed/%id%?autoplay=1"},vimeo:{index:"vimeo.com/",id:"/",src:"//player.vimeo.com/video/%id%?autoplay=1"},gmaps:{index:"//maps.google.",src:"%id%&output=embed"}}},proto:{initIframe:function(){b.types.push(P),w("BeforeChange",function(a,b,c){b!==c&&(b===P?R():c===P&&R(!0))}),w(h+"."+P,function(){R()})},getIframe:function(c,d){var e=c.src,f=b.st.iframe;a.each(f.patterns,function(){return e.indexOf(this.index)>-1?(this.id&&(e="string"==typeof this.id?e.substr(e.lastIndexOf(this.id)+this.id.length,e.length):this.id.call(this,e)),e=this.src.replace("%id%",e),!1):void 0});var g={};return f.srcAction&&(g[f.srcAction]=e),b._parseMarkup(d,g,c),b.updateStatus("ready"),d}}});var S=function(a){var c=b.items.length;return a>c-1?a-c:0>a?c+a:a},T=function(a,b,c){return a.replace(/%curr%/gi,b+1).replace(/%total%/gi,c)};a.magnificPopup.registerModule("gallery",{options:{enabled:!1,arrowMarkup:'<button title="%title%" type="button" class="mfp-arrow mfp-arrow-%dir%"></button>',preload:[0,2],navigateByImgClick:!0,arrows:!0,tPrev:"Previous (Left arrow key)",tNext:"Next (Right arrow key)",tCounter:"%curr% of %total%"},proto:{initGallery:function(){var c=b.st.gallery,e=".mfp-gallery";return b.direction=!0,c&&c.enabled?(f+=" mfp-gallery",w(m+e,function(){c.navigateByImgClick&&b.wrap.on("click"+e,".mfp-img",function(){return b.items.length>1?(b.next(),!1):void 0}),d.on("keydown"+e,function(a){37===a.keyCode?b.prev():39===a.keyCode&&b.next()})}),w("UpdateStatus"+e,function(a,c){c.text&&(c.text=T(c.text,b.currItem.index,b.items.length))}),w(l+e,function(a,d,e,f){var g=b.items.length;e.counter=g>1?T(c.tCounter,f.index,g):""}),w("BuildControls"+e,function(){if(b.items.length>1&&c.arrows&&!b.arrowLeft){var d=c.arrowMarkup,e=b.arrowLeft=a(d.replace(/%title%/gi,c.tPrev).replace(/%dir%/gi,"left")).addClass(s),f=b.arrowRight=a(d.replace(/%title%/gi,c.tNext).replace(/%dir%/gi,"right")).addClass(s);e.click(function(){b.prev()}),f.click(function(){b.next()}),b.container.append(e.add(f))}}),w(n+e,function(){b._preloadTimeout&&clearTimeout(b._preloadTimeout),b._preloadTimeout=setTimeout(function(){b.preloadNearbyImages(),b._preloadTimeout=null},16)}),void w(h+e,function(){d.off(e),b.wrap.off("click"+e),b.arrowRight=b.arrowLeft=null})):!1},next:function(){b.direction=!0,b.index=S(b.index+1),b.updateItemHTML()},prev:function(){b.direction=!1,b.index=S(b.index-1),b.updateItemHTML()},goTo:function(a){b.direction=a>=b.index,b.index=a,b.updateItemHTML()},preloadNearbyImages:function(){var a,c=b.st.gallery.preload,d=Math.min(c[0],b.items.length),e=Math.min(c[1],b.items.length);for(a=1;a<=(b.direction?e:d);a++)b._preloadItem(b.index+a);for(a=1;a<=(b.direction?d:e);a++)b._preloadItem(b.index-a)},_preloadItem:function(c){if(c=S(c),!b.items[c].preloaded){var d=b.items[c];d.parsed||(d=b.parseEl(c)),y("LazyLoad",d),"image"===d.type&&(d.img=a('<img class="mfp-img" />').on("load.mfploader",function(){d.hasSize=!0}).on("error.mfploader",function(){d.hasSize=!0,d.loadError=!0,y("LazyLoadError",d)}).attr("src",d.src)),d.preloaded=!0}}}});var U="retina";a.magnificPopup.registerModule(U,{options:{replaceSrc:function(a){return a.src.replace(/\.\w+$/,function(a){return"@2x"+a})},ratio:1},proto:{initRetina:function(){if(window.devicePixelRatio>1){var a=b.st.retina,c=a.ratio;c=isNaN(c)?c():c,c>1&&(w("ImageHasSize."+U,function(a,b){b.img.css({"max-width":b.img[0].naturalWidth/c,width:"100%"})}),w("ElementParse."+U,function(b,d){d.src=a.replaceSrc(d,c)}))}}}}),A()});</script>
<script id="trx_demo_panels-js-extra">
var TRX_DEMO_STORAGE = {"ajax_url":"https://manoir.themerex.net/wp-admin/admin-ajax.php","ajax_nonce":"6aa76ef4e1","site_url":"https://manoir.themerex.net","user_logged_in":"0","msg_ajax_error":"Invalid server response! Try again later.","tabs_delay":"3000"};
//# sourceURL=trx_demo_panels-js-extra
</script>
<script id="trx_demo_panels-js" defer="defer">jQuery(document).ready (function () {

	// Display panels after delay
	if ( TRX_DEMO_STORAGE['tabs_delay'] > 0 && TRX_DEMO_STORAGE['tabs_layout'] != '' ) {
		setTimeout( function() {
			jQuery('body').append(TRX_DEMO_STORAGE['tabs_layout']);
			trx_demo_init();
		}, TRX_DEMO_STORAGE['tabs_delay'] );
	} else {
		trx_demo_init();
	}
} );


function trx_demo_init() {

	var $demo_panels = jQuery( '.trx_demo_panels' ),
		multi_filters = $demo_panels.hasClass( 'trx_demo_panels_with_multi_filters' );

	// Switch panels on tab click
	$demo_panels.find('.trx_demo_tabs a:not([data-type="link"])')
		.on('click', function(e) {
			var tab = jQuery(this),
				panels = tab.parents('.trx_demo_panels'),
				new_panel = panels.find(tab.attr('href'));
			// Replace bg image placeholders
			if ( ! new_panel.hasClass( 'trx_demo_images_init' ) ) {
				new_panel
					.addClass( 'trx_demo_images_init' )
					.find( '[data-style^="background-image"]' )
						.each( function() {
							var $self = jQuery( this );
							$self
								.attr( 'style', $self.data('style') )
								.removeAttr( 'data-style' );

						} );
			}
			// Open panel
			if ( panels.hasClass('open') ) {
				if ( ! tab.hasClass('trx_demo_tab_active') ) {
					panels.find('.trx_demo_panel_active').fadeOut(function() {
						jQuery(this).removeClass('trx_demo_panel_active');
						new_panel.fadeIn().addClass('trx_demo_panel_active');
					});
				}
			} else {
				if ( ! tab.hasClass('trx_demo_tab_active') ) {
					panels.find('.trx_demo_panel_active').hide();
					new_panel.show().addClass('trx_demo_panel_active');
				}
				panels.addClass('open');
				jQuery('html').addClass('trx_demo_panels_open');
			}
			if ( ! tab.hasClass('trx_demo_tab_active') ) {
				tab.siblings().removeClass('trx_demo_tab_active');
				tab.addClass('trx_demo_tab_active');
			}
			e.preventDefault();
			return false;
		});

	// Close panels
	$demo_panels.find('.trx_demo_button_close,.trx_demo_panels_mask')
		.on('click', function(e) {
			$demo_panels
				.removeClass('open')
				.find('.trx_demo_panel_active').fadeOut(function() { jQuery(this).removeClass('trx_demo_panel_active'); }).end()
				.find('.trx_demo_tab_active').removeClass('trx_demo_tab_active');
			jQuery('html').removeClass('trx_demo_panels_open');
			e.preventDefault();
			return false;		
		});

	// Add classes to body
	$demo_panels.find('.trx_demo_panel_list_item[data-body-class] a')
		.on('click', function(e) {
			jQuery('body').toggleClass( jQuery(this).parents('.trx_demo_panel_list_item').data('body-class') );
			e.preventDefault();
			return false;		
		});

	// Subscribe email
	$demo_panels.find('.trx_demo_subscribe_email')
		.on('keypress', function(e) {
			jQuery(this).removeClass('trx_demo_field_error');
		} );
	$demo_panels.find('.trx_demo_subscribe_button')
		.on('click', function(e) {
			jQuery(this).parents('form').submit();
			e.preventDefault();
			return false;		
		});
	$demo_panels.find('.trx_demo_subscribe form')
		.on('submit', function(e) {
			var form = jQuery(this),
				fld = form.find('.trx_demo_subscribe_email'),
				email = fld.val(),
				url = form.attr('action'),
				nonce = form.find('[name="trx_demo_subscribe_nonce"]').val();
			var regexp = new RegExp( '^([a-z0-9_\\-]+\\.)*[a-z0-9_\\-]+@[a-z0-9_\\-]+(\\.[a-z0-9_\\-]+)*\\.[a-z]{2,6}$' );
			if ( url === '' || email === '' || email.length < 7 || ! regexp.test( email ) ) {
				fld.addClass( 'trx_demo_field_error' );
			} else {
				form.addClass('trx_demo_loading');
				jQuery.post(url, {
					action: "trx_demo_subscribe",
					nonce: nonce,
					email: email
				}).done(function(response) {
					var rez = {};
					try {
						rez = JSON.parse(response);
					} catch(e) {
						rez = { error: TRX_DEMO_STORAGE['msg_ajax_error'] };
						console.log(response);
					}
					form.removeClass('trx_demo_loading');
					var result = form.siblings(".trx_demo_message_box").removeClass("trx_demo_message_box_error").removeClass("trx_demo_message_box_success");
					if (rez.error === '') {
						form.get(0).reset();
						result.addClass("trx_demo_message_box_success").html( rez.success );
					} else {
						result.addClass("trx_demo_message_box_error").html( rez.error );
					}
					result.fadeIn().delay(5000).fadeOut();
				});
			}
			e.preventDefault();
			return false;		
		});


	// Block submit form with search field
	$demo_panels.find( '.trx_demo_panel_filters_form' )
		.on( 'submit', function() {
			return false;
		} );

	// Search items by part of slug (title)
	$demo_panels.find( '.trx_demo_panel_filters_search' )
		.on( 'keyup', function(e) {
			filter_items( jQuery( this ).parents( '.trx_demo_panel' ), false );
		} );

	// Filter items by tag
	$demo_panels.find( '.trx_demo_panel_filters_list' )
		.on( 'click', 'a', function(e) {
			var $item = jQuery( this ).parent();
			if ( ! multi_filters ) {
				$item.siblings().removeClass( 'filter_active' );
				$item.addClass( 'filter_active' );
			} else {
				$item.toggleClass( 'filter_active' );
				if ( $item.data( 'filter' ) && $item.data( 'filter' ).toLowerCase() == 'all' ) {
					if ( $item.hasClass( 'filter_active' ) ) {
						$item.siblings().removeClass( 'filter_active' );
					}
				} else {
					$item.parent().find( '[data-filter="All"]' ).removeClass( 'filter_active' );
				}
				if ( $item.parent().find( '.filter_active' ).length === 0 ) {
					$item.parent().find( '[data-filter="All"]' ).addClass( 'filter_active' );
				}
			}
			filter_items( jQuery( this ).parents( '.trx_demo_panel' ), true );
			e.preventDefault();
			return false;
		} );

	// Show/Hide items
	var filter_items_busy = false,
		filter_show_timer = 300;
	function filter_items( section, hide_all ) {
		if ( filter_items_busy ) {
			setTimeout( function() {
				filter_items( section, hide_all );
			}, filter_show_timer + 10 );
			return;
		}
		filter_items_busy = true;
		var txt  = section.find( '.trx_demo_panel_filters_search' ).val(),
			flt  = '',
			list = section.find( '.trx_demo_panel_list' ),
			mh   = 0;
		if ( ! multi_filters ) {
			flt = section.find( '.trx_demo_panel_filters_list_item.filter_active' ).eq(0).data( 'filter' ) || '';
			flt = flt.trim();
		} else {
			section.find( '.trx_demo_panel_filters_list_item.filter_active' ).each( function() {
				if ( jQuery( this ).data( 'filter' ) ) {
					flt += ( flt ? ',' : '' ) + jQuery( this ).data( 'filter' ).trim();
				}
			} );
		}
		if ( hide_all ) {
			mh = list.css( 'min-height' );
			list.css( 'min-height', section.outerHeight() + 'px' )
			section.find( '[data-filter-value]:visible' ).stop().fadeOut( filter_show_timer );
		}
		txt = txt.toLowerCase();
		flt = flt.toLowerCase();
		setTimeout( function() {
			var once = true;
			section.find( ( flt != '' ? '[data-filter-value]' : '[data-search-value]' ) + ( hide_all ? ':hidden' : '' ) ).each( function() {
				var $self = jQuery( this ),
					flt_val = $self.data( 'filter-value' ) || '',
					search_val = $self.data( 'search-value' ) || '';
				if ( ( txt === '' || search_val.toLowerCase().indexOf( txt ) >= 0 )
					&& ( flt == 'all' || flt == '' || filter_compare( flt, flt_val.trim().toLowerCase() ) )
				) {
					$self.stop().fadeIn( filter_show_timer );
					if ( hide_all && once ) {
						once = false;
						list.css( 'min-height', mh );
					}
				} else if ( ! hide_all && $self.is( ':visible' ) ) {
					$self.stop().fadeOut( filter_show_timer );
				}
			} );
			setTimeout( function() {
				filter_items_busy = false;
			}, filter_show_timer + 10 );
		}, hide_all ? filter_show_timer + 10 : 0 );
	}

	function filter_compare( s1, s2 ) {
		var a1 = s1.split(','),
			a2 = s2.split(',');
		return a1.filter( function( item ) {
    		return a2.indexOf( item ) !== -1;
		} ).length > 0;
	}
	
	// Mark active skin
	var skin_name = jQuery('body').attr('class').match(/\bskin_\S+/);
	if ( skin_name ) {
		skin_name = skin_name.toString().substring(5).replace(/-/g, ' ');
		$demo_panels.find( '.trx_demo_panel_skins .trx_demo_panel_list_item').each( function() {
			var $self = jQuery(this);
			if ( $self.find( '.trx_demo_panel_list_item_title > a' ).text().trim().toLowerCase() == skin_name ) {
				$self.addClass( 'trx_demo_panel_list_item_active' );
			}
		} );
	}
}</script>
<script data-wp-strategy="defer" id="jquery-blockui-js">/*!
 * jQuery blockUI plugin
 * Version 2.70.0-2014.11.23
 * Requires jQuery v1.7 or later
 *
 * Examples at: http://malsup.com/jquery/block/
 * Copyright (c) 2007-2013 M. Alsup
 * Dual licensed under the MIT and GPL licenses:
 * http://www.opensource.org/licenses/mit-license.php
 * http://www.gnu.org/licenses/gpl.html
 *
 * Thanks to Amir-Hossein Sobhi for some excellent contributions!
 */
!function(){"use strict";function e(e){e.fn._fadeIn=e.fn.fadeIn;var t=e.noop||function(){},o=/MSIE/.test(navigator.userAgent),n=/MSIE 6.0/.test(navigator.userAgent)&&!/MSIE 8.0/.test(navigator.userAgent),i=(document.documentMode,"function"==typeof document.createElement("div").style.setExpression&&document.createElement("div").style.setExpression);e.blockUI=function(e){d(window,e)},e.unblockUI=function(e){a(window,e)},e.growlUI=function(t,o,n,i){var s=e('<div class="growlUI"></div>');t&&s.append("<h1>"+t+"</h1>"),o&&s.append("<h2>"+o+"</h2>"),n===undefined&&(n=3e3);var l=function(t){t=t||{},e.blockUI({message:s,fadeIn:"undefined"!=typeof t.fadeIn?t.fadeIn:700,fadeOut:"undefined"!=typeof t.fadeOut?t.fadeOut:1e3,timeout:"undefined"!=typeof t.timeout?t.timeout:n,centerY:!1,showOverlay:!1,onUnblock:i,css:e.blockUI.defaults.growlCSS})};l();s.css("opacity");s.on("mouseover",function(){l({fadeIn:0,timeout:3e4});var t=e(".blockMsg");t.stop(),t.fadeTo(300,1)}).on("mouseout",function(){e(".blockMsg").fadeOut(1e3)})},e.fn.block=function(t){if(this[0]===window)return e.blockUI(t),this;var o=e.extend({},e.blockUI.defaults,t||{});return this.each(function(){var t=e(this);o.ignoreIfBlocked&&t.data("blockUI.isBlocked")||t.unblock({fadeOut:0})}),this.each(function(){"static"==e.css(this,"position")&&(this.style.position="relative",e(this).data("blockUI.static",!0)),this.style.zoom=1,d(this,t)})},e.fn.unblock=function(t){return this[0]===window?(e.unblockUI(t),this):this.each(function(){a(this,t)})},e.blockUI.version=2.7,e.blockUI.defaults={message:"<h1>Please wait...</h1>",title:null,draggable:!0,theme:!1,css:{padding:0,margin:0,width:"30%",top:"40%",left:"35%",textAlign:"center",color:"#000",border:"3px solid #aaa",backgroundColor:"#fff",cursor:"wait"},themedCSS:{width:"30%",top:"40%",left:"35%"},overlayCSS:{backgroundColor:"#000",opacity:.6,cursor:"wait"},cursorReset:"default",growlCSS:{width:"350px",top:"10px",left:"",right:"10px",border:"none",padding:"5px",opacity:.6,cursor:"default",color:"#fff",backgroundColor:"#000","-webkit-border-radius":"10px","-moz-border-radius":"10px","border-radius":"10px"},iframeSrc:/^https/i.test(window.location.href||"")?"javascript:false":"about:blank",forceIframe:!1,baseZ:1e3,centerX:!0,centerY:!0,allowBodyStretch:!0,bindEvents:!0,constrainTabKey:!0,fadeIn:200,fadeOut:400,timeout:0,showOverlay:!0,focusInput:!0,focusableElements:":input:enabled:visible",onBlock:null,onUnblock:null,onOverlayClick:null,quirksmodeOffsetHack:4,blockMsgClass:"blockMsg",ignoreIfBlocked:!1};var s=null,l=[];function d(d,c){var u,b,h=d==window,k=c&&c.message!==undefined?c.message:undefined;if(!(c=e.extend({},e.blockUI.defaults,c||{})).ignoreIfBlocked||!e(d).data("blockUI.isBlocked")){if(c.overlayCSS=e.extend({},e.blockUI.defaults.overlayCSS,c.overlayCSS||{}),u=e.extend({},e.blockUI.defaults.css,c.css||{}),c.onOverlayClick&&(c.overlayCSS.cursor="pointer"),b=e.extend({},e.blockUI.defaults.themedCSS,c.themedCSS||{}),k=k===undefined?c.message:k,h&&s&&a(window,{fadeOut:0}),k&&"string"!=typeof k&&(k.parentNode||k.jquery)){var y=k.jquery?k[0]:k,m={};e(d).data("blockUI.history",m),m.el=y,m.parent=y.parentNode,m.display=y.style.display,m.position=y.style.position,m.parent&&m.parent.removeChild(y)}e(d).data("blockUI.onUnblock",c.onUnblock);var g,v,I,w,U=c.baseZ;g=o||c.forceIframe?e('<iframe class="blockUI" style="z-index:'+U+++';display:none;border:none;margin:0;padding:0;position:absolute;width:100%;height:100%;top:0;left:0" src="'+c.iframeSrc+'"></iframe>'):e('<div class="blockUI" style="display:none"></div>'),v=c.theme?e('<div class="blockUI blockOverlay ui-widget-overlay" style="z-index:'+U+++';display:none"></div>'):e('<div class="blockUI blockOverlay" style="z-index:'+U+++';display:none;border:none;margin:0;padding:0;width:100%;height:100%;top:0;left:0"></div>'),c.theme&&h?(w='<div class="blockUI '+c.blockMsgClass+' blockPage ui-dialog ui-widget ui-corner-all" style="z-index:'+(U+10)+';display:none;position:fixed">',c.title&&(w+='<div class="ui-widget-header ui-dialog-titlebar ui-corner-all blockTitle">'+(c.title||"&nbsp;")+"</div>"),w+='<div class="ui-widget-content ui-dialog-content"></div>',w+="</div>"):c.theme?(w='<div class="blockUI '+c.blockMsgClass+' blockElement ui-dialog ui-widget ui-corner-all" style="z-index:'+(U+10)+';display:none;position:absolute">',c.title&&(w+='<div class="ui-widget-header ui-dialog-titlebar ui-corner-all blockTitle">'+(c.title||"&nbsp;")+"</div>"),w+='<div class="ui-widget-content ui-dialog-content"></div>',w+="</div>"):w=h?'<div class="blockUI '+c.blockMsgClass+' blockPage" style="z-index:'+(U+10)+';display:none;position:fixed"></div>':'<div class="blockUI '+c.blockMsgClass+' blockElement" style="z-index:'+(U+10)+';display:none;position:absolute"></div>',I=e(w),k&&(c.theme?(I.css(b),I.addClass("ui-widget-content")):I.css(u)),c.theme||v.css(c.overlayCSS),v.css("position",h?"fixed":"absolute"),(o||c.forceIframe)&&g.css("opacity",0);var x=[g,v,I],C=e(h?"body":d);e.each(x,function(){this.appendTo(C)}),c.theme&&c.draggable&&e.fn.draggable&&I.draggable({handle:".ui-dialog-titlebar",cancel:"li"});var S=i&&(!e.support.boxModel||e("object,embed",h?null:d).length>0);if(n||S){if(h&&c.allowBodyStretch&&e.support.boxModel&&e("html,body").css("height","100%"),(n||!e.support.boxModel)&&!h)var E=p(d,"borderTopWidth"),O=p(d,"borderLeftWidth"),T=E?"(0 - "+E+")":0,M=O?"(0 - "+O+")":0;e.each(x,function(e,t){var o=t[0].style;if(o.position="absolute",e<2)h?o.setExpression("height","Math.max(document.body.scrollHeight, document.body.offsetHeight) - (jQuery.support.boxModel?0:"+c.quirksmodeOffsetHack+') + "px"'):o.setExpression("height",'this.parentNode.offsetHeight + "px"'),h?o.setExpression("width",'jQuery.support.boxModel && document.documentElement.clientWidth || document.body.clientWidth + "px"'):o.setExpression("width",'this.parentNode.offsetWidth + "px"'),M&&o.setExpression("left",M),T&&o.setExpression("top",T);else if(c.centerY)h&&o.setExpression("top",'(document.documentElement.clientHeight || document.body.clientHeight) / 2 - (this.offsetHeight / 2) + (blah = document.documentElement.scrollTop ? document.documentElement.scrollTop : document.body.scrollTop) + "px"'),o.marginTop=0;else if(!c.centerY&&h){var n="((document.documentElement.scrollTop ? document.documentElement.scrollTop : document.body.scrollTop) + "+(c.css&&c.css.top?parseInt(c.css.top,10):0)+') + "px"';o.setExpression("top",n)}})}if(k&&(c.theme?I.find(".ui-widget-content").append(k):I.append(k),(k.jquery||k.nodeType)&&e(k).show()),(o||c.forceIframe)&&c.showOverlay&&g.show(),c.fadeIn){var B=c.onBlock?c.onBlock:t,j=c.showOverlay&&!k?B:t,H=k?B:t;c.showOverlay&&v._fadeIn(c.fadeIn,j),k&&I._fadeIn(c.fadeIn,H)}else c.showOverlay&&v.show(),k&&I.show(),c.onBlock&&c.onBlock.bind(I)();if(r(1,d,c),h?(s=I[0],l=e(c.focusableElements,s),c.focusInput&&setTimeout(f,20)):function(e,t,o){var n=e.parentNode,i=e.style,s=(n.offsetWidth-e.offsetWidth)/2-p(n,"borderLeftWidth"),l=(n.offsetHeight-e.offsetHeight)/2-p(n,"borderTopWidth");t&&(i.left=s>0?s+"px":"0");o&&(i.top=l>0?l+"px":"0")}(I[0],c.centerX,c.centerY),c.timeout){var z=setTimeout(function(){h?e.unblockUI(c):e(d).unblock(c)},c.timeout);e(d).data("blockUI.timeout",z)}}}function a(t,o){var n,i,d=t==window,a=e(t),u=a.data("blockUI.history"),f=a.data("blockUI.timeout");f&&(clearTimeout(f),a.removeData("blockUI.timeout")),o=e.extend({},e.blockUI.defaults,o||{}),r(0,t,o),null===o.onUnblock&&(o.onUnblock=a.data("blockUI.onUnblock"),a.removeData("blockUI.onUnblock")),i=d?e(document.body).children().filter(".blockUI").add("body > .blockUI"):a.find(">.blockUI"),o.cursorReset&&(i.length>1&&(i[1].style.cursor=o.cursorReset),i.length>2&&(i[2].style.cursor=o.cursorReset)),d&&(s=l=null),o.fadeOut?(n=i.length,i.stop().fadeOut(o.fadeOut,function(){0==--n&&c(i,u,o,t)})):c(i,u,o,t)}function c(t,o,n,i){var s=e(i);if(!s.data("blockUI.isBlocked")){t.each(function(e,t){this.parentNode&&this.parentNode.removeChild(this)}),o&&o.el&&(o.el.style.display=o.display,o.el.style.position=o.position,o.el.style.cursor="default",o.parent&&o.parent.appendChild(o.el),s.removeData("blockUI.history")),s.data("blockUI.static")&&s.css("position","static"),"function"==typeof n.onUnblock&&n.onUnblock(i,n);var l=e(document.body),d=l.width(),a=l[0].style.width;l.width(d-1).width(d),l[0].style.width=a}}function r(t,o,n){var i=o==window,l=e(o);if((t||(!i||s)&&(i||l.data("blockUI.isBlocked")))&&(l.data("blockUI.isBlocked",t),i&&n.bindEvents&&(!t||n.showOverlay))){var d="mousedown mouseup keydown keypress keyup touchstart touchend touchmove";t?e(document).on(d,n,u):e(document).off(d,u)}}function u(t){if("keydown"===t.type&&t.keyCode&&9==t.keyCode&&s&&t.data.constrainTabKey){var o=l,n=!t.shiftKey&&t.target===o[o.length-1],i=t.shiftKey&&t.target===o[0];if(n||i)return setTimeout(function(){f(i)},10),!1}var d=t.data,a=e(t.target);return a.hasClass("blockOverlay")&&d.onOverlayClick&&d.onOverlayClick(t),a.parents("div."+d.blockMsgClass).length>0||0===a.parents().children().filter("div.blockUI").length}function f(e){if(l){var t=l[!0===e?l.length-1:0];t&&t.trigger("focus")}}function p(t,o){return parseInt(e.css(t,o),10)||0}}"function"==typeof define&&define.amd&&define.amd.jQuery?define(["jquery"],e):e(jQuery)}();</script>
<script id="wc-add-to-cart-js-extra">
var wc_add_to_cart_params = {"ajax_url":"/wp-admin/admin-ajax.php","wc_ajax_url":"/?wc-ajax=%%endpoint%%","i18n_view_cart":"View cart","cart_url":"https://manoir.themerex.net/cart/","is_cart":"","cart_redirect_after_add":"no"};
//# sourceURL=wc-add-to-cart-js-extra
</script>
<script data-wp-strategy="defer" defer="" id="wc-add-to-cart-js">jQuery(function(t){if("undefined"==typeof wc_add_to_cart_params)return!1;var a=function(){this.requests=[],this.addRequest=this.addRequest.bind(this),this.run=this.run.bind(this),this.$liveRegion=this.createLiveRegion(),t(document.body).on("click",".add_to_cart_button:not(.wc-interactive)",{addToCartHandler:this},this.onAddToCart).on("click",".remove_from_cart_button",{addToCartHandler:this},this.onRemoveFromCart).on("added_to_cart",{addToCartHandler:this},this.onAddedToCart).on("removed_from_cart",{addToCartHandler:this},this.onRemovedFromCart).on("ajax_request_not_sent.adding_to_cart",this.updateButton)};a.prototype.addRequest=function(t){this.requests.push(t),1===this.requests.length&&this.run()},a.prototype.run=function(){var a=this,e=a.requests[0].complete;a.requests[0].complete=function(){"function"==typeof e&&e(),a.requests.shift(),a.requests.length>0&&a.run()},t.ajax(this.requests[0])},a.prototype.onAddToCart=function(a){var e=t(this);if(e.is(".ajax_add_to_cart")){if(!e.attr("data-product_id"))return!0;if(a.data.addToCartHandler.$liveRegion.text("").removeAttr("aria-relevant"),a.preventDefault(),e.removeClass("added"),e.addClass("loading"),!1===t(document.body).triggerHandler("should_send_ajax_request.adding_to_cart",[e]))return t(document.body).trigger("ajax_request_not_sent.adding_to_cart",[!1,!1,e]),!0;var r={};t.each(e.data(),function(t,a){r[t]=a}),t.each(e[0].dataset,function(t,a){r[t]=a}),t(document.body).trigger("adding_to_cart",[e,r]),a.data.addToCartHandler.addRequest({type:"POST",url:wc_add_to_cart_params.wc_ajax_url.toString().replace("%%endpoint%%","add_to_cart"),data:r,success:function(a){a&&(a.error&&a.product_url?window.location=a.product_url:"yes"!==wc_add_to_cart_params.cart_redirect_after_add?t(document.body).trigger("added_to_cart",[a.fragments,a.cart_hash,e]):window.location=wc_add_to_cart_params.cart_url)},dataType:"json"})}},a.prototype.onRemoveFromCart=function(a){var e=t(this),r=e.closest(".woocommerce-mini-cart-item");a.data.addToCartHandler.$liveRegion.text("").removeAttr("aria-relevant"),a.preventDefault(),r.block({message:null,overlayCSS:{opacity:.6}}),a.data.addToCartHandler.addRequest({type:"POST",url:wc_add_to_cart_params.wc_ajax_url.toString().replace("%%endpoint%%","remove_from_cart"),data:{cart_item_key:e.data("cart_item_key")},success:function(a){a&&a.fragments?t(document.body).trigger("removed_from_cart",[a.fragments,a.cart_hash,e]):window.location=e.attr("href")},error:function(){window.location=e.attr("href")},dataType:"json"})},a.prototype.updateButton=function(a,e,r,d){if(d=void 0!==d&&d){if(d.removeClass("loading"),e&&d.addClass("added"),e&&!wc_add_to_cart_params.is_cart&&0===d.parent().find(".added_to_cart").length){var o=document.createElement("a");o.href=wc_add_to_cart_params.cart_url,o.className="added_to_cart wc-forward",o.title=wc_add_to_cart_params.i18n_view_cart,o.textContent=wc_add_to_cart_params.i18n_view_cart,d.after(o)}t(document.body).trigger("wc_cart_button_updated",[d])}},a.prototype.updateFragments=function(a,e){e&&(t.each(e,function(a){t(a).addClass("updating").fadeTo("400","0.6").block({message:null,overlayCSS:{opacity:.6}})}),t.each(e,function(a,e){t(a).replaceWith(e),t(a).stop(!0).css("opacity","1").unblock()}),t(document.body).trigger("wc_fragments_loaded"))},a.prototype.alertCartUpdated=function(t,a,e,r){if(r=void 0!==r&&r){var d=r.data("success_message");if(!d)return;t.data.addToCartHandler.$liveRegion.delay(1e3).text(d).attr("aria-relevant","all")}},a.prototype.createLiveRegion=function(){var a=t(".widget_shopping_cart_live_region");return a.length?a:t('<div class="widget_shopping_cart_live_region screen-reader-text" role="status"></div>').appendTo("body")},a.prototype.onAddedToCart=function(t,a,e,r){t.data.addToCartHandler.updateButton(t,a,e,r),t.data.addToCartHandler.updateFragments(t,a),t.data.addToCartHandler.alertCartUpdated(t,a,e,r)},a.prototype.onRemovedFromCart=function(t,a,e,r){t.data.addToCartHandler.updateFragments(t,a),t.data.addToCartHandler.alertCartUpdated(t,a,e,r)},new a});</script>
<script data-wp-strategy="" id="js-cookie-js">/*! js-cookie v3.0.5 | MIT */
!function(e,t){"object"==typeof exports&&"undefined"!=typeof module?module.exports=t():"function"==typeof define&&define.amd?define(t):(e="undefined"!=typeof globalThis?globalThis:e||self,function(){var n=e.Cookies,o=e.Cookies=t();o.noConflict=function(){return e.Cookies=n,o}}())}(this,function(){"use strict";function e(e){for(var t=1;t<arguments.length;t++){var n=arguments[t];for(var o in n)e[o]=n[o]}return e}return function t(n,o){function r(t,r,i){if("undefined"!=typeof document){"number"==typeof(i=e({},o,i)).expires&&(i.expires=new Date(Date.now()+864e5*i.expires)),i.expires&&(i.expires=i.expires.toUTCString()),t=encodeURIComponent(t).replace(/%(2[346B]|5E|60|7C)/g,decodeURIComponent).replace(/[()]/g,escape);var c="";for(var u in i)i[u]&&(c+="; "+u,!0!==i[u]&&(c+="="+i[u].split(";")[0]));return document.cookie=t+"="+n.write(r,t)+c}}return Object.create({set:r,get:function(e){if("undefined"!=typeof document&&(!arguments.length||e)){for(var t=document.cookie?document.cookie.split("; "):[],o={},r=0;r<t.length;r++){var i=t[r].split("="),c=i.slice(1).join("=");try{var u=decodeURIComponent(i[0]);if(o[u]=n.read(c,u),e===u)break}catch(f){}}return e?o[e]:o}},remove:function(t,n){r(t,"",e({},n,{expires:-1}))},withAttributes:function(n){return t(this.converter,e({},this.attributes,n))},withConverter:function(n){return t(e({},this.converter,n),this.attributes)}},{attributes:{value:Object.freeze(o)},converter:{value:Object.freeze(n)}})}({read:function(e){return'"'===e[0]&&(e=e.slice(1,-1)),e.replace(/(%[\dA-F]{2})+/gi,decodeURIComponent)},write:function(e){return encodeURIComponent(e).replace(/%(2[346BF]|3[AC-F]|40|5[BDE]|60|7[BCD])/g,decodeURIComponent)}},{path:"/"})});</script>
<script id="woocommerce-js-extra">
var woocommerce_params = {"ajax_url":"/wp-admin/admin-ajax.php","wc_ajax_url":"/?wc-ajax=%%endpoint%%","i18n_password_show":"Show password","i18n_password_hide":"Hide password"};
//# sourceURL=woocommerce-js-extra
</script>
<script data-wp-strategy="defer" defer="" id="woocommerce-js">function focus_populate_live_region(){var e=["woocommerce-message","woocommerce-error","wc-block-components-notice-banner"].map(function(e){return"."+e+'[role="alert"]'}).join(", "),o=document.querySelectorAll(e);if(0!==o.length){var t=o[0];t.setAttribute("tabindex","-1");var n=setTimeout(function(){t.focus(),clearTimeout(n)},500)}}function refresh_sorted_by_live_region(){var e=document.querySelector(".woocommerce-result-count");if(e){var o=e.innerHTML;e.setAttribute("aria-hidden","true");var t=setTimeout(function(){e.setAttribute("aria-hidden","false"),e.innerHTML="",e.innerHTML=o,clearTimeout(t)},2e3)}}function on_document_ready(){focus_populate_live_region(),refresh_sorted_by_live_region()}jQuery(function(e){e(".woocommerce-ordering").on("change","select.orderby",function(){e(this).closest("form").trigger("submit")}),e("input.qty:not(.product-quantity input.qty)").each(function(){var o=parseFloat(e(this).attr("min"));o>=0&&parseFloat(e(this).val())<o&&e(this).val(o)}),document.body.addEventListener("keydown",function(e){e.target.matches('a[role="button"]')&&(" "!==e.key&&"Enter"!==e.key||(e.preventDefault(),e.target.click()))});var o="store_notice"+(e(".woocommerce-store-notice").data("noticeId")||"");if("hidden"===Cookies.get(o))e(".woocommerce-store-notice").hide();else{e(".woocommerce-store-notice").show(),e(".woocommerce-store-notice__dismiss-link").on("click",function t(n){Cookies.set(o,"hidden",{path:"/"}),e(".woocommerce-store-notice").hide(),n.preventDefault(),e(".woocommerce-store-notice__dismiss-link").off("click",t)})}e(".woocommerce-input-wrapper span.description").length&&e(document.body).on("click",function(){e(".woocommerce-input-wrapper span.description:visible").prop("aria-hidden",!0).slideUp(250)}),e(".woocommerce-input-wrapper").on("click",function(e){e.stopPropagation()}),e(".woocommerce-input-wrapper :input").on("keydown",function(o){var t=e(this).parent().find("span.description");if(27===o.which&&t.length&&t.is(":visible"))return t.prop("aria-hidden",!0).slideUp(250),o.preventDefault(),!1}).on("click focus",function(){var o=e(this).parent(),t=o.find("span.description");o.addClass("currentTarget"),e(".woocommerce-input-wrapper:not(.currentTarget) span.description:visible").prop("aria-hidden",!0).slideUp(250),t.length&&t.is(":hidden")&&t.prop("aria-hidden",!1).slideDown(250),o.removeClass("currentTarget")}),e.scroll_to_notices=function(o){o.length&&e("html, body").animate({scrollTop:o.offset().top-100},1e3)},e('.woocommerce form .woocommerce-Input[type="password"]').wrap('<span class="password-input"></span>'),e(".woocommerce form input").filter(":password").parent("span").addClass("password-input"),e(".password-input").each(function(){const o=e(this).find("input").attr("id");e(this).append('<button type="button" class="show-password-input" aria-label="'+woocommerce_params.i18n_password_show+'" aria-describedBy="'+o+'"></button>')}),e(".show-password-input").on("click",function(o){o.preventDefault(),e(this).hasClass("display-password")?(e(this).removeClass("display-password"),e(this).attr("aria-label",woocommerce_params.i18n_password_show)):(e(this).addClass("display-password"),e(this).attr("aria-label",woocommerce_params.i18n_password_hide)),e(this).hasClass("display-password")?e(this).siblings(['input[type="password"]']).prop("type","text"):e(this).siblings('input[type="text"]').prop("type","password"),e(this).siblings("input").focus()}),e("a.coming-soon-footer-banner-dismiss").on("click",function(o){var t=e(o.target);e.ajax({type:"post",url:t.data("rest-url"),data:{woocommerce_meta:{coming_soon_banner_dismissed:"yes"}},beforeSend:function(e){e.setRequestHeader("X-WP-Nonce",t.data("rest-nonce"))},complete:function(){e("#coming-soon-footer-banner").hide()}})}),e(document.body).on("item_removed_from_classic_cart updated_wc_div",focus_populate_live_region)}),document.addEventListener("DOMContentLoaded",on_document_ready);</script>
<script id="wpbs-script-js-extra">
var wpbs_ajax = {"token":"70c0737cd0","plugin_settings":{"booking_selection_hover_color":"#d3a05d","booking_selection_selected_color":"#d3815d","form_styling":"theme","recaptcha_v2_site_key":"","recaptcha_v2_secret_key":"","always_update":"1"}};
//# sourceURL=wpbs-script-js-extra
</script>
<script id="wpbs-script-js-before">
var wpbs_ajaxurl = 'https://manoir.themerex.net/wp-admin/admin-ajax.php';
        
//# sourceURL=wpbs-script-js-before
</script>
<script id="wpbs-script-js" defer="defer">$=jQuery.noConflict(),$(document).ready((function($){function resize_calendar($calendars_wrapper){var $months_wrapper=$calendars_wrapper.find(".wpbs-calendars-wrapper"),$months_wrapper_width=$calendars_wrapper.find(".wpbs-calendars"),calendar_min_width=$calendars_wrapper.data("min_width"),calendar_max_width=$calendars_wrapper.data("max_width"),$month_inner=$calendars_wrapper.find(".wpbs-calendar-wrapper");$calendars_wrapper.data("min_width")>0&&$calendars_wrapper.find(".wpbs-calendar").css("min-width",calendar_min_width),$calendars_wrapper.data("max_width")>0&&$calendars_wrapper.find(".wpbs-calendar").css("max-width",calendar_max_width);var column_count=0;column_count=$months_wrapper_width.width()<2*calendar_min_width?1:$months_wrapper_width.width()<3*calendar_min_width?2:$months_wrapper_width.width()<4*calendar_min_width?3:$months_wrapper_width.width()<6*calendar_min_width?4:6,$calendars_wrapper.find(".wpbs-calendar").length<=column_count&&(column_count=$calendars_wrapper.find(".wpbs-calendar").length),$calendars_wrapper.attr("data-columns",column_count),$months_wrapper.hasClass("wpbs-legend-position-side")&&($months_wrapper.css("max-width","none"),$months_wrapper.css("max-width",$calendars_wrapper.find(".wpbs-calendar").first().outerWidth(!0)*column_count));var td_width=$calendars_wrapper.find("td").first().width();$calendars_wrapper.find("td .wpbs-date-inner, td .wpbs-week-number").css("height",Math.ceil(td_width)+1+"px"),$calendars_wrapper.find("td .wpbs-date-inner, td .wpbs-week-number").css("line-height",Math.ceil(td_width)+1+"px");var th_height=$calendars_wrapper.find("th").css("height","auto").first().height();$calendars_wrapper.find("th").css("height",Math.ceil(th_height)+1+"px");var calendar_month_height=0;$month_inner.css("min-height","1px"),$month_inner.each((function(){$(this).height()>=calendar_month_height&&(calendar_month_height=$(this).height())})),$month_inner.css("min-height",Math.ceil(calendar_month_height)+"px"),$calendars_wrapper.css("visibility","visible")}function refresh_calendar($calendar_container,current_year,current_month){var $calendar_container;if(($calendar_container=$calendar_container).hasClass("wpbs-is-loading"))return!1;var data=$calendar_container.data();data.action="wpbs_refresh_calendar",data.current_year=current_year,data.current_month=current_month,$calendar_container.find(".wpbs-calendar").append('<div class="wpbs-overlay"><div class="wpbs-overlay-spinner"><div class="wpbs-overlay-bounce1"></div><div class="wpbs-overlay-bounce2"></div><div class="wpbs-overlay-bounce3"></div></div></div>'),$calendar_container.addClass("wpbs-is-loading"),$calendar_container.find("select").attr("disabled",!0),"undefined"!=typeof wpbs_ajaxurl&&(ajaxurl=wpbs_ajaxurl),$.post(ajaxurl,data,(function(response){$calendar_container.replaceWith(response),$(".wpbs-container").each((function(){resize_calendar($(this)),wpbs_mark_selected_dates($(this).parents(".wpbs-main-wrapper")),wpbs_set_off_screen_date_limits($(this).parents(".wpbs-main-wrapper")),$(this).siblings("form").length||$(this).removeClass("wpbs-enable-hover")}))}))}function wpbs_render_recaptcha(){$(".wpbs-google-recaptcha").length&&$(".wpbs-google-recaptcha").each((function(){if($recaptcha=$(this),$recaptcha.find("iframe").length)return!0;grecaptcha.render($recaptcha.attr("id"),{sitekey:$recaptcha.data("sitekey")})}))}function wpbs_set_selection_start_date(date,$calendar_instance){$calendar_instance.find(".wpbs-container").data("start_date",date.getTime())}function wpbs_set_selection_end_date(date,$calendar_instance){start_date=wpbs_get_selection_start_date($calendar_instance),start_date.getTime()>date?(wpbs_set_selection_start_date(date,$calendar_instance),start_date.setUTCDate(start_date.getUTCDate()),$calendar_instance.find(".wpbs-container").data("end_date",start_date.getTime())):$calendar_instance.find(".wpbs-container").data("end_date",date.getTime())}function wpbs_get_selection_start_date($calendar_instance){return void 0!==$calendar_instance.find(".wpbs-container").data("start_date")&&""!=$calendar_instance.find(".wpbs-container").data("start_date")&&(date=new Date($calendar_instance.find(".wpbs-container").data("start_date")),date)}function wpbs_get_selection_end_date($calendar_instance){return void 0!==$calendar_instance.find(".wpbs-container").data("end_date")&&""!=$calendar_instance.find(".wpbs-container").data("end_date")&&(date=new Date($calendar_instance.find(".wpbs-container").data("end_date")),date)}function wpbs_remove_selection_dates($calendar_instance){$calendar_instance.find(".wpbs-container").data("start_date",!1),$calendar_instance.find(".wpbs-container").data("end_date",!1),$calendar_instance.find(".wpbs-container .wpbs-date").removeClass("wpbs-date-selected"),$calendar_instance.find(".wpbs-container .wpbs-date").removeClass("wpbs-date-hover"),$calendar_instance.find(".wpbs-container .wpbs-date").removeClass("wpbs-selected-first").removeClass("wpbs-selected-last"),$calendar_instance.find(".wpbs-container .wpbs-date .wpbs-legend-icon-select").remove(),$calendar_instance.data("future_date_limit","infinite"),$calendar_instance.data("past_date_limit","infinite")}function wpbs_mark_hover_selection(date,$calendar_instance){if($el=$calendar_instance.find('.wpbs-container .wpbs-date[data-day="'+date.getUTCDate()+'"][data-month="'+(date.getUTCMonth()+1)+'"][data-year="'+date.getUTCFullYear()+'"]'),$el.length&&!$el.hasClass("wpbs-is-bookable"))return!1;if(changeover_start=$calendar_instance.find(".wpbs-container").data("changeover_start"),changeover_end=$calendar_instance.find(".wpbs-container").data("changeover_end"),changeover_start&&changeover_end){var hovered_dates={};if($calendar_instance.find(".wpbs-date-hover").each((function(){hovered_date_legend="normal",$(this).hasClass("wpbs-legend-item-"+changeover_start)&&(hovered_date_legend="start"),$(this).hasClass("wpbs-legend-item-"+changeover_end)&&(hovered_date_legend="end"),hovered_dates[""+$(this).data("year")+$(this).data("month")+$(this).data("day")]=hovered_date_legend})),hovered_date_legend="normal",$el.hasClass("wpbs-legend-item-"+changeover_start)&&(hovered_date_legend="start"),$el.hasClass("wpbs-legend-item-"+changeover_end)&&(hovered_date_legend="end"),hovered_dates[""+$el.data("year")+$el.data("month")+$el.data("day")]=hovered_date_legend,start_date_found=!1,exit_selection=!1,$.each(hovered_dates,(function(date,hovered_date_legend){"start"==hovered_date_legend&&(start_date_found=!0),"end"!=hovered_date_legend||!0!==start_date_found||(exit_selection=!0)})),!0===exit_selection)return!1}return!("infinite"!=$calendar_instance.data("past_date_limit")&&date.getTime()<$calendar_instance.data("past_date_limit"))&&(!("infinite"!=$calendar_instance.data("future_date_limit")&&date.getTime()>$calendar_instance.data("future_date_limit"))&&($el.addClass("wpbs-date-hover"),!0))}function wpbs_mark_selection(date,$calendar_instance){$el=$calendar_instance.find('.wpbs-container .wpbs-date[data-day="'+date.getUTCDate()+'"][data-month="'+(date.getUTCMonth()+1)+'"][data-year="'+date.getUTCFullYear()+'"]'),$el.addClass("wpbs-date-selected")}function wpbs_mark_selection_split_start(date,$calendar_instance){$el=$calendar_instance.find('.wpbs-container .wpbs-date[data-day="'+date.getUTCDate()+'"][data-month="'+(date.getUTCMonth()+1)+'"][data-year="'+date.getUTCFullYear()+'"]'),$el.addClass("wpbs-selected-first").find(".wpbs-legend-item-icon").append('<div class="wpbs-legend-icon-select"><svg height="100%" width="100%" viewBox="0 0 50 50" preserveAspectRatio="none"><polygon points="0,50 50,50 50,0" /></svg></div>')}function wpbs_mark_selection_split_end(date,$calendar_instance){$el=$calendar_instance.find('.wpbs-container .wpbs-date[data-day="'+date.getUTCDate()+'"][data-month="'+(date.getUTCMonth()+1)+'"][data-year="'+date.getUTCFullYear()+'"]'),$el.addClass("wpbs-selected-last").find(".wpbs-legend-item-icon").append('<div class="wpbs-legend-icon-select"><svg height="100%" width="100%" viewBox="0 0 50 50" preserveAspectRatio="none"><polygon points="0,0 0,50 50,0" /></svg></div>')}function wpbs_mark_selected_dates($calendar_instance){if(!1!==wpbs_get_selection_start_date($calendar_instance)&&!1!==wpbs_get_selection_end_date($calendar_instance)){$calendar_instance.find(".wpbs-date").removeClass("wpbs-date-selected"),$calendar_instance.find(".wpbs-date").removeClass("wpbs-date-hover");for(var i=wpbs_get_selection_start_date($calendar_instance);i<=wpbs_get_selection_end_date($calendar_instance);i.setUTCDate(i.getUTCDate()+1))wpbs_mark_selection(i,$calendar_instance);$(document).trigger("wpbs_dates_selected",[$calendar_instance])}}function wpbs_set_off_screen_date_limits($calendar_instance){if(!1===wpbs_get_selection_start_date($calendar_instance))return!1;if("infinite"!=$calendar_instance.data("future_date_limit")&&"infinite"!=$calendar_instance.data("past_date_limit"))return!1;var future_dates=[],past_dates=[],selected_date=wpbs_get_selection_start_date($calendar_instance).getTime();$calendar_instance.find(".wpbs-date").not(".wpbs-is-bookable").not(".wpbs-gap").each((function(){date=wpbs_get_element_date($(this)).getTime(),date>selected_date?future_dates.push(date):past_dates.push(date)})),future_dates.length&&"infinite"==$calendar_instance.data("future_date_limit")&&(future_dates.sort(),$calendar_instance.data("future_date_limit",future_dates[0])),past_dates.length&&"infinite"==$calendar_instance.data("past_date_limit")&&(past_dates.sort().reverse(),$calendar_instance.data("past_date_limit",past_dates[0]))}function wpbs_get_element_date($el){return date=new Date(Date.UTC($el.data("year"),$el.data("month")-1,$el.data("day"),0,0,0)),date}function wpbs_is_touch_device(){var prefixes=" -webkit- -moz- -o- -ms- ".split(" "),mq=function(query){return window.matchMedia(query).matches},query;return!!("ontouchstart"in window||window.DocumentTouch&&document instanceof DocumentTouch)||mq(["(",prefixes.join("touch-enabled),("),"heartz",")"].join(""))}$(".wpbs-container").each((function(){resize_calendar($(this))})),$(window).on("resize",(function(){var iframe;($(".wpbs-container").each((function(){resize_calendar($(this))})),$(".edit-site-visual-editor__editor-canvas").length)&&$("iframe.edit-site-visual-editor__editor-canvas").contents().find(".wpbs-container").each((function(){console.log("resizing iframe"),resize_calendar($(this))}))})),$(document).on("click",".wpbs-container .wpbs-prev",(function(e){e.preventDefault();for(var $container=$(this).closest(".wpbs-container"),current_month=$container.data("current_month"),current_year=$container.data("current_year"),navigate_count=1,i=1;i<=1;i++)(current_month-=1)<1&&(current_month=12,current_year-=1);refresh_calendar($container,current_year,current_month)})),$(document).on("click",".wpbs-container .wpbs-next",(function(e){e.preventDefault();for(var $container=$(this).closest(".wpbs-container"),current_month=$container.data("current_month"),current_year=$container.data("current_year"),navigate_count=1,i=1;i<=1;i++)(current_month+=1)>12&&(current_month=1,current_year+=1);refresh_calendar($container,current_year,current_month)})),$(document).on("change",".wpbs-container .wpbs-select-container select",(function(){var $container=$(this).closest(".wpbs-container"),date=new Date(1e3*$(this).val()),year,month;refresh_calendar($container,date.getFullYear(),date.getMonth()+1)})),$(document).on("change",".wpbs-form-field-payment_method input[type='radio']",(function(){$(this).parents(".wpbs-form-field-payment_method").find("p.wpbs-payment-method-description-open").removeClass("wpbs-payment-method-description-open"),$(this).parent().next("p").addClass("wpbs-payment-method-description-open")})),$(document).on("submit",".wpbs-form-container",(function(e){e.preventDefault(),$form=$(this);var $calendar=$form.parents(".wpbs-main-wrapper").find(".wpbs-container");"undefined"!=typeof wpbs_ajaxurl&&(ajaxurl=wpbs_ajaxurl);var data={action:"wpbs_submit_form"};data.form=$form.data(),data.calendar=$calendar.data(),data.wpbs_token=wpbs_ajax.token,data.form_data=$form.serialize(),$.post(ajaxurl,data,(function(response){if(!1===(response=JSON.parse(response)).success)$form.replaceWith(response.html),wpbs_render_recaptcha(),$("html, body").stop().animate({scrollTop:$calendar.parents(".wpbs-main-wrapper").offset().top});else if(!0===response.success)if("message"==response.confirmation_type){$form.parents(".wpbs-payment-confirmation").length?$form.parents(".wpbs-payment-confirmation").replaceWith('<div class="wpbs-form-confirmation-message"><p>'+response.confirmation_message+"</p></div>"):($form.replaceWith('<div class="wpbs-form-confirmation-message"><p>'+response.confirmation_message+"</p></div>"),$("html, body").stop().animate({scrollTop:$calendar.parents(".wpbs-main-wrapper").offset().top})),$calendar_instance=$calendar.parents(".wpbs-main-wrapper"),wpbs_remove_selection_dates($calendar_instance),$calendar_instance.data("future_date_limit","infinite"),$calendar_instance.data("past_date_limit","infinite");var current_month=$calendar.data("current_month"),current_year=$calendar.data("current_year");refresh_calendar($calendar,current_year,current_month)}else"redirect"==response.confirmation_type&&(window.location.href=response.confirmation_redirect_url)}))})),$(window).on("load",(function(){wpbs_render_recaptcha()})),$(document).on("elementor/popup/show",()=>{$(window).trigger("resize")}),$(document).on("click",".wpbs-container .wpbs-is-bookable",(function(){if($el=$(this),$calendar_instance=$el.parents(".wpbs-main-wrapper"),$el.hasClass("wpbs-gap"))return!1;if($calendar_instance.hasClass("wpbs-main-wrapper-form-0"))return!1;if(!$calendar_instance.find(".wpbs-form-container").length)return!1;if(!1===wpbs_get_selection_start_date($calendar_instance))$calendar_instance.data("future_date_limit","infinite"),$calendar_instance.data("past_date_limit","infinite"),wpbs_set_selection_start_date(wpbs_get_element_date($el),$calendar_instance),wpbs_set_off_screen_date_limits($calendar_instance),wpbs_is_touch_device()||$el.trigger("mouseenter");else if(!1!==wpbs_get_selection_start_date($calendar_instance)&&!1===wpbs_get_selection_end_date($calendar_instance)){if(wpbs_is_touch_device()&&$el.trigger("mouseenter"),!$el.hasClass("wpbs-date-hover"))return!1;wpbs_set_selection_end_date(wpbs_get_element_date($el),$calendar_instance),wpbs_mark_selected_dates($calendar_instance),$calendar_instance.find(".wpbs-container").addClass("wpbs-enable-hover")}else!1!==wpbs_get_selection_start_date($calendar_instance)&&!1!==wpbs_get_selection_end_date($calendar_instance)&&(wpbs_remove_selection_dates($calendar_instance),$calendar_instance.data("future_date_limit","infinite"),$calendar_instance.data("past_date_limit","infinite"),wpbs_set_selection_start_date(wpbs_get_element_date($el),$calendar_instance),wpbs_set_off_screen_date_limits($calendar_instance),wpbs_is_touch_device()||$el.trigger("mouseenter"))})),$(document).on("mouseenter",".wpbs-container .wpbs-is-bookable",(function(){if($el=$(this),$calendar_instance=$el.parents(".wpbs-main-wrapper"),$calendar_instance.hasClass("wpbs-main-wrapper-form-0"))return!1;if(!1===wpbs_get_selection_start_date($calendar_instance)||!1!==wpbs_get_selection_end_date($calendar_instance))return!1;if($calendar_instance.find(".wpbs-container").removeClass("wpbs-enable-hover"),current_date=wpbs_get_element_date($el),selection_start_date=wpbs_get_selection_start_date($calendar_instance),$calendar_instance.find(".wpbs-container .wpbs-date").removeClass("wpbs-date-hover"),current_date>selection_start_date){start_date=selection_start_date,end_date=current_date;for(var i=start_date;i<=end_date&&!1!==wpbs_mark_hover_selection(i,$calendar_instance);i.setUTCDate(i.getUTCDate()+1));}else{start_date=current_date,end_date=selection_start_date;for(var i=end_date;i>=start_date&&!1!==wpbs_mark_hover_selection(i,$calendar_instance);i.setUTCDate(i.getUTCDate()-1));}}));var wpbs_frontend_visible_calendars=$(".wpbs-container:visible").length;function wpbs_check_if_calendar_is_visible(){return!!$(".wpbs-container").length&&($(".wpbs-container:visible").addClass("wpbs-visible"),wpbs_frontend_visible_calendars!=$(".wpbs-container.wpbs-visible").length&&($(window).trigger("resize"),wpbs_frontend_visible_calendars=$(".wpbs-container.wpbs-visible").length),$(".wpbs-container:not(:visible)").removeClass("wpbs-visible"),$(".wpbs-container.wpbs-visible").length!=$(".wpbs-container").length&&void setTimeout(wpbs_check_if_calendar_is_visible,250))}wpbs_check_if_calendar_is_visible(),$("body").hasClass("block-editor-page")&&$("body").hasClass("wp-admin")&&setInterval((function(){$(window).trigger("resize")}),1e3)}));</script>
<script id="wc-cart-fragments-js-extra">
var wc_cart_fragments_params = {"ajax_url":"/wp-admin/admin-ajax.php","wc_ajax_url":"/?wc-ajax=%%endpoint%%","cart_hash_key":"wc_cart_hash_d77dd98fddafe3ddec69cb44a1a0043d","fragment_name":"wc_fragments_d77dd98fddafe3ddec69cb44a1a0043d","request_timeout":"5000"};
//# sourceURL=wc-cart-fragments-js-extra
</script>
<script data-wp-strategy="defer" id="wc-cart-fragments-js">jQuery(function(e){if("undefined"==typeof wc_cart_fragments_params)return!1;var t=!0,r=wc_cart_fragments_params.cart_hash_key;try{t="sessionStorage"in window&&null!==window.sessionStorage,window.sessionStorage.setItem("wc","test"),window.sessionStorage.removeItem("wc"),window.localStorage.setItem("wc","test"),window.localStorage.removeItem("wc")}catch(f){t=!1}function n(){t&&sessionStorage.setItem("wc_cart_created",(new Date).getTime())}function o(e){t&&(localStorage.setItem(r,e),sessionStorage.setItem(r,e))}var a={url:wc_cart_fragments_params.wc_ajax_url.toString().replace("%%endpoint%%","get_refreshed_fragments"),type:"POST",data:{time:(new Date).getTime()},timeout:wc_cart_fragments_params.request_timeout,success:function(r){r&&r.fragments&&(e.each(r.fragments,function(t,r){e(t).replaceWith(r)}),t&&(sessionStorage.setItem(wc_cart_fragments_params.fragment_name,JSON.stringify(r.fragments)),o(r.cart_hash),r.cart_hash&&n()),e(document.body).trigger("wc_fragments_refreshed"))},error:function(){e(document.body).trigger("wc_fragments_ajax_error")}};function s(){e.ajax(a)}if(t){var i=null;e(document.body).on("wc_fragment_refresh updated_wc_div",function(){s()}),e(document.body).on("added_to_cart removed_from_cart",function(e,t,a){var s=sessionStorage.getItem(r);null!==s&&s!==undefined&&""!==s||n(),sessionStorage.setItem(wc_cart_fragments_params.fragment_name,JSON.stringify(t)),o(a)}),e(document.body).on("wc_fragments_refreshed",function(){clearTimeout(i),i=setTimeout(s,864e5)}),e(window).on("storage onstorage",function(e){r===e.originalEvent.key&&localStorage.getItem(r)!==sessionStorage.getItem(r)&&s()}),e(window).on("pageshow",function(t){t.originalEvent.persisted&&(e(".widget_shopping_cart_content").empty(),e(document.body).trigger("wc_fragment_refresh"))});try{var c=JSON.parse(sessionStorage.getItem(wc_cart_fragments_params.fragment_name)),_=sessionStorage.getItem(r),g=Cookies.get("woocommerce_cart_hash"),m=sessionStorage.getItem("wc_cart_created");if(null!==_&&_!==undefined&&""!==_||(_=""),null!==g&&g!==undefined&&""!==g||(g=""),_&&(null===m||m===undefined||""===m))throw"No cart_created";if(m){var d=1*m+864e5,w=(new Date).getTime();if(d<w)throw"Fragment expired";i=setTimeout(s,d-w)}if(!c||!c["div.widget_shopping_cart_content"]||_!==g)throw"No fragment";e.each(c,function(t,r){e(t).replaceWith(r)}),e(document.body).trigger("wc_fragments_loaded")}catch(f){s()}}else s();Cookies.get("woocommerce_items_in_cart")>0?e(".hide_cart_widget_if_empty").closest(".widget_shopping_cart").show():e(".hide_cart_widget_if_empty").closest(".widget_shopping_cart").hide(),e(document.body).on("adding_to_cart",function(){e(".hide_cart_widget_if_empty").closest(".widget_shopping_cart").show()}),"undefined"!=typeof wp&&wp.customize&&wp.customize.selectiveRefresh&&wp.customize.widgetsPreview&&wp.customize.widgetsPreview.WidgetPartial&&wp.customize.selectiveRefresh.bind("partial-content-rendered",function(){s()})});</script>
<script id="tinvwl-js-extra">
var tinvwl_add_to_wishlist = {"text_create":"Create New","text_already_in":"\"{product_name}\" already in Wishlist","simple_flow":"1","hide_zero_counter":"","i18n_make_a_selection_text":"Please select some product options before adding this product to your wishlist.","tinvwl_break_submit":"No items or actions are selected.","tinvwl_clipboard":"Copied!","allow_parent_variable":"","block_ajax_wishlists_data":"","update_wishlists_data":"","hash_key":"ti_wishlist_data_d77dd98fddafe3ddec69cb44a1a0043d","nonce":"b9958a547d","rest_root":"https://manoir.themerex.net/wp-json/","plugin_url":"https://manoir.themerex.net/wp-content/plugins/ti-woocommerce-wishlist/","wc_ajax_url":"/?wc-ajax=tinvwl","stats":"","popup_timer":"6000"};
//# sourceURL=tinvwl-js-extra
</script>
<script id="tinvwl-js" defer="defer">/**
 * TI WooCommerce Wishlist Plugin - Allow your store guests and customers to add products to Wishlist.  Add Wishlist functionality to your store for free.
 * @version 2.10.0
 * @link https://wordpress.org/plugins/ti-woocommerce-wishlist/
 */
function _typeof(t){return(_typeof="function"==typeof Symbol&&"symbol"==typeof Symbol.iterator?function(t){return typeof t}:function(t){return t&&"function"==typeof Symbol&&t.constructor===Symbol&&t!==Symbol.prototype?"symbol":typeof t})(t)}function showTooltip(t,i){t.setAttribute("class","social social-clipboard tooltipped tooltipped-s"),t.setAttribute("aria-label",i)}function clearTooltip(t){t.currentTarget.setAttribute("class","social social-clipboard "),t.currentTarget.removeAttribute("aria-label")}(w=>{w.fn.tinvwl_to_wishlist=function(t){var i={api_url:window.location.href.split("?")[0],text_create:window.tinvwl_add_to_wishlist.text_create,text_already_in:window.tinvwl_add_to_wishlist.text_already_in,class:{dialogbox:".tinvwl_add_to_select_wishlist",select:".tinvwl_wishlist",newtitle:".tinvwl_new_input",dialogbutton:".tinvwl_button_add"},redirectTimer:null,onPrepareList:function(){},onGetDialogBox:function(){},onPrepareDialogBox:function(){w("body > .tinv-wishlist").length||w("body").append(w("<div>").addClass("tinv-wishlist")),w(this).appendTo("body > .tinv-wishlist")},onCreateWishList:function(t){w(this).append(w("<option>").html(t.title).val(t.ID).toggleClass("tinv_in_wishlist",t.in))},onSelectWishList:function(){},onDialogShow:function(t){w(t).addClass("tinv-modal-open"),w(t).removeClass("ftinvwl-pulse")},onDialogHide:function(t){w(this).removeClass("tinv-modal-open"),w(t).removeClass("ftinvwl-pulse")},onInited:function(){},onClick:function(){if(w(this).is(".disabled-add-wishlist"))return!1;w(this).is(".ftinvwl-animated")&&w(this).addClass("ftinvwl-pulse"),(this.tinvwl_dialog?this.tinvwl_dialog.show_list:s.onActionProduct).call(this)},onPrepareDataAction:function(t,i){w("body").trigger("tinvwl_wishlist_button_clicked",[t,i])},filterProductAlreadyIn:function(t){var t=t||[],n={};return w("form.cart[method=post], .woocommerce-variation-add-to-cart, form.vtajaxform[method=post]").find("input, select").each(function(){var t=w(this).attr("name"),i=w(this).attr("type"),e=w(this).val();("checkbox"!==i&&"radio"!==i||w(this).is(":checked"))&&(n["form"+t]=e)}),n=n.formvariation_id,t.filter(function(t){var i;return"object"===_typeof(t.in)&&"string"==typeof n?(i=parseInt(n),0<=t.in.indexOf(i)):t.in})},onMultiProductAlreadyIn:function(t){var t=t||[],e=(t=s.onPrepareList.call(t)||t,t=s.filterProductAlreadyIn.call(this,t)||t,w(this).parent().parent().find(".already-in").remove(),"");0!==t.length&&(e=w("<ul>"),w.each(t,function(t,i){e.append(w("<li>").html(w("<a>").html(i.title).attr({href:i.url})).val(i.ID))})),e.length&&w(this).closest(".tinv-modal-inner").find("img").after(w("<div>").addClass("already-in").html(s.text_already_in+" ").append(e))},onAction:{redirect:function(t){s.redirectTimer&&clearTimeout(s.redirectTimer),s.redirectTimer=window.setTimeout(function(){window.location.href=t},4e3)},force_redirect:function(t){window.location.href=t},wishlists:function(t){},msg:function(t){if(!t)return!1;var i=w(t).eq(0);w("body > .tinv-wishlist").length||w("body").append(w("<div>").addClass("tinv-wishlist")),w("body > .tinv-wishlist").append(i),r("body > .tinv-wishlist"),s.redirectTimer||(s.removeTimer=window.setTimeout(function(){i.remove(),s.redirectTimer&&clearTimeout(s.redirectTimer)},tinvwl_add_to_wishlist.popup_timer)),i.on("click",".tinv-close-modal, .tinvwl_button_close, .tinv-overlay",function(t){t.preventDefault(),i.remove(),s.redirectTimer&&clearTimeout(s.redirectTimer),s.removeTimer&&clearTimeout(s.removeTimer)})},status:function(t){w("body").trigger("tinvwl_wishlist_added_status",[this,t])},removed:function(t){},make_remove:function(t){},wishlists_data:function(t){d(JSON.stringify(t))}},onActionProduct:function(t,i){var d={form:{},tinv_wishlist_id:t||"",tinv_wishlist_name:i||"",product_type:w(this).attr("data-tinv-wl-producttype"),product_id:w(this).attr("data-tinv-wl-product")||0,product_variation:w(this).attr("data-tinv-wl-productvariation")||0,product_action:w(this).attr("data-tinv-wl-action")||"addto",redirect:window.location.href},e=this,n=[],r=[],c=new FormData;tinvwl_add_to_wishlist.wpml&&(d.lang=tinvwl_add_to_wishlist.wpml),tinvwl_add_to_wishlist.wpml_default&&(d.lang_default=tinvwl_add_to_wishlist.wpml_default),tinvwl_add_to_wishlist.stats&&(d.stats=tinvwl_add_to_wishlist.stats),w('form.cart[method=post][data-product_id="'+w(this).attr("data-tinv-wl-product")+'"], form.vtajaxform[method=post][data-product_id="'+w(this).attr("data-tinv-wl-product")+'"]').each(function(){n.push(w(this))}),n.length||(w(e).closest("form.cart[method=post], form.vtajaxform[method=post]").each(function(){n.push(w(this))}),n.length)||n.push(w("form.cart[method=post]")),w('.tinv-wraper[data-tinvwl_product_id="'+w(this).attr("data-tinv-wl-product")+'"]').each(function(){n.push(w(this))}),w.each(n,function(t,i){w(i).find("input:not(:disabled), select:not(:disabled), textarea:not(:disabled)").each(function(){var t,i=w(this).attr("name"),e=w(this).attr("type"),n=w(this).val(),s=10,o=function(t,i){if("object"!==_typeof(i))return i;for(var e in void 0===t&&(t={}),i)if(""===e){var n=-1;for(n in t);t[n=parseInt(n)+1]=o(t[e],i[e])}else t[e]=o(t[e],i[e]);return t};if("button"!==e&&void 0!==i){for(;/^(.+)\[([^\[\]]*?)\]$/.test(i)&&0<s;){var a,l=i.match(/^(.+)\[([^\[\]]*?)\]$/);3===l.length&&((a={})[l[2]]=n,n=a),i=l[1],s--}"file"===e&&(t=w(this)[0].files)&&c.append(i,t[0]),"checkbox"===e||"radio"===e?w(this).is(":checked")&&(n.length||"object"===_typeof(n)||(n=!0),d.form[i]=o(d.form[i],n)):d.form[i]=o(d.form[i],n),"hidden"===e&&r.push(i)}})}),d.form["tinvwl-hidden-fields"]=r,d=s.onPrepareDataAction.call(e,e,d)||d,w.each(d,function(e,t){"form"===e?w.each(t,function(t,i){"object"===_typeof(i)&&(i=JSON.stringify(i)),c.append(e+"["+t+"]",i)}):c.append(e,t)}),w.ajax({url:s.api_url,method:"POST",contentType:!1,processData:!1,data:c}).done(function(t){if(w("body").trigger("tinvwl_wishlist_ajax_response",[this,t]),s.onDialogHide.call(e.tinvwl_dialog,e),"object"===_typeof(t))for(var i in t)"function"==typeof s.onAction[i]&&s.onAction[i].call(e,t[i]);else"function"==typeof s.onAction.msg&&s.onAction.msg.call(e,t)})}},s=w.extend(!0,{},i,t);return w(this).each(function(){if(!w(this).attr("data-tinv-wl-list"))return!1;var t,n;s.dialogbox&&s.dialogbox.length&&(this.tinvwl_dialog=s.dialogbox),this.tinvwl_dialog||(this.tinvwl_dialog=s.onGetDialogBox.call(this)),this.tinvwl_dialog||(t=w(this).nextAll(s.class.dialogbox).eq(0)).length&&(this.tinvwl_dialog=t),this.tinvwl_dialog&&(s.onPrepareDialogBox.call(this.tinvwl_dialog),"function"!=typeof this.tinvwl_dialog.update_list&&(this.tinvwl_dialog.update_list=function(t){var e=w(this).find(s.class.select).eq(0);w(this).find(s.class.newtitle).hide().val(""),e.html(""),w.each(t,function(t,i){s.onCreateWishList.call(e,i)}),s.text_create&&s.onCreateWishList.call(e,{ID:"",title:s.text_create,in:!1}),s.onMultiProductAlreadyIn.call(e,t),s.onSelectWishList.call(e,t),w(this).find(s.class.newtitle).toggle(""===e.val())}),"function"!=typeof this.tinvwl_dialog.show_list&&(this.tinvwl_dialog.show_list=function(){var t=JSON.parse(w(this).attr("data-tinv-wl-list"))||[];t.length?(t=s.onPrepareList.call(t)||t,this.tinvwl_dialog.update_list(t),s.onDialogShow.call(this.tinvwl_dialog,this)):s.onActionProduct.call(this)}),w((n=this).tinvwl_dialog).find(s.class.dialogbutton).off("click").on("click",function(){var t,i=w(n.tinvwl_dialog).find(s.class.select),e=w(n.tinvwl_dialog).find(s.class.newtitle);i.val()||e.val()?s.onActionProduct.call(n,i.val(),e.val()):((t=e.is(":visible")?e:i).addClass("empty-name-wishlist"),window.setTimeout(function(){t.removeClass("empty-name-wishlist")},1e3))})),w(this).off("click").on("click",s.onClick),s.onInited.call(this,s)})},w(document).ready(function(){w("body").on("click keydown",".tinvwl_add_to_wishlist_button",function(t){if("keydown"===t.type){var i=void 0!==t.key?t.key:t.keyCode;if(!("Enter"===i||13===i||0<=["Spacebar"," "].indexOf(i)||32===i))return;t.preventDefault()}w("body").trigger("tinvwl_add_to_wishlist_button_click",[this]),w(this).is(".disabled-add-wishlist")?(t.preventDefault(),window.alert(tinvwl_add_to_wishlist.i18n_make_a_selection_text)):w(this).is(".inited-add-wishlist")||w(this).tinvwl_to_wishlist({onInited:function(t){w(this).addClass("inited-add-wishlist"),t.onClick.call(this)}})}),w("body").on("click keydown",'button[name="tinvwl-remove"]',function(t){if("keydown"===t.type){var i=void 0!==t.key?t.key:t.keyCode;if(!("Enter"===i||13===i||0<=["Spacebar"," "].indexOf(i)||32===i))return}t.preventDefault();var n=w(this);n.is(".inited-wishlist-action")||(n.addClass("inited-wishlist-action"),w("div.tinv-wishlist.woocommerce.tinv-wishlist-clear").block({message:null,overlayCSS:{background:"#fff",opacity:.6}}),i={"tinvwl-product_id":n.val(),"tinvwl-action":"remove","tinvwl-security":tinvwl_add_to_wishlist.nonce,"tinvwl-paged":n.data("tinvwl_paged")||n.closest("form").data("tinvwl_paged"),"tinvwl-per-page":n.data("tinvwl_per_page")||n.closest("form").data("tinvwl_per_page"),"tinvwl-sharekey":n.data("tinvwl_sharekey")||n.closest("form").data("tinvwl_sharekey")},tinvwl_add_to_wishlist.wpml&&(i.lang=tinvwl_add_to_wishlist.wpml),tinvwl_add_to_wishlist.wpml_default&&(i.lang_default=tinvwl_add_to_wishlist.wpml_default),tinvwl_add_to_wishlist.stats&&(i.stats=tinvwl_add_to_wishlist.stats),w.ajax({url:tinvwl_add_to_wishlist.wc_ajax_url,method:"POST",cache:!1,data:i,beforeSend:function(t){t.setRequestHeader("X-WP-Nonce",tinvwl_add_to_wishlist.nonce)}}).done(function(t){var i,e;n.removeClass("inited-wishlist-action"),w("div.tinv-wishlist.woocommerce.tinv-wishlist-clear").unblock(),t.msg&&(i=w(t.msg).eq(0),w("body > .tinv-wishlist").length||w("body").append(w("<div>").addClass("tinv-wishlist")),w("body > .tinv-wishlist").append(i),r("body > .tinv-wishlist"),i.on("click",".tinv-close-modal, .tinvwl_button_close, .tinv-overlay",function(t){t.preventDefault(),i.remove()}),e=e||window.setTimeout(function(){i.remove(),e&&clearTimeout(e)},tinvwl_add_to_wishlist.popup_timer)),t.status&&(w("div.tinv-wishlist.woocommerce.tinv-wishlist-clear").replaceWith(t.content),w(".tinvwl-break-input").tinvwl_break_submit({selector:".tinvwl-break-input-filed"}),w(".tinvwl-break-checkbox").tinvwl_break_submit({selector:"table td input[type=checkbox]",validate:function(){return w(this).is(":checked")}}),jQuery.fn.tinvwl_get_wishlist_data()),t.wishlists_data&&d(JSON.stringify(t.wishlists_data)),w("body").trigger("tinvwl_wishlist_ajax_response",[this,t])}))}),w("body").on("click keydown",'button[name="tinvwl-add-to-cart"]',function(t){if("keydown"===t.type){var i=void 0!==t.key?t.key:t.keyCode;if(!("Enter"===i||13===i||0<=["Spacebar"," "].indexOf(i)||32===i))return}t.preventDefault();var n=w(this);n.is(".inited-wishlist-action")||(n.addClass("inited-wishlist-action"),w("div.tinv-wishlist.woocommerce.tinv-wishlist-clear").block({message:null,overlayCSS:{background:"#fff",opacity:.6}}),i={"tinvwl-product_id":n.val(),"tinvwl-action":"add_to_cart_single","tinvwl-security":tinvwl_add_to_wishlist.nonce,"tinvwl-paged":n.data("tinvwl_paged")||n.closest("form").data("tinvwl_paged"),"tinvwl-per-page":n.data("tinvwl_per_page")||n.closest("form").data("tinvwl_per_page"),"tinvwl-sharekey":n.data("tinvwl_sharekey")||n.closest("form").data("tinvwl_sharekey")},tinvwl_add_to_wishlist.wpml&&(i.lang=tinvwl_add_to_wishlist.wpml),tinvwl_add_to_wishlist.wpml_default&&(i.lang_default=tinvwl_add_to_wishlist.wpml_default),tinvwl_add_to_wishlist.stats&&(i.stats=tinvwl_add_to_wishlist.stats),w.ajax({url:tinvwl_add_to_wishlist.wc_ajax_url,method:"POST",cache:!1,data:i,beforeSend:function(t){t.setRequestHeader("X-WP-Nonce",tinvwl_add_to_wishlist.nonce)}}).done(function(t){var i,e;n.removeClass("inited-wishlist-action"),w("div.tinv-wishlist.woocommerce.tinv-wishlist-clear").unblock(),t.msg&&(i=w(t.msg).eq(0),w("body > .tinv-wishlist").length||w("body").append(w("<div>").addClass("tinv-wishlist")),w("body > .tinv-wishlist").append(i),r("body > .tinv-wishlist"),i.on("click",".tinv-close-modal, .tinvwl_button_close, .tinv-overlay",function(t){t.preventDefault(),i.remove()}),e=e||window.setTimeout(function(){i.remove(),e&&clearTimeout(e)},tinvwl_add_to_wishlist.popup_timer)),w(document.body).trigger("wc_fragment_refresh"),w("div.tinv-wishlist.woocommerce.tinv-wishlist-clear").replaceWith(t.content),jQuery.fn.tinvwl_get_wishlist_data(),t.wishlists_data&&d(JSON.stringify(t.wishlists_data)),w("body").trigger("tinvwl_wishlist_ajax_response",[this,t]),t.redirect&&(window.location.href=t.redirect)}))}),w("body").on("click keydown",'button[name="tinvwl-action-product_all"]',function(t){if("keydown"===t.type){var i=void 0!==t.key?t.key:t.keyCode;if(!("Enter"===i||13===i||0<=["Spacebar"," "].indexOf(i)||32===i))return}t.preventDefault();var n=w(this);n.is(".inited-wishlist-action")||(n.addClass("inited-wishlist-action"),w("div.tinv-wishlist.woocommerce.tinv-wishlist-clear").block({message:null,overlayCSS:{background:"#fff",opacity:.6}}),i={"tinvwl-action":"add_to_cart_all","tinvwl-security":tinvwl_add_to_wishlist.nonce,"tinvwl-paged":n.closest("form").data("tinvwl_paged"),"tinvwl-per-page":n.closest("form").data("tinvwl_per_page"),"tinvwl-sharekey":n.closest("form").data("tinvwl_sharekey")},tinvwl_add_to_wishlist.wpml&&(i.lang=tinvwl_add_to_wishlist.wpml),tinvwl_add_to_wishlist.wpml_default&&(i.lang_default=tinvwl_add_to_wishlist.wpml_default),tinvwl_add_to_wishlist.stats&&(i.stats=tinvwl_add_to_wishlist.stats),w.ajax({url:tinvwl_add_to_wishlist.wc_ajax_url,method:"POST",cache:!1,data:i,beforeSend:function(t){t.setRequestHeader("X-WP-Nonce",tinvwl_add_to_wishlist.nonce)}}).done(function(t){var i,e;n.removeClass("inited-wishlist-action"),w("div.tinv-wishlist.woocommerce.tinv-wishlist-clear").unblock(),t.msg&&(i=w(t.msg).eq(0),w("body > .tinv-wishlist").length||w("body").append(w("<div>").addClass("tinv-wishlist")),w("body > .tinv-wishlist").append(i),r("body > .tinv-wishlist"),i.on("click",".tinv-close-modal, .tinvwl_button_close, .tinv-overlay",function(t){t.preventDefault(),i.remove()}),e=e||window.setTimeout(function(){i.remove(),e&&clearTimeout(e)},tinvwl_add_to_wishlist.popup_timer)),w(document.body).trigger("wc_fragment_refresh"),w("div.tinv-wishlist.woocommerce.tinv-wishlist-clear").replaceWith(t.content),jQuery.fn.tinvwl_get_wishlist_data(),t.wishlists_data&&d(JSON.stringify(t.wishlists_data)),w("body").trigger("tinvwl_wishlist_ajax_response",[this,t]),t.redirect&&(window.location.href=t.redirect)}))}),w("body").on("click keydown",'button[name="tinvwl-action-product_apply"], button[name="tinvwl-action-product_selected"]',function(t){if("keydown"===t.type){var i=void 0!==t.key?t.key:t.keyCode;if(!("Enter"===i||13===i||0<=["Spacebar"," "].indexOf(i)||32===i))return}t.preventDefault();var n,e=[],s=(w('input[name="wishlist_pr[]"]:checked').each(function(){e.push(this.value)}),w(this));!e.length||"tinvwl-action-product_selected"!==s.attr("name")&&!w("select#tinvwl_product_actions option").filter(":selected").val()?alert(window.tinvwl_add_to_wishlist.tinvwl_break_submit):s.is(".inited-wishlist-action")||(s.addClass("inited-wishlist-action"),w("div.tinv-wishlist.woocommerce.tinv-wishlist-clear").block({message:null,overlayCSS:{background:"#fff",opacity:.6}}),n="",n="tinvwl-action-product_selected"===s.attr("name")?"add_to_cart_selected":w("select#tinvwl_product_actions option").filter(":selected").val(),i={"tinvwl-products":e,"tinvwl-action":n,"tinvwl-security":tinvwl_add_to_wishlist.nonce,"tinvwl-paged":s.closest("form").data("tinvwl_paged"),"tinvwl-per-page":s.closest("form").data("tinvwl_per_page"),"tinvwl-sharekey":s.closest("form").data("tinvwl_sharekey")},tinvwl_add_to_wishlist.wpml&&(i.lang=tinvwl_add_to_wishlist.wpml),tinvwl_add_to_wishlist.wpml_default&&(i.lang_default=tinvwl_add_to_wishlist.wpml_default),tinvwl_add_to_wishlist.stats&&(i.stats=tinvwl_add_to_wishlist.stats),w.ajax({url:tinvwl_add_to_wishlist.wc_ajax_url,method:"POST",cache:!1,data:i,beforeSend:function(t){t.setRequestHeader("X-WP-Nonce",tinvwl_add_to_wishlist.nonce)}}).done(function(t){var i,e;s.removeClass("inited-wishlist-action"),w("div.tinv-wishlist.woocommerce.tinv-wishlist-clear").unblock(),t.msg&&(i=w(t.msg).eq(0),w("body > .tinv-wishlist").length||w("body").append(w("<div>").addClass("tinv-wishlist")),w("body > .tinv-wishlist").append(i),r("body > .tinv-wishlist"),i.on("click",".tinv-close-modal, .tinvwl_button_close, .tinv-overlay",function(t){t.preventDefault(),i.remove()}),e=e||window.setTimeout(function(){i.remove(),e&&clearTimeout(e)},tinvwl_add_to_wishlist.popup_timer)),"add_to_cart_selected"===n&&w(document.body).trigger("wc_fragment_refresh"),w("div.tinv-wishlist.woocommerce.tinv-wishlist-clear").replaceWith(t.content),jQuery.fn.tinvwl_get_wishlist_data(),t.wishlists_data&&d(JSON.stringify(t.wishlists_data)),w("body").trigger("tinvwl_wishlist_ajax_response",[this,t]),t.redirect&&(window.location.href=t.redirect)}))}),w(document).on("hide_variation",".variations_form",function(t){var i=w('.tinvwl_add_to_wishlist_button:not(.tinvwl-loop)[data-tinv-wl-product="'+w(this).data("product_id")+'"]'),e=(i.attr("data-tinv-wl-productvariation",0),tinvwl_add_to_wishlist.block_ajax_wishlists_data);tinvwl_add_to_wishlist.block_ajax_wishlists_data=!0,w.fn.tinvwl_get_wishlist_data(),tinvwl_add_to_wishlist.block_ajax_wishlists_data=e,i.length&&!tinvwl_add_to_wishlist.allow_parent_variable&&(t.preventDefault(),i.addClass("disabled-add-wishlist"))}),w(document).on("show_variation",".variations_form",function(t,i,e){var n=w('.tinvwl_add_to_wishlist_button:not(.tinvwl-loop)[data-tinv-wl-product="'+w(this).data("product_id")+'"]'),i=(n.attr("data-tinv-wl-productvariation",i.variation_id),tinvwl_add_to_wishlist.block_ajax_wishlists_data);tinvwl_add_to_wishlist.block_ajax_wishlists_data=!0,w.fn.tinvwl_get_wishlist_data(),tinvwl_add_to_wishlist.block_ajax_wishlists_data=i,t.preventDefault(),n.removeClass("disabled-add-wishlist")}),w(window).on("storage onstorage",function(t){a===t.originalEvent.key&&localStorage.getItem(a)!==sessionStorage.getItem(a)&&localStorage.getItem(a)&&"object"===_typeof(t=JSON.parse(localStorage.getItem(a)))&&null!==t&&(t.hasOwnProperty("products")||t.hasOwnProperty("counter"))&&d(localStorage.getItem(a))});function e(i){var t,e;(n.length||s)&&tinvwl_add_to_wishlist.user_interacted&&(t={"tinvwl-action":"get_data","tinvwl-security":tinvwl_add_to_wishlist.nonce},"refresh"===i&&(e=w("div.tinv-wishlist.woocommerce.tinv-wishlist-clear form[data-tinvwl_sharekey]")).length&&(w("div.tinv-wishlist.woocommerce.tinv-wishlist-clear").block({message:null,overlayCSS:{background:"#fff",opacity:.6}}),t["tinvwl-paged"]=e.data("tinvwl_paged"),t["tinvwl-per-page"]=e.data("tinvwl_per_page"),t["tinvwl-sharekey"]=e.data("tinvwl_sharekey")),tinvwl_add_to_wishlist.wpml&&(t.lang=tinvwl_add_to_wishlist.wpml),tinvwl_add_to_wishlist.wpml_default&&(t.lang_default=tinvwl_add_to_wishlist.wpml_default),tinvwl_add_to_wishlist.stats&&(t.stats=tinvwl_add_to_wishlist.stats),w.ajax({url:tinvwl_add_to_wishlist.wc_ajax_url,method:"POST",cache:!1,data:t,beforeSend:function(t){t.setRequestHeader("X-WP-Nonce",tinvwl_add_to_wishlist.nonce)}}).done(function(t){"refresh"===i&&(w("div.tinv-wishlist.woocommerce.tinv-wishlist-clear").unblock(),w(document.body).trigger("wc_fragment_refresh"),w("div.tinv-wishlist.woocommerce.tinv-wishlist-clear").replaceWith(t.content),localStorage.setItem(a+"_refresh","")),t.wishlists_data&&d(JSON.stringify(t.wishlists_data)),w("body").trigger("tinvwl_wishlist_ajax_response",[this,t])}))}var n=[],s=!1,t=(w("a.tinvwl_add_to_wishlist_button").each(function(){"undefined"!==w(this).data("tinv-wl-product")&&w(this).data("tinv-wl-product")&&n.push(w(this).data("tinv-wl-product"))}),w(".wishlist_products_counter_number").each(function(){s=!0}),w.fn.tinvwl_get_wishlist_data=function(t){if("refresh"===t)e(t);else{if(o&&("undefined"!=typeof Cookies&&void 0!==Cookies.get("tinvwl_update_data")&&(Cookies.set("tinvwl_update_data",0,{expires:-1}),localStorage.setItem(a,"")),localStorage.getItem(a))){var i=JSON.parse(localStorage.getItem(a));if("object"===_typeof(i)&&null!==i&&(i.hasOwnProperty("products")||i.hasOwnProperty("counter"))&&(!i.hasOwnProperty("lang")&&!tinvwl_add_to_wishlist.wpml||tinvwl_add_to_wishlist.wpml&&i.lang===tinvwl_add_to_wishlist.wpml)){if("undefined"!=typeof Cookies&&void 0===Cookies.get("tinvwl_wishlists_data_counter"))return void l(i);if("undefined"!=typeof Cookies&&Cookies.get("tinvwl_wishlists_data_counter")==i.counter&&(!i.hasOwnProperty("stats_count")||Cookies.get("tinvwl_wishlists_data_stats")==i.stats_count))return void l(i)}}tinvwl_add_to_wishlist.block_ajax_wishlists_data?setTimeout(function(){l(i)},500):e()}},tinvwl_add_to_wishlist.user_interacted=!1,w.fn.tinvwl_get_wishlist_data(),w(document).one("click keydown scroll",function(){tinvwl_add_to_wishlist.user_interacted=!0,w.fn.tinvwl_get_wishlist_data()}),new MutationObserver(function(t){var i=[];t.forEach(function(t){t=t.addedNodes;null!==t&&w(t).each(function(){var t=w(this).find(".tinvwl_add_to_wishlist_button");t.length&&t.each(function(){var t=w(this).data("tinv-wl-product");void 0!==t&&t&&i.push(t)})})}),i.length&&w.fn.tinvwl_get_wishlist_data()})),i=document.body;t.observe(i,{childList:!0,subtree:!0})});var o=!0,a=tinvwl_add_to_wishlist.hash_key;try{o="sessionStorage"in window&&null!==window.sessionStorage,window.sessionStorage.setItem("ti","test"),window.sessionStorage.removeItem("ti"),window.localStorage.setItem("ti","test"),window.localStorage.removeItem("ti")}catch(t){o=!1}function l(t){var a="1"==window.tinvwl_add_to_wishlist.simple_flow,i=(w("a.tinvwl_add_to_wishlist_button").each(function(){w(this).removeClass("tinvwl-product-make-remove").removeClass("tinvwl-product-in-list").attr("data-tinv-wl-action","addto").attr("data-tinv-wl-list","[]"),t&&t.stats&&w(this).find("span.tinvwl-product-stats").remove()}),w("body").trigger("tinvwl_wishlist_mark_products",[t]),w.each(t.products,function(t,s){var o=t;w('a.tinvwl_add_to_wishlist_button[data-tinv-wl-product="'+o+'"]').each(function(){var i,t=parseInt(w(this).attr("data-tinv-wl-productvariation")),e=w(this).data("tinv-wl-productvariations")||[],n=!1;for(i in s)s[i].hasOwnProperty("in")&&Array.isArray(s[i].in)&&(-1<(s[i].in||[]).indexOf(o)||-1<(s[i].in||[]).indexOf(t)||e.some(function(t){return 0<=(s[i].in||[]).indexOf(t)}))&&(n=!0);w(this).attr("data-tinv-wl-list",JSON.stringify(s)).toggleClass("tinvwl-product-in-list",n).toggleClass("tinvwl-product-make-remove",n&&a).attr("data-tinv-wl-action",n&&a?"remove":"addto"),w("body").trigger("tinvwl_wishlist_product_marked",[this,n])})}),t&&t.stats&&tinvwl_add_to_wishlist.stats&&w.each(t.stats,function(t,e){w('a.tinvwl_add_to_wishlist_button[data-tinv-wl-product="'+t+'"]').each(function(){w(this).attr("data-tinv-wl-product-stats",JSON.stringify(e));var t,i=parseInt(w(this).attr("data-tinv-wl-productvariation"));for(t in e)-1<t.indexOf(i)&&(w("body").trigger("tinvwl_wishlist_product_stats",[this,!0]),w(this).append('<span class="tinvwl-product-stats">'+e[t]+"</span>"))})}),t.counter);"1"==window.tinvwl_add_to_wishlist.hide_zero_counter&&0===i&&(i="false"),jQuery("i.wishlist-icon").addClass("added"),"false"!==i?(jQuery(".wishlist_products_counter_number, .theme-item-count.wishlist-item-count").html(i),jQuery("i.wishlist-icon").attr("data-icon-label",i)):(jQuery(".wishlist_products_counter_number, .theme-item-count.wishlist-item-count").html("").closest("span.wishlist-counter-with-products").removeClass("wishlist-counter-with-products"),jQuery("i.wishlist-icon").removeAttr("data-icon-label")),i=!("0"==i||"false"==i),jQuery(".wishlist_products_counter").toggleClass("wishlist-counter-with-products",i),setTimeout(function(){jQuery("i.wishlist-icon").removeClass("added")},500)}function d(t){o&&(localStorage.setItem(a,t),sessionStorage.setItem(a,t),l(JSON.parse(t)))}function r(t){var t=w(t).find("select, input, textarea, button, a").filter(":visible"),i=t.first(),e=t.last();i.focus().blur(),e.on("keydown",function(t){9!==t.which||t.shiftKey||(t.preventDefault(),i.focus())}),i.on("keydown",function(t){9===t.which&&t.shiftKey&&(t.preventDefault(),e.focus())})}})(jQuery),(n=>{n(document).ready(function(){if(n(".tinv-lists-nav").each(function(){n(this).html().trim().length||n(this).remove()}),n("body").on("click",".social-buttons .social:not(.social-email,.social-whatsapp,.social-clipboard)",function(t){var i=window.open(n(this).attr("href"),n(this).attr("title"),"width=420,height=320,resizable=yes,scrollbars=yes,status=yes");i&&(i.focus(),t.preventDefault())}),"undefined"!=typeof ClipboardJS){new ClipboardJS(".social-buttons .social.social-clipboard",{text:function(t){return t.getAttribute("href")}}).on("success",function(t){showTooltip(t.trigger,tinvwl_add_to_wishlist.tinvwl_clipboard)});for(var t=document.querySelectorAll(".social-buttons .social.social-clipboard"),i=0;i<t.length;i++)t[i].addEventListener("mouseleave",clearTooltip),t[i].addEventListener("blur",clearTooltip)}n("body").on("click",".social-buttons .social.social-clipboard",function(t){t.preventDefault()}),n("body").on("click",".tinv-wishlist .tinv-overlay, .tinv-wishlist .tinv-close-modal, .tinv-wishlist .tinvwl_button_close",function(t){t.preventDefault(),n(this).parents(".tinv-modal:first").removeClass("tinv-modal-open"),n("body").trigger("tinvwl_modal_closed",[this])}),n("body").on("click",".tinv-wishlist .tinvwl-btn-onclick",function(t){n(this).data("url")&&(t.preventDefault(),window.location=n(this).data("url"))});var e=n(".tinv-wishlist .navigation-button");e.length&&e.each(function(){var t=n(this).find("> li");t.length<5&&t.parent().addClass("tinvwl-btns-count-"+t.length)}),n(".tinv-login .showlogin").off("click").on("click",function(t){t.preventDefault(),n(this).closest(".tinv-login").find(".login").toggle()}),n(".tinv-wishlist table.tinvwl-table-manage-list tfoot td").each(function(){n(this).toggle(!!n(this).children().not(".look_in").length||!!n(this).children(".look_in").children().length)})})})(jQuery),(s=>{s.fn.tinvwl_break_submit=function(t){var e=s.extend(!0,{},{selector:"input, select, textarea",ifempty:!0,invert:!1,validate:function(){return s(this).val()},rule:function(){var t=s(this).parents("form").eq(0).find(e.selector),i=e.invert;return 0===t.length?e.ifempty:(t.each(function(){i&&!e.invert||!i&&e.invert||(i=Boolean(e.validate.call(s(this))))}),i)}},t);return s(this).each(function(){s(this).on("click",function(t){var i=[];void 0!==s(this).attr("tinvwl_break_submit")&&(i=s(this).attr("tinvwl_break_submit").split(",")),-1!==jQuery.inArray(e.selector,i)&&(i=[]),e.rule.call(s(this))||0!==i.length||(alert(window.tinvwl_add_to_wishlist.tinvwl_break_submit),t.preventDefault()),i.push(e.selector),s(this).attr("tinvwl_break_submit",i),e.rule.call(s(this))&&s(this).removeAttr("tinvwl_break_submit")})})},s(document).ready(function(){s("body").on("click",".global-cb",function(){s(this).closest("table").eq(0).find(".product-cb input[type=checkbox], .wishlist-cb input[type=checkbox]").prop("checked",s(this).is(":checked"))});var n=tinvwl_add_to_wishlist.hash_key+"_refresh";s(document.body).on("tinvwl_wishlist_ajax_response",function(t,i,e){(e.status||e.removed)&&["add_to_wishlist"].includes(e.action)&&e.wishlist&&e.wishlist.share_key&&(localStorage.setItem(n,""),localStorage.setItem(n,e.wishlist.share_key))})})})(jQuery);</script>
<script id="sourcebuster-js-js" defer="defer">!function(e){if("object"==typeof exports&&"undefined"!=typeof module)module.exports=e();else if("function"==typeof define&&define.amd)define([],e);else{var t;"undefined"!=typeof window?t=window:"undefined"!=typeof global?t=global:"undefined"!=typeof self&&(t=self),t.sbjs=e()}}(function(){return function e(t,r,n){function a(s,o){if(!r[s]){if(!t[s]){var c="function"==typeof require&&require;if(!o&&c)return c(s,!0);if(i)return i(s,!0);var u=new Error("Cannot find module '"+s+"'");throw u.code="MODULE_NOT_FOUND",u}var p=r[s]={exports:{}};t[s][0].call(p.exports,function(e){var r=t[s][1][e];return a(r||e)},p,p.exports,e,t,r,n)}return r[s].exports}for(var i="function"==typeof require&&require,s=0;s<n.length;s++)a(n[s]);return a}({1:[function(e,t,r){"use strict";var n=e("./init"),a={init:function(e){this.get=n(e),e&&e.callback&&"function"==typeof e.callback&&e.callback(this.get)}};t.exports=a},{"./init":6}],2:[function(e,t,r){"use strict";var n=e("./terms"),a=e("./helpers/utils"),i={containers:{current:"sbjs_current",current_extra:"sbjs_current_add",first:"sbjs_first",first_extra:"sbjs_first_add",session:"sbjs_session",udata:"sbjs_udata",promocode:"sbjs_promo"},service:{migrations:"sbjs_migrations"},delimiter:"|||",aliases:{main:{type:"typ",source:"src",medium:"mdm",campaign:"cmp",content:"cnt",term:"trm",id:"id",platform:"plt",format:"fmt",tactic:"tct"},extra:{fire_date:"fd",entrance_point:"ep",referer:"rf"},session:{pages_seen:"pgs",current_page:"cpg"},udata:{visits:"vst",ip:"uip",agent:"uag"},promo:"code"},pack:{main:function(e){return i.aliases.main.type+"="+e.type+i.delimiter+i.aliases.main.source+"="+e.source+i.delimiter+i.aliases.main.medium+"="+e.medium+i.delimiter+i.aliases.main.campaign+"="+e.campaign+i.delimiter+i.aliases.main.content+"="+e.content+i.delimiter+i.aliases.main.term+"="+e.term+i.delimiter+i.aliases.main.id+"="+e.id+i.delimiter+i.aliases.main.platform+"="+e.platform+i.delimiter+i.aliases.main.format+"="+e.format+i.delimiter+i.aliases.main.tactic+"="+e.tactic},extra:function(e){return i.aliases.extra.fire_date+"="+a.setDate(new Date,e)+i.delimiter+i.aliases.extra.entrance_point+"="+document.location.href+i.delimiter+i.aliases.extra.referer+"="+(document.referrer||n.none)},user:function(e,t){return i.aliases.udata.visits+"="+e+i.delimiter+i.aliases.udata.ip+"="+t+i.delimiter+i.aliases.udata.agent+"="+navigator.userAgent},session:function(e){return i.aliases.session.pages_seen+"="+e+i.delimiter+i.aliases.session.current_page+"="+document.location.href},promo:function(e){return i.aliases.promo+"="+a.setLeadingZeroToInt(a.randomInt(e.min,e.max),e.max.toString().length)}}};t.exports=i},{"./helpers/utils":5,"./terms":9}],3:[function(e,t,r){"use strict";var n=e("../data").delimiter;t.exports={useBase64:!1,setBase64Flag:function(e){this.useBase64=e},encodeData:function(e){return encodeURIComponent(e).replace(/\!/g,"%21").replace(/\~/g,"%7E").replace(/\*/g,"%2A").replace(/\'/g,"%27").replace(/\(/g,"%28").replace(/\)/g,"%29")},decodeData:function(e){try{return decodeURIComponent(e).replace(/\%21/g,"!").replace(/\%7E/g,"~").replace(/\%2A/g,"*").replace(/\%27/g,"'").replace(/\%28/g,"(").replace(/\%29/g,")")}catch(t){try{return unescape(e)}catch(r){return""}}},set:function(e,t,r,n,a){var i,s;if(r){var o=new Date;o.setTime(o.getTime()+60*r*1e3),i="; expires="+o.toGMTString()}else i="";s=n&&!a?";domain=."+n:"";var c=this.encodeData(t);this.useBase64&&(c=btoa(c).replace(/=+$/,"")),document.cookie=this.encodeData(e)+"="+c+i+s+"; path=/"},get:function(e){for(var t=this.encodeData(e)+"=",r=document.cookie.split(";"),n=0;n<r.length;n++){for(var a=r[n];" "===a.charAt(0);)a=a.substring(1,a.length);if(0===a.indexOf(t)){var i=a.substring(t.length,a.length);if(/^[A-Za-z0-9+/]+$/.test(i))try{i=atob(i.padEnd(4*Math.ceil(i.length/4),"="))}catch(s){}return this.decodeData(i)}}return null},destroy:function(e,t,r){this.set(e,"",-1,t,r)},parse:function(e){var t=[],r={};if("string"==typeof e)t.push(e);else for(var a in e)e.hasOwnProperty(a)&&t.push(e[a]);for(var i=0;i<t.length;i++){var s;r[this.unsbjs(t[i])]={},s=this.get(t[i])?this.get(t[i]).split(n):[];for(var o=0;o<s.length;o++){var c=s[o].split("="),u=c.splice(0,1);u.push(c.join("=")),r[this.unsbjs(t[i])][u[0]]=this.decodeData(u[1])}}return r},unsbjs:function(e){return e.replace("sbjs_","")}}},{"../data":2}],4:[function(e,t,r){"use strict";t.exports={parse:function(e){for(var t=this.parseOptions,r=t.parser[t.strictMode?"strict":"loose"].exec(e),n={},a=14;a--;)n[t.key[a]]=r[a]||"";return n[t.q.name]={},n[t.key[12]].replace(t.q.parser,function(e,r,a){r&&(n[t.q.name][r]=a)}),n},parseOptions:{strictMode:!1,key:["source","protocol","authority","userInfo","user","password","host","port","relative","path","directory","file","query","anchor"],q:{name:"queryKey",parser:/(?:^|&)([^&=]*)=?([^&]*)/g},parser:{strict:/^(?:([^:\/?#]+):)?(?:\/\/((?:(([^:@]*)(?::([^:@]*))?)?@)?([^:\/?#]*)(?::(\d*))?))?((((?:[^?#\/]*\/)*)([^?#]*))(?:\?([^#]*))?(?:#(.*))?)/,loose:/^(?:(?![^:@]+:[^:@\/]*@)([^:\/?#.]+):)?(?:\/\/)?((?:(([^:@]*)(?::([^:@]*))?)?@)?([^:\/?#]*)(?::(\d*))?)(((\/(?:[^?#](?![^?#\/]*\.[^?#\/.]+(?:[?#]|$)))*\/?)?([^?#\/]*))(?:\?([^#]*))?(?:#(.*))?)/}},getParam:function(e){for(var t={},r=(e||window.location.search.substring(1)).split("&"),n=0;n<r.length;n++){var a=r[n].split("=");if("undefined"==typeof t[a[0]])t[a[0]]=a[1];else if("string"==typeof t[a[0]]){var i=[t[a[0]],a[1]];t[a[0]]=i}else t[a[0]].push(a[1])}return t},getHost:function(e){return this.parse(e).host.replace("www.","")}}},{}],5:[function(e,t,r){"use strict";t.exports={escapeRegexp:function(e){return e.replace(/[\-\[\]\/\{\}\(\)\*\+\?\.\\\^\$\|]/g,"\\$&")},setDate:function(e,t){var r=e.getTimezoneOffset()/60,n=e.getHours(),a=t||0===t?t:-r;return e.setHours(n+r+a),e.getFullYear()+"-"+this.setLeadingZeroToInt(e.getMonth()+1,2)+"-"+this.setLeadingZeroToInt(e.getDate(),2)+" "+this.setLeadingZeroToInt(e.getHours(),2)+":"+this.setLeadingZeroToInt(e.getMinutes(),2)+":"+this.setLeadingZeroToInt(e.getSeconds(),2)},setLeadingZeroToInt:function(e,t){for(var r=e+"";r.length<t;)r="0"+r;return r},randomInt:function(e,t){return Math.floor(Math.random()*(t-e+1))+e}}},{}],6:[function(e,t,r){"use strict";var n=e("./data"),a=e("./terms"),i=e("./helpers/cookies"),s=e("./helpers/uri"),o=e("./helpers/utils"),c=e("./params"),u=e("./migrations");t.exports=function(e){var t,r,p,f,m,d,l,g,h,y,_,v,b,x=c.fetch(e),k=s.getParam(),w=x.domain.host,q=x.domain.isolate,I=x.lifetime;function j(e){switch(e){case a.traffic.utm:t=a.traffic.utm,r="undefined"!=typeof k.utm_source?k.utm_source:"undefined"!=typeof k.gclid?"google":"undefined"!=typeof k.yclid?"yandex":a.none,p="undefined"!=typeof k.utm_medium?k.utm_medium:"undefined"!=typeof k.gclid?"cpc":"undefined"!=typeof k.yclid?"cpc":a.none,f="undefined"!=typeof k.utm_campaign?k.utm_campaign:"undefined"!=typeof k[x.campaign_param]?k[x.campaign_param]:"undefined"!=typeof k.gclid?"google_cpc":"undefined"!=typeof k.yclid?"yandex_cpc":a.none,m="undefined"!=typeof k.utm_content?k.utm_content:"undefined"!=typeof k[x.content_param]?k[x.content_param]:a.none,l=k.utm_id||a.none,g=k.utm_source_platform||a.none,h=k.utm_creative_format||a.none,y=k.utm_marketing_tactic||a.none,d="undefined"!=typeof k.utm_term?k.utm_term:"undefined"!=typeof k[x.term_param]?k[x.term_param]:function(){var e=document.referrer;if(k.utm_term)return k.utm_term;if(!(e&&s.parse(e).host&&s.parse(e).host.match(/^(?:.*\.)?yandex\..{2,9}$/i)))return!1;try{return s.getParam(s.parse(document.referrer).query).text}catch(t){return!1}}()||a.none;break;case a.traffic.organic:t=a.traffic.organic,r=r||s.getHost(document.referrer),p=a.referer.organic,f=a.none,m=a.none,d=a.none,l=a.none,g=a.none,h=a.none,y=a.none;break;case a.traffic.referral:t=a.traffic.referral,r=r||s.getHost(document.referrer),p=p||a.referer.referral,f=a.none,m=s.parse(document.referrer).path,d=a.none,l=a.none,g=a.none,h=a.none,y=a.none;break;case a.traffic.typein:t=a.traffic.typein,r=x.typein_attributes.source,p=x.typein_attributes.medium,f=a.none,m=a.none,d=a.none,l=a.none,g=a.none,h=a.none,y=a.none;break;default:t=a.oops,r=a.oops,p=a.oops,f=a.oops,m=a.oops,d=a.oops,l=a.oops,g=a.oops,h=a.oops,y=a.oops}var i={type:t,source:r,medium:p,campaign:f,content:m,term:d,id:l,platform:g,format:h,tactic:y};return n.pack.main(i)}function R(e){var t=document.referrer;switch(e){case a.traffic.organic:return!!t&&H(t)&&function(e){var t=new RegExp("^(?:.*\\.)?"+o.escapeRegexp("yandex")+"\\..{2,9}$"),n=new RegExp(".*"+o.escapeRegexp("text")+"=.*"),a=new RegExp("^(?:www\\.)?"+o.escapeRegexp("google")+"\\..{2,9}$");if(s.parse(e).query&&s.parse(e).host.match(t)&&s.parse(e).query.match(n))return r="yandex",!0;if(s.parse(e).host.match(a))return r="google",!0;if(!s.parse(e).query)return!1;for(var i=0;i<x.organics.length;i++){if(s.parse(e).host.match(new RegExp("^(?:.*\\.)?"+o.escapeRegexp(x.organics[i].host)+"$","i"))&&s.parse(e).query.match(new RegExp(".*"+o.escapeRegexp(x.organics[i].param)+"=.*","i")))return r=x.organics[i].display||x.organics[i].host,!0;if(i+1===x.organics.length)return!1}}(t);case a.traffic.referral:return!!t&&H(t)&&function(e){if(!(x.referrals.length>0))return r=s.getHost(e),!0;for(var t=0;t<x.referrals.length;t++){if(s.parse(e).host.match(new RegExp("^(?:.*\\.)?"+o.escapeRegexp(x.referrals[t].host)+"$","i")))return r=x.referrals[t].display||x.referrals[t].host,p=x.referrals[t].medium||a.referer.referral,!0;if(t+1===x.referrals.length)return r=s.getHost(e),!0}}(t);default:return!1}}function H(e){if(x.domain){if(q)return s.getHost(e)!==s.getHost(w);var t=new RegExp("^(?:.*\\.)?"+o.escapeRegexp(w)+"$","i");return!s.getHost(e).match(t)}return s.getHost(e)!==s.getHost(document.location.href)}function D(){i.set(n.containers.current_extra,n.pack.extra(x.timezone_offset),I,w,q),i.get(n.containers.first_extra)||i.set(n.containers.first_extra,n.pack.extra(x.timezone_offset),I,w,q)}return i.setBase64Flag(x.base64),u.go(I,w,q),i.set(n.containers.current,function(){var e;if("undefined"!=typeof k.utm_source||"undefined"!=typeof k.utm_medium||"undefined"!=typeof k.utm_campaign||"undefined"!=typeof k.utm_content||"undefined"!=typeof k.utm_term||"undefined"!=typeof k.utm_id||"undefined"!=typeof k.utm_source_platform||"undefined"!=typeof k.utm_creative_format||"undefined"!=typeof k.utm_marketing_tactic||"undefined"!=typeof k.gclid||"undefined"!=typeof k.yclid||"undefined"!=typeof k[x.campaign_param]||"undefined"!=typeof k[x.term_param]||"undefined"!=typeof k[x.content_param])D(),e=j(a.traffic.utm);else if(R(a.traffic.organic))D(),e=j(a.traffic.organic);else if(!i.get(n.containers.session)&&R(a.traffic.referral))D(),e=j(a.traffic.referral);else{if(i.get(n.containers.first)||i.get(n.containers.current))return i.get(n.containers.current);D(),e=j(a.traffic.typein)}return e}(),I,w,q),i.get(n.containers.first)||i.set(n.containers.first,i.get(n.containers.current),I,w,q),i.get(n.containers.udata)?(_=parseInt(i.parse(n.containers.udata)[i.unsbjs(n.containers.udata)][n.aliases.udata.visits])||1,_=i.get(n.containers.session)?_:_+1,v=n.pack.user(_,x.user_ip)):(_=1,v=n.pack.user(_,x.user_ip)),i.set(n.containers.udata,v,I,w,q),i.get(n.containers.session)?(b=parseInt(i.parse(n.containers.session)[i.unsbjs(n.containers.session)][n.aliases.session.pages_seen])||1,b+=1):b=1,i.set(n.containers.session,n.pack.session(b),x.session_length,w,q),x.promocode&&!i.get(n.containers.promocode)&&i.set(n.containers.promocode,n.pack.promo(x.promocode),I,w,q),i.parse(n.containers)}},{"./data":2,"./helpers/cookies":3,"./helpers/uri":4,"./helpers/utils":5,"./migrations":7,"./params":8,"./terms":9}],7:[function(e,t,r){"use strict";var n=e("./data"),a=e("./helpers/cookies");t.exports={go:function(e,t,r){var i,s=this.migrations,o={l:e,d:t,i:r};if(a.get(n.containers.first)||a.get(n.service.migrations)){if(!a.get(n.service.migrations))for(i=0;i<s.length;i++)s[i].go(s[i].id,o)}else{var c=[];for(i=0;i<s.length;i++)c.push(s[i].id);var u="";for(i=0;i<c.length;i++)u+=c[i]+"=1",i<c.length-1&&(u+=n.delimiter);a.set(n.service.migrations,u,o.l,o.d,o.i)}},migrations:[{id:"1418474375998",version:"1.0.0-beta",go:function(e,t){var r=e+"=1",i=e+"=0",s=function(e,t,r){return t||r?e:n.delimiter};try{var o=[];for(var c in n.containers)n.containers.hasOwnProperty(c)&&o.push(n.containers[c]);for(var u=0;u<o.length;u++)if(a.get(o[u])){var p=a.get(o[u]).replace(/(\|)?\|(\|)?/g,s);a.destroy(o[u],t.d,t.i),a.destroy(o[u],t.d,!t.i),a.set(o[u],p,t.l,t.d,t.i)}a.get(n.containers.session)&&a.set(n.containers.session,n.pack.session(0),t.l,t.d,t.i),a.set(n.service.migrations,r,t.l,t.d,t.i)}catch(f){a.set(n.service.migrations,i,t.l,t.d,t.i)}}}]}},{"./data":2,"./helpers/cookies":3}],8:[function(e,t,r){"use strict";var n=e("./terms"),a=e("./helpers/uri");t.exports={fetch:function(e){var t=e||{},r={};if(r.lifetime=this.validate.checkFloat(t.lifetime)||6,r.lifetime=parseInt(30*r.lifetime*24*60),r.session_length=this.validate.checkInt(t.session_length)||30,r.timezone_offset=this.validate.checkInt(t.timezone_offset),r.base64=t.base64||!1,r.campaign_param=t.campaign_param||!1,r.term_param=t.term_param||!1,r.content_param=t.content_param||!1,r.user_ip=t.user_ip||n.none,t.promocode?(r.promocode={},r.promocode.min=parseInt(t.promocode.min)||1e5,r.promocode.max=parseInt(t.promocode.max)||999999):r.promocode=!1,t.typein_attributes&&t.typein_attributes.source&&t.typein_attributes.medium?(r.typein_attributes={},r.typein_attributes.source=t.typein_attributes.source,r.typein_attributes.medium=t.typein_attributes.medium):r.typein_attributes={source:"(direct)",medium:"(none)"},t.domain&&this.validate.isString(t.domain)?r.domain={host:t.domain,isolate:!1}:t.domain&&t.domain.host?r.domain=t.domain:r.domain={host:a.getHost(document.location.hostname),isolate:!1},r.referrals=[],t.referrals&&t.referrals.length>0)for(var i=0;i<t.referrals.length;i++)t.referrals[i].host&&r.referrals.push(t.referrals[i]);if(r.organics=[],t.organics&&t.organics.length>0)for(var s=0;s<t.organics.length;s++)t.organics[s].host&&t.organics[s].param&&r.organics.push(t.organics[s]);return r.organics.push({host:"bing.com",param:"q",display:"bing"}),r.organics.push({host:"yahoo.com",param:"p",display:"yahoo"}),r.organics.push({host:"about.com",param:"q",display:"about"}),r.organics.push({host:"aol.com",param:"q",display:"aol"}),r.organics.push({host:"ask.com",param:"q",display:"ask"}),r.organics.push({host:"globososo.com",param:"q",display:"globo"}),r.organics.push({host:"go.mail.ru",param:"q",display:"go.mail.ru"}),r.organics.push({host:"rambler.ru",param:"query",display:"rambler"}),r.organics.push({host:"tut.by",param:"query",display:"tut.by"}),r.referrals.push({host:"t.co",display:"twitter.com"}),r.referrals.push({host:"plus.url.google.com",display:"plus.google.com"}),r},validate:{checkFloat:function(e){return!(!e||!this.isNumeric(parseFloat(e)))&&parseFloat(e)},checkInt:function(e){return!(!e||!this.isNumeric(parseInt(e)))&&parseInt(e)},isNumeric:function(e){return!isNaN(e)},isString:function(e){return"[object String]"===Object.prototype.toString.call(e)}}}},{"./helpers/uri":4,"./terms":9}],9:[function(e,t,r){"use strict";t.exports={traffic:{utm:"utm",organic:"organic",referral:"referral",typein:"typein"},referer:{referral:"referral",organic:"organic",social:"social"},none:"(none)",oops:"(Houston, we have a problem)"}},{}]},{},[1])(1)});</script>
<script id="wc-order-attribution-js-extra">
var wc_order_attribution = {"params":{"lifetime":1.0e-5,"session":30,"base64":false,"ajaxurl":"https://manoir.themerex.net/wp-admin/admin-ajax.php","prefix":"wc_order_attribution_","allowTracking":true},"fields":{"source_type":"current.typ","referrer":"current_add.rf","utm_campaign":"current.cmp","utm_source":"current.src","utm_medium":"current.mdm","utm_content":"current.cnt","utm_id":"current.id","utm_term":"current.trm","utm_source_platform":"current.plt","utm_creative_format":"current.fmt","utm_marketing_tactic":"current.tct","session_entry":"current_add.ep","session_start_time":"current_add.fd","session_pages":"session.pgs","session_count":"udata.vst","user_agent":"udata.uag"}};
//# sourceURL=wc-order-attribution-js-extra
</script>
<script id="wc-order-attribution-js" defer="defer">!function(t){"use strict";const e=t.params,n=(document.querySelector.bind(document),(t,e)=>e.split(".").reduce((t,e)=>t&&t[e],t)),s=()=>null,i=t=>null===t||t===undefined?"":t,o="wc/store/checkout";function a(t){window.wp&&window.wp.data&&window.wp.data.dispatch&&window.wc&&window.wc.wcBlocksData&&window.wp.data.dispatch(window.wc.wcBlocksData.CHECKOUT_STORE_KEY).setExtensionData("woocommerce/order-attribution",t,!0)}function r(){return"undefined"!=typeof sbjs}function c(){if(window.wp&&window.wp.data&&"function"==typeof window.wp.data.subscribe){const e=window.wp.data.subscribe(function(){e(),a(t.getAttributionData())},o)}}t.getAttributionData=function(){const i=e.allowTracking&&r()?n:s,o=r()?sbjs.get:{},a=Object.entries(t.fields).map(([t,e])=>[t,i(o,e)]);return Object.fromEntries(a)},t.setOrderTracking=function(n){if(e.allowTracking=n,n){if(!r())return;sbjs.init({lifetime:Number(e.lifetime),session_length:Number(e.session),base64:Boolean(e.base64),timezone_offset:"0"})}else!function(){const t=window.location.hostname;["sbjs_current","sbjs_current_add","sbjs_first","sbjs_first_add","sbjs_session","sbjs_udata","sbjs_migrations","sbjs_promo"].forEach(e=>{document.cookie=`${e}=; path=/; max-age=-999; domain=.${t};`})}();const s=t.getAttributionData();!function(t){for(const e of document.querySelectorAll("wc-order-attribution-inputs"))e.values=t}(s),a(s)},t.setOrderTracking(e.allowTracking),"loading"===document.readyState?document.addEventListener("DOMContentLoaded",c):c(),window.customElements.define("wc-order-attribution-inputs",class extends HTMLElement{constructor(){if(super(),this._fieldNames=Object.keys(t.fields),this.hasOwnProperty("_values")){let t=this.values;delete this.values,this.values=t||{}}}connectedCallback(){this.innerHTML="";const t=new DocumentFragment;for(const n of this._fieldNames){const s=document.createElement("input");s.type="hidden",s.name=`${e.prefix}${n}`,s.value=i(this.values&&this.values[n]||""),t.appendChild(s)}this.appendChild(t)}set values(t){if(this._values=t,this.isConnected)for(const t of this._fieldNames){const n=this.querySelector(`input[name="${e.prefix}${t}"]`);n?n.value=i(this.values[t]):console.warn(`Field "${t}" not found. `+"Most likely, the '<wc-order-attribution-inputs>' element was manipulated.")}}get values(){return this._values}})}(window.wc_order_attribution);</script>
<script id="trx_addons-js-extra">
var TRX_ADDONS_STORAGE = {"admin_mode":"","ajax_url":"https://manoir.themerex.net/wp-admin/admin-ajax.php","ajax_nonce":"6aa76ef4e1","rest_url":"https://manoir.themerex.net/wp-json/","site_url":"https://manoir.themerex.net","plugin_url":"https://manoir.themerex.net/wp-content/plugins/trx_addons/","post_id":"22623","vc_edit_mode":"","is_preview":"","is_preview_gb":"","is_preview_elm":"","no_image":"https://manoir.themerex.net/wp-content/plugins/trx_addons/css/images/no-image.jpg","popup_engine":"magnific","scroll_progress":"hide","hide_fixed_rows":"1","smooth_scroll":"","animate_inner_links":"1","disable_animation_on_mobile":"","add_target_blank":"0","menu_collapse":"1","menu_collapse_icon":"trx_addons_icon-ellipsis-vert","menu_stretch":"1","resize_tag_video":"","resize_tag_iframe":"1","allow_cookie_is_retina":"","mediaplayer_icons_selector_allowed":"1","user_logged_in":"","theme_slug":"manoir","theme_bg_color":"#F2EEE9","theme_accent_color":"#D3815D","page_wrap_class":".page_wrap","header_wrap_class":".top_panel","footer_wrap_class":".footer_wrap","sidebar_wrap_class":".sidebar","columns_wrap_class":"trx_addons_columns_wrap","columns_in_single_row_class":"columns_in_single_row","column_class_template":"trx_addons_column-$1_$2","loading_layout":"\u003Cdiv class=\"trx_addons_loading trx_addons_loading_style_default\"\u003E\u003C/div\u003E","email_mask":"^([a-zA-Z0-9_\\-]+\\.)*[a-zA-Z0-9_\\-]+@[a-zA-Z0-9_\\-]+(\\.[a-zA-Z0-9_\\-]+)*\\.[a-zA-Z0-9]{2,12}$","mobile_breakpoint_fixedrows_off":"768","mobile_breakpoint_fixedcolumns_off":"768","mobile_breakpoint_stacksections_off":"768","mobile_breakpoint_scroll_lag_off":"0","mobile_breakpoint_fullheight_off":"1025","mobile_breakpoint_mousehelper_off":"1025","msg_caption_yes":"Yes","msg_caption_no":"No","msg_caption_ok":"OK","msg_caption_accept":"Accept","msg_caption_apply":"Apply","msg_caption_cancel":"Cancel","msg_caption_attention":"Attention!","msg_caption_warning":"Warning!","msg_ajax_error":"Invalid server answer!","msg_magnific_loading":"Loading image","msg_magnific_error":"Error loading image","msg_magnific_close":"Close (Esc)","msg_error_like":"Error saving your like! Please, try again later.","msg_field_name_empty":"The name can't be empty","msg_field_email_empty":"Too short (or empty) email address","msg_field_email_not_valid":"Invalid email address","msg_field_text_empty":"The message text can't be empty","msg_search_error":"Search error! Try again later.","msg_send_complete":"Send message complete!","msg_send_error":"Transmit failed!","msg_validation_error":"Error data validation!","msg_name_empty":"The name can't be empty","msg_name_long":"Too long name","msg_email_empty":"Too short (or empty) email address","msg_email_long":"E-mail address is too long","msg_email_not_valid":"E-mail address is invalid","msg_text_empty":"The message text can't be empty","msg_copied":"Copied!","ajax_views":"","menu_cache":[".menu_mobile_inner nav \u003E ul"],"login_via_ajax":"1","double_opt_in_registration":"1","msg_login_empty":"The Login field can't be empty","msg_login_long":"The Login field is too long","msg_password_empty":"The password can't be empty and shorter then 4 characters","msg_password_long":"The password is too long","msg_login_success":"Login success! The page should be reloaded in 3 sec.","msg_login_error":"Login failed!","msg_not_agree":"Please, read and check 'Terms and Conditions'","msg_password_not_equal":"The passwords in both fields are not equal","msg_registration_success":"Thank you for registering. Please confirm registration by clicking on the link in the letter sent to the specified email.","msg_registration_error":"Registration failed!","shapes_url":"https://manoir.themerex.net/wp-content/themes/manoir/skins/default/trx_addons/css/shapes/","mouse_helper_in_swiper_slider":"1","add_to_links_url":[{"slug":"elementor","mask":"elementor.com/","link":"https://be.elementor.com/visit/?bta=2496&nci=5383&brand=elementor&utm_campaign=theme","args":{"afp":"trx25","landingPage":"@href"}}],"elementor_stretched_section_container":".page_wrap","pagebuilder_preview_mode":"","elementor_animate_items":".elementor-heading-title,.sc_item_subtitle,.sc_item_title,.sc_item_descr,.sc_item_posts_container + .sc_item_button,.sc_item_button.sc_title_button,nav \u003E ul \u003E li","elementor_animate_as_text":{"elementor-heading-title":"line,word,char","sc_item_title":"line,word,char"},"elementor_breakpoints":{"desktop":999999,"tablet":1279,"mobile":767},"elementor_placeholder_image":"https://manoir.themerex.net/wp-content/plugins/elementor/assets/images/placeholder.png","animate_to_mc4wp_form_submitted":"1","msg_no_products_found":"No products found! Please, change query parameters and try again.","ai_helper_sc_igenerator_openai_sizes":[],"msg_ai_helper_igenerator_download":"Download","msg_ai_helper_igenerator_download_error":"Error","msg_ai_helper_igenerator_download_expired":"The generated image cache timed out. The download link is no longer valid.\u003Cbr\u003EBut you can still download the image by right-clicking on it and selecting \"Save Image As...\"","msg_ai_helper_igenerator_disabled":"Image generation is not available in edit mode!","msg_ai_helper_igenerator_wait_available":"Wait for the image to become available on the rendering server","msg_ai_helper_sc_chat_clear":"Clear","msg_ai_helper_mgenerator_download":"Download","msg_ai_helper_mgenerator_download_error":"Error","msg_ai_helper_mgenerator_download_expired":"The generated music cache timed out. The download link is no longer valid.\u003Cbr\u003EBut you can still download the music by right-clicking on it and selecting \"Save Media As...\"","msg_ai_helper_mgenerator_disabled":"Music generation is not available in edit mode!","msg_ai_helper_mgenerator_fetch_error":"Error updating the tag audio on this page - object is not found!","msg_ai_helper_agenerator_download":"Download","msg_ai_helper_agenerator_download_error":"Error","msg_ai_helper_agenerator_download_expired":"The generated audio cache timed out. The download link is no longer valid.\u003Cbr\u003EBut you can still download the file by right-clicking on it and selecting \"Save Media As...\"","msg_ai_helper_agenerator_disabled":"Audio generation is not available in edit mode!","msg_ai_helper_agenerator_fetch_error":"Error updating the tag audio on this page - object is not found!","msg_ai_helper_vgenerator_download":"Download","msg_ai_helper_vgenerator_download_error":"Error","msg_ai_helper_vgenerator_download_expired":"The generated video cache timed out. The download link is no longer valid.\u003Cbr\u003EBut you can still download the video by right-clicking on it and selecting \"Save Video As...\"","msg_ai_helper_vgenerator_disabled":"Video generation is not available in edit mode!","msg_ai_helper_vgenerator_wait_available":"Wait for the video to become available on the rendering server","ai_helper_vgenerator_models_supporting_keyframes":["lumalabs-ai/ray-2","lumalabs-ai/ray-flash-2"],"ai_helper_vgenerator_models_supporting_duration":["lumalabs-ai/ray-2","lumalabs-ai/ray-flash-2"],"ai_helper_vgenerator_models_supporting_resolution":["lumalabs-ai/ray-2","lumalabs-ai/ray-flash-2"],"audio_effects_allowed":"0","bg_colors_selector":"body:not(.body_style_boxed) .page_content_wrap,body.body_style_boxed .page_wrap","mouse_helper":"1","mouse_helper_delay":"8","mouse_helper_centered":"0","msg_mouse_helper_anchor":"Scroll to","portfolio_use_gallery":"","scroll_to_anchor":"0","update_location_from_anchor":"0","msg_sc_googlemap_not_avail":"Googlemap service is not available","msg_sc_googlemap_geocoder_error":"Error while geocode address","sc_icons_animation_speed":"50","msg_sc_osmap_not_avail":"OpenStreetMap service is not available","msg_sc_osmap_geocoder_error":"Error while geocoding address","osmap_tiler":"vector","osmap_tiler_styles":{"basic":{"title":"Basic","slug":"basic","url":"https://api.maptiler.com/maps/{style}/style.json?key=C1rALu26mR1iTxEBrqQj","maxzoom":"18","token":""}},"osmap_attribution":"Map data \u00a9 \u003Ca href=\"https://www.openstreetmap.org/\"\u003EOpenStreetMap\u003C/a\u003E contributors","slider_round_lengths":"1"};
//# sourceURL=trx_addons-js-extra
</script>
<script id="trx_addons-js" defer="defer">/* ATTENTION! This file was generated automatically! Don't change it!!!
----------------------------------------------------------------------- */
 (function() { "use strict"; var $window = jQuery( window ), $document = jQuery( document ), $html_dom = document.querySelector('html'), $adminbar = jQuery( '#wpadminbar' ), $body = jQuery( 'body' ); window.dcl === undefined && ( window.dcl = function(s) { console.log(s); } ); window.dcs === undefined && ( window.dcs = function() { console.trace(); } ); window.dcts === undefined && ( window.dcts = function( name ) { console.time( name ? name : 'timer' ); } ); window.dctl === undefined && ( window.dctl = function( name ) { console.timeLog( name ? name : 'timer' ); } ); window.dcte === undefined && ( window.dcte = function( name ) { console.timeEnd( name ? name : 'timer' ); } ); window.trx_addons_get_cookie = function(name) { var defa = arguments[1] !== undefined ? arguments[1] : null; var start = document.cookie.indexOf(name + '='); var len = start + name.length + 1; if ((!start) && (name != document.cookie.substring(0, name.length))) { return defa; } if (start == -1) { return defa; } var end = document.cookie.indexOf(';', len); if (end == -1) { end = document.cookie.length; } return decodeURIComponent(document.cookie.substring(len, end)); }; window.trx_addons_set_cookie = function(name, value) { var expires = arguments[2] !== undefined ? arguments[2] : 0; var path = arguments[3] !== undefined ? arguments[3] : '/'; var domain = arguments[4] !== undefined ? arguments[4] : ''; var secure = arguments[5] !== undefined ? arguments[5] : ''; var samesite = arguments[6] !== undefined ? arguments[6] : 'strict'; var today = new Date(); today.setTime(today.getTime()); var expires_date = new Date(today.getTime() + (expires * 1)); document.cookie = encodeURIComponent(name) + '=' + encodeURIComponent(value) + (expires ? ';expires=' + expires_date.toGMTString() : '') + (path ? ';path=' + path : '') + (domain ? ';domain=' + domain : '') + (secure ? ';secure' : '') + (samesite ? ';samesite=' + samesite : ''); }; window.trx_addons_del_cookie = function(name) { var path = arguments[1] !== undefined ? arguments[1] : '/'; var domain = arguments[2] !== undefined ? arguments[2] : ''; var secure = arguments[3] !== undefined ? arguments[3] : ''; var samesite = arguments[4] !== undefined ? arguments[4] : 'strict'; if ( trx_addons_get_cookie(name) ) { document.cookie = encodeURIComponent(name) + '=' + ';expires=Thu, 01-Jan-1970 00:00:01 GMT' + (path ? ';path=' + path : '') + (domain ? ';domain=' + domain : '') + (secure ? ';secure' : '') + (samesite ? ';samesite=' + samesite : ''); } }; window.trx_addons_is_local_storage_exists = function() { try { return 'localStorage' in window && window['localStorage'] !== null; } catch (e) { return false; } }; window.trx_addons_get_storage = function(name) { var defa = arguments[1] !== undefined ? arguments[1] : null; var val = null; if (trx_addons_is_local_storage_exists()) { val = window['localStorage'].getItem(name); if (val === null) val = defa; } else { val = trx_addons_get_cookie(name, defa); } return val; }; window.trx_addons_set_storage = function(name, value) { if (trx_addons_is_local_storage_exists()) window['localStorage'].setItem(name, value); else trx_addons_set_cookie(name, value, 365 * 24 * 60 * 60 * 1000); }; window.trx_addons_del_storage = function(name) { if (trx_addons_is_local_storage_exists()) window['localStorage'].removeItem(name); else trx_addons_del_cookie(name); }; window.trx_addons_clear_storage = function() { if (trx_addons_is_local_storage_exists()) window['localStorage'].clear(); }; window.trx_addons_copy_to_clipboard = function(str, strip_tags) { var selected = document.getSelection().rangeCount > 0 ? document.getSelection().getRangeAt(0) : false; if ( typeof str == 'object' && str.length ) { str = str.is( 'textarea' ) ? str.val() : str.html(); } if ( strip_tags ) { str = str.replace(/<[^>]+>/g, ''); } var el = document.createElement('textarea'); el.value = str; el.setAttribute('readonly', ''); el.style.position = 'absolute'; el.style.left = '-9999px'; document.body.appendChild(el); el.select(); document.execCommand('copy'); document.body.removeChild(el); if (selected) { document.getSelection().removeAllRanges(); document.getSelection().addRange(selected); } }; window.trx_addons_clear_listbox = function(box) { for (var i=box.options.length-1; i >= 0; i--) box.options[i] = null; }; window.trx_addons_add_listbox_item = function(box, val, text) { var item = new Option(); item.value = val; item.text = text; box.options.add(item); }; window.trx_addons_del_listbox_item_by_value = function(box, val) { for (var i=0; i < box.options.length; i++) { if (box.options[i].value == val) { box.options[i] = null; break; } } }; window.trx_addons_del_listbox_item_by_text = function(box, txt) { for (var i=0; i < box.options.length; i++) { if (box.options[i].text == txt) { box.options[i] = null; break; } } }; window.trx_addons_find_listbox_item_by_value = function(box, val) { var idx = -1; for (var i=0; i < box.options.length; i++) { if (box.options[i].value == val) { idx = i; break; } } return idx; }; window.trx_addons_find_listbox_item_by_text = function(box, txt) { var idx = -1; for (var i=0; i < box.options.length; i++) { if (box.options[i].text == txt) { idx = i; break; } } return idx; }; window.trx_addons_select_listbox_item_by_value = function(box, val) { for (var i = 0; i < box.options.length; i++) { box.options[i].selected = (val == box.options[i].value); } }; window.trx_addons_select_listbox_item_by_text = function(box, txt) { for (var i = 0; i < box.options.length; i++) { box.options[i].selected = (txt == box.options[i].text); } }; window.trx_addons_get_listbox_values = function(box) { var delim = arguments[1] ? arguments[1] : ','; var str = ''; for (var i=0; i < box.options.length; i++) { str += (str ? delim : '') + box.options[i].value; } return str; }; window.trx_addons_get_listbox_texts = function(box) { var delim = arguments[1] ? arguments[1] : ','; var str = ''; for (var i=0; i < box.options.length; i++) { str += (str ? delim : '') + box.options[i].text; } return str; }; window.trx_addons_sort_listbox = function(box) { var temp_opts = new Array(); var temp = new Option(); for(var i=0; i<box.options.length; i++) { temp_opts[i] = box.options[i].clone(); } for(var x=0; x<temp_opts.length-1; x++) { for(var y=(x+1); y<temp_opts.length; y++) { if (temp_opts[x].text > temp_opts[y].text) { temp = temp_opts[x]; temp_opts[x] = temp_opts[y]; temp_opts[y] = temp; } } } for(i=0; i<box.options.length; i++) { box.options[i] = temp_opts[i].clone(); } }; window.trx_addons_get_listbox_selected_index = function(box) { for (var i = 0; i < box.options.length; i++) { if (box.options[i].selected) { return i; } } return -1; }; window.trx_addons_get_listbox_selected_value = function(box) { for (var i = 0; i < box.options.length; i++) { if (box.options[i].selected) { return box.options[i].value; } } return null; }; window.trx_addons_get_listbox_selected_text = function(box) { for (var i = 0; i < box.options.length; i++) { if (box.options[i].selected) { return box.options[i].text; } } return null; }; window.trx_addons_get_listbox_selected_option = function(box) { for (var i = 0; i < box.options.length; i++) { if (box.options[i].selected) { return box.options[i]; } } return null; }; window.trx_addons_get_radio_value = function(radioGroupObj) { for (var i=0; i < radioGroupObj.length; i++) { if (radioGroupObj[i].checked) { return radioGroupObj[i].value; } } return null; }; window.trx_addons_set_radio_checked_by_num = function(radioGroupObj, num) { for (var i=0; i < radioGroupObj.length; i++) { if (radioGroupObj[i].checked && i!=num) { radioGroupObj[i].checked=false; } else if (i==num) { radioGroupObj[i].checked=true; } } }; window.trx_addons_set_radio_checked_by_value = function(radioGroupObj, val) { for (var i=0; i < radioGroupObj.length; i++) { if (radioGroupObj[i].checked && radioGroupObj[i].value!=val) { radioGroupObj[i].checked=false; } else if (radioGroupObj[i].value==val) { radioGroupObj[i].checked=true; } } }; window.trx_addons_form_validate = function(form, opt) { if (typeof(opt.error_message_show)=='undefined') opt.error_message_show = true; if (typeof(opt.error_message_time)=='undefined') opt.error_message_time = 5000; if (typeof(opt.error_message_class)=='undefined') opt.error_message_class = 'trx_addons_message_box_error'; if (typeof(opt.success_message_class)=='undefined') opt.success_message_class = 'trx_addons_message_box_success'; if (typeof(opt.error_message_text)=='undefined') opt.error_message_text = 'Incorrect data in the fields!'; if (typeof(opt.error_fields_class)=='undefined') opt.error_fields_class = 'trx_addons_field_error'; if (typeof(opt.exit_after_first_error)=='undefined') opt.exit_after_first_error = false; var error_msg = ''; form.find(":input").each(function() { if (error_msg !== '' && opt.exit_after_first_error) return; for (var i = 0; i < opt.rules.length; i++) { if (jQuery(this).attr("name") == opt.rules[i].field) { var val = jQuery(this).val(); var error = false; if (typeof(opt.rules[i].min_length) == 'object') { if (opt.rules[i].min_length.value > 0 && val.length < opt.rules[i].min_length.value) { if (error_msg === '') jQuery(this).get(0).focus(); error_msg += '<p class="trx_addons_error_item">' + (typeof(opt.rules[i].min_length.message)!='undefined' ? opt.rules[i].min_length.message : opt.error_message_text ) + '</p>'; error = true; } } if ((!error || !opt.exit_after_first_error) && typeof(opt.rules[i].max_length) == 'object') { if (opt.rules[i].max_length.value > 0 && val.length > opt.rules[i].max_length.value) { if (error_msg === '') jQuery(this).get(0).focus(); error_msg += '<p class="trx_addons_error_item">' + (typeof(opt.rules[i].max_length.message)!='undefined' ? opt.rules[i].max_length.message : opt.error_message_text ) + '</p>'; error = true; } } if ((!error || !opt.exit_after_first_error) && typeof(opt.rules[i].mask) == 'object') { if (opt.rules[i].mask.value !== '') { var regexp = new RegExp(opt.rules[i].mask.value); if (!regexp.test(val)) { if (error_msg === '') jQuery(this).get(0).focus(); error_msg += '<p class="trx_addons_error_item">' + (typeof(opt.rules[i].mask.message)!='undefined' ? opt.rules[i].mask.message : opt.error_message_text ) + '</p>'; error = true; } } } if ((!error || !opt.exit_after_first_error) && typeof(opt.rules[i].state) == 'object') { if (opt.rules[i].state.value=='checked' && !jQuery(this).get(0).checked) { if (error_msg === '') jQuery(this).get(0).focus(); error_msg += '<p class="trx_addons_error_item">' + (typeof(opt.rules[i].state.message)!='undefined' ? opt.rules[i].state.message : opt.error_message_text ) + '</p>'; error = true; } } if ((!error || !opt.exit_after_first_error) && typeof(opt.rules[i].equal_to) == 'object') { if (opt.rules[i].equal_to.value !== '' && val!=jQuery(jQuery(this).get(0).form[opt.rules[i].equal_to.value]).val()) { if (error_msg === '') jQuery(this).get(0).focus(); error_msg += '<p class="trx_addons_error_item">' + (typeof(opt.rules[i].equal_to.message)!='undefined' ? opt.rules[i].equal_to.message : opt.error_message_text ) + '</p>'; error = true; } } if (opt.error_fields_class !== '') jQuery(this).toggleClass(opt.error_fields_class, error); } } }); if (error_msg !== '' && opt.error_message_show) { var error_message_box = form.find(".trx_addons_message_box"); if (error_message_box.length === 0) error_message_box = form.parent().find(".trx_addons_message_box"); if (error_message_box.length === 0) { form.append('<div class="trx_addons_message_box"></div>'); error_message_box = form.find(".trx_addons_message_box"); } else error_message_box.removeClass(opt.success_message_class); if (opt.error_message_class) error_message_box.addClass(opt.error_message_class); error_message_box.html(error_msg).fadeIn(); setTimeout(function() { error_message_box.fadeOut(); }, opt.error_message_time); } return error_msg !== ''; }; function trx_addons_compare_lists( list1, list2 ) { var result = list1.length == list2.length; if ( result ) { for ( var i in list1 ) { if ( ! list2.hasOwnProperty(i) || list1[i] != list2[i] ) { result = false; break; } } } return result; } var _trx_addons_refresh_list_cache = {}; window.trx_addons_refresh_list = function( parent_type, parent_val, list_fld, list_lbl, list_not_selected, elementor_obj ) { if ( list_not_selected === undefined ) { list_not_selected = list_fld.data('not-selected') === true || list_fld.parents('.vc_edit-form-tab').length > 0 || list_fld.parents('#elementor-controls').length > 0 || list_fld.parents('[class*="widget_field_type_"]').length > 0 || list_fld.parents('.widget-liquid-right').length > 0 || list_fld.parents('.widgets-holder-wrap').length > 0 || list_fld.parents('.customize-control-widget_form').length > 0; } var list_val = elementor_obj && list_fld.data( 'setting' ) ? elementor_obj.model.getSetting( list_fld.data( 'setting' ) ) : list_fld.val(); list_val = ',' + list_val + ','; if ( list_lbl.find('.trx_addons_refresh').length === 0 ) { list_lbl.append('<span class="trx_addons_refresh trx_addons_icon-spin3 animate-spin"></span>'); } if ( parent_val ) { var cache_key = ( typeof parent_val == 'object' ? JSON.stringify( parent_val ) : parent_val ) + '_' + parent_type; if ( _trx_addons_refresh_list_cache[cache_key] !== undefined ) { trx_addons_refresh_field_items( _trx_addons_refresh_list_cache[cache_key] ); } else { var data = { action: 'trx_addons_refresh_list', nonce: TRX_ADDONS_STORAGE['ajax_nonce'], parent_type: parent_type, parent_value: parent_val, list_not_selected: list_not_selected, is_admin_request: 1 }; jQuery.post( TRX_ADDONS_STORAGE['ajax_url'], data, function( response ) { var rez = trx_addons_parse_ajax_response( response ); if ( rez.error === '' ) { _trx_addons_refresh_list_cache[cache_key] = rez.data; trx_addons_refresh_field_items( rez.data ); } } ); } } else { var args = []; if ( list_not_selected ) { var list_type = list_fld.prop('tagName').toLowerCase(); if ( list_type == 'select' ) { var opt = list_fld.find( 'option' ).eq(0); if ( opt.length > 0 ) { args[0] = { key: opt.val(), value: opt.text() }; } } } trx_addons_refresh_field_items( args ); } function trx_addons_refresh_field_items( data ) { var list = {}; var opt_list = ''; var list_type = list_fld.prop('tagName').toLowerCase(); var list_name = list_type == 'select' ? ( list_fld.attr('name') ? list_fld.attr('name') : list_fld.data('setting') ) : list_fld.data('field_name'); if ( data.length === 0 ) { data = [ { key: 0, value: '' } ]; } for ( var i in data ) { if ( list_type != 'select' && data[i]['key'] == 0 ) { continue; } list[ data[i]['key'] ] = data[i]['value']; opt_list += list_type == 'select' ? '<option class="'+data[i]['key']+'"' + ' value="'+data[i]['key']+'"' + ( list_val.indexOf( ',' + ( '' + data[i]['key'] ).trim() + ',' ) >= 0 || list_val.indexOf( ',' + ( '' + data[i]['key'] ).trim() + ' ,' ) >= 0 ? ' selected="selected"' : '' ) + '>' + data[i]['value'] + '</option>' : '<label><input type="checkbox"' + ' value="' + data[i]['key'] + '"' + ' name="' + list_name + '"' + '>' + data[i]['value'] + '</label>'; } list_fld.html( opt_list ); if ( list_type == 'select' && list_fld.find('option:selected').length === 0 && list_fld.find('option').length > 0 ) { list_fld.find('option').get(0).selected = true; } var need_refresh = true; if ( elementor_obj ) { need_refresh = ! trx_addons_compare_lists( elementor_obj.view.container.controls[ list_name ].options, list ); if ( need_refresh ) { elementor_obj.view.container.controls[ list_name ].options = list; } } list_lbl.find('span.trx_addons_refresh').remove(); if ( list_fld.data( 'select2' ) ) { setTimeout( function() { list_fld.parent().find('input.select2-search__field[placeholder]').removeAttr( 'placeholder' ); }, 1 ); } if ( need_refresh ) { list_fld.trigger('change'); } else { list_fld.trigger('change.trx_addons_refresh_list'); } } return false; }; var _window_width = $window.width(), _window_height = $window.height(), _window_scroll_top = $window.scrollTop(), _window_scroll_left = $window.scrollLeft(); $window.on( 'resize', function() { _window_width = $window.width(); _window_height = $window.height(); _window_scroll_top = $window.scrollTop(); _window_scroll_left = $window.scrollLeft(); } ); $window.on( 'scroll', function() { _window_scroll_top = $window.scrollTop(); _window_scroll_left = $window.scrollLeft(); } ); window.trx_addons_window_width = function( val ) { if ( val ) _window_width = val; return _window_width; }; window.trx_addons_window_height = function( val ) { if ( val ) _window_height = val; return _window_height; }; window.trx_addons_window_scroll_top = function() { return _window_scroll_top; }; window.trx_addons_window_scroll_left = function() { return _window_scroll_left; }; var _document_height; var _document_height_first_run = true; var _update_document_height = function( e ) { if ( _document_height_first_run && e && e.namespace == 'init_hidden_elements' ) { _document_height_first_run = false; return; } _document_height = $document.height(); }; $document.ready( _update_document_height ); $document.on( 'action.init_hidden_elements action.got_ajax_response', _update_document_height ); $window.on( 'resize', _update_document_height ); window.trx_addons_document_height = function() { return _document_height; }; var _adminbar_height = 0; var _update_adminbar_height = function() { _adminbar_height = trx_addons_adminbar_height_calc(); }; $document.ready( _update_adminbar_height ); $window.on( 'resize', _update_adminbar_height ); window.trx_addons_adminbar_height_calc = function() { return trx_addons_apply_filters( 'trx_addons_filter_adminbar_height', $adminbar.length === 0 || $adminbar.css( 'display' ) == 'none' || $adminbar.css( 'position' ) == 'absolute' ? 0 : $adminbar.height() ); }; window.trx_addons_adminbar_height = function() { return _adminbar_height; }; var $fixed_rows = false, _fixed_rows_height = 0; var _update_fixed_rows = function() { if ( $fixed_rows === false ) { $fixed_rows = jQuery( '.sc_layouts_row_fixed'); } _fixed_rows_height = trx_addons_fixed_rows_height_calc(); $html_dom.style.setProperty( '--fixed-rows-height', ( _fixed_rows_height + trx_addons_adminbar_height() ) + 'px' ); }; $document.ready( _update_fixed_rows ); $document.on('action.ready_trx_addons action.sc_layouts_row_fixed_on action.sc_layouts_row_fixed_off', _update_fixed_rows ); $window.on( 'resize', _update_fixed_rows ); window.trx_addons_fixed_rows_height_calc = function() { var oft = 0; if ( $fixed_rows.length > 0 ) { var $fixed_on = $fixed_rows.filter( '.sc_layouts_row_fixed_on' ); if ( $fixed_on.length > 0 && ! $body.hasClass( 'hide_fixed_rows' ) ) { $fixed_on.each( function() { var $row = jQuery( this ); if ( $row.css( 'position' ) == 'fixed' && $row.css( 'display' ) != 'none' ) { oft += $row.outerHeight(); } } ); } } return trx_addons_apply_filters( 'trx_addons_filter_fixed_rows_height', oft ); }; window.trx_addons_fixed_rows_height = function() { var with_admin_bar = arguments.length > 0 ? arguments[0] : true, with_fixed_rows = arguments.length > 1 ? arguments[1] : true; return ( with_admin_bar ? trx_addons_adminbar_height() : 0 ) + ( with_fixed_rows ? _fixed_rows_height : 0 ); }; window.trx_addons_document_animate_to_busy = false; window.trx_addons_document_animate_to = function(id, callback) { var split_animation = true; var oft = !isNaN(id) ? Number(id) : 0, oft2 = -1; var obj = null; if ( isNaN(id) ) { if ( typeof id == 'object' ) { if ( id.length > 0 ) { obj = id; } else { return; } } else { if ( id.substring(0, 1) != '#' && id.substring(0, 1) != '.' ) { id = '#' + id; } obj = jQuery(id).eq(0); if ( obj.length === 0 ) { return; } } oft = split_animation ? obj.offset().top : Math.max( 0, obj.offset().top - trx_addons_fixed_rows_height() ); if ( split_animation ) { oft2 = Math.max( 0, oft - trx_addons_fixed_rows_height() ); } } var speed = Math.min(1000, Math.max(300, Math.round(Math.abs( (oft2 < 0 ? oft : oft2) - jQuery(window).scrollTop()) / jQuery(window).height() * 300))); window.trx_addons_document_animate_to_busy = true; if ( oft2 >= 0 ) { setTimeout( function() { if (isNaN(id)) oft = obj.offset().top; oft2 = Math.max( 0, oft - trx_addons_fixed_rows_height() ); jQuery('body,html').stop(true).animate( {scrollTop: oft2}, Math.floor(speed/2), 'linear', function() { _window_scroll_top = $window.scrollTop(); window.trx_addons_document_animate_to_busy = false; if ( callback ) callback( id, speed ); } ); }, Math.floor(speed/2) ); } else { oft2 = oft; } if ( speed > 0 ) { jQuery('body,html').stop(true).animate( {scrollTop: oft2}, speed, 'linear', function() { _window_scroll_top = $window.scrollTop(); window.trx_addons_document_animate_to_busy = false; if ( callback ) callback( id, speed ); } ); } else { jQuery( 'body,html' ).stop( true ).scrollTop( oft2 ); _window_scroll_top = $window.scrollTop(); window.trx_addons_document_animate_to_busy = false; if ( callback ) callback( id, speed ); } }; window.trx_addons_request_animation_frame = function() { return window.requestAnimationFrame || window.webkitRequestAnimationFrame || window.mozRequestAnimationFrame || window.oRequestAnimationFrame || window.msRequestAnimationFrame || null; }; window.trx_addons_document_set_location = function( curLoc, state ) { if ( history.pushState === undefined || navigator.userAgent.match(/MSIE\s[6-9]/i) !== null ) { return; } try { history.pushState( state ? state : { url: curLoc }, null, curLoc ); return; } catch( e ) {} location.href = curLoc; }; window.trx_addons_add_to_url = function(loc, prm) { var ignore_empty = arguments[2] !== undefined ? arguments[2] : true, q = loc.split('?'), attr = q.length > 1 ? trx_addons_parse_query_string(q[1]) : {}, i = 0; for (var p in prm) { attr[p] = prm[p]; } loc = q[0] + '?'; i = 0; for (p in attr) { if (ignore_empty && attr[p] === '') continue; loc += (i++ > 0 ? '&' : '') + encodeURIComponent(p) + '=' + encodeURIComponent(attr[p]); } return loc; }; window.trx_addons_add_extra_args_to_links = function( args, cont ) { if ( ! cont ) { cont = $body; } cont.find( 'a' ).each( function() { var link = jQuery( this ), href = link.attr( 'href' ); if ( href && href != '#' && ! trx_addons_is_local_link( href ) && ! link.data( 'trx-addons-extra-args-added' ) ) { var loc = window.location.href, page_valid = true; for ( var i = 0; i < args.length; i++ ) { page_valid = true; if ( args[i].page ) { page_valid = false; if ( typeof args[i].page == 'object' ) { for ( var pg in args[i].page ) { page_valid = loc.indexOf( args[i].page[pg] ) >= 0; if ( page_valid ) break; } } else { page_valid = loc.indexOf( args[i].page ) >= 0; } } if ( page_valid && ( ! args[i].mask || href.indexOf( args[i].mask ) >= 0 ) && ( ! args[i].link || href.indexOf( args[i].link ) < 0 ) ) { var add = false; if ( typeof args[i].args == 'object' ) { add = {}; for ( var a in args[i].args ) { if ( args[i].args[a] === '' ) { continue; } if ( args[i].args[a] == '@href' ) { add[a] = href; } else if ( args[i].args[a] == '@location' || args[i].args[a] == '@loc' ) { add[a] = loc; } else if ( args[i].args[a] == '@title' ) { add[a] = document.title; } else { add[a] = args[i].args[a]; } } } if ( typeof args[i].link != 'undefined' ) { href = args[i].link; } if ( add !== false ) { href = trx_addons_add_to_url( href, add ); } if ( typeof args[i].hash != 'undefined' && href.indexOf('#') < 0 ) { href += '#' + args[i].hash; } link.attr( 'href', href ); link.data( 'trx-addons-extra-args-added', 1 ); break; } } } } ); }; window.trx_addons_get_value_gp = function(prm) { var urlParams = new URLSearchParams(window.location.search), value = urlParams.get(prm); return decodeURIComponent( value ? value : ''); }; window.trx_addons_parse_ajax_response = function( response, error_msg = '' ) { var rez = {}; if ( response == '' || response == 0 ) { rez = { error: error_msg || TRX_ADDONS_STORAGE['msg_ajax_error'] }; } else if ( typeof response == 'string' ) { try { rez = JSON.parse( response ); } catch (e) { rez = { error: error_msg || TRX_ADDONS_STORAGE['msg_ajax_error'] }; console.log( response ); } } else { rez = response; } return rez; }; window.trx_addons_parse_query_string = function(qs) { var query = {}, pairs = ( qs.indexOf('?') >= 0 ? qs.substring( qs.indexOf('?') + 1 ) : qs).split('&'), pair = []; for (var i = 0; i < pairs.length; i++) { pair = pairs[i].split('='); query[decodeURIComponent(pair[0])] = decodeURIComponent(pair[1] || ''); } return query; }; window.trx_addons_is_local_link = function(url) { var rez = url!==undefined; if (rez) { var url_pos = url.indexOf('#'); if (url_pos === 0 && url.length == 1) { rez = false; } else { if (url_pos < 0) url_pos = url.length; var loc = window.location.href; var loc_pos = loc.indexOf('#'); if (loc_pos > 0) loc = loc.substring(0, loc_pos); rez = url_pos === 0; if (!rez) rez = loc == url.substring(0, url_pos); } } return rez; }; window.trx_addons_is_url = function( url ) { return url.indexOf( '//' ) === 0 || url.indexOf( '://' ) > 0; }; window.trx_addons_is_local_url = function( url ) { return url.indexOf( '//' ) < 0 || url.indexOf( window.location.hostname ) > 0; }; window.trx_addons_is_external_url = function( url ) { return ( url.indexOf( '//' ) === 0 || url.indexOf( '://' ) > 0 ) && url.indexOf( window.location.hostname ) === -1; }; window.trx_addons_get_embed_from_url = function(url, autoplay, mute, loop ) { if (autoplay === undefined) { autoplay = true; } if (mute === undefined) { mute = true; } if (loop === undefined) { loop = true; } var embed = ''; if ( url.indexOf( '.mp4' ) > 0 || trx_addons_is_local_link( url ) ) { embed = '<video class="trx_addons_video_video" playsinline disablepictureinpicture' + ( autoplay ? ' autoplay="autoplay"' : '' ) + ( loop ? ' loop="loop"' : '' ) + ( mute ? ' muted="muted"' : '' ) + '>' + '<source src="' + url + '" type="video/mp4" />' + '</video>'; } else { url = url.replace('/watch?v=', '/embed/') .replace('/youtu.be/', '/www.youtube.com/embed/') .replace(new RegExp(/\/vimeo\.com\/(\d+)(?:\/([a-z0-9]+))?/, 'i'), '/player.vimeo.com/video/$1?h=$2') .replace('/dai.ly/', '/dailymotion.com/embed/video/') .replace('/dailymotion.com/video/', '/dailymotion.com/embed/video/'); if (autoplay) { url += (url.indexOf('?') > 0 ? '&' : '?') + 'autoplay=1'; } if (mute) { url += (url.indexOf('?') > 0 ? '&' : '?') + 'muted=1'; } embed = '<iframe src="'+url+'" border="0" width="1280" height="720"' + (autoplay ? ' allow="autoplay"' : '') + '></iframe>'; } return embed; }; window.trx_addons_set_autoplay = function(container, value) { if (value === undefined) { value = 1; } container.find('.video_frame > iframe, iframe').each(function () { if (value) { jQuery(this).attr('allow', 'autoplay'); } var src = jQuery(this).data('src'); if (src) { jQuery(this).attr('src', src); } else { src = jQuery(this).attr('src'); if (src === undefined) { src = ''; } if (src.indexOf('youtube')>=0 || src.indexOf('vimeo')>=0) { jQuery(this).attr('src', trx_addons_add_to_url(src, {'autoplay': value})); } } }); }; window.trx_addons_insert_video_iframe = function( $cont, iframe_html ) { if ( $cont.length === 0 ) { return; } if ( trx_addons_browser_is_ios() && iframe_html.indexOf( 'youtu' ) > 0 && iframe_html.indexOf( 'autoplay=1' ) > 0 && typeof YT != 'undefined' ) { var id = 'trx_addons_yt_player_' + trx_addons_get_unique_id(); $cont.html( iframe_html.replace( /<iframe[\s]+[\s\S]+<\/iframe>/, '<div class="trx_addons_yt_player" id="' + id + '"></div>' ) ); var src = iframe_html.split('?'); var video_id = src[0].substring( src[0].indexOf('/embed/') + 7 ); var player = new YT.Player( id, { videoId: video_id, suggestedQuality: 'hd720', playerVars: { autoplay: 1, autohide: 0, modestbranding: 1, rel: 0, showinfo: 0, controls: 1, disablekb: 1, enablejsapi: 1, iv_load_policy: 3, playsinline: 1, loop: 0 }, events: { 'onReady': function onReady(e) { player.playVideo(); } } } ); } else { $cont.html( iframe_html ); } }; window.trx_addons_browser_is_support = function( prop, value ) { var prefixes = ' -webkit- -moz- -o- -ms- '.split(' '); var el = document.createElement('a'); var style = el.style; if ( prop.slice( -1 ) != ':' ) { prop += ':'; } style.cssText = prop + prefixes.join( value + ';' + prop ).slice( 0, - prop.length ); return style.position.indexOf( value ) !== -1; }; window.trx_addons_browser_is_support_css_sticky = function() { return trx_addons_browser_is_support( 'position', 'sticky' ); }; window.trx_addons_browser_is_touch = function() { return 'ontouchstart' in document.documentElement; }; window.trx_addons_browser_is_pointer_events = function() { return !!window.PointerEvent && ('maxTouchPoints' in window.navigator) && window.navigator.maxTouchPoints >= 0; }; window.trx_addons_browser_is_mobile = function() { var check = false; ( function(a) { if ( /(android|bb\d+|meego).+mobile|avantgo|bada\/|blackberry|blazer|compal|elaine|fennec|hiptop|iemobile|ip(hone|od|ad)|iris|kindle|lge |maemo|midp|mmp|mobile.+firefox|netfront|opera m(ob|in)i|palm( os)?|phone|p(ixi|re)\/|plucker|pocket|psp|series(4|6)0|symbian|treo|up\.(browser|link)|vodafone|wap|windows (ce|phone)|xda|xiino/i.test(a)||/1207|6310|6590|3gso|4thp|50[1-6]i|770s|802s|a wa|abac|ac(er|oo|s\-)|ai(ko|rn)|al(av|ca|co)|amoi|an(ex|ny|yw)|aptu|ar(ch|go)|as(te|us)|attw|au(di|\-m|r |s )|avan|be(ck|ll|nq)|bi(lb|rd)|bl(ac|az)|br(e|v)w|bumb|bw\-(n|u)|c55\/|capi|ccwa|cdm\-|cell|chtm|cldc|cmd\-|co(mp|nd)|craw|da(it|ll|ng)|dbte|dc\-s|devi|dica|dmob|do(c|p)o|ds(12|\-d)|el(49|ai)|em(l2|ul)|er(ic|k0)|esl8|ez([4-7]0|os|wa|ze)|fetc|fly(\-|_)|g1 u|g560|gene|gf\-5|g\-mo|go(\.w|od)|gr(ad|un)|haie|hcit|hd\-(m|p|t)|hei\-|hi(pt|ta)|hp( i|ip)|hs\-c|ht(c(\-| |_|a|g|p|s|t)|tp)|hu(aw|tc)|i\-(20|go|ma)|i230|iac( |\-|\/)|ibro|idea|ig01|ikom|im1k|inno|ipaq|iris|ja(t|v)a|jbro|jemu|jigs|kddi|keji|kgt( |\/)|klon|kpt |kwc\-|kyo(c|k)|le(no|xi)|lg( g|\/(k|l|u)|50|54|\-[a-w])|libw|lynx|m1\-w|m3ga|m50\/|ma(te|ui|xo)|mc(01|21|ca)|m\-cr|me(rc|ri)|mi(o8|oa|ts)|mmef|mo(01|02|bi|de|do|t(\-| |o|v)|zz)|mt(50|p1|v )|mwbp|mywa|n10[0-2]|n20[2-3]|n30(0|2)|n50(0|2|5)|n7(0(0|1)|10)|ne((c|m)\-|on|tf|wf|wg|wt)|nok(6|i)|nzph|o2im|op(ti|wv)|oran|owg1|p800|pan(a|d|t)|pdxg|pg(13|\-([1-8]|c))|phil|pire|pl(ay|uc)|pn\-2|po(ck|rt|se)|prox|psio|pt\-g|qa\-a|qc(07|12|21|32|60|\-[2-7]|i\-)|qtek|r380|r600|raks|rim9|ro(ve|zo)|s55\/|sa(ge|ma|mm|ms|ny|va)|sc(01|h\-|oo|p\-)|sdk\/|se(c(\-|0|1)|47|mc|nd|ri)|sgh\-|shar|sie(\-|m)|sk\-0|sl(45|id)|sm(al|ar|b3|it|t5)|so(ft|ny)|sp(01|h\-|v\-|v )|sy(01|mb)|t2(18|50)|t6(00|10|18)|ta(gt|lk)|tcl\-|tdg\-|tel(i|m)|tim\-|t\-mo|to(pl|sh)|ts(70|m\-|m3|m5)|tx\-9|up(\.b|g1|si)|utst|v400|v750|veri|vi(rg|te)|vk(40|5[0-3]|\-v)|vm40|voda|vulc|vx(52|53|60|61|70|80|81|83|85|98)|w3c(\-| )|webc|whit|wi(g |nc|nw)|wmlb|wonu|x700|yas\-|your|zeto|zte\-/i.test( a.substr(0,4) ) ) { check = true; } } )( navigator.userAgent || navigator.vendor || window.opera ); return check; }; window.trx_addons_browser_is_ios = function() { return navigator.userAgent.match(/iPad|iPhone|iPod/i) !== null ? true : false; }; window.trx_addons_browser_is_iphone = function() { return navigator.userAgent.match(/iPhone/i) !== null ? true : false; }; window.trx_addons_browser_is_ipad = function() { return navigator.userAgent.match(/iPad/i) !== null ? true : false; }; window.trx_addons_browser_is_ipod = function() { return navigator.userAgent.match(/iPod/i) !== null ? true : false; }; window.trx_addons_is_retina = function() { var mediaQuery = '(-webkit-min-device-pixel-ratio: 1.5), (min--moz-device-pixel-ratio: 1.5), (-o-min-device-pixel-ratio: 3/2), (min-resolution: 1.5dppx)'; return (window.devicePixelRatio > 1) || (window.matchMedia && window.matchMedia(mediaQuery).matches); }; window.trx_addons_browser_classes = function() { var userAgent = navigator.userAgent, matchUserAgent = function( ua ) { return userAgent.indexOf( ua ) >= 0; }, classes = { 'mobile': trx_addons_browser_is_mobile(), 'mac': matchUserAgent('Macintosh'), 'ios': trx_addons_browser_is_ios(), 'iphone': trx_addons_browser_is_iphone() || trx_addons_browser_is_ipad() || trx_addons_browser_is_ipod(), 'touch': trx_addons_browser_is_touch(), 'retina': trx_addons_is_retina(), 'firefox': matchUserAgent( 'Firefox' ), 'opera': !!window.opr && !!opr.addons || !!window.opera || matchUserAgent(' OPR/'), 'safari': /^((?!chrome|android).)*safari/i.test(userAgent) || /constructor/i.test(window.HTMLElement) || (p => { return '[object SafariRemoteNotification]' === p.toString(); })(!window.safari || typeof safari !== 'undefined' && safari.pushNotification), 'ie': /Trident|MSIE/.test(userAgent) && ( false || !!document.documentMode ), 'blink': matchUserAgent('Chrome') && !!window.CSS, 'webkit': matchUserAgent('AppleWebKit') }; classes['edge'] = ! classes['ie'] && !!window.StyleMedia || matchUserAgent('Edg'); classes['chrome'] = !!window.chrome && matchUserAgent('Chrome') && ! classes['edge'] && ! classes['opera']; classes['applewebkit'] = matchUserAgent('AppleWebKit') && ! classes['blink']; classes['gecko'] = matchUserAgent('Gecko') && classes['firefox']; return classes; }; window.trx_addons_get_file_name = function(path) { path = path.replace(/\\/g, '/'); if ( path.indexOf('?') > 0 ) { path = path.substr( 0, path.indexOf('?') ); } var pos = path.lastIndexOf('/'); if (pos >= 0) path = path.substr(pos+1); return path; }; window.trx_addons_get_file_ext = function(path) { if ( path.indexOf('?') > 0 ) { path = path.substr( 0, path.indexOf('?') ); } var pos = path.lastIndexOf('.'); path = pos >= 0 ? path.substr(pos+1) : ''; return path; }; window.trx_addons_get_basename = function(path) { return trx_addons_get_file_name(path).replace('.'+trx_addons_get_file_ext(path), ''); }; window.trx_addons_is_images_loaded = function(cont) { var complete = true; cont.find('img').each(function() { if ( ! complete ) { return; } var img = jQuery(this).get(0); if (typeof img.complete == 'boolean') { complete = img.complete; } else if (typeof img.naturalWidth == 'number' && typeof img.naturalHeight == 'number') { complete = !(img.naturalWidth == 0 && img.naturalHeight == 0); } }); return complete; }; window.trx_addons_when_images_loaded = function(cont, callback, max_delay) { if (max_delay === undefined) { max_delay = 3000; } if (max_delay <= 0 || trx_addons_is_images_loaded(cont)) { callback( cont ); } else { setTimeout(function(){ trx_addons_when_images_loaded(cont, callback, max_delay - 200); }, 200); } }; window.trx_addons_fetch_url = function( url, callback ) { if ( window.location.protocol == 'https:' && url.indexOf( 'http:' ) == 0 ) { url = 'https:' + url.substr(5); } if ( typeof window.fetch == 'function' ) { fetch( url ) .then( function( response ) { return response.ok ? response.text() : ''; } ) .then( function( data ) { if ( callback ) { callback( data ); } } ); } else { jQuery.get( url ) .done( function( response ) { if ( typeof response == 'object' && typeof response.childElementCount != 'undefined' && response.childElementCount > 0 && typeof response.children != 'undefined' && typeof response.children[0] != 'undefined' ) { response = response.children[0].outerHTML; } if ( callback ) { callback( response ); } } ) .fail( function() { if ( callback ) { callback( '' ); } } ); } }; var inline_svg = []; window.trx_addons_get_inline_svg = function( svg_url, view ) { var html = ''; for( var i = 0; i < inline_svg.length; i++ ) { if ( inline_svg[i].url == svg_url ) { html = inline_svg[i].html; break; } } if ( html === '' ) { if ( svg_url && trx_addons_get_file_ext( svg_url ) == 'svg' ) { trx_addons_fetch_url( svg_url, function( html ) { if ( html && html.indexOf( '<svg' ) >= 0 ) { html = trx_addons_sanitize_svg( html ); inline_svg.push( { url: svg_url, html: html } ); } if ( view ) { view.render( html ); } } ); } } else if ( view ) { view.render( html ); } return html; }; if ( ! window.get_inline_svg ) { window.get_inline_svg = window.trx_addons_get_inline_svg; } window.trx_addons_sanitize_svg = function( svg ) { if ( svg && typeof svg == 'string' ) { var disallowed_tags = [ 'script', 'foreignobject', 'object', 'iframe', 'applet', 'embed', 'form', 'input', 'textarea', 'select', 'button' ]; for ( var i = 0; i < disallowed_tags.length; i++ ) { var tag = disallowed_tags[i]; svg = svg.replace( new RegExp( '<' + tag + '[^>]*>.*?</' + tag + '>', 'gi' ), '' ); svg = svg.replace( new RegExp( '<' + tag + '[^>]*>', 'gi' ), '' ); svg = svg.replace( new RegExp( '</' + tag + '[^>]*>', 'gi' ), '' ); } svg = svg.replace( / src='[^']*'/gi, '' ); svg = svg.replace( / on\w+="[^"]*"/gi, '' ); svg = svg.replace( / on\w+='[^']*'/gi, '' ); svg = svg.replace( /javascript:/gi, '' ); svg = svg.replace( / xmlns="[^"]*"/gi, '' ); svg = svg.replace( / xmlns='[^']*'/gi, '' ); svg = svg.replace( / xmlns:xlink="[^"]*"/gi, '' ); svg = svg.replace( / xmlns:xlink='[^']*'/gi, '' ); } return svg; }; window.trx_addons_get_sql_date = function( time, with_time ) { var date = new Date( time ); var year = date.getFullYear(); var month = ( date.getMonth() + 1 ).toString().padStart( 2, '0' ); var day = date.getDate().toString().padStart( 2, '0' ); var output = year + '-' + month + '-' + day; if ( with_time ) { var hours = date.getHours().toString().padStart( 2, '0' ); var minutes = date.getMinutes().toString().padStart( 2, '0' ); var seconds = date.getSeconds().toString().padStart( 2, '0' ); output += ' ' + hours + ':' + minutes + ':' + seconds; } return output; }; window.trx_addons_round_number = function(num) { var precision = arguments[1]!==undefined ? arguments[1] : 0; var p = Math.pow(10, precision); return Math.round(num*p)/p; }; Number.prototype.formatMoney = function(c, d, t) { var n = this, c = c == undefined ? 2 : (isNaN(c = Math.abs(c)) ? 2 : c), d = d == undefined ? "." : d, t = t == undefined ? "," : t, s = n < 0 ? "-" : "", i = String(parseInt(n = Math.abs(Number(n) || 0).toFixed(c))), j = (j = i.length) > 3 ? j % 3 : 0; return s + (j ? i.substring(0, j) + t : "") + i.substring(j).replace(/(\d{3})(?=\d)/g, "$1" + t) + (c ? d + Math.abs(n - i).toFixed(c).slice(2) : ""); }; window.trx_addons_random = function(a, b) { return Math.floor( Math.random() * ( b - a ) ) + a; }; window.trx_addons_size2kilo = function( size ) { var units = ['B', 'KB', 'MB', 'GB', 'TB', 'PB'], i = 0; while ( size >= 1024 && i < units.length - 1 ) { size /= 1024; i++; } return trx_addons_round_number( size, 2 ) + ' ' + units[i]; }; window.trx_addons_proper = function(str) { return str.replace(/(\b\w)/gi, function(m) { return m.toUpperCase(); }); }; window.trx_addons_replicate = function(str, num) { var rez = ''; for (var i=0; i < num; i++) { rez += str; } return rez; }; window.trx_addons_split = function(str, delimiter) { var rez = [], quotes = false, pos = 0; for ( var i = 0; i < str.length; i++ ) { if ( str[i] == delimiter && ! quotes ) { rez.push( str.substring( pos, i ) ); pos = i + 1; } else if ( str[ i ] == '"' ) { quotes = ! quotes; } } rez.push( str.substring( pos, i ) ); return rez; }; window.trx_addons_parse_atts = function(str, delimiter) { var obj = {}; if ( ! delimiter ) { delimiter = ' '; } if ( str !== undefined ) { if ( delimiter == '&' ) { str = str.replace(/&amp;/g, '&'); } var pairs = trx_addons_split( str, delimiter ); for ( var i in pairs ) { if ( pairs[i].indexOf('=') != -1 ) { var pair = pairs[i].split('='); obj[ pair[0] ] = ('' + pair[1]).slice(0, 1) == '"' && ('' + pair[1]).slice(-1) == '"' || ( '' + pair[1]).slice(0, 1) == "'" && ('' + pair[1]).slice(-1) == "'" ? pair[1].slice( 1, -1 ) : pair[1]; } } } return obj; }; window.trx_addons_prepare_macros = function(str, args) { if ( ! str || typeof str != 'string' ) { return str; } if ( ! args ) { args = {}; } if ( str.indexOf('[') >= 0 && str.indexOf(']') >= 0 ) { str = str.replace( /([\[])([\[\]\S]+?)[\s]+([^\[\]]+)?([\]])/g, function( match, p1, p2, p3, p4 ) { var allowed_css = trx_addons_apply_filters( 'trx_addons_filter_prepare_macros_allowed_css', { 'valign': 'vertical-align', 'color': 'color', 'bgcolor': 'background-color', 'bdcolor': 'border-color', 'border': 'border-width', 'radius': 'border-radius', 'padding': 'padding', 'margin': 'margin', 'top': 'top', 'left': 'left', 'right': 'right', 'bottom': 'bottom' }, 'common' ), image_css = trx_addons_apply_filters( 'trx_addons_filter_prepare_macros_allowed_css', { 'size': { 'rule': 'max-height', 'default': '1em' }, }, 'image' ), icon_css = trx_addons_apply_filters( 'trx_addons_filter_prepare_macros_allowed_css', { 'size': { 'rule': 'font-size', 'default': '1em' }, }, 'icon' ), atts = false; if ( p2 == 'image' ) { atts = p3 ? trx_addons_parse_atts( p3 ) : {}; if ( ! atts['url'] ) { atts['url'] = TRX_ADDONS_STORAGE['no_image']; var get_url_by_size = function( data, thumb_size ) { var url = ''; for ( var i in data['media_details']['sizes'] ) { if ( ('' + i).indexOf( thumb_size ) >= 0 ) { url = data['media_details']['sizes'][i]['source_url']; break; } } return url; }; if ( atts['id'] ) { if ( TRX_ADDONS_STORAGE['fetch_images' ] === undefined ) { TRX_ADDONS_STORAGE['fetch_images'] = {}; } if ( ! TRX_ADDONS_STORAGE['fetch_images'][ atts['id'] ] ) { args['class'] = ( args['class'] ? args['class'] + ' ' : '' ) + 'trx_addons_image_placeholder trx_addons_image_' + atts['id']; jQuery.get( TRX_ADDONS_STORAGE['rest_url'] + 'wp/v2/media/' + atts['id'] + '/', function( response ) { if ( response && response['media_details'] && response['media_details']['sizes'] ) { TRX_ADDONS_STORAGE['fetch_images'][ atts['id'] ] = response; jQuery('.trx_addons_image_' + atts['id'] ) .removeClass( 'trx_addons_image_placeholder' ) .attr( 'src', get_url_by_size( response, atts['thumb'] ? '-' + atts['thumb'] : '-tiny' ) ); } } ); } else { atts['url'] = get_url_by_size( TRX_ADDONS_STORAGE['fetch_images'][ atts['id'] ], atts['thumb'] ? '-' + atts['thumb'] : '-tiny' ); } } } return atts['url'] ? '<img src="' + atts['url'] + '"' + ( atts['id'] ? ' id="trx_addons_image_' + atts['id'] + '"' : '' ) + ( atts['alt'] ? ' alt="' + atts['alt'] + '"' : '' ) + ( args['class'] || atts['class'] ? ' class="' + ( args['class'] ? args['class'] + ' ' : '' ) + ( ( atts['class'] ? atts['class'] : '' ) ) + '"' : '' ) + ' style="' + trx_addons_get_css_from_atts( atts, trx_addons_object_merge( allowed_css, image_css ) ) + ( atts['css'] ? atts['css'] : '' ) + '"' + '>' : ''; } else if ( p2 == 'icon' ) { atts = p3 ? trx_addons_parse_atts( p3 ) : {}; if ( atts['name'] && atts['name'].slice( 0, 5 ) != 'icon-' ) { atts['name'] = 'icon-' + atts['name']; } return atts['name'] ? '<span class="' + atts['name'] + ( args['class'] ? ' ' + args['class'] : '' ) + ( atts['class'] ? ' ' + atts['class'] : '' ) + '"' + ' style="' + trx_addons_get_css_from_atts( atts, trx_addons_object_merge( allowed_css, icon_css ) ) + ( atts['css'] ? atts['css'] : '' ) + '"' + '></span>' : ''; } else if ( p2.slice( 0, 1 ) != '&' ) { return p1 + p2 + p4; } else { return match; } } ); } return str .replace(/\{\{/g, "<i>") .replace(/\}\}/g, "</i>") .replace(/\(\(/g, "<b>") .replace(/\)\)/g, "</b>") .replace(/\|\|/g, "<br>") .replace(/(\^(\d+))/g, "<sup>$2</sup>"); }; window.trx_addons_remove_macros = function(str) { return str .replace(/[^\[]([\[][^\[\]]+[\]])[^\]]/g, "") .replace(/\{\{/g, "") .replace(/\}\}/g, "") .replace(/\(\(/g, "") .replace(/\)\)/g, "") .replace(/\|\|/g, ""); }; window.trx_addons_parse_codes = function(text, tag_start, tag_end) { if (tag_start === undefined) tag_start = '{{'; if (tag_end === undefined) tag_end = '}}'; var r1 = new RegExp(tag_start, 'g'); var r2 = new RegExp(tag_end, 'g'); return text.replace(r1, '<').replace(r2, '>'); }; window.trx_addons_is_on = function(prm) { return prm>0 || ['true', 'on', 'yes', 'show'].indexOf((''+prm).toLowerCase()) >= 0; }; window.trx_addons_is_off = function(prm) { return prm === undefined || prm === '' || prm === 0 || ['false', 'off', 'no', 'none', 'hide'].indexOf((''+prm).toLowerCase()) >= 0; }; window.trx_addons_is_inherit = function(prm) { return ['inherit'].indexOf((''+prm).toLowerCase()) >= 0; }; window.trx_addons_is_empty = function(prm) { return prm === undefined || prm === '' || prm === 0 || prm === false || ( typeof prm == 'object' && Object.keys( prm ).length === 0 ); }; window.trx_addons_get_class_by_prefix = function(classes, prefix) { var rez = ''; if ( classes ) { classes = classes.split(' '); for (var i=0; i < classes.length; i++) { if (classes[i].indexOf(prefix) >= 0) { rez = classes[i].replace(/[\s]+/g, ''); break; } } } return rez; }; window.trx_addons_chg_class_by_prefix = function(classes, prefix, new_value) { var chg = false; if ( ! classes ) classes = ''; classes = classes.replace(/[\s]+/g, ' ').split(' '); new_value = new_value.replace(/[\s]+/g, ''); if ( typeof prefix == 'string' ) { prefix = [prefix]; } for (var i=0; i < classes.length; i++) { for (var j = 0; j < prefix.length; j++ ) { if (classes[i].indexOf( prefix[j] ) >= 0) { classes[i] = new_value; chg = true; break; } } if ( chg ) break; } if ( ! chg && new_value ) { if (classes.length == 1 && classes[0] === '') classes[0] = new_value; else classes.push( new_value ); } return classes.join(' ').replace(/[\s]{2,}/g, ' '); }; window.trx_addons_get_icon_class = function(classes) { if ( ! classes ) classes = ''; return trx_addons_get_class_by_prefix(classes, 'icon-'); }; window.trx_addons_chg_icon_class = function(classes, icon, prefix) { var chg = false, icon_parts = icon.split( '-' ); if ( prefix === undefined ) { prefix = ['none', 'icon-', 'image-']; } prefix.push( icon_parts[0] + '-' ); if ( ! classes ) classes = ''; classes = classes.split(' '); for (var i=0; i < classes.length; i++) { for (var j = 0; j < prefix.length; j++ ) { if (classes[i].indexOf( prefix[j] ) >= 0) { classes[i] = [ 'none', 'image-none' ].indexOf( icon ) != -1 ? '' : icon; chg = true; break; } } if ( chg ) break; } if ( ! chg && [ 'none', 'image-none' ].indexOf( icon ) == -1 ) { if ( classes.length == 1 && classes[0] === '' ) { classes[0] = icon; } else { classes.push( icon ); } } return classes.join(' '); }; window.trx_addons_mediaplayer_add_button_icons = function( view, settings ) { var buttons = [ 'icon_media_play', 'icon_media_pause', 'icon_media_volume', 'icon_media_mute', 'icon_media_fullscreen', 'icon_media_unfullscreen' ]; var output = '', icon = '', iconHTML = ''; for ( var i = 0; i < buttons.length; i++ ) { if ( settings[ buttons[ i ] ] ) { if ( typeof settings[ buttons[ i ] ] == 'object' && settings[ buttons[ i ] ]['value'] ) { iconHTML = elementor.helpers.renderIcon( view, settings.selected_icon, { 'aria-hidden': true }, 'span' , 'object' ); if ( typeof iconHTML == 'object' ) { icon = iconHTML.value || ''; } else if ( typeof iconHTML == 'string' ) { icon = iconHTML; } else { icon = settings[ buttons[ i ] ]['value']; } } else if ( typeof settings[ buttons[ i ] ] == 'string' ) { icon = '<span class="' + settings[ buttons[ i ] ] + '" aria-hidden="true"></span>'; } else { icon = ''; } if ( icon ) { output += ' data-' + buttons[ i ].replace( '_', '-' ) + '="' + trx_addons_esc_html( icon ) + '"'; } } } return output; }; window.trx_addons_elm_render_icon = function( view, icon_settings, defa ) { var args = Object.assign( {}, icon_settings ); if ( ! args.value && defa ) { args = { library: defa.indexOf( 'eicon-' ) === 0 ? 'eicons' : ( defa.indexOf( 'far-' ) >= 0 ? 'fa-regular' : 'fa-solid' ), value: defa, }; } if ( args.value ) { var output = elementor.helpers.renderIcon( view, args, { 'aria-hidden': true }, 'i' , 'value' ); if ( typeof output == 'object' ) { output = output.value || ''; } else if ( typeof output != 'string' || output === '' ) { output = '<i class="' + defa + '" aria-hidden="true"></i>'; } } else { output = ''; } return output; }; window.trx_addons_get_column_class = function( num, all, all_tablet, all_mobile ) { var column_class_tpl = TRX_ADDONS_STORAGE['column_class_template']; var column_class = column_class_tpl.replace( '$1', num ).replace( '$2', all ); if ( all_tablet ) { column_class += ' ' + column_class_tpl.replace( '$1', num ).replace( '$2', all_tablet ) + '-tablet'; } if ( all_mobile ) { column_class += ' ' + column_class_tpl.replace( '$1', num ).replace( '$2', all_mobile ) + '-mobile'; } return column_class; }; window.trx_addons_get_responsive_classes = function( prefix, atts, param, default_value ) { var list = []; if ( atts[ param ] ) { list.push( prefix + atts[ param ] ); } else if ( default_value ) { list.push( prefix + default_value ); } if ( TRX_ADDONS_STORAGE['elementor_breakpoints'] ) { for ( var bp_name in TRX_ADDONS_STORAGE['elementor_breakpoints'] ) { if ( atts[ param + '_' + bp_name ] ) { list.push( prefix + atts[ param + '_' + bp_name ] + '_' + bp_name ); } } } list = trx_addons_apply_filters( 'trx_addons_filter_responsive_classes', list, prefix, atts, param ); return list.length ? list.join( ' ' ) : ''; }; window.trx_addons_get_responsive_breakpoint = function() { var rez = 'desktop', ww = trx_addons_window_width(); if ( TRX_ADDONS_STORAGE['elementor_breakpoints'] ) { for ( var bp_name in TRX_ADDONS_STORAGE['elementor_breakpoints'] ) { if ( TRX_ADDONS_STORAGE['elementor_breakpoints'][bp_name] < ww ) { break; } rez = bp_name; } } return rez; }; function trx_addons_is_icon_tag( token ) { var tag = ''; if ( token.slice(0, 3) == '<i ' || token.slice(0, 3) == '<i>' ) { tag = 'i'; } else if ( token.slice(0, 4) == '<svg' ) { tag = 'svg'; } else if ( token.slice(0, 6) == '<video' ) { tag = 'video'; } else if ( token.slice(0, 52) == '<span class="trx-addons-advanced-title-item-icon-svg' ) { tag = 'span'; } else if ( token.slice(0, 56) == '<span class="trx-addons-advanced-title-item-gallery-wrap' ) { tag = 'span'; } return tag; } function trx_addons_is_image_tag( token ) { var tag = ''; if ( token.slice(0, 4) == '<img' ) { tag = 'img'; } return tag; } function trx_addons_get_next_token( str, pos ) { var token = '', tag = ''; if ( pos < str.length ) { if ( str[pos] == '<' ) { while ( pos < str.length && str[pos] != '>' ) { token += str[pos++]; } token += str[pos++]; tag = trx_addons_is_icon_tag( token ); if ( tag ) { while ( pos < str.length && token.indexOf('</' + tag + '>') == -1 ) { token += str[pos++]; } } } else if ( str[pos] == '&' ) { while ( pos < str.length && str[pos] != ' ' ) { token += str[pos]; if ( str[pos++] == ';' ) break; } } else { token = str[pos++]; } } return token; } window.trx_addons_wrap_words = function( txt, before, after ) { var rez = '', token = '', in_word = false, cnt = 0, is_icon = false, is_space = false; for ( var i = 0; i < txt.length; i++ ) { token = trx_addons_get_next_token( txt, i ); is_icon = trx_addons_is_icon_tag( token ) || trx_addons_is_image_tag( token ); is_space = token == ' ' || /^[\s]*$/.test(token); if ( in_word ) { if ( token.slice(0, 1) == '<' || is_space ) { rez += after; in_word = false; } } else { if ( ! is_space && ( token.slice(0, 1) != '<' || is_icon ) ) { rez += before.replace( '>', ' data-animation-index="' + cnt + '">' ); in_word = true; cnt++; } } rez += token; i += token.length - 1; if ( is_icon || ( in_word && i == txt.length - 1 ) ) { rez += after; in_word = false; } } return rez; }; window.trx_addons_wrap_chars = function( txt, before, after, before_word, after_word ) { var rez = '', token = '', in_word = false, cnt = 0, is_icon = false, is_space = false; if ( before_word === undefined ) before_word = ''; if ( after_word === undefined ) after_word = ''; for ( var i = 0; i < txt.length; i++ ) { token = trx_addons_get_next_token( txt, i ); is_icon = trx_addons_is_icon_tag( token ) || trx_addons_is_image_tag( token ); is_space = token == ' ' || /^[\s]*$/.test(token); if ( in_word ) { if ( token.slice(0, 1) == '<' || is_space ) { rez += after_word; in_word = false; } } else { if ( ! is_space && ( token.slice(0, 1) != '<' || is_icon ) ) { rez += before_word; in_word = true; } } rez += token.slice(0, 1) == '<' && ! is_icon ? token : ( is_space ? token : before.replace( '>', ' data-animation-index="' + cnt + '">' ) + token + after ); i += token.length - 1; if ( is_icon || ( in_word && i == txt.length - 1 ) ) { rez += after_word; in_word = false; } if ( token.slice(0, 1) != '<' || is_icon ) { cnt++; } } return rez; }; window.trx_addons_clear_tags = function( str ) { return str.replace( /<\/?[^>]+>/g, '' ); }; window.trx_addons_esc_html = function( str ) { return ! str ? str : str .replace( /&/g, '&amp;' ) .replace( /</g, '&lt;' ) .replace( />/g, '&gt;' ) .replace( /"/g, '&quot;' ) .replace( /'/g, '&#039;' ); }; window.trx_addons_esc_attr = function( str ) { return ! str ? str : str .replace( /"/g, '&quot;' ) .replace( /'/g, '&#039;' ); }; window.trx_addons_get_unique_id = function() { return Math.random().toString(16).slice(2, 9); }; window.trx_addons_get_link_attributes = function( link_atts ) { var rez = ( link_atts.is_external ? ' target="_blank"' : '' ) + ( link_atts.nofollow ? ' rel="nofollow"' : '' ); if ( link_atts.custom_attributes && link_atts.custom_attributes.indexOf( '|' ) > 0 ) { var pairs = link_atts.custom_attributes.split( ',' ); for ( var i in pairs ) { var pair = pairs[i].split('|'); if ( pair.length == 2 ) { rez += ' ' + pair[0] + '="' + trx_addons_esc_attr( pair[1] ) + '"'; } } } return rez; }; window.trx_addons_hex2rgb = function(hex) { hex = hex.indexOf('#') > -1 ? hex.substring(1) : hex; if ( hex.length == 3 ) { hex = hex.slice(0,1).repeat(2) + hex.slice(1,2).repeat(2) + hex.slice(2,3).repeat(2); } var num = parseInt( hex, 16 ); if ( hex.length > 6 ) { return {r: ( num >> 24 ) + 256, g: (num & 0x00FF0000) >> 16, b: (num & 0x0000FF00) >> 8, a: (num & 0x000000FF)}; } else { return {r: num >> 16, g: (num & 0x00FF00) >> 8, b: (num & 0x0000FF)}; } }; window.trx_addons_hex2rgba = function(hex, alpha) { var rgb = trx_addons_hex2rgb(hex); return 'rgba('+rgb.r+','+rgb.g+','+rgb.b+','+alpha+')'; }; window.trx_addons_rgb2hex = function(color) { var aRGB; color = color.replace(/\s/g,"").toLowerCase(); if (color=='rgba(0,0,0,0)' || color=='rgba(0%,0%,0%,0%)') { color = 'transparent'; } if (color.indexOf('rgba(')==0) aRGB = color.match(/^rgba\((\d{1,3}[%]?),(\d{1,3}[%]?),(\d{1,3}[%]?),(\d{1,3}[%]?)\)$/i); else aRGB = color.match(/^rgb\((\d{1,3}[%]?),(\d{1,3}[%]?),(\d{1,3}[%]?)\)$/i); if(aRGB) { color = ''; for (var i=1; i <= 3; i++) color += Math.round((aRGB[i][aRGB[i].length-1]=="%"?2.55:1)*parseInt(aRGB[i])).toString(16).replace(/^(.)$/,'0$1'); } else { color = color.replace(/^#?([\da-f])([\da-f])([\da-f])$/i, '$1$1$2$2$3$3'); } return (color.substr(0,1)!='#' ? '#' : '') + color; }; window.trx_addons_components2hex = function(r,g,b,a) { return '#'+ Number(r).toString(16).toUpperCase().replace(/^(.)$/,'0$1') + Number(g).toString(16).toUpperCase().replace(/^(.)$/,'0$1') + Number(b).toString(16).toUpperCase().replace(/^(.)$/,'0$1') + ( a || a === 0 ? Number(a).toString(16).toUpperCase().replace(/^(.)$/,'0$1') : '' ); }; window.trx_addons_rgb2components = function(color) { color = trx_addons_rgb2hex(color); var matches = color.match(/^#?([\dabcdef]{2})([\dabcdef]{2})([\dabcdef]{2})$/i); if (!matches) return false; for (var i=1, rgb = new Array(3); i <= 3; i++) { rgb[i-1] = parseInt(matches[i],16); } return rgb; }; window.trx_addons_hex2hsb = function(hex) { var h = arguments[1]!==undefined ? arguments[1] : 0; var s = arguments[2]!==undefined ? arguments[2] : 0; var b = arguments[3]!==undefined ? arguments[3] : 0; var hsb = trx_addons_rgb2hsb(trx_addons_hex2rgb(hex)); hsb.h = Math.min(359, Math.max( 0, hsb.h + h)); hsb.s = Math.min(100, Math.max( 0, hsb.s + s)); hsb.b = Math.min(100, Math.max( 0, hsb.b + b)); return hsb; }; window.trx_addons_hsb2hex = function(hsb) { var rgb = trx_addons_hsb2rgb(hsb); return trx_addons_components2hex(rgb.r, rgb.g, rgb.b); }; window.trx_addons_rgb2hsb = function(rgb) { var hsb = {}; hsb.b = Math.max(Math.max(rgb.r,rgb.g),rgb.b); hsb.s = (hsb.b <= 0) ? 0 : Math.round(100*(hsb.b - Math.min(Math.min(rgb.r,rgb.g),rgb.b))/hsb.b); hsb.b = Math.round((hsb.b /255)*100); if ((rgb.r==rgb.g) && (rgb.g==rgb.b)) hsb.h = 0; else if (rgb.r>=rgb.g && rgb.g>=rgb.b) hsb.h = 60*(rgb.g-rgb.b)/(rgb.r-rgb.b); else if (rgb.g>=rgb.r && rgb.r>=rgb.b) hsb.h = 60 + 60*(rgb.g-rgb.r)/(rgb.g-rgb.b); else if (rgb.g>=rgb.b && rgb.b>=rgb.r) hsb.h = 120 + 60*(rgb.b-rgb.r)/(rgb.g-rgb.r); else if (rgb.b>=rgb.g && rgb.g>=rgb.r) hsb.h = 180 + 60*(rgb.b-rgb.g)/(rgb.b-rgb.r); else if (rgb.b>=rgb.r && rgb.r>=rgb.g) hsb.h = 240 + 60*(rgb.r-rgb.g)/(rgb.b-rgb.g); else if (rgb.r>=rgb.b && rgb.b>=rgb.g) hsb.h = 300 + 60*(rgb.r-rgb.b)/(rgb.r-rgb.g); else hsb.h = 0; hsb.h = Math.round(hsb.h); return hsb; }; window.trx_addons_hsb2rgb = function(hsb) { var rgb = {}; var h = Math.round(hsb.h); var s = Math.round(hsb.s*255/100); var v = Math.round(hsb.b*255/100); if (s == 0) { rgb.r = rgb.g = rgb.b = v; } else { var t1 = v; var t2 = (255-s)*v/255; var t3 = (t1-t2)*(h%60)/60; if (h==360) h = 0; if (h<60) { rgb.r=t1; rgb.b=t2; rgb.g=t2+t3; } else if (h<120) { rgb.g=t1; rgb.b=t2; rgb.r=t1-t3; } else if (h<180) { rgb.g=t1; rgb.r=t2; rgb.b=t2+t3; } else if (h<240) { rgb.b=t1; rgb.r=t2; rgb.g=t1-t3; } else if (h<300) { rgb.b=t1; rgb.g=t2; rgb.r=t2+t3; } else if (h<360) { rgb.r=t1; rgb.g=t2; rgb.b=t1-t3; } else { rgb.r=0; rgb.g=0; rgb.b=0; } } return { r:Math.round(rgb.r), g:Math.round(rgb.g), b:Math.round(rgb.b) }; }; window.trx_addons_color_picker = function(){ var id = arguments[0] !== undefined ? arguments[0] : 'iColorPicker_' + trx_addons_get_unique_id(); var colors = arguments[1]!==undefined ? arguments[1] : '#f00,#ff0,#0f0,#0ff,#00f,#f0f,#fff,#ebebeb,#e1e1e1,#d7d7d7,#cccccc,#c2c2c2,#b7b7b7,#acacac,#a0a0a0,#959595,' +'#ee1d24,#fff100,#00a650,#00aeef,#2f3192,#ed008c,#898989,#7d7d7d,#707070,#626262,#555,#464646,#363636,#262626,#111,#000,' +'#f7977a,#fbad82,#fdc68c,#fff799,#c6df9c,#a4d49d,#81ca9d,#7bcdc9,#6ccff7,#7ca6d8,#8293ca,#8881be,#a286bd,#bc8cbf,#f49bc1,#f5999d,' +'#f16c4d,#f68e54,#fbaf5a,#fff467,#acd372,#7dc473,#39b778,#16bcb4,#00bff3,#438ccb,#5573b7,#5e5ca7,#855fa8,#a763a9,#ef6ea8,#f16d7e,' +'#ee1d24,#f16522,#f7941d,#fff100,#8fc63d,#37b44a,#00a650,#00a99e,#00aeef,#0072bc,#0054a5,#2f3192,#652c91,#91278f,#ed008c,#ee105a,' +'#9d0a0f,#a1410d,#a36209,#aba000,#588528,#197b30,#007236,#00736a,#0076a4,#004a80,#003370,#1d1363,#450e61,#62055f,#9e005c,#9d0039,' +'#790000,#7b3000,#7c4900,#827a00,#3e6617,#045f20,#005824,#005951,#005b7e,#003562,#002056,#0c004b,#30004a,#4b0048,#7a0045,#7a0026'; var colorsList = colors.split(','); var tbl = '<table class="colorPickerTable"><thead>'; for (var i=0; i < colorsList.length; i++) { if (i%16==0) tbl += (i>0 ? '</tr>' : '') + '<tr>'; tbl += '<td style="background-color:'+colorsList[i]+'">&nbsp;</td>'; } tbl += '</tr></thead><tbody>' + '<tr style="height:60px;">' + '<td colspan="8" id="'+id+'_colorPreview" style="vertical-align:middle;text-align:center;border:1px solid #000;background:#fff;">' + '<input style="width:55px;color:#000;border:1px solid rgb(0, 0, 0);padding:5px;background-color:#fff;font:11px Arial, Helvetica, sans-serif;" maxlength="7" />' + '<a href="#" id="'+id+'_moreColors" class="iColorPicker_moreColors"></a>' + '</td>' + '<td colspan="8" id="'+id+'_colorOriginal" style="vertical-align:middle;text-align:center;border:1px solid #000;background:#fff;">' + '<input style="width:55px;color:#000;border:1px solid rgb(0, 0, 0);padding:5px;background-color:#fff;font:11px Arial, Helvetica, sans-serif;" readonly="readonly" />' + '</td>' + '</tr></tbody></table>'; jQuery(document.createElement("div")) .attr("id", id) .css('display','none') .html(tbl) .appendTo("body") .addClass("iColorPickerTable") .on('mouseover', 'thead td', function(){ var aaa = trx_addons_rgb2hex(jQuery(this).css('background-color')); jQuery('#'+id+'_colorPreview').css('background',aaa); jQuery('#'+id+'_colorPreview input').val(aaa); }) .on('keypress', '#'+id+'_colorPreview input', function(key){ var aaa = jQuery(this).val(); if (key.which===13 && (aaa.length===4 || aaa.length===7)) { var fld = jQuery('#'+id).data('field'); var func = jQuery('#'+id).data('func'); if (func!=null && func!='undefined') { func(fld, aaa); } else { fld.val(aaa).css('backgroundColor', aaa).trigger('change'); } jQuery('#'+id+'_Bg').fadeOut(500); jQuery('#'+id).fadeOut(500); key.preventDefault(); return false; } }) .on('change', '#'+id+'_colorPreview input', function(key){ var aaa = jQuery(this).val(); if (aaa.substr(0,1)==='#' && (aaa.length===4 || aaa.length===7)) { jQuery('#'+id+'_colorPreview').css('background',aaa); } }) .on('click', 'thead td', function(e){ var fld = jQuery('#'+id).data('field'); var func = jQuery('#'+id).data('func'); var aaa = trx_addons_rgb2hex(jQuery(this).css('background-color')); if (func!=null && func!='undefined') { func(fld, aaa); } else { fld.val(aaa).css('backgroundColor', aaa).trigger('change'); } jQuery('#'+id+'_Bg').fadeOut(500); jQuery('#'+id).fadeOut(500); e.preventDefault(); return false; }) .on('click', 'tbody .iColorPicker_moreColors', function(e){ var thead = jQuery(this).parents('table').find('thead'); var out = ''; if (thead.hasClass('more_colors')) { for (var i=0; i < colorsList.length; i++) { if (i%16==0) out += (i>0 ? '</tr>' : '') + '<tr>'; out += '<td style="background-color:'+colorsList[i]+'">&nbsp;</td>'; } thead.removeClass('more_colors').empty().html(out+'</tr>'); jQuery('#'+id+'_colorPreview').attr('colspan', 8); jQuery('#'+id+'_colorOriginal').attr('colspan', 8); } else { var rgb=[0,0,0], i=0, j=-1; while (rgb[0]<0xF || rgb[1]<0xF || rgb[2]<0xF) { if (i%18==0) out += (i>0 ? '</tr>' : '') + '<tr>'; i++; out += '<td style="background-color:'+trx_addons_components2hex(rgb[0]*16+rgb[0],rgb[1]*16+rgb[1],rgb[2]*16+rgb[2])+'">&nbsp;</td>'; rgb[2]+=3; if (rgb[2]>0xF) { rgb[1]+=3; if (rgb[1]>(j===0 ? 6 : 0xF)) { rgb[0]+=3; if (rgb[0]>0xF) { if (j===0) { j=1; rgb[0]=0; rgb[1]=9; rgb[2]=0; } else { break; } } else { rgb[1]=(j < 1 ? 0 : 9); rgb[2]=0; } } else { rgb[2]=0; } } } thead.addClass('more_colors').empty().html(out+'<td style="background-color:#ffffff" colspan="8">&nbsp;</td></tr>'); jQuery('#'+id+'_colorPreview').attr('colspan', 9); jQuery('#'+id+'_colorOriginal').attr('colspan', 9); } jQuery('#'+id+' table.colorPickerTable thead td') .css({ 'width':'12px', 'height':'14px', 'border':'1px solid #000', 'cursor':'pointer' }); e.preventDefault(); return false; }); jQuery(document.createElement("div")) .attr("id", id+"_Bg") .on('click', function(e) { jQuery("#"+id+"_Bg").fadeOut(500); jQuery("#"+id).fadeOut(500); e.preventDefault(); return false; }) .appendTo("body"); jQuery('#'+id+' table.colorPickerTable thead td') .css({ 'width':'12px', 'height':'14px', 'border':'1px solid #000', 'cursor':'pointer' }); jQuery('#'+id+' table.colorPickerTable') .css({'border-collapse':'collapse'}); jQuery('#'+id) .css({ 'border':'1px solid #ccc', 'background':'#333', 'padding':'5px', 'color':'#fff' }); jQuery('#'+id+'_colorPreview') .css({'height':'50px'}); return id; }; window.trx_addons_color_picker_show = function(id, fld, func) { if (id === null || id === '') { id = jQuery('.iColorPickerTable').attr('id'); } var eICP = fld.offset(); var w = jQuery('#'+id).width(); var h = jQuery('#'+id).height(); var l = eICP.left + w < jQuery(window).width()-10 ? eICP.left : jQuery(window).width()-10 - w; var t = eICP.top + fld.outerHeight() + h < jQuery(document).scrollTop() + jQuery(window).height()-10 ? eICP.top + fld.outerHeight() : eICP.top - h - 13; jQuery("#"+id) .data({field: fld, func: func}) .css({ 'top':t+"px", 'left':l+"px", 'position':'absolute', 'z-index':999999 }) .fadeIn(500); jQuery("#"+id+"_Bg") .css({ 'position':'fixed', 'z-index':999998, 'top':0, 'left':0, 'width':'100%', 'height':'100%' }) .fadeIn(500); var def = fld.val().substr(0, 1)=='#' ? fld.val() : trx_addons_rgb2hex(fld.css('backgroundColor')); jQuery('#'+id+'_colorPreview input,#'+id+'_colorOriginal input').val(def); jQuery('#'+id+'_colorPreview,#'+id+'_colorOriginal').css('background',def); }; window.trx_addons_media_recorder = function( options ) { var defaults = { type: 'audio', startButtonId: 'startRecordButton', stopButtonId: 'stopRecordButton', activeClass: 'media-recorder-active', disabledClass: 'media-recorder-disabled', onReady: null, onError: null, onStart: null, onProcess: null, onStop: null }; options = jQuery.extend( defaults, options ); var mediaRecorder, chunks = [], stream; var startButton = document.getElementById( options.startButtonId ); var stopButton = options.stopButtonId && options.startButtonId !== options.stopButtonId ? document.getElementById( options.stopButtonId ) : null; startButton.addEventListener( 'click', async ( e ) => { e.preventDefault(); try { if ( ! navigator.mediaDevices || ! navigator.mediaDevices.getUserMedia ) { throw new Error( 'MediaDevices API or getUserMedia method is not supported in this browser.' ); } if ( ! stopButton && startButton.classList.contains( options.activeClass ) ) { mediaRecorder.stop(); return; } stream = await navigator.mediaDevices.getUserMedia( { audio: [ 'audio', 'both' ].indexOf( options.type ) >= 0, video: [ 'video', 'both' ].indexOf( options.type ) >= 0 } ); mediaRecorder = new MediaRecorder( stream ); chunks = []; mediaRecorder.ondataavailable = event => { chunks.push( event.data ); if ( options.onProcess ) { options.onProcess( event.data ); } }; mediaRecorder.onstart = () => { if ( stopButton ) { startButton.disabled = true; startButton.classList.add( options.disabledClass ); stopButton.disabled = false; stopButton.classList.remove( options.disabledClass ); } else { startButton.classList.add( options.activeClass ); } if ( options.onStart ) { options.onStart(); } }; mediaRecorder.onstop = () => { const mediaBlob = new Blob( chunks, { type: [ 'video', 'both' ].indexOf( options.type ) >= 0 ? 'video/webm' : 'audio/wav' } ); const mediaUrl = URL.createObjectURL( mediaBlob ); stream.getTracks().forEach( track => track.stop() ); chunks = []; if ( stopButton ) { startButton.disabled = false; startButton.classList.remove( options.disabledClass ); stopButton.disabled = true; stopButton.classList.add( options.disabledClass ); } else { startButton.classList.remove( options.activeClass ); } if ( options.onStop ) { options.onStop( mediaBlob, mediaUrl ); } }; mediaRecorder.start(); } catch ( error ) { console.error( 'MediaRecorder error: ', error ); if ( options.onError ) { options.onError( error ); } else { alert( 'Error accessing media devices: ' + error.message ); } } return false; } ); if ( stopButton ) { stopButton.addEventListener('click', async ( e ) => { e.preventDefault(); mediaRecorder.stop(); return false; } ); } }; window.trx_addons_googlemap_loaded = function() {}; window.trx_addons_prepare_css_value = function(val) { if (val !== '' && val != 'inherit') { var parts = ('' + val).split( ' ' ); for ( var i = 0; i < parts.length; i++ ) { if ( parts[i] === '' ) { continue; } var ed = ('' + parts[i]).slice( -1 ); if ('0' <= ed && ed <= '9') { parts[i] += 'px'; } } val = parts.join( ' ' ); } return val; }; window.trx_addons_units2px = function(val, block, dir) { var value = parseFloat( val ); var unit = ('' + val).replace( ('' + value), '' ).toLowerCase(); if ( unit ) { if ( unit == 'vw' ) { value = Math.round( value * trx_addons_window_width() / 100 ); } else if ( unit == 'vh' ) { value = Math.round( value * trx_addons_window_height() / 100 ); } else if ( unit == '%' && block && block.length ) { value = Math.round( value * ( dir == 'x' ? block.eq(0).outerWidth() : block.eq(0).outerHeight() ) / 100 ); } else if ( unit == 'em' && block && block.length ) { value = parseFloat( getComputedStyle( block.get(0) )['fontSize'] ) * value; } else if ( unit == 'rem' ) { value = parseFloat( getComputedStyle( $body.get(0) )['fontSize'] ) * value; } } return value; }; window.trx_addons_get_css_from_atts = function( atts, allowed ) { var css = '', rule = '', atts_with_units = trx_addons_apply_filters( 'trx_addons_filter_atts_with_units', [ 'margin', 'padding', 'border-radius', 'border-width', 'font-size', 'line-height', 'letter-spacing', 'width', 'height', 'top', 'right', 'bottom', 'left' ] ); for ( var k in allowed ) { if ( allowed[ k ] && ( atts.hasOwnProperty( k ) || typeof allowed[ k ] == 'object' && allowed[ k ].hasOwnProperty( 'default' ) ) ) { rule = typeof allowed[ k ] == 'object' ? allowed[ k ]['rule'] : allowed[ k ]; if ( typeof allowed[ k ] == 'object' ) { css += rule + ':' + ( atts[ k ] ? ( atts_with_units.indexOf( rule ) >= 0 ? trx_addons_prepare_css_value( atts[ k ] ) : atts[ k ] ) : ( atts_with_units.indexOf( rule ) >= 0 ? trx_addons_prepare_css_value( allowed[ k ]['default'] ) : allowed[ k ]['default'] ) ) + ';'; } else { css += rule + ':' + ( atts_with_units.indexOf( rule ) >= 0 ? trx_addons_prepare_css_value( atts[ k ] ) : atts[ k ] ) + ';'; } } } return css; }; window.trx_addons_get_object_property = function(obj, property, defa) { var rez = defa === undefined ? false : defa, props = property.split('.'), cur = obj; if ( typeof cur == 'object' ) { for (var i = 0; i < props.length; i++) { if ( cur.hasOwnProperty( props[i] ) ) { cur = cur[ props[i] ]; if ( i == props.length - 1 ) { rez = cur; } } else { break; } } } return rez; }; window.trx_addons_object_clone = function(obj) { var copy; if (null === obj || "object" != typeof obj) { return obj; } if (obj instanceof Date) { copy = new Date(); copy.setTime(obj.getTime()); return copy; } if (obj instanceof Array) { copy = []; for (var i = 0, len = obj.length; i < len; i++) { copy[i] = trx_addons_object_clone(obj[i]); } return copy; } if (obj instanceof Object) { copy = {}; for (var attr in obj) { if (obj.hasOwnProperty(attr)) { copy[attr] = trx_addons_object_clone(obj[attr]); } } return copy; } return obj; }; window.trx_addons_object_merge = function(o1, o2) { for (var i=1; i<arguments.length; i++) { if ( arguments[i] ) { for (var prop in arguments[i]) { if ( arguments[i].hasOwnProperty(prop) ) { o1[prop] = arguments[i][prop]; } } } } return o1; }; window.trx_addons_is_object = function( o ) { return typeof o === 'object' && o !== null && o.constructor && o.constructor === Object; }; window.trx_addons_object_extend = function() { var args = [], total = arguments.length; while ( total-- ) { args[ total ] = arguments[ total ]; } var to = Object( args[0] ); for ( var i = 1; i < args.length; i++ ) { var nextSource = args[i]; if ( nextSource !== undefined && nextSource !== null ) { var keysArray = Object.keys( Object( nextSource ) ); for ( var nextIndex = 0, len = keysArray.length; nextIndex < len; nextIndex++ ) { var nextKey = keysArray[ nextIndex ]; var desc = Object.getOwnPropertyDescriptor( nextSource, nextKey ); if ( desc !== undefined && desc.enumerable ) { if ( trx_addons_is_object( to[ nextKey ] ) && trx_addons_is_object( nextSource[ nextKey ] ) ) { trx_addons_object_extend( to[ nextKey ], nextSource[ nextKey ] ); } else if ( ! trx_addons_is_object( to[ nextKey ] ) && trx_addons_is_object( nextSource[ nextKey ] ) ) { to[ nextKey ] = {}; trx_addons_object_extend( to[ nextKey ], nextSource[ nextKey ] ); } else { to[ nextKey ] = nextSource[ nextKey ]; } } } } } return to; }; window.trx_addons_array_merge = function(a1, a2) { if ( a2 ) { for ( var i in a2 ) { a1[i] = a2[i]; } } return a1; }; window.trx_addons_array_first_key = function(arr) { var rez = null; for (var i in arr) { rez = i; break; } return rez; }; window.trx_addons_array_first_value = function(arr) { var rez = null; for (var i in arr) { rez = arr[i]; break; } return rez; }; window.trx_addons_get_class = function(obj) { if (obj instanceof Object && !(obj instanceof Array) && !(obj instanceof Function) && obj.constructor) { var arr = obj.constructor.toString().match(/function\s*(\w+)/); if (arr && arr.length == 2) return arr[1]; } return false; }; window.trx_addons_serialize = function(mixed_val) { var obj_to_array = arguments.length==1 || argument[1]===true; switch ( typeof(mixed_val) ) { case "number": if ( isNaN(mixed_val) || !isFinite(mixed_val) ) return false; else return (Math.floor(mixed_val) == mixed_val ? "i" : "d") + ":" + mixed_val + ";"; case "string": return "s:" + mixed_val.length + ":\"" + mixed_val + "\";"; case "boolean": return "b:" + (mixed_val ? "1" : "0") + ";"; case "object": if (mixed_val == null) return "N;"; else if (mixed_val instanceof Array) { var idxobj = { idx: -1 }; var map = []; for (var i=0; i < mixed_val.length; i++) { idxobj.idx++; var ser = trx_addons_serialize(mixed_val[i]); if (ser) map.push(trx_addons_serialize(idxobj.idx) + ser); } return "a:" + mixed_val.length + ":{" + map.join("") + "}"; } else { var class_name = trx_addons_get_class(mixed_val); if (class_name == undefined) return false; var props = new Array(); for (var prop in mixed_val) { var ser = trx_addons_serialize(mixed_val[prop]); if (ser) props.push(trx_addons_serialize(prop) + ser); } if (obj_to_array) return "a:" + props.length + ":{" + props.join("") + "}"; else return "O:" + class_name.length + ":\"" + class_name + "\":" + props.length + ":{" + props.join("") + "}"; } case "undefined": return "N;"; } return false; }; ( function( $ ) { var b64 = "ABCDEFGHIJKLMNOPQRSTUVWXYZabcdefghijklmnopqrstuvwxyz0123456789+/", a256 = '', r64 = [256], r256 = [256], i = 0; var UTF8 = { encode: function(strUni) { var strUtf = strUni .replace( /[\u0080-\u07ff]/g, function(c) { var cc = c.charCodeAt(0); return String.fromCharCode(0xc0 | cc >> 6, 0x80 | cc & 0x3f); } ) .replace( /[\u0800-\uffff]/g, function(c) { var cc = c.charCodeAt(0); return String.fromCharCode(0xe0 | cc >> 12, 0x80 | cc >> 6 & 0x3F, 0x80 | cc & 0x3f); } ); return strUtf; }, decode: function(strUtf) { var strUni = strUtf .replace( /[\u00e0-\u00ef][\u0080-\u00bf][\u0080-\u00bf]/g, function(c) { var cc = ((c.charCodeAt(0) & 0x0f) << 12) | ((c.charCodeAt(1) & 0x3f) << 6) | (c.charCodeAt(2) & 0x3f); return String.fromCharCode(cc); } ) .replace( /[\u00c0-\u00df][\u0080-\u00bf]/g, function(c) { var cc = (c.charCodeAt(0) & 0x1f) << 6 | c.charCodeAt(1) & 0x3f; return String.fromCharCode(cc); } ); return strUni; } }; while( i < 256 ) { var c = String.fromCharCode(i); a256 += c; r256[i] = i; r64[i] = b64.indexOf(c); ++i; } function code(s, discard, alpha, beta, w1, w2) { s = String(s); var buffer = 0, i = 0, length = s.length, result = '', bitsInBuffer = 0; while (i < length) { var c = s.charCodeAt(i); c = c < 256 ? alpha[c] : -1; buffer = (buffer << w1) + c; bitsInBuffer += w1; while (bitsInBuffer >= w2) { bitsInBuffer -= w2; var tmp = buffer >> bitsInBuffer; result += beta.charAt(tmp); buffer ^= tmp << bitsInBuffer; } ++i; } if ( ! discard && bitsInBuffer > 0) { result += beta.charAt(buffer << (w2 - bitsInBuffer)); } return result; } var Plugin = $.trx_addons_encoder = function(dir, input, encode) { return input ? Plugin[dir](input, encode) : dir ? null : this; }; Plugin.btoa = Plugin.encode = function(plain, utf8encode) { plain = Plugin.raw === false || Plugin.utf8encode || utf8encode ? UTF8.encode(plain) : plain; plain = code(plain, false, r256, b64, 8, 6); return plain + '===='.slice((plain.length % 4) || 4); }; Plugin.atob = Plugin.decode = function(coded, utf8decode) { coded = String(coded).split('='); var i = coded.length; do { --i; coded[i] = code(coded[i], true, r64, a256, 6, 8); } while (i > 0); coded = coded.join(''); return Plugin.raw === false || Plugin.utf8decode || utf8decode ? UTF8.decode(coded) : coded; }; }(jQuery) ); window.trx_addons_debounce = function(func, wait, first_call) { var timeout; if ( first_call === undefined ) { first_call = true; } return function () { var context = this, args = arguments; var later = function later() { timeout = null; func.apply(context, args); }; var callNow = !timeout && first_call; clearTimeout(timeout); timeout = setTimeout(later, wait); if (callNow) { func.apply(context, args); } }; }; window.trx_addons_throttle = function(func, wait, debounce) { var timeout; return function () { var context = this, args = arguments; var throttler = function () { timeout = null; func.apply(context, args); }; if (debounce) clearTimeout(timeout); if (debounce || !timeout) timeout = setTimeout(throttler, wait); }; }; window.trx_addons_lerp = function(start, end, amt){ return (1 - amt) * start + amt * end; }; window.trx_addons_tween_value = function( args ) { if ( args.start == args.end ) { return null; } if ( ! args.time ) { args.time = 1; } var t = { value: args.start }; if ( typeof TweenMax != 'undefined' ) { return TweenMax.to( t, args.time, { overwrite: true, value: args.end, ease: args.ease ? args.ease : Power2.easeOut, onUpdate: function() { args.callbacks.onUpdate( t.value ); }, onComplete: function() { if ( args.callbacks.onComplete ) { args.callbacks.onComplete(); } } } ); } else { var amount = 0.1; var interval = Math.min( args.time * 1000 / 20, Math.max( 1, Math.round( args.time * 1000 / ( Math.abs( args.end - args.start ) / amount ) ) ) ); return setInterval( function() { t.value = trx_addons_lerp( t.value, args.end, amount ); args.callbacks.onUpdate( t.value ); if ( Math.abs(t.value - args.end) < 0.0001 ) { t.value = args.end; args.callbacks.onUpdate( t.value ); if ( args.callbacks.onComplete ) { args.callbacks.onComplete(); } } }, interval ); } }; window.trx_addons_tween_stop = function( handler ) { if ( typeof TweenMax != 'undefined' ) { if ( handler ) handler.kill(); } else { if ( handler ) clearTimeout( handler ); } }; ( function( $ ) { if ( typeof $.easing['easeInSine'] != 'undefined' ) return; var baseEasings = {}; $.each( [ "Quad", "Cubic", "Quart", "Quint", "Expo" ], function( i, name ) { baseEasings[ name ] = function( p ) { return Math.pow( p, i + 2 ); }; } ); $.extend( baseEasings, { Sine: function( p ) { return 1 - Math.cos( p * Math.PI / 2 ); }, Circ: function( p ) { return 1 - Math.sqrt( 1 - p * p ); }, Elastic: function( p ) { return p === 0 || p === 1 ? p : -Math.pow( 2, 8 * ( p - 1 ) ) * Math.sin( ( ( p - 1 ) * 80 - 7.5 ) * Math.PI / 15 ); }, Back: function( p ) { return p * p * ( 3 * p - 2 ); }, Bounce: function( p ) { var pow2, bounce = 4; while ( p < ( ( pow2 = Math.pow( 2, --bounce ) ) - 1 ) / 11 ) {} return 1 / Math.pow( 4, 3 - bounce ) - 7.5625 * Math.pow( ( pow2 * 3 - 2 ) / 22 - p, 2 ); } } ); $.each( baseEasings, function( name, easeIn ) { $.easing[ "easeIn" + name ] = easeIn; $.easing[ "easeOut" + name ] = function( p ) { return 1 - easeIn( 1 - p ); }; $.easing[ "easeInOut" + name ] = function( p ) { return p < 0.5 ? easeIn( p * 2 ) / 2 : 1 - easeIn( p * -2 + 2 ) / 2; }; } ); } )( jQuery ); window.trx_addons_transition_end = function() { var e = document.createElement("transitionDetector"), t = { WebkitTransition: "webkitTransitionEnd", MozTransition: "transitionend", transition: "transitionend" }, r = "transitionend"; for ( var n in t ) { if ( undefined !== e.style[n] ) { r = t[n]; break; } } return r; }; window.trx_addons_animation_end = function() { var e = document.createElement("animationDetector"), t = { animation: "animationend", OAnimation: "oAnimationEnd", MozAnimation: "animationend", WebkitAnimation: "webkitAnimationEnd" }, r = "animationend"; for ( var n in t ) { if ( undefined !== e.style[n] ) { r = t[n]; break; } } return r; }; var support = { transitions: window.Modernizr ? Modernizr.csstransitions : false, animations: window.Modernizr ? Modernizr.cssanimations : false }, trans_end_event_names = { 'WebkitTransition': 'webkitTransitionEnd', 'MozTransition': 'transitionend', 'OTransition': 'oTransitionEnd', 'msTransition': 'MSTransitionEnd', 'transition': 'transitionend' }, trans_end_event_name = window.Modernizr ? trans_end_event_names[ Modernizr.prefixed( 'transition' ) ] : trx_addons_transition_end(), anima_end_event_names = { 'WebkitAnimation': 'webkitAnimationEnd', 'MozAnimation': 'animationend', 'OAnimation': 'oAnimationEnd', 'msAnimation': 'MSAnimationEnd', 'animation': 'animationend' }, anima_end_event_name = window.Modernizr ? anima_end_event_names[ Modernizr.prefixed( 'animation' ) ] : trx_addons_animation_end(); window.trx_addons_on_end_transition = function( el, callback, timeout ) { var on_end_callback = function( e ) { if ( support.transitions ) { if ( e.target != this ) { return; } this.removeEventListener( trans_end_event_name, on_end_callback ); } if ( callback && typeof callback === 'function' ) { callback.call( this ); } }; if ( support.transitions ) { el.addEventListener( trans_end_event_name, on_end_callback, false ); } else { setTimeout( function() { if ( callback && typeof callback === 'function' ) { callback.call( this ); } }, timeout || 0 ); } }; window.trx_addons_on_end_animation = function( el, callback, timeout ) { var on_end_callback = function( e ) { if ( support.animations ) { if ( e.target != this ) { return; } this.removeEventListener( anima_end_event_name, on_end_callback ); } if ( callback && typeof callback === 'function' ) { callback.call( this ); } }; if ( support.animations ) { el.addEventListener( anima_end_event_name, on_end_callback, false ); } else { setTimeout( function() { if ( callback && typeof callback === 'function' ) { callback.call( this ); } }, timeout || 0 ); } }; var trx_addons_observers = {}; window.trx_addons_create_observer = function( id, obj, callback, args ) { if ( typeof window.MutationObserver !== 'undefined' && obj && obj.length ) { if ( typeof trx_addons_observers[ id ] == 'undefined' ) { var defa = { attributes: false, childList: true, subtree: true }; if ( args ) { defa = trx_addons_object_merge( defa, args ); } trx_addons_observers[ id ] = { observer: new MutationObserver( callback ), obj: obj.get(0) }; trx_addons_observers[ id ].observer.observe( trx_addons_observers[ id ].obj, defa ); } return true; } return false; }; window.trx_addons_remove_observer = function( id ) { if ( typeof window.MutationObserver !== 'undefined' ) { if ( typeof trx_addons_observers[ id ] !== 'undefined' ) { trx_addons_observers[ id ].observer.disconnect( ); delete trx_addons_observers[ id ]; } return true; } return false; }; window.trx_addons_check_mutations = function( mutations, selector, action ) { var rez = false; if ( typeof mutations != 'object' || ! mutations.hasOwnProperty( 'length' ) || ! mutations.length ) { return rez; } var nodes = false; for ( var i = 0; i < mutations.length; i++ ) { nodes = action == 'add' ? mutations[i].addedNodes : mutations[i].removedNodes; for ( var n = 0; n < nodes.length; n++ ) { var $node = jQuery( nodes[n] ); if ( selector.charAt(0) == '.' && $node.hasClass( selector.slice( 1 ) ) || selector.charAt(0) == '#' && $node.attr( 'id' ) == selector.slice( 1 ) ) { rez = true; break; } } if ( rez ) break; } return rez; }; var trx_addons_sticky_observers = {}; window.trx_addons_sticky_observer_create = function( id, obj, callback, args ) { if ( typeof window.IntersectionObserver !== 'undefined' && obj && obj.length ) { if ( typeof trx_addons_sticky_observers[ id ] == 'undefined' ) { var defa = { root: null, rootMargin: ( 1 + trx_addons_fixed_rows_height() ) + 'px 0px 0px 0px', threshold: 1 }; if ( args ) { defa = trx_addons_object_merge( defa, args ); } trx_addons_sticky_observers[ id ] = { observer: new IntersectionObserver( function( entries ) { entries.forEach( function( entry ) { var is_sticky = entry.isIntersecting && entry.intersectionRatio >= 1; jQuery( entry.target ).toggleClass( 'trx_addons_is_sticky', is_sticky ); if ( callback && typeof callback === 'function' ) { callback( entry, is_sticky ); } } ); }, defa ), obj: obj.get(0) }; trx_addons_sticky_observers[ id ].observer.observe( trx_addons_sticky_observers[ id ].obj ); } return true; } return false; }; window.trx_addons_sticky_observer_remove = function( id ) { if ( typeof window.IntersectionObserver !== 'undefined' ) { if ( typeof trx_addons_sticky_observers[ id ] !== 'undefined' ) { trx_addons_sticky_observers[ id ].observer.disconnect(); delete trx_addons_sticky_observers[ id ]; } return true; } return false; }; window.trx_addons_intersection_observer_init = function() { if ( typeof TRX_ADDONS_STORAGE == 'undefined' ) return; if ( typeof IntersectionObserver != 'undefined' ) { if ( typeof TRX_ADDONS_STORAGE['intersection_observer'] == 'undefined' ) { TRX_ADDONS_STORAGE['intersection_observer'] = new IntersectionObserver( function(entries) { entries.forEach( function( entry ) { trx_addons_intersection_observer_in_out( jQuery(entry.target), entry.isIntersecting || entry.intersectionRatio > 0 ? 'in' : 'out', entry ); }); }, { root: null, rootMargin: '0px', threshold: 0 } ); } } else { $window.on( 'scroll', function() { if ( typeof TRX_ADDONS_STORAGE['intersection_observer_items'] != 'undefined' ) { for ( var i in TRX_ADDONS_STORAGE['intersection_observer_items'] ) { if ( ! TRX_ADDONS_STORAGE['intersection_observer_items'][i] || TRX_ADDONS_STORAGE['intersection_observer_items'][i].length === 0 ) { continue; } var item = TRX_ADDONS_STORAGE['intersection_observer_items'][i], item_top = item.offset().top, item_height = item.height(); trx_addons_intersection_observer_in_out( item, item_top + item_height > trx_addons_window_scroll_top() && item_top < trx_addons_window_scroll_top() + trx_addons_window_height() ? 'in' : 'out' ); } } } ); } }; window.trx_addons_intersection_observer_in_out = function( item, state, entry ) { var callback = ''; if ( state == 'in' ) { if ( ! item.hasClass( 'trx_addons_in_viewport' ) ) { item.addClass( 'trx_addons_in_viewport' ); callback = item.data('trx-addons-intersection-callback'); if ( callback ) { callback( item, true, entry ); } } } else { if ( item.hasClass( 'trx_addons_in_viewport' ) ) { item.removeClass( 'trx_addons_in_viewport' ); callback = item.data('trx-addons-intersection-callback'); if ( callback ) { callback( item, false, entry ); } } } }; window.trx_addons_intersection_observer_add = function( items, callback ) { items.each( function() { var $self = jQuery( this ), id = $self.attr( 'id' ); if ( ! $self.hasClass( 'trx_addons_intersection_inited' ) ) { if ( ! id ) { id = 'io-' + trx_addons_get_unique_id(); $self.attr( 'id', id ); } $self.addClass( 'trx_addons_intersection_inited' ); if ( callback ) { $self.data( 'trx-addons-intersection-callback', callback ); } if ( typeof TRX_ADDONS_STORAGE['intersection_observer_items'] == 'undefined' ) { TRX_ADDONS_STORAGE['intersection_observer_items'] = {}; } TRX_ADDONS_STORAGE['intersection_observer_items'][id] = $self; if ( typeof TRX_ADDONS_STORAGE['intersection_observer'] !== 'undefined' ) { TRX_ADDONS_STORAGE['intersection_observer'].observe( $self.get(0) ); } } } ); }; window.trx_addons_intersection_observer_remove = function( items ) { items.each( function() { var $self = jQuery( this ), id = $self.attr( 'id' ); if ( $self.hasClass( 'trx_addons_intersection_inited' ) ) { $self.removeClass( 'trx_addons_intersection_inited' ); delete TRX_ADDONS_STORAGE['intersection_observer_items'][id]; if ( typeof TRX_ADDONS_STORAGE['intersection_observer'] !== 'undefined' ) { TRX_ADDONS_STORAGE['intersection_observer'].unobserve( $self.get(0) ); } } } ); }; var filters = {}; var allow_wp_filters = true; window.trx_addons_add_filter = function( filter, callback, priority ) { if ( priority === undefined ) priority = 10; if ( allow_wp_filters && typeof wp != 'undefined' && typeof wp.hooks != 'undefined' && typeof wp.hooks.addFilter != 'undefined' ) { wp.hooks.addFilter( filter, 'trx_addons', callback, priority ); } else { if ( ! filters[filter] ) filters[filter] = {}; if ( ! filters[filter][priority] ) filters[filter][priority] = []; filters[filter][priority].push( callback ); } }; window.trx_addons_apply_filters = function( filter, arg1, arg2, arg3, arg4, arg5, arg6, arg7, arg8, arg9 ) { if ( allow_wp_filters && typeof wp != 'undefined' && typeof wp.hooks != 'undefined' && typeof wp.hooks.applyFilters != 'undefined' ) { arg1 = wp.hooks.applyFilters( filter, arg1, arg2, arg3, arg4, arg5, arg6, arg7, arg8, arg9 ); } else if ( typeof filters[filter] == 'object' ) { var keys = Object.keys(filters[filter]).sort(); for (var i=0; i < keys.length; i++ ) { for (var j=0; j < filters[filter][keys[i]].length; j++ ) { if ( typeof filters[filter][keys[i]][j] == 'function' ) { arg1 = filters[filter][keys[i]][j](arg1, arg2, arg3, arg4, arg5, arg6, arg7, arg8, arg9); } } } } return arg1; }; window.trx_addons_add_action = function( action, callback, priority ) { if ( allow_wp_filters && typeof wp != 'undefined' && typeof wp.hooks != 'undefined' && typeof wp.hooks.addAction != 'undefined' ) { wp.hooks.addAction( action, 'trx_addons', callback, priority == undefined ? 10 : priority ); } else { trx_addons_add_filter( action, callback, priority ); } }; window.trx_addons_do_action = function( action, arg1, arg2, arg3, arg4, arg5, arg6, arg7, arg8, arg9 ) { if ( allow_wp_filters && typeof wp != 'undefined' && typeof wp.hooks != 'undefined' && typeof wp.hooks.doAction != 'undefined' ) { wp.hooks.doAction( action, arg1, arg2, arg3, arg4, arg5, arg6, arg7, arg8, arg9 ); } else { trx_addons_apply_filters( action, arg1, arg2, arg3, arg4, arg5, arg6, arg7, arg8, arg9 ); } }; })(); (function() { "use strict"; jQuery( document ).ready( function() { var ready_busy = true; var vc_init_counter = 0; var parallax_controller = null; var requestAnimationFrame = trx_addons_request_animation_frame(); var $window = jQuery( window ), $document = jQuery( document ), $html = jQuery( 'html' ), $body = jQuery( 'body' ); var $page_preloader = jQuery('#page_preloader'), $scroll_to_top = jQuery('.trx_addons_scroll_to_top'), $scroll_progress = $scroll_to_top.find('.trx_addons_scroll_progress'); var _video_sticky_fade = true; var $show_on_scroll, $banner_placeholder, $animated_elements, $animated_hover, $video_sticky, $fixed_columns, $stack_sections, $parallax_wrap, $video_tags, $iframe_tags, $video_autoplay, $video_autoplay_yt, $video_hovers_yt = false, $sections_with_id; var classes = trx_addons_browser_classes(); for ( var ua in classes ) { if ( $body.hasClass( 'ua_' + ua ) ) { if ( ! classes[ua] ) { $body.removeClass( 'ua_' + ua ); } } else if ( classes[ua] ) { $body.addClass( 'ua_' + ua ); } } $document.on( 'action.got_ajax_response', update_jquery_links ); $document.on( 'action.init_hidden_elements', update_jquery_links ); var first_run = true; function update_jquery_links(e) { if ( first_run && e && e.namespace == 'init_hidden_elements' ) { first_run = false; return; } $show_on_scroll = jQuery('.trx_addons_show_on_scroll'); $banner_placeholder = jQuery('.trx_addons_banner_placeholder'); $animated_elements = jQuery('[data-post-animation^="animated"]:not(.animated)'); $animated_hover = jQuery('[data-hover-animation^="animated"]:not(.animated)'); $video_sticky = jQuery('.trx_addons_video_sticky'); $fixed_columns = jQuery('.sc_column_fixed'); $stack_sections = jQuery('.sc_stack_section_on:not(.elementor-element-edit-mode)'); if ( $stack_sections.length > 0 ) { $body.addClass( 'sc_stack_section_present ' + ( window.trx_addons_browser_is_ios() ? 'ua_ios' : 'ua_not_ios' ) ); } $sections_with_id = jQuery( '.e-con[id], .elementor-section[id], .elementor-menu-anchor[id]' ).filter( function() { var id = jQuery(this).attr('id'); return id && id.trim() !== ''; } ); $parallax_wrap = jQuery('.sc_parallax_wrap' ); $video_tags = jQuery('video'); $iframe_tags = jQuery('iframe'); if ( trx_addons_browser_is_ios() ) { $video_hovers_yt = jQuery('.video_hover[data-video*="youtu"],.post_video_hover[data-video*="youtu"],.trx_addons_video_list_controller_item[data-video*="youtu"]'); if ( $video_hovers_yt.length > 0 ) { embedYoutubeAPI(); } } trx_addons_find_video_autoplay(); } update_jquery_links(); function trx_addons_find_video_autoplay() { $video_autoplay = jQuery('.with_video_autoplay'); $video_autoplay_yt = $video_autoplay.find('iframe[src*="youtu"]'); } window.trx_addons_show_preloader = function() { if ( $page_preloader.length > 0 && ( ! jQuery.browser || ! jQuery.browser.safari ) && ! $body.hasClass( 'ua_safari' ) ) { $page_preloader.data('done', false); $document.trigger( 'action.page_preloader', [$page_preloader] ); if ( ! $page_preloader.data('done') ) { $page_preloader .css( { display: 'block', opacity: 0 } ) .animate( { opacity: $page_preloader.data('opacity') }, 300); setTimeout( trx_addons_hide_preloader, 5000 ); } } }; window.trx_addons_hide_preloader = function() { if ( $page_preloader.length > 0 ) { $page_preloader.data('done', false); $document.trigger( 'action.page_preloader_hide', [$page_preloader] ); if ( ! $page_preloader.data('done') && $page_preloader.css('opacity') > 0 ) { $page_preloader.animate( { opacity: 0 }, 800, function() { jQuery(this).css( { display: 'none' } ); } ); } } }; if ( $page_preloader.length > 0 ) { $page_preloader.data('opacity', $page_preloader.css('opacity')); $window.on( 'beforeunload', function(e) { if ( typeof e.srcElement == 'undefined' || typeof e.srcElement.activeElement == 'undefined' || typeof e.srcElement.activeElement.href == 'undefined' || e.srcElement.activeElement.href.indexOf('//') === 0 || e.srcElement.activeElement.href.indexOf('http:') === 0 || e.srcElement.activeElement.href.indexOf('https:') === 0 ) { trx_addons_show_preloader(); } } ); $document.on( 'action.before_new_page_content', function( e, $link, show ) { if ( show || show === undefined ) { trx_addons_show_preloader(); } } ); $document.on( 'action.after_new_page_content', function( e, $link ) { trx_addons_hide_preloader(); } ); $document.on( 'click', 'a', function() { var href = jQuery(this).attr('href'); if ( href !== undefined && href.indexOf('//') !== 0 && href.indexOf('http:') !== 0 && href.indexOf('https:') !== 0 ) { setTimeout( function() { if ( $page_preloader.css( 'display' ) == 'block' ) { $page_preloader.css( { display: 'none', opacity: 0 } ); } }, 1 ); } } ); } $document.on('action.init_trx_addons', function() { $document.on('keyup', function(e) { if (e.keyCode === 27) { jQuery( '.sc_layouts_panel_opened' ).each( function() { trx_addons_close_panel( jQuery(this) ); } ); } }); } ); trx_addons_intersection_observer_init(); trx_addons_init_actions(); function trx_addons_init_actions() { if (typeof TRX_ADDONS_STORAGE == 'undefined') { window.TRX_ADDONS_STORAGE = { 'vc_edit_mode': false, 'popup_engine': 'magnific' }; } if (TRX_ADDONS_STORAGE['vc_edit_mode'] && jQuery('.vc_empty-placeholder').length === 0 && vc_init_counter++ < 30) { setTimeout(trx_addons_init_actions, 200); return; } $document.trigger('action.before_init_trx_addons'); trx_addons_hide_preloader(); var msg = jQuery('.trx_addons_message_box_system'), msg_delay = 5000; if (msg.length > 0) { setTimeout(function() { msg.fadeIn().delay(msg_delay).fadeOut(); }, 1000); var login = jQuery('.trx_addons_login_link'); if (msg.hasClass('trx_addons_message_box_error') && login.length > 0) { setTimeout(function() { login.trigger('click'); }, 2000+msg_delay); } } if (typeof TRX_ADDONS_STORAGE['animate_to_hash']=='undefined' && !$body.hasClass('single-product')) { TRX_ADDONS_STORAGE['animate_to_hash'] = true; setTimeout(function() { var $mc4form = false; if (window.mc4wp_forms_config && window.mc4wp_forms_config.submitted_form && window.mc4wp_forms_config.submitted_form.element_id) { trx_addons_document_animate_to(window.mc4wp_forms_config.submitted_form.element_id); } else if ( TRX_ADDONS_STORAGE['animate_to_mc4wp_form_submitted'] && ( $mc4form = jQuery( '.mc4wp-form-submitted' ) ).length ) { trx_addons_document_animate_to( $mc4form ); } else if ( location.hash !== '' && location.hash != '#' && location.hash.indexOf('/') == -1 && location.hash.indexOf('&') == -1 && location.hash.indexOf(';') == -1 && location.hash.indexOf('%') == -1 && location.hash.indexOf('=') == -1 ) { trx_addons_document_animate_to( location.hash ); } }, 600); } if ( TRX_ADDONS_STORAGE['allow_cookie_is_retina'] ) { var is_retina = trx_addons_is_retina() ? 1 : 0; if ( trx_addons_get_cookie( 'trx_addons_is_retina' ) !== is_retina ) { trx_addons_set_cookie( 'trx_addons_is_retina', trx_addons_is_retina() ? 1 : 0 ); } } else { if ( trx_addons_get_cookie( 'trx_addons_is_retina' ) !== null ) { trx_addons_del_cookie( 'trx_addons_is_retina' ); } } $document.on( 'action.switch_to_mobile_layout', function() { jQuery('[data-hover-animation^="animated"]').each(function() { var $self = jQuery(this); var animation = $self.data('hover-animation'); var animation_out = $self.data('animation-out'); if (animation_out === undefined) animation_out = "none"; $self.removeClass(animation + ' ' + animation_out); }); }); trx_addons_ready_actions(); $document.trigger('action.before_ready_trx_addons'); $document.trigger('action.ready_trx_addons'); $document.trigger('action.after_ready_trx_addons'); $document.on( 'action.init_hidden_elements', function( e, cont ) { trx_addons_ready_actions(e, cont); $window.trigger('scroll'); } ); var vc_js = false; $document.on('vc_js', function() { if ( ! vc_js ) { vc_js = true; trx_addons_add_handlers(); } }); setTimeout(function() { if ( ! vc_js ) { trx_addons_add_handlers(); } }, 1); function trx_addons_add_handlers() { trx_addons_resize_actions(); $window.on( 'resize', function() { trx_addons_resize_actions(); } ); function trx_addons_scroll_start( force ) { if ( requestAnimationFrame && ! force ) { if ( ! TRX_ADDONS_STORAGE['scroll_busy'] ) { TRX_ADDONS_STORAGE['scroll_busy'] = true; requestAnimationFrame( trx_addons_scroll_actions ); } } else { TRX_ADDONS_STORAGE['scroll_busy'] = true; trx_addons_scroll_actions(); } } trx_addons_scroll_start(); $window.on( 'scroll', function() { trx_addons_scroll_start(); } ); if ( TRX_ADDONS_STORAGE['smooth_scroll'] > 0 && typeof TweenMax != 'undefined' ) { var $scroll_target = $window; var scroll_time = trx_addons_apply_filters( 'trx_addons_filter_smooth_scroll_time', 0.8 ); var scroll_distance = trx_addons_apply_filters( 'trx_addons_filter_smooth_scroll_distance', 400 ); var ie_mobile = -1 !== navigator.userAgent.indexOf("IEMobile"), is_mobile = trx_addons_browser_is_mobile() || $body.hasClass('ua_mobile'); var scroll_busy = false; var scroll_coef = trx_addons_apply_filters( 'trx_addons_filter_smooth_scroll_coef', { start: 0.2, multi: 1.5, max: 1.5, value: 0.2 } ); var scroll_delta = 0; var scroll_tween = null; var clear_scroll_busy = trx_addons_throttle( function() { scroll_busy = false; if ( scroll_tween ) { scroll_tween.kill(); scroll_tween = false; } }, scroll_time * 1000 + 10, true ); $html.addClass('smooth_scroll'); window.smooth_scroll_listener = function( event ) { if ( trx_addons_window_width() < 768 ) { return; } if ( ! scroll_busy ) { var depth = 8; var $target = jQuery( event.target ); $scroll_target = $window; while( depth-- >= 0 ) { if ( [ 'scroll', 'auto' ].indexOf( $target.css('overflow-y') ) >= 0 ) { $scroll_target = $target; break; } $target = $target.parents( 'div,section,nav,ul' ).eq(0); } } if ( $scroll_target != $window ) { scroll_busy = true; setTimeout( function() { scroll_busy = false; }, scroll_time + 10 ); return; } event.preventDefault(); var delta = event.wheelDelta / 120 || -event.detail / 3; if ( trx_addons_browser_is_ios() ) delta = Math.max( -1, Math.min( 1, delta ) ); scroll_coef.value = scroll_busy && scroll_delta * delta > 0 ? Math.min( scroll_coef.max, scroll_coef.value * scroll_coef.multi ) : scroll_coef.start; scroll_delta = delta; var scroll_top = $scroll_target.scrollTop(); var scroll_to = scroll_top - parseInt( delta * scroll_coef.value * scroll_distance, 10 ); scroll_busy = true; if ( scroll_tween ) { scroll_tween.kill(); } scroll_tween = TweenMax.to( $scroll_target, scroll_time, { onStart: function() { scroll_busy = true; clear_scroll_busy(); trx_addons_do_action( 'trx_addons_action_smooth_scroll_start', this, $scroll_target, scroll_to, scroll_time ); }, onInterrupt: function() { scroll_busy = false; scroll_tween = null; trx_addons_do_action( 'trx_addons_action_smooth_scroll_interrupt', this, $scroll_target, scroll_to, scroll_time ); }, onComplete: function() { scroll_busy = false; scroll_tween = null; trx_addons_do_action( 'trx_addons_action_smooth_scroll_complete', this, $scroll_target, scroll_to, scroll_time ); }, onUpdate: function() { trx_addons_do_action( 'trx_addons_action_smooth_scroll_update', this, $scroll_target, scroll_to, scroll_time ); }, scrollTo: { y: scroll_to, autoKill: true }, ease: trx_addons_apply_filters( 'trx_addons_filter_smooth_scroll_ease', Power1.easeOut ), overwrite: true, tween_value: 100 } ); }; window.smooth_scroll_disable = function() { if (typeof smooth_scroll_listener !== 'undefined') { window.removeEventListener( 'mousewheel', smooth_scroll_listener, { passive: false } ); window.removeEventListener( 'DOMMouseScroll', smooth_scroll_listener, { passive: false } ); } }; window.smooth_scroll_enable = function() { if (typeof smooth_scroll_listener !== 'undefined') { window.addEventListener( 'mousewheel', smooth_scroll_listener, { passive: false } ); window.addEventListener( 'DOMMouseScroll', smooth_scroll_listener, { passive: false } ); } }; if ( ! ie_mobile && ! $html.hasClass( 'touch' ) ) { smooth_scroll_enable(); } } typeof window.wpb_prepare_tab_content == "function" && typeof window.wpb_prepare_tab_content_old == "undefined" && (window.wpb_prepare_tab_content_old = window.wpb_prepare_tab_content) && (window.wpb_prepare_tab_content = function(e, ui) { if (typeof ui.newPanel !== 'undefined' && ui.newPanel.length > 0) { $document.trigger( 'action.init_hidden_elements', [ui.newPanel] ); } else if (typeof ui.panel !== 'undefined' && ui.panel.length > 0) { $document.trigger( 'action.init_hidden_elements', [ui.panel] ); } window.wpb_prepare_tab_content_old(e, ui); } ); typeof window.vc_accordionActivate == "function" && typeof window.vc_accordionActivate_old == "undefined" && (window.vc_accordionActivate_old = window.vc_accordionActivate) && (window.vc_accordionActivate = function(e, ui) { if (typeof ui.newPanel !== 'undefined' && ui.newPanel.length > 0) { $document.trigger( 'action.init_hidden_elements', [ui.newPanel] ); } else if (typeof ui.panel !== 'undefined' && ui.panel.length > 0) { $document.trigger( 'action.init_hidden_elements', [ui.panel] ); } window.vc_accordionActivate_old(e, ui); } ); } $document.trigger('action.init_trx_addons'); $document.trigger('action.after_init_trx_addons'); } function trx_addons_ready_actions(e, container) { if (container === undefined) container = $body; if (TRX_ADDONS_STORAGE['animate_inner_links'] > 0 && !container.hasClass('animate_to_inited')) { container .addClass('animate_to_inited') .on('click', 'a[href*="#"]', function(e) { var link_obj = jQuery(this); var link_parent = link_obj.parent(); if ( link_obj.hasClass('trx_addons_panel_link') || link_obj.hasClass('trx_addons_popup_link') || link_obj.attr('href').indexOf( '#elementor-action' ) >= 0 || link_parent.parent().hasClass('trx_addons_tabs_titles') || link_parent.parents('.wc-tabs').length > 0 || link_parent.hasClass('elementor-tab-title') || link_parent.parents('ul[class*="tabs"]').length > 0 || link_obj.hasClass('vc_pagination-trigger') || link_obj.hasClass('ui-tabs-anchor') || link_parent.hasClass('vc_tta-tab') || link_parent.hasClass('vc_tta-panel-title') || link_parent.hasClass('wpb_accordion_header') ) { return true; } var href = link_obj.attr('href'); if ( ! href || href == '#' ) return true; if ( trx_addons_is_local_link(href) ) { var pos = href.indexOf('#'); if ( pos >= 0 ) { href = href.substr( pos ); if ( jQuery(href).length > 0 ) { if ( $body.hasClass( 'menu_mobile_opened' ) ) { $body.removeClass( 'menu_mobile_opened' ); } $document.trigger( 'action.trx_addons_inner_links_click', [ link_obj, e ] ); trx_addons_document_animate_to( href ); e.preventDefault(); return false; } } } }); } if (TRX_ADDONS_STORAGE['add_target_blank'] > 0) { jQuery('a').filter(function() { return this.hostname && this.hostname !== location.hostname && this.pathname && ['.png', '.jpg', '.gif'].indexOf( this.pathname.slice( -4 ) ) < 0; }).each( function() { var link = jQuery(this), rel = link.attr('rel'); if ( link.attr('target') != '_blank' ) { link.attr('target', '_blank'); } if ( ! rel || rel.indexOf('nofollow') == -1 ) { link.attr('rel', ( rel ? rel + ' ' : '' ) + 'nofollow'); } }); } jQuery('figcaption').each( function() { var $self = jQuery(this); if ( $self.text() === '' ) { $self.hide(); } }); if (jQuery.ui && jQuery.ui.tabs) { var $tabs = container.find('.trx_addons_tabs:not(.inited)'); if ( $tabs.length > 0) { $tabs.each( function() { var $self = jQuery(this); var init = $self.data('active'); if (isNaN(init)) { init = 0; var active = $self.find('> ul > li[data-active="true"]').eq(0); if (active.length > 0) { init = active.index(); if (isNaN(init) || init < 0) init = 0; } } else { init = Math.max(0, init); } var disabled = []; $self.find('> ul > li[data-disabled="true"]').each( function() { disabled.push(jQuery(this).index()); }); $self.addClass('inited').tabs({ active: init, disabled: disabled, show: { effect: 'fadeIn', duration: 300 }, hide: { effect: 'fadeOut', duration: 300 }, create: function( event, ui ) { if ( ui.panel.length > 0 && ! ready_busy ) { $document.trigger( 'action.create_tab', [ui.panel] ); $document.trigger( 'action.init_hidden_elements', [ui.panel] ); } }, activate: function( event, ui ) { if ( ui.oldPanel.length > 0 && ! ready_busy ) { $document.trigger( 'action.deactivate_tab', [ui.oldPanel] ); } if ( ui.newPanel.length > 0 && ! ready_busy ) { $document.trigger( 'action.activate_tab', [ui.newPanel] ); $document.trigger( 'action.init_hidden_elements', [ui.newPanel] ); $window.trigger( 'resize' ); } } }); }); } } if (jQuery.ui && jQuery.ui.accordion) { var $accordion = container.find('.trx_addons_accordion:not(.inited)'); if ( $accordion.length > 0) { $accordion.each(function () { var accordion = jQuery(this); var headers = accordion.data('headers') || 'h5'; var height_style = accordion.data('height-style') || 'content'; var collapsible = accordion.data('collapsible') || false; var init = accordion.data('active'); var active = false; if ( isNaN( init ) ) { init = 0; active = accordion.find( headers + '[data-active="true"]' ).eq(0); if ( active.length > 0 ) { while ( ! active.parent().hasClass( 'trx_addons_accordion' ) ) { active = active.parent(); } init = active.index(); if ( isNaN( init ) || init < 0 ) init = 0; } } else { init = Math.max( 0, init ); } accordion.addClass('inited').accordion({ active: init, collapsible: collapsible, header: headers, heightStyle: height_style, create: function( event, ui ) { if ( ui.panel.length > 0 && ! ready_busy ) { $document.trigger( 'action.create_accordion', [ui.panel] ); $document.trigger( 'action.init_hidden_elements', [ui.panel] ); } else if ( active !== false && active.length > 0 ) { active.find('>'+headers).trigger('click'); } }, activate: function( event, ui ) { if (ui.oldPanel.length > 0 && ! ready_busy) { $document.trigger( 'action.deactivate_accordion', [ui.oldPanel] ); } if (ui.newPanel.length > 0 && ! ready_busy) { $document.trigger( 'action.activate_accordion', [ui.newPanel] ); $document.trigger( 'action.init_hidden_elements', [ui.newPanel] ); $window.trigger( 'resize' ); } } }); }); } } var cp = container.find('.trx_addons_color_selector:not(.inited)'), cp_created = false; if (cp.length > 0) { cp.addClass('inited').each( function() { var $self = jQuery(this); if ( $self.hasClass('iColorPicker') ) { if (!cp_created) { trx_addons_color_picker(); cp_created = true; } trx_addons_change_field_colors($self); $self .on('focus', function (e) { trx_addons_color_picker_show(null, jQuery(this), function(fld, clr) { fld.val(clr).trigger('change'); trx_addons_change_field_colors(fld); }); }) .on('change', function(e) { trx_addons_change_field_colors(jQuery(this)); }); } else if (typeof jQuery.fn.wpColorPicker != 'undefined') { $self.wpColorPicker({ change: function(e, ui){ jQuery(e.target).val(ui.color).trigger('change'); }, clear: function(e) { jQuery(e.target).prev().trigger('change'); } }); } }); } function trx_addons_change_field_colors(fld) { var clr = fld.val(), hsb = trx_addons_hex2hsb(clr); fld.css({ 'backgroundColor': clr, 'color': hsb['b'] < 70 ? '#fff' : '#000' }); } if (jQuery.ui && jQuery.ui.slider) { var $range_slider = container.find('.trx_addons_range_slider:not(.inited)'); if ($range_slider.length > 0) { $range_slider.each( function () { var range_slider = jQuery(this); var linked_field = range_slider.data('linked_field'); if (linked_field===undefined) linked_field = range_slider.prev('input[type="hidden"]'); else linked_field = jQuery('#'+linked_field); if (linked_field.length == 0) return; var range_slider_cur = range_slider.find('> .trx_addons_range_slider_label_cur'); var range_slider_min = range_slider.find('> .trx_addons_range_slider_label_min'); var range_slider_max = range_slider.find('> .trx_addons_range_slider_label_max'); var range_slider_type = range_slider.data('range'); if (range_slider_type===undefined) range_slider_type = 'min'; var values = linked_field.val().split(','); var minimum = range_slider.data('min'); if (minimum===undefined) minimum = 0; var maximum = range_slider.data('max'); if (maximum===undefined) maximum = 0; var step = range_slider.data('step'); if (step===undefined) step = 1; var init_obj = { range: range_slider_type, min: minimum, max: maximum, step: step, slide: function(event, ui) { trx_addons_range_slider_update_current_values_position(ui, range_slider_type === 'min' ? [ui.value] : ui.values); }, change: function(event, ui) { trx_addons_range_slider_update_current_values_position(ui, range_slider_type === 'min' ? [ui.value] : ui.values); }, create: function(event, ui) { trx_addons_range_slider_update_current_values_position(ui, values); } }; if (range_slider_type === true) { init_obj.values = values; } else { init_obj.value = values[0]; } range_slider.addClass('inited').slider(init_obj); function trx_addons_range_slider_update_current_values_position(ui, cur_values) { linked_field.val( cur_values.join(',') ).trigger('change'); for (var i=0; i < cur_values.length; i++) { range_slider_cur.eq(i) .html(cur_values[i]) .css('left', Math.max(0, Math.min(100, (cur_values[i]-minimum)*100/(maximum-minimum)))+'%'); if ( range_slider_type !== 'min' && range_slider_cur.eq(i).css( 'display' ) == 'none' ) { if ( i == 0 ) { range_slider_min.html( cur_values[i] ); } else { range_slider_max.html( cur_values[i] ); } } } } }); } } if (jQuery.fn && jQuery.fn.select2) { container.find('.trx_addons_select2:not(.inited)').addClass('inited').select2(); } if ( TRX_ADDONS_STORAGE['mediaplayer_icons_selector_allowed'] ) { $document.on( 'action.init_hidden_elements', function( e, cont ) { if ( cont === undefined || ! cont.length ) cont = $body; var buttons = { play: 'playpause', pause: 'playpause', volume: 'volume', mute: 'volume', fullscreen: 'fullscreen', unfullscreen: 'fullscreen' }; cont.find( 'mediaelementwrapper audio:not(.trx_media_icons_inited), mediaelementwrapper video:not(.trx_media_icons_inited)' ).each( function() { var $self = jQuery( this ).addClass( 'trx_media_icons_inited' ), $mejs_inner = $self.closest( '.mejs-inner' ); for ( var b in buttons ) { var icon = $self.data( 'icon-media-' + b ); if ( icon !== undefined && icon !== '' ) { $mejs_inner.find( '.mejs-' + buttons[b] + '-button button' ).addClass('mejs-button-with-icon').append( icon.replace( ' class="', ' class="mejs-button-icon-' + b + ' ' ) ); } } } ); } ); } var $play_on_hover = container.find( '.trx_addons_video_hover:not(.inited)' ); var touchstart_just_fired = false; if ( $play_on_hover.length > 0 ) { $play_on_hover .addClass( 'inited' ) .on( 'mouseenter touchstart', function(e) { var $self = jQuery( this ); if ( ! $self.hasClass( 'trx_addons_video_hover_play' ) && ( e.type != 'touchstart' || ! touchstart_just_fired ) ) { $self .data( 'trx-addons-user-actions', 1 ) .removeClass( 'trx_addons_video_hover_pause' ) .addClass( 'trx_addons_video_hover_play' ) .find( 'video' ).get(0).play(); touchstart_just_fired = true; setTimeout( function() { touchstart_just_fired = false; }, 300 ); } } ) .on( 'mouseleave touchstart', function(e) { var $self = jQuery( this ); if ( $self.hasClass( 'trx_addons_video_hover_play' ) && ( e.type != 'touchstart' || ! touchstart_just_fired ) ) { $self .data( 'trx-addons-user-actions', 1 ) .removeClass( 'trx_addons_video_hover_play' ) .addClass( 'trx_addons_video_hover_pause' ) .find( 'video' ).get(0).pause(); $self .find( '.trx_addons_video_subtitle_text' ) .one( typeof window.trx_addons_transition_end != 'undefined' ? trx_addons_transition_end() : 'transitionend', function() { $self.removeClass( 'trx_addons_video_hover_pause' ); } ); touchstart_just_fired = true; setTimeout( function() { touchstart_just_fired = false; }, 300 ); } } ); var $play_on_hover_autoplay = $play_on_hover.find( 'video[data-autoplay="1"]' ); if ( $play_on_hover_autoplay.length > 0 ) { trx_addons_intersection_observer_add( $play_on_hover_autoplay, function( item, enter ) { if ( item.data( 'trx-addons-user-actions' ) ) { trx_addons_intersection_observer_remove( item ); } else if ( enter ) { item .addClass( 'trx_addons_video_hover_play' ) .get(0).play(); } else { item .removeClass( 'trx_addons_video_hover_play' ) .get(0).pause(); } } ); } } var $video_hover = container.find('.trx_addons_video_player.with_cover .video_hover:not(.inited)'); if ( $video_hover.length > 0 ) { $video_hover .addClass( 'inited' ) .on( 'click', function(e) { var $self = jQuery( this ); if ( $self.hasClass( 'trx_addons_popup_link' ) ) { return true; } trx_addons_insert_video_iframe( $self.parents('.trx_addons_video_player').eq(0).addClass('video_play').find('.video_embed'), $self.data('video') ); var slider = $self.parents('.slider_swiper').eq(0); if ( slider.length > 0 ) { var id = slider.attr('id'); if ( typeof TRX_ADDONS_STORAGE['swipers'][id].autoplay != 'undefined' ) { TRX_ADDONS_STORAGE['swipers'][id].autoplay.stop(); id = slider.data('controller'); if ( id && TRX_ADDONS_STORAGE['swipers'][id+'_swiper'] ) { TRX_ADDONS_STORAGE['swipers'][id+'_swiper'].autoplay.stop(); } } } else { $self.fadeOut(); } e.preventDefault(); $document.trigger( 'action.init_hidden_elements', [$self.parents('.trx_addons_video_player').eq(0)] ); $window.trigger('resize'); return false; }) .parents('.trx_addons_video_player') .on( 'click', function(e) { var $self = jQuery(this); if ( ! $self.hasClass('video_play') ) { jQuery(this).find('.video_hover').trigger('click'); e.preventDefault(); return false; } } ); } var $video_controller = container.find('.trx_addons_video_list_controller_wrap:not(.inited)'); if ($video_controller.length > 0) { $video_controller .addClass('inited') .on('click', '.trx_addons_video_list_controller_item > a[href="#"]', function(e) { e.preventDefault(); var item = jQuery(this).parent(), video = item.data('video'), title = item.data('title'), video_wrap = item.parents('.trx_addons_video_list').find('.trx_addons_video_list_video_wrap .trx_addons_video_player').parent(); if ( ! item.hasClass('trx_addons_video_list_controller_item_active') && video && video_wrap.length == 1 ) { item.parent().find('.trx_addons_video_list_controller_item_active').removeClass('trx_addons_video_list_controller_item_active'); item.addClass('trx_addons_video_list_controller_item_active'); var autoplay = video_wrap.find('.with_video_autoplay'); if ( autoplay.length ) { autoplay .removeClass( 'with_video_autoplay video_autoplay_inited video_autoplay_started' ) .find('video_frame_controls').remove(); trx_addons_intersection_observer_remove( autoplay ); trx_addons_find_video_autoplay(); } video_wrap .fadeTo( 300, 0, function() { video_wrap.height( video_wrap.height() ); trx_addons_insert_video_iframe( video_wrap, video ); if ( title ) { video_wrap.append( title ); } video_wrap.find('video').removeAttr('width').removeAttr('height'); $document.trigger( 'action.init_hidden_elements', [video_wrap] ); $window.trigger( 'resize' ); video_wrap.height('auto'); } ) .fadeTo( 300, 1, function() { if ( item.data( 'autoplay' ) > 0 && video_wrap.find( '.trx_addons_video_player .video_hover').length > 0 ) { video_wrap.find( '.trx_addons_video_player .video_hover').eq(0).trigger( 'click' ); } } ); } return false; }); setTimeout( function() { $video_controller.find('[data-video]').each( function() { var video = jQuery(this).data('video'); if ( video ) { var img = jQuery('img', video); if ( img.length ) { var obj = new Image(); obj.src = img.attr('src'); } } } ); }, trx_addons_apply_filters('trx_addons_filter_video_controller_preload_images_timeout', 0) ); } $video_sticky.each( function() { var video = jQuery(this); video .find( '.trx_addons_video_sticky_close:not(.inited)' ) .addClass( 'inited' ) .on( 'click', function( e ) { e.preventDefault(); jQuery(this).hide(); trx_addons_intersection_observer_remove( video ); if ( _video_sticky_fade ) { video.addClass('trx_addons_video_sticky_on_fade').stop().animate({opacity:0}, 300, function() { video.parents('.post_featured').removeClass( 'with_video_sticky_on' ); video.height('auto').removeClass( 'trx_addons_video_sticky trx_addons_video_sticky_on trx_addons_video_sticky_on_fade' ).stop().animate({'opacity': 1}, 500); $video_sticky = jQuery('.trx_addons_video_sticky'); $window.trigger('resize'); }); } else { video.parents('.post_featured').removeClass( 'with_video_sticky_on' ); video.height('auto').removeClass('trx_addons_video_sticky trx_addons_video_sticky_on'); $video_sticky = jQuery('.trx_addons_video_sticky'); $window.trigger('resize'); } return false; } ); trx_addons_intersection_observer_add( video, function( item, enter, entry ) { var video = item, video_top = video.offset().top, video_height = video.height(); if ( ! enter ) { if ( ( typeof entry != 'object' || entry.boundingClientRect.top < 0 ) && ! video.hasClass('trx_addons_video_sticky_on') ) { if ( video.find( '.video_frame' ).html().trim().length > 30 ) { video.parents('.post_featured').addClass( 'with_video_sticky_on' ); if ( _video_sticky_fade ) { video.height( video_height ).css('opacity', 0).addClass( 'trx_addons_video_sticky_on' ).stop().animate({opacity:1}, 500); } else { video.height( video_height ).addClass( 'trx_addons_video_sticky_on' ); } } } } else { if ( video.hasClass('trx_addons_video_sticky_on') && ! video.hasClass('trx_addons_video_sticky_on_fade') ) { if ( _video_sticky_fade ) { video.addClass('trx_addons_video_sticky_on_fade').stop().animate({opacity:0}, 300, function() { video.parents('.post_featured').removeClass( 'with_video_sticky_on' ); video.height('auto').removeClass( 'trx_addons_video_sticky_on trx_addons_video_sticky_on_fade' ).stop().animate({'opacity': 1}, 500); $window.trigger('resize'); }); } else { video.parents('.post_featured').removeClass( 'with_video_sticky_on' ); video.height('auto').removeClass( 'trx_addons_video_sticky_on' ); $window.trigger('resize'); } } } } ); } ); $video_autoplay.each( function() { var $self = jQuery(this); if ( $self.find('iframe[src*="youtu"]').length === 0 ) { $self.find('.video_frame').addClass('video_frame_visible'); } } ); setTimeout( function() { container .find('.mejs-fullscreen-button:not(.resize_inited)') .addClass('resize_inited') .on( 'click', 'button', function() { setTimeout( function() { $window.trigger('resize'); }, 100 ); } ); }, 100 ); if (TRX_ADDONS_STORAGE['popup_engine'] == 'pretty') { container .find( trx_addons_apply_filters( 'pretty-init-images', 'a[href$="jpg"]:not(.inited):not([target="_blank"]):not([download])' +',a[href$="jpeg"]:not(.inited):not([target="_blank"]):not([download])' +',a[href$="png"]:not(.inited):not([target="_blank"]):not([download])' +',a[href$="gif"]:not(.inited):not([target="_blank"]):not([download])' ) ) .each( function() { var $self = jQuery(this); if ( ! $self.parent().hasClass('woocommerce-product-gallery__image')) { $self.attr('rel', 'prettyPhoto[slideshow]'); } }); var images = container.find( trx_addons_apply_filters( 'pretty-init-images-selector', 'a[rel*="prettyPhoto"]' + ':not(.inited)' + ':not(.esgbox)' + ':not(.fancybox)' + ':not([target="_blank"])' + ':not([data-rel*="pretty"])' + ':not([rel*="magnific"])' + ':not([data-rel*="magnific"])' + ':not([data-elementor-lightbox-slideshow])' + ':not([data-elementor-open-lightbox="yes"])' + ':not([data-elementor-open-lightbox="default"])' ) ).addClass('inited'); if ( images.length > 0 ) { try { images.prettyPhoto( trx_addons_apply_filters( 'pretty-init-images-params', { social_tools: '', theme: 'facebook', deeplinking: false } ) ); } catch (e) {} } } else if (TRX_ADDONS_STORAGE['popup_engine']=='magnific' && typeof jQuery.fn.magnificPopup != 'undefined') { container .find( trx_addons_apply_filters( 'mfp-init-images', 'a[href$="jpg"]:not(.inited):not([target="_blank"]):not([download])' +',a[href$="jpeg"]:not(.inited):not([target="_blank"]):not([download])' +',a[href$="png"]:not(.inited):not([target="_blank"]):not([download])' +',a[href$="gif"]:not(.inited):not([target="_blank"]):not([download])' ) ) .each( function() { var $self = jQuery(this); if ( trx_addons_apply_filters( 'mfp-init-images-allow', $self.closest('.cq-dagallery').length === 0 && $self.closest('.woocommerce-product-gallery__image').length === 0 && ! $self.hasClass('prettyphoto') && ! $self.hasClass('esgbox'), $self ) ) { $self.attr('rel', 'magnific'); } }); var images = container.find( trx_addons_apply_filters( 'mfp-init-images-selector', 'a[rel*="magnific"]' + ':not(.inited)' + ':not(.esgbox)' + ':not(.fancybox)' + ':not([target="_blank"])' + ':not([download])' + ':not(.prettyphoto)' + ':not([rel*="pretty"])' + ':not([data-rel*="pretty"])' + ':not([data-elementor-lightbox-slideshow])' + ':not([data-elementor-open-lightbox="yes"])' + ':not([data-elementor-open-lightbox="default"])' ) ).addClass('inited'); if ( images.length > 0 ) { setTimeout(function() { images.off('click.prettyphoto'); }, 100); try { images.magnificPopup( trx_addons_apply_filters( 'mfp-init-images-params', { type: 'image', mainClass: 'mfp-img-mobile', closeOnContentClick: true, closeBtnInside: true, fixedContentPos: true, midClick: true, preloader: true, tLoading: TRX_ADDONS_STORAGE['msg_magnific_loading'], tClose: TRX_ADDONS_STORAGE['msg_magnific_close'], closeMarkup: '<button title="%title%" aria-label="%title%" type="button" class="mfp-close"><span class="mfp-close-icon">&#215;</span></button>', gallery:{ enabled: true }, image: { tError: TRX_ADDONS_STORAGE['msg_magnific_error'], verticalFit: true, titleSrc: function(item) { var title = '', $el = typeof item.el != 'undefined' ? jQuery( item.el ) : null; if ( $el && $el.length > 0 ) { var $next = $el.next(); if ( $next.length > 0 && $next.get(0).tagName == 'FIGCAPTION' ) { title = $next.text(); } else if ( $el.attr( 'title' ) ) { title = $el.attr( 'title' ); } else { var $img = $el.find( 'img' ); if ( $img.length > 0 ) { title = $img.attr( 'alt' ); if ( ! title ) { title = $img.data('caption'); } } } } return title; } }, zoom: { enabled: true, duration: 300, easing: 'ease-in-out', opener: function(openerElement) { if (!openerElement.is('img')) { if (openerElement.parents('.trx_addons_hover').find('img').length > 0) openerElement = openerElement.parents('.trx_addons_hover').find('img'); else if (openerElement.find('img').length > 0) openerElement = openerElement.find('img'); else if (openerElement.siblings('img').length > 0) openerElement = openerElement.siblings('img'); else if (openerElement.parent().parent().find('img').length > 0) openerElement = openerElement.parent().parent().find('img'); } return openerElement; } }, callbacks: { beforeClose: function(){ jQuery('.mfp-figure figcaption').hide(); jQuery('.mfp-figure .mfp-arrow').hide(); } } } ) ); } catch (e) {} } var on_leaving_site = [], in_page_edit_mode = $body.hasClass('elementor-editor-active') || $body.hasClass('wp-admin') || $body.hasClass('block-editor-page'); container.find('.sc_layouts_popup:not(.inited),.sc_layouts_panel:not(.inited)').each( function() { var $self = jQuery(this), id = $self.attr('id'), show = false; if (!id) return; var is_panel = $self.hasClass('sc_layouts_panel'), link = jQuery('a[href="#'+id+'"],' + ( is_panel ? '.trx_addons_panel_link[data-panel-id="'+id+'"]' : '.trx_addons_popup_link[data-popup-id="'+id+'"]' ) ); if (link.length === 0) { $body.append('<a href="#'+id+'" class="trx_addons_hidden"></a>'); link = jQuery('a[href="#'+id+'"]'); } if ($self.hasClass('sc_layouts_show_on_page_load')) { show = true; } else if ($self.hasClass('sc_layouts_show_on_page_load_once') && trx_addons_get_cookie('trx_addons_show_on_page_load_once_'+id) != '1') { trx_addons_set_cookie('trx_addons_show_on_page_load_once_'+id, '1'); show = true; } else if ($self.hasClass('sc_layouts_show_on_page_close') && trx_addons_get_cookie('trx_addons_show_on_page_close_'+id) != '1') { on_leaving_site.push({ link: link, id: id }); } if (show) { if ( ! in_page_edit_mode ) { setTimeout( function() { link.trigger('click'); }, $self.data('delay') > 0 ? $self.data('delay') * 1000 : 0 ); } } link .addClass(is_panel ? 'trx_addons_panel_link' : 'trx_addons_popup_link') .data('panel', $self); $self .addClass('inited') .on('click', '.sc_layouts_panel_close', function(e) { trx_addons_close_panel($self); e.preventDefault(); return false; }); }); if ( on_leaving_site.length > 0 && ! in_page_edit_mode ) { var showed = false; $window.on( 'mousemove', function(e) { if ( showed ) return; var y = typeof e.clientY != 'undefined' ? e.clientY : 999; if ( y < trx_addons_adminbar_height() + 15 ) { showed = true; on_leaving_site.forEach( function(item) { item.link.trigger('click'); trx_addons_set_cookie('trx_addons_show_on_page_close_'+item.id, '1'); }); } } ); } container.find( trx_addons_apply_filters( 'mfp-init-popup-selector', ".trx_addons_popup_link:not(.popup_inited)" ) ) .addClass('popup_inited') .magnificPopup( trx_addons_apply_filters( 'mfp-init-popup-params', { type: 'inline', focus: 'input', removalDelay: trx_addons_apply_filters('trx_addons_filter_close_popup_timeout', 0), tLoading: TRX_ADDONS_STORAGE['msg_magnific_loading'], tClose: TRX_ADDONS_STORAGE['msg_magnific_close'], closeBtnInside: true, closeMarkup: '<button title="%title%" aria-label="%title%" type="button" class="mfp-close"><span class="mfp-close-icon">&#215;</span></button>', callbacks: { beforeAppend: function () { var $mfp = this; $document.trigger('action.prepare_popup_elements', [$mfp.content, $mfp]); }, beforeOpen: function() { var $mfp = this; $document.trigger('action.open_popup_elements', [$mfp.content]); var wrap_animation_in = mfp_get_animation( $mfp, 'wrap', 'open' ), bg_animation_in = mfp_get_animation( $mfp, 'bg', 'open' ); if ( bg_animation_in ) { $mfp.bgOverlay.addClass(bg_animation_in); } if ( wrap_animation_in ) { $mfp.wrap.addClass(wrap_animation_in); } }, open: function () { trx_addons_prepare_popup_content(this.content, true); }, beforeClose: function() { var $mfp = this; $document.trigger('action.close_popup_elements', [$mfp.content]); var wrap_animation_in = mfp_get_animation( $mfp, 'wrap', 'open' ), bg_animation_in = mfp_get_animation( $mfp, 'bg', 'open' ), wrap_animation_out = mfp_get_animation( $mfp, 'wrap', 'close' ), bg_animation_out = mfp_get_animation( $mfp, 'bg', 'close' ), delay = wrap_animation_out ? trx_addons_apply_filters( 'mfp-init-popup-animations-duration', wrap_animation_out.indexOf('faster') != -1 ? 300 : ( wrap_animation_out.indexOf('fast') != -1 ? 500 : ( wrap_animation_out.indexOf('normal') != -1 ? 800 : ( wrap_animation_out.indexOf('slow') != -1 ? 2000 : ( wrap_animation_out.indexOf('slower') != -1 ? 3000 : 1000 ) ) ) ), wrap_animation_out ) : 0; $mfp.st.removalDelay += delay; if ( bg_animation_out ) { setTimeout( function() { $mfp.bgOverlay.removeClass(bg_animation_in).addClass(bg_animation_out); }, $mfp.st.removalDelay - delay ); } if ( wrap_animation_out ) { setTimeout( function() { $mfp.wrap.removeClass(wrap_animation_in).addClass(wrap_animation_out); }, $mfp.st.removalDelay - delay ); } }, close: function () { var $mfp = this; trx_addons_close_panel($mfp.content); }, resize: function () { var $mfp = this; trx_addons_resize_actions(jQuery($mfp.content)); } } } ) ); var mfp_get_animation = function( mfp, item, event, defa ) { var defaults = trx_addons_apply_filters( 'mfp-init-popup-animations', { 'wrap_open': 'fadeIn animated fast', 'wrap_close': 'fadeOut animated fast', 'bg_open': 'fadeIn animated fast', 'bg_close': 'fadeOut animated fast' } ); return mfp.st.el.attr('data-popup-'+item+'-'+event+'-animation') ? mfp.st.el.attr('data-popup-'+item+'-'+event+'-animation') : trx_addons_apply_filters( 'mfp-init-popup-'+item+'-'+event+'-animation', defa ? defa : defaults[item+'_'+event] ); }; container.find( trx_addons_apply_filters( 'init-panel-selector', ".trx_addons_panel_link:not(.panel_inited)" ) ) .addClass('panel_inited') .on('click', function(e) { var panel = jQuery(this).data('panel'); if ( ! panel.hasClass( 'sc_layouts_panel_opened' ) ) { $document.trigger('action.prepare_popup_elements', [panel]); trx_addons_prepare_popup_content(panel, true); panel.addClass('sc_layouts_panel_opened'); $document.trigger('action.opened_popup_elements', [panel]); if (panel.prev().hasClass('sc_layouts_panel_hide_content')) panel.prev().addClass('sc_layouts_panel_opened'); $body.addClass('sc_layouts_panel_opened sc_layouts_panel_opened_' + panel.data('panel-position')); var panel_class = panel.data('panel-class'); if ( panel_class ) { $body.addClass( panel_class + '_opened' ); } } else { trx_addons_close_panel(panel); } e.preventDefault(); return false; }); container.find('.sc_layouts_panel_hide_content:not(.inited)') .addClass('inited') .on('click', function(e) { trx_addons_close_panel(jQuery(this).next()); e.preventDefault(); return false; }); window.trx_addons_close_panel = function(panel) { if ( panel.hasClass('sc_layouts_panel') ) { $document.trigger('action.close_popup_elements', [panel]); } setTimeout( function() { panel.removeClass('sc_layouts_panel_opened'); if (panel.prev().hasClass('sc_layouts_panel_hide_content')) { panel.prev().removeClass('sc_layouts_panel_opened'); } $body.removeClass('sc_layouts_panel_opened sc_layouts_panel_opened_left sc_layouts_panel_opened_right sc_layouts_panel_opened_top sc_layouts_panel_opened_bottom'); var panel_class = panel.data('panel-class'); if ( panel_class ) { $body.removeClass( panel_class + '_opened' ); } if ( panel.data('popup-content') !== undefined ) { setTimeout( function() { panel.empty(); }, 500 ); } }, trx_addons_apply_filters('trx_addons_filter_close_panel_timeout', panel.hasClass('sc_layouts_panel') && panel.data('animation-delay') !== undefined ? panel.data('animation-delay') : 0, panel) ); }; window.trx_addons_prepare_popup_content = function(container, autoplay) { var wrapper = jQuery(container); if (wrapper.data('popup-content') === undefined) { var iframe = wrapper.find('iframe'); if ( wrapper.find('audio').length || wrapper.find('video').length || ( iframe.length && ( ( iframe.data('src') && iframe.data('src').search(/(youtu|vimeo|daily|facebook|instagram.com)/i) > 0 ) || ( iframe.attr('src') && iframe.attr('src').search(/(youtu|vimeo|daily|facebook|instagram.com)/i) > 0 ) ) ) ) { wrapper.data( 'popup-content', wrapper.html() ); } } else { wrapper.html( wrapper.data('popup-content') ); wrapper.find('.inited').removeClass('inited'); } wrapper.find('[data-src]').each(function() { jQuery(this).attr( 'src', jQuery(this).data('src') ); }); $document.trigger( 'action.init_hidden_elements', [wrapper] ); $document.trigger( 'action.init_popup_elements', [wrapper] ); if (autoplay) trx_addons_set_autoplay(wrapper); var frame = wrapper.find('.esg-grid'); if ( frame.length > 0 ) { var wrappers = [".esg-tc.eec", ".esg-lc.eec", ".esg-rc.eec", ".esg-cc.eec", ".esg-bc.eec"]; for (var i = 0; i < wrappers.length; i++) { frame.find(wrappers[i]+'>'+wrappers[i]).unwrap(); } } $window.trigger('resize'); }; } if ( TRX_ADDONS_STORAGE['ajax_views'] && ! TRX_ADDONS_STORAGE['post_views_counter_inited'] ) { TRX_ADDONS_STORAGE['post_views_counter_inited'] = true; $document.on( 'action.ready_trx_addons', function() { setTimeout( function() { jQuery.post( TRX_ADDONS_STORAGE['ajax_url'], { action: 'post_counter', nonce: TRX_ADDONS_STORAGE['ajax_nonce'], post_id: TRX_ADDONS_STORAGE['post_id'], views: 1 } ).done( function( response ) { var rez = trx_addons_parse_ajax_response( response ); if ( rez.error === '' ) { jQuery('.post_meta_single .post_meta_views .post_meta_number,.sc_layouts_title_meta .post_meta_views .post_meta_number').html(rez.counter); } $document.trigger( 'action.got_ajax_response', { action: 'post_counter', result: rez } ); } ); }, 10 ); } ); } var $likes = container.find('a.post_meta_likes:not(.inited),a.comment_counters_likes:not(.inited)'); if ($likes.length > 0) { var likes_busy = false; $likes .addClass('inited') .on('click', function(e) { if ( ! likes_busy) { likes_busy = true; var button = jQuery(this); var inc = button.hasClass('enabled') ? 1 : -1; var post_id = button.hasClass('post_meta_likes') ? button.data('postid') : button.data('commentid'); var cookie_likes = trx_addons_get_cookie(button.hasClass('post_meta_likes') ? 'trx_addons_likes' : 'trx_addons_comment_likes'); if (cookie_likes === undefined || cookie_likes===null) cookie_likes = ''; jQuery.post( TRX_ADDONS_STORAGE['ajax_url'], { action: button.hasClass('post_meta_likes') ? 'post_counter' : 'comment_counter', nonce: TRX_ADDONS_STORAGE['ajax_nonce'], post_id: post_id, likes: inc }).done( function( response ) { var rez = trx_addons_parse_ajax_response( response ); if ( rez.error === '' ) { var counter = rez.counter; if ( inc == 1 ) { var title = button.data('title-dislike'); button.removeClass('enabled trx_addons_icon-heart-empty').addClass('disabled trx_addons_icon-heart'); cookie_likes += (cookie_likes.substr(-1)!=',' ? ',' : '') + post_id + ','; } else { var title = button.data('title-like'); button.removeClass('disabled trx_addons_icon-heart').addClass('enabled trx_addons_icon-heart-empty'); cookie_likes = cookie_likes.replace(','+post_id+',', ','); } button.data('likes', counter).attr('title', title).find(button.hasClass('post_meta_likes') ? '.post_meta_number' : '.comment_counters_number').html(counter); trx_addons_set_cookie( button.hasClass('post_meta_likes') ? 'trx_addons_likes' : 'trx_addons_comment_likes', cookie_likes, 365 * 24 * 60 * 60 * 1000); } else { alert(TRX_ADDONS_STORAGE['msg_error_like']); } likes_busy = false; $document.trigger( 'action.got_ajax_response', { action: button.hasClass('post_meta_likes') ? 'post_counter' : 'comment_counter', result: rez }); }); } e.preventDefault(); return false; }); } var $emotions = container.find('.trx_addons_emotions:not(.inited)'); if ($emotions.length > 0) { var emotions_busy = false; $emotions .addClass('inited') .on('click', '.trx_addons_emotions_item', function(e) { if (!emotions_busy) { emotions_busy = true; var button = jQuery(this); var button_active = button.parent().find('.trx_addons_emotions_active'); var post_id = button.data('postid'); jQuery.post(TRX_ADDONS_STORAGE['ajax_url'], { action: 'post_counter', nonce: TRX_ADDONS_STORAGE['ajax_nonce'], post_id: post_id, emotion_inc: button.data('slug'), emotion_dec: button_active.length > 0 ? button_active.data('slug') : '', }).done( function( response ) { var rez = trx_addons_parse_ajax_response( response ); if ( rez.error === '' ) { var cookie_likes = trx_addons_get_cookie('trx_addons_emotions'), cookie_likes_new = ','; if ( cookie_likes ) { cookie_likes = cookie_likes.split(','); for ( var i=0; i < cookie_likes.length; i++ ) { if ( cookie_likes[i] === '' ) continue; var tmp = cookie_likes[i].split('='); if ( tmp[0] != post_id ) { cookie_likes_new += cookie_likes[i] + ','; } } } cookie_likes = cookie_likes_new; if (button_active.length > 0) { button_active.removeClass('trx_addons_emotions_active'); } if (button_active.length == 0 || button.data('slug') != button_active.data('slug')) { button.addClass('trx_addons_emotions_active'); cookie_likes += (cookie_likes.substr(-1)!=',' ? ',' : '') + post_id + '=' + button.data('slug') + ','; } for (var i in rez.counter) { button.parent().find('[data-slug="'+i+'"] .trx_addons_emotions_item_number').html(rez.counter[i]); } trx_addons_set_cookie('trx_addons_emotions', cookie_likes, 365 * 24 * 60 * 60 * 1000); } else { alert(TRX_ADDONS_STORAGE['msg_error_like']); } emotions_busy = false; $document.trigger( 'action.got_ajax_response', { action: 'post_counter', result: rez }); }); } e.preventDefault(); return false; }); } var $share_caption = container.find('.socials_share .socials_caption:not(.inited)'); if ($share_caption.length > 0) { $share_caption.each(function() { jQuery(this).addClass('inited').on('click', function(e) { jQuery(this).siblings('.social_items').slideToggle(); e.preventDefault(); return false; }); }); } var $share_items = container.find('.socials_share .social_items:not(.inited)'); if ($share_items.length > 0) { $share_items.each(function() { jQuery(this) .addClass('inited') .on('click', '.social_item_popup', function(e) { var url = jQuery(this).data('link'); window.open(url, '_blank', 'scrollbars=0, resizable=1, menubar=0, left=100, top=100, width=480, height=400, toolbar=0, status=0'); e.preventDefault(); return false; }) .on('click', '.social_item[data-copy-link-url]', function(e) { var $self = jQuery(this), url = $self.data('copy-link-url'); if ( url != '' ) { trx_addons_copy_to_clipboard( url ); var msg = $self.data('message') ? $self.data('message') : TRX_ADDONS_STORAGE['msg_copied']; if ( msg ) { $self.attr('data-tooltip-text', msg); setTimeout( function() { $self.removeAttr('data-tooltip-text'); }, 3000 ); } } e.preventDefault(); return false; }); }); } $banner_placeholder.each( function() { var item = jQuery(this); if ( item.data('banner-show') == 'permanent' ) { if ( ! item.hasClass( 'inited' ) ) { item.addClass( 'inited' ); setTimeout( function() { item.after( item.data( 'banner' ) ); var banner = item.next(); item.remove(); if ( banner.hasClass( 'banner_hidden' ) ) { trx_addons_when_images_loaded( banner, function() { banner.slideDown(); } ); } }, item.data('banner-delay') ? item.data('banner-delay') : 0 ); } } else if ( item.data('banner-show') == 'scroll' ) { trx_addons_intersection_observer_add( item, function( item, enter ) { if ( ! item.hasClass('inited') && enter ) { item.addClass('inited'); trx_addons_intersection_observer_remove( item ); setTimeout( function() { item.after( item.data( 'banner' ) ); var banner = item.next(); item.remove(); if ( banner.hasClass( 'banner_hidden' ) ) { trx_addons_when_images_loaded( banner, function() { banner.slideDown(); } ); } }, item.data('banner-delay') ? item.data('banner-delay') : 0 ); } } ); } } ); container.find('.widget ul > li').each(function() { var $self = jQuery(this); if ($self.find('ul').length > 0) { $self.addClass('has_children'); } }); container.find('.widget_archive a:not(.inited)').each(function() { var $self = jQuery(this).addClass('inited'); var val = $self.html().split(' '); if (val.length > 1) { val[val.length-1] = '<span>' + val[val.length-1] + '</span>'; $self.html(val.join(' ')); } }); jQuery('.sc_layouts_menu_nav:not(.inited_cache),.trx-addons-nav-menu:not(.inited_cache),.trx-addons-mobile-menu:not(.inited_cache)').each(function() { var $self = jQuery(this).addClass('inited_cache'); if ($self.find('.current-menu-item').length == 0 || $body.hasClass('blog_template')) { if (TRX_ADDONS_STORAGE['menu_cache'] === undefined) TRX_ADDONS_STORAGE['menu_cache'] = []; var id = $self.attr('id'); if (id === undefined) { id = ( $self.hasClass ( 'sc_layouts_menu_nav' ) ? 'sc_layouts_menu_nav_' : ( $self.hasClass ( 'trx-addons-nav-menu' ) ? 'trx-addons-nav-menu-' : 'trx-addons-mobile-menu-' ) ) + trx_addons_get_unique_id(); $self.attr('id', id); } TRX_ADDONS_STORAGE['menu_cache'].push('#'+id); } }); if (TRX_ADDONS_STORAGE['menu_cache'] && TRX_ADDONS_STORAGE['menu_cache'].length > 0) { var href = window.location.href; if ( href.slice(-1) == '/' ) { href = href.slice( 0, -1 ); } var href2 = href.indexOf( '#' ) == -1 && href.indexOf( '?' ) == -1 ? href + '/' : ''; for (var i = 0; i < TRX_ADDONS_STORAGE['menu_cache'].length; i++) { var menu = jQuery( TRX_ADDONS_STORAGE['menu_cache'][i]+':not(.prepared)' ); if ( menu.length === 0 ) { continue; } menu.addClass( 'prepared' ); menu.find( 'li' ).removeClass( 'current-menu-ancestor current-menu-parent current-menu-item current_page_item trx-addons-active-item' ); menu.find( 'a[href="'+href+'"]' + ( href2 ? ',a[href="'+href2+'"]' : '' ) ).each( function( idx ) { var li = jQuery(this).parent(); li.addClass( 'current-menu-item trx-addons-active-item' ); if ( li.hasClass( 'menu-item-object-page' ) ) { li.addClass('current_page_item'); } li = li.parents( 'li' ); for ( var j = 0; j < li.length; j++ ) { li.addClass( 'current-menu-ancestor' + ( j == 0 ? ' current-menu-parent' : '' ) ); } } ); } } jQuery("form:not([data-inited-validation])") .attr('data-inited-validation', 1) .on('change', 'input,select,textarea', function() { var $self = jQuery(this), $wrap = $self.parents('.error_field'); if ( $self.val() !== '' ) { if ( $self.hasClass( 'error_field' ) ) { $self.removeClass('error_field'); } else if ( $wrap.length > 0 ) { $wrap.removeClass('error_field'); } } }); jQuery("form#commentform:not(.inited_validation)") .addClass( 'inited_validation' ) .on( 'submit', function(e) { var rez = trx_addons_comments_validate( jQuery(this) ); if (!rez) { e.preventDefault(); } return rez; } ); function trx_addons_comments_validate(form) { form.find('input').removeClass('error_field'); var comments_args = { error_message_text: TRX_ADDONS_STORAGE['msg_validation_error'], error_message_show: true, error_message_time: 4000, error_message_class: 'trx_addons_message_box trx_addons_message_box_error', error_fields_class: 'error_field', exit_after_first_error: false, rules: [ { field: 'comment', min_length: { value: 1, message: TRX_ADDONS_STORAGE['msg_text_empty'] } } ] }; if (form.find('.comments_author input[aria-required="true"]').length > 0) { comments_args.rules.push( { field: 'author', min_length: { value: 1, message: TRX_ADDONS_STORAGE['msg_name_empty']}, max_length: { value: 60, message: TRX_ADDONS_STORAGE['msg_name_long']} } ); } if (form.find('.comments_email input[aria-required="true"]').length > 0) { comments_args.rules.push( { field: 'email', min_length: { value: 1, message: TRX_ADDONS_STORAGE['msg_email_empty']}, max_length: { value: 60, message: TRX_ADDONS_STORAGE['msg_email_long']}, mask: { value: TRX_ADDONS_STORAGE['email_mask'], message: TRX_ADDONS_STORAGE['msg_email_not_valid']} } ); } var error = trx_addons_form_validate(form, comments_args); return !error; } if ( $show_on_scroll.length > 0 ) { trx_addons_intersection_observer_add( $show_on_scroll ); } if ( TRX_ADDONS_STORAGE['disable_animation_on_mobile'] && $body.hasClass('ua_mobile') ) { jQuery('[data-post-animation^="animated"]').removeAttr('data-post-animation'); jQuery('[data-hover-animation^="animated"]').removeAttr('data-hover-animation'); $animated_elements = jQuery('[data-post-animation^="animated"]:not(.animated)'); $animated_hover = jQuery('[data-hover-animation^="animated"]:not(.animated)'); } if ( $animated_elements.length > 0 ) { trx_addons_intersection_observer_add( $animated_elements, function( item, enter ) { if ( ! item.hasClass('inited_animation') && enter ) { item.addClass('inited_animation'); trx_addons_intersection_observer_remove( item ); var animation = item.data('post-animation'); if ( ! animation ) animation = item.data('animation'); setTimeout( function() { item.addClass( animation ); item.removeAttr('data-post-animation'); $animated_elements = jQuery('[data-post-animation^="animated"]:not(.animated)'); $document.trigger('action.start_item_animation', [item]); }, 100 * trx_addons_random(0, 10) ); } } ); } container .find('[data-hover-animation^="animated"]') .closest('.elementor-column,.post_layout_custom') .each(function() { var $self = jQuery(this); if ($self.hasClass('hover-animation-inited')) return; $self.addClass('hover-animation-inited').hover( function(e) { jQuery(this).find('[data-hover-animation^="animated"]').each(function() { var obj = jQuery(this); var animation = obj.data('hover-animation'); var animation_in = obj.data('animation-in'); if (animation_in == undefined) animation_in = "none"; var animation_in_delay = obj.data('animation-in-delay'); if (animation_in_delay == undefined) animation_in_delay = 0; var animation_out = obj.data('animation-out'); if (animation_out == undefined) animation_out = "none"; if (animation_in != 'none') { setTimeout(function() { obj.removeClass(animation + ' ' + animation_out); obj.addClass(animation + ' ' + animation_in); }, animation_in_delay); } }); }, function(e) { jQuery(this).find('[data-hover-animation^="animated"]').each(function() { var obj = jQuery(this); var animation = obj.data('hover-animation'); var animation_in = obj.data('animation-in'); if (animation_in == undefined) animation_in = "none"; var animation_out = obj.data('animation-out'); if (animation_out == undefined) animation_out = "none"; var animation_out_delay = obj.data('animation-out-delay'); if (animation_out_delay == undefined) animation_out_delay = 0; if (animation_out != 'none') { setTimeout(function() { obj.removeClass(animation + ' ' + animation_in); obj.addClass(animation + ' ' + animation_out); }, animation_out_delay); } }); } ); }); if ( typeof ScrollMagic != 'undefined' ) { if ( parallax_controller === null ) { parallax_controller = new ScrollMagic.Controller( { globalSceneOptions: { triggerHook: "onEnter", duration: "200%" } } ); } $parallax_wrap.each( function() { var $self = jQuery( this ), id = $self.attr( 'id' ), speed = $self.data( 'parallax' ) ? Number( $self.data( 'parallax' ) ) : 0; if ( speed !== 0 && ! $self.hasClass( 'parallax_inited' ) ) { $self.addClass( 'parallax_inited' ); if ( ! id ) { id = 'sc_parallax_wrap_' + trx_addons_get_unique_id(); $self.attr( 'id', id ); } var selector = '#' + id + ( $self.find( '> .wp-caption' ).length > 0 ? '>.wp-caption' : '' ) + '>img'; new ScrollMagic .Scene( { triggerElement: '#' + id } ) .setTween( selector, { y: speed + "%", ease: Linear.easeNone } ) .addTo( parallax_controller ); } }); } if ( ! $scroll_to_top.hasClass('inited') ) { $scroll_to_top .addClass('inited') .on( 'click', function(e) { jQuery('html,body').animate( { scrollTop: 0 }, 'slow' ); e.preventDefault(); return false; } ); if ( $scroll_progress.length ) { $document.on( 'action.scroll_trx_addons', function() { var prc = trx_addons_document_height() > trx_addons_window_height() ? Math.min(100, Math.max(0, trx_addons_window_scroll_top() / ( trx_addons_document_height() - trx_addons_window_height() ) * 100)) : 100; if ( $scroll_progress.hasClass('trx_addons_scroll_progress_type_vertical') ) { $scroll_progress.height(prc+'%'); } else if ( $scroll_progress.hasClass('trx_addons_scroll_progress_type_horizontal') ) { $scroll_progress.width(prc+'%'); } else if ( $scroll_progress.hasClass('trx_addons_scroll_progress_type_box') || $scroll_progress.hasClass('trx_addons_scroll_progress_type_round') ) { var $bar = $scroll_progress.find('.trx_addons_scroll_progress_bar'); if ( $bar.length === 0 ) { $scroll_progress.append( '<svg viewBox="0 0 50 50">' + ( $scroll_progress.hasClass('trx_addons_scroll_progress_type_round') ? '<circle class="trx_addons_scroll_progress_bar" cx="25" cy="25" r="22"></circle>' : '<rect class="trx_addons_scroll_progress_bar" x="3" y="3" width="44" height="44"></rect>' ) + '</svg>' ); $bar = $scroll_progress.find('.trx_addons_scroll_progress_bar'); } var bar_max = parseFloat( $bar.css('stroke-dasharray') ); $bar.css( 'stroke-dashoffset', '' + Math.min( 1, 1 - prc / 100 ) * bar_max ); } } ); } } } window.trx_addons_scroll_actions = function() { if ( trx_addons_window_scroll_top() > 0 ) { if ( ! $body.hasClass( 'trx_addons_page_scrolled' ) ) { $body.addClass( 'trx_addons_page_scrolled' ); } } else if ( $body.hasClass( 'trx_addons_page_scrolled' ) ) { $body.removeClass( 'trx_addons_page_scrolled' ); } if ( $scroll_to_top.length > 0 ) { if ( trx_addons_window_scroll_top() > 100 ) { if ( ! $scroll_to_top.hasClass( 'show' ) ) { $scroll_to_top.addClass('show'); $body.addClass( 'trx_addons_scroll_to_top_show' ); } } else { if ( $scroll_to_top.hasClass( 'show' ) ) { $scroll_to_top.removeClass('show'); $body.removeClass( 'trx_addons_scroll_to_top_show' ); } } } if ( ['top', 'bottom', 'fixed'].indexOf( TRX_ADDONS_STORAGE['scroll_progress'] ) >= 0 ) { trx_addons_show_scroll_progress(); } $show_on_scroll.each( function() { var item = jQuery(this); if ( item.hasClass( 'trx_addons_in_viewport' ) ){ if ( item.offset().top < trx_addons_window_scroll_top() + trx_addons_window_height() * 0.75 ) { item.removeClass( 'trx_addons_show_on_scroll' ).addClass( 'trx_addons_showed_on_scroll' ); trx_addons_intersection_observer_remove( item ); $show_on_scroll = jQuery('.trx_addons_show_on_scroll'); } } } ); $document.trigger('action.before_scroll_trx_addons'); $document.trigger('action.scroll_trx_addons'); $document.trigger('action.after_scroll_trx_addons'); TRX_ADDONS_STORAGE['scroll_busy'] = false; }; function trx_addons_show_scroll_progress() { if ( TRX_ADDONS_STORAGE['scroll_progress_status'] == undefined ) { $body.append('<div class="scroll_progress_wrap scroll_progress_'+TRX_ADDONS_STORAGE['scroll_progress']+'"><span class="scroll_progress_status"></span></div>'); TRX_ADDONS_STORAGE['scroll_progress_status'] = jQuery( '.scroll_progress_wrap .scroll_progress_status' ); trx_addons_get_scroll_posts(); TRX_ADDONS_STORAGE['scroll_progress_status'].on('click', function(e) { var prc = e.pageX / jQuery(this).parent().width(); if ( TRX_ADDONS_STORAGE['scroll_posts'] != undefined && TRX_ADDONS_STORAGE['scroll_posts'].length > 0 ) { var cur_post = trx_addons_detect_current_scroll_post(), pt = cur_post.data('post-top'), ph = cur_post.data('post-height'); trx_addons_document_animate_to( Math.round( ph * prc + pt - wh / 2 ) ); } else { trx_addons_document_animate_to( Math.round( ( trx_addons_document_height() - trx_addons_window_height() ) * prc ) ); } e.preventDefault(); return false; }); } var st = trx_addons_window_scroll_top(), wh = trx_addons_window_height(), new_width = '0%'; if ( TRX_ADDONS_STORAGE['scroll_posts'] !== undefined && TRX_ADDONS_STORAGE['scroll_posts'].length > 0 ) { var cur_post = trx_addons_detect_current_scroll_post(), pt = cur_post.data('post-top'), ph = cur_post.data('post-height'); new_width = ( st < 10 ? 0 : Math.min( 100, Math.round( ( st + wh / 2 - pt ) * 100 / ph ) ) ) + '%'; TRX_ADDONS_STORAGE['scroll_progress_status'].width( new_width ); } else { new_width = Math.min( 100, Math.round( st * 100 / ( trx_addons_document_height() - wh ) ) ) + '%'; TRX_ADDONS_STORAGE['scroll_progress_status'].width( new_width ); } } function trx_addons_detect_current_scroll_post() { var cur_post = false; TRX_ADDONS_STORAGE['scroll_posts'].each( function() { var post = jQuery(this), st = trx_addons_window_scroll_top(), wh = trx_addons_window_height(), pt = post.data('post-top'), ph = post.data('post-height'); if ( pt < st + wh / 2 ) { cur_post = post; } }); if ( ! cur_post ) { cur_post = TRX_ADDONS_STORAGE['scroll_posts'].eq( TRX_ADDONS_STORAGE['scroll_posts'].length - 1 ); } return cur_post; } $document.on('action.new_post_added', trx_addons_get_scroll_posts); function trx_addons_get_scroll_posts() { TRX_ADDONS_STORAGE['scroll_posts'] = ( TRX_ADDONS_STORAGE['scroll_posts'] !== undefined && TRX_ADDONS_STORAGE['scroll_posts'].length > 0 ) || jQuery('.nav-links-single-scroll').length > 0 ? jQuery('.post_item_single') : false; trx_addons_get_scroll_posts_dimensions(); } $document.on('action.resize_trx_addons', trx_addons_get_scroll_posts_dimensions); function trx_addons_get_scroll_posts_dimensions() { if ( TRX_ADDONS_STORAGE['scroll_posts'] !== undefined && TRX_ADDONS_STORAGE['scroll_posts'].length > 0 ) { TRX_ADDONS_STORAGE['scroll_posts'].each( function() { var post = jQuery(this); post.data('post-height', post.height()) .data('post-top', post.offset().top); } ); } } if ( ! $body.hasClass( 'fixed_blocks_sticky' ) ) { $document.on('action.resize_trx_addons', trx_addons_fix_column); $document.on('action.scroll_trx_addons', trx_addons_fix_column); var trx_addons_fix_column = function (e, cont) { if ( $fixed_columns.length === 0 ) { return; } var force = e.namespace == 'resize_trx_addons'; $fixed_columns.each(function() { var col = jQuery(this), row = col.parent(); if ( col.attr('class').indexOf('vc_col-lg-') != -1 || col.attr('class').indexOf('vc_col-md-') != -1 ) { return; } else if ( trx_addons_window_width() < TRX_ADDONS_STORAGE['mobile_breakpoint_fixedcolumns_off'] ) { var old_style = col.data('old_style'); if (old_style !== undefined) { col.attr('style', old_style).removeAttr('data-old_style'); } } else { var col_height = col.outerHeight(); var row_height = row.outerHeight(); var row_top = row.offset().top; if (col_height < row_height && trx_addons_window_scroll_top() + trx_addons_fixed_rows_height() > row_top) { var col_init = { 'position': 'undefined', 'top': 'auto', 'bottom' : 'auto' }; if (typeof TRX_ADDONS_STORAGE['scroll_offset_last'] == 'undefined') { TRX_ADDONS_STORAGE['col_top_last'] = row_top; TRX_ADDONS_STORAGE['scroll_offset_last'] = trx_addons_window_scroll_top(); TRX_ADDONS_STORAGE['scroll_dir_last'] = 1; } var scroll_dir = trx_addons_window_scroll_top() - TRX_ADDONS_STORAGE['scroll_offset_last']; scroll_dir = scroll_dir == 0 ? TRX_ADDONS_STORAGE['scroll_dir_last'] : ( scroll_dir > 0 ? 1 : -1 ); var col_big = col_height + 30 >= trx_addons_window_height() - trx_addons_fixed_rows_height(), col_top = col.offset().top; if (col_top < 0) { col_top = TRX_ADDONS_STORAGE['col_top_last']; } if (col_big) { if (scroll_dir != TRX_ADDONS_STORAGE['scroll_dir_last'] && col.css('position') == 'fixed') { col_init.top = col_top - row_top; col_init.position = 'absolute'; } else if (scroll_dir > 0) { if (trx_addons_window_scroll_top() + trx_addons_window_height() >= row_top + row_height + 30) { col_init.bottom = 0; col_init.position = 'absolute'; } else if (trx_addons_window_scroll_top() + trx_addons_window_height() >= (col.css('position') == 'absolute' ? col_top : row_top) + col_height + 30) { col_init.bottom = 30; col_init.position = 'fixed'; } } else { if (trx_addons_window_scroll_top() + trx_addons_fixed_rows_height() <= col_top) { col_init.top = trx_addons_fixed_rows_height(); col_init.position = 'fixed'; } } } else { if (trx_addons_window_scroll_top() + trx_addons_fixed_rows_height() >= row_top + row_height - col_height) { col_init.bottom = 0; col_init.position = 'absolute'; } else { col_init.top = trx_addons_fixed_rows_height(); col_init.position = 'fixed'; } } if (force && col_init.position == 'undefined' && col.css('position') == 'absolute') { col_init.position = 'absolute'; if (col.css('top') != 'auto') { col_init.top = col.css('top'); } else { col_init.bottom = col.css('bottom'); } } if (col_init.position != 'undefined') { var style = col.attr('style'); if ( ! style ) style = ''; if ( ! col.prev().hasClass('sc_column_fixed_placeholder') ) { col.css(col_init); TRX_ADDONS_STORAGE['scroll_dir_last'] = 0; col.before('<div class="sc_column_fixed_placeholder '+col.attr('class').replace('sc_column_fixed', '')+'"' + (col.data('col') ? ' data-col="' + col.data('col') + '"' : '') + '></div>'); } col_init.left = col_init.position == 'fixed' ? col.prev().offset().left : col.prev().position().left; col_init.width = col.prev().width() + parseFloat(col.prev().css('paddingLeft')) + parseFloat(col.prev().css('paddingRight')); if ( force || col.css('position') != col_init.position || TRX_ADDONS_STORAGE['scroll_dir_last'] != scroll_dir || col.width() != col_init.width ) { if (col.data('old_style') === undefined) { col.attr('data-old_style', style); } col.css(col_init); } } TRX_ADDONS_STORAGE['col_top_last'] = col_top; TRX_ADDONS_STORAGE['scroll_offset_last'] = trx_addons_window_scroll_top(); TRX_ADDONS_STORAGE['scroll_dir_last'] = scroll_dir; } else { var old_style = col.data('old_style'); if (old_style !== undefined) { col.attr('style', old_style).removeAttr('data-old_style'); if ( col.prev().hasClass('sc_column_fixed_placeholder') ) { col.prev().remove(); } } } } }); }; } $document.on('action.resize_trx_addons', trx_addons_stack_section); $document.on('action.scroll_trx_addons', trx_addons_stack_section); function trx_addons_stack_section(e, cont) { if ( $stack_sections.length === 0 ) return; var force = e.namespace == 'resize_trx_addons', fixed_rows_height = ! $body.hasClass( 'header_position_over' ) ? trx_addons_fixed_rows_height() : 0, wso = trx_addons_window_scroll_top() + fixed_rows_height; $stack_sections.each( function( idx ) { var row = jQuery(this), row_holder = false, row_height = 0, row_top = 0, use_sticky = $body.hasClass( 'fixed_blocks_sticky' ) && row.hasClass('sc_stack_section_effect_slide'); if ( trx_addons_window_width() < TRX_ADDONS_STORAGE['mobile_breakpoint_stacksections_off'] ) { if ( row.hasClass('sc_stack_section_fixed') ) { row.removeClass('sc_stack_section_fixed').prev().remove(); if ( ! use_sticky ) row.css( { top: row.data('old-top') } ); } } else { if ( row.hasClass('sc_stack_section_fixed') ) { row_holder = row.prev(); row_height = use_sticky ? row.outerHeight() : row_holder.outerHeight(); row_top = row_holder.offset().top; if ( row_top > wso ) { row.removeClass('sc_stack_section_fixed'); if ( ! use_sticky ) { row.css( { top: row.data('old-top') } ); } if ( row.hasClass( 'sc_stack_section_effect_fade' ) ) { row.css( { 'opacity': 0 } ); } row_holder.remove(); } else { if ( force ) { row_height = row.outerHeight(); if ( ! use_sticky ) { row_holder.height(row_height); row.css( { top: fixed_rows_height + 'px !important' } ); } } if ( row.hasClass( 'sc_stack_section_effect_fade' ) ) { if ( wso - row_top <= row_height ) { row.css( { 'opacity': Math.max(0, Math.min( 1, ( wso - row_top ) / row_height ) ) } ); } else { row.css( { 'opacity': 1 } ); } } } } else { row_top = row.offset().top; if ( row_top <= wso ) { if ( ! use_sticky ) { row_height = row.outerHeight(); row .data( 'old-top', row.css('top') ) .css( { top: fixed_rows_height + 'px'} ); } var gap = row.parent().css( 'gap' ); if ( gap && gap != '0px' && gap != '0' ) { gap = gap.split(' ')[0].replace('px', ''); } else { gap = 0; } row .before( '<div class="sc_stack_section_placeholder"' + ( ! use_sticky ? ' style="height:'+row_height+'px;"' : ( gap > 0 ? ' style="margin-bottom: -' + gap + 'px;"' : '' ) ) + '></div>' ) .addClass('sc_stack_section_fixed'); } } } } ); } function trx_addons_stack_section_zoom() { $stack_sections.each( function() { var targetElement = jQuery(this), zoom = targetElement.hasClass( 'sc_stack_section_zoom_on' ), transparency = targetElement.hasClass( 'sc_stack_section_transparency_on' ), blur = targetElement.hasClass( 'sc_stack_section_blur_on' ), offset = targetElement.data('stack-section-effect-start-offset') || 75; if ( ! zoom && ! transparency && ! blur ) { return; } var triggerElement = targetElement.next(); if ( ! triggerElement.length || ( triggerElement.hasClass( 'sc_stack_section_on' ) && ! triggerElement.hasClass( 'sc_stack_section_effect_slide' ) ) ) { return; } if ( typeof ScrollTrigger == 'undefined' ) { return; } if ( ! TRX_ADDONS_STORAGE['GSAP_Plugin_ScrollTrigger'] ) { TRX_ADDONS_STORAGE['GSAP_Plugin_ScrollTrigger'] = true; gsap.registerPlugin( ScrollTrigger ); } var timeline = triggerElement.data( 'stack-section-timeline' ) ? triggerElement.data( 'stack-section-timeline' ) : null; if ( timeline ) { timeline.kill(); } timeline = gsap.timeline( { scrollTrigger: { trigger: triggerElement, start: "top " + offset + "%", end: "top top", scrub: 0 } } ); var duration = targetElement.data('stack-section-effect-duration'); if ( duration === undefined ) { duration = 0.001; } duration = Math.max( 0.001, duration ); var val = '', from = {}, to = { duration: duration }; if ( zoom ) { val = targetElement.data('stack-section-zoom-value'); if ( val == undefined || val == '' ) val = "0.8"; from.scale = "1"; to.scale = val; } if ( transparency ) { val = targetElement.data('stack-section-transparency-value'); if ( val == undefined || val == '' ) val = "0"; from.opacity = "1"; to.opacity = val; } if ( blur ) { val = targetElement.data('stack-section-blur-value'); if ( val == undefined || val == '' ) val = "10"; from.filter = "blur(0px)"; to.filter = "blur(" + val + "px)"; } timeline.fromTo( targetElement, from, to ); triggerElement.data( 'stack-section-timeline', timeline ); } ); } if ( $stack_sections.length && window.gsap ) { trx_addons_stack_section_zoom(); $document.on( 'action.resize_trx_addons', trx_addons_stack_section_zoom ); } var $menuContainers = jQuery( '.trx-addons-nav-menu, .sc_layouts_menu_nav' ); var trx_addons_set_active_menu_items = trx_addons_throttle( function() { const screenMiddle = trx_addons_window_scroll_top() + Math.floor( trx_addons_window_height() / 2 ); let $lastValidSection = null; let $lastValidSectionMenuLink = null; $sections_with_id.each( function() { const $section = jQuery( this ); const sectionTop = $section.offset().top; const sectionId = $section.attr('id'); const $menuLink = $menuContainers.find( 'a[href$="#' + sectionId + '"]' ).filter( function() { return trx_addons_is_local_link( jQuery(this).attr('href') ); } ); if ( sectionTop <= screenMiddle && $menuLink.length ) { if ( $lastValidSection && $lastValidSection.length && $lastValidSection.data( 'menu-active' ) ) { $lastValidSection.data( 'menu-active', false ); clearActiveClasses( $lastValidSection.attr('id') ); } $lastValidSection = $section; $lastValidSectionMenuLink = $menuLink; } else if ( $section.data( 'menu-active' ) ) { $section.data( 'menu-active', false ); clearActiveClasses( $section.attr('id') ); } } ); if ( $lastValidSection && $lastValidSection.length && ! $lastValidSection.data( 'menu-active' ) ) { setActiveMenuItem( $lastValidSectionMenuLink, $lastValidSection ); } function clearActiveClasses( id ) { if ( id ) { $menuContainers.find( 'a[href$="#' + id + '"]' ).parents( 'li' ).removeClass( 'current-menu-item current-menu-ancestor current-menu-parent trx-addons-active-item' ); } else { $menuContainers.find('li').removeClass( 'current-menu-item current-menu-ancestor current-menu-parent trx-addons-active-item' ); } } function setActiveMenuItem( $menuLink, $section ) { $menuLink.each( function() { clearActiveClasses(); jQuery(this) .closest('li').addClass('current-menu-item trx-addons-active-item') .parents('li').each( function( index ) { const $parent = jQuery(this); if ( index === 0 ) { $parent.addClass('current-menu-ancestor current-menu-parent'); } else { $parent.addClass('current-menu-ancestor'); } } ); } ); $section.data( 'menu-active', true ); } }, 200 ); $document.on('action.resize_trx_addons', trx_addons_set_active_menu_items ); $document.on('action.scroll_trx_addons', trx_addons_set_active_menu_items ); window.trx_addons_resize_actions = function(cont) { if ( trx_addons_browser_is_touch() ) { if ( ! $body.hasClass( 'ua_touch' ) ) { $body.addClass( 'ua_touch' ); } } else { if ( $body.hasClass( 'ua_touch' ) ) { $body.removeClass( 'ua_touch' ); } } if (cont===undefined) cont = $body; $document.trigger('action.before_resize_trx_addons', [cont] ); $document.trigger('action.resize_trx_addons', [cont] ); $document.trigger('action.after_resize_trx_addons', [cont] ); }; $document.on('action.resize_trx_addons', trx_addons_resize_video); function trx_addons_resize_video(e, cont) { if ( $video_tags.length > 0 ) { $video_tags.each(function() { var $self = jQuery(this), classes = $self.attr( 'class' ); if ( ( ! TRX_ADDONS_STORAGE['resize_tag_video'] && $self.parents('.mejs-mediaelement').length === 0 ) || $self.hasClass( 'trx_addons_noresize' ) || classes.indexOf( '_resize' ) > 0 || classes.indexOf( '_noresize' ) > 0 || $self.hasClass( 'sr7-media' ) || $self.parent().is( 'rs-bgvideo' ) || $self.parents( 'rs-slide,div:hidden,section:hidden,article:hidden' ).length > 0 ) { return; } var video = $self.addClass('trx_addons_resize').eq(0); var ratio = (video.data('ratio') !== undefined ? video.data('ratio').split(':') : [16,9]); ratio = ratio.length!=2 || ratio[0]==0 || ratio[1]==0 ? 16/9 : ratio[0]/ratio[1]; var mejs_cont = video.parents('.mejs-video').eq(0); var mfp_cont = video.parents( '.mfp-content' ).eq(0); var w_attr = video.data('width'); var h_attr = video.data('height'); if (!w_attr || !h_attr) { w_attr = video.attr('width'); h_attr = video.attr('height'); if ((!w_attr || !h_attr) && mejs_cont.length > 0) { w_attr = Math.ceil( mejs_cont.width() ); h_attr = Math.ceil( mejs_cont.height() ); } if (!w_attr || !h_attr) return; video.data({'width': w_attr, 'height': h_attr}); } var percent = (''+w_attr).slice(-1) == '%'; w_attr = parseInt( w_attr, 10 ); h_attr = parseInt( h_attr, 10 ); var par = mejs_cont.length > 0 ? mejs_cont.parents('.post_video,.post_featured').eq(0) : video.parents('.post_video,.post_featured').eq(0); if ( ! par.length ) { par = mejs_cont.length > 0 ? mejs_cont.parents('div,section,article').eq(0) : video.parents('div,section,article').eq(0); } var w_real = Math.ceil( Math.min( percent ? 10000 : w_attr, par.width() ) ); if ( mfp_cont.length > 0 ) { w_real = Math.max( Math.ceil( mfp_cont.width() ), w_real ); } var h_real = Math.ceil( percent ? w_real/ratio : w_real/w_attr*h_attr ); if ( parseInt( video.attr('data-last-width'), 10) == w_real ) { return; } if ( percent ) { video.height( h_real ); } else if ( video.parents('.wp-video-playlist').length > 0 ) { if ( mejs_cont.length === 0 ) { video.attr({'width': w_real, 'height': h_real}); } } else { video.attr({'width': w_real, 'height': h_real}).css({'width': w_real+'px', 'height': h_real+'px'}); var h_video = video.height(); if ( h_video < h_real ) { w_real = Math.ceil( w_real * h_video / h_real ); h_real = h_video; video.attr({'width': w_real, 'height': h_real}).css({'width': w_real+'px', 'height': h_real+'px'}); } if (mejs_cont.length > 0) { trx_addons_set_mejs_player_dimensions(video, w_real, h_real); } } video.attr('data-last-width', w_real); }); } if ( TRX_ADDONS_STORAGE['resize_tag_iframe'] && $iframe_tags.length > 0 ) { $iframe_tags.each(function() { var $self = jQuery(this); if ( $self.addClass('trx_addons_resize').parents('div:hidden,section:hidden,article:hidden').length > 0 || $self.hasClass('trx_addons_noresize') || $self.parent().is( 'rs-bgvideo' ) || $self.parents( 'rs-slide' ).length > 0 || document.fullscreenElement || document.mozFullScreenElement || document.webkitFullscreenElement || document.msFullscreenElement ) { return; } var iframe = $self.eq(0), iframe_src = iframe.attr('src') ? iframe.attr('src') : iframe.data('src'); if (iframe_src === undefined || iframe_src.indexOf('soundcloud') > 0) return; var w_attr = iframe.attr('width'); var h_attr = iframe.attr('height'); if ( ! w_attr || ! h_attr || w_attr <= trx_addons_apply_filters( 'trx_addons_filter_noresize_iframe_width', 325 ) ) { return; } var ratio = iframe.data('ratio') !== undefined ? iframe.data('ratio').split(':') : ( iframe.parent().data('ratio') !== undefined ? iframe.parent().data('ratio').split(':') : ( iframe.find('[data-ratio]').length>0 ? iframe.find('[data-ratio]').data('ratio').split(':') : [w_attr, h_attr] ) ); ratio = ratio.length != 2 || ratio[0] === 0 || ratio[1] === 0 ? 16 / 9 : ratio[0] / ratio[1]; var percent = ( '' + w_attr ).slice(-1) == '%'; w_attr = parseInt( w_attr, 10 ); h_attr = parseInt( h_attr, 10 ); var par = iframe.parents( '.post_video,.post_featured' ).eq(0); if ( ! par.length ) { par = iframe.parents( '.mfp-content' ).eq(0); if ( ! par.length ) { par = iframe.parents( 'div,section,article' ).eq(0); } } var contains = iframe.data('contains-in-parent')=='1' || iframe.hasClass('contains-in-parent'), nostretch = iframe.data('no-stretch-to-parent')=='1' || iframe.hasClass('no-stretch-to-parent'), pw = Math.ceil( par.width() ), ph = Math.ceil( par.height() ), w_real = nostretch ? Math.min( w_attr, pw ) : pw, h_real = Math.ceil( percent ? w_real/ratio : w_real/w_attr*h_attr ); if ( contains && par.css('position') == 'absolute' && h_real > ph ) { h_real = ph; w_real = Math.ceil( percent ? h_real*ratio : h_real*w_attr/h_attr ); } if ( parseInt(iframe.attr('data-last-width'), 10) == w_real ) return; iframe.css({'width': w_real+'px', 'height': h_real+'px'}); iframe.attr('data-last-width', w_real); }); } } function trx_addons_set_mejs_player_dimensions(video, w, h) { if (mejs) { for (var pl in mejs.players) { if (mejs.players[pl].media.src == video.attr('src')) { if (mejs.players[pl].media.setVideoSize) { mejs.players[pl].media.setVideoSize(w, h); } else if (mejs.players[pl].media.setSize) { mejs.players[pl].media.setSize(w, h); } mejs.players[pl].setPlayerSize(w, h); mejs.players[pl].setControlsSize(); } } } } var initAPI = false; var initEvents = false; var process = false; var players = []; var attrs = []; var oldAPI = window.onYouTubeIframeAPIReady; var YTdeferred = jQuery.Deferred(); jQuery.fn.isInViewport = function() { var $self = jQuery(this); var $panel = $self.data( 'sc-panel-thumb' ); if ( ! $panel ) { $panel = $self.parents('.sc_panel_thumb'); $self.data( 'sc-panel-thumb', $panel ); } var rez = trx_addons_apply_filters( 'trx_addons_filter_element_in_viewport', $panel.length === 0 || $panel.hasClass('sc_panel_thumb_active'), $self ); if ( rez ) { var elementTop = $self.offset().top; var elementBottom = elementTop + $self.outerHeight(); var viewportTop = trx_addons_window_scroll_top(); var viewportBottom = viewportTop + trx_addons_window_height(); rez = elementTop >= viewportTop && elementTop <= viewportBottom || elementBottom >= viewportTop && elementBottom <= viewportBottom; } return rez; }; function embedYoutubeAPI() { if ( ! initAPI ) { var tag = document.createElement('script'); tag.src = 'https://www.youtube.com/iframe_api'; var firstScriptTag = document.getElementsByTagName('script')[0]; firstScriptTag.parentNode.insertBefore(tag, firstScriptTag); initAPI = true; } } window.onYouTubePlayerAPIReady = function() { if ( oldAPI && typeof oldAPI == 'function' ) oldAPI(); YTdeferred.resolve(window.YT); }; function initYoutubePlayer() { if (process) return; process = true; if ( $video_autoplay_yt.length ) { embedYoutubeAPI(); } if ( ! initAPI ) { process = false; return; } if ( typeof YTdeferred != 'undefined' ) { YTdeferred.done( function(YT) { $video_autoplay_yt.each( function() { var $self = jQuery(this); if ( $self.parents('.sc_layouts_submenu:not(.layouts_inited):not(:visible)').length ) return; var $frame = $self.parents('.video_frame').eq(0), $wrap = $self.parents('.with_video_autoplay').eq(0), $sticky = $self.parents('.trx_addons_video_sticky_inner').eq(0), isInit = $wrap.hasClass('video_autoplay_inited'), isInView = $wrap.isInViewport(), id = ! isInit ? trx_addons_get_unique_id() : $wrap.attr('data-uid'); if ( ! isInit ) { $self.attr( 'id', id ); $wrap .addClass('video_autoplay_inited') .attr('data-uid', id); var videoID = $wrap.data('video-id'); if ( ! videoID ) { var src = ( $self.data('src') ? $self.data('src') : $self.attr('src') ).split('?'); videoID = src[0].substring( src[0].indexOf('/embed/') + 7 ); $wrap.data('video-id', videoID); } if ( ! videoID ) return; $frame.append( '<span class="video_frame_overlay"></span>' + '<span class="video_frame_controls">' + '<a class="video_frame_control_stop video_frame_link" href="https://youtube.com/watch?v='+videoID+'" target="_blank"></a>' + '<span class="video_frame_control_volume video_frame_control_volume_mute"></span>' + '<span class="video_frame_control_state video_frame_control_state_' + ( $self.attr( 'allow' ) && $self.attr( 'allow' ).indexOf( 'autoplay' ) >= 0 ? 'pause' : 'play' ) + '"></span>' + '</span>' ); trx_addons_intersection_observer_add( $wrap, function( item, enter ) { initYoutubePlayer(); } ); $frame.find('.video_frame_control_state').on('click', function() { var $self = jQuery(this); $self.toggleClass('video_frame_control_state_play video_frame_control_state_pause'); if ( $self.hasClass('video_frame_control_state_play') ) { $self.removeClass('video_frame_control_state_upause'); if ( typeof players[id].playVideo == 'function' ) players[id].playVideo(); } else { $self.addClass('video_frame_control_state_upause'); if ( typeof players[id].pauseVideo == 'function' ) players[id].pauseVideo(); } } ); $frame.find('.video_frame_control_stop').on('click', function() { var $self = jQuery(this); $self.siblings('.video_frame_control_state').removeClass('video_frame_control_state_play').addClass('video_frame_control_state_pause'); $self.addClass('video_frame_control_state_upause'); if ( typeof players[id].pauseVideo == 'function' ) players[id].pauseVideo(); } ); $frame.find('.video_frame_control_volume').on('click', function() { var $self = jQuery(this); $self.toggleClass('video_frame_control_volume_mute video_frame_control_volume_unmute'); if ( $self.hasClass('video_frame_control_volume_unmute') ) { if ( typeof players[id].unMute == 'function' ) players[id].unMute(); } else { if ( typeof players[id].mute == 'function' ) players[id].mute(); } } ); attrs[id] = { 'videoId': videoID, 'startSeconds': $self.data('video-start') || trx_addons_apply_filters( 'trx_addons_filter_youtube_autoplay_start_seconds', -1 ), 'suggestedQuality': 'hd720' }; if ( $self.data('video-end') ) { attrs[id]['endSeconds'] = $self.data('video-end'); } players[id] = new YT.Player( this, { playerVars: { autoplay: 0, autohide: 1, modestbranding: 1, rel: 0, showinfo: 0, controls: 0, disablekb: 1, enablejsapi: 1, iv_load_policy: 3, playsinline: 1, loop: 1 }, events: { 'onReady': function onReady(e) { players[id].mute(); }, 'onStateChange': function onStateChange(e) { if (e.data === 1) { $wrap.addClass('video_autoplay_started'); } else if (e.data === 0) { if ( attrs[id].startSeconds >= 0 ) { players[id].seekTo(attrs[id].startSeconds); } } } } } ); $frame.data('video-player', players[id]); } if ( isInit && isInView && ! $frame.hasClass('.video_frame_visible') ) { setTimeout( function() { $frame.fadeTo( 500, 1.0, function() { $frame.addClass('video_frame_visible'); }); }, trx_addons_apply_filters( 'trx_addons_filter_video_frame_timeout', 0 ) ); } var control = $wrap.find('.video_frame_control_state'); if ( isInit && typeof players[id].playVideo == 'function' && ! control.hasClass('video_frame_control_state_upause') && $sticky.length === 0 ) { if ( isInView && control.hasClass('video_frame_control_state_pause') ) { control.removeClass('video_frame_control_state_pause').addClass('video_frame_control_state_play'); players[id].playVideo(); } if ( ! isInView && control.hasClass('video_frame_control_state_play') ) { control.removeClass('video_frame_control_state_play').addClass('video_frame_control_state_pause'); players[id].pauseVideo(); } } } ); } ); } process = false; } initYoutubePlayer(); if ( ! initEvents ) { initEvents = true; $document.on( 'action.init_hidden_elements action.got_ajax_response action.after_show_submenu action.after_hide_submenu', trx_addons_debounce( function( e ) { initYoutubePlayer(); }, 50 ) ); $document.on( 'action.start_item_animation', function() { setTimeout( function() { initYoutubePlayer(); }, 10 ); } ); } ready_busy = false; } ); window.trx_addons_draw_arc_on_canvas = function(item, value) { var canvas = item.find('canvas'); if (canvas.length === 0) return; var digits = canvas.next(); var brd = parseInt(digits.css('border-top-width'), 10); var w = Math.ceil(digits.width()+2*brd); var needRepaint = false; if (canvas.attr('width') != w) { needRepaint = true; canvas.attr({ 'width': w, 'height': w }); } if (item.data('old-value') == value && !needRepaint) return; item.data('old-value', value); var percent = value * 100 / canvas.data('max-value'); var angle = 360 * percent / 100; var Ar = angle * Math.PI / 180; var canvas_dom = canvas.get(0); var context = canvas_dom.getContext('2d'); var r = (w - brd) / 2; var cx = w / 2; var cy = w / 2; context.beginPath(); context.clearRect(0, 0, w, w); context.arc(cx, cy, r, 0, Ar, false); context.imageSmoothingEnabled= true; context.lineWidth = brd; context.strokeStyle = canvas.data('color'); context.stroke(); }; })(); jQuery(document).on('action.ready_trx_addons', function() { "use strict"; jQuery( 'form.trx_addons_popup_form_login:not(.inited)') .addClass('inited') .on( 'submit', function(e) { var rez = trx_addons_login_validate(jQuery(this)); if ( !rez ) { e.preventDefault(); } return rez; } ); jQuery( 'form.trx_addons_popup_form_register:not(.inited)') .addClass('inited') .on( 'submit', function(e) { var rez = trx_addons_registration_validate(jQuery(this)); if ( !rez ) { e.preventDefault(); } return rez; } ); function trx_addons_login_validate(form) { form.find('input').removeClass('trx_addons_field_error'); var error = trx_addons_form_validate(form, { error_message_time: 4000, exit_after_first_error: true, rules: [ { field: "log", min_length: { value: 1, message: TRX_ADDONS_STORAGE['msg_login_empty'] }, max_length: { value: 60, message: TRX_ADDONS_STORAGE['msg_login_long'] } }, { field: "pwd", min_length: { value: 1, message: TRX_ADDONS_STORAGE['msg_password_empty'] }, max_length: { value: 60, message: TRX_ADDONS_STORAGE['msg_password_long'] } } ] }); if (TRX_ADDONS_STORAGE['login_via_ajax'] && !error) { trx_addons_login_ajax_loading( form, true ); jQuery.post(TRX_ADDONS_STORAGE['ajax_url'], { action: 'trx_addons_login_user', nonce: TRX_ADDONS_STORAGE['ajax_nonce'], redirect_to: form.find('input[name="redirect_to"]').length == 1 ? form.find('input[name="redirect_to"]').val() : '', remember: form.find('input[name="rememberme"]').val(), user_log: form.find('input[name="log"]').val(), user_pwd: form.find('input[name="pwd"]').val() }).done( function( response ) { trx_addons_login_ajax_loading( form, false ); var rez = trx_addons_parse_ajax_response( response ); var result = form.find(".trx_addons_message_box") .removeClass("trx_addons_message_box_error") .removeClass("trx_addons_message_box_success"), result_timeout = 3000; if ( rez.error === '' ) { result.addClass("trx_addons_message_box_success").html(TRX_ADDONS_STORAGE['msg_login_success']); setTimeout( function() { var new_url = rez.redirect_to !== '' ? ( rez.redirect_to.indexOf( 'action=confirm_email' ) != -1 ? rez.redirect_to.substr( 0, rez.redirect_to.indexOf('?') ) : rez.redirect_to ) : ( location.href.indexOf( 'action=confirm_email' ) != -1 ? TRX_ADDONS_STORAGE['site_url'] : location.href ); new_url = trx_addons_add_to_url( new_url, { rnd: trx_addons_get_unique_id() } ); location.href = trx_addons_apply_filters( 'trx_addons_filter_redirect_url_after_login', new_url, rez ); }, result_timeout ); } else { result.addClass("trx_addons_message_box_error").html(TRX_ADDONS_STORAGE['msg_login_error'] + (rez.error!==undefined ? '<br>' + rez.error : '')); } result.fadeIn().delay(result_timeout).fadeOut(); jQuery(document).trigger(' action.got_ajax_response', { action: 'trx_addons_login_user', result: rez }); }); } return !TRX_ADDONS_STORAGE['login_via_ajax'] && !error; } trx_addons_add_filter( 'trx_addons_filter_redirect_url_after_login', function( url, rez ) { if ( typeof lpData != 'undefined' && lpData.site_url === TRX_ADDONS_STORAGE['site_url'] ) { url = lpData.site_url; } return url; } ); function trx_addons_registration_validate(form) { form.find('input').removeClass('trx_addons_field_error'); var error = trx_addons_form_validate(form, { error_message_time: 4000, exit_after_first_error: true, rules: [ { field: "agree", state: { value: 'checked', message: TRX_ADDONS_STORAGE['msg_not_agree'] }, }, { field: "log", min_length: { value: 1, message: TRX_ADDONS_STORAGE['msg_login_empty'] }, max_length: { value: 60, message: TRX_ADDONS_STORAGE['msg_login_long'] } }, { field: "email", min_length: { value: 7, message: TRX_ADDONS_STORAGE['msg_email_not_valid'] }, max_length: { value: 60, message: TRX_ADDONS_STORAGE['msg_email_long'] }, mask: { value: TRX_ADDONS_STORAGE['email_mask'], message: TRX_ADDONS_STORAGE['msg_email_not_valid'] } }, { field: "pwd", min_length: { value: 4, message: TRX_ADDONS_STORAGE['msg_password_empty'] }, max_length: { value: 60, message: TRX_ADDONS_STORAGE['msg_password_long'] } }, { field: "pwd2", equal_to: { value: 'pwd', message: TRX_ADDONS_STORAGE['msg_password_not_equal'] } } ] }); if (!error) { trx_addons_login_ajax_loading( form, true ); jQuery.post(TRX_ADDONS_STORAGE['ajax_url'], { action: 'trx_addons_registration_user', nonce: TRX_ADDONS_STORAGE['ajax_nonce'], redirect_to: form.find('input[name="redirect_to"]').length == 1 ? form.find('input[name="redirect_to"]').val() : '', user_name: form.find('input[name="log"]').val(), user_email: form.find('input[name="email"]').val(), user_pwd: form.find('input[name="pwd"]').val() }).done( function( response ) { trx_addons_login_ajax_loading( form, false ); var rez = trx_addons_parse_ajax_response( response ); var result = form.find(".trx_addons_message_box") .removeClass("trx_addons_message_box_error") .removeClass("trx_addons_message_box_success"), result_timeout = 3000; if (rez.error === '') { result.addClass("trx_addons_message_box_success").html(TRX_ADDONS_STORAGE['msg_registration_success']); if ( ! TRX_ADDONS_STORAGE['double_opt_in_registration'] ) { setTimeout( function() { if ( rez.redirect_to !== '' && trx_addons_apply_filters( 'trx_addons_filter_redirect_after_user_registration', false, rez.redirect_to ) ) { location.href = rez.redirect_to; } else { jQuery('#trx_addons_login_popup .trx_addons_tabs_title_login > a').trigger('click'); } }, result_timeout ); } else { result_timeout = 5000; setTimeout( function() { jQuery( '#trx_addons_login_popup .mfp-close').trigger( 'click' ); }, result_timeout ); } } else { result.addClass("trx_addons_message_box_error").html(TRX_ADDONS_STORAGE['msg_registration_error'] + (rez.error!==undefined ? '<br>' + rez.error : '')); } result.fadeIn().delay(result_timeout).fadeOut(); jQuery( document ).trigger( 'action.got_ajax_response', { action: 'trx_addons_registration_user', result: rez }); }); } return false; } function trx_addons_login_ajax_loading( form, on ) { var $popup = form.parents( ".trx_addons_popup" ); var $loading = $popup.find( ".trx_addons_loading" ); if ( $loading.length == 0 ) { $popup.append( '<div class="trx_addons_loading"></div>' ); $loading = $popup.find( " > .trx_addons_loading" ); } if ( on ) { $loading.fadeIn(); } else { $loading.fadeOut(); } } }); jQuery( document ).ready(function() { "use strict"; var $window = jQuery( window ), $document = jQuery( document ), $body = jQuery( 'body' ); var $equal_height, $pagination_infinite, $infinite_posts, $typed_entry; $document.on( 'action.init_hidden_elements', update_jquery_links ); $document.on( 'action.got_ajax_response', update_jquery_links ); var first_run = true; function update_jquery_links(e) { if ( first_run && e && e.namespace == 'init_hidden_elements' ) { first_run = false; return; } $equal_height = jQuery( '[data-equal-height],.trx_addons_equal_height' ); $pagination_infinite = jQuery( '.sc_item_pagination_infinite' ); $infinite_posts = $pagination_infinite.siblings('.sc_item_posts_container'); $typed_entry = jQuery('.sc_typed_entry'); } update_jquery_links(); if ( typeof TRX_ADDONS_STORAGE != 'undefined' ) { TRX_ADDONS_STORAGE['pagination_busy'] = false; } $document.on( 'action.init_hidden_elements', function() { var last_link = false, last_link_timer = null; jQuery('.sc_item_filters_tabs_open_on_hover:not(.inited)') .addClass('inited') .on('mouseenter', 'a', function(e) { last_link = jQuery(this); if ( last_link_timer !== null ) { clearTimeout( last_link_timer ); } last_link_timer = setTimeout( function() { last_link.trigger( 'click' ); last_link_timer = null; }, 300 ); } ); var popup_html = {}; function trx_addons_save_popup_html( $obj, restore ) { $obj.each( function( idx ) { var id = $obj.eq( idx ).attr( 'id' ); if ( ! id ) { $id = 'sc_popup_' + trx_addons_get_unique_id(); $obj.eq( idx ).attr( 'id', id ); } if ( ! popup_html.hasOwnProperty( id ) ) { popup_html[ id ] = $obj.eq( idx ).html(); } else if ( restore ) { $obj.eq( idx ).html( popup_html[ id ] ); } } ); } jQuery('.sc_item_filters:not(.inited),.sc_item_pagination:not(.inited)') .addClass('inited') .each( function() { var $self = jQuery( this ); if ( $self.hasClass( 'sc_item_filters' ) ) { trx_addons_save_popup_html( $self.parent().find('.sc_layouts_popup') ); } } ) .on('click', 'a', function(e) { var link = jQuery(this); if ( ! link.hasClass( 'active' ) && ! TRX_ADDONS_STORAGE['pagination_busy'] ) { var link_wrap = link.parents('.sc_item_filters,.sc_item_pagination'), load_more = link_wrap.hasClass('sc_item_pagination_load_more'), sc = link_wrap.parent(), set_min_height = trx_addons_apply_filters( 'trx_addons_filter_set_min_height_on_switch_tabs', true, sc ), posts = sc.find('.sc_item_posts_container,.sc_item_slider'), pagination_wrap = sc.find('.sc_item_pagination'); if ( link_wrap.hasClass('sc_item_filters') ) { var link_active = link_wrap.find('a.active'); if ( ! link_active.data( 'posts' ) ) { link_active.data( 'posts', posts.html() ); } link_active.data( 'pagination', pagination_wrap.length > 0 ? pagination_wrap.clone() : false ); } if ( link_wrap.hasClass('sc_item_filters') && link.data('posts') !== undefined ) { if ( set_min_height ) { sc.data( 'min-height', sc.css( 'min-height' ) ) .css( 'min-height', sc.height() ); } link_active.removeClass( 'active' ).parent().removeClass( 'sc_item_filters_tabs_active' ); link.addClass('active').parent().addClass( 'sc_item_filters_tabs_active' ); if ( pagination_wrap.length > 0 ) { pagination_wrap.fadeOut(); } posts.animate( { opacity: 0 }, 200, function() { $document.trigger( 'action.before_remove_content', [sc] ); trx_addons_replace_posts( posts, link.data('posts') ); trx_addons_replace_pagination( pagination_wrap, link.data('pagination'), posts ); $document.trigger( 'action.after_add_content', [sc] ); posts.find('.inited').removeClass('inited'); posts.find('.popup_inited').removeClass('popup_inited'); posts.find('.swiper-initialized').removeClass('swiper-initialized'); posts.find('.swiper-container-initialized').removeClass('swiper-container-initialized'); pagination_wrap.find('.inited').removeClass('inited'); $document.trigger( 'action.init_hidden_elements', [sc] ); var posts_height = posts.height(); $window.trigger( 'resize' ); setTimeout( function() { posts.animate( { opacity: 1 }, 200, function() { if ( sc.data('min-height') && set_min_height ) { sc.css( 'min-height', sc.data('min-height') ); } if ( posts.height() === 0 ) { posts.height( posts_height ); } } ); }, 400 ); } ); } else { if ( load_more ) { var page = Number( link.data( 'page' ) ); var max_page = Number( link.data( 'max-page' ) ); if (page > max_page) { pagination_wrap.addClass( 'all_items_loaded' ).hide(); return false; } link_wrap.addClass('loading'); } else { posts.append( TRX_ADDONS_STORAGE['loading_layout'] ); } TRX_ADDONS_STORAGE['pagination_busy'] = true; var params = pagination_wrap.length > 0 ? pagination_wrap.data('params') : link_wrap.data('params'); jQuery.post(TRX_ADDONS_STORAGE['ajax_url'], { action: 'trx_addons_item_pagination', nonce: TRX_ADDONS_STORAGE['ajax_nonce'], params: typeof params == 'object' ? JSON.stringify( params ) : params, page: link.parents('.sc_item_filters').length > 0 ? 1 : link.data('page'), filters_active: link.parents('.sc_item_filters').length > 0 ? link.data('tab') : (link_wrap.siblings('.sc_item_filters').find('a.active').length > 0 ? link_wrap.siblings('.sc_item_filters').find('a.active').data('tab') : 'all' ) }).done( function( response ) { var rez = trx_addons_parse_ajax_response( response ); if (rez.error === '') { if (rez.css !== '') { var selector = 'trx_addons-inline-styles-inline-css', inline_css = jQuery('#'+selector); if (inline_css.length === 0) jQuery('body').append('<style id="'+selector+'" type="text/css">' + rez.css + '</style>'); else inline_css.append(rez.css); } if (load_more) { posts.removeClass( 'columns_in_single_row' ); if (posts.find('[class*="_tabs_list_item"]').length > 0) { posts.find('[class*="_tabs_list_item"]').parent().append(jQuery(rez.data).find('.sc_item_posts_container [class*="_tabs_list_item"]').parent().html()); posts.find('[class$="_tabs_content"]').append(jQuery(rez.data).find('.sc_item_posts_container [class$="_tabs_content"]').html()); posts.find('[class*="_tabs_list_item_active"]').each(function(idx) { if (idx > 0) { var classes = jQuery(this).attr('class').split(' '), found = false; for (var i=0; i<classes.length; i++) { if (classes[i].indexOf('_tabs_list_item_active') > 0) { classes[i] = ''; found = true; break; } } if (found) jQuery(this).attr('class', classes.join(' ')); } }); posts.find('[class$="_tabs_content"] [class*="_item_active"]').each(function(idx) { if (idx > 0) { var classes = jQuery(this).attr('class').split(' '), found = false; for (var i=0; i<classes.length; i++) { if (classes[i].indexOf('_item_active') > 0) { classes[i] = ''; found = true; break; } } if (found) jQuery(this).attr('class', classes.join(' ')); } }); } else { if (posts.hasClass('masonry_wrap')) { var items = jQuery(rez.data).find('.sc_item_posts_container .masonry_item'); if (items.length > 0) { items.addClass( 'just_loaded_items hidden' ); posts.append( items ); var just_loaded_items = posts.find( '.just_loaded_items' ); trx_addons_when_images_loaded( just_loaded_items, function() { just_loaded_items.removeClass( 'hidden' ); posts.masonry( 'appended', items ).masonry(); } ); setTimeout(function() { just_loaded_items.removeClass( 'just_loaded_items hidden' ); }, 1000); } } else { posts.append(jQuery(rez.data).find('.sc_item_posts_container').html()); } } trx_addons_save_popup_html( posts.find('.sc_layouts_popup') ); $document.trigger( 'action.after_add_content', [posts] ); $document.trigger( 'action.init_hidden_elements', [posts] ); $window.trigger( 'resize' ); link.data('page', Number(link.data('page')) + 1); if (link.data('page') > link.data('max-page')) { pagination_wrap.addClass( 'all_items_loaded' ).fadeOut(); } if ( pagination_wrap.length > 0 ) { var new_params = jQuery(rez.data).find('.sc_item_pagination').data('params'); if ( new_params ) { pagination_wrap.data( 'params', new_params ); } } } else { if ( set_min_height ) { sc.data( 'min-height', sc.css( 'min-height' ) ) .css( 'min-height', sc.height() ); } if ( link_wrap.hasClass('sc_item_filters') ) { link_active.removeClass( 'active' ).parent().removeClass( 'sc_item_filters_tabs_active' ); link.addClass('active').parent().addClass( 'sc_item_filters_tabs_active' ); } else { if ( pagination_wrap.length > 0 ) { pagination_wrap.fadeOut(); } } posts.animate( { opacity: 0 }, 200, function() { var items = jQuery(rez.data).find('.sc_item_posts_container,.sc_item_slider'); if ( items.find('[class*="trx_addons_column-"]').length > 0 ) { if ( ! posts.hasClass( 'trx_addons_columns_wrap' ) ) { posts.addClass( 'trx_addons_columns_wrap' ); } } else { posts.removeClass( 'trx_addons_columns_wrap' ); } if ( items.find('[class*="column-"]').length > 0 ) { if ( ! posts.hasClass( 'columns_wrap' ) ) { posts.addClass( 'columns_wrap' ); } } else { posts.removeClass( 'columns_wrap' ); } $document.trigger('action.before_remove_content', [sc]); trx_addons_replace_posts( posts, items.html() ); trx_addons_replace_pagination( pagination_wrap, jQuery(rez.data).find('.sc_item_pagination'), posts ); $document.trigger( 'action.after_add_content', [sc] ); $document.trigger( 'action.init_hidden_elements', [sc] ); $window.trigger('resize'); setTimeout( function() { posts.animate( { opacity: 1 }, 200, function() { if ( sc.data('min-height') && set_min_height ) { sc.css( 'min-height', sc.data('min-height') ); $window.trigger( 'resize' ); $window.trigger( 'scroll' ); } } ); }, 400 ); } ); } posts.find('.trx_addons_loading').fadeOut( function() { jQuery( this ).remove(); } ); } else { alert(rez.error); posts.find('.trx_addons_loading').remove(); } if (load_more) pagination_wrap.removeClass('loading'); TRX_ADDONS_STORAGE['pagination_busy'] = false; $document.trigger( 'action.got_ajax_response', { action: 'trx_addons_item_pagination', result: rez }); }); } } e.preventDefault(); return false; }); function trx_addons_replace_posts( posts, posts_new ) { if ( posts.hasClass('masonry_wrap') && posts_new.indexOf('masonry_item') > 0 ) { var items = posts.find('.masonry_item'); posts.masonry( 'remove', items ); posts.html( posts_new ); posts.find( '.inited' ).removeClass( 'inited' ); posts.find( '.popup_inited' ).removeClass( 'popup_inited' ); posts.find( '.swiper-initialized').removeClass('swiper-initialized' ); posts.find( '.swiper-container-initialized').removeClass('swiper-container-initialized' ); items = posts.find('.masonry_item'); if (items.length > 0) { posts.masonry( 'appended', items ).masonry(); } } else { posts.html( posts_new ); if ( posts.find('>.slider_container').length > 0 ) { posts.removeClass( 'trx_addons_columns_wrap columns_wrap masonry_wrap masonry_1 masonry_2 masonry_3 masonry_4 masonry_5 masonry_6' ); } else if ( posts.find('>[class*="trx_addons_column-"]').length > 0 ) { posts.toggleClass( 'trx_addons_columns_wrap', true ); } else if ( posts.find('>[class*="column-"]').length > 0 ) { posts.toggleClass( 'columns_wrap', true ); } else if ( posts.find('>[class*="masonry_item-1_"]').length > 0 ) { var masonry_items_class = 'masonry_3'; posts.find('>[class*="masonry_item-1_"]').eq(0).attr('class').split(' ').map( function(el) { if ( el.indexOf('masonry_item-1_') === 0 ) { masonry_items_class = 'masonry_' + el.split('_')[2]; } } ); posts.toggleClass( 'masonry_wrap ' + masonry_items_class, true ).removeClass( 'inited' ); } } trx_addons_save_popup_html( posts.find('.sc_layouts_popup'), true ); } function trx_addons_replace_pagination( pagination_wrap, pagination_new, posts ) { if ( pagination_new.length > 0 ) { pagination_new.addClass( 'trx_addons_invisible' ); if ( pagination_wrap.length > 0 ) { pagination_wrap .after( pagination_new ) .next().removeClass('inited') .end().remove(); } else { posts .after( pagination_new ) .next().removeClass('inited'); } setTimeout( function() { pagination_new.fadeIn().removeClass('trx_addons_invisible'); }, 400 ); } else { if ( pagination_wrap.length > 0 ) { pagination_wrap.remove(); } } } jQuery('.sc_post_details_popup:not(.inited)') .addClass('inited') .on('click', 'a', function(e) { trx_addons_show_post_details(jQuery(this).parents('[data-post_id]'), true); e.preventDefault(); return false; }); if (jQuery('.sc_post_details_popup.inited').length > 0) { jQuery('body:not(.sc_post_details_popup_inited)') .addClass('sc_post_details_popup_inited') .on('click', '#trx_addons_post_details_popup_overlay, .trx_addons_post_details_popup_close', function(e) { jQuery('#trx_addons_post_details_popup').fadeOut(); jQuery('#trx_addons_post_details_popup_overlay').fadeOut(); }) .on('click', '.trx_addons_post_details_popup_prev,.trx_addons_post_details_popup_next', function(e) { var popup = jQuery('#trx_addons_post_details_popup'); var post_item = popup.data('post_item'); if (!post_item || post_item.length === 0) return; var posts_items = post_item.parents('.sc_item_columns,.sc_item_slider').find('[data-post_id]'); var cur_idx = -1; posts_items.each(function(idx) { if (jQuery(this).data('post_id') == post_item.data('post_id')) cur_idx = idx; }); if (cur_idx == -1) return; post_item = jQuery(this).hasClass('trx_addons_post_details_popup_prev') ? (cur_idx > 0 ? posts_items.eq(cur_idx-1) : false) : (cur_idx < posts_items.length-1 ? posts_items.eq(cur_idx+1) : false); if (!post_item || post_item.length === 0) return; popup.fadeOut(); trx_addons_show_post_details(post_item, false); }); } function trx_addons_show_post_details(post_item, show_overlay) { jQuery.post(TRX_ADDONS_STORAGE['ajax_url'], { action: 'trx_addons_post_details_in_popup', nonce: TRX_ADDONS_STORAGE['ajax_nonce'], post_id: post_item.data('post_id'), post_type: post_item.data('post_type') }).done( function( response ) { var rez = trx_addons_parse_ajax_response( response ); var msg = rez.error === '' ? rez.data : rez.error; var popup = jQuery('#trx_addons_post_details_popup'); var overlay = jQuery('#trx_addons_post_details_popup_overlay'); if ( popup.length === 0 ) { jQuery('body').append( '<div id="trx_addons_post_details_popup_overlay"></div>' + '<div id="trx_addons_post_details_popup">' + '<div class="trx_addons_post_details_content"></div>' + '<span class="trx_addons_post_details_popup_close trx_addons_icon-cancel"></span>' + '<span class="trx_addons_post_details_popup_prev trx_addons_icon-left"></span>' + '<span class="trx_addons_post_details_popup_next trx_addons_icon-right"></span>' + '</div>'); popup = jQuery('#trx_addons_post_details_popup'); overlay = jQuery('#trx_addons_post_details_popup_overlay'); } popup.data('post_item', post_item).find('.trx_addons_post_details_content').html(msg); var handle, $head = jQuery( 'head' ); if ( rez.error === '' ) { if ( rez['css'] ) { for ( handle in rez['css'] ) { if ( jQuery( '#' + handle + '-css' ).length === 0 ) { if ( rez['css'][handle].hasOwnProperty( 'url' ) ) { $head.append( '<link id="' + handle + '-css"' + ' type="text/css"' + ' property="stylesheet"' + ' rel="stylesheet"' + ' href="' + rez['css'][handle]['url'] + '"' + ' media="all">' ); } else if ( rez['css'][handle].hasOwnProperty( 'code' ) ) { $head.append( '<style id="' + handle + '-css" media="all">' + rez['css'][handle]['code'] + '</style>' ); } } } } if ( rez['js'] ) { for ( handle in rez['js'] ) { if ( jQuery( '#' + handle + '-js' ).length === 0 ) { if ( rez['js'][handle].hasOwnProperty( 'url' ) ) { $body.append( '<script id="' + handle + '-js"' + ' type="text/javascript"' + ' src="' + rez['js'][handle]['url'] + '"' + '>\x3c/script\x3e' ); } else if ( rez['js'][handle].hasOwnProperty( 'code' ) ) { $body.append( '<script id="' + handle + '-js" type="text/javascript">' + rez['js'][handle]['code'] + '\x3c/script\x3e' ); } } } } } if (show_overlay) overlay.fadeIn(); popup.fadeIn( function() { if ( Event ) { document.dispatchEvent( new Event( 'DOMContentLoaded' ) ); } $document.trigger( 'action.init_hidden_elements', [popup] ); } ); $document.trigger( 'action.got_ajax_response', { action: 'trx_addons_post_details_in_popup', result: rez }); }); } jQuery('.sc_blogger_panel .sc_blogger_item:not(.switch_panel_inited),.sc_services_panel .sc_services_item:not(.switch_panel_inited)') .addClass('switch_panel_inited') .on('mouseenter', function() { var $self = jQuery(this), num = $self.data('item-number'), $posts = $self.parents('.sc_item_posts_container'), $old_panel = $posts.find('.sc_panel_thumb_active').removeClass('sc_panel_thumb_active'), $new_panel = $posts.find('.sc_panel_thumb[data-thumb-number="' + num + '"]').addClass('sc_panel_thumb_active'); $document.trigger( 'action.init_hidden_elements', [$new_panel] ); }); jQuery('.sc_cover:not(.inited)').each( function() { var $self = jQuery(this).addClass('inited'); if ( $self.parents('.elementor-editor-active').length ) { return; } var $wrap = $self.parent().hasClass('elementor-widget-container') ? $self.parents('.elementor-widget').eq(0) : $self, wrap_z = $wrap.hasClass('elementor-widget') && $wrap.css('z-index') > 0 ? $wrap.css('z-index') : '', place = $self.data('place'), $placeholder = false; if ( wrap_z > 0 ) { $self.css( 'z-index', wrap_z ); } if ( place == 'p1' ) { if ( ! $wrap.hasClass('sc_cover') ) { $placeholder = $wrap.parent(); } } else if ( place == 'p2' ) { $placeholder = $wrap.parent().parent(); } else if ( place == 'p3' ) { $placeholder = $wrap.parent().parent().parent(); } else if ( place == 'row' ) { $placeholder = $wrap.parents( trx_addons_apply_filters( 'trx_addons_filter_section_selectors', '.wp-block-columns,.elementor-section,.e-parent' ) ).eq(0); } else if ( place == 'column' ) { $placeholder = $wrap.parents( trx_addons_apply_filters( 'trx_addons_filter_column_selectors', '.wp-block-column,.elementor-column,.e-child' ) ).eq(0); } if ( $placeholder && $placeholder.length ) { if ( $placeholder.css('position') == 'static' ) { $placeholder.addClass('sc_cover_link_wrap'); } $self.prependTo( $placeholder.addClass('sc_cover_link_present') ); } else { $placeholder = $wrap.parent().addClass('sc_cover_link_present'); if ( $placeholder.css('position') == 'static' ) { $placeholder.addClass('sc_cover_link_wrap'); } } } ); }); $document.on( 'action.resize_trx_addons', function() { if ( $infinite_posts.length > 0 ) { $infinite_posts.each( function(idx) { var $self = $infinite_posts.eq(idx); $self.data( { 'offset-top': $self.offset().top, 'height': $self.height() } ); }); } } ); $document.on( 'action.scroll_trx_addons', function(e) { if ( TRX_ADDONS_STORAGE['pagebuilder_preview_mode'] || $pagination_infinite.length === 0 ) { return; } var done = false; $pagination_infinite.each( function(idx) { if ( done ) return; var $self = $pagination_infinite.eq(idx); if ( $self.hasClass('all_items_loaded') ) return; var posts = $infinite_posts.eq(idx); if ( posts.data('offset-top') + posts.data('height') < trx_addons_window_scroll_top() + trx_addons_window_height() * 1.5) { $self.find( 'a' ).trigger( 'click' ); done = true; } } ); }); $document.on('action.scroll_trx_addons', function() { if ( $typed_entry.length === 0 ) { return; } var wt = trx_addons_window_scroll_top(), wh = trx_addons_window_height(); $typed_entry.each(function(idx) { var obj = $typed_entry.eq(idx); if ( obj.hasClass('sc_typed_inited') ) return; var ot = obj.offset().top, oh = obj.height(); if ( wt <= ot + oh && wt + wh >= ot + oh ) { obj.addClass('sc_typed_inited').typed( trx_addons_apply_filters( 'trx_addons_filter_typed_options', { contentType: "html", strings: obj.data('strings'), loop: obj.data('loop') == 1, showCursor: obj.data('cursor') == 1, cursorChar: obj.data('cursor-char') != undefined ? obj.data('cursor-char') : '|', typeSpeed: obj.data('speed') > 0 ? (11 - Math.max(1, Math.min(10, obj.data('speed')))) * 10 : 50, backDelay: obj.data('delay') > 0 ? Math.max(0, Math.min(10, obj.data('delay'))) * 1000 : 1000 } ) ); } }); }); $document.on('action.resize_trx_addons', function (e, container) { if ( $equal_height.length === 0 ) { return; } $equal_height.each( function () { var eh_wrap = jQuery(this); var eh_items_selector = eh_wrap.data('equal-height'); if (eh_items_selector === undefined) { eh_items_selector = '>*'; } var max_h = 0; var items = []; var row_y = 0; var i = 0; eh_wrap.find(eh_items_selector).each(function() { var el = jQuery(this); el.css('visibility', 'hidden').height('auto'); var el_height = el.height(); var el_offset = el.offset().top; if (row_y === 0) row_y = el_offset; if (row_y < el_offset) { if (items.length > 0) { if (max_h > 0) { for (i = 0; i < items.length; i++) items[i].css('visibility', 'visible').height(max_h); } items = []; max_h = 0; } row_y = el_offset; } if (el_height > max_h) max_h = el_height; items.push(el); }); if (items.length > 0) { for (i = 0; i < items.length; i++) { items[i].css('visibility', 'visible'); if (max_h > 0) items[i].height(max_h); } } } ); } ); } ); (function() { "use strict"; var trx_addons_once_resize = false; var $window = jQuery( window ), $document = jQuery( document ), $body = jQuery( 'body' ), $scheme_watchers = jQuery('.watch_scheme'); var $animated_items, $scheme_sections, $stack_sections; var is_edit_mode = $body.hasClass( 'elementor-editor-active' ); $document.on( 'action.got_ajax_response', update_jquery_links ); $document.on( 'action.init_hidden_elements', update_jquery_links ); var first_run = true; function update_jquery_links(e) { if ( first_run && e && e.namespace == 'init_hidden_elements' ) { first_run = false; return; } $animated_items = jQuery('.animated-item'); $scheme_sections = jQuery('[class*="scheme_"]:visible'); $stack_sections = jQuery('.sc_stack_section_effect_slide:not(.elementor-element-edit-mode)'); } update_jquery_links(); if ( typeof TRX_ADDONS_STORAGE != 'undefined' && TRX_ADDONS_STORAGE['popup_engine'] != 'none' ) { $document.on( 'action.init_hidden_elements', function(e, cont) { cont.find('a.esgbox').attr('data-elementor-open-lightbox', 'no'); if ( trx_addons_apply_filters( 'trx_addons_filter_disable_elementor_lightbox', true ) ) { cont.find( trx_addons_apply_filters( 'trx_addons_filter_disable_elementor_lightbox_selector', 'a[href$=".jpg"]:not([data-elementor-open-lightbox="yes"]):not([data-elementor-lightbox-slideshow]),' + 'a[href$=".jpeg"]:not([data-elementor-open-lightbox="yes"]):not([data-elementor-lightbox-slideshow]),' + 'a[href$=".png"]:not([data-elementor-open-lightbox="yes"]):not([data-elementor-lightbox-slideshow]),' + 'a[href$=".gif"]:not([data-elementor-open-lightbox="yes"]):not([data-elementor-lightbox-slideshow])' ) ) .attr('data-elementor-open-lightbox', 'no'); } } ); } $window.on( 'elementor/frontend/init', function() { if ( typeof window.elementorFrontend !== 'undefined' && typeof window.elementorFrontend.hooks !== 'undefined' ) { is_edit_mode = elementorFrontend.isEditMode(); if ( is_edit_mode ) { var init_hidden_elements_immediately = false, init_hidden_elements_throttled = trx_addons_throttle( function() { init_hidden_elements_immediately = true; init_hidden_elements( $body ); }, 2500, true ), init_hidden_elements = function($cont) { if ( $body.hasClass('cpt_layouts-template') || $body.hasClass('cpt_layouts-template-default') || $body.hasClass('single-cpt_layouts') || $body.hasClass('single-elementor_library') ) { $body.find('.elementor-element.elementor-widget').addClass('sc_layouts_item'); } jQuery('#toc_menu').remove(); $document.trigger( 'action.init_hidden_elements', [$cont] ); if ( $cont.parents('.elementor-section-stretched').length > 0 && ! trx_addons_once_resize ) { trx_addons_once_resize = true; $document.trigger( 'action.resize_trx_addons', [$cont.parents('.elementor-section-stretched')] ); } else { $document.trigger( 'action.resize_trx_addons', [$cont] ); } trx_addons_elementor_prepare_animate_items(); }; elementorFrontend.hooks.addAction( 'frontend/element_ready/global', function( $cont ) { if ( init_hidden_elements_immediately ) { init_hidden_elements( $cont ); } else { init_hidden_elements_throttled(); } } ); elementorFrontend.hooks.addAction( 'frontend/element_ready/global', function( $cont ) { if ( $cont.data('widget_type') && $cont.data('widget_type').indexOf( 'nested-tabs' ) === 0 ) { trx_addons_elementor_add_subtitle_to_nested_tabs( $cont ); } } ); elementorFrontend.hooks.addFilter( 'frontend/handlers/menu_anchor/scroll_top_distance', function( scrollTop ) { return scrollTop - trx_addons_fixed_rows_height(); } ); if ( $body.hasClass('cpt_layouts-template') || $body.hasClass('cpt_layouts-template-default') || $body.hasClass('single-cpt_layouts') ) { jQuery('.elementor-element.elementor-widget').addClass('sc_layouts_item'); } jQuery('.trx_addons_layout_editor_mask').each( function() { var $cont = jQuery( this ).parent(); if ( $cont.css( 'position' ) == 'static' ) { $cont.css( 'position', 'relative' ); } } ); jQuery( '.trx_addons_layout_editor_link:not(.inited)' ) .addClass('inited') .on( 'click', function(e) { e.stopImmediatePropagation(); return true; } ); jQuery( '.trx_addons_layout_editor_selector_trigger:not(.inited)' ) .addClass('inited') .on( 'click', function(e) { jQuery(this).next().slideToggle(); jQuery(this).parent().toggleClass('trx_addons_layout_editor_selector_opened'); e.preventDefault(); return false; } ); jQuery( '.trx_addons_layout_editor_selector_list_item:not(.inited)' ) .addClass('inited') .on( 'click', function(e) { var $self = jQuery(this), layout_id = $self.data('layout-id'), layout_type = $self.data('layout-type'), layout_url = $self.data('layout-url'), layout_title = $self.text(), post_id = $self.data('post-id'); $self.parent().prevAll('.trx_addons_layout_editor_selector_trigger').eq(0).trigger('click'); var link = $self.parent().prevAll('.trx_addons_layout_editor_link').eq(0), text = link.text(); link .attr('href', layout_url) .text( text.replace( /"[^"]*"/, '"' + layout_title + '"' ) ); if ( layout_id && layout_type && post_id && elementor ) { var settings = elementor.settings, model = settings.page.model, theme_slug = TRX_ADDONS_STORAGE['theme_slug']; var override_name = theme_slug + '_options_override_' + layout_type + '_type', field_name = theme_slug + '_options_field_' + layout_type + '_type'; if ( model.attributes.hasOwnProperty(override_name) ) { model.set(override_name, '1'); } if ( model.attributes.hasOwnProperty(field_name) ) { model.set(field_name, 'custom'); } var override_name2 = theme_slug + '_options_override_' + layout_type + '_style', field_name2 = theme_slug + '_options_field_' + layout_type + '_style'; if ( model.attributes.hasOwnProperty( override_name2 ) ) { model.set( override_name2, '1' ); } if ( model.attributes.hasOwnProperty( field_name2 ) ) { model.set( field_name2, layout_type + '-custom-' + layout_id ); } var sec_number = layout_type == 'sidebar' ? 1 : ( layout_type == 'header' ? 3 : 4 ); elementor .getPanelView() .setPage('page_settings') .activateTab('advanced') .activateSection('section_theme_options_' + sec_number) ._renderChildren(); elementor.panel.$el.find('input[data-setting="'+override_name+'"]').trigger('change'); elementor.panel.$el.find('select[data-setting="'+field_name+'"]').trigger('input'); elementor.panel.$el.find('input[data-setting="'+override_name2+'"]').trigger('change'); elementor.panel.$el.find('select[data-setting="'+field_name2+'"]').trigger('input'); } e.preventDefault(); return false; } ); } else { if ( typeof elementorFrontend.config !== 'undefined' && typeof elementorFrontend.config.settings !== 'undefined' && typeof elementorFrontend.config.settings.general === 'undefined' ) { elementorFrontend.config.settings.general = { 'elementor_stretched_section_container': TRX_ADDONS_STORAGE['elementor_stretched_section_container'] }; } setTimeout( function() { trx_addons_once_resize = true; $document.trigger('action.resize_trx_addons'); }, 2 ); trx_addons_elementor_prepare_animate_items(); } } }); if ( $scheme_watchers.length > 0 ) { $document.on('action.scroll_trx_addons', function() { $scheme_watchers.each( function(idx) { var item = $scheme_watchers.eq(idx), item_dom = item.get(0), scheme_present = false, item_offset, item_cx, item_cy; if ( typeof item_dom.getBoundingClientRect == 'function' ) { item_offset = item_dom.getBoundingClientRect(); item_cx = $window.scrollLeft() + item_offset.left + item_offset.width / 2; item_cy = $window.scrollTop() + item_offset.top + item_offset.height / 2; } else { item_offset = item.offset(); item_cx = item_offset.left + item.width() / 2; item_cy = item_offset.top + item.height() / 2; } $scheme_sections.each( function(idx2) { var section = $scheme_sections.eq(idx2), section_offset = section.offset(), section_left = section_offset.left, section_top = section_offset.top; if ( section_left < item_cx && section_left + section.outerWidth() > item_cx && section_top < item_cy && section_top + section.outerHeight() > item_cy ) { var scheme = trx_addons_get_class_by_prefix( section.attr('class'), 'scheme_' ); if ( ! item.hasClass(scheme) ) { item.attr( 'class', trx_addons_chg_class_by_prefix( item.attr( 'class'), 'scheme_', scheme ) ); } scheme_present = true; } } ); if ( ! scheme_present ) { item.attr( 'class', trx_addons_chg_class_by_prefix( item.attr( 'class'), 'scheme_', '' ) ); } } ); } ); } if ( $body.hasClass( 'fixed_blocks_sticky' ) ) { var $sections_wrap = false; $document.on('action.resize_trx_addons', function() { if ( $stack_sections.length === 0 ) return; if ( $sections_wrap === false ) { $sections_wrap = $stack_sections.eq(0).parents('.elementor-section-wrap,.e-con-inner').eq(0); if ( $sections_wrap.length === 0 ) { $sections_wrap = $stack_sections.eq(0).parents('.elementor').eq(0); } } if ( $sections_wrap.length ) { var left = $sections_wrap.offset().left; if ( typeof TRX_ADDONS_STORAGE['elementor_stretched_section_container'] != 'undefined' ) { var $page_wrap = jQuery( TRX_ADDONS_STORAGE['elementor_stretched_section_container'] ).eq(0); if ( $page_wrap.length > 0 ) { left -= $page_wrap.offset().left; } } $stack_sections.each(function() { var $self = jQuery(this); if ( $self.hasClass( 'elementor-section-stretched' ) ) { var options = { 'left': 'unset', }; if ( $self.hasClass( 'sc_stack_section_zoom_on' ) ) { options['marginLeft'] = (-1) * left + 'px'; } else { options['transform'] = 'translateX(' + (-1) * left + 'px)'; } $self.css( options ); } } ); } } ); } $document.on( 'action.init_hidden_elements', function(e, cont) { var tabs = cont.hasClass( 'elementor-widget-tabs' ) ? cont : jQuery( '.elementor-widget-tabs' ); if ( tabs.hasClass('sc_tabs_open_on_hover_on') && ! tabs.hasClass('sc_tabs_open_on_hover_inited') ) { tabs .addClass( 'sc_tabs_open_on_hover_inited' ) .on( 'mouseenter', '.elementor-tab-title:not(.elementor-active)', function(e) { jQuery(this).trigger('click'); } ); } } ); $document.on( 'action.init_hidden_elements', function(e, cont) { var tabs = cont.hasClass( 'elementor-widget-tabs' ) ? cont : jQuery( '.elementor-widget-tabs' ); if ( ! tabs.hasClass('sc_tabs_hidden_inited') ) { tabs .addClass( 'sc_tabs_hidden_inited' ) .on( 'touchstart mousedown', '.elementor-tab-title:not(.elementor-active)', function(e) { var $active = jQuery(this).siblings('.elementor-active'); if ( $active.length ) { var $tab_content = tabs.find( '.elementor-tab-content[data-tab="' + $active.data('tab') + '"]' ); if ( $tab_content.length ) { $document.trigger( 'action.deactivate_tab', [$tab_content] ); } } } ) .on( 'click', '.elementor-tab-title', function(e) { var $self = jQuery(this); var $tab_content = tabs.find( '.elementor-tab-content[data-tab="' + $self.data('tab') + '"]' ); setTimeout( function() { $document.trigger( 'action.activate_tab', [$tab_content] ); $document.trigger( 'action.init_hidden_elements', [$tab_content] ); $document.trigger( 'action.resize_trx_addons' ); }, $tab_content.height() > 50 ? 0 : 600 ); } ); } } ); $document.on( 'action.activate_tab', function(e, cont) { cont.find('.elementor-widget-image-carousel .swiper-container, .elementor-background-slideshow.swiper-container').each( function() { var swiper = jQuery(this).data('swiper'); if ( swiper ) { swiper.update(); } } ); } ); function trx_addons_elementor_add_subtitle_to_nested_tabs( $cont ) { var settings = trx_addons_elementor_get_settings_by_cid( $cont.data('model-cid'), ['tabs', 'icon_position'] ); if ( settings.tabs && settings.tabs ) { var icon_placement = [ 'block-start', 'block-end', 'top', 'bottom' ].indexOf( settings.icon_position ) >= 0 ? 'inside' : ( settings.tabs_icon_placement || 'inside' ), title_tag = settings.tabs_title_html_tag || 'span', subtitle_tag = icon_placement == 'inside' ? settings.tabs_subtitle_html_tag || 'span' : 'span'; for (var i = 0; i < settings.tabs.length; i++) { var tab = settings.tabs[i]; if ( tab ) { var $tab = $cont.find('.e-n-tab-title[data-tab-index="' + ( i + 1 ) + '"]'); if ( $tab.length ) { var $newTab = jQuery( '<div></div>', { html: $tab.html(), } ); jQuery.each( $tab.get(0).attributes, function() { $newTab.attr( this.name, this.value ); } ); $tab.replaceWith( $newTab ); $tab = $cont.find('.e-n-tab-title[data-tab-index="' + ( i + 1 ) + '"]'); var $text = $tab.find( '.e-n-tab-title-text' ); if ( title_tag != 'span' ) { var $newText = jQuery( '<' + title_tag + '></' + title_tag + '>', { html: $text.html() } ); jQuery.each( $text.get(0).attributes, function() { $newText.attr( this.name, this.value ); } ); $text.replaceWith( $newText ); $text = $tab.find( '.e-n-tab-title-text' ); } if ( tab.tab_subtitle ) { $tab .toggleClass( 'e-n-tab-title-with-subtitle', true ) .toggleClass( 'e-n-tab-title-icon-placement-inside', icon_placement == 'inside' ) .toggleClass( 'e-n-tab-title-icon-placement-outside', icon_placement == 'outside' ); if ( icon_placement == 'outside' ) { $tab.find( '>.e-n-tab-subtitle' ).remove(); if ( $text.find( '.e-n-tab-title-text-inner' ).length === 0 ) { $text.html( '<span class="e-n-tab-title-text-inner">' + $text.html() + '</span>' ); } var $subtitle = $text.find( '.e-n-tab-subtitle' ); if ( $subtitle.length === 0 ) { $text.append( '<' + subtitle_tag + ' class="e-n-tab-subtitle">' + tab.tab_subtitle + '</' + subtitle_tag + '>' ); } else { $subtitle.html( tab.tab_subtitle ); } } else { $text.find( '.e-n-tab-subtitle' ).remove(); $text.find( '.e-n-tab-title-text-inner' ).contents().unwrap(); var $subtitle = $tab.find( '>.e-n-tab-subtitle' ); if ( $subtitle.length === 0 ) { $tab.append( '<' + subtitle_tag + ' class="e-n-tab-subtitle">' + tab.tab_subtitle + '</' + subtitle_tag + '>' ); } else { $subtitle.html( tab.tab_subtitle ); } } } else { $tab .removeClass( 'e-n-tab-title-with-subtitle e-n-tab-title-icon-placement-inside e-n-tab-title-icon-placement-outside' ) .find( '.e-n-tab-subtitle' ).remove() .end() .find( '.e-n-tab-title-text-inner' ).contents().unwrap(); } } } } } } $document.on( 'action.prepare_popup_elements', function(e, cont, mfp) { var max_delay = 0, items = cont.find('.animated-item,' + '.animated[class*="animation_type_"],' + '[data-settings*="animation"][class*="animation_type_"]' ); items.each( function(idx) { var $self = jQuery(this), block = $self.hasClass('animation_type_block') || $self.hasClass( 'animated-separate' ), sc = block ? $self : $self.parents( '.animated-separate' ), params = sc.data( 'animation-settings' ) || sc.data( 'settings' ), delay = trx_addons_elementor_animate_items_delay(params, sc, $self, idx, items.length), animation = trx_addons_elementor_animate_items_animation(params); if ( delay > max_delay ) { max_delay = delay; } $self .addClass( 'elementor-invisible trx_addons_invisible' ) .removeClass( 'animated ' + animation + ' ' + trx_addons_elementor_animate_items_animation_revert_name( animation ) ); if ( block || ! mfp ) { trx_addons_elementor_animate_item($self, idx, items.length, false); } } ); cont.data( { 'animation-delay': max_delay } ); if ( mfp && mfp.st ) { mfp.st.removalDelay = max_delay + 300; } } ); $document.on( 'action.close_popup_elements', function(e, cont) { var max_delay = cont.data('animation-delay') || 0, items = cont.find('.animated-item,.animated[class*="animation_type_"]'); items.each( function(idx) { var $self = jQuery(this), block = $self.hasClass('animation_type_block'), sc = block ? $self : $self.parents( '.animated-separate' ), params = sc.data( block ? 'settings' : 'animation-settings' ); if ( ! params ) { return; } var reverted = sc.data( 'animation-reverted' ), animation = reverted ? reverted : trx_addons_elementor_animate_items_animation(params); $self.removeClass('animated ' + animation); if ( ! reverted ) { var revert_params = trx_addons_elementor_animate_items_animation_revert_params( sc, params, max_delay ); sc .data( block ? 'settings' : 'animation-settings', revert_params ) .data( 'animation-reverted', animation ); setTimeout( function() { sc .data( block ? 'settings' : 'animation-settings', params ) .data( 'animation-reverted', '' ); }, max_delay ); } trx_addons_elementor_animate_item($self, idx, items.length, false); } ); } ); function trx_addons_elementor_prepare_animations_for_toggle_sections() { jQuery( '.sc_section_toggle_on:not(.sc_section_toggle_inited)' ).each( function() { var sc = jQuery(this).addClass('sc_section_toggle_inited'), sc_cont = sc.find( '>.elementor-container,>.e-con-inner' ), cid = sc.data('model-cid'), params = cid ? trx_addons_elementor_get_settings_by_cid( cid, ['_animation','animation'] ) : sc.data('settings'), type = trx_addons_get_class_by_prefix( sc.attr('class'), 'animation_type_' ).replace( 'animation_type_', '' ), item_params = {}, item_speed = '', item_duration = 500; var save_height = function() { if ( sc.hasClass( 'sc_section_toggle_state_show' ) ) { sc_cont.data( 'height', sc_cont.outerHeight() ); } }; $document.on( 'action.resize_trx_addons', save_height ); if ( sc.hasClass( 'animated-slow' ) ) { item_speed = 'animated-slow'; item_duration = 1000; } else if ( sc.hasClass( 'animated-fast' ) ) { item_speed = 'animated-fast'; item_duration = 300; } if ( params ) { for (var i in params) { if (i.slice(0, 10) == '_animation' || i.slice(0, 9) == 'animation') { item_params[i] = params[i]; delete params[i]; } } sc.removeClass('animated animation_type_' + type + ' ' + trx_addons_elementor_animate_items_animation( item_params ) + ( item_speed ? ' ' + item_speed : '' ) + ( ! sc.hasClass( 'elementor-element-edit-mode' ) ? ' elementor-invisible trx_addons_invisible' : '' ) ); if ( ! cid ) { sc .attr('data-settings', JSON.stringify(params)) .data('settings', params); } sc_cont .addClass( 'animation_type_' + type + ' ' + item_speed + ( ! sc.hasClass( 'elementor-element-edit-mode' ) ? ' elementor-invisible trx_addons_invisible' : '' ) ) .attr( 'data-settings', JSON.stringify( item_params ) ); } else { item_speed = ''; item_duration = 0; } var id = sc.attr( 'id' ); if ( id ) { var $link = jQuery( 'a[href="#' + id + '"]' ); if ( $link.length ) { $link .addClass( 'sc_section_toggle_state_' + ( sc.hasClass( 'sc_section_toggle_state_show' ) ? 'show' : 'hide' ) ) .on( 'click', function(e) { e.preventDefault(); e.stopImmediatePropagation(); var state = sc.hasClass( 'sc_section_toggle_state_show' ) ? 'show' : 'hide', action = state == 'show' ? 'hide' : 'show', max_delay = 0, easing = typeof jQuery.easing['easeOutSine'] != 'undefined' ? 'easeOutSine' : 'linear'; jQuery( this ) .removeClass( 'sc_section_toggle_state_' + state ) .addClass( 'sc_section_toggle_state_' + action ); if ( action == 'show' ) { var h = sc_cont.data( 'height' ) || trx_addons_window_height() * 0.4; sc .addClass( 'sc_section_toggle_animated_show' ) .animate( { height: h + 'px' }, 500, easing , function() { sc .css( { 'overflow': 'hidden' } ) .removeClass( 'sc_section_toggle_animated_show sc_section_toggle_state_' + state ) .addClass( 'sc_section_toggle_state_' + action ); $document.trigger( 'action.prepare_popup_elements', [sc] ); $document.trigger( 'action.init_hidden_elements', [sc] ); trx_addons_elementor_animate_items_scroll(); max_delay = ( sc.data('animation-delay') || 0 ) + item_duration; setTimeout( function() { sc.css( { 'height': 'auto', 'overflow': 'unset' } ); }, max_delay ); } ); } else { max_delay = ( sc.data('animation-delay') || 0 ) + item_duration; sc .addClass( 'sc_section_toggle_animated_hide' ) .css( { 'overflow': 'hidden' } ); $document.trigger( 'action.close_popup_elements', [sc] ); setTimeout( function() { sc .animate( {'height': 0 }, 500, easing, function() { sc .removeClass( 'sc_section_toggle_animated_hide sc_section_toggle_state_' + state ) .addClass( 'sc_section_toggle_state_' + action ); } ); }, max_delay ); } return false; } ); if ( sc.hasClass( 'sc_section_toggle_close_on' ) ) { sc.append( '<div class="sc_section_toggle_close_button trx_addons_button_close"><span class="trx_addons_button_close_icon"></span></div>' ); sc.find( '>.sc_section_toggle_close_button').on( 'click', function() { $link.trigger( 'click' ); } ); } } } } ); } $document.on( 'action.init_hidden_elements', function(e, cont) { trx_addons_elementor_prepare_animate_items(); } ); $document.on( 'action.slider_init', function(e, slider, id) { if ( slider.hasClass( 'slider_wait_for_init' ) ) { slider.removeClass( 'slider_wait_for_init' ); trx_addons_elementor_prepare_animate_items(); } } ); window.trx_addons_elementor_prepare_animate_items = function( force, $el ) { if ( ! force ) { trx_addons_elementor_prepare_animations_for_toggle_sections(); } var $check_items = force && $el && $el.length ? $el : jQuery('[class*="animation_type_"]:not(.animation_type_block)' + ( ! force ? ':not(.animated-separate)' : '' ) ); $check_items.each( function() { var sc = jQuery(this), is_section = sc.hasClass( 'elementor-section' ) || sc.hasClass( 'elementor-container' ) || sc.hasClass( 'elementor-row' ), section = sc.hasClass( 'elementor-section' ) ? sc : ( sc.hasClass( 'elementor-container' ) || sc.hasClass( 'elementor-row' ) ? sc.parents('.elementor-section') : false ), is_container = sc.hasClass( 'e-con' ) || sc.hasClass( 'e-con-inner' ), container = sc.hasClass( 'e-con' ) ? sc : ( sc.hasClass( 'e-con-inner' ) ? sc.parent() : false ), sc_name = sc.data('widget_type'); if ( sc_name ) { sc_name = sc_name.split('.'); sc_name = '.' + sc_name[0].replace('trx_', '') + '_item'; if ( sc.find( sc_name ).length === 0 ) { sc_name = '.post_item'; if ( sc.find( sc_name ).length === 0 ) { sc_name = '[class*="_column-"]'; } } } else { sc_name = is_container && sc.find('>.e-con-inner>.e-con,>.e-con-inner>.elementor-element,>.e-con').length > 1 ? '>.e-con-inner>.e-con,>.e-con-inner>.elementor-element,>.e-con' : ( is_section && sc.find('>.elementor-container>.elementor-row>.elementor-column,>.elementor-container>.elementor-column,>.elementor-row>.elementor-column,>.elementor-column').length > 1 ? '>.elementor-container>.elementor-row>.elementor-column,>.elementor-container>.elementor-column,>.elementor-row>.elementor-column,>.elementor-column' : '[class*="_column-"]' ); } if ( ( ! is_section || sc_name.indexOf( '.elementor-column' ) < 0 ) && ( ! is_container || sc_name.indexOf( '.e-con' ) < 0) ) { sc_name += sc_name && TRX_ADDONS_STORAGE['elementor_animate_items'] ? ',' + TRX_ADDONS_STORAGE['elementor_animate_items'] : ''; } var items = sc.find( sc_name ); if ( items.length && items.eq(0).parent().hasClass( 'swiper-wrapper' ) && ! items.eq(0).parent().parent().hasClass( 'swiper-initialized' ) && ! items.eq(0).parent().parent().hasClass( 'swiper-container-initialized' ) ) { items.eq(0).parent().parent().addClass( 'slider_wait_for_init' ); return; } if ( items.length === 0 ) { sc.addClass( 'animation_type_block' ); return; } var animation_type = trx_addons_get_class_by_prefix( sc.attr('class'), 'animation_type_' ).replace( 'animation_type_', '' ); var cid = sc.data('model-cid'), params = cid ? trx_addons_elementor_get_settings_by_cid( cid, ['_animation','animation'] ) : sc.data('settings'), item_params = {}, item_speed = sc.hasClass( 'animated-slow' ) ? 'animated-slow' : ( sc.hasClass( 'animated-fast' ) ? 'animated-fast' : '' ); if ( ! params ) { return; } for (var i in params) { if ( i.slice(0, 10) == '_animation' || i.slice(0, 9) == 'animation' ) { item_params[ ( i.slice(0, 9) == 'animation' ? '_' : '' ) + i ] = typeof params[i] == 'object' ? params[i]['size'] : params[i]; delete params[i]; } } sc.removeClass('elementor-invisible trx_addons_invisible animated ' + trx_addons_elementor_animate_items_animation( item_params ) + ( sc.data('last-animation') ? ' ' + sc.data('last-animation') : '' ) + ( item_speed ? ' ' + item_speed : '' ) ) .addClass('animated-separate') .data( 'last-animation', trx_addons_elementor_animate_items_animation( item_params ) ); if ( ! cid ) { sc .attr( 'data-settings', JSON.stringify( params ) ) .data( 'settings', params ); } else { var delay = item_params['_animation_delay'] || item_params['animation_delay'] || 0; setTimeout( function() { sc.removeClass( 'animated animated-slow animated-fast ' + trx_addons_elementor_animate_items_animation( item_params ) ); var items = sc.find( '.animated-item' ); if ( items.length ) { items .removeClass( 'animated animated-slow animated-fast ' + trx_addons_elementor_animate_items_animation( item_params ) ) .addClass( 'elementor-invisible trx_addons_invisible' ); } if ( force || items.length ) { trx_addons_elementor_animate_items_scroll( force || items.length ); } }, delay ? delay + 10 : 0 ); } sc .attr( 'data-animation-settings', JSON.stringify( item_params ) ) .data( 'animation-settings', item_params ); items.each( function(idx) { var item = jQuery(this), allowed = trx_addons_elementor_text_animation_allowed( item ); if ( [ 'sequental', 'random' ].indexOf( animation_type ) >= 0 && allowed.indexOf( animation_type ) < 0 ) { animation_type = 'word'; } if ( ['line', 'word', 'char'].indexOf( animation_type ) >= 0 && allowed.indexOf( animation_type ) >= 0 ) { if ( allowed.indexOf( 'sequental' ) >= 0 && allowed.indexOf( 'word' ) >= 0 ) { item = item.parent(); if ( item.length === 0 ) { return; } } if ( item.data( 'animation-prepared' ) === undefined ) { var html = item.html(); if ( animation_type == 'word' || animation_type == 'line' ) { html = trx_addons_wrap_words( html, '<span class="sc_item_animated_block elementor-invisible trx_addons_invisible animated-item' + ( item_speed ? ' ' + item_speed : '' ) + '">', '</span>' ); } else { html = trx_addons_wrap_chars( html, '<span class="sc_item_animated_block elementor-invisible trx_addons_invisible animated-item' + ( item_speed ? ' ' + item_speed : '' ) + '">', '</span>', '<span class="sc_item_word">', '</span>', ); } item.html( trx_addons_apply_filters( 'trx_addons_filter_animation_wrap_items', html ) ).data( 'animation-prepared', true ); if ( animation_type == 'line' ) { trx_addons_elementor_animate_items_recalc_lines(sc); } } } else { if ( item_speed ) { item.addClass( item_speed ); } item.addClass( 'animated-item' + ( ( ! section || ! section.hasClass( 'elementor-element-edit-mode' ) ) && ( ! container || ! container.hasClass( 'elementor-element-edit-mode' ) ) ? ' elementor-invisible trx_addons_invisible' : '' ) ) .attr( 'data-animation-index', idx ); } if ( item.data( 'animation' ) !== undefined ) { item.removeAttr( 'data-animation' ); } } ); } ); $animated_items = force && $el && $el.length ? $el.find('.animated-item') : jQuery('.animated-item'); if ( force && ! is_edit_mode ) { trx_addons_elementor_animate_items_scroll( force ); } }; function trx_addons_elementor_text_animation_allowed( $item ) { var allowed = ''; if ( TRX_ADDONS_STORAGE['elementor_animate_as_text'] ) { for ( var i in TRX_ADDONS_STORAGE['elementor_animate_as_text'] ) { if ( $item.hasClass( i ) ) { allowed = TRX_ADDONS_STORAGE['elementor_animate_as_text'][i]; break; } } } return allowed; } window.trx_addons_elementor_get_settings_by_cid = function( cid, keys ) { if ( typeof elementorFrontend != 'undefined' ) { var settings = elementorFrontend.config.elements.data[cid].attributes; if ( keys ) { var params = {}; for ( var s in settings ) { for ( var i = 0; i < keys.length; i++ ) { if ( s.indexOf( keys[i] ) === 0 ) { if ( typeof settings[s] == 'object' && settings[s].hasOwnProperty('models') ) { var tmp = []; for ( var m = 0; m < settings[s]['models'].length; m++ ) { tmp.push( settings[s]['models'][m]['attributes'] ); } params[s] = tmp; } else { params[s] = settings[s]; } break; } } } return params; } return settings; } return false; }; window.trx_addons_elementor_get_settings = function( $element, keys ) { var elementSettings = {}, modelCID = $element.data('model-cid'); if ( is_edit_mode && modelCID ) { var settings = elementorFrontend.config.elements.data[modelCID], settingsKeys = elementorFrontend.config.elements.keys[settings.attributes.widgetType || settings.attributes.elType]; jQuery.each( settings.getActiveControls(), function( controlKey ) { var allowed = settingsKeys.indexOf( controlKey ) !== -1; if ( allowed && keys ) { allowed = false; for ( var i = 0; i < keys.length; i++ ) { if ( controlKey.indexOf( keys[i] ) === 0 ) { allowed = true; break; } } } if ( allowed ) { if ( typeof settings.attributes[ controlKey ] == 'object' && settings.attributes[ controlKey ].hasOwnProperty('models') ) { var tmp = []; for ( var m = 0; m < settings.attributes[ controlKey ]['models'].length; m++ ) { tmp.push( settings[s]['models'][m]['attributes'] ); } elementSettings[ controlKey ] = tmp; } else { elementSettings[ controlKey ] = settings.attributes[ controlKey ]; } } } ); } else { elementSettings = $element.data('settings') || {}; } return elementSettings; }; $document.on('action.resize_trx_addons', function() { trx_addons_elementor_animate_items_recalc_lines(); } ); function trx_addons_elementor_animate_items_recalc_lines(sc) { if ( sc === undefined ) { sc = jQuery('.animation_type_line'); } sc.each( function() { var $self = jQuery(this), line_idx = 0, line_offset = { top: 0, left: 999999 }; $self.find('.animated-item').each( function() { var $item = jQuery(this); var offset = $item.offset(); if ( offset.top - line_offset.top > $item.height() / 2 && offset.left < line_offset.left ) { line_offset.top = offset.top; line_idx++; } line_offset.left = offset.left; $item .attr( 'data-animation-line', line_idx - 1 ) .data( 'animation-line', line_idx - 1 ); } ); sc .attr( 'data-animation-lines', line_idx ) .data( 'animation-lines', line_idx ); } ); } $document.on('action.scroll_trx_addons', function() { trx_addons_elementor_animate_items_scroll(); } ); function trx_addons_elementor_animate_items_scroll( force ) { var cnt = 0; $animated_items.each(function(idx) { var item = jQuery(this); if ( ! force && ( item.hasClass('animated') || item.hasClass('wait-for-animation') ) ) return; var item_top = item.offset().top, window_top = $window.scrollTop(), window_height = $window.height(), item_idx = item.data( 'animation-index' ); item_idx = item_idx !== undefined ? Number( item_idx ) : cnt; if ( item_top + 50 < window_top + window_height ) { var item_height = item.outerHeight(), need_animation = item_top + item_height > window_top; trx_addons_elementor_animate_item( item, item_idx, $animated_items.length - idx + cnt, force, need_animation ); if ( need_animation ) { cnt++; } } }); } function trx_addons_elementor_animate_item( item, idx, total, force, need_animation ) { var block = item.hasClass('animation_type_block'), sc = block ? item : item.parents( '.animated-separate' ); if ( ( sc.hasClass('elementor-container') || sc.hasClass('e-con-inner') ) && sc.parent().hasClass( 'sc_section_toggle_state_hide' ) ) { return; } var item_params = sc.data(block ? 'settings' : 'animation-settings'), item_delay = trx_addons_elementor_animate_items_delay(item_params, sc, item, idx, total), item_animation = trx_addons_elementor_animate_items_animation(item_params), item_duration = item_params['_animation_duration'] || item_params['animation_duration'] || ''; if ( ! need_animation ) { if ( item.data('last-animation') && item.data('last-animation') != item_animation ) { item.removeClass( item.data('last-animation') ); item.data('last-animation', ''); } if ( item.hasClass('elementor-invisible') ) { item.removeClass('elementor-invisible'); } if ( item.hasClass('trx_addons_invisible') ) { item.removeClass('trx_addons_invisible'); } if ( ! item.hasClass('animated') ) { item.addClass('animated'); } } else { item.addClass('wait-for-animation'); setTimeout( function() { item .removeClass('wait-for-animation') .addClass('animated' + (item_duration ? ' animated-' + item_duration : '')) .addClass(item_animation) .removeClass('elementor-invisible trx_addons_invisible'); }, item_delay ); } } function trx_addons_elementor_animate_items_delay( params, sc, item, idx, total ) { var animation_type = trx_addons_get_class_by_prefix( sc.attr('class'), 'animation_type_' ).replace( 'animation_type_', '' ); var delay = params && params._animation_delay !== '' && params._animation_delay !== undefined ? params._animation_delay : ( params && params.animation_delay !== '' && params.animation_delay !== undefined ? params.animation_delay : 0 ); var stagger = params && params._animation_stagger !== '' && params._animation_stagger !== undefined ? params._animation_stagger : sc.data( 'animation-stagger'); if ( stagger === '' || stagger === undefined ) { stagger = delay; delay = 0; } if ( stagger === '' || stagger === undefined ) { stagger = 150; } if ( animation_type == 'random' ) { delay += trx_addons_random( 0, stagger ); } else { if ( animation_type == 'line' ) { idx = item.data( 'animation-line' ); total = sc.data( 'animation-lines' ); } delay += stagger * ( sc.data( 'animation-reverted' ) ? ( item.hasClass('menu-item') ? item.siblings('.menu-item').length + 1 - item.index() : Math.max( 0, total - idx ) ) : ( item.hasClass('menu-item') ? item.index() : idx ) ); } return delay; } function trx_addons_elementor_animate_items_animation( params ) { var device = $body.data( 'elementor-device-mode' ); if ( ! device || device == 'desktop' ) { device = ''; } else { device = '_' + device; } var animation = ''; if ( typeof params != 'undefined' ) { if ( typeof params["_animation" + device] != 'undefined' ) { animation = params["_animation" + device]; } else if ( typeof params["_animation"] != 'undefined' ) { animation = params["_animation"]; } else if ( typeof params["animation" + device] != 'undefined' ) { animation = params["animation" + device]; } else if ( typeof params["animation"] != 'undefined' ) { animation = params["animation"]; } } return animation; } function trx_addons_elementor_animate_items_animation_revert_name( animation ) { animation = animation.replace('In', 'Out'); if ( animation.indexOf( 'Up' ) >= 0 ) { animation = animation.replace('Up', 'Down'); } else if ( animation.indexOf( 'Down' ) >= 0 ) { animation = animation.replace('Down', 'Up'); } return animation; } function trx_addons_elementor_animate_items_animation_revert_params( sc, params, max_delay ) { var device = $body.data( 'elementor-device-mode' ); if ( ! device || device == 'desktop' ) { device = ''; } else { device = '_' + device; } if ( params ) { var revert_params = trx_addons_object_clone( params ); if ( typeof revert_params["_animation" + device] != 'undefined' ) { revert_params["_animation" + device] = trx_addons_elementor_animate_items_animation_revert_name( revert_params["_animation" + device] ); } else if ( typeof revert_params["_animation"] != 'undefined' ) { revert_params["_animation"] = trx_addons_elementor_animate_items_animation_revert_name( revert_params["_animation"] ); } else if ( typeof revert_params["animation" + device] != 'undefined' ) { revert_params["animation" + device] = trx_addons_elementor_animate_items_animation_revert_name( revert_params["animation" + device] ); } else if ( typeof revert_params["animation"] != 'undefined' ) { revert_params["animation"] = trx_addons_elementor_animate_items_animation_revert_name( revert_params["animation"] ); } if ( sc.hasClass( 'animation_type_block' ) ) { revert_params._animation_delay = revert_params._animation_delay ? Math.max(0, max_delay - revert_params._animation_delay) : max_delay; } return revert_params; } return params; } $document.on( 'action.init_hidden_elements', function(e, cont) { trx_addons_elementor_add_bg_text( cont ); } ); function trx_addons_elementor_add_bg_text( cont ) { if ( cont.hasClass('elementor-section') || cont.hasClass('e-con') ) { cont.find('>.trx_addons_bg_text').remove(); trx_addons_elementor_add_bg_text_in_row( cont ); } else { jQuery( ( is_edit_mode ? '.elementor-section.elementor-element-edit-mode,.e-con.elementor-element-edit-mode' : '.trx_addons_has_bg_text:not(.trx_addons_has_bg_text_inited)' ) ).each( function() { var $self = jQuery(this); if ( is_edit_mode ) { $self.find('>.trx_addons_bg_text').remove(); } trx_addons_elementor_add_bg_text_in_row( $self ); } ); } } function trx_addons_elementor_add_bg_text_in_row( row ) { var data = row.data('bg-text'), cid = '', rtl = $body.hasClass( 'rtl' ); if ( ! data ) { cid = row.data('model-cid'); if ( cid ) { data = trx_addons_elementor_get_settings_by_cid( cid, ['bg_text'] ); } } if ( ! data ) { return; } if ( data['bg_text'] ) { if ( ! row.hasClass( 'trx_addons_has_bg_text' ) ) { row.addClass( 'trx_addons_has_bg_text' ); } data['bg_text'] = data['bg_text'].replace( /\r/g, ' ' ).replace( /\n/g, ' ' ); data['bg_text'] = trx_addons_prepare_macros( data['bg_text'], { 'class': 'trx_addons_bg_text_item' } ); var row_cont = row.addClass('trx_addons_has_bg_text_inited'); var chars = '', in_tag = false, in_amp = false, amp = '', in_divider = false, ch; var delimiter_image = typeof data['bg_text_delimiter_image'] == 'object' ? data['bg_text_delimiter_image']['url'] : data['bg_text_delimiter_image']; var delimiter_svg = data['bg_text_delimiter_svg'] || ''; var delimiter_icon = ! trx_addons_is_off( data['bg_text_delimiter_icon'] ) ? data['bg_text_delimiter_icon'] : ''; if ( data['bg_text_effect'] != 'none' ) { for ( var i = 0; i < data['bg_text'].length; i++ ) { ch = data['bg_text'].substr(i,1); if ( ! in_tag ) { if ( ch == '<' ) { in_tag = true; } else { if ( ch == '&' ) { in_amp = true; amp += ch; } else if ( in_amp ) { amp += ch; if ( ch == ';' ) { chars += '<span class="trx_addons_bg_text_item trx_addons_bg_text_char">' + amp + '</span>'; in_amp = false; amp = ''; } } else { if ( ch == '[' ) { chars += ch; in_divider = true; } else if ( in_divider ) { chars += ch; if ( ch == ']' ) { in_divider = false; } } else { chars += '<span class="trx_addons_bg_text_item trx_addons_bg_text_char">' + ( ch == ' ' ? '&nbsp;' : ch ) + '</span>'; } } } } if ( in_tag ) { chars += ch; if ( ch == '>' ) { in_tag = false; } } } } else { chars = '<span class="trx_addons_bg_text_item trx_addons_bg_text_char">' + data['bg_text'] + '</span>'; } var marquee_speed = typeof data['bg_text_marquee'] == 'object' ? ( data['bg_text_marquee']['size'] ? data['bg_text_marquee']['size'] : 0 ) : data['bg_text_marquee'], marquee_dir = typeof data['bg_text_reverse'] != 'undefined' ? ( data['bg_text_reverse'] > 0 ? ( rtl ? -1 : 1 ) : ( rtl ? 1 : -1 ) ) : ( rtl ? 1 : -1 ), overlay = typeof data['bg_text_overlay'] == 'object' ? data['bg_text_overlay']['url'] : data['bg_text_overlay']; if ( chars.indexOf( '[divider]' ) > 0 ) { if ( delimiter_icon || delimiter_image ) { chars = chars.replaceAll( '[divider]', ( data['bg_text_effect'] == 'none' ? '</span>' : '' ) + '<span class="trx_addons_bg_text_item trx_addons_bg_text_char' + ' trx_addons_bg_text_delimiter' + ( ! delimiter_image && delimiter_icon ? ' trx_addons_bg_text_delimiter_icon ' + delimiter_icon : ' trx_addons_bg_text_delimiter_image' ) + ( data[ 'bg_text_delimiter_rotation' ] > 0 ? ' trx_addons_bg_text_delimiter_rotation' : '' ) + '">' + ( delimiter_image ? ( delimiter_svg ? delimiter_svg : '<img src="' + delimiter_image + '" />' ) : '' ) + '</span>' + ( data['bg_text_effect'] == 'none' ? '<span class="trx_addons_bg_text_item trx_addons_bg_text_char">' : '' ) ); } else { chars = chars.replaceAll( '[divider]', '' ); } } if ( marquee_speed > 0 && ( delimiter_icon || delimiter_image ) ) { chars += '<span class="trx_addons_bg_text_item trx_addons_bg_text_char' + ' trx_addons_bg_text_delimiter' + ( ! delimiter_image && delimiter_icon ? ' trx_addons_bg_text_delimiter_icon ' + delimiter_icon : ' trx_addons_bg_text_delimiter_image' ) + ( data[ 'bg_text_delimiter_rotation' ] > 0 ? ' trx_addons_bg_text_delimiter_rotation' : '' ) + '">' + ( delimiter_image ? ( delimiter_svg ? delimiter_svg : '<img src="' + delimiter_image + '" />' ) : '' ) + '</span>'; } row_cont.prepend( '<div class="trx_addons_bg_text' + ( marquee_speed > 0 ? ' trx_addons_marquee_wrap' : '') + ( ( ! rtl && marquee_dir > 0 ) || ( rtl && marquee_dir < 0 ) ? ' trx_addons_marquee_reverse' : '' ) + '">' + '<div class="trx_addons_bg_text_inner' + ' trx_addons_bg_text_effect_' + data['bg_text_effect'] + ( marquee_speed > 0 ? ' trx_addons_marquee_element' + ( data['bg_text_left']['size'] != 0 ? ' trx_addons_marquee_element_with_offset' : '' ) : '' ) + ( cid == '' ? ' trx_addons_show_on_scroll' : ' trx_addons_showed_on_scroll trx_addons_in_preview_mode' ) + '"' + '>' + chars + '</div>' + ( overlay ? '<div class="trx_addons_bg_text_overlay trx_addons_show_on_scroll"></div>' : '' ) + '</div>' ); $document.trigger( 'action.got_ajax_response', [''] ); if ( marquee_speed > 0 && cid === '' ) { var marquee_wrap = row_cont.find('.trx_addons_marquee_wrap').eq(0), marquee_chars = Math.min( 100, data['bg_text_effect'] == 'none' ? trx_addons_clear_tags( data['bg_text'] ).length + ( delimiter_icon || delimiter_image ? 1 : 0 ) : marquee_wrap.find( '.trx_addons_bg_text_item' ).length ); setTimeout( function() { trx_addons_elementor_marquee( marquee_wrap, marquee_dir, marquee_speed, true, data['bg_text_effect'], data['bg_text_marquee_hover'], data['bg_text_accelerate'] ); }, data['bg_text_effect'] != 'none' ? marquee_chars * 100 + 800 : 0 ); } } } window.trx_addons_elementor_marquee = function( marquee_wrap, marquee_dir, marquee_speed, start, effect, pause_on_hover, accelerate, accelerate_coef ) { var elements = marquee_wrap.find('.trx_addons_marquee_element'), mw = elements.eq(0).outerWidth(), mpw = marquee_wrap.width(), mpw_min = 320, mpw_max = 1920, divider_min = 1680 - marquee_speed * marquee_speed * 2, divider_max = 1920, divider = divider_min + ( mpw - mpw_min ) / ( mpw_max - mpw_min ) * ( divider_max - divider_min ), time_per_pixel = ( 50 - Math.min( 15, marquee_speed ) * 3 ) / divider, with_offset = elements.eq(0).hasClass( 'trx_addons_marquee_element_with_offset' ), coeff_max = trx_addons_apply_filters( 'trx_addons_filter_marquee_coeff_max', Math.max( 2, Math.ceil( mpw / mw ) ) ), coeff = with_offset && marquee_wrap.data('marquee-loop') ? Math.min( marquee_wrap.data('marquee-loop') + 1, coeff_max ) : 1; if ( ! accelerate_coef || accelerate_coef < 1 ) { accelerate_coef = 8; } if ( effect == 'none' && elements.eq(0).hasClass( 'trx_addons_show_on_scroll' ) && ! elements.eq(0).hasClass( 'trx_addons_showed_on_scroll' ) ) { elements.eq(0).removeClass( 'trx_addons_show_on_scroll' ).addClass( 'trx_addons_showed_on_scroll' ); } if ( elements.eq(0).hasClass( 'trx_addons_showed_on_scroll' ) ) { if ( start ) { for (var i = 1; i < Math.ceil( ( mpw + mw * ( with_offset ? coeff_max + 1 : 2 ) ) / mw ); i++ ) { var element_clone = elements.eq(0).clone(); element_clone.removeAttr( 'id' ); elements.eq(0).after( element_clone ); } elements = marquee_wrap.find('.trx_addons_marquee_element'); } var delimiters = marquee_wrap.find('.trx_addons_bg_text_delimiter_rotation,.trx_addons_marquee_rotation').css( { 'transform-origin': 'center center', 'transition': 'none', 'transition-delay': 'unset', 'transition-duration': 'unset', 'perspective': 'unset' } ), delimiters_loop = delimiters.length > 0 ? Math.max( 1, Math.ceil( mpw / ( delimiters.eq(0).outerHeight() * Math.PI ) / 2 ) ) : 0; var kill_tween = function( $element, data_name ) { var tween_obj = $element.data( data_name ) || null; if ( tween_obj ) { tween_obj.kill(); } }; elements.each( function(idx) { var $self = jQuery( this ); var restartTween = trx_addons_throttle( function() { var tween_obj = elements.eq( idx ).data( 'tweenmax-object' ); if ( tween_obj && tween_obj.timeScale() > 1 && tween_obj.progress() > 0.98 ) { completeTween(); } }, 50 ); var completeTween = function() { if ( idx == elements.length - 1 ) { var tween_obj = elements.eq( idx ).data( 'tweenmax-object' ); if ( tween_obj ) { var diff = ( 1 - tween_obj.progress() ) * mw; marquee_wrap.data( 'marquee-loop', ( marquee_wrap.data( 'marquee-loop' ) || 0 ) + 1 ); elements.each( function(idx2) { kill_tween( elements.eq(idx2), 'tweenmax-object' ); elements.eq(idx2).data( 'tweenmax-object', TweenMax.to( elements.eq(idx2), 0, { overwrite: true, x: ( with_offset ? mw * Math.min( coeff, coeff_max - 1 ) * marquee_dir : 0 ) - diff * marquee_dir, y: 0, ease: Power0.easeNone } ) ); } ); if ( delimiters_loop > 0 ) { delimiters.each( function( idx2 ) { kill_tween( delimiters.eq(idx2), 'tweenmax-delimiter' ); delimiters.eq( idx2 ).data( 'tweenmax-delimiter', TweenMax.to( delimiters.eq( idx2 ), 0, { overwrite: true, rotation: 0, ease: Power0.easeNone } ) ); } ); } setTimeout( function() { trx_addons_elementor_marquee( marquee_wrap, marquee_dir, marquee_speed, false, effect, pause_on_hover, accelerate, accelerate_coef ); }, 1); } } }; kill_tween( $self, 'tweenmax-object' ); $self .data( 'tweenmax-object', TweenMax.to( elements.eq( idx ), mw * time_per_pixel, { overwrite: true, x: mw * coeff * marquee_dir, y: 0, ease: Power0.easeNone, onUpdate: function() { var tween_obj = elements.eq( idx ).data( 'tweenmax-object' ); if ( tween_obj && tween_obj.timeScale() > 1 && tween_obj.progress() > 0.9 ) { restartTween(); } }, onComplete: completeTween } ) ); if ( delimiters_loop > 0 && idx == elements.length - 1 ) { delimiters.each( function( idx2 ) { kill_tween( delimiters.eq(idx2), 'tweenmax-delimiter' ); delimiters.eq(idx2).data( 'tweenmax-delimiter', TweenMax.to( delimiters.eq(idx2), mw * time_per_pixel, { overwrite: true, rotation: delimiters_loop * 360 * marquee_dir, ease: Power0.easeNone } ) ); } ); } } ); if ( pause_on_hover ) { marquee_wrap .on( 'mouseenter', function() { elements.each( function( idx2 ) { var tween_obj = elements.eq( idx2 ).data( 'tweenmax-object' ); if ( tween_obj ) { tween_obj.pause(); } } ); if ( delimiters_loop > 0 ) { delimiters.each( function( idx2 ) { var tween_delimiter = delimiters.eq( idx2 ).data( 'tweenmax-delimiter' ); if ( tween_delimiter ) { tween_delimiter.pause(); } } ); } } ) .on( 'mouseleave', function() { elements.each( function( idx2 ) { var tween_obj = elements.eq( idx2 ).data( 'tweenmax-object' ); if ( tween_obj ) { tween_obj.resume(); } } ); if ( delimiters_loop > 0 ) { delimiters.each( function( idx2 ) { var tween_delimiter = delimiters.eq( idx2 ).data( 'tweenmax-delimiter' ); if ( tween_delimiter ) { tween_delimiter.resume(); } } ); } } ); } } else { setTimeout( function() { trx_addons_elementor_marquee( marquee_wrap, marquee_dir, marquee_speed, start, effect, pause_on_hover, accelerate, accelerate_coef ); }, effect != 'none' ? elements.eq(0).find( '.trx_addons_bg_text_char' ).length * 100 + 800 : 0 ); } if ( accelerate ) { var wheel_time = 0, wheel_stop = false, wheel_accelerate = { value: 1 }, wheel_handler = function(e) { if ( wheel_stop ) { return true; } if ( wheel_time == e.timeStamp ) { e.preventDefault(); return false; } wheel_time = e.timeStamp; var wheel_tween = elements.eq(0).data( 'tweenmax-accelerate' ) || null; if ( wheel_tween ) { wheel_tween.kill(); wheel_accelerate.value = 1; } kill_tween( elements.eq(0), 'tweenmax-accelerate' ); elements.eq(0).data( 'tweenmax-accelerate', TweenMax.to( wheel_accelerate, 2.0, { overwrite: true, value: accelerate_coef * 2 - 1, ease: Power4.easeOut, onUpdate: function() { var coeff = wheel_accelerate.value == 1 ? 1 : ( wheel_accelerate.value <= accelerate_coef ? wheel_accelerate.value : accelerate_coef * 2 - wheel_accelerate.value ); elements.each( function( idx2 ) { var tween_obj = elements.eq( idx2 ).data( 'tweenmax-object' ); if ( tween_obj ) { tween_obj.timeScale( coeff ); } } ); if ( delimiters_loop > 0 ) { delimiters.each( function( idx2 ) { var tween_delimiter = delimiters.eq( idx2 ).data( 'tweenmax-delimiter' ); if ( tween_delimiter ) { tween_delimiter.timeScale( coeff ); } } ); } }, onComplete: function() { wheel_accelerate.value = 1; elements.each( function( idx2 ) { var tween_obj = elements.eq( idx2 ).data( 'tweenmax-object' ); if ( tween_obj ) { tween_obj.timeScale( 1 ); } } ); if ( delimiters_loop > 0 ) { delimiters.each( function( idx2 ) { var tween_delimiter = delimiters.eq( idx2 ).data( 'tweenmax-delimiter' ); if ( tween_delimiter ) { tween_delimiter.timeScale( 1 ); } } ); } } } ) ); }; TRX_ADDONS_STORAGE['marquee_mousewheel_inited'] = true; $document.on('action.stop_wheel_handlers', function(e) { wheel_stop = true; }); $document.on('action.start_wheel_handlers', function(e) { wheel_stop = false; }); window.addEventListener('mousewheel', wheel_handler, { passive: false } ); $window.on('DOMMouseScroll', wheel_handler); } }; })();( function() { 'use strict'; var GET_SIZES_ON_SCROLL = false; var $window = jQuery( window ), $document = jQuery( document ), $body = jQuery( 'body' ); var edit_mode = false, animation_allowed = true, motion_step = 0, motion_period = 250; var parallax_items = []; var bp_params = { range_start: { default: 0 }, range_end: { default: 40 }, sticky_offset: { default: 0 }, lag: { default: 0 }, x_start: { default: 0, unit: 'px' }, x_end: { default: 0, unit: 'px' }, y_start: { default: 0, unit: 'px' }, y_end: { default: 0, unit: 'px' }, scale_start: { default: 100 }, scale_end: { default: 100 }, rotate_start: { default: 0 }, rotate_end: { default: 0 }, opacity_start: { default: 1 }, opacity_end: { default: 1 }, crop_start: { default: 0 }, crop_end: { default: 100 }, blur_start: { default: 0 }, blur_end: { default: 0 }, backdrop_blur_start: { default: 0 }, backdrop_blur_end: { default: 0 } }; $document.on( 'action.after_add_content', function( e, $cont ) { if ( $cont && $cont.length ) { $cont .find( '.trx_addons_parallax_layers_inited,.trx_addons_parallax_blocks_inited' ) .removeClass( 'trx_addons_parallax_layers_inited trx_addons_parallax_blocks_inited' ); } } ); $document.on( 'action.got_ajax_response action.init_hidden_elements', function( e ) { setTimeout( function() { var items = jQuery('.trx_addons_parallax_layers:not(.trx_addons_parallax_layers_inited)'); if ( items.length > 0 ) { items.each( function() { var layers = new trx_addons_parallax( jQuery(this).addClass('trx_addons_parallax_layers_inited'), 'layers' ); if ( layers.init() ) { parallax_items.push( layers ); } } ); } items = jQuery('.trx_addons_parallax_blocks:not(.trx_addons_parallax_blocks_inited)'); if ( items.length > 0 ) { items.each( function() { var $self = jQuery(this); if ( $self.hasClass( 'sc_parallax_text_separate_on' ) ) { var $inner_obj = parallax_text_prepare( $self ); if ( $inner_obj && $inner_obj.length ) { items.add( $inner_obj ); $self.removeClass( 'trx_addons_parallax_blocks' ); } } else { var blocks = new trx_addons_parallax( $self.addClass('trx_addons_parallax_blocks_inited'), 'blocks' ); if ( blocks.init() ) { parallax_items.push( blocks ); } } } ); } }, 0 ); } ); $window.on( 'elementor/frontend/init', function() { edit_mode = Boolean( window.elementorFrontend.isEditMode() ); window.elementorFrontend.hooks.addAction( 'frontend/element_ready/container', parallax_init ); window.elementorFrontend.hooks.addAction( 'frontend/element_ready/section', parallax_init ); window.elementorFrontend.hooks.addAction( 'frontend/element_ready/column', parallax_init ); window.elementorFrontend.hooks.addAction( 'frontend/element_ready/element', parallax_init ); window.elementorFrontend.hooks.addAction( 'frontend/element_ready/widget', parallax_init ); } ); function parallax_init( $init_obj ) { if ( edit_mode ) { parallax_remove_handlers( $init_obj ); } var layers = new trx_addons_parallax( $init_obj, 'layers' ); if ( layers.init() ) { parallax_items.push( layers ); } $init_obj.addClass('trx_addons_parallax_layers_inited'); if ( $init_obj.hasClass( 'sc_parallax_text_separate_on' ) ) { var $inner_obj = parallax_text_prepare( $init_obj ); if ( $inner_obj && $inner_obj.length ) { $inner_obj.each( function() { var $self = jQuery( this ); var blocks = new trx_addons_parallax( $self, 'blocks' ); if ( blocks.init() ) { parallax_items.push( blocks ); } $self.addClass('trx_addons_parallax_blocks_inited'); } ); } } else { var blocks = new trx_addons_parallax( $init_obj, 'blocks' ); if ( blocks.init() ) { parallax_items.push( blocks ); } } $init_obj.addClass('trx_addons_parallax_blocks_inited'); } function parallax_remove_handlers( $init_obj ) { if ( animation_allowed && parallax_items.length ) { if ( $init_obj.hasClass( 'sc_parallax_text_separate_on' ) ) { $init_obj.find( '.sc_parallax_text_block' ).each( function() { var $self = jQuery( this ); parallax_items = parallax_items.filter( function( item ) { return ! item.remove_handlers( $self ); } ); } ); } else { parallax_items = parallax_items.filter( function( item ) { return ! item.remove_handlers( $init_obj ); } ); } } } function parallax_text_prepare( $init_obj, settings ) { var params; if ( ! settings ) { if ( ! edit_mode ) { params = $init_obj.data( 'parallax-params' ) || false; if ( params ) { settings = []; settings.push( parallax_bp_settings( params ) ); } } else { settings = get_editor_settings( $init_obj, 'blocks' ); } } if ( ! settings || settings.length === 0 || ['chars', 'words'].indexOf( settings[0].text ) == -1 || ! $init_obj.data('element_type') ) { return false; } var sc = ( $init_obj.data('element_type') == 'widget' ? $init_obj.data('widget_type') : $init_obj.data('element_type') ).split('.')[0], $inner_obj = $init_obj.find('.sc_parallax_text_block'); if ( $inner_obj.length === 0 ) { $inner_obj = $init_obj.find( sc == 'trx_sc_title' ? '.sc_item_title_text,.sc_item_subtitle' : ( sc == 'trx_sc_supertitle' ? '.sc_supertitle_text' : ( sc == 'heading' ? '.elementor-heading-title' : 'p' ) ) ); if ( $inner_obj.length > 0 ) { $inner_obj.each( function( idx ) { $inner_obj.eq( idx ) .html( settings[0].text == 'chars' ? parallax_text_wrap_chars( $inner_obj.eq( idx ).html(), true ) : parallax_text_wrap_words( $inner_obj.eq( idx ).html() ) ); } ); $inner_obj = $inner_obj.find('.sc_parallax_text_block'); if ( settings[0].text_separate ) { $inner_obj.each( function( idx ) { params = trx_addons_object_clone( settings[0] ); if ( params.lag > 0 ) { params.lag = trx_addons_window_width() < TRX_ADDONS_STORAGE['mobile_breakpoint_scroll_lag_off'] ? 0 : params.lag * ( idx + 1 ); } $inner_obj.eq( idx ).attr( 'data-parallax-params', JSON.stringify( params ) ); } ); } } } return $inner_obj; } function parallax_text_wrap_chars( txt, wrap_words ) { return trx_addons_wrap_chars( txt, '<span class="sc_parallax_text_block">', '</span>', wrap_words ? '<span class="sc_parallax_word_wrap">' : '', wrap_words ? '</span>' : '' ); } function parallax_text_wrap_words( txt ) { return trx_addons_wrap_words( txt, '<span class="sc_parallax_text_block">', '</span>' ); } function get_editor_settings( $target, init_type ) { if ( ! window.elementor || ! window.elementor.hasOwnProperty( 'elements' ) ) { return false; } var elements = window.elementor.elements; if ( ! elements.models ) { return false; } var section_id = $target.data('id'), section_cid = $target.data('model-cid'), section_data = {}; function get_section_data( idx, obj ) { if ( 0 < Object.keys( section_data ).length ) { return; } else if ( section_id == obj.id ) { section_data = obj.attributes.settings.attributes; } else if ( obj.attributes && obj.attributes.elements && obj.attributes.elements.models ) { jQuery.each( obj.attributes.elements.models, get_section_data ); } } jQuery.each( elements.models, get_section_data ); if ( 0 === Object.keys( section_data ).length ) { return false; } var settings = []; if ( init_type == 'layers' && section_data.hasOwnProperty( 'parallax_blocks' ) ) { jQuery.each( section_data[ 'parallax_blocks' ].models, function( index, obj ) { settings.push( obj.attributes ); } ); } else if ( init_type == 'blocks' && ( section_data.hasOwnProperty( 'parallax' ) && section_data.parallax == 'parallax' || section_data.hasOwnProperty( 'parallax_mouse' ) && section_data.parallax_mouse == 'mouse' ) ) { var parallax_on = section_data.hasOwnProperty( 'parallax' ) && section_data.parallax == 'parallax', mouse_on = section_data.hasOwnProperty( 'parallax_mouse' ) && section_data.parallax_mouse == 'mouse'; var data = { parallax: parallax_on ? 1 : 0, type: parallax_on && section_data.hasOwnProperty( 'parallax_type' ) ? section_data.parallax_type : 'object', flow: parallax_on && section_data.hasOwnProperty( 'parallax_flow' ) ? section_data.parallax_flow : 'default', crop: parallax_on && section_data.hasOwnProperty( 'parallax_crop' ) ? section_data.parallax_crop : 'none', duration: parallax_on && section_data.hasOwnProperty( 'parallax_duration' ) ? section_data.parallax_duration.size : 1, delay: parallax_on && section_data.hasOwnProperty( 'parallax_delay' ) ? section_data.parallax_delay.size : 0, squeeze: parallax_on && section_data.hasOwnProperty( 'parallax_squeeze' ) ? section_data.parallax_squeeze.size : 1, ease: parallax_on && section_data.hasOwnProperty( 'parallax_ease' ) ? section_data.parallax_ease : 'power2', transition: parallax_on && section_data.hasOwnProperty( 'parallax_transition' ) ? section_data.parallax_transition : 1, text: parallax_on && section_data.hasOwnProperty( 'parallax_text' ) ? section_data.parallax_text : 'block', text_separate: parallax_on && section_data.hasOwnProperty( 'parallax_text_separate' ) ? section_data.parallax_text_separate : 0, text_wrap: parallax_on && section_data.hasOwnProperty( 'parallax_text_wrap' ) ? 1 : 0, mouse: mouse_on ? 1 : 0, mouse_type: mouse_on && section_data.hasOwnProperty( 'parallax_mouse_type' ) ? section_data.parallax_mouse_type : 'transform3d', mouse_tilt_amount: mouse_on && section_data.hasOwnProperty( 'parallax_mouse_tilt_amount' ) ? section_data.parallax_mouse_tilt_amount.size : 70, mouse_speed: mouse_on && section_data.hasOwnProperty( 'parallax_mouse_speed' ) ? section_data.parallax_mouse_speed.size : 10, mouse_z: mouse_on && section_data.hasOwnProperty( 'parallax_mouse_z' ) ? section_data.parallax_mouse_z.size : '', mouse_handler: mouse_on && section_data.hasOwnProperty( 'parallax_mouse_handler' ) ? section_data.parallax_mouse_handler : 'row' }; var suffix_prev = '', suffix = '', param_name = '', param_prev = '', defa = {}; for ( var resp in TRX_ADDONS_STORAGE['elementor_breakpoints'] ) { suffix = resp == 'desktop' ? '' : '_' + resp; for ( var param in bp_params ) { defa = bp_params[ param ]; param_name = param + suffix; param_prev = param + suffix_prev; if ( suffix && ! section_data.hasOwnProperty( 'parallax_' + param_name ) ) continue; data[ param_name ] = section_data.hasOwnProperty( 'parallax_' + param_name ) && section_data[ 'parallax_' + param_name ]['size'] !== '' ? section_data[ 'parallax_' + param_name ]['size'] : ( ! suffix ? defa['default'] : data[ param_prev ] ); if ( defa['unit'] ) { data[ param_name + '_unit' ] = section_data.hasOwnProperty( 'parallax_' + param_name ) && section_data[ 'parallax_' + param_name ].hasOwnProperty( 'unit' ) && section_data[ 'parallax_' + param_name ]['size'] !== '' ? section_data[ 'parallax_' + param_name ]['unit'] : ( ! suffix ? defa['unit'] : data[ param_prev + '_unit' ] ); } if ( ! suffix ) { data[ param_name + '_desktop' ] = data[ param_name ]; if ( defa['unit'] ) { data[ param_name + '_unit_desktop' ] = data[ param_name + '_unit' ]; } } } if ( typeof data['x_start' + suffix] != 'undefined' && typeof data['x_end' + suffix] != 'undefined' ) { if ( data['x_end' + suffix] == 0 ) data['x_end' + suffix + '_unit'] = data['x_start' + suffix + '_unit']; else if ( data['x_start' + suffix] == 0 ) data['x_start' + suffix + '_unit'] = data['x_end' + suffix + '_unit']; } if ( typeof data['y_start' + suffix] != 'undefined' && typeof data['y_end' + suffix] != 'undefined' ) { if ( data['y_end' + suffix] == 0 ) data['y_end' + suffix + '_unit'] = data['y_start' + suffix + '_unit']; else if ( data['y_start' + suffix] == 0 ) data['y_start' + suffix + '_unit'] = data['y_end' + suffix + '_unit']; } suffix_prev = suffix; } settings.push( parallax_bp_settings( data ) ); } return 0 !== settings.length ? settings : false; } function parallax_bp_settings( settings ) { if ( ! settings.hasOwnProperty( 'last_bp' ) ) { settings['last_bp'] = 'desktop'; for ( var param in bp_params ) { var param_name = param + '_desktop'; if ( ! settings.hasOwnProperty( param_name ) && settings.hasOwnProperty( param ) ) { settings[ param_name ] = settings[ param ]; if ( bp_params[ param ]['unit'] ) { settings[ param_name + '_unit' ] = settings[ param + '_unit' ]; } } } } var bp = trx_addons_get_responsive_breakpoint(); if ( bp != settings['last_bp'] ) { for ( var param in bp_params ) { var param_name = param + '_' + bp; if ( settings.hasOwnProperty( param_name ) ) { settings[ param ] = settings[ param_name ]; if ( bp_params[ param ]['unit'] ) { settings[ param + '_unit' ] = settings[ param_name + '_unit' ]; } } } settings['last_bp'] = bp; } return settings; } window.trx_addons_parallax = function( $target, init_type ) { var self = this, settings = false, parallax_type = 'none', $targetLayers = $target, $targetBlocks = $target, target_id = $target.data( 'id' ); if ( ! target_id ) { target_id = 'parallax' + trx_addons_get_unique_id(); $target.data( 'id', target_id ); } var scroll_list = [], mouse_list = [], motion_list = []; var on_start_inited = false; var wst = trx_addons_window_scroll_top() + trx_addons_fixed_rows_height(), ww = trx_addons_window_width(), wh = trx_addons_window_height() - trx_addons_fixed_rows_height(), is_safari = !!navigator.userAgent.match(/Version\/[\d\.]+.*Safari/), platform = navigator.platform; var tl = 0, tt = 0, tw = 0, th = 0, tx = 0, ty = 0, cx = 0, cy = 0, dx = 0, dy = 0; self.init = function() { if ( ! edit_mode ) { if ( init_type == 'layers' ) { settings = $target.data( 'parallax-blocks' ) || false; if ( settings ) { parallax_type = 'layers'; } } else { var params = $target.data( 'parallax-params' ) || false; if ( params ) { settings = []; settings.push(params); parallax_type = 'blocks'; } } } else { settings = get_editor_settings( $target, init_type ); if ( settings ) { parallax_type = init_type; } } if ( ! settings ) { return false; } if ( settings[0].mouse == 1 ) { parallax_type += '|layers'; var layout_data = { selector: $target, image: false, size: 'auto', prop: settings[0].mouse_type || 'transform3d', type: 'mouse', x: 0, y: 0, z: settings[0].mouse_z || 0, speed: 2 * ( ( settings[0].mouse_speed ? settings[0].mouse_speed : 10 ) / 100 ), tilt_amount: settings[0].mouse_tilt_amount || 70, motion_dir: 'round', motion_time: 5 }; mouse_list.push( layout_data ); } if ( init_type == 'layers' || settings[0].mouse == 1 ) { if ( settings[0].mouse_handler == 'window' ) { $targetLayers = $body; } else if ( settings[0].mouse_handler == 'content' ) { $targetLayers = jQuery( trx_addons_apply_filters( 'trx_addons_filter_page_wrap_class', TRX_ADDONS_STORAGE['page_wrap_class'] ? TRX_ADDONS_STORAGE['page_wrap_class'] : '.page_wrap', 'elementor-parallax' ) ).eq(0); } else if ( settings[0].mouse_handler == 'row' ) { if ( init_type != 'layers' ) { $targetLayers = $target.hasClass( 'trx_addons_parallax_blocks' ) ? $target.parent() : $target.parents( '.elementor-section,.e-con.e-parent' ).eq(0); } } else if ( settings[0].mouse_handler == 'column' ) { $targetLayers = $target.hasClass( 'trx_addons_parallax_blocks' ) ? $target.parent() : $target.parents( '.elementor-column,.e-con.e-child' ).eq(0); } else if ( settings[0].mouse_handler == 'parent' ) { $targetLayers = $target.parent(); } else if ( settings[0].mouse_handler && '.#'.indexOf( settings[0].mouse_handler.substring(0, 1) ) != -1 ) { $targetLayers = $target.parents( settings[0].mouse_handler ); } else if ( settings[0].mouse_type == 'tilt' ) { var $tilt_trigger = $target.parents( '.trx_addons_tilt_trigger' ); if ( $tilt_trigger.length > 0 ) { $targetLayers = $tilt_trigger.eq(0); } } $targetLayers.data('mouse-handler', settings[0].mouse_handler); } if ( parallax_type.indexOf('layers') >= 0 ) { if ( init_type == 'layers' ) { self.create_layers(); } if ( animation_allowed ) { if ( ! $targetLayers.attr( 'data-mousemove-' + target_id ) ) { $targetLayers.attr( 'data-mousemove-' + target_id, target_id ); $targetLayers.on( 'mousemove.trx_addons_parallax', self.mouse_move_handler ); $targetLayers.on( 'mouseleave.trx_addons_parallax', self.mouse_leave_handler ); } if ( motion_list.length > 0 ) { $targetLayers.attr( 'data-motionmove-' + target_id, setInterval( self.motion_move_handler, motion_period ) ); } } } if ( parallax_type.indexOf('blocks') >= 0 ) { settings[0].selector = $targetBlocks; settings[0].hsection = $targetBlocks.parents( '.sc_hscroll_section' ); settings[0].hscroller = settings[0].hsection.length ? settings[0].hsection.parents( '.sc_hscroll_scroller' ) : false; if ( settings[0].flow == 'sticky' ) { $targetBlocks.css( 'top', ( 100 - settings[0].range_start ) + '%' ); } scroll_list.push(settings[0]); settings[0].selector.addClass( 'trx_addons_parallax_blocks_need_start' ); } if ( ! GET_SIZES_ON_SCROLL ) { self.get_blocks_sizes(); $document.on( 'action.init_hidden_elements action.hscroll_inited', self.get_blocks_sizes ); $document.on( 'action.sc_layouts_row_fixed_on action.sc_layouts_row_fixed_off', self.get_blocks_sizes ); $document.on( 'action.resize_trx_addons', self.get_blocks_sizes ); } if ( animation_allowed ) { on_start_inited = false; var on_start_init = trx_addons_throttle( function() { if ( ! on_start_inited ) { on_start_inited = true; self.scroll_update( true ); setTimeout( function() { self.scroll_handler(); }, 10 ); } }, 100 ); $document.on( 'action.resize_trx_addons action.scroll_trx_addons action.hscroll_inited', self.scroll_handler ); $document.on( 'action.resize_trx_addons action.scroll_trx_addons action.hscroll_inited action.init_hidden_elements action.sc_layouts_row_fixed_on action.sc_layouts_row_fixed_off', on_start_init ); } return true; }; self.remove_handlers = function( $init_obj, force ) { var found = $target.is( $init_obj ) || force; if ( found ) { var id = $init_obj.data( 'id' ); $init_obj.attr( 'style', '' ); if ( $init_obj.attr( 'data-mousemove-' + id ) ) { $init_obj.removeAttr( 'data-mousemove-' + id ); $init_obj.off( 'mousemove.trx_addons_parallax', self.mouse_move_handler ); $init_obj.off( 'mouseleave.trx_addons_parallax', self.mouse_leave_handler ); } if ( $init_obj.attr( 'data-motionmove-' + id ) ) { clearInterval( $init_obj.attr( 'data-motionmove-' + id ) ); $init_obj.removeAttr( 'data-motionmove-' + id ); } } return found; }; self.get_blocks_sizes = function() { jQuery.each( scroll_list, function( index, block ) { var hscroller_offset = block.hsection.length ? block.hscroller.data( 'hscroll-offset' ) || 0 : 0; var hsection_offset = block.hsection.length ? block.hsection.data( 'hscroll-section-offset' ) || 0 : 0; hscroller_offset += hsection_offset; if ( ! block.hasOwnProperty( 'sizes' ) || block.flow == 'entrance' ) { block.sizes = { width: block.selector.outerWidth(), height: block.selector.outerHeight(), top: block.selector.offset().top + hscroller_offset }; } if ( block.flow == 'sticky' ) { var $parent = block.selector.parent(); block.sizes.parent_selector = $parent; block.sizes.parent_height = $parent.length ? $parent.outerHeight() : 0; block.sizes.parent_top = $parent.length ? $parent.offset().top + hscroller_offset : 0; } } ); }; self.create_layers = function() { $target.find( '> .sc_parallax_block' ).remove(); var bg_parallax_present = false; jQuery.each( settings, function( index, block ) { var image = block['image'].url, speed = block['speed'].size, z_index = block['z_index'].size, bg_size = block['bg_size'] ? block['bg_size'] : 'auto', type = block['type'] ? block['type'] : 'none', anim_prop = block['animation_prop'] ? ( ['scroll', 'motion'].indexOf(type) != -1 && block['animation_prop'] != 'background' ? 'transform' : block['animation_prop'] ) : 'background', left = block['left'].size, top = block['top'].size, motion_dir = block['motion_dir'] ? block['motion_dir'] : 'round', motion_time = block['motion_time'] ? block['motion_time'].size : 5, tilt_amount = block['mouse_tilt_amount'] ? block['mouse_tilt_amount'].size : 70, mouse_handler = block['mouse_handler'] ? block['mouse_handler'] : 'row', bg_parallax = block['bg_parallax'] && type =='scroll' && anim_prop == 'background' ? block['bg_parallax'] : false, $layout = null; if ( bg_parallax ) { bg_parallax_present = true; } if ( '' !== image || 'none' !== type ) { var layout_init = { 'z-index': z_index }; if ( 'none' === type ) { layout_init['left'] = left + '%'; layout_init['top'] = top + '%'; } $layout = jQuery( '<div class="sc_parallax_block' + ' sc_parallax_block_type_' + type + ' sc_parallax_block_animation_' + ( bg_parallax ? 'bg_parallax' : anim_prop ) + (is_safari ? ' is-safari' : '') + ('MacIntel' == platform ? ' is-mac' : '') + (typeof block['class'] !== 'undefined' && block['class'] != '' ? ' ' + block['class'] : '') + '">' + '<div class="sc_parallax_block_image"' + ( bg_parallax ? ' parallax="' + ( speed / 100 ) + '"' : '' ) + '></div>' + '</div>' ) .prependTo( $target ) .css( layout_init ); layout_init = { 'background-image': 'url(' + image + ')', 'background-size': bg_size, 'background-position-x': left + '%', 'background-position-y': top + '%' }; $layout.find( '> .sc_parallax_block_image' ).css(layout_init); var layout_data = { selector: $layout, image: image, size: bg_size, bg_parallax: bg_parallax, prop: anim_prop, type: type, x: left, y: top, z: z_index, speed: 2 * ( speed / 100 ), tilt_amount: tilt_amount, mouse_handler: mouse_handler, motion_dir: motion_dir, motion_time: motion_time }; if ( 'scroll' === type ) { layout_data.hsection = layout_data.selector.parents( '.sc_hscroll_section' ); layout_data.hscroller = layout_data.hsection.length ? layout_data.hsection.parents( '.sc_hscroll_scroller' ) : false; scroll_list.push( layout_data ); } else if ( 'mouse' === type ) { mouse_list.push( layout_data ); } else if ( 'motion' === type ) { motion_list.push( layout_data ); } } }); if ( bg_parallax_present ) { trx_addons_bg_parallax( $target.get(0) ); } }; var in_out_last_state = ''; self.get_block_params = function( block ) { var params = trx_addons_object_merge( {}, parallax_bp_settings( block ) ); if ( typeof params.type == 'undefined' ) params.type = 'object'; if ( typeof params.flow == 'undefined' ) params.flow = 'default'; if ( typeof params.crop == 'undefined' ) params.crop = 'none'; if ( typeof params.range_start == 'undefined' ) params.range_start = 0; if ( typeof params.range_end == 'undefined' ) params.range_end = 40; if ( params.range_end <= params.range_start ) { params.range_end = Math.min( 100, params.range_start + params.range_end ); } if ( typeof params.sticky_offset == 'undefined' ) params.sticky_offset = 0; if ( params.flow == 'entrance' ) { params.range_end = 100; } else if ( params.flow == 'sticky' ) { params.range_end = params.range_start; } if ( typeof params.duration == 'undefined' ) params.duration = 1; if ( typeof params.delay == 'undefined' ) params.delay = 0; if ( typeof params.squeeze == 'undefined' ) params.squeeze = 1; if ( typeof params.ease == 'undefined' ) params.ease = "power2"; if ( typeof params.transition == 'undefined' ) params.transition = 1; if ( typeof params.lag == 'undefined' ) params.lag = 0; if ( typeof params.x_start == 'undefined' ) params.x_start = 0; if ( typeof params.x_start_unit == 'undefined' ) params.x_start_unit = 'px'; if ( typeof params.x_end == 'undefined' ) params.x_end = 0; if ( typeof params.x_end_unit == 'undefined' ) params.x_end_unit = 'px'; if ( typeof params.y_start == 'undefined' ) params.y_start = 0; if ( typeof params.y_start_unit == 'undefined' ) params.y_start_unit = 'px'; if ( typeof params.y_end == 'undefined' ) params.y_end = 0; if ( typeof params.y_end_unit == 'undefined' ) params.y_end_unit = 'px'; if ( typeof params.scale_start == 'undefined' ) params.scale_start = 100; if ( typeof params.scale_end == 'undefined' ) params.scale_end = 100; if ( typeof params.rotate_start == 'undefined' ) params.rotate_start = 0; if ( typeof params.rotate_end == 'undefined' ) params.rotate_end = 0; if ( typeof params.opacity_start == 'undefined' ) params.opacity_start = 1; if ( typeof params.opacity_end == 'undefined' ) params.opacity_end = 1; if ( typeof params.crop_start == 'undefined' ) params.crop_start = 100; if ( typeof params.crop_end == 'undefined' ) params.crop_end = 100; if ( typeof params.blur_start == 'undefined' ) params.blur_start = 0; if ( typeof params.blur_end == 'undefined' ) params.blur_end = 0; if ( typeof params.backdrop_blur_start == 'undefined' ) params.backdrop_blur_start = 0; if ( typeof params.backdrop_blur_end == 'undefined' ) params.backdrop_blur_end = 0; if ( typeof params.text == 'undefined' ) params.text = 'block'; if ( typeof params.text_separate == 'undefined' ) params.text_separate = 0; if ( params.flow == 'in_out' ) { var w_top = wst + wh * ( 1 - params.range_end / 100 ), w_bottom = wst + wh * ( 1 - params.range_start / 100 ), obj_height = params.sizes.height, obj_top = params.sizes.top + ( ww < TRX_ADDONS_STORAGE['mobile_breakpoint_scroll_lag_off'] ? 0 : params.lag ), obj_bottom = obj_top + obj_height; if ( w_top >= obj_bottom || in_out_last_state == 'out' ) { in_out_last_state = w_top >= obj_bottom ? 'out' : ''; params.in_out_state = 'out'; params.force = w_top < obj_bottom; params.range_start = params.range_end; params.range_end = 100; params.x_start = 0; params.y_start = 0; params.scale_start = 100; params.rotate_start = 0; params.opacity_start = 1; params.crop_start = 100; params.crop = self.crop_reverse( params, 'out' ); params.blur_start = 0; params.backdrop_blur_start = 0; } else if ( w_bottom <= obj_top || in_out_last_state == 'in' ) { in_out_last_state = w_bottom <= obj_top ? 'in' : ''; params.in_out_state = 'in'; params.force = w_bottom > obj_top; params.range_end = params.range_start; params.range_start = 0; params.x_end = 0; params.y_end = 0; params.scale_end = 100; params.rotate_end = 0; params.opacity_end = 1; params.crop_end = 100; params.crop = self.crop_reverse( params, 'in' ); params.blur_end = 0; params.backdrop_blur_end = 0; } else { params.in_out_state = ''; params.x_start = params.x_end = 0; params.y_start = params.y_end = 0; params.scale_start = params.scale_end = 100; params.rotate_start = params.rotate_end = 0; params.opacity_start = params.opacity_end = 1; params.crop_start = params.crop_end = 100; params.blur_start = params.blur_end = 0; params.backdrop_blur_start = params.backdrop_blur_end = 0; } } return params; }; self.scroll_handler = function( e ) { if ( ! animation_allowed ) { return; } wst = trx_addons_window_scroll_top() + trx_addons_fixed_rows_height(); ww = trx_addons_window_width(); wh = trx_addons_window_height() - trx_addons_fixed_rows_height(); if ( on_start_inited ) { self.scroll_update(); } }; self.scroll_update = function( force ) { if ( GET_SIZES_ON_SCROLL ) { self.get_blocks_sizes(); } jQuery.each( scroll_list, function( index, block ) { if ( parallax_type.indexOf('layers') >= 0 ) { if ( ( ! block.bg_parallax || block.prop != 'background' ) && block.speed !== undefined ) { var $image = block.selector.find( '.sc_parallax_block_image' ).eq(0), speed = block.speed, offset_top = block.sizes.top, h = block.sizes.height, y = ( wst + wh - offset_top ) / h * 100; if ( wst < offset_top - wh) y = 0; if ( wst > offset_top + h) y = 200; y = parseFloat( speed * y ).toFixed(1); if ( 'background' === block.prop ) { $image.css( { 'background-position': block.x + '% calc(' + block.y + '% + ' + y + 'px)' } ); } else { $image.css( { 'transform': 'translateY(' + y + 'px)' } ); } } } if ( parallax_type.indexOf('blocks') >= 0 ) { var params = self.get_block_params( block ); var w_top = wst + wh * ( 1 - params.range_end / 100 ), w_bottom = wst + wh * ( 1 - params.range_start / 100 ), w_delta = params.flow == 'entrance' ? 0 : 100, obj = params.selector, obj_width = params.sizes.width, obj_height = params.sizes.height, obj_top = params.sizes.top + ( ww < TRX_ADDONS_STORAGE['mobile_breakpoint_scroll_lag_off'] ? 0 : params.lag ), obj_bottom = obj_top + obj_height, parent_top = params.flow == 'sticky' ? params.sizes.parent_top : 0, parent_bottom = params.flow == 'sticky' ? parent_top + params.sizes.parent_height * ( 1 - params.sticky_offset / 100 ) : 0; var entrance_complete = obj.hasClass('sc_parallax_entrance_complete'), bottom_delta = params.flow == 'entrance' && params.range_start == 0 ? wh * ( 1 - params.range_start / 100 ) / 10 : 0; var obj_visible = true; if ( obj.data('inited') === undefined && params.flow != 'sticky' ) { if ( obj_top > w_bottom ) { obj_top = w_bottom + w_delta - bottom_delta; obj_visible = false; } else if ( obj_bottom < w_top ) { obj_bottom = w_top - w_delta; obj_visible = false; } obj.data( 'inited', 1 ); } if ( ( force || params.force ) || ( ! entrance_complete && w_top - w_delta <= ( params.flow == 'sticky' ? parent_bottom : ( params.flow == 'in_out' && params.in_out_state == 'in' ? obj_top : obj_bottom ) ) && ( params.flow == 'sticky' ? parent_top : ( params.flow == 'in_out' && params.in_out_state == 'out' ? obj_bottom : obj_top ) ) <= w_bottom + w_delta - bottom_delta ) ) { if ( params.flow == 'entrance' ) { var entrance_start = false; if ( ! obj.data( 'entrance-inited' ) ) { if ( obj_bottom <= w_top - w_delta ) { obj.addClass('sc_parallax_entrance_complete'); } else { entrance_start = true; } obj.data( 'entrance-inited', 1 ); } else if ( ! obj.hasClass('sc_parallax_entrance_complete') ) { obj.addClass('sc_parallax_entrance_complete'); } } var delta, shift; if ( params.flow == 'entrance' ) { delta = 1; shift = entrance_start ? 0 : 1; } else if ( params.flow == 'sticky' ) { var obj_anchor = obj_top + Math.round( obj_height * ( 100 - params.range_start ) / 100 ); delta = Math.max( 1, parent_bottom - obj_bottom ); shift = Math.max( 0, w_bottom - obj_anchor ); if ( force ) { block.selector.css( 'top', 'calc( ' + ( 100 - params.range_start ) + '% - ' + ( obj_anchor - obj_top ) + 'px )' ); } } else if ( params.flow == 'in_out' ) { delta = Math.max( 1, wh * ( params.range_end - params.range_start ) / 100 ); shift = w_bottom - ( params.in_out_state == 'in' ? obj_top : obj_bottom ); } else { delta = Math.max( 1, wh * ( params.range_end - params.range_start ) / 100 + obj_height ); shift = w_bottom - obj_top; } var x_start_in_px = params.x_start_unit == 'px' || params.x_start_unit == params.x_end_unit ? params.x_start : trx_addons_units2px( params.x_start + params.x_start_unit, obj, 'x' ), x_end_in_px = params.x_end_unit == 'px' || params.x_start_unit == params.x_end_unit ? params.x_end : trx_addons_units2px( params.x_end + params.x_end_unit, obj, 'x' ), y_start_in_px = params.y_start_unit == 'px' || params.y_start_unit == params.y_end_unit ? params.y_start : trx_addons_units2px( params.y_start + params.y_start_unit, obj, 'y' ), y_end_in_px = params.y_end_unit == 'px' || params.y_start_unit == params.y_end_unit ? params.y_end : trx_addons_units2px( params.y_end + params.y_end_unit, obj, 'y' ), step_x = x_start_in_px != x_end_in_px ? ( x_end_in_px - x_start_in_px ) / delta : 0, step_y = y_start_in_px != y_end_in_px ? ( y_end_in_px - y_start_in_px ) / delta : 0, step_scale = params.scale_start != params.scale_end ? ( params.scale_end - params.scale_start ) / 100 / delta : 0, step_rotate = params.rotate_start != params.rotate_end ? ( params.rotate_end - params.rotate_start ) / delta : 0, step_opacity = params.opacity_start != params.opacity_end ? ( params.opacity_end - params.opacity_start ) / delta : 0, step_blur = params.blur_start != params.blur_end ? ( params.blur_end - params.blur_start ) / delta : 0, step_backdrop_blur = params.backdrop_blur_start != params.backdrop_blur_end ? ( params.backdrop_blur_end - params.backdrop_blur_start ) / delta : 0, step_crop = ! trx_addons_is_off( params.crop ) && params.crop_start != params.crop_end ? ( params.crop_end - params.crop_start ) / delta : 0; var scroller_init = { overwrite: true, ease: self.get_ease( params.flow == 'entrance' ? params.ease : 'power2' ) }, val = false; if ( step_x !== 0 ) { val = Math.round( x_start_in_px + shift * step_x ); if ( x_start_in_px < x_end_in_px && val < x_start_in_px || x_start_in_px > x_end_in_px && val > x_start_in_px ) { val = x_start_in_px; } if ( x_start_in_px < x_end_in_px && val > x_end_in_px || x_start_in_px > x_end_in_px && val < x_end_in_px ) { val = x_end_in_px; } scroller_init.x = val + ( params.x_start_unit == params.x_end_unit ? params.x_start_unit : 'px' ); } if ( step_y !== 0 ) { val = Math.round( y_start_in_px + shift * step_y ); if ( y_start_in_px < y_end_in_px && val < y_start_in_px || y_start_in_px > y_end_in_px && val > y_start_in_px ) { val = y_start_in_px; } if ( y_start_in_px < y_end_in_px && val > y_end_in_px || y_start_in_px > y_end_in_px && val < y_end_in_px ) { val = y_end_in_px; } scroller_init.y = val + ( params.y_start_unit == params.y_end_unit ? params.y_start_unit : 'px' ); } if ( step_rotate !== 0 ) { val = trx_addons_round_number( params.rotate_start + shift * step_rotate, 2); if ( params.rotate_start < params.rotate_end && val < params.rotate_start || params.rotate_start > params.rotate_end && val > params.rotate_start ) { val = params.rotate_start; } if ( params.rotate_start < params.rotate_end && val > params.rotate_end || params.rotate_start > params.rotate_end && val < params.rotate_end ) { val = params.rotate_end; } scroller_init.rotation = val; } if ( step_scale !== 0 ) { val = trx_addons_round_number( params.scale_start / 100 + shift * step_scale, 2 ); if ( params.scale_start < params.scale_end && val < params.scale_start / 100 || params.scale_start > params.scale_end && val > params.scale_start / 100 ) { val = params.scale_start / 100; } if ( params.scale_start < params.scale_end && val > params.scale_end / 100 || params.scale_start > params.scale_end && val < params.scale_end / 100 ) { val = params.scale_end / 100; } scroller_init.scale = val; } if ( step_opacity !== 0 ) { val = trx_addons_round_number( params.opacity_start + shift * step_opacity, 2 ); if ( params.opacity_start < params.opacity_end && val < params.opacity_start || params.opacity_start > params.opacity_end && val > params.opacity_start ) { val = params.opacity_start; } if ( params.opacity_start < params.opacity_end && val > params.opacity_end || params.opacity_start > params.opacity_end && val < params.opacity_end ) { val = params.opacity_end; } scroller_init.opacity = Math.max( 0, Math.min( 1, val ) ); } if ( step_blur !== 0 ) { val = trx_addons_round_number( params.blur_start + shift * step_blur, 2 ); if ( params.blur_start < params.blur_end && val < params.blur_start || params.blur_start > params.blur_end && val > params.blur_start ) { val = params.blur_start; } if ( params.blur_start < params.blur_end && val > params.blur_end || params.blur_start > params.blur_end && val < params.blur_end ) { val = params.blur_end; } scroller_init.filter = 'blur(' + Math.max( 0, val ) + ')'; } if ( step_backdrop_blur !== 0 ) { val = trx_addons_round_number( params.backdrop_blur_start + shift * step_backdrop_blur, 2 ); if ( params.backdrop_blur_start < params.backdrop_blur_end && val < params.backdrop_blur_start || params.backdrop_blur_start > params.backdrop_blur_end && val > params.backdrop_blur_start ) { val = params.backdrop_blur_start; } if ( params.backdrop_blur_start < params.backdrop_blur_end && val > params.backdrop_blur_end || params.backdrop_blur_start > params.backdrop_blur_end && val < params.backdrop_blur_end ) { val = params.backdrop_blur_end; } scroller_init.backdropFilter = 'blur(' + Math.max( 0, val ) + 'px)'; } if ( step_crop !== 0 ) { val = trx_addons_round_number( params.crop_start + shift * step_crop, 2 ); if ( params.crop_start < params.crop_end && val < params.crop_start || params.crop_start > params.crop_end && val > params.crop_start ) { val = params.crop_start; } if ( params.crop_start < params.crop_end && val > params.crop_end || params.crop_start > params.crop_end && val < params.crop_end ) { val = params.crop_end; } scroller_init.crop = Math.max( 0, Math.min( 100, val ) ); scroller_init.onUpdate = function( t ) { obj.css( 'clip-path', self.clip_path( obj.prop( 'crop' ), params.crop, obj ) ); }; } obj.data( 'trx-parallax-scroller-init', scroller_init ); if ( [ 'chars', 'words'].indexOf( params.text ) != -1 && obj.data('element_type') !== undefined ) { var $inner_obj = parallax_text_prepare( obj, [params] ); if ( $inner_obj && $inner_obj.length > 0 ) { $inner_obj.addClass( 'trx_addons_parallax_blocks_need_start' ); obj.removeClass( 'trx_addons_parallax_blocks_need_start' ); obj = $inner_obj; } } if ( step_crop !== 0 ) { obj.each( function() { if ( jQuery( this ).prop( 'crop' ) === undefined ) { jQuery( this ).prop( 'crop', scroller_init.crop ); } } ); } var set_start_position = force; if ( val !== false ) { var animate = function() { obj.each( function(idx) { var duration = Math.max( 0, params.duration ); if ( ( duration == 0 || ( params.transition !== undefined && ! params.transition ) ) ) { if ( ! obj.eq( idx ).hasClass( 'trx_addons_no_transition' ) ) { obj.eq( idx ).addClass( 'trx_addons_no_transition' ); } } if ( idx === 0 || set_start_position ) { TweenMax.to( obj.eq( idx ), set_start_position ? 0 : duration, scroller_init ); if ( set_start_position && ! obj.eq( idx ).hasClass( 'trx_addons_parallax_blocks_on_start' ) ) { obj.eq( idx ).addClass( 'trx_addons_parallax_blocks_on_start' ); } } else { setTimeout( function() { TweenMax.to( obj.eq( idx ), duration, scroller_init ); }, ( params.text == 'chars' ? 75 : 250 ) * idx * params.squeeze ); } } ); }; if ( params.flow == 'entrance' && params.delay > 0 && ! entrance_start ) { setTimeout( animate, params.delay * 1000 ); } else { animate(); } } else if ( set_start_position ) { obj.addClass( 'trx_addons_parallax_blocks_on_start' ); } } } } ); }; self.crop_reverse = function( params, state ) { var crop_in = params.crop_orig ? params.crop_orig : params.crop, crop_out = crop_in; if ( state == 'out' ) { if ( ! params.crop_orig ) params.crop_orig = crop_in; if ( crop_in == 'wipe_left_right') crop_out = 'wipe_right_left'; else if ( crop_in == 'wipe_right_left') crop_out = 'wipe_left_right'; else if ( crop_in == 'wipe_top_bottom') crop_out = 'wipe_bottom_top'; else if ( crop_in == 'wipe_bottom_top') crop_out = 'wipe_top_bottom'; else if ( crop_in == 'corner_top_left') crop_out = 'corner_bottom_right'; else if ( crop_in == 'corner_top_right') crop_out = 'corner_bottom_left'; else if ( crop_in == 'corner_bottom_left') crop_out = 'corner_top_right'; else if ( crop_in == 'corner_bottom_right') crop_out = 'corner_top_left'; else if ( crop_in == 'box_left') crop_out = 'box_right'; else if ( crop_in == 'box_right') crop_out = 'box_left'; else if ( crop_in == 'box_top') crop_out = 'box_bottom'; else if ( crop_in == 'box_bottom') crop_out = 'box_top'; } return state == 'in' ? crop_in : crop_out; }; self.clip_path = function( val, type, obj ) { var clip = ''; if ( type == 'circle' ) { clip = 'circle(' + val + '% at center)'; } else if ( type == 'ellipse_hor' ) { clip = 'ellipse( ' + Math.min( 100, val * 1.2 ) + '% ' + val + '% at center)'; } else if ( type == 'ellipse_ver' ) { clip = 'ellipse(' + val + '% ' + Math.min( 100, val * 2.5 ) + '% at center)'; } else { var border_radius = obj.data( 'trx-addons-clip-border-radius' ) === undefined ? obj.find('>.elementor-widget-container').css( 'border-radius' ) : obj.data( 'trx-addons-clip-border-radius' ); if ( obj.data( 'trx-addons-clip-border-radius' ) === undefined ) { obj.data( 'trx-addons-clip-border-radius', border_radius ); } var x_divider = ['wipe_out_vertical', 'box_center', 'box_top', 'box_bottom'].indexOf( type ) != -1 ? 2 : 1; var y_divider = ['wipe_out_horizontal', 'box_center', 'box_left', 'box_right'].indexOf( type ) != -1 ? 2 : 1; var shift_top = ['wipe_bottom_top', 'wipe_out_horizontal', 'corner_bottom_left', 'corner_bottom_right', 'box_center', 'box_left', 'box_right', 'box_bottom'].indexOf( type ) != -1 ? 1 : 0; var shift_bottom = ['wipe_top_bottom', 'wipe_out_horizontal', 'corner_top_left', 'corner_top_right', 'box_center', 'box_left', 'box_right', 'box_top'].indexOf( type ) != -1 ? 1 : 0; var shift_left = ['wipe_right_left', 'wipe_out_vertical', 'corner_top_right', 'corner_bottom_right', 'box_center', 'box_top', 'box_right', 'box_bottom'].indexOf( type ) != -1 ? 1 : 0; var shift_right = ['wipe_left_right', 'wipe_out_vertical', 'corner_top_left', 'corner_bottom_left', 'box_center', 'box_top', 'box_left', 'box_bottom'].indexOf( type ) != -1 ? 1 : 0; clip = 'inset(' + ( shift_top ? ( 100 - val ) / y_divider : 0 ) + '% ' + ( shift_right ? ( 100 - val ) / x_divider : 0 ) + '% ' + ( shift_bottom ? ( 100 - val ) / y_divider : 0 ) + '% ' + ( shift_left ? ( 100 - val ) / x_divider : 0 ) + '%' + ( parseFloat( border_radius ) > 0 ? ' round ' + border_radius : '' ) + ')'; } return clip; }; self.mouse_move_handler = function( e ) { if ( tw === 0 ) { tl = $targetLayers.offset().left; tt = $targetLayers.offset().top; tw = $targetLayers.width(); th = ['window', 'content'].indexOf($targetLayers.data('mouse-handler'))!=-1 ? Math.min(trx_addons_window_height(), $targetLayers.height()) : $targetLayers.height(); cx = Math.ceil( tw / 2 ); cy = Math.ceil( th / 2 ); } wst = trx_addons_window_scroll_top() + trx_addons_fixed_rows_height(); ww = trx_addons_window_width(); wh = trx_addons_window_height() - trx_addons_fixed_rows_height(); dx = e.clientX - tl - cx; dy = ['window', 'content'].indexOf($targetLayers.data('mouse-handler'))!=-1 ? e.clientY - cy : e.clientY + wst - tt - cy; tx = -1 * ( dx / cx ); ty = -1 * ( dy / cy ); jQuery.each( mouse_list, self.mouse_move_update ); }; self.mouse_leave_handler = function( e ) { jQuery.each( mouse_list, function( index, block ) { var $image = block.selector.find( '.sc_parallax_block_image' ).eq(0); if ( $image.length === 0 ) { $image = block.selector; } var x = 0, y = 0, z = 0; var scroller_init = block.selector.data( 'trx-parallax-scroller-init' ); if ( scroller_init ) { x = x * 1 + trx_addons_units2px( ( scroller_init.css ? scroller_init.css.x : scroller_init.x ) || 0, block, 'x' ); y = y * 1 + trx_addons_units2px( ( scroller_init.css ? scroller_init.css.y : scroller_init.y ) || 0, block, 'y' ); } if ( block.prop == 'background' ) { TweenMax.to( $image, 1.5, { overwrite: true, backgroundPositionX: block.x + '%', backgroundPositionY: block.y + '%', ease: Power2.easeOut } ); } else if ( block.prop == 'transform' ) { TweenMax.to( $image, 1.5, { overwrite: true, x: x, y: y, ease:Power2.easeOut } ); } else if ( block.prop == 'transform3d' ) { TweenMax.to( $image, 1.5, { overwrite: true, x: x, y: y, z: z, rotationX: 0, rotationY: 0, ease:Power2.easeOut } ); } else if ( block.prop == 'tilt' ) { TweenMax.to( $image, 0.2, { overwrite: true, x: x, y: y, z: z, rotationX: 0, rotationY: 0, scale: 1, transformPerspective: 1500, ease:Power2.easeOut } ); } } ); }; self.mouse_move_update = function( index, block, time, ease ) { var $image = block.selector.find( '.sc_parallax_block_image' ).eq(0), speed = block.speed, x = parseFloat( tx * 125 * speed ).toFixed(1), y = parseFloat( ty * 125 * speed ).toFixed(1), z = block.z * 50, rotate_x = parseFloat( tx * 25 * speed ).toFixed(1), rotate_y = parseFloat( ty * 25 * speed ).toFixed(1); var scroller_init = block.selector.data( 'trx-parallax-scroller-init' ); if ( scroller_init ) { x = x * 1 + trx_addons_units2px( ( scroller_init.css ? scroller_init.css.x : scroller_init.x ) || 0, block, 'x' ); y = y * 1 + trx_addons_units2px( ( scroller_init.css ? scroller_init.css.y : scroller_init.y ) || 0, block, 'y' ); } if ( $image.length === 0 ) { $image = block.selector; } if ( block.prop == 'background' ) { var bx = block.x * 1 + x / ww * 100, by = block.y * 1 + y / wh * 100; TweenMax.to( $image, time === undefined ? 1 : time, { overwrite: true, backgroundPositionX: bx + '%', backgroundPositionY: by + '%', ease: ease === undefined ? Power2.easeOut : ease } ); } else if ( block.prop == 'transform' ) { TweenMax.to( $image, time === undefined ? 1 : time, { overwrite: true, x: x, y: y, ease: ease === undefined ? Power2.easeOut : ease } ); } else if ( block.prop == 'transform3d' ) { TweenMax.to( $image, time === undefined ? 2 : time, { overwrite: true, x: x, y: y, z: z, rotationX: rotate_y, rotationY: -rotate_x, ease: ease === undefined ? Power2.easeOut : ease } ); } else if ( block.prop == 'tilt' ) { var m = block.tilt_amount > 0 ? block.tilt_amount : 70, k = ['window', 'content'].indexOf($targetLayers.data('mouse-handler')) != -1 ? 2 : 4; z = Math.max(0, block.z); if ( isNaN(z) ) z = 0; TweenMax.set( $image, { transformOrigin: ((dx + cx) * 25 / tw + 40) + "% " + ((dy + cy) * 25 / th + 40) + "%", transformPerspective: 1000 + 500 * z } ); TweenMax.to( $image, time === undefined ? 0.5 : time, { overwrite: true, rotationX: dy / ( m - k * z ), rotationY: -dx / ( m - k * z ), y: ty * 2 * z, x: tx * 2 * z, z: 2 * z, scale: 1 + z / 100, ease: ease === undefined ? Power2.easeOut : ease } ); } }; self.motion_move_handler = function() { if ( tw === 0 ) { tl = $targetLayers.offset().left; tt = $targetLayers.offset().top; tw = $targetLayers.width(); th = $targetLayers.height(); cx = Math.ceil( tw / 2 ); cy = Math.ceil( th / 2 ); } jQuery.each( motion_list, function( index, block ) { var fi, delta = ( ( motion_period * motion_step ) % ( block['motion_time'] * 1000 ) ) / ( block['motion_time'] * 1000 ), angle = 2 * Math.PI * delta; if ( block['motion_dir'] == 'round' ) { fi = Math.atan2(tw / 2 * Math.sin(angle), th / 2 * Math.cos(angle)); dx = tw / 2 * Math.cos(fi); dy = th / 2 * Math.sin(fi); } else if ( block['motion_dir'] == 'random' ) { dx = -tw + tw * 2 * Math.random(); dy = -th + th * 2 * Math.random(); } else { dx = block['motion_dir'] == 'vertical' ? 0 : tw / 2 * Math.cos(angle); dy = block['motion_dir'] == 'horizontal' ? 0 : th / 2 * Math.sin(angle); } tx = -1 * ( dx / cx ); ty = -1 * ( dy / cy ); if ( block['motion_dir'] == 'random' ) { if ( delta === 0 ) { self.mouse_move_update(index, block, block['motion_time'], Power0.easeNone); } } else { self.mouse_move_update(index, block, block['motion_time'], block['motion_dir'] == 'round' ? Power0.easeNone : Power2.easeOut ); } } ); motion_step++; }; self.get_ease = function(name) { name = name.toLowerCase(); if ( name == 'none' || name == 'line' || name == 'linear' || name == 'power0' ) return Power0.easeNone; else if ( name == 'power1') return Power1.easeOut; else if ( name == 'power2') return Power2.easeOut; else if ( name == 'power3') return Power3.easeOut; else if ( name == 'power4') return Power4.easeOut; else if ( name == 'back') return Back.easeOut; else if ( name == 'elastic') return Elastic.easeOut; else if ( name == 'bounce') return Bounce.easeOut; else if ( name == 'rough') return Rough.easeOut; else if ( name == 'slowmo') return SlowMo.easeOut; else if ( name == 'stepped') return Stepped.easeOut; else if ( name == 'circ') return Circ.easeOut; else if ( name == 'expo') return Expo.easeOut; else if ( name == 'sine') return Sine.easeOut; }; }; window.trx_addons_bg_parallax = function(clip) { var parallax = clip.querySelectorAll('.sc_parallax_block_image[parallax]'), parallaxDetails = [], sticky = false; var fixedPos = document.createElement('div'); fixedPos.style.position = 'fixed'; fixedPos.style.top = '0'; fixedPos.style.width = '1px'; fixedPos.style.height = '1px'; fixedPos.style.zIndex = 1; document.body.insertBefore(fixedPos, document.body.firstChild); for ( var i = 0; i < parallax.length; i++ ) { var elem = parallax[i]; var container = elem.parentNode; if ( getComputedStyle(container).overflow != 'visible' ) { console.error('Need non-scrollable container to apply perspective for', elem); continue; } if ( clip && container.parentNode != clip ) { console.warn('Currently we only track a single overflow clip, but elements from multiple clips found.', elem); } clip = container.parentNode; if (getComputedStyle(clip).overflow == 'visible') { console.error('Parent of sticky container should be scrollable element', elem); } var perspectiveElement; if (sticky || getComputedStyle(clip).webkitOverflowScrolling) { sticky = true; perspectiveElement = container; } else { perspectiveElement = clip; container.style.transformStyle = 'preserve-3d'; } perspectiveElement.style.perspectiveOrigin = 'bottom right'; perspectiveElement.style.perspective = '1px'; if (sticky) { elem.style.position = '-webkit-sticky'; elem.style.top = '0'; } elem.style.transformOrigin = 'bottom right'; var previousCover = parallax[i].previousElementSibling; while (previousCover && previousCover.hasAttribute('parallax')) { previousCover = previousCover.previousElementSibling; } var nextCover = parallax[i].nextElementSibling; while (nextCover && !nextCover.hasAttribute('parallax-cover')) { nextCover = nextCover.nextElementSibling; } parallaxDetails.push( { 'node': parallax[i], 'top': parallax[i].offsetTop, 'sticky': !!sticky, 'nextCover': nextCover, 'previousCover': previousCover } ); } for ( i = 0; i < parallax.length; i++ ) { parallax[i].parentNode.insertBefore(parallax[i], parallax[i].parentNode.firstChild); } clip.addEventListener( 'scroll', function() { for (var i = 0; i < parallaxDetails.length; i++) { var container = parallaxDetails[i].node.parentNode; var previousCover = parallaxDetails[i].previousCover; var nextCover = parallaxDetails[i].nextCover; var parallaxStart = previousCover ? (previousCover.offsetTop + previousCover.offsetHeight) : 0; var parallaxEnd = nextCover ? nextCover.offsetTop : container.offsetHeight; var threshold = 200; var visible = parallaxStart - threshold - clip.clientHeight < clip.scrollTop && parallaxEnd + threshold > clip.scrollTop; var display = 'block'; if (parallaxDetails[i].node.style.display != display) { parallaxDetails[i].node.style.display = display; } } } ); var bg_parallax_resize = function(details) { for (var i = 0; i < details.length; i++) { var container = details[i].node.parentNode; var clip = container.parentNode; var previousCover = details[i].previousCover; var nextCover = details[i].nextCover; var rate = details[i].node.getAttribute('parallax'); var parallaxStart = previousCover ? (previousCover.offsetTop + previousCover.offsetHeight) : 0; var scrollbarWidth = details[i].sticky ? 0 : clip.offsetWidth - clip.clientWidth; var parallaxElem = details[i].sticky ? container : clip; var height = details[i].node.offsetHeight; var depth = 0; if ( rate ) { depth = 1 - (1 / rate); } else { var parallaxEnd = nextCover ? nextCover.offsetTop : container.offsetHeight; depth = (height - parallaxEnd + parallaxStart) / (height - clip.clientHeight); } if ( details[i].sticky ) { depth = 1.0 / depth; } var scale = 1.0 / (1.0 - depth); var dx = scrollbarWidth * (scale - 1); var dy = details[i].sticky ? -(clip.scrollHeight - parallaxStart - height) * (1 - scale) : (parallaxStart - depth * (height - clip.clientHeight)) * scale; details[i].node.style.transform = 'scale(' + (1 - depth) + ') translate3d(' + dx + 'px, ' + dy + 'px, ' + depth + 'px)'; } }; window.addEventListener('resize', bg_parallax_resize.bind(null, parallaxDetails)); bg_parallax_resize(parallaxDetails); }; } )(); jQuery( document ).ready(function() { "use strict"; var $window = jQuery( window ), $document = jQuery( document ), $body = jQuery( 'body' ); $document.on( 'action.init_hidden_elements', function(e, cont) { jQuery('.sc_services_qw-panel .sc_services_item:not(.switch_qw_panel_inited)').addClass('switch_qw_panel_inited').each(function() { var $self = jQuery(this); var $text = $self.find('.sc_services_item_text'); $self.on('mouseenter', function() { var num = $self.data('item-number'), $posts = $self.parents('.sc_item_posts_container'), $old_panel = $posts.find('.sc_qw_panel_thumb_active').removeClass('sc_qw_panel_thumb_active'), $new_panel = $posts.find('.sc_qw_panel_thumb[data-thumb-number="' + num + '"]').addClass('sc_qw_panel_thumb_active'); $document.trigger( 'action.init_hidden_elements', [$new_panel] ); }); function assign_hover($self, $text) { $self .off('.qw-panel') .on('mouseenter.qw-panel', function() { if ($text.css('display') == 'none') { $text.stop().slideDown(300); } }) .on('mouseleave.qw-panel', function() { $text.stop().slideUp(300); }); } var reassign_hover = trx_addons_throttle(function() { assign_hover($self, $text); }, 1100); assign_hover($self, $text); $document.on( 'action.resize_trx_addons', function() { reassign_hover($self, $text); }); }); cont.find( '.sc_testimonials_masonry_wrap').each( function() { var testimonials = jQuery(this); if ( testimonials.parents( 'div:hidden,article:hidden' ).length > 0 ) return; if ( ! testimonials.hasClass( 'inited' ) ) { trx_addons_when_images_loaded( testimonials, function() { setTimeout( function() { testimonials.masonry( { itemSelector: '.sc_testimonials_masonry_item', columnWidth: '.sc_testimonials_masonry_item', percentPosition: true } ); testimonials.addClass( 'inited' ); jQuery( window ).trigger( 'resize' ); jQuery( window ).trigger( 'scroll' ); }, 10 ); }); } else { } }); }); trx_addons_add_filter( 'trx_addons_filter_slider_init_args', function( $param, $init ) { if( $init.parents('.slider_width_auto').length > 0 ) { $param.slidesPerView = 'auto'; } return $param; }); jQuery('.sc_portfolio_qw-case:not(.qw_case_inited)').addClass('qw_case_inited').each(function() { var items = jQuery(this).find('.sc_portfolio_item'); items.first().addClass('is-active'); items.each( function() { var $item = jQuery(this); $item.off('.qw-case') .on('mouseenter.qw-case', function() { items.removeClass('is-active'); $item.addClass('is-active'); }); }); }); }); jQuery(document).on('action.ready_trx_addons', function() { "use strict"; var USE_OBSERVERS = trx_addons_apply_filters( 'trx_addons_filter_use_observers_to_fix_rows', true ) && typeof IntersectionObserver != 'undefined'; var $document = jQuery( document ), $body = jQuery( 'body' ); function get_id( row ) { return row.attr('id') ? row.attr('id') : row.attr('data-id'); } if ( ! TRX_ADDONS_STORAGE['pagebuilder_preview_mode'] && ! $body.hasClass( 'sc_layouts_row_fixed_inited' ) ) { var rows = jQuery('.sc_layouts_row_fixed'), rows_always = rows.filter('.sc_layouts_row_fixed_always'), rows_delayed = rows.filter('.sc_layouts_row_delay_fixed'), last_scroll_offset = -1; if ( rows.length > 0 ) { rows.each( function( idx ) { var row = rows.eq( idx ); if ( row.hasClass('sc_layouts_row_hide_unfixed' ) ) { if ( ! row.prev().hasClass('sc_layouts_row_unfixed_placeholder') ) { row.before( '<div class="sc_layouts_row_unfixed_placeholder">' + ( USE_OBSERVERS ? '<div class="sc_layouts_row_fixed_marker_on"></div>' : '' ) + '</div>'); } } var row_next = row.next(); if ( ! row_next.hasClass( 'sc_layouts_row_fixed_placeholder' ) ) { if ( row_next.hasClass( 'vc_row-full-width' ) ) { row_next .addClass( 'sc_layouts_row_fixed_placeholder' ) .css( 'background-color', row.css( 'background-color' ) ) .append( '<div class="sc_layouts_row_fixed_marker_off"></div>' ); } else { row.after( '<div class="sc_layouts_row_fixed_placeholder" style="background-color:' + row.css('background-color') + ';"><div class="sc_layouts_row_fixed_marker_off"></div></div>' ); } if ( USE_OBSERVERS && ! row.hasClass('sc_layouts_row_hide_unfixed' ) ) { row.append('<div class="sc_layouts_row_fixed_marker_on"></div>'); } } } ); var timedFix = trx_addons_throttle( function() { trx_addons_cpt_layouts_fix_rows( { rows: rows, rows_always: rows_always } ); last_scroll_offset = trx_addons_window_scroll_top(); }, 150 ); $document .on('action.scroll_trx_addons', function() { trx_addons_cpt_layouts_hide_fixed_rows(); if ( ! USE_OBSERVERS ) { trx_addons_cpt_layouts_fix_rows( { rows: rows, rows_always: rows_always } ); last_scroll_offset = trx_addons_window_scroll_top(); } else { timedFix(); } }) .on('action.resize_trx_addons', function() { trx_addons_cpt_layouts_check_mobile_breakpoint(); trx_addons_cpt_layouts_hide_fixed_rows(); trx_addons_cpt_layouts_fix_rows( { rows: rows, rows_always: rows_always, resize: true } ); }); if ( USE_OBSERVERS ) { var fixed_rows_observe = function() { rows.each( function( idx ) { var row = rows.eq( idx ); var delay = trx_addons_cpt_layouts_fix_rows_delay( row ); var marker_off = row.next().find( '>.sc_layouts_row_fixed_marker_off' ); var marker_on = row.hasClass( 'sc_layouts_row_hide_unfixed' ) ? row.prev().find( '>.sc_layouts_row_fixed_marker_on' ) : row.find( '>.sc_layouts_row_fixed_marker_on' ); var observer = row.data( 'trx-addons-fixed-observer' ); if ( observer ) { if ( marker_off.length ) observer.unobserve( marker_off.get(0) ); if ( marker_on.length ) observer.unobserve( marker_on.get(0) ); observer.disconnect(); observer = null; } if ( row.css('display') == 'none' && ! row.hasClass('sc_layouts_row_hide_unfixed' ) ) { return; } if ( trx_addons_window_width() < TRX_ADDONS_STORAGE['mobile_breakpoint_fixedrows_off'] && ! row.hasClass( 'sc_layouts_row_fixed_always' ) ) { return; } var row_height = row.hasClass( 'sc_layouts_row_hide_unfixed' ) ? 0 : row.outerHeight(); observer = new IntersectionObserver( function( entries ) { var time = new Date().getTime(); entries.forEach( function( entry ) { var marker = jQuery( entry.target ), parent = marker.parent(), row = parent; if ( parent.hasClass( 'sc_layouts_row_unfixed_placeholder' ) ) { row = row.next(); } else if ( parent.hasClass( 'sc_layouts_row_fixed_placeholder' ) ) { row = row.prev(); } var animation_off_timeout = trx_addons_cpt_layouts_fix_rows_off_timeout( delay, row ); var last_fixed_time = row.data('trx-addons-last-fixed-time') || 0; if ( row.hasClass( 'sc_layouts_row_fixed_on' ) && entry.isIntersecting ) { if ( time - last_fixed_time > animation_off_timeout && entry.boundingClientRect && entry.rootBounds && entry.boundingClientRect.top >= entry.rootBounds.top ) { if ( ! row.hasClass( 'sc_layouts_row_fixed_animation_off' ) ) { trx_addons_cpt_layouts_fix_rows( { rows: rows, rows_always: rows_always, force_row: row, force_state: 'off' } ); } } } else if ( ! row.hasClass( 'sc_layouts_row_fixed_on' ) && ! entry.isIntersecting ) { if ( time - last_fixed_time > animation_off_timeout && entry.boundingClientRect && entry.rootBounds && entry.boundingClientRect.bottom < entry.rootBounds.top ) { trx_addons_cpt_layouts_fix_rows( { rows: rows, rows_always: rows_always, force_row: row, force_state: 'on' } ); } } } ); }, { root: null, rootMargin: ( delay - trx_addons_fixed_rows_height() + ( ! $body.hasClass('hide_fixed_rows') && row.hasClass( 'sc_layouts_row_fixed_on' ) ? row_height : 0 ) ) + 'px 0px 0px 0px', threshold: 0 } ); var marker = row.hasClass( 'sc_layouts_row_fixed_on' ) ? marker_off : marker_on; observer.observe( marker.get(0) ); row.data( 'trx-addons-fixed-observer', observer ); } ); }; $document.on('action.sc_layouts_row_fixed_on action.sc_layouts_row_fixed_off', fixed_rows_observe ); fixed_rows_observe(); } $body.addClass( 'sc_layouts_row_fixed_inited' ); } } function trx_addons_cpt_layouts_fix_rows_delay( row ) { var delay = 0; if ( row.hasClass( 'sc_layouts_row_delay_fixed' ) ) { var coef = row.data( 'fixed-row-delay' ); if ( coef && ('' + coef).indexOf('px') > 0 ) { delay = Math.max( 0, parseInt( coef, 10 ) ); } else { if ( ! coef || isNaN( coef ) || coef <= 0 ) { coef = 3 / 4; } delay = Math.max( 0, trx_addons_window_height() * coef ); } } return trx_addons_apply_filters( 'trx_addons_filter_fixed_rows_delay', delay ); } function trx_addons_cpt_layouts_fix_rows_off_timeout( delay, $row ) { var timeout = delay > 0 ? getComputedStyle( $row.get(0) ).getPropertyValue('--trx-addons-fixed-rows-duration') || undefined : 0; if ( timeout == undefined ) { timeout = 300; } if ( ('' + timeout).indexOf('ms') > 0 ) { timeout = parseInt( timeout, 10 ); } else if ( ('' + timeout).indexOf('s') > 0 ) { timeout = parseFloat( timeout ) * 1000; } return trx_addons_apply_filters( 'trx_addons_filter_sc_layouts_row_fixed_off_timeout', delay > 0 ? timeout : 0, delay ); } function trx_addons_cpt_layouts_hide_fixed_rows() { if ( TRX_ADDONS_STORAGE['hide_fixed_rows'] > 0 && ! window.trx_addons_document_animate_to_busy ) { var scroll_delta = 50; var scroll_offset = trx_addons_window_scroll_top(); if ( last_scroll_offset >= 0 ) { var event = ''; if ( scroll_offset > last_scroll_offset + scroll_delta ) { if ( scroll_offset > trx_addons_window_height() * ( rows_delayed.length > 0 ? 1.5 : 0.6667 ) && ! $body.hasClass( 'hide_fixed_rows' ) ) { $body.addClass( 'hide_fixed_rows' ); event = 'off'; } } else if ( scroll_offset < last_scroll_offset - scroll_delta || last_scroll_offset > 0 && scroll_offset == 0) { if ( $body.hasClass( 'hide_fixed_rows' ) ) { $body.removeClass( 'hide_fixed_rows' ); event = 'on'; } } if ( event ) { $document.trigger( 'action.sc_layouts_row_fixed_' + event, [ rows.filter('.sc_layouts_row_fixed_on') ] ); } } } } function trx_addons_cpt_layouts_check_mobile_breakpoint() { if ( trx_addons_window_width() < TRX_ADDONS_STORAGE['mobile_breakpoint_fixedrows_off'] ) { rows.each( function( idx ) { var row = rows.eq( idx ); if ( ! row.hasClass( 'sc_layouts_row_fixed_always' ) ) { row.removeClass( 'sc_layouts_row_fixed_on' ).css( { 'top': 'auto' } ); } }); } } function trx_addons_cpt_layouts_fix_rows( args ) { var rows = args.rows, rows_always = args.rows_always, resize = args.resize || false, force_row = args.force_row || null, force_state = args.force_state || ''; if ( trx_addons_window_width() < TRX_ADDONS_STORAGE['mobile_breakpoint_fixedrows_off'] ) { if ( rows_always.length === 0 ) { return; } else { rows = rows_always; } } var scroll_offset = trx_addons_window_scroll_top(), scroll_intent = last_scroll_offset >= 0 ? last_scroll_offset - scroll_offset : 0; var rows_offset = trx_addons_adminbar_height(); rows.each( function( idx ) { var row = rows.eq( idx ); var placeholder = row.next(); var h = row.outerHeight(); if ( ( row.css('display') == 'none' || h === 0 ) && ! row.hasClass('sc_layouts_row_hide_unfixed' ) ) { placeholder.height(0); return; } var ph = row.hasClass( 'sc_layouts_row_fixed_on' ) ? placeholder.outerHeight() : 0; var row_unfixed_placeholder = row.hasClass('sc_layouts_row_hide_unfixed' ) ? row.prev() : false; var delay = trx_addons_cpt_layouts_fix_rows_delay( row ); var animation_off_timeout = trx_addons_cpt_layouts_fix_rows_off_timeout( delay, row ); var time = new Date().getTime(); var last_fixed_time = row.data('trx-addons-last-fixed-time') || 0; if ( time - last_fixed_time < animation_off_timeout ) { return; } var offset = parseInt( row.hasClass( 'sc_layouts_row_fixed_on' ) || row.hasClass( 'sc_layouts_row_fixed_on_pre' ) ? placeholder.offset().top : ( row.hasClass('sc_layouts_row_hide_unfixed' ) ? row_unfixed_placeholder.offset().top : row.offset().top ), 10 ); if ( isNaN( offset ) ) { offset = 0; } if ( scroll_intent > 1 && ( ( force_state == 'off' && row.is( force_row ) ) || ( ! force_state && ( scroll_offset + rows_offset <= offset + delay || ( scroll_offset == 0 && last_scroll_offset > 0 ) || h - ph < -2 ) && ( ! row.hasClass( 'sc_layouts_row_fixed_from_start' ) || scroll_offset > 0 ) ) ) ) { if ( row.hasClass( 'sc_layouts_row_fixed_on' ) ) { row.data( 'trx-addons-last-fixed-time', time ); if ( animation_off_timeout > 0 ) { row.addClass( 'sc_layouts_row_fixed_animation_off' ); } setTimeout( function() { var ph = placeholder.outerHeight(); row .removeClass( 'sc_layouts_row_fixed_on' + ( animation_off_timeout > 0 ? ' sc_layouts_row_fixed_animation_off' : '' ) ) .css( { 'top': 'auto' } ); var h = row.outerHeight(); if ( ph != h && ! row.hasClass( 'sc_layouts_row_hide_unfixed' ) ) { ph = h; placeholder.height( h ); } $document.trigger( 'action.sc_layouts_row_fixed_off', [ row ] ); }, animation_off_timeout ); } } else { if ( ! row.hasClass( 'sc_layouts_row_fixed_on' ) ) { if ( scroll_intent <= 0 && ( ( force_state == 'on' && row.is( force_row ) ) || scroll_offset + rows_offset > offset + delay ) ) { var fixed_class = 'sc_layouts_row_fixed_on' + ( ! row.hasClass( 'sc_layouts_row_fixed_from_start' ) && scroll_offset == 0 && scroll_intent == 0 ? '_pre' : '' ); if ( ! row.hasClass( fixed_class ) ) { if ( ! row.hasClass( 'sc_layouts_row_hide_unfixed' ) ) { ph = h; placeholder.height( ph ); } row.addClass( 'sc_layouts_row_fixed_on' + ( ! row.hasClass( 'sc_layouts_row_fixed_from_start' ) && scroll_offset == 0 && scroll_intent == 0 ? '_pre' : '' ) ) .css( { 'top': rows_offset + 'px' } ); h = row.outerHeight(); if ( ph != h && ! row.hasClass( 'sc_layouts_row_hide_unfixed' ) ) { ph = h; placeholder.height( h ); } if ( fixed_class == 'sc_layouts_row_fixed_on' ) { row.data( 'trx-addons-last-fixed-time', time ); $document.trigger( 'action.sc_layouts_row_fixed_on', [ row ] ); } } } else if ( resize ) { h = row.outerHeight(); if ( ph != h && ! row.hasClass( 'sc_layouts_row_hide_unfixed' ) ) { ph = h; placeholder.height( h ); } } } else if ( resize && row.hasClass( 'sc_layouts_row_fixed_on' ) && row.offset().top != rows_offset ) { row.css( { 'top': rows_offset + 'px' } ); } if ( row.css('display') != 'none' ) { rows_offset += h; } } if ( force_state && row.is( force_row ) ) { force_state = ''; force_row = null; } }); } } ); jQuery(document).on( 'action.init_hidden_elements', function(e, container) { "use strict"; if (container.find('.sc_form_form:not(.sc_form_custom):not(.inited)').length > 0) { container.find('.sc_form_form:not(.sc_form_custom):not(.inited)') .addClass('inited') .on( 'submit', function( e ) { sc_form_validate( jQuery( this ) ); e.preventDefault(); return false; } ); } jQuery( 'input[type="text"]:not(.fill_inited),' +'input[type="number"]:not(.fill_inited),' +'input[type="search"]:not(.fill_inited),' +'input[type="password"]:not(.fill_inited),' +'input[type="email"]:not(.fill_inited),' +'input[type="tel"]:not(.fill_inited),' +'input[type="url"]:not(.fill_inited),' +'textarea:not(.fill_inited),' +'select:not(.fill_inited)' ) .each(function() { var $fld = jQuery( this ); sc_form_mark_filled( $fld ); $fld.addClass( 'fill_inited' ) .on( 'blur change', function() { var $self = jQuery( this ); sc_form_mark_filled( $self ); if ( $self.hasClass( 'filled' ) ) { $self.removeClass( 'trx_addons_field_error wpcf7-not-valid' ); } } ); } ); function sc_form_mark_filled(field) { if (field.val() !== '') field.addClass('filled'); else field.removeClass('filled'); } function sc_form_validate(form){ var url = form.attr('action'); if (url == '') return false; form.find('input').removeClass('trx_addons_error_field'); var error = trx_addons_form_validate(form, { rules: [ { field: "name", min_length: { value: 1, message: TRX_ADDONS_STORAGE['msg_field_name_empty'] }, }, { field: "email", min_length: { value: 1, message: TRX_ADDONS_STORAGE['msg_field_email_empty'] }, mask: { value: TRX_ADDONS_STORAGE['email_mask'], message: TRX_ADDONS_STORAGE['msg_field_email_not_valid'] } }, { field: "message", min_length: { value: 1, message: TRX_ADDONS_STORAGE['msg_field_text_empty'] }, } ] }); if (!error && url!='#') { jQuery.post(url, { action: "send_sc_form", nonce: TRX_ADDONS_STORAGE['ajax_nonce'], data: form.serialize() }).done( function( response ) { var rez = trx_addons_parse_ajax_response( response ); var result = form.find(".trx_addons_message_box").removeClass("trx_addons_message_box_error").removeClass("trx_addons_message_box_success"); if ( rez.error === '' ) { form.get(0).reset(); result.addClass("trx_addons_message_box_success").html(TRX_ADDONS_STORAGE['msg_send_complete']); } else { result.addClass("trx_addons_message_box_error").html(TRX_ADDONS_STORAGE['msg_send_error'] + ' ' + rez.error); } result.fadeIn().delay(3000).fadeOut(); jQuery( document ).trigger( 'action.got_ajax_response', { action: 'send_sc_form', result: rez }); }); } return !error; } }); (function() { "use strict"; var $window = jQuery(window), $document = jQuery(document); var init_attempts = 0; var init_hidden_elements_after_all_sliders_inited = trx_addons_throttle( function() { $document.trigger( 'action.init_hidden_elements', [jQuery('body')] ); }, 300, true ); $document.on( 'action.init_hidden_elements', function(e, container) { trx_addons_init_sliders(e, container); } ); function trx_addons_get_slides_breakpoint_value( $slider, name, defa ) { if ( defa === undefined ) defa = 0; var value = parseInt( $slider.data( name ) || defa, 10 ); var bp = $slider.data( name + '-breakpoints' ); if ( bp ) { var ww = trx_addons_window_width(); for ( var max in bp ) { if ( ww <= max ) { if ( bp[ max ] != '' ) { value = parseInt( bp[ max ], 10 ); } break; } } } return value; } var attempts = 50; function trx_addons_init_sliders(e, container) { if ( ! window.Swiper && attempts-- > 0 ) { setTimeout( function() { trx_addons_init_sliders(e, container); }, 100 ); } if ( window.Swiper ) { container.find( '.sc_slider_controller:not(.inited)' ).each( function () { var controller = jQuery(this).addClass('inited'); if ( controller.find('.slider_style_controller').length > 0 ) return; var slider_id = controller.data('slider-id'); if ( ! slider_id ) return; var controller_id = controller.attr('id'); if (controller_id == undefined) { controller_id = 'sc_slider_controller_' + trx_addons_get_unique_id(); controller.attr('id', controller_id); } var slider_cont = jQuery('#'+slider_id+' .slider_container:not(.slider_controller_container)').eq(0); if ( ! slider_cont.attr('data-controller') ) { slider_cont.attr('data-controller', controller_id); } var controller_style = controller.data('style'); var controller_effect = controller.data('effect'); var controller_direction = controller.data('direction'); var controller_interval = controller.data('interval'); var controller_per_view = trx_addons_get_slides_breakpoint_value( controller, 'slides-per-view', 1 ); var controller_space = trx_addons_get_slides_breakpoint_value( controller, 'slides-space', 0 ); var controller_controls = controller.data('controls'); var controller_icon_custom = controller.data('controls-icon-prev') || controller.data('controls-icon-next'); var controller_icon = controller_icon_custom ? '' : controller.data('controls-icon'); var controller_icon_prev = controller_icon_custom ? controller.data( 'controls-icon-prev' ) : ( controller_icon ? controller_icon : 'slider_arrow_default' ); var controller_icon_next = controller_icon_custom ? controller.data( 'controls-icon-next' ) : ( controller_icon_prev ? controller_icon_prev.replace( 'left', 'right' ).replace( 'up', 'down' ) : '' ); var controller_html = ''; slider_cont.find( '> .slider-wrapper > .swiper-slide' ).each( function ( idx ) { var slide = jQuery(this); var image = ''; if ( controller_style.indexOf('thumbs') != -1 ) { if ( slide.data('image') ) { image = slide.data('image'); } else if ( slide.find('.post_thumb_bg').length > 0 ) { image = slide.find('.post_thumb_bg').css('background-image').replace('url(', '').replace(')', '').replace(';', '').replace('"', ''); } else if ( slide.css('background-image') && slide.css('background-image') != 'none' ) { image = slide.css('background-image').replace('url(', '').replace(')', '').replace(';', '').replace('"', ''); } else if ( slide.find('img').length > 0 ) { image = slide.find('img').eq(0).attr('src'); } } var title = controller_style.indexOf('titles') == -1 ? '' : ( slide.data('title') ? slide.data('title') : slide.find('[class*="_item_title"]').text() ); var cats = slide.data('cats'); var date = slide.data('date'); controller_html += trx_addons_apply_filters( 'trx_addons_filter_slider_controller_slide_html', '<div class="slider-slide swiper-slide"' + ' style="' + (image !== undefined && image!=='' ? 'background-image: url('+image+');' : '') + '"' + '>' + '<div class="sc_slider_controller_info">' + '<span class="sc_slider_controller_info_number">'+(idx < 9 ? '0' : '')+(idx+1)+'</span>' + '<span class="sc_slider_controller_info_title">'+(title ? title : 'Slide '+(idx+1))+'</span>' + '</div>' + '</div>', slide, controller ); } ); controller.html( trx_addons_apply_filters( 'trx_addons_filter_slider_controller_html', '<div id="'+controller_id+'_outer"' + ' class="slider_outer slider_swiper_outer slider_style_controller' + ' slider_outer_' + (controller_controls == 1 ? 'controls slider_outer_controls_side' : 'nocontrols') + ' slider_outer_nopagination' + ' slider_outer_' + (controller_per_view==1 ? 'one' : 'multi') + ' slider_outer_direction_' + (controller_direction=='vertical' ? 'vertical' : 'horizontal') + '"' + '>' + '<div id="'+controller_id+'_swiper"' +' class="slider_container slider_controller_container slider_swiper swiper-slider-container' + ' slider_' + (controller_controls == 1 ? 'controls slider_controls_side' : 'nocontrols') + ' slider_nopagination' + ' slider_notitles' + ' slider_noresize' + ' slider_' + (controller_per_view==1 ? 'one' : 'multi') + ' slider_direction_' + (controller_direction=='vertical' ? 'vertical' : 'horizontal') + '"' + ' data-slides-min-width="' + trx_addons_apply_filters( 'trx_addons_filter_slider_controller_slide_width', 150 ) + '"' + ' data-controlled-slider="'+slider_id+'"' + ' data-direction="' + (controller_direction=='vertical' ? 'vertical' : 'horizontal') + '"' + ' data-loop="1"' + ' data-autoplay="' + ( controller_interval > 0 ? '1' : '0' ) + '"' + (controller_effect !== undefined ? ' data-effect="' + controller_effect + '"' : '') + (controller_interval !== undefined ? ' data-interval="' + controller_interval + '"' : '') + (controller_per_view !== undefined ? ' data-slides-per-view="' + controller_per_view + '"' : '') + (controller_space !== undefined ? ' data-slides-space="' + controller_space + '"' : '') + '>' + '<div class="slider-wrapper swiper-wrapper">' + controller_html + '</div>' + '</div>' + (controller_controls == 1 ? '<div class="slider_controls_wrap">' + '<a class="slider_prev swiper-button-prev ' + ( controller_icon_custom ? '' : controller_icon_prev ) + '" href="#">' + ( controller_icon_custom ? '<span class="slider_prev_icon trx-addons-icon">' + controller_icon_prev + '</span>' : '' ) + '</a>' + '<a class="slider_next swiper-button-next ' + ( controller_icon_custom ? '' : controller_icon_next ) + '" href="#">' + ( controller_icon_custom ? '<span class="slider_next_icon trx-addons-icon">' + controller_icon_next + '</span>' : '' ) + '</a>' + '</div>' : '' ) + '</div>', controller ) ); } ); container.find( '.sc_slider_controls:not(.inited)' ).each( function () { var controls = jQuery(this).addClass('inited'), slider_id = controls.data('slider-id'), pagination_style = controls.data('pagination-style'); if ( ! slider_id ) return; slider_id = jQuery('#'+slider_id+' .slider_swiper').attr('id'); if ( ! slider_id ) return; controls.on('click', 'a', function(e) { var s = TRX_ADDONS_STORAGE['swipers'][slider_id]; if (jQuery(this).hasClass('slider_next')) s.slideNext(); else s.slidePrev(); e.preventDefault(); return false; }); var s = typeof TRX_ADDONS_STORAGE['swipers'] != 'undefined' && typeof TRX_ADDONS_STORAGE['swipers'][slider_id] != 'undefined' ? TRX_ADDONS_STORAGE['swipers'][slider_id] : false, slides = jQuery('#'+slider_id+' .swiper-slide'), spv = s ? ( s.params.loop ? s.loopedSlides : 0 ) : 0; var total = s ? ( s.params.loop ? Math.ceil((s.slides.length - s.loopedSlides * 2) / s.params.slidesPerGroup) : s.snapGrid.length ) : slides.length; var html = ''; if ( pagination_style == 'thumbs' ) { slides.each(function(idx){ if ( idx < spv || idx >= slides.length - spv ) return; var slide = jQuery(this); var image = slide.data('image'); html += trx_addons_apply_filters( 'trx_addons_filter_slider_controls_html_thumb', '<span class="slider_pagination_button_wrap swiper-pagination-button-wrap" style="width: ' + Math.round(100/total, 2) + '%;">' + '<span class="slider_pagination_button swiper-pagination-button"' + (image !== undefined ? ' style="background-image: url('+image+');"' : '') + '></span>' + '</span>', slide, controls ); }); controls.find('.slider_pagination_wrap').html( trx_addons_apply_filters( 'trx_addons_filter_slider_controls_html_thumbs', html, controls ) ); } else if ( pagination_style == 'fraction' ) { controls.find('.slider_pagination_wrap').html( trx_addons_apply_filters( 'trx_addons_filter_slider_controls_html_fraction', '<span class="slider_pagination_current swiper-pagination-current">1</span>' + '/' + '<span class="slider_pagination_total swiper-pagination-total">'+total+'</span>', controls ) ); } else if ( pagination_style == 'bullets' ) { slides.each(function(idx){ if ( idx < spv || idx >= slides.length - spv ) return; html += trx_addons_apply_filters( 'trx_addons_filter_slider_controls_html_bullet', '<span class="slider_pagination_bullet swiper-pagination-bullet" data-slide-number="'+(s ? jQuery(this).data('slide-number') : idx)+'"></span>', idx, controls ); }); controls.find('.slider_pagination_wrap').html( trx_addons_apply_filters( 'trx_addons_filter_slider_controls_html_bullets', html, controls ) ); } else if ( pagination_style == 'titles' ) { var pagination_title_html_tag = controls.data('pagination-html-tag') ? controls.data('pagination-html-tag') : 'span'; slides.each(function(idx){ if ( idx < spv || idx >= slides.length - spv ) return; var slide = jQuery(this); var title = slide.data('title') || ('Slide ' + ( idx + 1 ) ); html += trx_addons_apply_filters( 'trx_addons_filter_slider_controls_html_title', '<' + pagination_title_html_tag + ' class="slider_pagination_title swiper-pagination-title">' + title + '</' + pagination_title_html_tag + '>', slide, controls, ); }); controls.find('.slider_pagination_wrap').html( trx_addons_apply_filters( 'trx_addons_filter_slider_controls_html_titles', html, controls ) ); } if ( pagination_style != 'none' ) { if (controls.find('.slider_progress_bar').length > 0) { var bar = controls.find('.slider_progress_bar'); bar.parent().on('click', function(e) { var s = TRX_ADDONS_STORAGE['swipers'][slider_id]; var total = s.params.loop ? Math.ceil((s.slides.length - s.loopedSlides * 2) / s.params.slidesPerGroup) : s.snapGrid.length; var slide_number = Math.max(0, Math.min(total-1, Math.floor(total * e.offsetX / jQuery(this).width()))); var slide_idx = jQuery('#'+slider_id).find('[data-slide-number="'+slide_number+'"]:not(.swiper-slide-duplicate)').index(); s.slideTo(slide_idx); e.preventDefault(); return false; }); } else { controls.find('.slider_pagination_button_wrap,.slider_pagination_bullet,.slider_pagination_title').on('click', function(e) { var s = TRX_ADDONS_STORAGE['swipers'][slider_id]; var slide_idx = jQuery('#'+slider_id).find('[data-slide-number="'+jQuery(this).index()+'"]:not(.swiper-slide-duplicate)').index(); s.slideTo(slide_idx); e.preventDefault(); return false; }); } jQuery('#'+slider_id).on('slider_init slide_change_start', function(e) { if (TRX_ADDONS_STORAGE['swipers'][slider_id]) { var s = TRX_ADDONS_STORAGE['swipers'][slider_id]; var current = jQuery(s.slides[s.activeIndex]).data('slide-number') + 1, total = s.params.loop ? Math.ceil((s.slides.length - s.loopedSlides * 2) / s.params.slidesPerGroup) : s.snapGrid.length; if (total > 0) { if (pagination_style == 'progressbar') { bar.width(Math.ceil(current/total*100)+'%'); } else if (pagination_style == 'thumbs') { controls.find('.slider_pagination_button') .removeClass('slider_pagination_button_active') .eq(current-1) .addClass('slider_pagination_button_active'); } else if (pagination_style == 'bullets') { controls.find('.slider_pagination_bullet') .removeClass('slider_pagination_bullet_active swiper-pagination-bullet-active') .eq(current-1) .addClass('slider_pagination_bullet_active swiper-pagination-bullet-active'); } else if (pagination_style == 'fraction') { controls.find('.slider_pagination_current').text(current); } else if (pagination_style == 'titles') { controls.find('.slider_pagination_title') .removeClass('slider_pagination_title_active swiper-pagination-title-active') .eq(current-1) .addClass('slider_pagination_title_active swiper-pagination-title-active'); } } } }); } } ); container.find( '.slider_swiper:not(.inited)' ).each( function () { var slider = jQuery(this); if ( slider.parents('div:hidden,article:hidden').length > 0 ) { return; } var loaded = true; slider.find('img').each( function() { var $self = jQuery(this); if ( ! $self.get(0).complete && $self.attr('loading') != 'lazy' ) loaded = false; } ); if ( ! loaded && init_attempts++ < 20 ) { setTimeout( function() { trx_addons_init_sliders(e, container); }, 100 ); return; } var id = slider.attr('id'); if (id == undefined) { id = 'swiper_' + trx_addons_get_unique_id(); slider.attr('id', id); } var cont = slider.parent().hasClass('slider_swiper_outer') ? slider.parent().attr('id', id+'_outer') : slider; var cont_id = cont.attr('id'); var slave_id = slider.data('slave-id') || ''; if (slave_id != '') { var slave_slider = jQuery('#'+slave_id+' .slider_container:not(.slider_controller_container)').eq(0); if ( slave_slider.length ) { slider.attr( 'data-controlled-slider', slave_id ); if ( ! slave_slider.attr('data-controller') ) { slave_slider.attr('data-controller', id); } } else { slave_id = ''; } } var is_controller = slider.parents('.sc_slider_controller').length > 0 || slave_id; var controller_id = slider.data('controller'); slider.find('> .slider-wrapper > .swiper-slide').each( function(idx) { jQuery(this).attr('data-slide-number', idx); } ); slider .css( { 'display': 'block', 'opacity': 0 } ) .addClass(id) .addClass('inited') .data('settings', {mode: 'horizontal'}); var effect = slider.data('effect') ? slider.data('effect') : 'slide'; var loop = slider.data('loop'); if ( loop === undefined || isNaN( loop ) ) loop = 1; var speed = slider.data('speed'); if ( speed === undefined || isNaN( speed ) ) speed = 600; var free_mode = slider.data('free-mode'); var direction = slider.data('direction'); if (direction != 'vertical') direction = 'horizontal'; var smw = trx_addons_get_slides_breakpoint_value( slider, 'slides-min-width', 150 ); if ( smw === undefined ) { smw = 150; slider.attr('data-slides-min-width', smw); } var spv = trx_addons_get_slides_breakpoint_value( slider, 'slides-per-view', 1 ); if ( spv == undefined || slider.parents('.widget_nav_menu').length > 0 ) { spv = 1; slider.attr('data-slides-per-view', spv); } var width = slider.width(); if ( width === 0 ) { width = slider.parent().width(); } if ( direction == 'horizontal' ) { if ( width / spv < smw ) { spv = Math.max( 1, Math.floor( width / smw ) ); } } var space = trx_addons_get_slides_breakpoint_value( slider, 'slides-space', 0 ); if ( space == undefined ) space = 0; var slides_parallax = slider.data('slides-parallax'); slides_parallax = effect == 'slide' && spv == 1 ? Math.max( 0, Math.min( 1, slides_parallax || 0 ) ) : 0; if ( direction == 'vertical' && slider.hasClass('slider_height_auto') && slider.hasClass('slider_noresize') ) { var height = 0; slider.find('.swiper-slide').each( function(idx) { if ( idx >= spv ) return; height += jQuery(this).height() + ( idx > 0 ? space : 0 ); } ); if ( height > 0 ) slider.height( height ); } var interval = slider.data('interval'); if ( interval === undefined ) { interval = Math.round( 5000 * ( 1 + Math.random() ) ); } else if ( isNaN( interval ) ) { interval = 0; } else { interval = parseInt( interval, 10 ); } var noswipe = slider.hasClass('slider_noswipe') || slider.parents('.slider_noswipe,.elementor-edit-mode').length > 0 || jQuery('body').hasClass('block-editor-page'); if (slider.parents('[class*="_grid_wrap"]').length > 0) { slider.css( { 'max-width': width+'px' } ); } if (TRX_ADDONS_STORAGE['swipers'] === undefined) { TRX_ADDONS_STORAGE['swipers'] = {}; } TRX_ADDONS_STORAGE['swipers'][id] = new Swiper('.'+id, trx_addons_apply_filters( 'trx_addons_filter_slider_init_args', { freeMode: free_mode > 0, direction: direction, initialSlide: 0, speed: speed, loop: loop > 0 && slider.data('slides-overflow') != 1, loopedSlides: spv, slidesPerView: spv, spaceBetween: space, centeredSlides: slider.data('slides-centered') == 1, mousewheel: slider.data('mouse-wheel') == 1 ? { releaseOnEdges: true } : false, grabCursor: ! is_controller && ! noswipe, slideToClickedSlide: is_controller, touchRatio: is_controller ? 0.2 : 1, autoHeight: false, lazy: false, preloadImages: true, updateOnImagesReady: true, roundLengths: TRX_ADDONS_STORAGE['slider_round_lengths'] && ! is_controller && spv == 1, effect: effect, parallax: { enabled: slides_parallax > 0 }, swipeHandler: noswipe ? '.slider_controls_wrap,.slider_pagination_wrap' : null, pagination: { el: slider.hasClass('slider_pagination') ? '#'+cont_id+'>.slider_pagination_wrap,#'+cont_id+' > .slider_swiper > .slider_pagination_wrap' : null, clickable: slider.hasClass('slider_pagination') ? '#'+cont_id+' .slider_pagination_wrap' : false, type: slider.hasClass('slider_pagination') && slider.data('pagination') ? slider.data('pagination') : 'bullets', progressbarOpposite: slider.data('pagination') == 'progressbar' && ( ( slider.data('direction')=='vertical' && ( slider.hasClass('slider_pagination_pos_bottom') || slider.hasClass('slider_pagination_pos_bottom_outside') ) ) || ( slider.data('direction')=='horizontal' && ( slider.hasClass('slider_pagination_pos_left') || slider.hasClass('slider_pagination_pos_right') ) ) ) }, navigation: { nextEl: slider.hasClass('slider_controls') ? '#'+id+'>.slider_controls_wrap>.slider_next,#'+id+'~.slider_controls_wrap>.slider_next' : null, prevEl: slider.hasClass('slider_controls') ? '#'+id+'>.slider_controls_wrap>.slider_prev,#'+id+'~.slider_controls_wrap>.slider_prev' : null }, autoplay: slider.hasClass('slider_noautoplay') || (typeof slider.data('autoplay')!=='undefined' && slider.data('autoplay') == 0) ? false : { delay: interval, disableOnInteraction: true }, on: { slideChangeTransitionStart: function () { var swiper = this, slide = jQuery(swiper.slides[swiper.activeIndex]), slide_number = slide.data('slide-number'); cont.find('.swiper-pagination-custom > span') .removeClass('swiper-pagination-button-active') .eq(slide_number) .addClass('swiper-pagination-button-active'); cont.find('.slider_titles_outside_wrap .active').removeClass('active').fadeOut(); var slaves = is_controller ? jQuery('#'+slider.data('controlled-slider')) : jQuery('[data-slider-id="'+id.replace('_sc_', '_')+'"]'); if ( slaves.length === 0 && ! is_controller ) { slaves = jQuery('[data-slider-id="'+id.replace('_sc_', '_').replace('_swiper', '')+'"]'); if ( slaves.length === 0 ) { slaves = jQuery('[data-slider-id="'+id.replace('_sc_slider_swiper', '')+'"]'); } } if ( slaves.length > 0 ) { slaves.each( function() { var controlled_slider = jQuery(this).hasClass('slider_swiper') ? jQuery(this) : jQuery(this).find( '.slider_swiper' ).eq(0); var controlled_id = controlled_slider.attr('id'); if ( controlled_id && TRX_ADDONS_STORAGE['swipers'][controlled_id] && jQuery('#'+controlled_id).attr('data-busy') != 1 ) { slider.attr('data-busy', 1); setTimeout( function() { slider.attr('data-busy', 0); }, 300 ); var slide_number = jQuery(swiper.slides[swiper.activeIndex]).data('slide-number'); var slide_idx = controlled_slider.find('[data-slide-number="'+slide_number+'"]:not(.swiper-slide-duplicate)').index(); TRX_ADDONS_STORAGE['swipers'][controlled_id].slideTo(slide_idx); } }); } slider.trigger('slide_change_start', [slider]); }, slideChangeTransitionEnd: function () { var swiper = this, slide = jQuery(swiper.slides[swiper.activeIndex]), slide_prev = jQuery(swiper.slides[swiper.lastOpenedIndex !== undefined ? swiper.lastOpenedIndex : swiper.previousIndex]), slide_number = slide.data('slide-number'); swiper.lastOpenedIndex = swiper.activeIndex; var titles = cont.find('.slider_titles_outside_wrap .slide_info'); if (titles.length > 0) { titles.eq(slide_number).addClass('active').fadeIn(300); } var video = slide_prev.find('.trx_addons_video_player:not(.with_video_autoplay)'); if ( video.length > 0 ) { if ( video.hasClass('with_cover') ) { if ( video.hasClass('video_play') ) { video.removeClass('video_play').find('.video_embed').empty(); } } else { var embed = video.find('.video_embed'), html = embed.html(); embed.empty().html( html ); } } slider.attr('data-busy', 0); slider.trigger('slide_change_end', [slider]); }, touchStart: function() { slider.trigger( 'swiper_touch_start' ); }, touchEnd: function() { slider.trigger( 'swiper_touch_end' ); }, } }, slider ) ); if ( slider.data('mouse-wheel') == 1 ) { var slider_sticky_wrapper = slider.parents( '.elementor-sticky' ); if ( slider_sticky_wrapper.length ) { TRX_ADDONS_STORAGE['swipers'][id].mousewheel.disable(); var init_sticky_observer = function() { var slider_sticky_wrapper_top = slider_sticky_wrapper.css( 'top' ) || '0px', custom_top = Math.abs( parseFloat( slider_sticky_wrapper_top ) - trx_addons_fixed_rows_height() ) > 1; trx_addons_sticky_observer_remove( id ); trx_addons_sticky_observer_create( id, slider_sticky_wrapper, function( entry, is_sticky ) { if ( is_sticky ) { TRX_ADDONS_STORAGE['swipers'][id].mousewheel.enable(); } else { TRX_ADDONS_STORAGE['swipers'][id].mousewheel.disable(); } }, { rootMargin: ( - ( custom_top ? parseFloat( slider_sticky_wrapper_top ) : trx_addons_fixed_rows_height() ) ) + 'px 0px 0px 0px' } ); }; init_sticky_observer(); $document.on( 'action.resize_trx_addons action.sc_layouts_row_fixed_on action.sc_layouts_row_fixed_off', trx_addons_debounce( init_sticky_observer, 500 ) ); } } slider.trigger('slider_init', [slider]); $document.trigger('action.slider_init', [slider, id]); if ( slider.hasClass( 'swiper-container' ) ) { slider.addClass( 'swiper-container-initialized' ); } else { cont.find( '.swiper-container' ).addClass( 'swiper-container-initialized' ); } cont.find('.swiper-pagination-custom').on('click', '>span', function(e) { jQuery(this).siblings().removeClass('swiper-pagination-button-active'); var t = jQuery(this).addClass('swiper-pagination-button-active').index() * TRX_ADDONS_STORAGE['swipers'][id].params.slidesPerGroup; TRX_ADDONS_STORAGE['swipers'][id].params.loop && (t += TRX_ADDONS_STORAGE['swipers'][id].loopedSlides); TRX_ADDONS_STORAGE['swipers'][id].slideTo(t); e.preventDefault(); return false; }); cont.find('.slider_titles_outside_wrap .slide_info').eq(0).addClass('active').fadeIn(300); slider.attr('data-busy', 1).animate({'opacity':1}, 'fast', function() { slider.attr('data-busy', 0); trx_addons_set_controller_height( is_controller ? slider.parents('[data-slider-id]').eq(0).attr('id') : controller_id, is_controller ? jQuery('#'+slider.parents('[data-slider-id]').eq(0).data('slider-id')) : slider ); slider.trigger('slider_inited', [slider]); $document.trigger('action.slider_inited', [slider, id]); }); init_hidden_elements_after_all_sliders_inited(); $document.trigger('action.resize_trx_addons'); $window.trigger('scroll'); } ); } if ( window.ElastiStack ) { container.find('.slider_elastistack:not(.inited)').each(function () { if (jQuery(this).parents('div:hidden,article:hidden').length > 0 || typeof window.ElastiStack == 'undefined') return; var slider = jQuery(this); var id = slider.attr('id'); if (id == undefined) { id = 'elastistack_' + trx_addons_get_unique_id(); slider.attr('id', id); } var cont = slider.parent().hasClass('slider_outer') ? slider.parent().attr('id', id+'_outer') : slider; var cont_id = cont.attr('id'); var images = slider.find('ul.stack__images').attr('id', id+'_images'); var images_id = images.attr('id'); slider.css({ 'display': 'block', 'opacity': 0 }) .addClass(id) .addClass('inited') .data('settings', {mode: 'horizontal'}); trx_addons_resize_sliders(e, cont); var stack = new ElastiStack( images.get(0), { onUpdateStack : function(idx) { var titles = cont.find('.slider_titles_outside_wrap'); if (titles.length > 0) { titles.find('.active').removeClass('active').hide(); titles.find('.slide_info').eq(idx).addClass('active').fadeIn(300); } cont.find('.trx_addons_video_player.with_cover.video_play').removeClass('video_play').find('.video_embed').empty(); slider.trigger('slide_change_end', [slider]); } }); cont.find('.slider_next').on('click', function(e) { stack.nextItem( { transform : 'translate3d(0, -60px, 400px)' } ); e.preventDefault(); return false; } ); cont.find('.slider_titles_outside_wrap .slide_info').eq(0).addClass('active').fadeIn(300); slider.animate({'opacity':1}, 'fast', function() { stack._setStackStyle(); } ); } ); } } $document.on('action.resize_trx_addons', trx_addons_resize_sliders); function trx_addons_resize_sliders(e, container) { if (container === undefined) { container = jQuery('body'); } container.find('.slider_container.inited').each(function() { var slider = jQuery(this); if (slider.parents('div:hidden,article:hidden').length > 0) return; var id = slider.attr('id'); var direction = slider.data('direction'); if (direction != 'vertical') direction = 'horizontal'; var on_resize = false; var max_width = slider.closest( '.post_featured' + ',' + '.swiper-slide' + ',' + '.elementor-widget' + ',' + '.vc_column-inner' + ',' + trx_addons_apply_filters( 'trx_addons_filter_content_class', '.content', 'slider-resize' ) + ',' + trx_addons_apply_filters( 'trx_addons_filter_page_wrap_class', TRX_ADDONS_STORAGE['page_wrap_class'] ? TRX_ADDONS_STORAGE['page_wrap_class'] : '.page_wrap', 'slider-resize' ) + ',' + 'body' ).width(); var slider_width = slider.width(); if (slider_width > max_width) { slider_width = Math.min( slider_width, max_width ); slider.width( slider_width ); on_resize = true; } var last_width = slider.data('last-width'); if (isNaN(last_width)) { last_width = 0; } if (last_width === 0 || last_width != slider_width) { if (direction != 'vertical') slider.data('last-width', slider_width); var space = trx_addons_get_slides_breakpoint_value( slider, 'slides-space', 0 ); if (space == undefined) { space = 0; } if ( slider.hasClass('slider_swiper') && typeof TRX_ADDONS_STORAGE['swipers'] != 'undefined' && typeof TRX_ADDONS_STORAGE['swipers'][id] == 'object' && typeof TRX_ADDONS_STORAGE['swipers'][id].params == 'object' && typeof TRX_ADDONS_STORAGE['swipers'][id].params.spaceBetween != 'undefined' ) { var gap = space; if ( trx_addons_window_width() < 1440 ) { var grid_element = jQuery( '.elementor-column-gap-extended > .elementor-row > .elementor-column > .elementor-element-populated,' + '.elementor-column-gap-extended > .elementor-column > .elementor-element-populated' ).eq(0), grid_gap = grid_element.length ? parseInt( grid_element.css( 'padding-left' ), 10 ) : 0; if ( grid_gap >= 10 ) { gap = grid_gap * 2; } } if ( gap > 0 && TRX_ADDONS_STORAGE['swipers'][id].params.spaceBetween > gap ) { TRX_ADDONS_STORAGE['swipers'][id].params.spaceBetween = gap; space = gap; } } var spv = trx_addons_get_slides_breakpoint_value( slider, 'slides-per-view', 1 ); if (spv == undefined || slider.parents('.widget_nav_menu').length > 0) { spv = 1; } if ( slider.hasClass('slider_swiper') && typeof TRX_ADDONS_STORAGE['swipers'] != 'undefined' && typeof TRX_ADDONS_STORAGE['swipers'][id] == 'object' && typeof TRX_ADDONS_STORAGE['swipers'][id].params == 'object' ) { if ( typeof TRX_ADDONS_STORAGE['swipers'][id].params.slidesPerView != 'undefined' && TRX_ADDONS_STORAGE['swipers'][id].params.slidesPerView != 'auto' ) { if ( direction == 'horizontal' ) { var smw = trx_addons_get_slides_breakpoint_value( slider, 'slides-min-width', 150 ); if (slider_width / spv < smw) { spv = Math.max(1, Math.floor(slider_width / smw)); } if (TRX_ADDONS_STORAGE['swipers'][id].params.slidesPerView != spv) { TRX_ADDONS_STORAGE['swipers'][id].params.slidesPerView = spv; TRX_ADDONS_STORAGE['swipers'][id].params.loopedSlides = spv; } } on_resize = true; } if ( typeof TRX_ADDONS_STORAGE['swipers'][id].params.spaceBetween != 'undefined' ) { if (TRX_ADDONS_STORAGE['swipers'][id].params.spaceBetween != space) { TRX_ADDONS_STORAGE['swipers'][id].params.spaceBetween = space; on_resize = true; } } } if ( ! slider.hasClass('slider_noresize') || slider.height()===0 ) { var slider_height = slider.height(); var slide = slider.find('.slider-slide').eq(0); var slide_width = direction == 'horizontal' ? (slider_width - (spv-1) * space ) / spv : slider_width; var slide_height = direction == 'vertical' ? (slider_height - (spv-1) * space ) / spv : slider_height; var ratio = slider.data('ratio'); if ( ratio === undefined || (''+ratio).indexOf(':') < 1 ) { ratio = slide_height > 0 ? slide_width+':'+slide_height : "16:9"; slider.attr('data-ratio', ratio); } ratio = ratio.split(':'); var ratio_x = !isNaN(ratio[0]) ? Number(ratio[0]) : 16; var ratio_y = !isNaN(ratio[1]) ? Number(ratio[1]) : 9; var height = Math.floor( ( spv == 1 ? slider_width : slide_width ) / ratio_x * ratio_y); slider.height( direction == 'vertical' ? height * spv + (spv-1) * space : height); on_resize = true; if (slider.hasClass('slider_elastistack')) { slider.find('.slider-wrapper,.stack__images,.slider-slide').height(height); } trx_addons_set_controller_height(slider.data('controller'), slider, e); } if (on_resize && (slider.hasClass('slider_swiper') || slider.hasClass('slider_swiper_outer'))) { if ( typeof TRX_ADDONS_STORAGE['swipers'] != 'undefined' && typeof TRX_ADDONS_STORAGE['swipers'][id] == 'object' && typeof TRX_ADDONS_STORAGE['swipers'][id].resize == 'object' && typeof TRX_ADDONS_STORAGE['swipers'][id].resize.resizeHandler == 'function' ) { TRX_ADDONS_STORAGE['swipers'][id].resize.resizeHandler(e); } } } }); } function trx_addons_set_controller_height(controller_id, slider, e) { if ( !controller_id && typeof TRX_ADDONS_STORAGE['pagebuilder_preview_mode'] != 'undefined' && TRX_ADDONS_STORAGE['pagebuilder_preview_mode'] ) { var slider_id = slider.attr('id').replace('_sc_slider', ''); if (slider_id) { controller_id = jQuery('[data-slider-id="' + slider_id + '"]').eq(0).attr('id'); } } if ( !controller_id ) return; var controller = jQuery('#'+controller_id); if (controller.length > 0 && controller.hasClass('sc_slider_controller_vertical') && controller.hasClass('sc_slider_controller_height_auto') ) { var controller_slider = controller.hasClass('slider_container') ? controller : controller.find('.slider_container'), controller_slider_id = controller_slider.attr('id'); var paddings = parseFloat(controller.css('paddingTop')); if (isNaN(paddings)) paddings = 0; var controller_spv = trx_addons_get_slides_breakpoint_value( controller, 'slides-per-view', 1 ); if (isNaN(controller_spv)) controller_spv = 1; controller_slider.height( Math.max( ( slider.parent().hasClass('slider_outer') ? slider.parent().outerHeight() : slider.height() ) - 2 * paddings, controller_spv * trx_addons_apply_filters( 'trx_addons_filter_slider_controller_min_height', 80 ) ) ); if ((controller_slider.hasClass('slider_swiper') || controller_slider.hasClass('slider_swiper_outer'))) { if (typeof TRX_ADDONS_STORAGE['swipers'][controller_slider_id] == 'object' && typeof TRX_ADDONS_STORAGE['swipers'][controller_slider_id].resize == 'object' && typeof TRX_ADDONS_STORAGE['swipers'][controller_slider_id].resize.resizeHandler == 'function') { TRX_ADDONS_STORAGE['swipers'][controller_slider_id].resize.resizeHandler(e); } } } } $document.on( 'action.ready_trx_addons', function(e) { if ( ! window.Swiper || typeof Swiper.use != 'function' ) { return; } const $ = Swiper.$; function createShadow( params, $slideEl, side ) { const shadowClass = `swiper-slide-shadow${side ? `-${side}` : ''}`; const $shadowContainer = params.transformEl ? $slideEl.find( params.transformEl ) : $slideEl; let $shadowEl = $shadowContainer.children(`.${shadowClass}`); if ( ! $shadowEl.length ) { $shadowEl = $(`<div class="swiper-slide-shadow${side ? `-${side}` : ''}"></div>`); $shadowContainer.append($shadowEl); } return $shadowEl; } function effectInit( params ) { const { effect, swiper, on, setTranslate, setTransition, overwriteParams, perspective, recreateShadows, getEffectParams } = params; on( 'beforeInit', () => { if ( swiper.params.effect !== effect ) { return; } swiper.classNames.push( `${swiper.params.containerModifierClass}${effect}` ); if ( perspective && perspective() ) { swiper.classNames.push( `${swiper.params.containerModifierClass}3d` ); } const overwriteParamsResult = overwriteParams ? overwriteParams() : {}; Object.assign( swiper.params, overwriteParamsResult ); Object.assign( swiper.originalParams, overwriteParamsResult ); } ); on( 'setTranslate', () => { if ( swiper.params.effect !== effect ) { return; } setTranslate(); } ); on( 'setTransition', ( _s, duration ) => { if ( swiper.params.effect !== effect ) { return; } setTransition( duration ); } ); on( 'transitionEnd', () => { if ( swiper.params.effect !== effect ) { return; } if ( recreateShadows ) { if ( ! getEffectParams || ! getEffectParams().slideShadows ) { return; } swiper.slides.each( slideEl => { const $slideEl = swiper.$( slideEl ); $slideEl.find( '.swiper-slide-shadow-top, .swiper-slide-shadow-right, .swiper-slide-shadow-bottom, .swiper-slide-shadow-left' ).remove(); } ); recreateShadows(); } } ); let requireUpdateOnVirtual, requestAnimationFrame = trx_addons_request_animation_frame(); on( 'virtualUpdate', () => { if ( swiper.params.effect !== effect ) { return; } if ( ! swiper.slides.length ) { requireUpdateOnVirtual = true; } requestAnimationFrame( () => { if ( requireUpdateOnVirtual && swiper.slides && swiper.slides.length ) { setTranslate(); requireUpdateOnVirtual = false; } } ); } ); } if ( trx_addons_apply_filters( 'trx_addons_filter_add_effect_to_swiper', true, 'swap' ) ) { const effectSwapModules = { setTranslate: function setTranslate( swiper ) { var swiperWidth = swiper.width; var swiperHeight = swiper.height; var $wrapperEl = swiper.$wrapperEl; var slides = swiper.slides; var slidesSizesGrid = swiper.slidesSizesGrid; var params = swiper.params.swapEffect; var isHorizontal = swiper.isHorizontal(); var transform = swiper.translate; var center = isHorizontal ? -transform + ( swiperWidth / 2 ) : -transform + ( swiperHeight / 2 ); var rotate = isHorizontal ? params.rotate : -params.rotate; var spaceBetween = swiper.params.spaceBetween; var perView = swiper.params.slidesPerView; var levelCenter = ( perView - 1 ) / 2; for (var i = 0, length = slides.length; i < length; i += 1) { var $slideEl = slides.eq(i); var slideSize = slidesSizesGrid[i]; var slideOffsetOrig = $slideEl[0].swiperSlideOffset; var slideOffset = slideOffsetOrig + slideSize / 2; var distance = center - slideOffset; var slideOffsetNum = Math.abs( distance ) < 2 ? 0 : Math.ceil( Math.abs( distance ) / ( slideSize + spaceBetween ) ); if ( perView % 2 === 0 ) { slideOffsetNum = Math.max( 0, slideOffsetNum - 0.5 ); } var place = distance < -1 * Math.max( 1, spaceBetween ) ? 1 : ( distance > Math.max( 1, spaceBetween ) ? -1 : 0 ); distance = distance + place * slideOffsetNum * spaceBetween; var offsetMultiplier = distance / slideSize; var delta = Math.max( 0, Math.abs( offsetMultiplier ) - levelCenter ); var allow = delta > 0; var rotateX = isHorizontal ? 0 : ( allow ? -place * Math.min( rotate, rotate * delta ) : 0 ); var rotateY = isHorizontal ? ( allow ? -place * Math.min( rotate, rotate * delta ) : 0 ) : 0; var offset = allow ? distance + place * levelCenter * slideSize : 0; var translateX = isHorizontal ? ( allow ? offset : 0 ) : 0; var translateY = isHorizontal ? 0 : ( allow ? offset : 0 ); var translateZ = -slideSize * ( allow ? delta : 0 ); var scale = 1 - ( 1 - params.scale ) * Math.abs( offsetMultiplier ); if ( Math.abs(translateX) < 0.001 ) translateX = 0; if ( Math.abs(translateY) < 0.001 ) translateY = 0; if ( Math.abs(translateZ) < 0.001 ) translateZ = 0; if ( Math.abs(rotateY) < 0.001 ) rotateY = 0; if ( Math.abs(rotateX) < 0.001 ) rotateX = 0; if ( Math.abs(scale) < 0.001 ) scale = 0; var slideTransform = "translate3d(" + translateX + "px," + translateY + "px," + translateZ + "px)" + " rotateX(" + rotateX + "deg)" + " rotateY(" + rotateY + "deg)" + " scale(" + scale + ")"; $slideEl.transform( slideTransform ); $slideEl[0].style.zIndex = -Math.abs( Math.round( offsetMultiplier ) ) + 1; $slideEl[0].style.opacity = perView > 1 ? Math.max( 0, 1 - delta ) : 1; if ( params.slideShadows ) { let $shadowBeforeEl = isHorizontal ? $slideEl.find('.swiper-slide-shadow-left') : $slideEl.find('.swiper-slide-shadow-top'); let $shadowAfterEl = isHorizontal ? $slideEl.find('.swiper-slide-shadow-right') : $slideEl.find('.swiper-slide-shadow-bottom'); if ( $shadowBeforeEl.length === 0 ) { $shadowBeforeEl = createShadow( params, $slideEl, isHorizontal ? 'left' : 'top' ); } if ( $shadowAfterEl.length === 0 ) { $shadowAfterEl = createShadow( params, $slideEl, isHorizontal ? 'right' : 'bottom' ); } if ( $shadowBeforeEl.length ) { $shadowBeforeEl[0].style.opacity = offsetMultiplier > 0 ? offsetMultiplier : 0; } if ( $shadowAfterEl.length ) { $shadowAfterEl[0].style.opacity = -offsetMultiplier > 0 ? -offsetMultiplier : 0; } } } if ( trx_addons_browser_is_pointer_events() ) { var ws = $wrapperEl[0].style; ws.perspectiveOrigin = center + "px 50%"; } }, setTransition: function setTransition( swiper, duration, changeCssTransition ) { const { transformEl } = swiper.params.swapEffect; const $transitionElements = transformEl ? swiper.slides.find( transformEl ) : swiper.slides; $transitionElements.transition( duration ); if ( changeCssTransition ) { $transitionElements.css( { 'webkitTransitionProperty': 'transform, opacity, z-index', 'transitionProperty': 'transform, opacity, z-index', 'webkitTransitionDuration': duration + 'ms', 'transitionDuration': duration + 'ms' } ); } if ( swiper.params.slideShadows ) { const $shadow = $transitionElements.find('.swiper-slide-shadow-top, .swiper-slide-shadow-right, .swiper-slide-shadow-bottom, .swiper-slide-shadow-left'); if ( $shadow && $shadow.length ) { $shadow.transition( duration ); if ( changeCssTransition ) { $shadow.css( { 'webkitTransitionProperty': 'transform, opacity, z-index', 'transitionProperty': 'transform, opacity, z-index', 'webkitTransitionDuration': duration + 'ms', 'transitionDuration': duration + 'ms' } ); } } } } }; if ( typeof Swiper.prototype.modules != 'undefined' && typeof Swiper.prototype.modules["effect-fade"] != 'undefined' ) { Swiper.__proto__.Swap = { setTranslate: function setTranslate() { effectSwapModules.setTranslate( this ); }, setTransition: function setTransition( duration ) { effectSwapModules.setTransition( this, duration, false ); } }; Swiper.__proto__.EffectSwap = { name: 'effect-swap', params: { swapEffect: { rotate: 50, scale: 1 } }, create: function create() { var swiper = this; trx_addons_object_extend( swiper, { swapEffect: { setTranslate: Swiper.Swap.setTranslate.bind( swiper ), setTransition: Swiper.Swap.setTransition.bind( swiper ) } } ); }, on: { beforeInit: function beforeInit() { var swiper = this; if ( swiper.params.effect !== 'swap' ) { return; } swiper.classNames.push( swiper.params.containerModifierClass + "swap" ); swiper.classNames.push( swiper.params.containerModifierClass + "3d" ); swiper.params.watchSlidesProgress = true; swiper.originalParams.watchSlidesProgress = true; }, setTranslate: function setTranslate() { var swiper = this; if ( swiper.params.effect !== 'swap' ) { return; } swiper.swapEffect.setTranslate(); }, setTransition: function setTransition( duration ) { var swiper = this; if ( swiper.params.effect !== 'swap' ) { return; } swiper.swapEffect.setTransition(duration); } } }; Swiper.use( [Swiper.EffectSwap] ); } else { const EffectSwap = function( _ref ) { let { swiper, extendParams, on } = _ref; extendParams( { swapEffect: { rotate: 50, scale: 1, transformEl: null } } ); const setTranslate = () => { effectSwapModules.setTranslate( swiper ); }; const setTransition = duration => { effectSwapModules.setTransition( swiper, duration, true ); }; effectInit( { effect: 'swap', swiper, on, setTranslate, setTransition, perspective: () => true, overwriteParams: () => ( { watchSlidesProgress: true } ) } ); }; Swiper.use( [EffectSwap] ); } } } ); })(); jQuery(document).on('action.ready_trx_addons', function() { "use strict"; trx_addons_sc_layouts_cart_init_js(); } ); jQuery(window).on( "elementor/frontend/init", function () { elementorFrontend.hooks.addAction( "frontend/element_ready/trx_sc_layouts_cart.default", trx_addons_sc_layouts_cart_init_js ); } ); function trx_addons_sc_layouts_cart_init_js ( $scope = false ) { var $document = jQuery( document ), $body = jQuery( 'body' ), is_trx_addons_customizable = $body.find( '.sc_layouts_cart.trx_addons_customizable' ).length > 0, is_edit_mode = is_trx_addons_customizable && $scope && elementorFrontend.isEditMode(); if ( ! $body.hasClass( 'added_to_cart_inited' ) || is_edit_mode ) { $body.addClass( 'added_to_cart_inited' ); var $sc_cart = jQuery( '.sc_layouts_cart' ), $cart_button = jQuery( '.sc_layouts_cart_button_wrap' ); if ( $sc_cart.length > 0 ) { $sc_cart.filter(':not(.inited)').each( function(idx) { var cart = jQuery(this); cart.addClass('inited') .on('click', '.sc_layouts_cart_icon,.sc_layouts_cart_details', function(e) { var link = jQuery( this ); if ( ! link.data( 'panel-id' ) ) { var widget = link.siblings('.sc_layouts_cart_widget').eq(0), row = link.parents('.sc_layouts_row').eq(0), cart = link.parents('.sc_layouts_cart').eq(0); if ( widget.length > 0 && widget.text().replace(/\s*/g, '') !== '' ) { cart.toggleClass( 'sc_layouts_cart_opened' ); row.toggleClass( 'sc_layouts_row_on_top' ); widget.fadeToggle(); $document.trigger( 'action.opened_dropdown_elements', [$sc_cart] ); } } }) .on('click', '.sc_layouts_cart_widget_close', function(e) { var link = jQuery( this ), row = link.parents('.sc_layouts_row').eq(0), cart = link.parents('.sc_layouts_cart').eq(0); row.removeClass( 'sc_layouts_row_on_top' ); cart.removeClass( 'sc_layouts_cart_opened' ); link.parent().fadeOut(); } ); } ); $document.on( 'action.prepare_popup_elements', function( e, panel ) { if ( panel.hasClass( 'sc_layouts_cart_panel') ) { $sc_cart.find( '[data-panel-id="' + panel.attr('id') + '"]' ).each( function() { var $cart = jQuery( this ).parents( '.sc_layouts_cart' ); if ( $cart.is( ':visible' ) ) { $cart.toggleClass( 'sc_layouts_cart_opened', true ); } } ); trx_addons_sc_layouts_cart_panel_close_icon_replace( panel ); } } ); $document.on( 'action.close_popup_elements', function( e, panel ) { if ( panel.hasClass( 'sc_layouts_cart_panel' ) ) { $sc_cart.find( '[data-panel-id="' + panel.attr('id') + '"]' ).each( function() { var $cart = jQuery( this ).parents( '.sc_layouts_cart' ); if ( $cart.is( ':visible' ) ) { $cart.removeClass( 'sc_layouts_cart_opened' ); } } ); } } ); if ( trx_addons_apply_filters( 'trx_addons_filter_sc_layouts_cart_button_hide_on_scroll', true ) ) { $document.on( 'action.scroll_trx_addons', function() { $cart_button.each( function() { var $self = jQuery( this ); if ( $self.hasClass( 'sc_layouts_cart_button_showed' ) && ! is_edit_mode ) { $self.removeClass( 'sc_layouts_cart_button_showed' ); } } ); } ); } jQuery( document.body ).on( 'wc_fragments_refreshed wc_fragments_loaded update_cart added_to_cart removed_from_cart', function(e) { jQuery( '.widget_shopping_cart' ).each( function() { var $widget = jQuery( this ); var total = 0; var $total = $widget.find( '.total .amount' ); if ( ! $total.length ) { $total = $widget.find( '.elementor-menu-cart__subtotal .amount' ); } if ( $total.length ) { total = $total.text(); } $sc_cart.find( '.sc_layouts_cart_summa' ).text( total ); var cnt = 0, cart_list = false; $widget.find( '.cart_list li' ).each( function() { var q = jQuery( this ).find( '.quantity' ).html().split( ' ', 2 ); if ( ! isNaN( q[0] ) ) { cnt += Number( q[0] ); } cart_list = true; } ); if ( ! cart_list ) { $widget.find( '.elementor-menu-cart__product' ).each( function() { var q = jQuery( this ).find( '.product-quantity' ).text().split( ' ' ); if ( ! isNaN( q[0] ) ) { cnt += Number( q[0] ); } } ); } var $items = $sc_cart.find( '.sc_layouts_cart_items' ).eq(0), items = $items.text().split( ' ', 2 ); items[0] = cnt; $items.text( items[0] + ( items.length > 1 ? ' ' + ( cnt == 1 ? $items.data( 'item' ) : $items.data( 'items' ) ) : '' ) ); jQuery( '.sc_layouts_cart_items_short' ).text( items[0] ); $sc_cart.data( { 'items': cnt ? cnt : 0, 'summa': total ? total : 0 } ); if ( e.type == 'added_to_cart' ) { sc_layouts_cart_panel_open( $sc_cart ); } trx_addons_sc_layouts_cart_item_close_icon_replace( $widget ); } ); } ); jQuery( document.body ).on( 'edd_cart_item_added edd_cart_item_removed edd_quantity_updated', function ( e, data ) { var items = $sc_cart.find( '.sc_layouts_cart_items' ).eq(0).text().split( ' ', 2 ); items[0] = data.cart_quantity ? data.cart_quantity : data.quantity; jQuery( '.sc_layouts_cart_items' ).text( items[0] + ( items.length > 1 ? ' ' + items[1] : '' ) ); jQuery( '.sc_layouts_cart_items_short' ).text( items[0] ); jQuery( '.sc_layouts_cart_summa' ).text( data.total ); $sc_cart.data( { 'items': data.cart_quantity ? data.cart_quantity : 0, 'summa': data.total ? data.total : 0 } ); sc_layouts_cart_panel_open( $sc_cart ); } ); } } function sc_layouts_cart_panel_open( $sc_cart ) { if ( ! $sc_cart.hasClass( 'sc_layouts_cart_opened' ) ) { var link = $sc_cart.filter( ':visible' ).find( '.sc_layouts_cart_icon,.sc_layouts_cart_details' ).eq(0); if ( link.length ) { if ( link.data( 'panel-id' ) ) { link.trigger( 'click' ); } else if ( link.data( 'button-id' ) ) { setTimeout( function() { jQuery( '#' + link.data( 'button-id' ) ).toggleClass( 'sc_layouts_cart_button_showed' ); }, 10 ); } } } } function trx_addons_sc_layouts_cart_panel_close_icon_replace ( panel = false ) { if ( ! is_trx_addons_customizable || ! panel ) { return false; } if ( panel.prev( '.sc_layouts_panel_hide_content.trx_addons_customizable' ).length <= 0 && panel.hasClass( 'trx_addons_customizable' ) ) { panel.prev( '.sc_layouts_panel_hide_content' ).addClass( 'trx_addons_customizable' ); } if ( panel.prev( '.sc_layouts_panel_hide_content[class*="sc_layouts_cart_panel_style_"]' ).length <= 0 ) { var panel_class_list = panel.attr('class').split(/\s+/); for ( var i = 0; i < panel_class_list.length; i++ ) { if ( panel_class_list[i].indexOf( "sc_layouts_cart_panel_style_" ) !== -1 ) { panel.prev( '.sc_layouts_panel_hide_content' ).addClass( panel_class_list[i] + '-panel_overlay' ); break; } } } if ( panel.length > 0 && panel.attr( 'id' ) && panel.find( '.sc_layouts_panel_close.replaced-icon' ).length <= 0 ) { var $cart_widget_wrapper = jQuery( '.sc_layouts_item_icon[data-panel-id="' + panel.attr( 'id' ) + '"]' ); if ( $cart_widget_wrapper.length > 0 && $cart_widget_wrapper.closest( '.sc_layouts_cart' ).length > 0 ) { var $cart_item_close_icon = $cart_widget_wrapper.closest( '.sc_layouts_cart' ); if ( $cart_item_close_icon.length > 0 && $cart_item_close_icon.data( 'panel-close-icon' ) ) { panel.find( '.sc_layouts_panel_close' ).html( $cart_item_close_icon.data( 'panel-close-icon' ) ); } } panel.find( '.sc_layouts_panel_close' ).addClass( 'replaced-icon' ); } } function trx_addons_sc_layouts_cart_item_close_icon_replace ( $widget = false ) { if ( ! is_trx_addons_customizable || ! $widget ) { return false; } var $try_cart_item_close_icon = $widget.closest( '[data-cart-item-close-icon]' ); if ( $try_cart_item_close_icon.length <= 0 ) { $try_cart_item_close_icon = $widget.find( '[data-cart-item-close-icon]' ); } if ( $try_cart_item_close_icon.length > 0 && $try_cart_item_close_icon.data( 'cart-item-close-icon' ) ) { var $try_cart_item_close_icon_html = jQuery( $try_cart_item_close_icon.data( 'cart-item-close-icon' ) ); $widget.find( 'a.remove' ).html( $try_cart_item_close_icon_html.removeAttr( 'id' ) ); } else { var $layouts_panel = $widget.closest( '.sc_layouts_panel' ); if ( $layouts_panel.length > 0 && $layouts_panel.attr( 'id' ) ) { var $cart_widget_wrapper = jQuery( '.sc_layouts_item_icon[data-panel-id="' + $layouts_panel.attr( 'id' ) + '"]' ); if ( $cart_widget_wrapper.length > 0 && $cart_widget_wrapper.closest( '.sc_layouts_cart' ).length > 0 ) { var $cart_item_close_icon = $cart_widget_wrapper.closest( '.sc_layouts_cart' ); if ( $cart_item_close_icon.length > 0 && $cart_item_close_icon.data( 'cart-item-close-icon' ) ) { var $cart_item_close_icon_html = jQuery( $cart_item_close_icon.data( 'cart-item-close-icon' ) ); $widget.find( 'a.remove' ).html( $cart_item_close_icon_html.removeAttr( 'id' ) ); } } } } } function trx_addons_sc_layouts_cart_preview_panel_z_index ( $scope = false ) { if ( ! $scope ) { return false; } var $closest_parent = $scope.closest( '.elementor-section-wrap > .elementor-element' ); if ( $closest_parent.find( '.sc_layouts_cart_preview_init' ).length > 0 ) { $closest_parent.addClass( 'trx_addons_customizable trx_addons_sc_layouts_cart_general_parent' ); } else { $closest_parent.removeClass( 'trx_addons_customizable trx_addons_sc_layouts_cart_general_parent' ); } } if ( is_edit_mode ) { trx_addons_sc_layouts_cart_preview_panel_z_index( $scope ); trx_addons_sc_layouts_cart_item_close_icon_replace( $scope ); var editPanelID = $scope.find( '[data-panel-id]' ).eq(0); if ( editPanelID.length > 0 && editPanelID.data( 'panel-id' ) ) { var editPanel = jQuery( '#' + editPanelID.data( 'panel-id' ) ); if ( editPanel.length > 0 ) { trx_addons_sc_layouts_cart_panel_close_icon_replace( editPanel ); if ( editPanel.prev( '.sc_layouts_panel_hide_content.sc_layouts_cart_preview_init' ).length <= 0 ) { editPanel.prev( '.sc_layouts_panel_hide_content' ).addClass( 'sc_layouts_cart_preview_init' ) } } } } }; jQuery(document).on('action.ready_trx_addons', function() { "use strict"; jQuery( document ).on( 'action.init_hidden_elements', function( e, $container ) { if ( $container === undefined ) { $container = jQuery( 'body' ); } $container.find( '.sc_layouts_dark_light:not(.sc_layouts_dark_light_inited)' ).each( function() { jQuery( this ) .addClass( 'sc_layouts_dark_light_inited' ) .on( 'click', function(e) { var $self = jQuery( this ), $active = $self.find( '.sc_layouts_dark_light_active' ), active_mode = $active.hasClass( 'sc_layouts_dark_light_dark' ) ? 'dark' : 'light', $next = $active.siblings( '.sc_layouts_dark_light_item' ), next_mode = $next.hasClass( 'sc_layouts_dark_light_dark' ) ? 'dark' : 'light', schemes = $self.data( 'schemes' ), permanent = $self.data( 'permanent' ), i, data, option_name; jQuery( '.sc_layouts_dark_light' ).each( function() { var $current = jQuery( this ); $current .removeClass( 'sc_layouts_dark_light_active_' + active_mode ) .addClass( 'sc_layouts_dark_light_active_' + next_mode ) .find( '.sc_layouts_dark_light_item' ) .toggleClass( 'sc_layouts_dark_light_active' ); } ); if ( schemes ) { for ( i = 0; i < schemes[active_mode].length; i++ ) { data = schemes[active_mode][i]; jQuery( data.selector ).removeClass( 'scheme_' + data.scheme ); } for ( i = 0; i < schemes[next_mode].length; i++ ) { data = schemes[next_mode][i]; jQuery( data.selector ).addClass( 'scheme_' + data.scheme ); } } for ( i = 0; i < schemes[next_mode].length; i++ ) { data = schemes[next_mode][i]; option_name = trx_addons_apply_filters( 'trx_addons_filter_dark_light_option_name', ( data.area == 'content' ? 'color' : ( data.area == 'other' ? 'menu' : data.area ) ) + '_scheme', data ); if ( permanent ) { trx_addons_set_cookie( option_name, data.scheme ); } else { trx_addons_del_cookie( option_name ); } } e.preventDefault(); return false; } ); } ); } ); } ); jQuery(document).on('action.ready_trx_addons', function() { "use strict"; jQuery('.sc_layouts_logo,.custom-logo-link').on('click', function(e){ if (jQuery(this).attr('href') == '#' || location.href == jQuery(this).attr('href')) { trx_addons_document_animate_to(0); e.preventDefault(); return false; } }); }); ( function() { "use strict"; var $document = jQuery(document); $document.on( 'action.before_ready_trx_addons', function() { window.trx_addons_init_sfmenu = function( selector ) { jQuery( selector ).show().each( function() { var $self = jQuery( this ); var is_touch_device = ( 'ontouchstart' in document.documentElement ); var animation_in = $self.parent().data( 'animation-in' ); if ( animation_in == undefined || is_touch_device ) { animation_in = "none"; } var animation_out = $self.parent().data( 'animation-out' ); if ( animation_out == undefined || is_touch_device ) { animation_out = "none"; } var sf_init = { delay: 300, speed: animation_in != 'none' ? 500 : 200, speedOut: animation_out != 'none' ? 300 : 200, autoArrows: false, dropShadows:false, onBeforeShow: function() { jQuery( this ).each( function() { var menu_item = jQuery( this ).data( 'menu-state', 'before-show' ); if ( menu_item.hasClass('sc_layouts_submenu') && ! menu_item.hasClass('layouts_inited') && menu_item.find('.slider_container').length > 0 ) { menu_item.addClass('sc_layouts_submenu_prepare'); } else { trx_addons_do_action( 'trx_addons_action_menu_on_before_show', menu_item ); trx_addons_before_show_menu(menu_item); } } ); }, onShow: function() { jQuery( this ).each( function() { var menu_item = jQuery( this ); if ( menu_item.data( 'menu-state' ) != 'before-show' ) { trx_addons_do_action( 'trx_addons_action_menu_on_show', menu_item ); trx_addons_before_show_menu(menu_item); } menu_item.data('menu-state', 'show'); trx_addons_do_action( 'trx_addons_action_menu_after_show', menu_item ); trx_addons_after_show_menu(menu_item); } ); }, onBeforeHide: function() { jQuery( this ).each( function() { var menu_item = jQuery( this ); if ( menu_item.data( 'menu-state' ) == 'show' ) { menu_item.data('menu-state', 'before-hide'); trx_addons_do_action( 'trx_addons_action_menu_on_before_hide', menu_item ); trx_addons_before_hide_menu(menu_item); } } ); }, onHide: function() { jQuery(this).each( function() { var menu_item = jQuery( this ).data('menu-state', 'hide'); trx_addons_do_action( 'trx_addons_action_menu_on_hide', menu_item ); trx_addons_after_hide_menu(menu_item); } ); }, onHandleTouch: function() { var $ul = jQuery( this ).parents('ul'); if ( trx_addons_browser_is_ios() && $ul.length > 1 ) { $ul.addClass('sc_layouts_submenu_freeze'); setTimeout( function() { $ul.removeClass('sc_layouts_submenu_freeze'); }, 1000 ); } } }; if ( animation_in == 'none' ) { sf_init.animation = { opacity: 'show' }; } if ( animation_out == 'none' ) { sf_init.animationOut = { opacity: 'hide' }; } $self.find( '.sc_layouts_submenu_wrap' ).on( 'focusout', function( e ) { if ( e.currentTarget && jQuery( e.currentTarget ).hasClass( 'sc_layouts_submenu_wrap' ) ) { e.stopPropagation(); return false; } } ); $self.addClass('inited').superfish( trx_addons_apply_filters( 'trx_addons_filter_menu_init_args', sf_init ) ); function trx_addons_before_show_menu(menu_item) { var in_columns = menu_item.parents('li[class*="columns-"]').length > 0 && ( ! menu_item.parent().attr('class') || menu_item.parent().attr('class').indexOf('columns-') == -1 ); if ( ! in_columns ) { trx_addons_shift_submenu( menu_item ); var animated = false; trx_addons_do_action( 'trx_addons_action_menu_before_animation_in', menu_item, animation_in, animation_out ); if ( animation_in != 'none' ) { animated = trx_addons_apply_filters( 'trx_addons_filter_menu_animation_in', false, menu_item, animation_in, animation_out ); if ( ! animated ) { if ( menu_item.hasClass('animated') && menu_item.hasClass(animation_out) ) { menu_item.removeClass('animated faster '+animation_out); } menu_item.addClass('animated fast '+animation_in); animated = true; } } $document.trigger('action.before_show_submenu', [menu_item] ); } return animated; } function trx_addons_after_show_menu(menu_item) { if ( menu_item.hasClass('sc_layouts_submenu') ) { if ( ! menu_item.hasClass('layouts_inited') ) { trx_addons_stretch_submenu(menu_item); $document.trigger( 'action.init_hidden_elements', [menu_item] ); if (menu_item.find('.slider_container').length > 0) { $document.on('action.slider_inited', function(e, slider, id) { trx_addons_before_show_menu(menu_item); menu_item .removeClass('sc_layouts_submenu_prepare') .addClass('layouts_inited'); }); } else { menu_item.addClass('layouts_inited'); } } $document.trigger('action.resize_trx_addons', [menu_item]); } $document.trigger('action.after_show_submenu', [menu_item] ); } function trx_addons_before_hide_menu(menu_item) { menu_item.find('.trx_addons_video_player.with_cover.video_play').removeClass('video_play').find('.video_embed').empty(); var animated = false; trx_addons_do_action( 'trx_addons_action_menu_before_animation_out', menu_item, animation_in, animation_out ); if ( animation_out!='none' ) { animated = trx_addons_apply_filters( 'trx_addons_filter_menu_animation_out', false, menu_item, animation_in, animation_out ); if ( ! animated ) { if (menu_item.parents('[class*="columns-"]').length === 0 ) { if ( menu_item.hasClass('animated') && menu_item.hasClass(animation_in) ) { menu_item.removeClass('animated fast '+animation_in); } if ( menu_item.data('menu-state') == 'show' || menu_item.data('menu-state') == 'before-hide' ) { menu_item.addClass('animated faster '+animation_out); animated = true; } } } } $document.trigger('action.before_hide_submenu', [menu_item] ); return animated; } function trx_addons_after_hide_menu(menu_item) { setTimeout( function() { if ( menu_item.data('menu-state') == 'hide' ) { menu_item.removeAttr( 'style' ); var bg = menu_item.find('> .sc_layouts_menu_stretch_bg'); if ( bg.length ) { bg.removeAttr( 'style' ) .css( { 'background-color': menu_item.css('background-color') } ); } var container = menu_item.data( 'reset-style' ); if ( container ) { menu_item.find( container ).removeAttr( 'style' ); } $document.trigger('action.after_hide_submenu', [menu_item] ); } }, 500 ); } } ); }; trx_addons_init_sfmenu('.sc_layouts_menu:not(.inited):not(.sc_layouts_submenu_dropdown) > ul:not(.inited)'); trx_addons_menu_collapse(); jQuery('.sc_layouts_menu:not(.inited)').each(function() { if (jQuery(this).find('>ul.inited').length == 1) jQuery(this).addClass('inited'); }); jQuery('.menu_hover_slide_line:not(.slide_inited),.menu_hover_slide_box:not(.slide_inited)').each(function() { var menu = jQuery(this).addClass('slide_inited'); var style = menu.hasClass('menu_hover_slide_line') ? 'line' : 'box'; setTimeout(function() { if (jQuery.fn.spasticNav !== undefined) { menu.find('>ul').spasticNav({ style: style, colorOverride: false }); } }, 500); }); jQuery('.sc_layouts_menu_mobile_button_burger:not(.inited)').each(function() { var burger = jQuery(this); var popup = burger.find('.sc_layouts_menu_popup'); if (popup.length == 1) { burger.addClass('inited').on('click', '>a', function(e) { popup.toggleClass('opened').slideToggle(); e.preventDefault(); return false; }); popup.on('click', 'a', function(e) { var $item = jQuery(this); if ( $item.next().hasClass('sub-menu') ) { $item.parent().siblings().find( '>.sub-menu' ).fadeOut(); $item.next().fadeToggle(); e.preventDefault(); return false; } }); $document.on('click', function(e) { jQuery('.sc_layouts_menu_popup.opened').removeClass('opened').slideUp(); }); } }); jQuery( '.menu_mobile:not(.inited_blur)' + ',.trx-addons-mobile-menu-outer-container:not(.inited_blur)' ) .addClass( 'inited_blur' ) .on( 'keydown', function( e ) { if ( e.key !== 'Tab' ) return; const modal = document.querySelector('.menu_mobile.opened,.trx-addons-mobile-menu-outer-container.trx-addons-vertical-toggle-open'); if ( ! modal ) return; const focusableElements = Array.from( modal.querySelectorAll('a, [tabindex]') ).filter(el => { return ( ! el.closest('[hidden]') && ! el.hasAttribute('disabled') && el.offsetParent !== null ); } ); if ( focusableElements.length === 0 ) return; const first = focusableElements[0]; const last = focusableElements[focusableElements.length - 1]; const focused = document.activeElement; if ( e.shiftKey ) { if ( focused === first || ! modal.contains( focused ) ) { e.preventDefault(); last.focus(); } } else { if ( focused === last || ! modal.contains( focused ) ) { e.preventDefault(); first.focus(); } } } ); jQuery( '.sc_layouts_menu:not(.inited_kbd)' + ',.menu_mobile_nav_area:not(.inited_kbd)' + ',.trx-addons-nav-menu-container:not(.inited_kbd)' + ',.trx-addons-mobile-menu-container:not(.inited_kbd)' ) .addClass( 'inited_kbd' ) .on( 'keydown', 'li > a', function(e) { var handled = false, link = jQuery( this ), li = link.parent(), ul = li.parent(), li_parent = ul.parent().prop( 'tagName' ) == 'LI' ? ul.parent() : false, item = false, is_new_menu = li.hasClass( 'trx-addons-nav-menu-item' ), is_mobile_menu = li.closest( '.inited_kbd' ).hasClass( 'trx-addons-mobile-menu-container' ) || li.closest( '.inited_kbd' ).hasClass( 'menu_mobile_nav_area' ); if ( 32 == e.which ) { link.trigger( 'click' ); handled = true; } else if ( 27 == e.which ) { if ( li_parent ) { if ( is_new_menu ) { li.trigger( 'mouseleave' ); ul.trigger( 'mouseleave' ); } item = li_parent.find( '> a' ); if ( item.length > 0 ) { if ( is_new_menu ) { li_parent.trigger( 'mouseenter' ); } item.get(0).focus(); } } handled = true; } else if ( 37 == e.which ) { if ( li_parent ) { item = li_parent.find( '> a' ); if ( item.length > 0 ) { if ( is_mobile_menu ) { item.find( '> .open_child_menu,> .trx-addons-menu-link-text > .trx-addons-dropdown-icon' ).trigger( 'click' ); } if ( is_new_menu ) { li.trigger( 'mouseleave' ); li_parent.trigger( 'mouseenter' ); } item.get(0).focus(); } } else if ( li.index() > 0 ) { item = li.prev().find( '> a' ); if ( item.length > 0 ) { if ( is_new_menu ) { li.trigger( 'mouseleave' ); item.closest( 'li' ).trigger( 'mouseenter' ); } item.eq(0).focus(); } } handled = true; } else if ( 38 == e.which ) { if ( li.index() > 0 ) { item = li.prev().find( '> a' ); if ( item.length > 0 ) { if ( is_new_menu ) { li.trigger( 'mouseleave' ); item.closest( 'li' ).trigger( 'mouseenter' ); } item.get(0).focus(); } } else if ( li_parent ) { item = li_parent.find( '> a' ); if ( item.length > 0 ) { if ( is_new_menu ) { li.trigger( 'mouseleave' ); li_parent.trigger( 'mouseenter' ); } item.get(0).focus(); } } handled = true; } else if ( 39 == e.which ) { if ( li_parent ) { if ( li.find( '> ul' ).length == 1 ) { if ( is_mobile_menu ) { li.find( 'a > .open_child_menu,> a > .trx-addons-menu-link-text > .trx-addons-dropdown-icon' ).trigger( 'click' ); } item = li.find( '> ul > li:first-child a' ); if ( item.length > 0 ) { if ( is_new_menu ) { li.trigger( 'mouseleave' ); item.closest( 'li' ).trigger( 'mouseenter' ); } item.get(0).focus(); } } } else if ( is_mobile_menu && li.find( '> ul' ).length == 1 ) { li.find( '> a > .open_child_menu,> a > .trx-addons-menu-link-text > .trx-addons-dropdown-icon' ).trigger( 'click' ); } else if ( li.next().prop( 'tagName' ) == 'LI' ) { item = li.next().find( '> a' ); if ( item.length > 0 ) { if ( is_new_menu ) { li.trigger( 'mouseleave' ); item.closest( 'li' ).trigger( 'mouseenter' ); } item.get(0).focus(); } } handled = true; } else if ( 40 == e.which ) { if ( li_parent || li.find( '> ul' ).length === 0 || ( is_mobile_menu && ! li.hasClass( 'trx-addons-active-menu' ) && ! li.hasClass( 'opened' ) && li.next().prop( 'tagName' ) == 'LI' ) ) { if ( li.next().prop( 'tagName' ) == 'LI' ) { item = li.next().find( '> a' ); if ( item.length > 0 ) { if ( is_new_menu ) { li.trigger( 'mouseleave' ); item.closest( 'li' ).trigger( 'mouseenter' ); } item.get(0).focus(); } } } else if ( li.find( '> ul' ).length == 1 ) { item = li.find( '> ul > li:first-child a' ); if ( item.length > 0 ) { if ( is_new_menu ) { li.trigger( 'mouseleave' ); item.closest( 'li' ).trigger( 'mouseenter' ); } item.get(0).focus(); } } handled = true; } if ( handled ) { var $body = jQuery('body'); if ( ! $body.hasClass( 'show_outline' ) ) { $body.addClass( 'show_outline' ); } e.preventDefault(); return false; } return true; } ); }); $document.on('action.resize_trx_addons', function() { trx_addons_menu_collapse(); }); function trx_addons_menu_collapse() { if ( TRX_ADDONS_STORAGE['menu_collapse'] == 0 ) { return; } jQuery('.sc_layouts_menu:not(.sc_layouts_menu_no_collapse):not(.sc_layouts_menu_dir_vertical),.elementor-widget-trx_elm_nav_menu.trx-addons-nav-hor .trx-addons-nav-menu-container-collapse').each( function() { var nav = jQuery( this ); if ( nav.parents('div:hidden,section:hidden,article:hidden').length > 0 ) { return; } var ul = nav.find( '>ul:not(.sc_layouts_menu_no_collapse).inited,>ul.trx-addons-nav-menu' ); if ( ul.length === 0 ) { return; } var li_collapse_new = ul.hasClass( 'trx-addons-nav-menu' ); var li_collapse_class = li_collapse_new ? 'trx-addons-nav-menu-collapse' : 'menu-collapse'; var li_collapse_classes = [ 'menu-item', li_collapse_class ]; if ( li_collapse_new ) { li_collapse_classes.push( 'menu-item-type-custom' ); li_collapse_classes.push( 'menu-item-object-custom' ); li_collapse_classes.push( 'menu-item-has-children' ); li_collapse_classes.push( 'trx-addons-nav-menu-item' ); } function check_menu_wrapper( item ) { var allow_any_wrapper = trx_addons_apply_filters( 'trx_addons_filter_menu_collapse_allow_any_wrapper', true ); var rez = allow_any_wrapper; if ( ! allow_any_wrapper ) { var wrappers_list = trx_addons_apply_filters( 'trx_addons_filter_menu_collapse_wrapper_classes', [ 'sc_layouts_column', 'wpb_wrapper', 'elementor-widget-wrap', 'e-con', 'e-con-inner', 'wp-block-column', 'kt-inside-inner-col' ] ); for (var i = 0; i < wrappers_list.length; i++ ){ if ( item.hasClass( wrappers_list[i] ) ) { rez = true; break; } } } return rez; } function check_item_delimiter( item ) { var delimiters_list = trx_addons_apply_filters( 'trx_addons_filter_menu_collapse_delimiter_classes', [ 'vc_empty_space', 'vc_separator', 'elementor-widget-spacer', 'elementor-widget-divider', 'wp-block-spacer', 'wp-block-separator', 'wp-block-kadence-spacer', 'wp-block-coblocks-shape-divider' ] ); var rez = false; for (var i = 0; i < delimiters_list.length; i++ ){ if ( item.hasClass( delimiters_list[i] ) ) { rez = true; break; } } return rez; } var sc_layouts_item_wrapper = nav.parents('.sc_layouts_item,.elementor-element').eq(0), sc_layouts_item = sc_layouts_item_wrapper.length > 0 ? sc_layouts_item_wrapper : nav, sc_layouts_item_parent = sc_layouts_item.parent(); if ( ! check_menu_wrapper( sc_layouts_item_parent ) ) { return; } var w_max = sc_layouts_item_parent.width() - ( Math.ceil( parseFloat( sc_layouts_item.css('marginLeft') ) ) + Math.ceil( parseFloat( sc_layouts_item.css('marginRight') ) ) ) - 2; var w_siblings = 0, in_group = 0, ul_id = ul.attr('id'), gap = sc_layouts_item_parent.css('gap') || '0'; gap = gap.split(' '); gap = gap.length > 1 ? parseFloat( gap[1] ) : parseFloat( gap[0] ); if ( isNaN(gap) || gap < 0 ) { gap = 0; } sc_layouts_item_parent.find( '>div' + ( sc_layouts_item_parent.attr( 'class' ).indexOf( 'elementor-' ) >= 0 || sc_layouts_item_parent.attr( 'class' ).indexOf( 'e-con' ) >= 0 ? '.elementor-element' : '' ) ).each( function() { if ( in_group > 1 ) { return; } var $self = jQuery(this); if ( check_item_delimiter( $self ) ) { if ( in_group == 1 ) { in_group = 2; } else { w_siblings = 0; } } else { if ( $self.find( '#' + ul_id ).length > 0 ) { in_group = 1; } else { w_siblings += ( $self.outerWidth() + Math.ceil(parseFloat( $self.css('marginLeft') ) ) + Math.ceil( parseFloat( $self.css('marginRight') ) ) ) + gap; } } }); w_max -= w_siblings; var w_all = 0; var move = false; var li_collapse = ul.find( '> li.' + li_collapse_classes.join('.') ); if ( li_collapse.length === 0 ) { var li_collapse_text = nav.data( 'collapse-text' ) || ''; var li_collapse_icon = nav.data( 'collapse-icon' ) || TRX_ADDONS_STORAGE['menu_collapse_icon']; if ( ! li_collapse_icon || li_collapse_icon == 'none' ) { li_collapse_icon = nav.data( 'collapse-menu-icon' ); } var li_collapse_icon_class = li_collapse_icon && li_collapse_icon.indexOf( '<' ) == -1 ? ' ' + li_collapse_icon : ''; ul.append( '<li class="' + li_collapse_classes.join( ' ' ) + '">' + '<a href="#" class="' + ( li_collapse_new ? 'trx-addons-menu-link trx-addons-menu-link-parent' : 'sf-with-ul' ) + li_collapse_icon_class + '">' + ( li_collapse_new ? '<span class="trx-addons-menu-link-text">' + ( li_collapse_text ? '<span class="trx-addons-menu-link-text-inner">' + li_collapse_text + '</span>' : '' ) + ( li_collapse_icon && ! li_collapse_icon_class ? '<span class="trx-addons-dropdown-icon trx-addons-icon">' + li_collapse_icon + '</span>' : '' ) + '</span>' : '' ) + '</a>' + '<ul class="' + ( li_collapse_new ? 'trx-addons-submenu' : 'submenu' ) + '"></ul>' + '</li>' ); li_collapse = ul.find( '> li.' + li_collapse_classes.join('.') ); } var li_collapse_ul = li_collapse.find('> ul'); ul.find('> li').each( function( idx ) { var cur_item = jQuery( this ); cur_item.data( 'index', idx ); if ( move || cur_item.attr('id') == 'blob' ) { return; } var cur_item_width = ! cur_item.hasClass( li_collapse_class ) || cur_item.css('display') != 'none' ? cur_item.outerWidth() + Math.ceil( parseFloat( cur_item.css( 'marginLeft' ) ) ) + Math.ceil( parseFloat( cur_item.css( 'marginRight' ) ) ) : 0; w_all += cur_item_width; if ( w_all > w_max ) { move = true; } } ); if ( move ) { li_collapse.show(); w_all = li_collapse.outerWidth() + Math.ceil( parseFloat( li_collapse.css( 'marginLeft' ) ) ) + Math.ceil( parseFloat( li_collapse.css( 'marginRight' ) ) ); var items = ul.find( "> li:not('." + li_collapse_class + "'):not(#blob)" ), visible = nav.data( 'collapse-visible' ) || 0, cnt_visible = 0; items.each( function( idx ) { var cur_item = jQuery( this ); var cur_width = cur_item.outerWidth() + Math.ceil( parseFloat( cur_item.css( 'marginLeft' ) ) ) + Math.ceil( parseFloat( cur_item.css( 'marginRight' ) ) ); if ( w_all <= w_max ) { w_all += cur_width; } if ( w_all > w_max && cnt_visible >= visible ) { cur_item .addClass( 'sc_layouts_menu_collapsed_item' ) .attr( 'class', cur_item.attr( 'class' ).replace( 'trx_addons_stretch_', 'trx_addons_nostretch_' ) ) .find( '> ul' ) .attr( 'style', '' ); if ( li_collapse_new ) { cur_item.addClass( 'trx-addons-submenu-item' ) .find( '> a' ).addClass( 'trx-addons-submenu-link' ) .find( '> .trx-addons-menu-link-text' ).addClass( 'trx-addons-submenu-link-text' ) .find( '> .trx-addons-dropdown-icon' ).html( nav.data( 'collapse-submenu-icon' ) ); } var moved = false; li_collapse_ul.find( '>li' ).each( function() { if ( ! moved && Number( jQuery( this ).data( 'index' ) ) > idx ) { cur_item .attr( 'data-width', cur_width ) .insertBefore( jQuery( this ) ); moved = true; } } ); if ( ! moved ) { cur_item .attr( 'data-width', cur_width ) .appendTo( li_collapse_ul ); } } else { cnt_visible++; } } ); $document.trigger( 'action.menu-collapse-items-moved', ['collapse'] ); } else { var items = li_collapse_ul.find( '>li' ); var cnt = 0; move = true; items.each( function() { if ( ! move ) { return; } if ( items.length - cnt == 1 ) { w_all -= ( li_collapse.outerWidth() + Math.ceil( parseFloat( li_collapse.css( 'marginLeft' ) ) ) + Math.ceil( parseFloat( li_collapse.css( 'marginRight' ) ) ) ); } var $item = jQuery( this ); w_all += parseFloat( $item.data( 'width' ) ); if ( w_all < w_max ) { if ( li_collapse_new ) { $item.removeClass( 'trx-addons-submenu-item' ) .find( '> a' ).removeClass( 'trx-addons-submenu-link' ) .find( '> .trx-addons-menu-link-text' ).removeClass( 'trx-addons-submenu-link-text' ) .find( '> .trx-addons-dropdown-icon' ).html( nav.data( 'collapse-menu-icon' ) ); } $item .attr( 'class', $item.attr( 'class' ).replace( 'trx_addons_nostretch_', 'trx_addons_stretch_' ) ) .insertBefore( li_collapse ); if ( $item.hasClass( 'sc_layouts_menu_collapsed_item' ) ) { $item.removeClass( 'sc_layouts_menu_collapsed_item' ).find( '>ul' ).removeAttr( 'style' ); } cnt++; } else { move = false; } } ); if ( items.length - cnt === 0 ) { li_collapse.hide(); } if ( cnt ) { $document.trigger( 'action.menu-collapse-items-moved', ['expand'] ); } } } ); } window.trx_addons_stretch_submenu = function(menu_item) { var done = false; if ( ! menu_item.length ) { return done; } var parent_class = menu_item.parent().attr('class'), is_mobile_menu = menu_item.closest( '.trx-addons-mobile-menu-container' ).length > 0; if ( TRX_ADDONS_STORAGE['menu_stretch'] == 1 && ! is_mobile_menu && ! menu_item.hasClass('trx_addons_no_stretch') && parent_class.indexOf('trx_addons_no_stretch') == -1 && ! menu_item.parents('.sc_layouts_menu').hasClass('sc_layouts_menu_dir_vertical') && trx_addons_apply_filters( 'trx_addons_filter_stretch_menu', menu_item.hasClass('sc_layouts_submenu') || parent_class.indexOf('columns-') != -1 || parent_class.indexOf('trx_addons_stretch_') != -1, menu_item ) ) { var menu = menu_item.parents("ul"); if ( menu.length == 1 ) { var $body = jQuery('body'), li = menu_item.parents("li").eq(0), stretch_to = trx_addons_apply_filters( 'trx_addons_filter_stretch_menu_to', li.hasClass( 'trx_addons_stretch_window' ) ? 'window' : ( li.hasClass( 'trx_addons_stretch_window_boxed' ) ? 'window_boxed' : 'content' ), menu_item ), content_wrap_selector = trx_addons_apply_filters( 'trx_addons_filter_stretch_menu_content_wrap_selector', '.content_wrap', menu_item ), content_wrap = jQuery( content_wrap_selector ).eq(0); if ( ! content_wrap.length ) { $body.append( trx_addons_apply_filters( 'trx_addons_filter_stretch_menu_content_wrap_html', '<div class="content_wrap" style="height:0;visibility:hidden;"></div>', menu_item ) ); content_wrap = jQuery( content_wrap_selector ).eq(0); if ( ! content_wrap.length ) { content_wrap = trx_addons_apply_filters( 'trx_addons_filter_stretch_menu_content_wrap', content_wrap, menu_item ); } } if ( content_wrap.length == 1 ) { if ( li.css('position') != 'relative' ) { var par = li.parents().filter( function() { return jQuery(this).css('position') == 'relative'; } ).eq(0); if ( par.length > 0 ) { li = par; } } var bw = $body.innerWidth(), cw = trx_addons_apply_filters( 'trx_addons_filter_stretch_menu_content_wrap_width', content_wrap.innerWidth(), menu_item, content_wrap ), cw_offset = content_wrap.offset().left, li_offset = li.offset().left; menu_item .css( { 'width': ( stretch_to == 'window' ? bw : cw ) + 'px', 'max-width': 'none', 'left': -li_offset + ( stretch_to == 'window' ? 0 : cw_offset ) + 'px', 'right': 'auto', 'transform': 'none' } ); if ( stretch_to == 'window' ) { menu_item.data( 'reset-style', '.elementor-section-boxed > .elementor-container,.e-con-boxed > .e-con-inner' ); menu_item.find( '.elementor-section-boxed > .elementor-container,.e-con-boxed > .e-con-inner' ).css( {'max-width': 'none' } ); } else if ( stretch_to == 'window_boxed' ) { var bg = menu_item.find('> .sc_layouts_menu_stretch_bg'); if ( bg.length === 0 ) { menu_item.append( '<span class="sc_layouts_menu_stretch_bg"></span>' ); bg = menu_item.find('> .sc_layouts_menu_stretch_bg'); bg.css( { 'background-color': menu_item.css('background-color') } ); } bg.css( { 'left': -(cw_offset + 1) + 'px', 'right': -(bw - cw_offset - cw + 1) + 'px' } ); } done = true; $document.trigger('action.resize_trx_addons', [menu_item] ); } } } else if ( is_mobile_menu ) { menu_item.removeAttr( 'style' ); } return done; }; window.trx_addons_shift_submenu = function(menu_item) { var window_width = jQuery(window).width(), page_wrap = jQuery(trx_addons_apply_filters( 'trx_addons_filter_page_wrap_class', TRX_ADDONS_STORAGE['page_wrap_class'] ? TRX_ADDONS_STORAGE['page_wrap_class'] : '.page_wrap', 'menu-before-show' )).eq(0), page_wrap_width = page_wrap.length > 0 ? page_wrap.width() : window_width, page_wrap_offset = page_wrap.length > 0 ? page_wrap.offset().left : 0, parents_ul = menu_item.parents("ul"), par = parents_ul.eq(0), par_offset = par.length > 0 ? par.offset().left : 0, par_width = par.length > 0 ? par.outerWidth() : 0, ul_width = menu_item.outerWidth(), rtl = jQuery( 'body' ).hasClass( 'rtl' ), is_mobile_menu = menu_item.closest( '.trx-addons-mobile-menu-container' ).length > 0, is_nested = parents_ul.length > 1; if ( is_mobile_menu ) { menu_item.removeAttr( 'style' ).removeClass( 'submenu_left' ); } if ( ! is_mobile_menu && is_nested && menu_item.parents( '.sc_layouts_menu_nav' ).length ) { if ( ( ! rtl && ( ( par_offset + par_width + ul_width > page_wrap_offset + page_wrap_width - 10 && par_offset - ul_width > page_wrap_offset ) || ( par_offset + par_width + ul_width > window_width && par_offset - ul_width > 0 ) ) ) || ( rtl && ( ( par_offset - ul_width < page_wrap_offset + 10 && par_offset + par_width + ul_width < page_wrap_offset + page_wrap_width ) || ( par_offset - ul_width < 0 && par_offset + par_width + ul_width < window_width ) ) ) ) { menu_item.addClass('submenu_left'); } else { menu_item.removeClass('submenu_left'); } } if ( ! is_mobile_menu && menu_item.parents( TRX_ADDONS_STORAGE['header_wrap_class'] ).length > 0 ) { var wide = trx_addons_stretch_submenu(menu_item); if ( ! wide || menu_item.parents( '.trx-addons-nav-menu-collapse' ).length ) { var ul_pos = menu_item.data('ul_pos'), submenu_left = ( menu_item.hasClass('submenu_left') && ! rtl ) || ( ! menu_item.hasClass('submenu_left') && rtl ), submenu_centered = menu_item.parent().css( 'position' ).indexOf( 'static' ) >= 0; if ( ul_pos === undefined && ! submenu_centered ) { ul_pos = parseFloat( menu_item.css( submenu_left ? 'right' : 'left' ) ); } if ( isNaN(ul_pos) ) { ul_pos = 0; } var ul_offset = is_nested ? par_offset + ul_pos : ( submenu_centered ? par_offset + par_width / 2 - ul_width / 2 : menu_item.parent().offset().left ); if ( submenu_left ) { if (ul_offset < 0) { if (menu_item.data('ul_pos') == undefined) { menu_item.data('ul_pos', ul_pos); } menu_item.css( { 'right': ul_pos + ul_offset + 'px', 'left': 'auto', 'transform': 'none' } ); } } else { if (ul_offset + ul_width >= window_width) { if (menu_item.data('ul_pos') == undefined) { menu_item.data('ul_pos', ul_pos); } menu_item.css( { 'left': ( ( submenu_centered ? par_width / 2 : ul_pos ) - ( ul_offset + ul_width - window_width ) ) + 'px', } ); } else if (ul_offset < 0) { if (menu_item.data('ul_pos') == undefined) { menu_item.data('ul_pos', ul_pos); } menu_item.css( { 'left': submenu_centered ? par_width / 2 - ul_offset : 0 } ); } } var ul_height = menu_item.outerHeight(), w_height = jQuery(window).height(), menu = menu_item.parents('.sc_layouts_menu').eq(0), row_offset = menu.length ? menu.offset().top - jQuery(window).scrollTop() : 0, row_height = 0, par_top = 0; par = menu_item.parent(); par_offset = 0; while ( par.length > 0 ) { par_top = par.position().top; par_offset += par_top + par.parent().position().top; row_height = par.outerHeight(); if (par_top === 0) break; par = par.parents('li').eq(0); } if (row_offset + par_offset + ul_height > w_height) { if (par_offset > ul_height) { menu_item.css( { 'top': 'auto', 'bottom': '-' + ( menu_item.css('padding-bottom') || 0 ) } ); } else { menu_item.css( { 'top': '-' + ( par_offset - row_height - 2 ) + 'px', 'bottom': 'auto' } ); } } } } }; } )();(function($) { "use strict"; $.fn.spasticNav = function(options) { options = $.extend({ overlap : 0, style: 'box', reset : 50, color : '#00c6ff', colorOverride: true, }, options); return this.each( function() { var nav = $(this), currentPageItem = nav.find('>.current-menu-item,>.current-menu-parent,>.current-menu-ancestor'), hidden = false, blob, reset; if (currentPageItem.length === 0) { currentPageItem = nav.find('li').eq(0); hidden = true; } var a = currentPageItem.find('>a'); var pl = parseInt(a.css('paddingLeft'), 10); if (isNaN(pl)) pl = 0; $('<li id="blob"></li>').css({ width : options.style=='box' ? a.outerWidth() : a.width(), left : currentPageItem.position().left + (options.style=='box' ? 0 : pl), top : currentPageItem.position().top - options.overlap / 2, opacity: hidden ? 0 : 1 }).appendTo(this); blob = $('#blob', nav); if (options.style == 'box') { blob.css({height: currentPageItem.outerHeight() + options.overlap}); } if (options.colorOverride) { var bg = a.css('backgroundColor'); blob.css({backgroundColor : hidden || bg=='transparent' ? options.color : bg}); } nav.find('>li:not(#blob)') .on( 'mouseenter', function() { clearTimeout(reset); var a = $(this).find('>a'); var pl = parseInt(a.css('paddingLeft'), 10); if (isNaN(pl)) pl = 0; if (options.colorOverride) { var bg = a.css('backgroundColor'); if (bg!='transparent') blob.css({backgroundColor: bg}); } $(this).addClass('blob_over'); blob.css({ left: $(this).position().left + (options.style=='box' ? 0 : pl), top: $(this).position().top - options.overlap / 2, width: options.style=='box' ? a.outerWidth() : a.width(), opacity: $(this).hasClass('menu-collapse') ? 0 : 1 }); } ) .on( 'mouseleave', function() { reset = setTimeout(function() { var a = currentPageItem.find('>a'); var pl = parseInt(a.css('paddingLeft'), 10); if (isNaN(pl)) pl = 0; if (options.colorOverride) { var bg = a.css('backgroundColor'); if (bg!='transparent') blob.css({backgroundColor: bg}); } blob.css({ width: options.style=='box' ? a.outerWidth() : a.width(), left: currentPageItem.position().left + (options.style=='box' ? 0 : pl), opacity: hidden ? 0 : 1, }); }, options.reset); $(this).removeClass('blob_over'); } ); }); }; })(jQuery); jQuery(document).on('action.ready_trx_addons', function() { "use strict"; if (jQuery('.search_wrap:not(.inited)').length > 0) { jQuery('.search_wrap:not(.inited)').each(function() { var search_wrap = jQuery(this).addClass('inited'), search_field = search_wrap.find('.search_field'), search_button = search_wrap.find('.search_submit'); var ajax_timer = null; search_field.on('keyup', function(e) { if (e.keyCode == 27) { search_field.val(''); trx_addons_search_close(search_wrap); e.preventDefault(); return; } if (search_wrap.hasClass('search_ajax')) { var s = search_field.val(); if (ajax_timer) { clearTimeout(ajax_timer); ajax_timer = null; } if (s.length >= 4) { ajax_timer = setTimeout(function() { search_wrap.addClass('search_progress'); jQuery.post(TRX_ADDONS_STORAGE['ajax_url'], { action: 'ajax_search', nonce: TRX_ADDONS_STORAGE['ajax_nonce'], text: s, post_types: search_wrap.find('input[name="post_types"]').val() }).done( function( response ) { clearTimeout( ajax_timer ); ajax_timer = null; var rez = trx_addons_parse_ajax_response( response, TRX_ADDONS_STORAGE['msg_search_error'] ); var msg = rez.error === '' ? rez.data : rez.error; search_wrap.removeClass('search_progress'); search_field.parents('.search_ajax').find('.search_results_content').empty().append(msg); search_field.parents('.search_ajax').find('.search_results').fadeIn(); jQuery( document ).trigger( 'action.got_ajax_response', { action: 'ajax_search', result: rez }); }); }, 500); } } }); search_wrap.find('.search_submit').on('click', function(e) { e.preventDefault(); if ( ( search_wrap.hasClass('search_style_expand') || search_wrap.hasClass('search_style_fullscreen') ) && ! search_wrap.hasClass('search_opened') ) { var duration = trx_addons_apply_filters( 'trx_addons_filter_search_fullscreen_fade_duration', 0 ); if ( search_wrap.hasClass('search_style_fullscreen') ) { jQuery('body').addClass('sc_layouts_search_opened'); var animation = search_wrap.data( 'overlay-animation' ); if ( animation ) { var animation_duration = search_wrap.data( 'overlay-animation-duration' ); search_wrap .find( '.search_form_wrap') .addClass( animation + ' animated' + ( animation_duration ? ' animated-' + animation_duration : '' ) ); search_wrap .find( '.search_form_overlay') .addClass( 'animated' + ( animation_duration ? '-' + animation_duration : '' ) ); } else { search_wrap .find( '.search_form_overlay') .toggleClass( 'trx_addons_no_transition', true ); } var placeholder = search_wrap.find('> .search_submit_placeholder'); search_wrap.hide(); if ( ! placeholder.length ) { search_button.clone().appendTo( search_wrap ).addClass( 'search_submit_placeholder' ); placeholder = search_wrap.find('> .search_submit_placeholder'); } search_wrap.addClass('search_opened').fadeIn( duration ); } else { search_wrap.addClass('search_opened'); } setTimeout( function() { search_field.get(0).focus(); }, 0 ); } else if ( search_field.val() === '' ) { if ( search_wrap.hasClass('search_opened') && search_wrap.hasClass('search_style_expand') ) { trx_addons_search_close(search_wrap); } else { search_field.get(0).focus(); } } else { search_wrap.find('form').get(0).submit(); } return false; }); search_wrap.find('.search_form_overlay').on('click', function(e) { e.preventDefault(); trx_addons_search_close(search_wrap); return false; }); search_wrap.find('.search_close').on('click', function(e) { e.preventDefault(); trx_addons_search_close(search_wrap); return false; }); search_wrap.find('.search_results_close').on('click', function(e) { e.preventDefault(); jQuery(this).parent().fadeOut(); return false; }); search_wrap.on('click', '.search_more', function(e) { e.preventDefault(); if (search_field.val() !== '') { search_wrap.find('form').get(0).submit(); } return false; }); }); } function trx_addons_search_close(search_wrap) { var duration = trx_addons_apply_filters( 'trx_addons_filter_search_fullscreen_fade_duration', 0 ); search_wrap.find('.search_field').get(0).blur(); if ( search_wrap.hasClass('search_style_fullscreen') ) { jQuery('body').removeClass('sc_layouts_search_opened'); search_wrap.find('.search_form_overlay').addClass( 'search_form_overlay_hide' ); if ( duration > 0 ) { search_wrap.find('.search_results').fadeOut( duration ); } else { search_wrap.find('.search_results').hide(); } var on_end_animation = function() { var search_button = search_wrap.find('.search_submit'); search_button .addClass( 'trx_addons_no_transition' ); search_wrap .removeClass( 'search_opened' ) .removeAttr( 'style' ) .show(); search_wrap .find('.search_form_overlay') .removeClass( 'search_form_overlay_hide' ); search_button .removeClass( 'trx_addons_no_transition' ); }; var animation_exit = search_wrap.data( 'overlay-animation-exit' ) || ''; if ( animation_exit ) { animation_exit = animation_exit.replace( 'In', 'Out' ).replace( 'Down', 'Up' ); var animation = search_wrap.data( 'overlay-animation' ); var animation_duration = search_wrap.data( 'overlay-animation-duration' ); var search_form_wrap = search_wrap.find( '.search_form_wrap'); if ( animation ) { search_form_wrap.removeClass( animation + ' animated' + ( animation_duration ? ' animated-' + animation_duration : '' ) ) } trx_addons_on_end_animation( search_form_wrap.get(0), function() { search_form_wrap .removeClass( animation_exit ? animation_exit + ' animated' + ( animation_duration ? ' animated-' + animation_duration : '' ) : '' ); on_end_animation(); }, animation_duration == 'slow' ? 1500 : ( animation_duration == 'fast' ? 750 : 1000 ) ); search_form_wrap.addClass( animation_exit ? animation_exit + ' animated' + ( animation_duration ? ' animated-' + animation_duration : '' ) : '' ); } else { if ( duration > 0 ) { search_wrap.fadeTo( duration / 5 * 4, 0.33, on_end_animation ); } else { on_end_animation(); } } } else { search_wrap .removeClass('search_opened') .find('.search_results') .fadeOut(); } } }); jQuery(document).ready(function() { "use strict"; var $window = jQuery( window ), $document = jQuery( document ); var $reviews; $document.on( 'action.init_hidden_elements', update_jquery_links ); $document.on( 'action.got_ajax_response', update_jquery_links ); var first_run = true; function update_jquery_links(e) { if ( first_run && e && e.namespace == 'init_hidden_elements' ) { first_run = false; return; } $reviews = jQuery( '.trx_addons_reviews_block_mark:not(.inited)' +',.trx_addons_reviews_stars:not([data-mark-max]):not(.inited)' +',.trx_addons_reviews_block_detailed .trx_addons_reviews_block_criterias[data-mark-max="10"] .trx_addons_reviews_block_list_mark_line_hover:not(.inited)' +',.trx_addons_reviews_block_detailed .trx_addons_reviews_block_criterias[data-mark-max="100"] .trx_addons_reviews_block_list_mark_line_hover:not(.inited)' ); } update_jquery_links(); var votes_wrap = jQuery(".trx_addons_reviews_stars[data-mark-max]"); if (votes_wrap.length > 0) { votes_wrap .on('mousemove', function(e) { var mark_wrap = jQuery(this), mark_max = mark_wrap.data('mark-max'), mark_decimals = mark_wrap.data('mark-decimals'), w = mark_wrap.width(), x = Math.min( w, Math.max( 0, Math.round( e.pageX - mark_wrap.offset().left ) ) ) + 1; if (x <= w) { var pos = Math.round(x / w * 100), mark_show = trx_addons_reviews_mark2show(pos, mark_max, mark_decimals); pos = trx_addons_reviews_mark2save(mark_show, mark_max, mark_decimals); mark_wrap .data("mark", pos) .find(".trx_addons_reviews_bubble") .fadeIn() .css({"left": pos + "%"}) .find('.trx_addons_reviews_bubble_value') .text(mark_show); mark_wrap .find(".trx_addons_reviews_stars_hover") .css({"width": pos+"%"}); } }) .on('mouseleave', function(e) { var mark_wrap = jQuery(this), pos = Math.max(0, Number(mark_wrap.find('input[name="trx_addons_reviews_vote"]').val())); mark_wrap.find(".trx_addons_reviews_bubble").fadeOut(); mark_wrap.find(".trx_addons_reviews_stars_hover").css({"width": pos+"%"}); }) .on('click', function(e) { var mark_wrap = jQuery(this); mark_wrap .find('input[name="trx_addons_reviews_vote"]') .val( mark_wrap.data("mark") ); mark_wrap .next('.trx_addons_reviews_text') .find('.trx_addons_reviews_text_mark') .text(mark_wrap.find('.trx_addons_reviews_bubble_value').text()); }); } function trx_addons_reviews_mark2show(mark, mark_max, mark_decimals) { if (mark_max < 100) { mark = mark_decimals > 0 ? Math.round(mark / 100 * mark_max * 10) / 10 : Math.ceil(mark / 100 * mark_max); if (mark_decimals > 0 && String(mark).indexOf(".") < 0) { mark += ".0"; } } else { mark = Math.round(mark); } return mark; } function trx_addons_reviews_mark2save(mark, mark_max) { if (mark_max < 100) { mark = Math.round(mark * 100 / mark_max); } else { mark = Math.round(mark); } return mark; } $document .on( 'action.init_hidden_elements', trx_addons_reviews_block_mark_init ) .on( 'action.scroll_trx_addons', trx_addons_reviews_block_mark_init ) .on( 'action.resize_trx_addons', trx_addons_reviews_block_mark_resize ); function trx_addons_reviews_block_mark_init(e, container) { if ( $reviews.length === 0 ) return; var scrollPosition = $window.scrollTop() + $window.height(); $reviews.each(function(idx) { var item = $reviews.eq(idx); if ( item.hasClass('inited') || item.parents('div:hidden,article:hidden').length > 0 ) { return; } var scrollMark = item.offset().top; if (scrollPosition - 50 > scrollMark) { item.addClass('inited'); if (item.hasClass('trx_addons_reviews_block_mark')) { var canvas = item.find('canvas').eq(0), mark = parseFloat(canvas.data('value')), max = parseInt(canvas.data('max-value'), 10), decimals = parseInt(canvas.data('decimals'), 10), digits = item.find('.trx_addons_reviews_block_mark_value'); item .find('.trx_addons_reviews_block_mark_progress') .animate( { 'width': trx_addons_reviews_mark2save( mark, max, decimals )+'%' }, { duration: 2000, easing: 'linear', step: function(now, fx) { var m = trx_addons_reviews_mark2show( now, max, decimals ); digits.text(m); trx_addons_draw_arc_on_canvas(item, m); } } ); } } }); } function trx_addons_reviews_block_mark_resize( e ) { jQuery('.trx_addons_reviews_block_mark.inited canvas').each(function () { var canvas = jQuery(this); if (canvas.parents('div:hidden,article:hidden').length > 0) { return; } var item = canvas.parent(); if (item.width() != canvas.width()) { trx_addons_draw_arc_on_canvas(item, parseFloat(canvas.data('value'))); } }); } });</script>
<script id="trx_addons-mailchimp-js" defer="defer">/* global jQuery */

jQuery(document).on('action.ready_trx_addons', function() {
	"use strict";
	var count_mc4wp = 0;
	jQuery( '.mc4wp-form-fields' ).each( function () {
		count_mc4wp ++;
		if ( count_mc4wp > 1 ) {
			jQuery(this).find('input[type="checkbox"]').each(function () {
				var id = jQuery(this).attr( 'id' );
				jQuery(this)
					.attr('id', id+'_'+count_mc4wp)
					.next('label').attr('for', id+'_'+count_mc4wp);
			});
		}
	});
});
</script>
<script id="trx_addons-mouse-helper-js" defer="defer">/* global jQuery */

(function() {

	"use strict";

	var requestAnimationFrame = trx_addons_request_animation_frame();

	var mouseX = null, mouseY = null,
		realX  = null, realY  = null,
		destX  = [0,0,0,0,0,0,0,0,0,0],		// Allow up to 10 helper parts to move
		destY  = [0,0,0,0,0,0,0,0,0,0];

	var mouse_helper_timeout  = 0,
		mouse_helper_target   = null,
		mouse_helper_last_target = null,
		mouse_helper_action      = '',
		mouse_helper_last_action = '',
		mouse_helper_callback = '',
		mouse_helper_axis     = 'xy',
		mouse_helper_delay    = 1,
		mouse_helper_smooth   = true;

	var mouse_helper_original_styles = [ {}, {}, {}, {}, {}, {}, {}, {}, {}, {} ];

	var $window               = jQuery( window ),
		$document             = jQuery( document ),
		$body                 = jQuery( 'body' ),
		$mouse_helper         = jQuery('.trx_addons_mouse_helper');

	if ( $mouse_helper.eq(0).hasClass( 'trx_addons_mouse_helper_smooth' ) ) {
		mouse_helper_smooth = true;
	}

	var $mouse_helper_targets,
		$mouse_helper_magnets;

	// Update links and values after the new post added
	$document.on( 'action.got_ajax_response', update_jquery_links );
	$document.on( 'action.init_hidden_elements', update_jquery_links );
	var first_run = true;
	function update_jquery_links(e) {
		if ( first_run && e && e.namespace == 'init_hidden_elements' ) {
			first_run = false;
			return; 
		}
		$mouse_helper_targets = jQuery('[data-mouse-helper]');
		$mouse_helper_magnets = jQuery('[data-mouse-helper-magnet]:not([data-mouse-helper-magnet="0"])');
	}
	update_jquery_links();


	// Init Mouse helper
	$document.on('action.init_trx_addons', function() {

		if ( TRX_ADDONS_STORAGE['mouse_helper'] > 0 && $mouse_helper.length > 0 && requestAnimationFrame ) {

			$mouse_helper.each( function( idx ) {
				mouse_helper_original_styles[ idx ] = {
					blend_mode:	$mouse_helper.eq(idx).css( 'mix-blend-mode' ),
					color:		$mouse_helper.eq(idx).css( 'color' ),
					bg_color:	$mouse_helper.eq(idx).css( 'background-color' ),
					bd_color:	$mouse_helper.eq(idx).css( 'border-color' ),
					bd_width:	$mouse_helper.eq(idx).css( 'border-width' ),
					bd_style:	$mouse_helper.eq(idx).css( 'border-style' )
				};
			} );

			mouse_helper_delay = TRX_ADDONS_STORAGE['mouse_helper_delay'];

			var pointermove_allowed = false;

			$document
				.on( 'mousemove pointermove', function(e) {
					if ( e.originalEvent.type == 'pointermove' ) {
						pointermove_allowed = true;
					}
					if ( e.originalEvent.type == 'mousemove' && pointermove_allowed ) {
						return;
					}
					trx_addons_mouse_helper_get_state(e);
					if ( mouse_helper_callback && typeof window[mouse_helper_callback] == 'function' ) {
						window[mouse_helper_callback]( 'mousemove', $mouse_helper, mouse_helper_target, e );
					} else if ( typeof window['trx_addons_mouse_helper_callback_' + mouse_helper_action] == 'function' ) {
						window['trx_addons_mouse_helper_callback_' + mouse_helper_action]( 'mousemove', $mouse_helper, mouse_helper_target, e );
					}
					if ( mouse_helper_action == 'highlight' && mouse_helper_target ) {
						var targetOffset = mouse_helper_target.offset(),
							targetX = targetOffset.left - trx_addons_window_scroll_left(),
							targetY = targetOffset.top - trx_addons_window_scroll_top(),
							size = parseFloat( mouse_helper_target.css('background-size').split(' ')[0] ) / 2;
						mouse_helper_target.css( 'background-position', ( mouseX - targetX - size) + 'px ' + ( mouseY - targetY - size ) + 'px' );
					}
					if ( trx_addons_window_width() >= TRX_ADDONS_STORAGE['mobile_breakpoint_mousehelper_off'] ) {
						if ( mouse_helper_delay < 2 ) {
							destX.fill( mouseX );
							destY.fill( mouseY );
							$mouse_helper.css("transform", "translate(" + destX[0] + "px," + destY[0] + "px)");
						}
						if ( mouseX > trx_addons_window_width() - 100 ) {
							if ( ! $mouse_helper.hasClass( 'trx_addons_mouse_helper_left' ) ) {
								$mouse_helper.addClass( 'trx_addons_mouse_helper_left' );
							}
						} else {
							if ( $mouse_helper.hasClass( 'trx_addons_mouse_helper_left' ) ) {
								$mouse_helper.removeClass( 'trx_addons_mouse_helper_left' );
							}
						}
						if ( mouseY > trx_addons_window_height() - 100 ) {
							if ( ! $mouse_helper.hasClass( 'trx_addons_mouse_helper_top' ) ) {
								$mouse_helper.addClass( 'trx_addons_mouse_helper_top' );
							}
						} else {
							if ( $mouse_helper.hasClass( 'trx_addons_mouse_helper_top' ) ) {
								$mouse_helper.removeClass( 'trx_addons_mouse_helper_top' );
							}
						}
						// Check magnets
						trx_addons_mouse_helper_check_magnets();
					}
				} )

				.on( "mouseenter", '[data-mouse-helper]', function(e) {
					e.stopPropagation();
					var $self = jQuery(this).addClass('trx_addons_mouse_helper_over');
					// Set new target
					mouse_helper_target = mouse_helper_last_target = $self;
					mouse_helper_action = mouse_helper_last_action = $self.data( 'mouse-helper' );
					if ( trx_addons_window_width() >= TRX_ADDONS_STORAGE['mobile_breakpoint_mousehelper_off'] ) {
						mouse_helper_reset();
						if ( mouse_helper_timeout ) {
							clearTimeout( mouse_helper_timeout );
							mouse_helper_timeout = 0;
						}
					}
					mouse_helper_callback = $self.data( 'mouse-helper-callback' );
					if ( mouse_helper_callback === undefined ) {
						mouse_helper_callback = '';
					}
					if ( mouse_helper_callback && typeof window[mouse_helper_callback] == 'function' ) {
						window[mouse_helper_callback]( 'mouseenter', $mouse_helper, $self, e );
					} else if ( typeof window['trx_addons_mouse_helper_callback_' + mouse_helper_action] == 'function' ) {
						window['trx_addons_mouse_helper_callback_' + mouse_helper_action]( 'mouseenter', $mouse_helper, $self, e );
					}
					mouse_helper_axis = $self.data( 'mouse-helper-axis' );
					if ( mouse_helper_axis === undefined ) {
						mouse_helper_axis = 'xy';
					}
					mouse_helper_delay = $self.data( 'mouse-helper-delay' );
					if ( mouse_helper_delay === undefined ) {
						mouse_helper_delay = TRX_ADDONS_STORAGE['mouse_helper_delay'];
					}
					
					trx_addons_mouse_helper_get_state(e);

					if ( trx_addons_window_width() >= TRX_ADDONS_STORAGE['mobile_breakpoint_mousehelper_off'] ) {
						// Add a custom class to the helper
						var classes = $self.data("mouse-helper-class") || '';
						if ( classes ) {
							$mouse_helper.addClass( classes );
						}
						// Hide helper
						var hide = $self.data("mouse-helper-hide-helper") || '';
						if ( hide ) {
							$mouse_helper.addClass( 'trx_addons_mouse_helper_hide' );
						}
						// Centered
						var pos = ( TRX_ADDONS_STORAGE['mouse_helper_centered'] > 0 && ( $self.data("mouse-helper-centered") === undefined || $self.data("mouse-helper-centered") === '' ) )
									|| $self.data("mouse-helper-centered") > 0
									|| '';
						$mouse_helper.toggleClass( 'trx_addons_mouse_helper_centered', pos > 0 );
						// Overlay mode
						var mode = $self.data("mouse-helper-mode") || '';
						if ( mode ) {
							$mouse_helper.css( 'mix-blend-mode', mode );
						}
						// Text color
						var color = $self.data("mouse-helper-color") || '';
						if ( color ) {
							$mouse_helper.css( 'color', color );
						}
						// Background color
						var bg_color = $self.data("mouse-helper-bg-color") || '';
						if ( bg_color ) {
							$mouse_helper.css( 'background-color', bg_color );
						}
						// Border color
						var bd_color = $self.data("mouse-helper-bd-color") || '';
						if ( bd_color ) {
							$mouse_helper.css( 'border-color', bd_color );
						}
						// Border width
						var bd_width = $self.data("mouse-helper-bd-width");
						if ( bd_width === undefined ) {
							bd_width = '';
						}
						if ( bd_width !== '' && bd_width >= 0 ) {
							$mouse_helper.css( {
								'border-width': bd_width + 'px',
								'border-style': bd_width > 0 ? 'solid' : 'none'
							} );
						}
						// Add image
						var img = $self.data("mouse-helper-image") || '';
						if ( img ) {
							$mouse_helper.eq(0)
								.find('.trx_addons_mouse_helper_image').remove();
							$mouse_helper.eq(0)
								.append( '<span class="trx_addons_mouse_helper_image" style="background-image:url(' + img + ');"></span>' )
								.addClass( "trx_addons_mouse_helper_with_image");
						}
						// Add icon
						var icon = $self.data("mouse-helper-icon") || '';
						if ( icon && icon != 'none' ) {
							var icon_color = $self.data("mouse-helper-icon-color") || '',
								icon_size = $self.data("mouse-helper-icon-size") || '';
							$mouse_helper.eq(0)
								.find('.trx_addons_mouse_helper_icon').remove().end()
								.append( '<span class="trx_addons_mouse_helper_icon ' + icon + '"'
												+ ' style="'
													+ ( icon_color ? 'color: ' + icon_color + ';' : '' )
													+ ( icon_size ? 'font-size: ' + icon_size + 'em;' : '' )
												+ '"'
											+'></span>' )
								.addClass( 'trx_addons_mouse_helper_with_icon' );
						}
						// Add text
						var text = $self.data("mouse-helper-text") || '',
							text_round = $self.data("mouse-helper-text-round") > 0 || false,
							text_size = $self.data("mouse-helper-text-size") || '';
						if ( text ) {
							$mouse_helper.eq(0)
								.find('.trx_addons_mouse_helper_text').remove().end()
								.append( '<span class="trx_addons_mouse_helper_text' + ( text_round ? ' trx_addons_mouse_helper_text_round' : '' ) + '"'
											+ ( text_size ? ' style="font-size:' + text_size + 'em;"' : '' )
											+ '>'
												+ ( text_round ? trx_addons_wrap_chars( text, '<span class="trx_addons_mouse_helper_text_round_item">', '</span>' ) : text )
											+ '</span>' )
								.addClass( 'trx_addons_mouse_helper_with_text' + ( text_round ? ' trx_addons_mouse_helper_with_text_round' : '' ) );
							if ( text_round ) {
								var rtl = $body.hasClass( 'rtl' );
								setTimeout( function() {
									var text_wrap = $mouse_helper.eq(0).find( '.trx_addons_mouse_helper_text' ),
										items = text_wrap.find( '.trx_addons_mouse_helper_text_round_item' );
									if ( items.length > 0) {
										var r = Math.ceil( text_wrap.width() / 2 ),
											a = 0,
											hide = false;
										items.each( function( idx ) {
											if ( hide ) {
												items.eq( idx ).hide();
											} else {
												if ( a >= ( rtl ? 310 : 330 ) ) {	// If fill whole round - hide rest chars and replace its with '...'
													items.eq( idx ).html('&hellip;');
													hide = true;
												}
												var x = r + r * Math.sin( a / 180 * Math.PI ),
													y = r - r * Math.cos( a / 180 * Math.PI ),
													css = {
														'transform': 'rotate(' + ( rtl ? -a : a ) + 'deg)',
														'top':  y + 'px'
													};
												if ( rtl ) {
													css.right = x + 'px';
												} else {
													css.left = x + 'px';
												}
												items.eq( idx ).css( css );
												a += 2 * Math.asin( ( items.eq( idx ).width() + ( rtl ? 3 : 4 ) ) / ( 2 * r ) ) * 180 / Math.PI;
											}
										} );
									}
								}, 350);
							}
						}
						// Add custom HTML code
						var layout = $self.data("mouse-helper-layout") || '';
						if ( layout ) {
							$mouse_helper.eq(0)
								.find('.trx_addons_mouse_helper_layout').remove().end()
								.append( '<span class="trx_addons_mouse_helper_layout">' + layout + '</span>' )
								.addClass( 'trx_addons_mouse_helper_with_layout' );
						}
						// Add class to the mouse helper with type of the target
						var obj_type = $self.data( 'element_type' ) || '';
						if ( obj_type === 'widget' ) {
							obj_type = $self.data( 'widget_type' ) || '';
						}
						if ( obj_type === '' ) {
							if ( $self.hasClass( 'slider_container' ) ) {
								obj_type = 'slider';
							}
						} else {
							obj_type = obj_type.split('.')[0];
						}
						if ( obj_type !== '' ) {
							$mouse_helper.eq(0).addClass( 'trx_addons_mouse_helper_over_element_' + obj_type );
						}
						// Set 'active' and 'action' classes
						$mouse_helper.addClass( "trx_addons_mouse_helper_active trx_addons_mouse_helper_action_" + mouse_helper_action);
					}
				} )

				.on( "mouseleave", '[data-mouse-helper]', function(e) {
					e.stopPropagation();
					if ( mouse_helper_callback && typeof window[mouse_helper_callback] == 'function' ) {
						window[mouse_helper_callback]( 'mouseleave', $mouse_helper, mouse_helper_target, e );
						mouse_helper_callback = '';
					} else if ( typeof window['trx_addons_mouse_helper_callback_' + mouse_helper_action] == 'function' ) {
						window['trx_addons_mouse_helper_callback_' + mouse_helper_action]( 'mouseleave', $mouse_helper, mouse_helper_target, e );
					}
					$mouse_helper.removeClass( 'trx_addons_mouse_helper_click'
												+ ' trx_addons_mouse_helper_action_' + mouse_helper_action
												);
					if ( mouse_helper_target ) {
						mouse_helper_target.removeClass('trx_addons_mouse_helper_over');
						// Remove a custom class from the helper
						var classes = mouse_helper_target.data("mouse-helper-class") || '';
						if ( classes ) {
							$mouse_helper.removeClass( classes );
						}
					}
					mouse_helper_target = null;
					mouse_helper_action = '';
					mouse_helper_axis = 'xy';
					mouse_helper_delay = TRX_ADDONS_STORAGE['mouse_helper_delay'];
					if ( trx_addons_window_width() >= TRX_ADDONS_STORAGE['mobile_breakpoint_mousehelper_off'] ) {
						mouse_helper_timeout = setTimeout( function() {
							mouse_helper_reset();
							}, mouse_helper_smooth ? 10 : 0 );	//300
					}
					if ( e.relatedTarget ) {
						var newTarget = jQuery(e.relatedTarget);
						if ( ! newTarget.data('mouse-helper') ) {
							newTarget = newTarget.parents('[data-mouse-helper]').eq(0);
						}
						if ( newTarget.length > 0 && newTarget.data('mouse-helper') ) {
							setTimeout( function() {
								newTarget.trigger('mouseenter');
							}, 0 );
						}
					}
				} )

				.on( "mousedown swiper_touch_start", '[data-mouse-helper]', function(e) {
					var $self = jQuery(this);
					$mouse_helper.addClass('trx_addons_mouse_helper_click');
					mouse_helper_callback = $self.data( 'mouse-helper-callback' );
					if ( mouse_helper_callback === undefined ) {
						mouse_helper_callback = '';
					}
					if ( mouse_helper_callback && typeof window[mouse_helper_callback] == 'function' ) {
						window[mouse_helper_callback]( 'mousedown', $mouse_helper, $self, e );
					} else if ( typeof window['trx_addons_mouse_helper_callback_' + mouse_helper_action] == 'function' ) {
						window['trx_addons_mouse_helper_callback_' + mouse_helper_action]( 'mousedown', $mouse_helper, $self, e );
					}
				} )

				.on( "mouseup swiper_touch_end", '[data-mouse-helper]', function(e) {
					var $self = jQuery(this);
					$mouse_helper.removeClass('trx_addons_mouse_helper_click');
					mouse_helper_callback = $self.data( 'mouse-helper-callback' );
					if ( mouse_helper_callback === undefined ) {
						mouse_helper_callback = '';
					}
					if ( mouse_helper_callback && typeof window[mouse_helper_callback] == 'function' ) {
						window[mouse_helper_callback]( 'mouseup', $mouse_helper, $self, e );
					} else if ( typeof window['trx_addons_mouse_helper_callback_' + mouse_helper_action] == 'function' ) {
						window['trx_addons_mouse_helper_callback_' + mouse_helper_action]( 'mouseup', $mouse_helper, $self, e );
					}
				} );

			var mouse_helper_links = trx_addons_apply_filters(
										'trx_addons_filter_mouse_helper_links',
										'a,button,input[type="button"],input[type="submit"],input[type="reset"]'
									);
			$document
				.on( "mouseenter", mouse_helper_links, function(e) {
					$mouse_helper.addClass( "trx_addons_mouse_helper_over_link" );

				} )
				.on( "mouseleave", mouse_helper_links, function(e) {
					$mouse_helper.removeClass( "trx_addons_mouse_helper_over_link" );
				} );

			var mouse_helper_reset = function() {
				$mouse_helper.eq(0).addClass('trx_addons_mouse_helper_reset');
				setTimeout( function() {
						$mouse_helper.eq(0).removeClass('trx_addons_mouse_helper_reset');
					},     $mouse_helper.eq(0).hasClass( 'trx_addons_mouse_helper_with_icon' )
						|| $mouse_helper.eq(0).hasClass( 'trx_addons_mouse_helper_with_text' )
						|| $mouse_helper.eq(0).hasClass( 'trx_addons_mouse_helper_with_image' )
						|| $mouse_helper.eq(0).hasClass( 'trx_addons_mouse_helper_with_layout' )
						|| ( mouse_helper_target && (
							mouse_helper_target.data( 'mouse-helper-icon' )
							|| mouse_helper_target.data( 'mouse-helper-text' )
							|| mouse_helper_target.data( 'mouse-helper-image' )
							|| mouse_helper_target.data( 'mouse-helper-layout' )
							) )
							? ( mouse_helper_smooth ? 500 : 0 )
							: ( mouse_helper_smooth ? 50 : 0 )
				);
				$mouse_helper.eq(0)
					.attr( 'class', trx_addons_chg_class_by_prefix( $mouse_helper.attr( 'class' ), 'trx_addons_mouse_helper_over_element_', '' ) );
				var $inner_elements = $mouse_helper.eq(0).find('.trx_addons_mouse_helper_image,.trx_addons_mouse_helper_text,.trx_addons_mouse_helper_icon,.trx_addons_mouse_helper_layout');
				if ( $inner_elements.length > 0 ) {
					if ( true ) {
						// Abrupt remove of inner elements
						$inner_elements.remove();
					} else {
						// Smooth remove of inner elements
						$inner_elements
							.addClass('trx_addons_mouse_helper_reset_item')
							.animate( {
									opacity: 0,
									height: 0,
									width: 0
								},
								mouse_helper_smooth ? 500 : 0,
								function() {
									var $self = jQuery(this);
									if ( $self.hasClass('trx_addons_mouse_helper_reset_item') ) {
										$self.remove();
									}
								} );
					}
				}
				$mouse_helper
					.removeClass(
						'trx_addons_mouse_helper_active'
						+ ' trx_addons_mouse_helper_hide'
						+ ' trx_addons_mouse_helper_with_icon'
						+ ' trx_addons_mouse_helper_with_text'
						+ ' trx_addons_mouse_helper_with_text_round'
						+ ' trx_addons_mouse_helper_with_image'
						+ ' trx_addons_mouse_helper_with_layout'
					)
					.toggleClass( 'trx_addons_mouse_helper_centered', TRX_ADDONS_STORAGE['mouse_helper_centered'] > 0 );
				$mouse_helper.each( function( idx ) {
					$mouse_helper.eq(idx).css( {
						'mix-blend-mode': mouse_helper_original_styles[idx].blend_mode,
						'color': mouse_helper_original_styles[idx].color,
						'background-color': mouse_helper_original_styles[idx].bg_color,
						'border-color': mouse_helper_original_styles[idx].bd_color,
						'border-width': mouse_helper_original_styles[idx].bd_width,
						'border-style': mouse_helper_original_styles[idx].bd_style
					} );
				} );
				if ( mouse_helper_callback && typeof window[mouse_helper_callback] == 'function' ) {
					window[mouse_helper_callback]( 'reset', $mouse_helper, mouse_helper_last_target, null );
					mouse_helper_callback = '';
				} else if ( typeof window['trx_addons_mouse_helper_callback_' + mouse_helper_last_action] == 'function' ) {
					window['trx_addons_mouse_helper_callback_' + mouse_helper_last_action]( 'reset', $mouse_helper, mouse_helper_last_target, e );
				}
			};

			var mouse_helper_move = function() {
				cancelAnimationFrame(mouse_helper_move);
				if ( trx_addons_window_width() >= TRX_ADDONS_STORAGE['mobile_breakpoint_mousehelper_off'] && null !== mouseX && mouse_helper_delay > 1 ) {
					$mouse_helper.each( function( idx ) {
						if ( destX[idx] != mouseX || destY[idx] != mouseY ) {
							if ( $mouse_helper.eq( idx ).hasClass( 'trx_addons_mouse_helper_permanent' ) || $mouse_helper.eq( idx ).hasClass( 'trx_addons_mouse_helper_active' ) ) {
								var delay = ( $mouse_helper.eq( idx ).data( 'delay' ) || 0 ) * 1 + mouse_helper_delay * 1;
								destX[idx] += ( mouseX - destX[idx] ) / delay;
								destY[idx] += ( mouseY - destY[idx] ) / delay;
							} else {
								destX[idx] = mouseX;
								destY[idx] = mouseY;
							}
							$mouse_helper.eq( idx ).css("transform", "translate(" + destX[idx] + "px," + destY[idx] + "px)");
						}
					} );
				}
				requestAnimationFrame(mouse_helper_move);
			};
			requestAnimationFrame(mouse_helper_move);


			// Get current state
			function trx_addons_mouse_helper_get_state(e) {
				if ( e.clientX === undefined ) return;
				realX = e.clientX + trx_addons_window_scroll_left();
				realY = e.clientY + trx_addons_window_scroll_top();
				if ( mouse_helper_axis.indexOf('x') != -1 ) mouseX = e.clientX;
				if ( mouse_helper_axis.indexOf('y') != -1 ) mouseY = e.clientY;
			}


			// Check magnets
			function trx_addons_mouse_helper_check_magnets() {

				$mouse_helper_magnets.each( function() {

					var item  = jQuery(this),
						inner = item.children(),
						koef = item.data('mouse-helper-magnet-velocity') ? item.data('mouse-helper-magnet-velocity') : 1,
						delta = item.data('mouse-helper-magnet') * koef;

					var data, cx, cy, iw, ih, ix, iy, near; //position variables

					requestAnimationFrame(control_item);

					function control_item() {
						var off = item.offset();
						cx = realX;
						cy = realY;
						iw = item.width();
						ih = item.height();
						ix = off.left + iw / 2;
						iy = off.top + ih / 2;
						near = Math.abs(ix - cx) < iw * koef && Math.abs(iy - cy) < ih * koef;

						if (near) {
							! item.hasClass('trx_addons_mouse_helper_near') && move_item();
							requestAnimationFrame(control_item);
						} else {
							item.hasClass('trx_addons_mouse_helper_near') && reset_item();
						}
					}

					function move_item() {

						item.addClass('trx_addons_mouse_helper_near');

						var d  = get_closest_position(),
							dx = d.x,
							dy = d.y,
							nx = 0,
							ny = 0;

						transform_item();

						function transform_item() {
							var d = get_closest_position();
							nx += (d.x - dx) / 5;
							ny += (d.y - dy) / 5;

							nx.toFixed(2) !== dx.toFixed(2) &&
								inner.css({
									'transition': 'none',
									'transform':  'translate3d(' + nx + 'px, ' + ny + 'px, 0)'
								});

							dx = nx;
							dy = ny;

							requestAnimationFrame(function () {
								near && transform_item();
							});
						}

						function get_closest_position() {
							return {
								x: Math.abs(cx - ix) < delta ? cx - ix : delta * (cx - ix) / Math.abs(cx - ix),
								y: Math.abs(cy - iy) < delta ? cy - iy : delta * (cy - iy) / Math.abs(cy - iy)
							};
						}
					}

					function reset_item() {

						item.removeClass('trx_addons_mouse_helper_near');

						inner
							.css({
								'transition': 'transform 0.5s',
								'transform':  'translate3d(0px, 0px, 0px)'
							})
							.one( typeof window.trx_addons_transition_end != 'undefined' ? trx_addons_transition_end() : 'transitionend', function () {
								inner.css({
									'transition': 'none'
								});
							});
					}
				} );
			}
		}
	} );


	// Add Mouse helper to the TOC menu
	$document.on( 'action.build_page_toc', function() {
		jQuery( '#toc_menu .toc_menu_item' ).each( function() {
			if ( trx_addons_apply_filters( 'trx_addons_filter_mouse_helper_on_toc', TRX_ADDONS_STORAGE['mouse_helper'] > 0 ) ) {
				var $self = jQuery(this),
					title = $self.attr( 'title' ) || $self.find('.toc_menu_description_title').text();
				$self.attr( {
					'data-mouse-helper': 'hover',
					'data-mouse-helper-axis': 'y',
					'data-mouse-helper-text': TRX_ADDONS_STORAGE['msg_mouse_helper_anchor'] + ( title ? ' ' + title : '' )
				} );
			}
		} );
	} );

})();</script>
<script id="chart-legacy-js" defer="defer">var ChartLegacy=function(s){function v(a,c,b){a=A((a-c.graphMin)/(c.steps*c.stepValue),1,0);return b*c.steps*a}function x(a,c,b,e){function h(){g+=f;var k=a.animation?A(d(g),null,0):1;e.clearRect(0,0,q,u);a.scaleOverlay?(b(k),c()):(c(),b(k));if(1>=g)D(h);else if("function"==typeof a.onAnimationComplete)a.onAnimationComplete()}var f=a.animation?1/A(a.animationSteps,Number.MAX_VALUE,1):1,d=B[a.animationEasing],g=a.animation?0:1;"function"!==typeof c&&(c=function(){});D(h)}function C(a,c,b,e,h,f){var d;a=
Math.floor(Math.log(e-h)/Math.LN10);h=Math.floor(h/(1*Math.pow(10,a)))*Math.pow(10,a);e=Math.ceil(e/(1*Math.pow(10,a)))*Math.pow(10,a)-h;a=Math.pow(10,a);for(d=Math.round(e/a);d<b||d>c;)a=d<b?a/2:2*a,d=Math.round(e/a);c=[];z(f,c,d,h,a);return{steps:d,stepValue:a,graphMin:h,labels:c}}function z(a,c,b,e,h){if(a)for(var f=1;f<b+1;f++)c.push(E(a,{value:(e+h*f).toFixed(0!=h%1?h.toString().split(".")[1].length:0)}))}function A(a,c,b){return!isNaN(parseFloat(c))&&isFinite(c)&&a>c?c:!isNaN(parseFloat(b))&&
isFinite(b)&&a<b?b:a}function y(a,c){var b={},e;for(e in a)b[e]=a[e];for(e in c)b[e]=c[e];return b}function E(a,c){var b=!/\W/.test(a)?F[a]=F[a]||E(document.getElementById(a).innerHTML):new Function("obj","var p=[],print=function(){p.push.apply(p,arguments);};with(obj){p.push('"+a.replace(/[\r\t\n]/g," ").split("<%").join("\t").replace(/((^|%>)[^\t]*)'/g,"$1\r").replace(/\t=(.*?)%>/g,"',$1,'").split("\t").join("');").split("%>").join("p.push('").split("\r").join("\\'")+"');}return p.join('');");return c?
b(c):b}var r=this,B={linear:function(a){return a},easeInQuad:function(a){return a*a},easeOutQuad:function(a){return-1*a*(a-2)},easeInOutQuad:function(a){return 1>(a/=0.5)?0.5*a*a:-0.5*(--a*(a-2)-1)},easeInCubic:function(a){return a*a*a},easeOutCubic:function(a){return 1*((a=a/1-1)*a*a+1)},easeInOutCubic:function(a){return 1>(a/=0.5)?0.5*a*a*a:0.5*((a-=2)*a*a+2)},easeInQuart:function(a){return a*a*a*a},easeOutQuart:function(a){return-1*((a=a/1-1)*a*a*a-1)},easeInOutQuart:function(a){return 1>(a/=0.5)?
0.5*a*a*a*a:-0.5*((a-=2)*a*a*a-2)},easeInQuint:function(a){return 1*(a/=1)*a*a*a*a},easeOutQuint:function(a){return 1*((a=a/1-1)*a*a*a*a+1)},easeInOutQuint:function(a){return 1>(a/=0.5)?0.5*a*a*a*a*a:0.5*((a-=2)*a*a*a*a+2)},easeInSine:function(a){return-1*Math.cos(a/1*(Math.PI/2))+1},easeOutSine:function(a){return 1*Math.sin(a/1*(Math.PI/2))},easeInOutSine:function(a){return-0.5*(Math.cos(Math.PI*a/1)-1)},easeInExpo:function(a){return 0==a?1:1*Math.pow(2,10*(a/1-1))},easeOutExpo:function(a){return 1==
a?1:1*(-Math.pow(2,-10*a/1)+1)},easeInOutExpo:function(a){return 0==a?0:1==a?1:1>(a/=0.5)?0.5*Math.pow(2,10*(a-1)):0.5*(-Math.pow(2,-10*--a)+2)},easeInCirc:function(a){return 1<=a?a:-1*(Math.sqrt(1-(a/=1)*a)-1)},easeOutCirc:function(a){return 1*Math.sqrt(1-(a=a/1-1)*a)},easeInOutCirc:function(a){return 1>(a/=0.5)?-0.5*(Math.sqrt(1-a*a)-1):0.5*(Math.sqrt(1-(a-=2)*a)+1)},easeInElastic:function(a){var c=1.70158,b=0,e=1;if(0==a)return 0;if(1==(a/=1))return 1;b||(b=0.3);e<Math.abs(1)?(e=1,c=b/4):c=b/(2*
Math.PI)*Math.asin(1/e);return-(e*Math.pow(2,10*(a-=1))*Math.sin((1*a-c)*2*Math.PI/b))},easeOutElastic:function(a){var c=1.70158,b=0,e=1;if(0==a)return 0;if(1==(a/=1))return 1;b||(b=0.3);e<Math.abs(1)?(e=1,c=b/4):c=b/(2*Math.PI)*Math.asin(1/e);return e*Math.pow(2,-10*a)*Math.sin((1*a-c)*2*Math.PI/b)+1},easeInOutElastic:function(a){var c=1.70158,b=0,e=1;if(0==a)return 0;if(2==(a/=0.5))return 1;b||(b=1*0.3*1.5);e<Math.abs(1)?(e=1,c=b/4):c=b/(2*Math.PI)*Math.asin(1/e);return 1>a?-0.5*e*Math.pow(2,10*
(a-=1))*Math.sin((1*a-c)*2*Math.PI/b):0.5*e*Math.pow(2,-10*(a-=1))*Math.sin((1*a-c)*2*Math.PI/b)+1},easeInBack:function(a){return 1*(a/=1)*a*(2.70158*a-1.70158)},easeOutBack:function(a){return 1*((a=a/1-1)*a*(2.70158*a+1.70158)+1)},easeInOutBack:function(a){var c=1.70158;return 1>(a/=0.5)?0.5*a*a*(((c*=1.525)+1)*a-c):0.5*((a-=2)*a*(((c*=1.525)+1)*a+c)+2)},easeInBounce:function(a){return 1-B.easeOutBounce(1-a)},easeOutBounce:function(a){return(a/=1)<1/2.75?1*7.5625*a*a:a<2/2.75?1*(7.5625*(a-=1.5/2.75)*
a+0.75):a<2.5/2.75?1*(7.5625*(a-=2.25/2.75)*a+0.9375):1*(7.5625*(a-=2.625/2.75)*a+0.984375)},easeInOutBounce:function(a){return 0.5>a?0.5*B.easeInBounce(2*a):0.5*B.easeOutBounce(2*a-1)+0.5}},q=s.canvas.width,u=s.canvas.height;window.devicePixelRatio&&(s.canvas.style.width=q+"px",s.canvas.style.height=u+"px",s.canvas.height=u*window.devicePixelRatio,s.canvas.width=q*window.devicePixelRatio,s.scale(window.devicePixelRatio,window.devicePixelRatio));this.PolarArea=function(a,c){r.PolarArea.defaults={scaleOverlay:!0,
scaleOverride:!1,scaleSteps:null,scaleStepWidth:null,scaleStartValue:null,scaleShowLine:!0,scaleLineColor:"rgba(0,0,0,.1)",scaleLineWidth:1,scaleShowLabels:!0,scaleLabel:"<%=value%>",scaleFontFamily:"'Arial'",scaleFontSize:12,scaleFontStyle:"normal",scaleFontColor:"#666",scaleShowLabelBackdrop:!0,scaleBackdropColor:"rgba(255,255,255,0.75)",scaleBackdropPaddingY:2,scaleBackdropPaddingX:2,segmentShowStroke:!0,segmentStrokeColor:"#fff",segmentStrokeWidth:2,animation:!0,animationSteps:100,animationEasing:"easeOutBounce",
animateRotate:!0,animateScale:!1,onAnimationComplete:null};var b=c?y(r.PolarArea.defaults,c):r.PolarArea.defaults;return new G(a,b,s)};this.Radar=function(a,c){r.Radar.defaults={scaleOverlay:!1,scaleOverride:!1,scaleSteps:null,scaleStepWidth:null,scaleStartValue:null,scaleShowLine:!0,scaleLineColor:"rgba(0,0,0,.1)",scaleLineWidth:1,scaleShowLabels:!1,scaleLabel:"<%=value%>",scaleFontFamily:"'Arial'",scaleFontSize:12,scaleFontStyle:"normal",scaleFontColor:"#666",scaleShowLabelBackdrop:!0,scaleBackdropColor:"rgba(255,255,255,0.75)",
scaleBackdropPaddingY:2,scaleBackdropPaddingX:2,angleShowLineOut:!0,angleLineColor:"rgba(0,0,0,.1)",angleLineWidth:1,pointLabelFontFamily:"'Arial'",pointLabelFontStyle:"normal",pointLabelFontSize:12,pointLabelFontColor:"#666",pointDot:!0,pointDotRadius:3,pointDotStrokeWidth:1,datasetStroke:!0,datasetStrokeWidth:2,datasetFill:!0,animation:!0,animationSteps:60,animationEasing:"easeOutQuart",onAnimationComplete:null};var b=c?y(r.Radar.defaults,c):r.Radar.defaults;return new H(a,b,s)};this.Pie=function(a,
c){r.Pie.defaults={segmentShowStroke:!0,segmentStrokeColor:"#fff",segmentStrokeWidth:2,animation:!0,animationSteps:100,animationEasing:"easeOutBounce",animateRotate:!0,animateScale:!1,onAnimationComplete:null};var b=c?y(r.Pie.defaults,c):r.Pie.defaults;return new I(a,b,s)};this.Doughnut=function(a,c){r.Doughnut.defaults={segmentShowStroke:!0,segmentStrokeColor:"#fff",segmentStrokeWidth:2,percentageInnerCutout:50,animation:!0,animationSteps:100,animationEasing:"easeOutBounce",animateRotate:!0,animateScale:!1,
onAnimationComplete:null};var b=c?y(r.Doughnut.defaults,c):r.Doughnut.defaults;return new J(a,b,s)};this.Line=function(a,c){r.Line.defaults={scaleOverlay:!1,scaleOverride:!1,scaleSteps:null,scaleStepWidth:null,scaleStartValue:null,scaleLineColor:"rgba(0,0,0,.1)",scaleLineWidth:1,scaleShowLabels:!0,scaleLabel:"<%=value%>",scaleFontFamily:"'Arial'",scaleFontSize:12,scaleFontStyle:"normal",scaleFontColor:"#666",scaleShowGridLines:!0,scaleGridLineColor:"rgba(0,0,0,.05)",scaleGridLineWidth:1,bezierCurve:!0,
pointDot:!0,pointDotRadius:4,pointDotStrokeWidth:2,datasetStroke:!0,datasetStrokeWidth:2,datasetFill:!0,animation:!0,animationSteps:60,animationEasing:"easeOutQuart",onAnimationComplete:null};var b=c?y(r.Line.defaults,c):r.Line.defaults;return new K(a,b,s)};this.Bar=function(a,c){r.Bar.defaults={scaleOverlay:!1,scaleOverride:!1,scaleSteps:null,scaleStepWidth:null,scaleStartValue:null,scaleLineColor:"rgba(0,0,0,.1)",scaleLineWidth:1,scaleShowLabels:!0,scaleLabel:"<%=value%>",scaleFontFamily:"'Arial'",
scaleFontSize:12,scaleFontStyle:"normal",scaleFontColor:"#666",scaleShowGridLines:!0,scaleGridLineColor:"rgba(0,0,0,.05)",scaleGridLineWidth:1,barShowStroke:!0,barStrokeWidth:2,barValueSpacing:5,barDatasetSpacing:1,animation:!0,animationSteps:60,animationEasing:"easeOutQuart",onAnimationComplete:null};var b=c?y(r.Bar.defaults,c):r.Bar.defaults;return new L(a,b,s)};var G=function(a,c,b){var e,h,f,d,g,k,j,l,m;g=Math.min.apply(Math,[q,u])/2;g-=Math.max.apply(Math,[0.5*c.scaleFontSize,0.5*c.scaleLineWidth]);
d=2*c.scaleFontSize;c.scaleShowLabelBackdrop&&(d+=2*c.scaleBackdropPaddingY,g-=1.5*c.scaleBackdropPaddingY);l=g;d=d?d:5;e=Number.MIN_VALUE;h=Number.MAX_VALUE;for(f=0;f<a.length;f++)a[f].value>e&&(e=a[f].value),a[f].value<h&&(h=a[f].value);f=Math.floor(l/(0.66*d));d=Math.floor(0.5*(l/d));m=c.scaleShowLabels?c.scaleLabel:null;c.scaleOverride?(j={steps:c.scaleSteps,stepValue:c.scaleStepWidth,graphMin:c.scaleStartValue,labels:[]},z(m,j.labels,j.steps,c.scaleStartValue,c.scaleStepWidth)):j=C(l,f,d,e,h,
m);k=g/j.steps;x(c,function(){for(var a=0;a<j.steps;a++)if(c.scaleShowLine&&(b.beginPath(),b.arc(q/2,u/2,k*(a+1),0,2*Math.PI,!0),b.strokeStyle=c.scaleLineColor,b.lineWidth=c.scaleLineWidth,b.stroke()),c.scaleShowLabels){b.textAlign="center";b.font=c.scaleFontStyle+" "+c.scaleFontSize+"px "+c.scaleFontFamily;var e=j.labels[a];if(c.scaleShowLabelBackdrop){var d=b.measureText(e).width;b.fillStyle=c.scaleBackdropColor;b.beginPath();b.rect(Math.round(q/2-d/2-c.scaleBackdropPaddingX),Math.round(u/2-k*(a+
1)-0.5*c.scaleFontSize-c.scaleBackdropPaddingY),Math.round(d+2*c.scaleBackdropPaddingX),Math.round(c.scaleFontSize+2*c.scaleBackdropPaddingY));b.fill()}b.textBaseline="middle";b.fillStyle=c.scaleFontColor;b.fillText(e,q/2,u/2-k*(a+1))}},function(e){var d=-Math.PI/2,g=2*Math.PI/a.length,f=1,h=1;c.animation&&(c.animateScale&&(f=e),c.animateRotate&&(h=e));for(e=0;e<a.length;e++)b.beginPath(),b.arc(q/2,u/2,f*v(a[e].value,j,k),d,d+h*g,!1),b.lineTo(q/2,u/2),b.closePath(),b.fillStyle=a[e].color,b.fill(),
c.segmentShowStroke&&(b.strokeStyle=c.segmentStrokeColor,b.lineWidth=c.segmentStrokeWidth,b.stroke()),d+=h*g},b)},H=function(a,c,b){var e,h,f,d,g,k,j,l,m;a.labels||(a.labels=[]);g=Math.min.apply(Math,[q,u])/2;d=2*c.scaleFontSize;for(e=l=0;e<a.labels.length;e++)b.font=c.pointLabelFontStyle+" "+c.pointLabelFontSize+"px "+c.pointLabelFontFamily,h=b.measureText(a.labels[e]).width,h>l&&(l=h);g-=Math.max.apply(Math,[l,1.5*(c.pointLabelFontSize/2)]);g-=c.pointLabelFontSize;l=g=A(g,null,0);d=d?d:5;e=Number.MIN_VALUE;
h=Number.MAX_VALUE;for(f=0;f<a.datasets.length;f++)for(m=0;m<a.datasets[f].data.length;m++)a.datasets[f].data[m]>e&&(e=a.datasets[f].data[m]),a.datasets[f].data[m]<h&&(h=a.datasets[f].data[m]);f=Math.floor(l/(0.66*d));d=Math.floor(0.5*(l/d));m=c.scaleShowLabels?c.scaleLabel:null;c.scaleOverride?(j={steps:c.scaleSteps,stepValue:c.scaleStepWidth,graphMin:c.scaleStartValue,labels:[]},z(m,j.labels,j.steps,c.scaleStartValue,c.scaleStepWidth)):j=C(l,f,d,e,h,m);k=g/j.steps;x(c,function(){var e=2*Math.PI/
a.datasets[0].data.length;b.save();b.translate(q/2,u/2);if(c.angleShowLineOut){b.strokeStyle=c.angleLineColor;b.lineWidth=c.angleLineWidth;for(var d=0;d<a.datasets[0].data.length;d++)b.rotate(e),b.beginPath(),b.moveTo(0,0),b.lineTo(0,-g),b.stroke()}for(d=0;d<j.steps;d++){b.beginPath();if(c.scaleShowLine){b.strokeStyle=c.scaleLineColor;b.lineWidth=c.scaleLineWidth;b.moveTo(0,-k*(d+1));for(var f=0;f<a.datasets[0].data.length;f++)b.rotate(e),b.lineTo(0,-k*(d+1));b.closePath();b.stroke()}c.scaleShowLabels&&
(b.textAlign="center",b.font=c.scaleFontStyle+" "+c.scaleFontSize+"px "+c.scaleFontFamily,b.textBaseline="middle",c.scaleShowLabelBackdrop&&(f=b.measureText(j.labels[d]).width,b.fillStyle=c.scaleBackdropColor,b.beginPath(),b.rect(Math.round(-f/2-c.scaleBackdropPaddingX),Math.round(-k*(d+1)-0.5*c.scaleFontSize-c.scaleBackdropPaddingY),Math.round(f+2*c.scaleBackdropPaddingX),Math.round(c.scaleFontSize+2*c.scaleBackdropPaddingY)),b.fill()),b.fillStyle=c.scaleFontColor,b.fillText(j.labels[d],0,-k*(d+
1)))}for(d=0;d<a.labels.length;d++){b.font=c.pointLabelFontStyle+" "+c.pointLabelFontSize+"px "+c.pointLabelFontFamily;b.fillStyle=c.pointLabelFontColor;var f=Math.sin(e*d)*(g+c.pointLabelFontSize),h=Math.cos(e*d)*(g+c.pointLabelFontSize);b.textAlign=e*d==Math.PI||0==e*d?"center":e*d>Math.PI?"right":"left";b.textBaseline="middle";b.fillText(a.labels[d],f,-h)}b.restore()},function(d){var e=2*Math.PI/a.datasets[0].data.length;b.save();b.translate(q/2,u/2);for(var g=0;g<a.datasets.length;g++){b.beginPath();
b.moveTo(0,d*-1*v(a.datasets[g].data[0],j,k));for(var f=1;f<a.datasets[g].data.length;f++)b.rotate(e),b.lineTo(0,d*-1*v(a.datasets[g].data[f],j,k));b.closePath();b.fillStyle=a.datasets[g].fillColor;b.strokeStyle=a.datasets[g].strokeColor;b.lineWidth=c.datasetStrokeWidth;b.fill();b.stroke();if(c.pointDot){b.fillStyle=a.datasets[g].pointColor;b.strokeStyle=a.datasets[g].pointStrokeColor;b.lineWidth=c.pointDotStrokeWidth;for(f=0;f<a.datasets[g].data.length;f++)b.rotate(e),b.beginPath(),b.arc(0,d*-1*
v(a.datasets[g].data[f],j,k),c.pointDotRadius,2*Math.PI,!1),b.fill(),b.stroke()}b.rotate(e)}b.restore()},b)},I=function(a,c,b){for(var e=0,h=Math.min.apply(Math,[u/2,q/2])-5,f=0;f<a.length;f++)e+=a[f].value;x(c,null,function(d){var g=-Math.PI/2,f=1,j=1;c.animation&&(c.animateScale&&(f=d),c.animateRotate&&(j=d));for(d=0;d<a.length;d++){var l=j*a[d].value/e*2*Math.PI;b.beginPath();b.arc(q/2,u/2,f*h,g,g+l);b.lineTo(q/2,u/2);b.closePath();b.fillStyle=a[d].color;b.fill();c.segmentShowStroke&&(b.lineWidth=
c.segmentStrokeWidth,b.strokeStyle=c.segmentStrokeColor,b.stroke());g+=l}},b)},J=function(a,c,b){for(var e=0,h=Math.min.apply(Math,[u/2,q/2])-5,f=h*(c.percentageInnerCutout/100),d=0;d<a.length;d++)e+=a[d].value;x(c,null,function(d){var k=-Math.PI/2,j=1,l=1;c.animation&&(c.animateScale&&(j=d),c.animateRotate&&(l=d));for(d=0;d<a.length;d++){var m=l*a[d].value/e*2*Math.PI;b.beginPath();b.arc(q/2,u/2,j*h,k,k+m,!1);b.arc(q/2,u/2,j*f,k+m,k,!0);b.closePath();b.fillStyle=a[d].color;b.fill();c.segmentShowStroke&&
(b.lineWidth=c.segmentStrokeWidth,b.strokeStyle=c.segmentStrokeColor,b.stroke());k+=m}},b)},K=function(a,c,b){var e,h,f,d,g,k,j,l,m,t,r,n,p,s=0;g=u;b.font=c.scaleFontStyle+" "+c.scaleFontSize+"px "+c.scaleFontFamily;t=1;for(d=0;d<a.labels.length;d++)e=b.measureText(a.labels[d]).width,t=e>t?e:t;q/a.labels.length<t?(s=45,q/a.labels.length<Math.cos(s)*t?(s=90,g-=t):g-=Math.sin(s)*t):g-=c.scaleFontSize;d=c.scaleFontSize;g=g-5-d;e=Number.MIN_VALUE;h=Number.MAX_VALUE;for(f=0;f<a.datasets.length;f++)for(l=
0;l<a.datasets[f].data.length;l++)a.datasets[f].data[l]>e&&(e=a.datasets[f].data[l]),a.datasets[f].data[l]<h&&(h=a.datasets[f].data[l]);f=Math.floor(g/(0.66*d));d=Math.floor(0.5*(g/d));l=c.scaleShowLabels?c.scaleLabel:"";c.scaleOverride?(j={steps:c.scaleSteps,stepValue:c.scaleStepWidth,graphMin:c.scaleStartValue,labels:[]},z(l,j.labels,j.steps,c.scaleStartValue,c.scaleStepWidth)):j=C(g,f,d,e,h,l);k=Math.floor(g/j.steps);d=1;if(c.scaleShowLabels){b.font=c.scaleFontStyle+" "+c.scaleFontSize+"px "+c.scaleFontFamily;
for(e=0;e<j.labels.length;e++)h=b.measureText(j.labels[e]).width,d=h>d?h:d;d+=10}r=q-d-t;m=Math.floor(r/(a.labels.length-1));n=q-t/2-r;p=g+c.scaleFontSize/2;x(c,function(){b.lineWidth=c.scaleLineWidth;b.strokeStyle=c.scaleLineColor;b.beginPath();b.moveTo(q-t/2+5,p);b.lineTo(q-t/2-r-5,p);b.stroke();0<s?(b.save(),b.textAlign="right"):b.textAlign="center";b.fillStyle=c.scaleFontColor;for(var d=0;d<a.labels.length;d++)b.save(),0<s?(b.translate(n+d*m,p+c.scaleFontSize),b.rotate(-(s*(Math.PI/180))),b.fillText(a.labels[d],
0,0),b.restore()):b.fillText(a.labels[d],n+d*m,p+c.scaleFontSize+3),b.beginPath(),b.moveTo(n+d*m,p+3),c.scaleShowGridLines&&0<d?(b.lineWidth=c.scaleGridLineWidth,b.strokeStyle=c.scaleGridLineColor,b.lineTo(n+d*m,5)):b.lineTo(n+d*m,p+3),b.stroke();b.lineWidth=c.scaleLineWidth;b.strokeStyle=c.scaleLineColor;b.beginPath();b.moveTo(n,p+5);b.lineTo(n,5);b.stroke();b.textAlign="right";b.textBaseline="middle";for(d=0;d<j.steps;d++)b.beginPath(),b.moveTo(n-3,p-(d+1)*k),c.scaleShowGridLines?(b.lineWidth=c.scaleGridLineWidth,
b.strokeStyle=c.scaleGridLineColor,b.lineTo(n+r+5,p-(d+1)*k)):b.lineTo(n-0.5,p-(d+1)*k),b.stroke(),c.scaleShowLabels&&b.fillText(j.labels[d],n-8,p-(d+1)*k)},function(d){function e(b,c){return p-d*v(a.datasets[b].data[c],j,k)}for(var f=0;f<a.datasets.length;f++){b.strokeStyle=a.datasets[f].strokeColor;b.lineWidth=c.datasetStrokeWidth;b.beginPath();b.moveTo(n,p-d*v(a.datasets[f].data[0],j,k));for(var g=1;g<a.datasets[f].data.length;g++)c.bezierCurve?b.bezierCurveTo(n+m*(g-0.5),e(f,g-1),n+m*(g-0.5),
e(f,g),n+m*g,e(f,g)):b.lineTo(n+m*g,e(f,g));b.stroke();c.datasetFill?(b.lineTo(n+m*(a.datasets[f].data.length-1),p),b.lineTo(n,p),b.closePath(),b.fillStyle=a.datasets[f].fillColor,b.fill()):b.closePath();if(c.pointDot){b.fillStyle=a.datasets[f].pointColor;b.strokeStyle=a.datasets[f].pointStrokeColor;b.lineWidth=c.pointDotStrokeWidth;for(g=0;g<a.datasets[f].data.length;g++)b.beginPath(),b.arc(n+m*g,p-d*v(a.datasets[f].data[g],j,k),c.pointDotRadius,0,2*Math.PI,!0),b.fill(),b.stroke()}}},b)},L=function(a,
c,b){var e,h,f,d,g,k,j,l,m,t,r,n,p,s,w=0;g=u;b.font=c.scaleFontStyle+" "+c.scaleFontSize+"px "+c.scaleFontFamily;t=1;for(d=0;d<a.labels.length;d++)e=b.measureText(a.labels[d]).width,t=e>t?e:t;q/a.labels.length<t?(w=45,q/a.labels.length<Math.cos(w)*t?(w=90,g-=t):g-=Math.sin(w)*t):g-=c.scaleFontSize;d=c.scaleFontSize;g=g-5-d;e=Number.MIN_VALUE;h=Number.MAX_VALUE;for(f=0;f<a.datasets.length;f++)for(l=0;l<a.datasets[f].data.length;l++)a.datasets[f].data[l]>e&&(e=a.datasets[f].data[l]),a.datasets[f].data[l]<
h&&(h=a.datasets[f].data[l]);f=Math.floor(g/(0.66*d));d=Math.floor(0.5*(g/d));l=c.scaleShowLabels?c.scaleLabel:"";c.scaleOverride?(j={steps:c.scaleSteps,stepValue:c.scaleStepWidth,graphMin:c.scaleStartValue,labels:[]},z(l,j.labels,j.steps,c.scaleStartValue,c.scaleStepWidth)):j=C(g,f,d,e,h,l);k=Math.floor(g/j.steps);d=1;if(c.scaleShowLabels){b.font=c.scaleFontStyle+" "+c.scaleFontSize+"px "+c.scaleFontFamily;for(e=0;e<j.labels.length;e++)h=b.measureText(j.labels[e]).width,d=h>d?h:d;d+=10}r=q-d-t;m=
Math.floor(r/a.labels.length);s=(m-2*c.scaleGridLineWidth-2*c.barValueSpacing-(c.barDatasetSpacing*a.datasets.length-1)-(c.barStrokeWidth/2*a.datasets.length-1))/a.datasets.length;n=q-t/2-r;p=g+c.scaleFontSize/2;x(c,function(){b.lineWidth=c.scaleLineWidth;b.strokeStyle=c.scaleLineColor;b.beginPath();b.moveTo(q-t/2+5,p);b.lineTo(q-t/2-r-5,p);b.stroke();0<w?(b.save(),b.textAlign="right"):b.textAlign="center";b.fillStyle=c.scaleFontColor;for(var d=0;d<a.labels.length;d++)b.save(),0<w?(b.translate(n+
d*m,p+c.scaleFontSize),b.rotate(-(w*(Math.PI/180))),b.fillText(a.labels[d],0,0),b.restore()):b.fillText(a.labels[d],n+d*m+m/2,p+c.scaleFontSize+3),b.beginPath(),b.moveTo(n+(d+1)*m,p+3),b.lineWidth=c.scaleGridLineWidth,b.strokeStyle=c.scaleGridLineColor,b.lineTo(n+(d+1)*m,5),b.stroke();b.lineWidth=c.scaleLineWidth;b.strokeStyle=c.scaleLineColor;b.beginPath();b.moveTo(n,p+5);b.lineTo(n,5);b.stroke();b.textAlign="right";b.textBaseline="middle";for(d=0;d<j.steps;d++)b.beginPath(),b.moveTo(n-3,p-(d+1)*
k),c.scaleShowGridLines?(b.lineWidth=c.scaleGridLineWidth,b.strokeStyle=c.scaleGridLineColor,b.lineTo(n+r+5,p-(d+1)*k)):b.lineTo(n-0.5,p-(d+1)*k),b.stroke(),c.scaleShowLabels&&b.fillText(j.labels[d],n-8,p-(d+1)*k)},function(d){b.lineWidth=c.barStrokeWidth;for(var e=0;e<a.datasets.length;e++){b.fillStyle=a.datasets[e].fillColor;b.strokeStyle=a.datasets[e].strokeColor;for(var f=0;f<a.datasets[e].data.length;f++){var g=n+c.barValueSpacing+m*f+s*e+c.barDatasetSpacing*e+c.barStrokeWidth*e;b.beginPath();
b.moveTo(g,p);b.lineTo(g,p-d*v(a.datasets[e].data[f],j,k)+c.barStrokeWidth/2);b.lineTo(g+s,p-d*v(a.datasets[e].data[f],j,k)+c.barStrokeWidth/2);b.lineTo(g+s,p);c.barShowStroke&&b.stroke();b.closePath();b.fill()}}},b)},D=window.requestAnimationFrame||window.webkitRequestAnimationFrame||window.mozRequestAnimationFrame||window.oRequestAnimationFrame||window.msRequestAnimationFrame||function(a){window.setTimeout(a,1E3/60)},F={}};
var Chart = ChartLegacy;</script>
<script id="trx_addons-sc_skills-js" defer="defer">/**
 * Shortcode Skills
 *
 * @package ThemeREX Addons
 * @since v1.2
 */

/* global jQuery, TRX_ADDONS_STORAGE */

(function() {

	"use strict";

	var $document = jQuery( document );

	$document.on( 'action.init_trx_addons', function() {

		var $skills_items,
			$skills_canvas;

		// Update links and values after the new post added
		$document.on( 'action.init_hidden_elements', update_jquery_links );
		$document.on( 'action.got_ajax_response', update_jquery_links );
		var first_run = true;
		function update_jquery_links(e) {
			if ( first_run && e && e.namespace == 'init_hidden_elements' ) {
				first_run = false;
				return; 
			}
			$skills_canvas = jQuery( '.sc_skills_pie canvas' );
			$skills_items  = jQuery( '.sc_skills_item' );
			if ($skills_items.length > 0 ) {
				trx_addons_intersection_observer_add( $skills_items, function( item, enter ) {
					if ( enter ) {
						trx_addons_intersection_observer_remove( item );
						trx_addons_sc_skills_init();
					}
				} );
			}
		}
		update_jquery_links();

		$document
			.on( 'action.init_hidden_elements', trx_addons_sc_skills_init )
			.on( 'action.scroll_trx_addons',    trx_addons_sc_skills_init )
			.on( 'action.resize_trx_addons',    trx_addons_sc_skills_resize );
		
		// Skills init
		function trx_addons_sc_skills_init(e, container) {
			if ( $skills_items.length === 0 ) return;
		
			$skills_items.each(function(idx) {
				var skillsItem = $skills_items.eq(idx);
				// If item now invisible or inited
				if ( skillsItem.hasClass('inited') || ! skillsItem.hasClass('trx_addons_in_viewport') || skillsItem.parents('div:hidden,article:hidden').length > 0 ) {
					return;
				}
				var init_ok = true;
				var skills = skillsItem.parents('.sc_skills').eq(0);
				var type = skills.data('type');
				var total = (type=='pie' && skills.hasClass('sc_skills_compact_on')) 
								? skillsItem.find('.sc_skills_data .pie') 
								: skillsItem.find('.sc_skills_total').eq(0);
				var start = parseFloat(total.data('start'));
				var stop = parseFloat(total.data('stop'));
				var maximum = parseInt(total.data('max'), 10);
				var startPercent = Math.round(start/maximum*100);
				var stopPercent = Math.round(stop/maximum*100);
				var ed = total.data('ed');
				var speed = parseInt(total.data('speed'), 10);
				var step = parseFloat(total.data('step'));
				var duration = parseInt(total.data('duration'), 10);
				if (isNaN(duration)) {
					duration = Math.ceil(maximum/step)*speed;
					total.data('duration', duration);
				}
				total.data('decimals', Math.max(
												0,
												start!=parseInt(start, 10) ? (''+start).length - 1 - (''+parseInt(start, 10)).length : 0,
												stop!=parseInt(stop, 10) ? (''+stop).length - 1 - (''+parseInt(stop, 10)).length : 0
												)
							);
				
				if (type == 'bar') {
					var dir = skills.data('dir');
					var count = skillsItem.find('.sc_skills_count').eq(0);
					if (dir=='horizontal') {
						count.css('width', startPercent + '%').animate({ width: stopPercent + '%' }, duration);
					} else if (dir=='vertical') {
						count.css('height', startPercent + '%').animate({ height: stopPercent + '%' }, duration);
					}
					trx_addons_sc_skills_animate_counter(start, stop, speed, step, ed, total);
				
				} else if (type == 'counter') {
					trx_addons_sc_skills_animate_counter(start, stop, speed, step, ed, total);

				} else if (type == 'pie') {
					if (window.ChartLegacy) {
						var steps = parseInt(total.data('steps'), 10);
						var bg_color = total.data('bg_color');
						var border_color = total.data('border_color');
						var cutout = parseInt(total.data('cutout'), 10);
						var easing = total.data('easing');
						var options = trx_addons_apply_filters('trx_addons_filter_skills_pie_options', {
							segmentShowStroke: border_color !== '',
							segmentStrokeColor: border_color,
							segmentStrokeWidth: border_color !== '' ? 1 : 0,
							percentageInnerCutout: cutout,
							animation: true,	//skillsItem.parents('.vc_row[data-vc-full-width="true"]').length==0,
							animationSteps: steps,
							animationEasing: easing,
							animateRotate: true,
							animateScale: true 	//skillsItem.parents('.vc_row[data-vc-full-width="true"]').length==0,
						} );
						var pieData = [];
						total.each(function() {
							var color = jQuery(this).data('color');
							var stop = parseInt(jQuery(this).data('stop'), 10);
							var stopPercent = Math.round(stop/maximum*100);
							pieData.push({
								value: stopPercent,
								color: color
							});
						});
						if (total.length == 1) {
							trx_addons_sc_skills_animate_counter(start, stop, Math.round(1500/steps), step, ed, total);
							pieData.push({
								value: 100-stopPercent,
								color: bg_color
							});
						}
						var canvas = skillsItem.find('canvas');
						canvas
							.data('pie-data', pieData)
							.data('pie-options', options)
							.attr({width: skillsItem.width(), height: skillsItem.width()})
							.css({width: skillsItem.width(), height: skillsItem.height()});
						new ChartLegacy(canvas.get(0).getContext("2d")).Doughnut(pieData, options);
					} else {
						init_ok = false;
					}
				}
				if (init_ok) skillsItem.addClass('inited');
			});
		}
	
		// Skills counter animation
		function trx_addons_sc_skills_animate_counter(start, stop, speed, step, ed, total) {
			start = Math.min(stop, start+step);
			// Example of format output number: leave 2 decimals and separate it with ',' and use dot '.' as thousands delimiter
			//total.text(Number(start).formatMoney(2, ',', '.')+ed);
			var style = total.data('style') || 'counter';
			if ( style == 'odometer' ) {
				var digits = total.find('.sc_skills_digit'),
					duration = total.data('duration');
				digits.each( function(idx, item) {
					var $self = digits.eq(idx);
					if ( ! $self.data('rounds') ) {
						var rounds = idx*10 + (''+stop).substring(idx, idx+1) * 1,
							delay = Math.floor( ( duration - 300 ) / Math.max( 1, rounds ) );
						$self.data( {
							'rounds': rounds,
							'round': 0,
							'skip': 0,
							'delay': delay
						} );
					}
					trx_addons_sc_skills_animate_digit($self, idx);
				} );
			} else {						// style == 'counter'
				total.text( trx_addons_round_number( start, total.data('decimals') ) + ed );
				if (start < stop) {
					setTimeout(function () {
						trx_addons_sc_skills_animate_counter(start, stop, speed, step, ed, total);
					}, speed);
				}
			}
		}

		// Animate one digit in the odometer
		function trx_addons_sc_skills_animate_digit($self, idx) {
			var $ribbon = $self.find('.sc_skills_digit_ribbon'),
				$value = $self.find('.sc_skills_digit_value'),
				rounds = $self.data('rounds'),
				round = $self.data('round'),
				skip = $self.data('skip'),
				delay = $self.data('delay') + ( round < rounds ? 0 : 300 );
			if ( round < rounds ) {
				if ( skip++ < idx ) {
					$self.data('skip', skip);
					setTimeout( function() {
						trx_addons_sc_skills_animate_digit($self, idx);
					}, delay );
				} else {
					round++;
					var $next = $value.clone();
					$next.html( round % 10 );
					$value.after( $next );
					$ribbon.animate( {
						'top': -$value.height()+'px'
						},
						delay,
						'linear',
						function() {
							$value.remove();
							$ribbon.css('top', 0);
							trx_addons_sc_skills_animate_digit($self, idx);
						}
					);
					$self.data('round', round);
				}
			}
		}

		// Resize Pie Skills
		function trx_addons_sc_skills_resize() {

			if ( $skills_canvas.length == 0 ) return;

			$skills_canvas.each(function () {
				var canvas = jQuery(this);
				// If item now invisible
				if ( ! window.ChartLegacy || canvas.parents('div:hidden,article:hidden').length > 0 ) {
					return;
				}
				var skillsItem = canvas.parent();
				if (skillsItem.width() != canvas.width()) {
					var data = canvas.data('pie-data');
					var opt = canvas.data('pie-options');
					if (data === undefined || opt === undefined) return;
					canvas.empty()
						.attr({width: skillsItem.width(), height: skillsItem.width()})
						.css({width: skillsItem.width(), height: skillsItem.height()});
					opt.animation = false;
					new ChartLegacy(canvas.get(0).getContext("2d")).Doughnut(data, opt);
				}
			});
		}

	} );

})();</script>
<script id="superfish-js" defer="defer">/*
 * jQuery Superfish Menu Plugin - v1.7.10
 * Copyright (c) 2018 Joel Birch
 *
 * Dual licensed under the MIT and GPL licenses:
 *	http://www.opensource.org/licenses/mit-license.php
 *	http://www.gnu.org/licenses/gpl.html
 */

;!function(a,b){"use strict";var c=function(){var c={bcClass:"sf-breadcrumb",menuClass:"sf-js-enabled",anchorClass:"sf-with-ul",menuArrowClass:"sf-arrows"},d=function(){var b=/^(?![\w\W]*Windows Phone)[\w\W]*(iPhone|iPad|iPod)/i.test(navigator.userAgent);return b&&a("html").css("cursor","pointer").on("click",a.noop),b}(),e=function(){var a=document.documentElement.style;return"behavior"in a&&"fill"in a&&/iemobile/i.test(navigator.userAgent)}(),f=function(){return!!b.PointerEvent}(),g=function(a,b,d){var e,f=c.menuClass;b.cssArrows&&(f+=" "+c.menuArrowClass),e=d?"addClass":"removeClass",a[e](f)},h=function(b,d){return b.find("li."+d.pathClass).slice(0,d.pathLevels).addClass(d.hoverClass+" "+c.bcClass).filter(function(){return a(this).children(d.popUpSelector).hide().show().length}).removeClass(d.pathClass)},i=function(a,b){var d=b?"addClass":"removeClass";a.children("a")[d](c.anchorClass)},j=function(a){var b=a.css("ms-touch-action"),c=a.css("touch-action");c=c||b,c="pan-y"===c?"auto":"pan-y",a.css({"ms-touch-action":c,"touch-action":c})},k=function(a){return a.closest("."+c.menuClass)},l=function(a){return k(a).data("sfOptions")},m=function(){var b=a(this),c=l(b);clearTimeout(c.sfTimer),b.siblings().superfish("hide").end().superfish("show")},n=function(b){b.retainPath=a.inArray(this[0],b.$path)>-1,this.superfish("hide"),this.parents("."+b.hoverClass).length||(b.onIdle.call(k(this)),b.$path.length&&a.proxy(m,b.$path)())},o=function(){var b=a(this),c=l(b);d?a.proxy(n,b,c)():(clearTimeout(c.sfTimer),c.sfTimer=setTimeout(a.proxy(n,b,c),c.delay))},p=function(b){var c=a(this),d=l(c),e=c.siblings(b.data.popUpSelector);return d.onHandleTouch.call(e)===!1?this:void(e.length>0&&e.is(":hidden")&&(c.one("click.superfish",!1),"MSPointerDown"===b.type||"pointerdown"===b.type?c.trigger("focus"):a.proxy(m,c.parent("li"))()))},q=function(b,c){var g="li:has("+c.popUpSelector+")";a.fn.hoverIntent&&!c.disableHI?b.hoverIntent(m,o,g):b.on("mouseenter.superfish",g,m).on("mouseleave.superfish",g,o);var h="MSPointerDown.superfish";f&&(h="pointerdown.superfish"),d||(h+=" touchend.superfish"),e&&(h+=" mousedown.superfish"),b.on("focusin.superfish","li",m).on("focusout.superfish","li",o).on(h,"a",c,p)};return{hide:function(b){if(this.length){var c=this,d=l(c);if(!d)return this;var e=d.retainPath===!0?d.$path:"",f=c.find("li."+d.hoverClass).add(this).not(e).removeClass(d.hoverClass).children(d.popUpSelector),g=d.speedOut;if(b&&(f.show(),g=0),d.retainPath=!1,d.onBeforeHide.call(f)===!1)return this;f.stop(!0,!0).animate(d.animationOut,g,function(){var b=a(this);d.onHide.call(b)})}return this},show:function(){var a=l(this);if(!a)return this;var b=this.addClass(a.hoverClass),c=b.children(a.popUpSelector);return a.onBeforeShow.call(c)===!1?this:(c.stop(!0,!0).animate(a.animation,a.speed,function(){a.onShow.call(c)}),this)},destroy:function(){return this.each(function(){var b,d=a(this),e=d.data("sfOptions");return!!e&&(b=d.find(e.popUpSelector).parent("li"),clearTimeout(e.sfTimer),g(d,e),i(b),j(d),d.off(".superfish").off(".hoverIntent"),b.children(e.popUpSelector).attr("style",function(a,b){if("undefined"!=typeof b)return b.replace(/display[^;]+;?/g,"")}),e.$path.removeClass(e.hoverClass+" "+c.bcClass).addClass(e.pathClass),d.find("."+e.hoverClass).removeClass(e.hoverClass),e.onDestroy.call(d),void d.removeData("sfOptions"))})},init:function(b){return this.each(function(){var d=a(this);if(d.data("sfOptions"))return!1;var e=a.extend({},a.fn.superfish.defaults,b),f=d.find(e.popUpSelector).parent("li");e.$path=h(d,e),d.data("sfOptions",e),g(d,e,!0),i(f,!0),j(d),q(d,e),f.not("."+c.bcClass).superfish("hide",!0),e.onInit.call(this)})}}}();a.fn.superfish=function(b,d){return c[b]?c[b].apply(this,Array.prototype.slice.call(arguments,1)):"object"!=typeof b&&b?a.error("Method "+b+" does not exist on jQuery.fn.superfish"):c.init.apply(this,arguments)},a.fn.superfish.defaults={popUpSelector:"ul,.sf-mega",hoverClass:"sfHover",pathClass:"overrideThisToUse",pathLevels:1,delay:800,animation:{opacity:"show"},animationOut:{opacity:"hide"},speed:"normal",speedOut:"fast",cssArrows:!0,disableHI:!1,onInit:a.noop,onBeforeShow:a.noop,onShow:a.noop,onBeforeHide:a.noop,onHide:a.noop,onIdle:a.noop,onDestroy:a.noop,onHandleTouch:a.noop}}(jQuery,window);</script>
<script id="google-maps-js" defer="defer">

window.google = window.google || {};
google.maps = google.maps || {};
(function() {
  
  var modules = google.maps.modules = {};
  google.maps.__gjsload__ = function(name, text) {
    modules[name] = text;
  };
  
  google.maps.Load = function(apiLoad) {
    delete google.maps.Load;
    apiLoad([0.009999999776482582,[null,[["https://khms0.googleapis.com/kh?v=1014\u0026hl=en-IN\u0026gl=US\u0026","https://khms1.googleapis.com/kh?v=1014\u0026hl=en-IN\u0026gl=US\u0026"],null,null,null,1,"1014",["https://khms0.google.com/kh?v=1014\u0026hl=en-IN\u0026gl=US\u0026","https://khms1.google.com/kh?v=1014\u0026hl=en-IN\u0026gl=US\u0026"]],null,null,null,null,[["https://cbks0.googleapis.com/cbk?","https://cbks1.googleapis.com/cbk?"]],[["https://khms0.googleapis.com/kh?v=169\u0026hl=en-IN\u0026gl=US\u0026","https://khms1.googleapis.com/kh?v=169\u0026hl=en-IN\u0026gl=US\u0026"],null,null,null,null,"169",["https://khms0.google.com/kh?v=169\u0026hl=en-IN\u0026gl=US\u0026","https://khms1.google.com/kh?v=169\u0026hl=en-IN\u0026gl=US\u0026"]],null,null,null,null,null,null,null,[["https://streetviewpixels-pa.googleapis.com/v1/thumbnail?hl=en-IN\u0026gl=US\u0026","https://streetviewpixels-pa.googleapis.com/v1/thumbnail?hl=en-IN\u0026gl=US\u0026"]]],["en-IN","US",null,0,null,null,"https://maps.gstatic.com/mapfiles/",null,"https://maps.googleapis.com","https://maps.googleapis.com",null,"https://maps.google.com",null,"https://maps.gstatic.com/maps-api-v3/api/images/","https://www.google.com/maps",null,"https://www.google.com",1,"https://maps.googleapis.com/maps_api_js_slo/log?hasfast=true",0,1],["https://maps.googleapis.com/maps-api-v3/api/js/66/4d/intl/en_gb","3.66.4d"],[878189057],null,null,null,[112],null,null,"trx_addons_googlemap_loaded",null,null,1,"https://khms.googleapis.com/mz?v=1014\u0026","AIzaSyBy9TsCM5PTu47wxcdGQTAwi5j7B3w9fKk","https://earthbuilder.googleapis.com","https://earthbuilder.googleapis.com",null,"https://mts.googleapis.com/maps/vt/icon",[["https://maps.googleapis.com/maps/vt"],["https://maps.googleapis.com/maps/vt"],null,null,null,null,null,null,null,null,null,null,["https://www.google.com/maps/vt"],"/maps/vt",795000000,795,795560911],2,500,[null,null,null,null,"https://www.google.com/maps/preview/log204","","https://static.panoramio.com.storage.googleapis.com/photos/",["https://geo0.ggpht.com/cbk","https://geo1.ggpht.com/cbk","https://geo2.ggpht.com/cbk","https://geo3.ggpht.com/cbk"],"https://maps.googleapis.com/maps/api/js/GeoPhotoService.GetMetadata","https://maps.googleapis.com/maps/api/js/GeoPhotoService.SingleImageSearch",["https://lh3.ggpht.com/jsapi2/a/b/c/","https://lh4.ggpht.com/jsapi2/a/b/c/","https://lh5.ggpht.com/jsapi2/a/b/c/","https://lh6.ggpht.com/jsapi2/a/b/c/"],"https://streetviewpixels-pa.googleapis.com/v1/tile",["https://lh3.googleusercontent.com/","https://lh4.googleusercontent.com/","https://lh5.googleusercontent.com/","https://lh6.googleusercontent.com/"]],null,null,null,null,"/maps/api/js/ApplicationService.GetEntityDetails",0,null,null,null,null,[],["66.4d"],1,0,[1],"CgASsUUImwYSnQEIARKYAWh0dHBzOi8vd3d3LmdzdGF0aWMuY29tL21hcHMvcmVzL0NvbXBhY3RMZWdlbmRTZGstUm9hZG1hcFNhdGVsbGl0ZS1FbmhhbmNlZE5hdlN0eWxlSG9sZGJhY2tGb3JHZW9ELUZldGNoYWJsZVN0eWxlU2V0U2RrLTNkY2IyNGM5NGJhYjBlZGEyYTI0YWJiMDVjMTNiMDM2Ep0BCAISmAFodHRwczovL3d3dy5nc3RhdGljLmNvbS9tYXBzL3Jlcy9Db21wYWN0TGVnZW5kU2RrLVJvYWRtYXBTYXRlbGxpdGUtRW5oYW5jZWROYXZTdHlsZUhvbGRiYWNrRm9yR2VvRC1GZXRjaGFibGVTdHlsZVNldFNkay0zZGNiMjRjOTRiYWIwZWRhMmEyNGFiYjA1YzEzYjAzNhKdAQgDEpgBaHR0cHM6Ly93d3cuZ3N0YXRpYy5jb20vbWFwcy9yZXMvQ29tcGFjdExlZ2VuZFNkay1Sb2FkbWFwU2F0ZWxsaXRlLUVuaGFuY2VkTmF2U3R5bGVIb2xkYmFja0Zvckdlb0QtRmV0Y2hhYmxlU3R5bGVTZXRTZGstM2RjYjI0Yzk0YmFiMGVkYTJhMjRhYmIwNWMxM2IwMzYSlwEIBBKSAWh0dHBzOi8vd3d3LmdzdGF0aWMuY29tL21hcHMvcmVzL0NvbXBhY3RMZWdlbmRTZGstTmF2aWdhdGlvbi1FbmhhbmNlZE5hdlN0eWxlSG9sZGJhY2tGb3JHZW9ELUZldGNoYWJsZVN0eWxlU2V0U2RrLTNkY2IyNGM5NGJhYjBlZGEyYTI0YWJiMDVjMTNiMDM2Ep8BCAUSmgFodHRwczovL3d3dy5nc3RhdGljLmNvbS9tYXBzL3Jlcy9Db21wYWN0TGVnZW5kU2RrLU5hdmlnYXRpb25Mb3dMaWdodC1FbmhhbmNlZE5hdlN0eWxlSG9sZGJhY2tGb3JHZW9ELUZldGNoYWJsZVN0eWxlU2V0U2RrLTNkY2IyNGM5NGJhYjBlZGEyYTI0YWJiMDVjMTNiMDM2EqABCAYSmwFodHRwczovL3d3dy5nc3RhdGljLmNvbS9tYXBzL3Jlcy9Db21wYWN0TGVnZW5kU2RrLU5hdmlnYXRpb25TYXRlbGxpdGUtRW5oYW5jZWROYXZTdHlsZUhvbGRiYWNrRm9yR2VvRC1GZXRjaGFibGVTdHlsZVNldFNkay0zZGNiMjRjOTRiYWIwZWRhMmEyNGFiYjA1YzEzYjAzNhKUAQgHEo8BaHR0cHM6Ly93d3cuZ3N0YXRpYy5jb20vbWFwcy9yZXMvQ29tcGFjdExlZ2VuZFNkay1Sb2FkbWFwLUVuaGFuY2VkTmF2U3R5bGVIb2xkYmFja0Zvckdlb0QtRmV0Y2hhYmxlU3R5bGVTZXRTZGstM2RjYjI0Yzk0YmFiMGVkYTJhMjRhYmIwNWMxM2IwMzYSlAEICBKPAWh0dHBzOi8vd3d3LmdzdGF0aWMuY29tL21hcHMvcmVzL0NvbXBhY3RMZWdlbmRTZGstUm9hZG1hcC1FbmhhbmNlZE5hdlN0eWxlSG9sZGJhY2tGb3JHZW9ELUZldGNoYWJsZVN0eWxlU2V0U2RrLTNkY2IyNGM5NGJhYjBlZGEyYTI0YWJiMDVjMTNiMDM2Ep4BCAkSmQFodHRwczovL3d3dy5nc3RhdGljLmNvbS9tYXBzL3Jlcy9Db21wYWN0TGVnZW5kU2RrLVJvYWRtYXBBbWJpYWN0aXZlLUVuaGFuY2VkTmF2U3R5bGVIb2xkYmFja0Zvckdlb0QtRmV0Y2hhYmxlU3R5bGVTZXRTZGstM2RjYjI0Yzk0YmFiMGVkYTJhMjRhYmIwNWMxM2IwMzYSlAEIChKPAWh0dHBzOi8vd3d3LmdzdGF0aWMuY29tL21hcHMvcmVzL0NvbXBhY3RMZWdlbmRTZGstUm9hZG1hcC1FbmhhbmNlZE5hdlN0eWxlSG9sZGJhY2tGb3JHZW9ELUZldGNoYWJsZVN0eWxlU2V0U2RrLTNkY2IyNGM5NGJhYjBlZGEyYTI0YWJiMDVjMTNiMDM2Ep0BCAsSmAFodHRwczovL3d3dy5nc3RhdGljLmNvbS9tYXBzL3Jlcy9Db21wYWN0TGVnZW5kU2RrLVJvYWRtYXBTYXRlbGxpdGUtRW5oYW5jZWROYXZTdHlsZUhvbGRiYWNrRm9yR2VvRC1GZXRjaGFibGVTdHlsZVNldFNkay0zZGNiMjRjOTRiYWIwZWRhMmEyNGFiYjA1YzEzYjAzNhKUAQgMEo8BaHR0cHM6Ly93d3cuZ3N0YXRpYy5jb20vbWFwcy9yZXMvQ29tcGFjdExlZ2VuZFNkay1UZXJyYWluLUVuaGFuY2VkTmF2U3R5bGVIb2xkYmFja0Zvckdlb0QtRmV0Y2hhYmxlU3R5bGVTZXRTZGstM2RjYjI0Yzk0YmFiMGVkYTJhMjRhYmIwNWMxM2IwMzYSlwEIDRKSAWh0dHBzOi8vd3d3LmdzdGF0aWMuY29tL21hcHMvcmVzL0NvbXBhY3RMZWdlbmRTZGstTmF2aWdhdGlvbi1FbmhhbmNlZE5hdlN0eWxlSG9sZGJhY2tGb3JHZW9ELUZldGNoYWJsZVN0eWxlU2V0U2RrLTNkY2IyNGM5NGJhYjBlZGEyYTI0YWJiMDVjMTNiMDM2EpcBCA4SkgFodHRwczovL3d3dy5nc3RhdGljLmNvbS9tYXBzL3Jlcy9Db21wYWN0TGVnZW5kU2RrLU5hdmlnYXRpb24tRW5oYW5jZWROYXZTdHlsZUhvbGRiYWNrRm9yR2VvRC1GZXRjaGFibGVTdHlsZVNldFNkay0zZGNiMjRjOTRiYWIwZWRhMmEyNGFiYjA1YzEzYjAzNhKeAQgPEpkBaHR0cHM6Ly93d3cuZ3N0YXRpYy5jb20vbWFwcy9yZXMvQ29tcGFjdExlZ2VuZFNkay1Sb2FkbWFwQW1iaWFjdGl2ZS1FbmhhbmNlZE5hdlN0eWxlSG9sZGJhY2tGb3JHZW9ELUZldGNoYWJsZVN0eWxlU2V0U2RrLTNkY2IyNGM5NGJhYjBlZGEyYTI0YWJiMDVjMTNiMDM2EqQBCBASnwFodHRwczovL3d3dy5nc3RhdGljLmNvbS9tYXBzL3Jlcy9Db21wYWN0TGVnZW5kU2RrLVJvYWRtYXBBbWJpYWN0aXZlTG93Qml0LUVuaGFuY2VkTmF2U3R5bGVIb2xkYmFja0Zvckdlb0QtRmV0Y2hhYmxlU3R5bGVTZXRTZGstM2RjYjI0Yzk0YmFiMGVkYTJhMjRhYmIwNWMxM2IwMzYSnwEIERKaAWh0dHBzOi8vd3d3LmdzdGF0aWMuY29tL21hcHMvcmVzL0NvbXBhY3RMZWdlbmRTZGstTmF2aWdhdGlvbkxvd0xpZ2h0LUVuaGFuY2VkTmF2U3R5bGVIb2xkYmFja0Zvckdlb0QtRmV0Y2hhYmxlU3R5bGVTZXRTZGstM2RjYjI0Yzk0YmFiMGVkYTJhMjRhYmIwNWMxM2IwMzYSmwEIEhKWAWh0dHBzOi8vd3d3LmdzdGF0aWMuY29tL21hcHMvcmVzL0NvbXBhY3RMZWdlbmRTZGstVHJhbnNpdEZvY3VzZWQtRW5oYW5jZWROYXZTdHlsZUhvbGRiYWNrRm9yR2VvRC1GZXRjaGFibGVTdHlsZVNldFNkay0zZGNiMjRjOTRiYWIwZWRhMmEyNGFiYjA1YzEzYjAzNhKUAQgTEo8BaHR0cHM6Ly93d3cuZ3N0YXRpYy5jb20vbWFwcy9yZXMvQ29tcGFjdExlZ2VuZFNkay1Sb2FkbWFwLUVuaGFuY2VkTmF2U3R5bGVIb2xkYmFja0Zvckdlb0QtRmV0Y2hhYmxlU3R5bGVTZXRTZGstM2RjYjI0Yzk0YmFiMGVkYTJhMjRhYmIwNWMxM2IwMzYSmgEIFBKVAWh0dHBzOi8vd3d3LmdzdGF0aWMuY29tL21hcHMvcmVzL0NvbXBhY3RMZWdlbmRTZGstUm91dGVPdmVydmlldy1FbmhhbmNlZE5hdlN0eWxlSG9sZGJhY2tGb3JHZW9ELUZldGNoYWJsZVN0eWxlU2V0U2RrLTNkY2IyNGM5NGJhYjBlZGEyYTI0YWJiMDVjMTNiMDM2EpQBCBUSjwFodHRwczovL3d3dy5nc3RhdGljLmNvbS9tYXBzL3Jlcy9Db21wYWN0TGVnZW5kU2RrLVJvYWRtYXAtRW5oYW5jZWROYXZTdHlsZUhvbGRiYWNrRm9yR2VvRC1GZXRjaGFibGVTdHlsZVNldFNkay0zZGNiMjRjOTRiYWIwZWRhMmEyNGFiYjA1YzEzYjAzNhKeAQgWEpkBaHR0cHM6Ly93d3cuZ3N0YXRpYy5jb20vbWFwcy9yZXMvQ29tcGFjdExlZ2VuZFNkay1OYXZpZ2F0aW9uQW1iaWVudC1FbmhhbmNlZE5hdlN0eWxlSG9sZGJhY2tGb3JHZW9ELUZldGNoYWJsZVN0eWxlU2V0U2RrLTNkY2IyNGM5NGJhYjBlZGEyYTI0YWJiMDVjMTNiMDM2EqIBCBcSnQFodHRwczovL3d3dy5nc3RhdGljLmNvbS9tYXBzL3Jlcy9Db21wYWN0TGVnZW5kU2RrLU5hdmlnYXRpb25BbWJpZW50RGFyay1FbmhhbmNlZE5hdlN0eWxlSG9sZGJhY2tGb3JHZW9ELUZldGNoYWJsZVN0eWxlU2V0U2RrLTNkY2IyNGM5NGJhYjBlZGEyYTI0YWJiMDVjMTNiMDM2EqQBCBkSnwFodHRwczovL3d3dy5nc3RhdGljLmNvbS9tYXBzL3Jlcy9Db21wYWN0TGVnZW5kU2RrLUJhc2VtYXBFZGl0aW5nU2F0ZWxsaXRlLUVuaGFuY2VkTmF2U3R5bGVIb2xkYmFja0Zvckdlb0QtRmV0Y2hhYmxlU3R5bGVTZXRTZGstM2RjYjI0Yzk0YmFiMGVkYTJhMjRhYmIwNWMxM2IwMzYSlAEIGhKPAWh0dHBzOi8vd3d3LmdzdGF0aWMuY29tL21hcHMvcmVzL0NvbXBhY3RMZWdlbmRTZGstUm9hZG1hcC1FbmhhbmNlZE5hdlN0eWxlSG9sZGJhY2tGb3JHZW9ELUZldGNoYWJsZVN0eWxlU2V0U2RrLTNkY2IyNGM5NGJhYjBlZGEyYTI0YWJiMDVjMTNiMDM2EpgBCBsSkwFodHRwczovL3d3dy5nc3RhdGljLmNvbS9tYXBzL3Jlcy9Db21wYWN0TGVnZW5kU2RrLVJvYWRtYXBEYXJrLUVuaGFuY2VkTmF2U3R5bGVIb2xkYmFja0Zvckdlb0QtRmV0Y2hhYmxlU3R5bGVTZXRTZGstM2RjYjI0Yzk0YmFiMGVkYTJhMjRhYmIwNWMxM2IwMzYSngEIHBKZAWh0dHBzOi8vd3d3LmdzdGF0aWMuY29tL21hcHMvcmVzL0NvbXBhY3RMZWdlbmRTZGstUm91dGVPdmVydmlld0RhcmstRW5oYW5jZWROYXZTdHlsZUhvbGRiYWNrRm9yR2VvRC1GZXRjaGFibGVTdHlsZVNldFNkay0zZGNiMjRjOTRiYWIwZWRhMmEyNGFiYjA1YzEzYjAzNhKYAQgdEpMBaHR0cHM6Ly93d3cuZ3N0YXRpYy5jb20vbWFwcy9yZXMvQ29tcGFjdExlZ2VuZFNkay1UZXJyYWluRGFyay1FbmhhbmNlZE5hdlN0eWxlSG9sZGJhY2tGb3JHZW9ELUZldGNoYWJsZVN0eWxlU2V0U2RrLTNkY2IyNGM5NGJhYjBlZGEyYTI0YWJiMDVjMTNiMDM2Ep8BCB4SmgFodHRwczovL3d3dy5nc3RhdGljLmNvbS9tYXBzL3Jlcy9Db21wYWN0TGVnZW5kU2RrLVRyYW5zaXRGb2N1c2VkRGFyay1FbmhhbmNlZE5hdlN0eWxlSG9sZGJhY2tGb3JHZW9ELUZldGNoYWJsZVN0eWxlU2V0U2RrLTNkY2IyNGM5NGJhYjBlZGEyYTI0YWJiMDVjMTNiMDM2EpQBCB8SjwFodHRwczovL3d3dy5nc3RhdGljLmNvbS9tYXBzL3Jlcy9Db21wYWN0TGVnZW5kU2RrLVJvYWRtYXAtRW5oYW5jZWROYXZTdHlsZUhvbGRiYWNrRm9yR2VvRC1GZXRjaGFibGVTdHlsZVNldFNkay0zZGNiMjRjOTRiYWIwZWRhMmEyNGFiYjA1YzEzYjAzNhKYAQggEpMBaHR0cHM6Ly93d3cuZ3N0YXRpYy5jb20vbWFwcy9yZXMvQ29tcGFjdExlZ2VuZFNkay1Sb2FkbWFwRGFyay1FbmhhbmNlZE5hdlN0eWxlSG9sZGJhY2tGb3JHZW9ELUZldGNoYWJsZVN0eWxlU2V0U2RrLTNkY2IyNGM5NGJhYjBlZGEyYTI0YWJiMDVjMTNiMDM2EpgBCCESkwFodHRwczovL3d3dy5nc3RhdGljLmNvbS9tYXBzL3Jlcy9Db21wYWN0TGVnZW5kU2RrLVJvYWRtYXBEYXJrLUVuaGFuY2VkTmF2U3R5bGVIb2xkYmFja0Zvckdlb0QtRmV0Y2hhYmxlU3R5bGVTZXRTZGstM2RjYjI0Yzk0YmFiMGVkYTJhMjRhYmIwNWMxM2IwMzYSoQEIJRKcAWh0dHBzOi8vd3d3LmdzdGF0aWMuY29tL21hcHMvcmVzL0NvbXBhY3RMZWdlbmRTZGstTmF2aWdhdGlvbkhpZ2hEZXRhaWwtRW5oYW5jZWROYXZTdHlsZUhvbGRiYWNrRm9yR2VvRC1GZXRjaGFibGVTdHlsZVNldFNkay0zZGNiMjRjOTRiYWIwZWRhMmEyNGFiYjA1YzEzYjAzNhKpAQgmEqQBaHR0cHM6Ly93d3cuZ3N0YXRpYy5jb20vbWFwcy9yZXMvQ29tcGFjdExlZ2VuZFNkay1OYXZpZ2F0aW9uSGlnaERldGFpbExvd0xpZ2h0LUVuaGFuY2VkTmF2U3R5bGVIb2xkYmFja0Zvckdlb0QtRmV0Y2hhYmxlU3R5bGVTZXRTZGstM2RjYjI0Yzk0YmFiMGVkYTJhMjRhYmIwNWMxM2IwMzYSkwEIKRKOAWh0dHBzOi8vd3d3LmdzdGF0aWMuY29tL21hcHMvcmVzL0NvbXBhY3RMZWdlbmRTZGstVHJhdmVsLUVuaGFuY2VkTmF2U3R5bGVIb2xkYmFja0Zvckdlb0QtRmV0Y2hhYmxlU3R5bGVTZXRTZGstM2RjYjI0Yzk0YmFiMGVkYTJhMjRhYmIwNWMxM2IwMzYSlwEIKhKSAWh0dHBzOi8vd3d3LmdzdGF0aWMuY29tL21hcHMvcmVzL0NvbXBhY3RMZWdlbmRTZGstVHJhdmVsRGFyay1FbmhhbmNlZE5hdlN0eWxlSG9sZGJhY2tGb3JHZW9ELUZldGNoYWJsZVN0eWxlU2V0U2RrLTNkY2IyNGM5NGJhYjBlZGEyYTI0YWJiMDVjMTNiMDM2EqABCCsSmwFodHRwczovL3d3dy5nc3RhdGljLmNvbS9tYXBzL3Jlcy9Db21wYWN0TGVnZW5kU2RrLU5hdmlnYXRpb25TYXRlbGxpdGUtRW5oYW5jZWROYXZTdHlsZUhvbGRiYWNrRm9yR2VvRC1GZXRjaGFibGVTdHlsZVNldFNkay0zZGNiMjRjOTRiYWIwZWRhMmEyNGFiYjA1YzEzYjAzNhKgAQgsEpsBaHR0cHM6Ly93d3cuZ3N0YXRpYy5jb20vbWFwcy9yZXMvQ29tcGFjdExlZ2VuZFNkay1UZXJyYWluVmVjdG9yQ2xpZW50LUVuaGFuY2VkTmF2U3R5bGVIb2xkYmFja0Zvckdlb0QtRmV0Y2hhYmxlU3R5bGVTZXRTZGstM2RjYjI0Yzk0YmFiMGVkYTJhMjRhYmIwNWMxM2IwMzYSpAEILRKfAWh0dHBzOi8vd3d3LmdzdGF0aWMuY29tL21hcHMvcmVzL0NvbXBhY3RMZWdlbmRTZGstVGVycmFpblZlY3RvckNsaWVudERhcmstRW5oYW5jZWROYXZTdHlsZUhvbGRiYWNrRm9yR2VvRC1GZXRjaGFibGVTdHlsZVNldFNkay0zZGNiMjRjOTRiYWIwZWRhMmEyNGFiYjA1YzEzYjAzNhKeAQguEpkBaHR0cHM6Ly93d3cuZ3N0YXRpYy5jb20vbWFwcy9yZXMvQ29tcGFjdExlZ2VuZFNkay1OYXZpZ2F0aW9uQW1iaWVudC1FbmhhbmNlZE5hdlN0eWxlSG9sZGJhY2tGb3JHZW9ELUZldGNoYWJsZVN0eWxlU2V0U2RrLTNkY2IyNGM5NGJhYjBlZGEyYTI0YWJiMDVjMTNiMDM2EqIBCC8SnQFodHRwczovL3d3dy5nc3RhdGljLmNvbS9tYXBzL3Jlcy9Db21wYWN0TGVnZW5kU2RrLU5hdmlnYXRpb25BbWJpZW50RGFyay1FbmhhbmNlZE5hdlN0eWxlSG9sZGJhY2tGb3JHZW9ELUZldGNoYWJsZVN0eWxlU2V0U2RrLTNkY2IyNGM5NGJhYjBlZGEyYTI0YWJiMDVjMTNiMDM2Ep4BCDASmQFodHRwczovL3d3dy5nc3RhdGljLmNvbS9tYXBzL3Jlcy9Db21wYWN0TGVnZW5kU2RrLUFpclF1YWxpdHlIZWF0bWFwLUVuaGFuY2VkTmF2U3R5bGVIb2xkYmFja0Zvckdlb0QtRmV0Y2hhYmxlU3R5bGVTZXRTZGstM2RjYjI0Yzk0YmFiMGVkYTJhMjRhYmIwNWMxM2IwMzYSogEIMRKdAWh0dHBzOi8vd3d3LmdzdGF0aWMuY29tL21hcHMvcmVzL0NvbXBhY3RMZWdlbmRTZGstQWlyUXVhbGl0eUhlYXRtYXBEYXJrLUVuaGFuY2VkTmF2U3R5bGVIb2xkYmFja0Zvckdlb0QtRmV0Y2hhYmxlU3R5bGVTZXRTZGstM2RjYjI0Yzk0YmFiMGVkYTJhMjRhYmIwNWMxM2IwMzYSmwEIMhKWAWh0dHBzOi8vd3d3LmdzdGF0aWMuY29tL21hcHMvcmVzL0NvbXBhY3RMZWdlbmRTZGstTmF2aWdhdGlvbkVnbW0tRW5oYW5jZWROYXZTdHlsZUhvbGRiYWNrRm9yR2VvRC1GZXRjaGFibGVTdHlsZVNldFNkay0zZGNiMjRjOTRiYWIwZWRhMmEyNGFiYjA1YzEzYjAzNhKjAQgzEp4BaHR0cHM6Ly93d3cuZ3N0YXRpYy5jb20vbWFwcy9yZXMvQ29tcGFjdExlZ2VuZFNkay1OYXZpZ2F0aW9uRWdtbUxvd0xpZ2h0LUVuaGFuY2VkTmF2U3R5bGVIb2xkYmFja0Zvckdlb0QtRmV0Y2hhYmxlU3R5bGVTZXRTZGstM2RjYjI0Yzk0YmFiMGVkYTJhMjRhYmIwNWMxM2IwMzYSpAEINBKfAWh0dHBzOi8vd3d3LmdzdGF0aWMuY29tL21hcHMvcmVzL0NvbXBhY3RMZWdlbmRTZGstTmF2aWdhdGlvbkVnbW1TYXRlbGxpdGUtRW5oYW5jZWROYXZTdHlsZUhvbGRiYWNrRm9yR2VvRC1GZXRjaGFibGVTdHlsZVNldFNkay0zZGNiMjRjOTRiYWIwZWRhMmEyNGFiYjA1YzEzYjAzNhKdAQg1EpgBaHR0cHM6Ly93d3cuZ3N0YXRpYy5jb20vbWFwcy9yZXMvQ29tcGFjdExlZ2VuZFNkay1OYXZpZ2F0aW9uVHVubmVsLUVuaGFuY2VkTmF2U3R5bGVIb2xkYmFja0Zvckdlb0QtRmV0Y2hhYmxlU3R5bGVTZXRTZGstM2RjYjI0Yzk0YmFiMGVkYTJhMjRhYmIwNWMxM2IwMzYSpQEINhKgAWh0dHBzOi8vd3d3LmdzdGF0aWMuY29tL21hcHMvcmVzL0NvbXBhY3RMZWdlbmRTZGstTmF2aWdhdGlvblR1bm5lbExvd0xpZ2h0LUVuaGFuY2VkTmF2U3R5bGVIb2xkYmFja0Zvckdlb0QtRmV0Y2hhYmxlU3R5bGVTZXRTZGstM2RjYjI0Yzk0YmFiMGVkYTJhMjRhYmIwNWMxM2IwMzYSngEINxKZAWh0dHBzOi8vd3d3LmdzdGF0aWMuY29tL21hcHMvcmVzL0NvbXBhY3RMZWdlbmRTZGstTmF2aWdhdGlvbkdsYXNzZXMtRW5oYW5jZWROYXZTdHlsZUhvbGRiYWNrRm9yR2VvRC1GZXRjaGFibGVTdHlsZVNldFNkay0zZGNiMjRjOTRiYWIwZWRhMmEyNGFiYjA1YzEzYjAzNhKaAQg4EpUBaHR0cHM6Ly93d3cuZ3N0YXRpYy5jb20vbWFwcy9yZXMvQ29tcGFjdExlZ2VuZFNkay1JbW1lcnNpdmVWaWV3LUVuaGFuY2VkTmF2U3R5bGVIb2xkYmFja0Zvckdlb0QtRmV0Y2hhYmxlU3R5bGVTZXRTZGstM2RjYjI0Yzk0YmFiMGVkYTJhMjRhYmIwNWMxM2IwMzYSngEIORKZAWh0dHBzOi8vd3d3LmdzdGF0aWMuY29tL21hcHMvcmVzL0NvbXBhY3RMZWdlbmRTZGstTmF2aWdhdGlvbk1pbk1vZGUtRW5oYW5jZWROYXZTdHlsZUhvbGRiYWNrRm9yR2VvRC1GZXRjaGFibGVTdHlsZVNldFNkay0zZGNiMjRjOTRiYWIwZWRhMmEyNGFiYjA1YzEzYjAzNhKkAQg6Ep8BaHR0cHM6Ly93d3cuZ3N0YXRpYy5jb20vbWFwcy9yZXMvQ29tcGFjdExlZ2VuZFNkay1OYXZpZ2F0aW9uQW1iaWVudFR1bm5lbC1FbmhhbmNlZE5hdlN0eWxlSG9sZGJhY2tGb3JHZW9ELUZldGNoYWJsZVN0eWxlU2V0U2RrLTNkY2IyNGM5NGJhYjBlZGEyYTI0YWJiMDVjMTNiMDM2EqgBCDsSowFodHRwczovL3d3dy5nc3RhdGljLmNvbS9tYXBzL3Jlcy9Db21wYWN0TGVnZW5kU2RrLU5hdmlnYXRpb25BbWJpZW50RGFya1R1bm5lbC1FbmhhbmNlZE5hdlN0eWxlSG9sZGJhY2tGb3JHZW9ELUZldGNoYWJsZVN0eWxlU2V0U2RrLTNkY2IyNGM5NGJhYjBlZGEyYTI0YWJiMDVjMTNiMDM2EqIBCDwSnQFodHRwczovL3d3dy5nc3RhdGljLmNvbS9tYXBzL3Jlcy9Db21wYWN0TGVnZW5kU2RrLU5hdmlnYXRpb25NaW5Nb2RlQXV0by1FbmhhbmNlZE5hdlN0eWxlSG9sZGJhY2tGb3JHZW9ELUZldGNoYWJsZVN0eWxlU2V0U2RrLTNkY2IyNGM5NGJhYjBlZGEyYTI0YWJiMDVjMTNiMDM2IiAzZGNiMjRjOTRiYWIwZWRhMmEyNGFiYjA1YzEzYjAzNigBMnJodHRwczovL3d3dy5nb29nbGUuY29tL21hcHMvdnQvc3hmb3Jtcz92PTNkY2IyNGM5NGJhYjBlZGEyYTI0YWJiMDVjMTNiMDM2JnN0eWxlcl9zdWJ0eXBlPVNUWUxFUl9MRUdFTkRfU1VCVFlQRV9TREs6YAougHyAeIB0gHCAbIBogGSAYIBcgFiAVIBQgEyASIBEgECAPIA4gDSAMIAsgCiAJBIECAAQABIECAEQARIECAIQAhINCAMQ////////////ARINCAQQ/v//////////AUIDc2RrOOmOtBY464i4FjjqkPMi",null,1,0.009999999776482582,null,[[[6,"1789381863"]]],null,"",null,1,0], loadScriptTime);
  };
  var loadScriptTime = (new Date).getTime();
})();
// inlined
(function(_){/*

 Copyright The Closure Library Authors.
 SPDX-License-Identifier: Apache-2.0
*/
/*

 Copyright Google LLC
 SPDX-License-Identifier: Apache-2.0
*/
/*

 Copyright 2019 Google LLC
 SPDX-License-Identifier: BSD-3-Clause
*/
/*

 Copyright 2017 Google LLC
 SPDX-License-Identifier: BSD-3-Clause
*/
/*

Math.uuid.js (v1.4)
http://www.broofa.com
mailto:robert@broofa.com
Copyright (c) 2010 Robert Kieffer
Dual licensed under the MIT and GPL licenses.
*/
/*

 Copyright 2021 Google LLC
 SPDX-License-Identifier: BSD-3-Clause
*/
var aaa,ta,sa,Ba,Fa,Ka,Qa,Ua,Ta,Ya,caa,daa,wb,Ab,pc,rc,Gc,Hc,faa,dd,hd,gaa,sd,zd,Dd,Fd,Zd,qe,ye,Qe,Re,Se,gf,kf,lf,kaa,oaa,vf,xf,yf,Df,raa,taa,If,ig,bg,dg,kg,og,pg,qg,Bg,hg,vaa,ph,Qh,Baa,Caa,Yh,Faa,Gaa,Kaa,Laa,Maa,Oaa,$aa,aba,cba,iba,mba,Oi,nba,pba,$i,qba,rba,sba,tba,uba,vba,bj,wba,Aba,Bba,Fba,Iba,qj,pj,Qba,Rba,Uba,Mj,Nj,Oj,Pj,Wba,Xba,aca,Yba,$ba,Sj,bca,cca,fk,eca,gk,gca,fca,hca,ik,jca,kca,oca,rca,nk,pk,qk,pca,qca,vca,sk,rk,tk,uk,wca,wk,vk,yca,Ak,Bk,Ck,Aca,Dk,Ek,Fk,Gk,Bca,Hk,Kk,Cca,Lk,Dca,Hca,Nca,
Rca,Sca,Sk,Uca,Vca,Wca,Zca,Yca,$ca,ada,bl,Xca,bda,ql,dda,eda,fda,Ml,ida,Ul,lda,mda,pm,qm,oda,qda,Am,tda,wda,Km,Xm,Zm,Wm,sn,An,Dda,Eda,Fda,Hda,Fn,Kn,Ln,Ida,Lda,Nda,Mda,Oda,Qn,Pda,Tn,Un,fo,ho,io,Wda,Xda,jo,ko,Yda,Zda,qo,$da,to,eea,xo,gea,iea,jea,Bo,mea,Ho,nea,Lo,oea,Xo,rea,sea,tea,vea,wea,Aea,Bea,$o,Cea,zea,xea,yea,Eea,Dea,bp,Gea,Jea,Kea,Mea,op,qp,Pea,Rea,Sea,Uea,Wea,Xea,Yea,Zea,$ea,afa,bfa,cfa,dfa,efa,ffa,hfa,jfa,kfa,lfa,pfa,qfa,Fp,Gp,Hp,tfa,ufa,vfa,wfa,Bfa,zfa,Gfa,Hfa,$p,Zp,aq,Ufa,Xfa,Yfa,$fa,bga,
gga,kga,fga,mga,lga,pga,qga,rga,sga,xq,uga,yga,zga,Bga,Cga,Nga,Mga,Ega,Fga,Kga,Gq,Wn,da,Aa,xa,ya,wa,ka,ra;_.ea=function(a){return function(){return da[a].apply(this,arguments)}};_.fa=function(a,b){return da[a]=b};_.la=function(a,b,c){if(!c||a!=null){c=ka[b];if(c==null)return a[b];c=a[c];return c!==void 0?c:a[b]}};aaa=function(a,b,c){if(b)for(var d=0;d<ra.length;d++)sa(ra[d]+"Array.prototype."+a,b,c)};ta=function(a,b,c){b&&sa(a,b,c)};
sa=function(a,b,c){var d=a.split(".");a=d.length===1;var e=d[0],f;!a&&e in wa?f=wa:f=xa;for(e=0;e<d.length-1;e++){var g=d[e];if(!(g in f))return;f=f[g]}d=d[d.length-1];c=ya&&c==="es6"?f[d]:null;b=b(c);b!=null&&(a?Aa(wa,d,{configurable:!0,writable:!0,value:b}):b!==c&&(ka[d]===void 0&&(a=Math.random()*1E9>>>0,ka[d]=ya?xa.Symbol(d):"$jscp$"+a+"$"+d),Aa(f,ka[d],{configurable:!0,writable:!0,value:b})))};Ba=function(a){a=Math.trunc(a)||0;a<0&&(a+=this.length);if(!(a<0||a>=this.length))return this[a]};
Fa=function(a){if(typeof a!=="object"||a===null||typeof a.size!=="number"||a.size<0||typeof a.keys!=="function"||typeof a.has!=="function")throw new TypeError("Argument must be set-like");};Ka=function(a){if(typeof a!=="object"||a===null||typeof a.next!=="function")throw new TypeError("Invalid iterator.");return a};Qa=function(a){if(!(a instanceof Set))throw new TypeError("Method must be called on an instance of Set.");};Ua=function(a,b){var c=Ta("CLOSURE_FLAGS");a=c&&c[a];return a!=null?a:b};
Ta=function(a,b){a=a.split(".");b=b||_.Xa;for(var c=0;c<a.length;c++)if(b=b[a[c]],b==null)return null;return b};Ya=function(a){var b=typeof a;return b!="object"?b:a?Array.isArray(a)?"array":b:"null"};_.Za=function(a){var b=Ya(a);return b=="array"||b=="object"&&typeof a.length=="number"};_.$a=function(a){var b=typeof a;return b=="object"&&a!=null||b=="function"};_.kb=function(a){return Object.prototype.hasOwnProperty.call(a,fb)&&a[fb]||(a[fb]=++baa)};
caa=function(a,b,c){return a.call.apply(a.bind,arguments)};daa=function(a,b,c){if(!a)throw Error();if(arguments.length>2){var d=Array.prototype.slice.call(arguments,2);return function(){var e=Array.prototype.slice.call(arguments);Array.prototype.unshift.apply(e,d);return a.apply(b,e)}}return function(){return a.apply(b,arguments)}};_.pb=function(a,b,c){_.pb=Function.prototype.bind&&Function.prototype.bind.toString().indexOf("native code")!=-1?caa:daa;return _.pb.apply(null,arguments)};_.qb=function(){return Date.now()};
_.sb=function(a,b){a=a.split(".");for(var c=_.Xa,d;a.length&&(d=a.shift());)a.length||b===void 0?c[d]&&c[d]!==Object.prototype[d]?c=c[d]:c=c[d]={}:c[d]=b};_.tb=function(a){return a};_.ub=function(a,b){function c(){}c.prototype=b.prototype;a.er=b.prototype;a.prototype=new c;a.prototype.constructor=a;a.iA=function(d,e,f){for(var g=Array(arguments.length-2),h=2;h<arguments.length;h++)g[h-2]=arguments[h];return b.prototype[e].apply(d,g)}};
_.C=function(a,b,c,d){var e=arguments.length,f=e<3?b:d===null?d=Object.getOwnPropertyDescriptor(b,c):d,g;if(Reflect&&typeof Reflect==="object"&&typeof Reflect.decorate==="function")f=Reflect.decorate(a,b,c,d);else for(var h=a.length-1;h>=0;h--)if(g=a[h])f=(e<3?g(f):e>3?g(b,c,f):g(b,c))||f;e>3&&f&&Object.defineProperty(b,c,f)};_.E=function(a,b){if(Reflect&&typeof Reflect==="object"&&typeof Reflect.metadata==="function")return Reflect.metadata(a,b)};
_.vb=function(a,b){if(Error.captureStackTrace)Error.captureStackTrace(this,_.vb);else{let c=Error().stack;c&&(this.stack=c)}a&&(this.message=String(a));b!==void 0&&(this.cause=b)};wb=function(a,b){var c=_.vb.call;a=a.split("%s");var d="",e=a.length-1;for(let f=0;f<e;f++)d+=a[f]+(f<b.length?b[f]:"%s");c.call(_.vb,this,d+a[e])};Ab=function(a){return(yb||(yb=new TextEncoder)).encode(a)};_.Cb=function(a){_.Xa.setTimeout(()=>{throw a;},0)};_.Fb=function(a,b){return a.lastIndexOf(b,0)==0};
_.Jb=function(){return _.Ib().toLowerCase().indexOf("webkit")!=-1};_.Ib=function(){var a=_.Xa.navigator;return a&&(a=a.userAgent)?a:""};_.Sb=function(a){if(!Lb||!_.Ob)return!1;for(let b=0;b<_.Ob.brands.length;b++){let {brand:c}=_.Ob.brands[b];if(c&&c.indexOf(a)!=-1)return!0}return!1};_.Xb=function(a){return _.Ib().indexOf(a)!=-1};_.Yb=function(){return Lb?!!_.Ob&&_.Ob.brands.length>0:!1};_.Zb=function(){return _.Yb()?!1:_.Xb("Opera")};_.ec=function(){return _.Yb()?!1:_.Xb("Trident")||_.Xb("MSIE")};
_.ic=function(){return _.Yb()?_.Sb("Microsoft Edge"):_.Xb("Edg/")};_.lc=function(){return _.Xb("Firefox")||_.Xb("FxiOS")};_.oc=function(){return _.Xb("Safari")&&!(_.mc()||(_.Yb()?0:_.Xb("Coast"))||_.Zb()||(_.Yb()?0:_.Xb("Edge"))||_.ic()||(_.Yb()?_.Sb("Opera"):_.Xb("OPR"))||_.lc()||_.Xb("Silk")||_.Xb("Android"))};_.mc=function(){return _.Yb()?_.Sb("Chromium"):(_.Xb("Chrome")||_.Xb("CriOS"))&&!(_.Yb()?0:_.Xb("Edge"))||_.Xb("Silk")};pc=function(){return Lb?!!_.Ob&&!!_.Ob.platform:!1};
rc=function(){return _.Xb("iPhone")&&!_.Xb("iPod")&&!_.Xb("iPad")};_.sc=function(){return pc()?_.Ob.platform==="macOS":_.Xb("Macintosh")};_.tc=function(){return pc()?_.Ob.platform==="Windows":_.Xb("Windows")};_.vc=function(a,b,c){c=c==null?0:c<0?Math.max(0,a.length+c):c;if(typeof a==="string")return typeof b!=="string"||b.length!=1?-1:a.indexOf(b,c);for(;c<a.length;c++)if(c in a&&a[c]===b)return c;return-1};
_.wc=function(a,b,c){var d=a.length,e=typeof a==="string"?a.split(""):a;for(let f=0;f<d;f++)f in e&&b.call(c,e[f],f,a)};_.xc=function(a,b){return _.vc(a,b)>=0};_.Bc=function(a,b){b=_.vc(a,b);var c;(c=b>=0)&&_.Ac(a,b);return c};_.Ac=function(a,b){Array.prototype.splice.call(a,b,1)};_.Ec=function(a){var b=a.length;if(b>0){let c=Array(b);for(let d=0;d<b;d++)c[d]=a[d];return c}return[]};Gc=function(a){Gc[" "](a);return a};
_.Jc=function(a,b){b===void 0&&(b=0);Hc();b=Ic[b];for(var c=Array(Math.floor(a.length/3)),d=b[64]||"",e=0,f=0;e<a.length-2;e+=3){var g=a[e],h=a[e+1],k=a[e+2],m=b[g>>2];g=b[(g&3)<<4|h>>4];h=b[(h&15)<<2|k>>6];k=b[k&63];c[f++]=""+m+g+h+k}m=0;k=d;switch(a.length-e){case 2:m=a[e+1],k=b[(m&15)<<2]||d;case 1:a=a[e],c[f]=""+b[a>>2]+b[(a&3)<<4|m>>4]+k+d}return c.join("")};_.Oc=function(a){var b=[];_.Kc(a,function(c){b.push(c)});return b};
_.Kc=function(a,b){function c(e){for(;d<a.length;){let f=a.charAt(d++),g=Pc[f];if(g!=null)return g;if(!/^[\s\xa0]*$/.test(f))throw Error("Unknown base64 encoding at char: "+f);}return e}Hc();for(var d=0;;){let e=c(-1),f=c(0),g=c(64),h=c(64);if(h===64&&e===-1)break;b(e<<2|f>>4);g!=64&&(b(f<<4&240|g>>2),h!=64&&b(g<<6&192|h))}};
Hc=function(){if(!Pc){Pc={};var a="ABCDEFGHIJKLMNOPQRSTUVWXYZabcdefghijklmnopqrstuvwxyz0123456789".split(""),b=["+/=","+/","-_=","-_.","-_"];for(let c=0;c<5;c++){let d=a.concat(b[c].split(""));Ic[c]=d;for(let e=0;e<d.length;e++){let f=d[e];Pc[f]===void 0&&(Pc[f]=e)}}}};faa=function(a){return eaa[a]||""};_.Rc=function(a){a=Qc.test(a)?a.replace(Qc,faa):a;a=atob(a);var b=new Uint8Array(a.length);for(let c=0;c<a.length;c++)b[c]=a.charCodeAt(c);return b};_.Vc=function(a){return a!=null&&a instanceof Uint8Array};
_.ad=function(){return Xc||(Xc=new _.Yc(null,_.Zc))};dd=function(a){var b=a.qh;if(b==null)a="";else if(typeof b==="string")a=b;else{let c="",d=0,e=b.length-10240;for(;d<e;)c+=String.fromCharCode.apply(null,b.subarray(d,d+=10240));c+=String.fromCharCode.apply(null,d?b.subarray(d):b);b=btoa(c);a=a.qh=b}return a};_.qd=function(a){hd(_.Zc);var b=a.qh;b=b==null||_.Vc(b)?b:typeof b==="string"?_.Rc(b):null;return b==null?b:a.qh=b};hd=function(a){if(a!==_.Zc)throw Error("illegal external caller");};
gaa=async function(a,b){return new Promise((c,d)=>{var e=new MessageChannel;e.port2.onmessage=f=>{c(f.data)};try{e.port1.postMessage(a,b)}catch(f){d(f)}})};_.rd=function(a,b,c){a.__closure__error__context__984382||(a.__closure__error__context__984382={});a.__closure__error__context__984382[b]=c};sd=function(){var a=Error();_.rd(a,"severity","incident");_.Cb(a)};_.vd=function(a){a=Error(a);_.rd(a,"severity","warning");return a};
_.yd=function(a,b){if(a!=null){var c=wd??(wd={});var d=c[a]||0;d>=b||(c[a]=d+1,sd())}};zd=function(a,b=!1){return b&&Symbol.for&&a?Symbol.for(a):a!=null?Symbol(a):Symbol()};_.Cd=function(a,b){a[_.Bd]|=b};Dd=function(a){if(4&a)return 512&a?512:1024&a?1024:0};_.Ed=function(a){_.Cd(a,34);return a};Fd=function(a){_.Cd(a,32);return a};_.Ld=function(a){return a.length==0?_.ad():new _.Yc(a,_.Zc)};_.Qd=function(a){return a[Nd]===Od};
_.Sd=function(a,b){return b===void 0?a.Rh!==_.Rd&&!!(2&(a.Ni[_.Bd]|0)):!!(2&b)&&a.Rh!==_.Rd};_.Td=function(a,b){a.Rh=b?_.Rd:void 0};_.Wd=function(a,b){return Object.prototype.hasOwnProperty.call(a,b)};_.Xd=function(a,b){if(a!=null)if(typeof a==="string")a=a?new _.Yc(a,_.Zc):_.ad();else if(a.constructor!==_.Yc)if(_.Vc(a))a=a.length?new _.Yc(new Uint8Array(a),_.Zc):_.ad();else{if(!b)throw Error();a=void 0}return a};_.Yd=function(a,b){if(typeof b!=="number"||b<0||b>=a.length)throw Error();};
Zd=function(a,b){if(typeof b!=="number"||b<0||b>a.length)throw Error();};_.$d=function(a,b,c){var d=b&128?0:-1,e=a.length,f;if(f=!!e)f=a[e-1],f=f!=null&&typeof f==="object"&&f.constructor===Object;var g=e+(f?-1:0);for(b=b&128?1:0;b<g;b++)c(b-d,a[b]);if(f){a=a[e-1];for(let h in a)_.Wd(a,h)&&!isNaN(h)&&c(+h,a[h])}};_.be=function(a){return a&128?ae:void 0};_.ce=function(a){a.dT=!0;return a};
_.fe=function(a){if(haa(a)){if(!/^\s*(?:-?[1-9]\d*|0)?\s*$/.test(a))throw Error(String(a));}else if(iaa(a)&&!Number.isSafeInteger(a))throw Error(String(a));return BigInt(a)};_.ie=function(a){var b=a>>>0;_.ge=b;_.he=(a-b)/4294967296>>>0};_.ke=function(a){if(a<0){_.ie(0-a);a=_.ge;var b=_.he;b=~b;a?a=~a+1:b+=1;let [c,d]=[a,b];_.ge=c>>>0;_.he=d>>>0}else _.ie(a)};_.oe=function(a){var b=_.le||(_.le=new DataView(new ArrayBuffer(8)));b.setFloat64(0,+a,!0);_.ge=b.getUint32(0,!0);_.he=b.getUint32(4,!0)};
qe=function(a,b){var c=b*4294967296+(a>>>0);return Number.isSafeInteger(c)?c:_.pe(a,b)};_.re=function(a,b){return _.fe(BigInt.asIntN(64,(BigInt.asUintN(32,BigInt(b))<<BigInt(32))+BigInt.asUintN(32,BigInt(a))))};_.pe=function(a,b){b>>>=0;a>>>=0;var c;b<=2097151?c=""+(4294967296*b+a):c=""+(BigInt(b)<<BigInt(32)|BigInt(a));return c};_.te=function(a,b){var c;b&2147483648?c=""+(BigInt(b|0)<<BigInt(32)|BigInt(a>>>0)):c=_.pe(a,b);return c};
_.ue=function(a){a.length<16?_.ke(Number(a)):(a=BigInt(a),_.ge=Number(a&BigInt(4294967295))>>>0,_.he=Number(a>>BigInt(32)&BigInt(4294967295)))};_.ve=function(a,b=`unexpected value ${a}!`){throw Error(b);};_.we=function(a){if(typeof a!=="number")throw Error(`Value of float/double field must be a number, found ${typeof a}: ${a}`);return a};_.xe=function(a){if(a==null||typeof a==="number")return a;if(a==="NaN"||a==="Infinity"||a==="-Infinity")return Number(a)};
ye=function(a){return a.displayName||a.name||"unknown type name"};_.ze=function(a){if(typeof a!=="boolean")throw Error(`Expected boolean but got ${Ya(a)}: ${a}`);return a};_.De=function(a){if(a==null||typeof a==="boolean")return a;if(typeof a==="number")return!!a};_.Fe=function(a){switch(typeof a){case "bigint":return!0;case "number":return Ee(a);case "string":return jaa.test(a);default:return!1}};_.Ge=function(a){if(!Ee(a))throw _.vd("enum");return a|0};
_.He=function(a){return a==null?a:Ee(a)?a|0:void 0};_.Ke=function(a){if(typeof a!=="number")throw _.vd("int32");if(!Ee(a))throw _.vd("int32");return a|0};_.Le=function(a){if(a==null)return a;if(typeof a==="string"&&a)a=+a;else if(typeof a!=="number")return;return Ee(a)?a|0:void 0};_.Me=function(a){if(typeof a!=="number")throw _.vd("uint32");if(!Ee(a))throw _.vd("uint32");return a>>>0};
_.Ne=function(a){if(a==null)return a;if(typeof a==="string"&&a)a=+a;else if(typeof a!=="number")return;return Ee(a)?a>>>0:void 0};
_.Ue=function(a,b){b??(b=1024);if(!_.Fe(a))throw _.vd("int64");var c=typeof a;switch(b){case 512:switch(c){case "string":return _.Oe(a);case "bigint":return String((0,_.Pe)(64,a));default:return Qe(a)}case 1024:switch(c){case "string":return Re(a);case "bigint":return _.fe((0,_.Pe)(64,a));default:return Se(a)}case 0:switch(c){case "string":return _.Oe(a);case "bigint":return _.fe((0,_.Pe)(64,a));default:return _.Te(a)}default:return _.ve(b,"Unknown format requested type for int64")}};
_.Te=function(a){_.Fe(a);a=(0,_.Ve)(a);if(!(0,_.We)(a)){_.ke(a);var b=_.ge,c=_.he;if(a=c&2147483648)b=~b+1>>>0,c=~c>>>0,b==0&&(c=c+1>>>0);b=qe(b,c);a=typeof b==="number"?a?-b:b:a?"-"+b:b}return a};_.Xe=function(a){_.Fe(a);a=(0,_.Ve)(a);a>=0&&(0,_.We)(a)||(_.ke(a),a=qe(_.ge,_.he));return a};Qe=function(a){_.Fe(a);a=(0,_.Ve)(a);(0,_.We)(a)?a=String(a):(_.ke(a),a=_.te(_.ge,_.he));return a};
_.Oe=function(a){_.Fe(a);var b=(0,_.Ve)(Number(a));if((0,_.We)(b))return String(b);b=a.indexOf(".");b!==-1&&(a=a.substring(0,b));b=a.length;(a[0]==="-"?b<20||b===20&&a<="-9223372036854775808":b<19||b===19&&a<="9223372036854775807")||(_.ue(a),a=_.te(_.ge,_.he));return a};Re=function(a){var b=(0,_.Ve)(Number(a));if((0,_.We)(b))return _.fe(b);b=a.indexOf(".");b!==-1&&(a=a.substring(0,b));return _.fe((0,_.Pe)(64,BigInt(a)))};Se=function(a){return(0,_.We)(a)?_.fe(_.Te(a)):_.fe(Qe(a))};
_.Ye=function(a){_.Fe(a);var b=(0,_.Ve)(Number(a));if((0,_.We)(b)&&b>=0)return String(b);b=a.indexOf(".");b!==-1&&(a=a.substring(0,b));a[0]==="-"?b=!1:(b=a.length,b=b<20?!0:b===20&&a<="18446744073709551615");b||(_.ue(a),a=_.pe(_.ge,_.he));return a};_.Ze=function(a){var b=typeof a;if(a==null)return a;if(b==="bigint")return String((0,_.Pe)(64,a));if(_.Fe(a))return b==="string"?_.Oe(a):_.Te(a)};
_.$e=function(a){var b=typeof a;if(a==null)return a;if(b==="bigint")return _.fe((0,_.Pe)(64,a));if(_.Fe(a))return b==="string"?Re(a):Se(a)};_.bf=function(a){var b=typeof a;if(a==null)return a;if(b==="bigint")return String((0,_.af)(64,a));if(_.Fe(a))return b==="string"?_.Ye(a):_.Xe(a)};_.cf=function(a){if(a==null)return a;var b=typeof a;if(b==="bigint")return String((0,_.Pe)(64,a));if(_.Fe(a)){if(b==="string")return _.Oe(a);if(b==="number")return _.Te(a)}};
_.df=function(a){if(typeof a!=="string")throw Error();return a};_.ef=function(a){if(a!=null&&typeof a!=="string")throw Error();return a};_.ff=function(a){return a==null||typeof a==="string"?a:void 0};gf=function(a,b){if(!(a instanceof b))throw Error(`Expected instanceof ${ye(b)} but got ${a&&ye(a.constructor)}`);return a};kf=function(a,b,c,d){if(a!=null&&_.Qd(a))return a;if(!Array.isArray(a))return c?d&2?b[_.hf]||(b[_.hf]=_.jf(b)):new b:void 0;c=a[_.Bd]|0;d=c|d&32|d&2;d!==c&&(a[_.Bd]=d);return new b(a)};
_.jf=function(a){a=new a;_.Ed(a.Ni);return a};lf=function(a){return a};_.nf=function(a){var b=_.tb(_.mf);return b?a[b]:void 0};_.of=function(a,b){for(let c in a)_.Wd(a,c)&&!isNaN(c)&&b(a,+c,a[c])};kaa=function(a){var b=new _.pf;_.of(a,(c,d,e)=>{b[d]=[...e]});b.PB=a.PB;return b};_.rf=function(a,b,c){if(_.tb(_.qf)&&_.tb(_.mf)&&c===_.qf&&(a=a.Ni,c=a[_.mf])&&(c=c.PB))try{c(a,b,laa)}catch(d){_.Cb(d)}};_.tf=function(a,b){var c=_.tb(_.mf);c&&a[c]?.[b]!=null&&_.yd(maa,3)};
oaa=function(a,b){b<100||_.yd(naa,1)};
vf=function(a,b,c,d){var e=d!==void 0;d=!!d;var f=_.tb(_.mf),g;!e&&f&&(g=a[f])&&_.of(g,oaa);f=[];var h=a.length;g=4294967295;var k=!1,m=!!(b&64),p=m?b&128?0:-1:void 0;if(!(b&1)){var q=h&&a[h-1];q!=null&&typeof q==="object"&&q.constructor===Object?(h--,g=h):q=void 0;!m||b&128||e||(k=!0,g=(uf??lf)(g-p,p,a,q,void 0)+p)}b=void 0;for(var u=0;u<h;u++){let x=a[u];if(x!=null&&(x=c(x,d))!=null)if(m&&u>=g){let z=u-p;(b??(b={}))[z]=x}else f[u]=x}if(q)for(let x in q){if(!_.Wd(q,x))continue;h=q[x];if(h==null||
(h=c(h,d))==null)continue;u=+x;let z;m&&!Number.isNaN(u)&&(z=u+p)<g?f[z]=h:(b??(b={}))[x]=h}b&&(k?f.push(b):f[g]=b);e&&_.tb(_.mf)&&(a=_.nf(a))&&a instanceof _.pf&&(f[_.mf]=kaa(a));return f};
xf=function(a){switch(typeof a){case "number":return Number.isFinite(a)?a:""+a;case "bigint":return(0,_.wf)(a)?Number(a):""+a;case "boolean":return a?1:0;case "object":if(Array.isArray(a)){let b=a[_.Bd]|0;return a.length===0&&b&1?void 0:vf(a,b,xf)}if(a!=null&&_.Qd(a))return yf(a);if(a instanceof _.Yc)return dd(a);return}return a};_.zf=function(a,b){if(b){uf=b==null||b===lf||b[paa]!==qaa?lf:b;try{return yf(a)}finally{uf=void 0}}return yf(a)};yf=function(a){a=a.Ni;return vf(a,a[_.Bd]|0,xf)};
_.Cf=function(a){switch(typeof a){case "boolean":return _.Af||(_.Af=[0,void 0,!0]);case "number":return a>0?void 0:a===0?Bf||(Bf=[0,void 0]):[-a,void 0];case "string":return[0,a];case "object":return a}};_.Ef=function(a,b){return Df(a,b[0],b[1])};
Df=function(a,b,c,d=0){if(a==null){var e=32;c?(a=[c],e|=128):a=[];b&&(e=e&-16760833|(b&1023)<<14)}else{if(!Array.isArray(a))throw Error("narr");e=a[_.Bd]|0;if(Ff&&1&e)throw Error("rfarr");2048&e&&!(2&e)&&raa();if(e&256)throw Error("farr");if(e&64)return(e|d)!==e&&(a[_.Bd]=e|d),a;if(c&&(e|=128,c!==a[0]))throw Error("mid");a:{c=a;e|=64;var f=c.length;if(f){var g=f-1;let k=c[g];if(k!=null&&typeof k==="object"&&k.constructor===Object){b=e&128?0:-1;g-=b;if(g>=1024)throw Error("pvtlmt");for(var h in k){if(!_.Wd(k,
h))continue;f=+h;if(f<g)c[f+b]=k[h],delete k[h];else break}e=e&-16760833|(g&1023)<<14;break a}}if(b){h=Math.max(b,f-(e&128?0:-1));if(h>1024)throw Error("spvt");e=e&-16760833|(h&1023)<<14}}}a[_.Bd]=e|64|d;return a};raa=function(){if(Ff)throw Error("carr");_.yd(saa,5)};
taa=function(a,b){if(typeof a!=="object")return a;if(Array.isArray(a)){var c=a[_.Bd]|0;a.length===0&&c&1?a=void 0:c&2||(!b||4096&c||16&c?a=_.Gf(a,c,!1,b&&!(c&16)):(_.Cd(a,34),c&4&&Object.freeze(a)));return a}if(a!=null&&_.Qd(a))return b=a.Ni,c=b[_.Bd]|0,_.Sd(a,c)?a:_.Hf(a,b,c)?If(a,b):_.Gf(b,c);if(a instanceof _.Yc)return a};If=function(a,b,c){a=new a.constructor(b);c&&_.Td(a,!0);a.vB=_.Rd;return a};_.Gf=function(a,b,c,d){d??(d=!!(34&b));a=vf(a,b,taa,d);d=32;c&&(d|=2);b=b&16769217|d;a[_.Bd]=b;return a};
_.Jf=function(a){var b=a.Ni,c=b[_.Bd]|0;return _.Sd(a,c)?_.Hf(a,b,c)?If(a,b,!0):new a.constructor(_.Gf(b,c,!1)):a};_.Kf=function(a){if(a.Rh!==_.Rd)return!1;var b=a.Ni;b=_.Gf(b,b[_.Bd]|0);_.Cd(b,2048);a.Ni=b;_.Td(a,!1);a.vB=void 0;return!0};_.Mf=function(a){if(!_.Kf(a)&&_.Sd(a,a.Ni[_.Bd]|0))throw Error();};_.Nf=function(a,b){b===void 0&&(b=a[_.Bd]|0);b&32&&!(b&4096)&&(a[_.Bd]=b|4096)};_.Hf=function(a,b,c){return c&2?!0:c&32&&!(c&4096)?(b[_.Bd]=c|2,_.Td(a,!0),!0):!1};
_.Pf=function(a,b,c,d,e){Object.isExtensible(a);b=_.Of(a.Ni,b,c,e);if(b!==null||d&&a.vB!==_.Rd)return b};_.Of=function(a,b,c,d){if(b===-1)return null;var e=b+(c?0:-1),f=a.length-1;if(!(f<1+(c?0:-1))){if(e>=f){var g=a[f];if(g!=null&&typeof g==="object"&&g.constructor===Object){c=g[b];var h=!0}else if(e===f)c=g;else return}else c=a[e];if(d&&c!=null){d=d(c);if(d==null)return d;if(!Object.is(d,c))return h?g[b]=d:a[e]=d,d}return c}};_.Rf=function(a,b,c,d){_.Mf(a);var e=a.Ni;_.Qf(e,e[_.Bd]|0,b,c,d);return a};
_.Qf=function(a,b,c,d,e){var f=c+(e?0:-1),g=a.length-1;if(g>=1+(e?0:-1)&&f>=g){let h=a[g];if(h!=null&&typeof h==="object"&&h.constructor===Object)return h[c]=d,b}if(f<=g)return a[f]=d,b;d!==void 0&&(g=(b??(b=a[_.Bd]|0))>>14&1023||536870912,c>=g?d!=null&&(a[g+(e?0:-1)]={[c]:d}):a[f]=d);return b};_.Tf=function(a,b,c,d){a=a.Ni;return _.Sf(a,a[_.Bd]|0,b,c,d)!==void 0};_.Wf=function(a,b){return _.Uf(a,a[_.Bd]|0,b)};_.Yf=function(a,b,c){var d=a.Ni;return _.Xf(a,d,d[_.Bd]|0,b,c,3).length};
_.$f=function(a,b,c,d,e){_.Zf(a,b,c,void 0,e,d,1);return a};_.ag=function(){return void 0===uaa?2:4};
_.jg=function(a,b,c,d,e,f,g){var h=a.Ni,k=h[_.Bd]|0;d=_.Sd(a,k)?1:d;e=!!e||d===3;d===2&&_.Kf(a)&&(h=a.Ni,k=h[_.Bd]|0);var m=bg(h,b,g),p=m===_.cg?7:m[_.Bd]|0,q=dg(p,k);var u=q;4&u?f==null?a=!1:(!e&&f===0&&(512&u||1024&u)&&(a.constructor[eg]=(a.constructor[eg]|0)+1)<5&&sd(),a=f===0?!1:!(f&u)):a=!0;if(a){4&q&&(m=[...m],p=0,q=hg(q,k),k=_.Qf(h,k,b,m,g));let x=u=0;for(;u<m.length;u++){let z=c(m[u]);z!=null&&(m[x++]=z)}x<u&&(m.length=x);c=(q|4)&-513;q=c&=-1025;f&&(q|=f);q&=-4097}q!==p&&(m[_.Bd]=q,2&q&&Object.freeze(m));
return m=ig(m,q,h,k,b,g,d,a,e)};ig=function(a,b,c,d,e,f,g,h,k){var m=b;g===1||(g!==4?0:2&b||!(16&b)&&32&d)?kg(b)||(b|=!a.length||h&&!(4096&b)||32&d&&!(4096&b||16&b)?2:256,b!==m&&(a[_.Bd]=b),Object.freeze(a)):(g===2&&kg(b)&&(a=[...a],m=0,b=hg(b,d),d=_.Qf(c,d,e,a,f)),kg(b)||(k||(b|=16),b!==m&&(a[_.Bd]=b)));2&b||!(4096&b||16&b)||_.Nf(c,d);return a};bg=function(a,b,c){a=_.Of(a,b,c);return Array.isArray(a)?a:_.cg};dg=function(a,b){2&b&&(a|=2);return a|1};kg=function(a){return!!(2&a)&&!!(4&a)||!!(256&a)};
_.lg=function(a){return _.Xd(a,!0)};_.mg=function(a,b){a=_.Pf(a,b,void 0,void 0,_.lg);return a==null?_.ad():a};
_.ng=function(a,b,c,d){_.Mf(a);var e=a.Ni,f=e[_.Bd]|0;if(c==null)return _.Qf(e,f,b),a;if(!Array.isArray(c))throw _.vd();var g=c===_.cg?7:c[_.Bd]|0,h=g,k=kg(g),m=k||Object.isFrozen(c);k||(g=0);m||(c=[...c],h=0,g=hg(g,f),m=!1);g|=5;k=Dd(g)??1024;g|=k;for(let p=0;p<c.length;p++){let q=c[p],u=d(q,k);Object.is(q,u)||(m&&(c=[...c],h=0,g=hg(g,f),m=!1),c[p]=u)}g!==h&&(m&&(c=[...c],g=hg(g,f)),c[_.Bd]=g);_.Qf(e,f,b,c);return a};
og=function(a,b,c,d){_.Mf(a);var e=a.Ni;_.Qf(e,e[_.Bd]|0,b,(d==="0"?Number(c)===0:c===d)?void 0:c);return a};_.Uf=function(a,b,c){if(b&2)throw Error();var d=_.be(b),e=bg(a,c,d),f=e===_.cg?7:e[_.Bd]|0,g=dg(f,b);if(2&g||kg(g)||16&g)g===f||kg(g)||(e[_.Bd]=g),e=[...e],f=0,g=hg(g,b),_.Qf(a,b,c,e,d);g&=-13;g!==f&&(e[_.Bd]=g);return e};_.sg=function(a,b,c,d){_.Mf(a);a=a.Ni;var e=a[_.Bd]|0;if(d==null){let f=pg(a);if(qg(f,a,e,c)===b)f.set(c,0);else return}else e=_.rg(a,e,c,b);_.Qf(a,e,b,d)};
_.tg=function(a,b,c){a=a.Ni;return qg(pg(a),a,void 0,b)===c?c:-1};pg=function(a){return a[ug]??(a[ug]=new Map)};_.rg=function(a,b,c,d,e){d===0||c.includes(d);var f=pg(a),g=qg(f,a,b,c,e);g!==d&&(g&&(b=_.Qf(a,b,g,void 0,e)),f.set(c,d));return b};qg=function(a,b,c,d,e){var f=a.get(d);if(f!=null)return f;f=0;for(let g=0;g<d.length;g++){let h=d[g];_.Of(b,h,e)!=null&&(f!==0&&(c=_.Qf(b,c,f,void 0,e)),f=h)}a.set(d,f);return f};
_.wg=function(a,b,c,d,e){_.Mf(a);a=a.Ni;var f=a[_.Bd]|0,g=_.Of(a,c,e);d=d===_.vg;b=kf(g,b,!d,f);if(!d||b)return b=_.Jf(b),g!==b&&(f=_.Qf(a,f,c,b,e),_.Nf(a,f)),b};_.xg=function(a,b,c){var d=a[_.Bd]|0,e=_.be(d),f=_.Of(a,c,e);if(f!=null&&_.Qd(f)){if(!_.Sd(f))return _.Kf(f),f.Ni;var g=f.Ni}else Array.isArray(f)&&(g=f);if(g){let h=g[_.Bd]|0;h&2&&(g=_.Gf(g,h))}g=_.Ef(g,b);g!==f&&_.Qf(a,d,c,g,e);return g};
_.Sf=function(a,b,c,d,e){var f=!1;d=_.Of(a,d,e,g=>{var h=kf(g,c,!1,b);f=h!==g&&h!=null;return h});if(d!=null)return f&&!_.Sd(d)&&_.Nf(a,b),d};_.F=function(a,b,c,d){a=a.Ni;return _.Sf(a,a[_.Bd]|0,b,c,d)||b[_.hf]||(b[_.hf]=_.jf(b))};_.yg=function(a,b,c,d){var e=a.Ni,f=e[_.Bd]|0;b=_.Sf(e,f,b,c,d);if(b==null)return b;f=e[_.Bd]|0;if(!_.Sd(a,f)){let g=_.Jf(b);g!==b&&(_.Kf(a)&&(e=a.Ni,f=e[_.Bd]|0),b=g,f=_.Qf(e,f,c,b,d),_.Nf(e,f))}return b};
_.zg=function(a,b,c,d){var e=a.Ni;return _.Xf(a,e,e[_.Bd]|0,b,c,1,d)};
_.Xf=function(a,b,c,d,e,f,g,h,k){var m=_.Sd(a,c);f=m?1:f;h=!!h||f===3;m=k&&!m;(f===2||m)&&_.Kf(a)&&(b=a.Ni,c=b[_.Bd]|0);a=bg(b,e,g);var p=a===_.cg?7:a[_.Bd]|0,q=dg(p,c);if(k=!(4&q)){var u=a,x=c;let z=!!(2&q);z&&(x|=2);let B=!z,L=!0,O=0,U=0;for(;O<u.length;O++){let A=kf(u[O],d,!1,x);if(A instanceof d){if(!z){let ia=_.Sd(A);B&&(B=!ia);L&&(L=ia)}u[U++]=A}}U<O&&(u.length=U);q|=4;q=L?q&-4097:q|4096;q=B?q|8:q&-9}q!==p&&(a[_.Bd]=q,2&q&&Object.freeze(a));if(m&&!(8&q||!a.length&&(f===1||(f!==4?0:2&q||!(16&
q)&&32&c)))){kg(q)&&(a=[...a],q=hg(q,c),c=_.Qf(b,c,e,a,g));d=a;m=q;for(p=0;p<d.length;p++)u=d[p],q=_.Jf(u),u!==q&&(d[p]=q);m|=8;q=m=d.length?m|4096:m&-4097;a[_.Bd]=q}return a=ig(a,q,b,c,e,g,f,k,h)};_.Ag=function(a,b,c){var d=a.Ni;return _.Xf(a,d,d[_.Bd]|0,b,c,_.ag(),void 0,!1,!0)};Bg=function(a,b){a!=null?gf(a,b):a=void 0;return a};_.Cg=function(a,b,c,d,e){d=Bg(d,b);_.Rf(a,c,d,e);d&&!_.Sd(d)&&_.Nf(a.Ni);return a};_.Dg=function(a,b,c,d,e){e=Bg(e,b);_.sg(a,c,d,e);e&&!_.Sd(e)&&_.Nf(a.Ni);return a};
_.Eg=function(a,b,c,d){_.Mf(a);var e=a.Ni,f=e[_.Bd]|0;if(d==null)return _.Qf(e,f,c),a;if(!Array.isArray(d))throw _.vd();var g=d===_.cg?7:d[_.Bd]|0,h=g,k=kg(g),m=k||Object.isFrozen(d),p=!0,q=!0;for(let x=0;x<d.length;x++){var u=d[x];gf(u,b);k||(u=_.Sd(u),p&&(p=!u),q&&(q=u))}k||(g=p?13:5,g=q?g&-4097:g|4096);m&&g===h||(d=[...d],h=0,g=hg(g,f));g!==h&&(d[_.Bd]=g);f=_.Qf(e,f,c,d);2&g||!(4096&g||16&g)||_.Nf(e,f);return a};hg=function(a,b){return a=(2&b?a|2:a&-3)&-273};
_.Fg=function(a,b,c,d,e,f,g,h,k,m){_.Mf(a);b=_.jg(a,b,f,2,!0,void 0,g);f=Dd(b===_.cg?7:b[_.Bd]|0)??1024;if(k)if(Array.isArray(d))for(e=d.length,h=0;h<e;h++)b.push(c(d[h],f));else for(let p of d)b.push(c(p,f));else h&&m?(e??(e=b.length-1),_.Yd(b,e),b.splice(e,h)):(h&&Zd(b,e),e!=void 0?b.splice(e,h,c(d,f)):b.push(c(d,f)));return a};
_.Zf=function(a,b,c,d,e,f,g,h){_.Mf(a);var k=a.Ni;a=_.Xf(a,k,k[_.Bd]|0,c,b,2,d,!0);if(g&&h)f??(f=a.length-1),_.Yd(a,f),a.splice(f,g),a.length||(a[_.Bd]&=-4097);else return g?(Zd(a,f),gf(e,c)):e=e!=null?gf(e,c):new c,f!=void 0?a.splice(f,g,e):a.push(e),f=c=a===_.cg?7:a[_.Bd]|0,(g=_.Sd(e))?(c&=-9,a.length===1&&(c&=-4097)):c|=4096,c!==f&&(a[_.Bd]=c),g||_.Nf(k),e};_.Gg=function(a,b){return _.He(_.Pf(a,b))};_.Hg=function(a,b,c=!1){return _.De(_.Pf(a,b))??c};
_.Ig=function(a,b,c=0){return _.Le(_.Pf(a,b))??c};_.Jg=function(a,b,c=0){return _.Ne(_.Pf(a,b))??c};_.Lg=function(a,b,c=_.Kg){return _.Pf(a,b,void 0,void 0,_.$e)??c};_.Mg=function(a,b,c=0){return _.Pf(a,b,void 0,void 0,_.xe)??c};_.I=function(a,b){return _.ff(_.Pf(a,b))??""};_.Ng=function(a,b,c=0){return _.Gg(a,b)??c};_.Og=function(a){return _.Ze(_.Pf(a,1,void 0,void 0,_.$e))??"0"};_.Pg=function(a,b,c,d,e){return _.jg(a,b,_.Le,c,e,void 0,d)};_.Qg=function(a,b,c){a=_.Pg(a,b,3,void 0,!0);_.Yd(a,c);return a[c]};
_.Rg=function(a,b){return _.Pg(a,b,3,void 0,!0).length};_.Sg=function(a,b,c,d,e){return _.jg(a,b,_.ff,c,e,void 0,d)};_.Tg=function(a,b,c){a=_.Sg(a,b,3,void 0,!0);_.Yd(a,c);return a[c]};_.Ug=function(a,b){return _.Sg(a,b,3,void 0,!0).length};_.Vg=function(a,b,c){a=_.jg(a,b,_.He,3,!0);_.Yd(a,c);return a[c]};_.Wg=function(a,b,c,d){return _.yg(a,b,_.tg(a,d,c),void 0)};_.Xg=function(a,b){return _.ff(_.Pf(a,b))};_.Yg=function(a,b,c){return _.Rf(a,b,c==null?c:_.ze(c))};
_.Zg=function(a,b,c){return og(a,b,c==null?c:_.ze(c),!1)};_.$g=function(a,b,c){return _.Rf(a,b,c==null?c:_.Ke(c))};_.ah=function(a,b,c){return og(a,b,c==null?c:_.Ke(c),0)};_.bh=function(a,b,c){return _.Rf(a,b,c==null?c:_.Me(c))};_.ch=function(a,b){return og(a,1,b==null?b:_.Ue(b,void 0),"0")};_.dh=function(a,b,c){return _.Rf(a,b,c==null?c:_.we(c))};_.eh=function(a,b,c){return og(a,b,c==null?c:_.we(c),0)};_.fh=function(a,b,c){return _.Rf(a,b,_.ef(c))};_.gh=function(a,b,c){return og(a,b,_.ef(c),"")};
_.hh=function(a,b,c){return _.Rf(a,b,c==null?c:_.Ge(c))};_.kh=function(a,b,c){return og(a,b,c==null?c:_.Ge(c),0)};_.lh=function(a,b,c){_.Fg(a,b,_.Ke,c,void 0,_.Le)};_.mh=function(a,b){return _.De(_.Pf(a,b))!=null};_.nh=function(a,b){return _.Le(_.Pf(a,b))!=null};_.oh=function(a,b){return _.Pf(a,b,void 0,void 0,_.xe)!=null};
_.qh=function(a,b){var c=0,d=0,e=0,f=a.rh,g=a.qh;do{var h=f[g++];c|=(h&127)<<e;e+=7}while(e<32&&h&128);if(e>32)for(d|=(h&127)>>4,e=3;e<32&&h&128;e+=7)h=f[g++],d|=(h&127)<<e;ph(a,g);if(!(h&128))return b(c>>>0,d>>>0);throw Error();};_.rh=function(a){for(var b=0,c=a.qh,d=c+10,e=a.rh;c<d;){let f=e[c++];b|=f;if((f&128)===0)return ph(a,c),!!(b&127)}throw Error();};
_.sh=function(a){var b=a.rh,c=a.qh,d=b[c++],e=d&127;if(d&128&&(d=b[c++],e|=(d&127)<<7,d&128&&(d=b[c++],e|=(d&127)<<14,d&128&&(d=b[c++],e|=(d&127)<<21,d&128&&(d=b[c++],e|=d<<28,d&128&&b[c++]&128&&b[c++]&128&&b[c++]&128&&b[c++]&128&&b[c++]&128)))))throw Error();ph(a,c);return e};_.th=function(a){return _.sh(a)>>>0};_.uh=function(a){return _.qh(a,_.re)};_.wh=function(a){var b=a.xh;b||(b=a.rh,b=a.xh=new DataView(b.buffer,b.byteOffset,b.byteLength));b=b.getFloat64(a.qh,!0);_.vh(a,8);return b};vaa=function(a){return _.sh(a)};
ph=function(a,b){a.qh=b;if(b>a.sh)throw Error();};_.vh=function(a,b){ph(a,a.qh+b)};_.xh=function(a,b){if(b<0)throw Error();var c=a.qh;b=c+b;if(b>a.sh)throw Error();a.qh=b;return c};_.Ah=function(a,b){var c=_.xh(a,b);var d=a.rh;(a=yh)||(a=yh=new TextDecoder("utf-8",{fatal:!0}));b=c+b;d=c===0&&b===d.length?d:d.subarray(c,b);try{var e=a.decode(d)}catch(f){if(zh===void 0){try{a.decode(new Uint8Array([128]))}catch(g){}try{a.decode(new Uint8Array([97])),zh=!0}catch(g){zh=!1}}!zh&&(yh=void 0);throw f;}return e};
_.Bh=function(a,b,c){var d=a.rh.sh,e=_.th(a.rh);e=a.rh.getCursor()+e;var f=e-d;f<=0&&(a.rh.sh=e,c(b,a,void 0,void 0,void 0),f=e-a.rh.getCursor());if(f)throw Error();a.rh.setCursor(e);a.rh.sh=d;return b};_.Ch=function(a){var b=_.th(a.rh);return _.Ah(a.rh,b)};_.Dh=function(a,b,c){var d=_.th(a.rh);for(d=a.rh.getCursor()+d;a.rh.getCursor()<d;)c.push(b(a.rh))};_.Fh=function(a){return new _.Eh(a&4294967295,Math.floor(a/4294967296))};
_.Hh=function(a){if(!a)return Gh||(Gh=new _.Eh(0,0));if(!/^-?\d+$/.test(a))return null;_.ue(a);return new _.Eh(_.ge,_.he)};
_.Lh=function(a,b,c){if(typeof BigInt64Array!=="undefined")return Ih||(Ih=new BigInt64Array(1),Jh=new Uint32Array(Ih.buffer),Ih[0]=BigInt(1),waa=Jh[0]===1),Ih[0]=a,a=waa?0:1,new b(Jh[a],Jh[1-a]);Kh||(xaa=BigInt(Number.MIN_SAFE_INTEGER),yaa=BigInt(Number.MAX_SAFE_INTEGER),zaa=BigInt(4294967295),Kh=BigInt(32));if(a>=xaa&&a<=yaa)return c(Number(a));a=BigInt.asUintN(64,a);return new b(Number(a&zaa),Number(a>>Kh))};_.Mh=function(a,b,c){for(;c>0||b>127;)a.qh.push(b&127|128),b=(b>>>7|c<<25)>>>0,c>>>=7;a.qh.push(b)};
_.Nh=function(a,b){a.qh.push(b>>>0&255);a.qh.push(b>>>8&255);a.qh.push(b>>>16&255);a.qh.push(b>>>24&255)};_.Oh=function(a,b){for(;b>127;)a.qh.push(b&127|128),b>>>=7;a.qh.push(b)};_.Ph=function(a,b){if(b>=0)_.Oh(a,b);else{for(let c=0;c<9;c++)a.qh.push(b&127|128),b>>=7;a.qh.push(1)}};Qh=function(a,b){b.length!==0&&(a.sh.push(b),a.rh+=b.length)};_.Rh=function(a,b,c){_.Oh(a.qh,b*8+c)};_.Sh=function(a,b){_.Rh(a,b,2);b=a.qh.end();Qh(a,b);b.push(a.rh);return b};
_.Vh=function(a,b){var c=b.pop();for(c=a.rh+a.qh.length()-c;c>127;)b.push(c&127|128),c>>>=7,a.rh++;b.push(c);a.rh++};_.Aaa=function(a){Qh(a,a.qh.end());var b=new Uint8Array(a.rh),c=a.sh,d=c.length,e=0;for(let f=0;f<d;f++){let g=c[f];b.set(g,e);e+=g.length}a.sh=[b];return b};Baa=function(a,b,c){if(c!=null)switch(_.Rh(a,b,0),typeof c){case "number":a=a.qh;_.ke(c);_.Mh(a,_.ge,_.he);break;case "bigint":c=_.Lh(c,_.Eh,_.Fh);_.Mh(a.qh,c.lo,c.hi);break;default:c=_.Hh(c),_.Mh(a.qh,c.lo,c.hi)}};
Caa=function(a,b,c){c!=null&&(c=parseInt(c,10),_.Rh(a,b,0),_.Ph(a.qh,c))};_.Wh=function(a,b,c){_.Rh(a,b,2);_.Oh(a.qh,c.length);Qh(a,a.qh.end());Qh(a,c)};_.Xh=function(a,b,c,d){c!=null&&(b=_.Sh(a,b),d(c,a),_.Vh(a,b))};_.Daa=function(a){switch(typeof a){case "string":_.Hh(a)}};Yh=function(){var a=class{constructor(){throw Error();}};Object.setPrototypeOf(a,a.prototype);return a};Faa=function(a){var b=Eaa;_.tf(a.Ni,b.qh);_.rf(a,b.qh,b.th);return b.gw?_.zg(a,b.Tn,b.qh,b.rh):_.F(a,b.Tn,b.qh,b.rh)};
_.Zh=function(a,b){if(b==null)return new a;if(!Array.isArray(b))throw Error();if(Object.isFrozen(b)||Object.isSealed(b)||!Object.isExtensible(b))throw Error();return new a(Fd(b))};_.bi=function(a,b){return new $h(a,b,!1,ai)};Gaa=function(a,b,c,d,e){_.Xh(a,c,_.ci(b,d),e)};
_.fi=function(a,b,c,d,e){var f=e[a];if(f)return f;b=b?b():{};b.jA=e;b.Zp=_.Cf(e[0]);var g=e[1];f=1;g&&g.constructor===Object&&(b.pl=g,g=e[++f],typeof g==="function"&&(b.DI=!0,_.di??(_.di=g),ei??(ei=e[f+1]),g=e[f+=2]));for(var h={};g&&Array.isArray(g)&&g.length&&typeof g[0]==="number"&&g[0]>0;){for(var k=0;k<g.length;k++)h[g[k]]=g;g=e[++f]}for(k=1;g!==void 0;){typeof g==="number"&&(k+=g,g=e[++f]);let q;var m=void 0;g instanceof $h?q=g:(q=Haa,f--);if(q?.rh){g=e[++f];m=e;var p=f;typeof g==="function"&&
(g=g(),m[p]=g);m=g}g=e[++f];p=k+1;typeof g==="number"&&g<0&&(p-=g,g=e[++f]);for(;k<p;k++){let u=h[k];m?d(b,k,q,m,u):c(b,k,q,u)}}return e[a]=b};_.gi=function(a){return Array.isArray(a)?a[0]instanceof $h?a:[Iaa,a]:[a,void 0]};_.ci=function(a,b){if(a instanceof _.J)return a.Ni;if(Array.isArray(a))return _.Ef(a,b)};_.hi=function(a){return _.fi(Jaa,void 0,Kaa,Laa,a)};Kaa=function(a,b,c){a[b]=c.yC};Laa=function(a,b,c,d){var e,f,g=c.yC;a[b]=(h,k,m)=>g(h,k,m,f||(f=_.hi(d).Zp),e||(e=Maa(d)))};
Maa=function(a){var b=a[Naa];if(!b){let c=_.hi(a);b=(d,e)=>_.ii(d,e,c);a[Naa]=b}return b};_.ii=function(a,b,c){_.$d(a,a[_.Bd]|0,(d,e)=>{if(e!=null){var f=Oaa(c,d);f?f(b,e,d):d<500||_.yd(_.ji,3)}});(a=_.nf(a))&&_.of(a,(d,e,f)=>{Qh(b,b.qh.end());for(d=0;d<f.length;d++)Qh(b,_.qd(f[d])||new Uint8Array(0))})};Oaa=function(a,b){var c=a[b];if(c)return c;if(c=a.pl)if(c=c[b]){c=_.gi(c);var d=c[0].yC;if(c=c[1]){let e=Maa(c),f=_.hi(c).Zp;c=a.DI?ei(f,e):(g,h,k)=>d(g,h,k,f,e)}else c=d;return a[b]=c}};
_.ki=function(a,b,c){if(Array.isArray(b)){var d=b[_.Bd]|0;if(d&4)return b;for(var e=0,f=0;e<b.length;e++){let g=a(b[e]);g!=null&&(b[f++]=g)}f<e&&(b.length=f);a=d|1;c&&(a=(a|4)&-1537);a!==d&&(b[_.Bd]=a);c&&a&2&&Object.freeze(b);return b}};_.Paa=function(a,b,c,d,e,f){if(Array.isArray(b)){for(let g=0;g<b.length;g++)f(a,b[g],c,d,e);a=b[_.Bd]|0;a&1||(b[_.Bd]=a|1)}};_.li=function(a,b,c){return new $h(a,b,!1,c)};_.ni=function(a,b,c){return new $h(a,b,mi,c)};
_.Qaa=function(a,b,c=ai){return new $h(a,b,mi,c)};_.oi=function(a,b,c){_.Qf(a,a[_.Bd]|0,b,c,_.be(a[_.Bd]|0))};_.Raa=function(a,b,c){b=_.Ef(void 0,b);_.Uf(a,a[_.Bd]|0,c).push(b);return b};_.pi=function(a,b,c){b=_.xe(b);b!=null&&(_.Rh(a,c,1),a=a.qh,_.oe(b),_.Nh(a,_.ge),_.Nh(a,_.he))};_.qi=function(a,b,c){b=_.cf(b);b!=null&&(_.Daa(b),Baa(a,c,b))};_.ri=function(a,b,c){b=_.Le(b);b!=null&&b!=null&&(_.Rh(a,c,0),_.Ph(a.qh,b))};_.si=function(a,b,c){b=_.De(b);b!=null&&(_.Rh(a,c,0),a.qh.qh.push(b?1:0))};
_.ti=function(a,b,c){b=_.ff(b);b!=null&&_.Wh(a,c,Ab(b))};_.Saa=function(a,b,c,d,e){_.Xh(a,c,_.ci(b,d),e)};_.Taa=function(a,b,c){b=_.Ne(b);b!=null&&b!=null&&(_.Rh(a,c,0),_.Oh(a.qh,b))};_.ui=function(a,b,c){Caa(a,c,_.Le(b))};_.Uaa=function(a,b,c){if(a.qh!==0)return!1;_.oi(b,c,_.uh(a.rh));return!0};_.Vaa=function(a,b,c){a.qh!==0&&a.qh!==2?a=!1:(b=_.Wf(b,c),a.qh==2?_.Dh(a,_.uh,b):b.push(_.uh(a.rh)),a=!0);return a};
_.Waa=function(a,b,c){if(a.qh!==0&&a.qh!==2)return!1;b=_.Wf(b,c);a.qh==2?_.Dh(a,_.sh,b):b.push(_.sh(a.rh));return!0};_.Xaa=function(a,b,c){if(a.qh!==0&&a.qh!==2)return!1;b=_.Wf(b,c);a.qh==2?_.Dh(a,vaa,b):b.push(_.sh(a.rh));return!0};
$aa=function(a,b){for(var c in a)isNaN(c)||b(+c,a[c],!1);c=a.HH??(a.HH={});for(var d in a.pl){let e=+d;if(isNaN(e))continue;if(c[e])continue;let [f,g]=_.gi(a.pl[e]),h=g;h&&typeof h==="function"&&(h=h());c[e]=h?new Yaa(h,f.qh,f.Pt,!1,h):new Zaa(f.qh,f.Pt)}a=a.HH;for(let e in a)d=+e,isNaN(d)||b(d,a[d],!0)};aba=function(a,b,c){a[b]=new Zaa(c.qh,c.Pt)};cba=function(a,b,c,d){var e=_.Cf(d[0]);e=e?e===_.Af:!1;a[b]=new Yaa(d,c.qh,e?mi:c.Pt,e?bba:!1,d)};
_.vi=function(a,b){return(()=>{var c=new dba(a,b);return()=>c})()};_.wi=function(a,b,c,d){return new eba(a,b,c,d)};_.xi=function(a,b){var c;return()=>{var d;if((d=c)==null){if(!(a?.prototype instanceof _.J))throw Error();a[_.hf]||(a[_.hf]=_.jf(a));new a;d=c={[fba]:b,[gba]:a}}return d}};_.yi=function(a){return b=>{b=JSON.parse(b);if(!Array.isArray(b))throw Error("Expected jspb data to be an array, got "+Ya(b)+": "+b);_.Ed(b);return new a(b)}};
_.zi=function(a){return b=>{if(b==null||b=="")b=new a;else{b=JSON.parse(b);if(!Array.isArray(b))throw Error("dnarr");b=new a(Fd(b))}return b}};_.Ai=function(a,b){return _.eh(a,1,b)};_.Bi=function(a,b){return _.eh(a,2,b)};_.hba=function(a,b){Number.isFinite(b)||(b=0);a=_.ch(a,Math.floor(b/1E3));return _.ah(a,2,(b%1E3+1E3)%1E3*1E6)};_.Ci=function(a,b,c){for(let d in a)b.call(c,a[d],d,a)};iba=function(a,b){var c={};for(let d in a)c[d]=b.call(void 0,a[d],d,a);return c};
_.Ei=function(a){var b=[],c=0;for(let d in a)b[c++]=a[d];return b};_.Fi=function(a){for(let b in a)return!1;return!0};_.kba=function(a,b){for(let e=1;e<arguments.length;e++){var c=arguments[e];for(d in c)a[d]=c[d];for(let f=0;f<jba.length;f++){var d=jba[f];Object.prototype.hasOwnProperty.call(c,d)&&(a[d]=c[d])}}};mba=function(){var a=null;if(!lba)return a;try{let b=c=>c;a=lba.createPolicy("google-maps-api#html",{createHTML:b,createScript:b,createScriptURL:b})}catch(b){}return a};
_.Hi=function(){Gi===void 0&&(Gi=mba());return Gi};_.Ji=function(a){var b=_.Hi();a=b?b.createScriptURL(a):a;return new _.Ii(a)};_.Ki=function(a){if(a instanceof _.Ii)return a.qh;throw Error("");};_.Mi=function(a){return new _.Li(a)};Oi=function(a){return new _.Ni(b=>b.substr(0,a.length+1).toLowerCase()===a+":")};_.Qi=function(a){var b=_.Hi();a=b?b.createHTML(a):a;return new Pi(a)};_.Ri=function(a){if(a instanceof Pi)return a.qh;throw Error("");};
nba=function(a,b=document){a=b.querySelector?.(`${a}[nonce]`);return a==null?"":a.nonce||a.getAttribute("nonce")||""};_.oba=function(a){var b=nba("script",a.ownerDocument);b&&a.setAttribute("nonce",b)};_.Si=function(a,b){if(a.nodeType===1&&/^(script|style)$/i.test(a.tagName))throw Error("");a.innerHTML=_.Ri(b)};_.Ui=function(a){if(a instanceof _.Ti)return a.qh;throw Error("");};_.Vi=function(a){return encodeURIComponent(String(a))};
pba=function(a){var b=1;a=a.split(":");for(var c=[];b>0&&a.length;)c.push(a.shift()),b--;a.length&&c.push(a.join(":"));return c};_.Xi=function(a,b){return b.match(_.Wi)[a]||null};_.Yi=function(a,b,c){c=c!=null?"="+_.Vi(c):"";if(b+=c){c=a.indexOf("#");c<0&&(c=a.length);let d=a.indexOf("?"),e;d<0||d>c?(d=c,e=""):e=a.substring(d+1,c);a=[a.slice(0,d),e,a.slice(c)];c=a[1];a[1]=b?c?c+"&"+b:b:c;a=a[0]+(a[1]?"?"+a[1]:"")+a[2]}return a};_.Zi=function(a){return new _.Ti(a[0])};
$i=function(a){try{return new URL(a,window.document.baseURI)}catch(b){return new URL("about:invalid")}};qba=function(a,b){var c=b.createRange();c.selectNode(b.body);a=_.Qi(a);return c.createContextualFragment(_.Ri(a))};rba=function(a){a=a.nodeName;return typeof a==="string"?a:"FORM"};sba=function(a){a=a.nodeType;return a===1||typeof a!=="number"};tba=function(a,b,c){c=a.qh.get(c);return c?.has(b)?c.get(b):a.th.has(b)?{Pm:1}:(c=a.wh.get(b))?c:a.rh&&[...a.rh].some(d=>b.indexOf(d)===0)?{Pm:1}:{Pm:0}};
_.aj=function(a,b){var c=document.implementation.createHTMLDocument("");a=uba(a,b,c);c=c.body;c.appendChild(a);c=(new XMLSerializer).serializeToString(c);c=c.slice(c.indexOf(">")+1,c.lastIndexOf("</"));return _.Qi(c)};
uba=function(a,b,c){b=qba(b,c);b=document.createTreeWalker(b,5,g=>{if(g.nodeType===3)g=1;else if(sba(g))if(g=rba(g),g===null)g=2;else{var h=a.sh;g=g!=="FORM"&&(h.sh.has(g)||h.qh.has(g))?1:2}else g=2;return g});for(var d=b.nextNode(),e=c.createDocumentFragment(),f=e;d!==null;){let g;if(d.nodeType===3)a.wh&&f.nodeName==="STYLE"?(d=a.wh(d.data),g=a.createTextNode(d)):g=a.createTextNode(d.data);else if(sba(d))g=vba(a,d,c);else throw Error("");f.appendChild(g);if(d=b.firstChild())f=g;else for(;!(d=b.nextSibling())&&
(d=b.parentNode());)f=f.parentNode}return e};
vba=function(a,b,c){var d=rba(b);c=c.createElement(d);b=b.attributes;for(let {name:h,value:k}of b){var e=tba(a.sh,h,d),f;a:{if(f=e.conditions)for(let [m,p]of f){f=p;var g=b.getNamedItem(m)?.value;if(g&&!f.has(g)){f=!1;break a}}f=!0}if(f)switch(e.Pm){case 1:bj(c,h,k);break;case 2:throw Error();case 3:bj(c,h,k.toLowerCase());break;case 4:a.th?(e=a.th(k),bj(c,h,e)):bj(c,h,k);break;case 5:a.qh?(e={type:2,attributeName:h,BH:d},f=$i(k),(e=a.qh(f,e))&&bj(c,h,e.toString())):bj(c,h,k);break;case 6:if(a.qh){e=
{type:2,attributeName:h,BH:d};f=[];for(let m of k.split(",")){let [p,q]=m.trim().split(/\s+/,2);f.push({url:p,Yh:q})}g=f;f={fz:[]};for(let m of g)g=$i(m.url),(g=a.qh(g,e))&&f.fz.push({url:g.toString(),Yh:m.Yh});bj(c,h,wba(f))}else bj(c,h,k);break;case 7:e=k;if(a.rh){e={type:2,attributeName:h,BH:d};f=$i(k);e=a.rh(f,e);if(e===null)break;e=e.toString()}a:{g=void 0;f=e;try{g=new URL(f)}catch(m){f="https:";break a}f=g.protocol}e=f!==void 0&&xba.indexOf(f.toLowerCase())!==-1?e:"about:invalid#zClosurez";
bj(c,h,e)}}return c};bj=function(a,b,c){a.setAttribute(b,c)};wba=function(a){return a.fz.map(b=>{var c=b.Yh;return`${b.url}${c?` ${c}`:""}`}).join(" , ")};Aba=function(a){var b;if((b=a[yba])!=null)a=b;else{if(cj!==cj)throw Error();a=a[yba]=zba(a.qh)}return a};_.lj=function(a){if(a[dj])return a[dj];var b=new Map,c=Aba(a);for(let e of _.zg(c,ej,2)){c=_.Ig(e,2);var d=e.getName();b.set(d,c);d=Faa(_.F(e,kj,3));d=_.ff(_.Pf(d,1));d!==void 0&&b.set(d,c)}return a[dj]=b};
Bba=function(a){if(a[mj])return a[mj];var b=new Map,c=Aba(a);for(let e of _.zg(c,ej,2)){c=_.Ig(e,2);var d=Faa(_.F(e,kj,3));d=_.ff(_.Pf(d,1))??e.getName();let f=b.get(c);f||(f=[],b.set(c,f));f.push(d)}return a[mj]=b};_.nj=function(a){return a[Cba]??(a[Cba]=new Map([...Bba(a).entries()].map(([b,c])=>[b,_.la(c,"at").call(c,-1)])))};_.Eba=function(a){(0,_.Dba)(a);(0,_.wf)(a);return(0,_.wf)(a)?Number(a):String(a)};Fba=function(a){return a==="+"?"-":"_"};_.oj=function(a,b){return _.Gba(a,1,b)};
_.Gba=function(a,b,c){var {[fba]:d,[gba]:e}=c;c=_.fi(Hba,void 0,aba,cba,d);c.messageType??(c.messageType=e);var f=pj(a);a=Array(768);c=Iba(f,c,b,a,0);if(b===0||!c)return a.join("");a.shift();return a.join("").replace(Jba,"%27")};
Iba=function(a,b,c,d,e){var f=(a[_.Bd]|0)&64?a:_.Ef(a,b.Zp),g=f[_.Bd]|0;$aa(b,(h,k)=>{var m=_.Of(f,h,_.be(g));if(m!=null)if(k.isMap&&m instanceof Map)m.forEach((p,q)=>{e=qj(c,h,k,[q,p],d,e)});else if(k.gw)for(let p=0;p<m.length;++p)e=qj(c,h,k,m[p],d,e);else e=qj(c,h,k,m,d,e)});return e};
qj=function(a,b,c,d,e,f){e[f++]=a===0?"!":"&";e[f++]=b;if(c.fC instanceof ai||c.fC instanceof _.rj)b=pj(d),d=c.pQ??(c.pQ=_.fi(Hba,void 0,aba,cba,c.oQ)),e[f++]="m",e[f++]=0,c=f,f=Iba(pj(b),d,a,e,f),e[c-1]=f-c>>2;else{c=c.fC;b=c.Bm;if(c instanceof _.sj)if(a===1)d=encodeURIComponent(String(d));else{a=typeof d==="string"?d:`${d}`;Kba.test(a)?d=!1:(d=encodeURIComponent(a).replace(/%20/g,"+"),c=d.match(/%[89AB]/gi),c=a.length+(c?c.length:0),d=4*Math.ceil(c/3)-(3-c%3)%3<d.length);d&&(b="z");if(b==="z"){d=
[];c=0;for(let g=0;g<a.length;g++){let h=a.charCodeAt(g);h<128?d[c++]=h:(h<2048?d[c++]=h>>6|192:((h&64512)==55296&&g+1<a.length&&(a.charCodeAt(g+1)&64512)==56320?(h=65536+((h&1023)<<10)+(a.charCodeAt(++g)&1023),d[c++]=h>>18|240,d[c++]=h>>12&63|128):d[c++]=h>>12|224,d[c++]=h>>6&63|128),d[c++]=h&63|128)}a=_.Jc(d,4)}else a.indexOf("*")!==-1&&(a=a.replace(Lba,"*2A")),a.indexOf("!")!==-1&&(a=a.replace(Mba,"*21"));d=a}else{a=d;if(!(c instanceof _.tj||c instanceof _.uj))if(c instanceof _.vj)a=a?1:0;else if(c instanceof
_.sj)a=String(a);else if(c instanceof _.wj){a instanceof _.Yc||a==null||a instanceof _.Yc||(a=typeof a==="string"?a?new _.Yc(a,_.Zc):_.ad():void 0);if(a==null)throw Error();a=dd(a).replace(Nba,Fba).replace(Oba,"")}else a=c instanceof _.xj||c instanceof _.yj?_.Ne(a):c instanceof _.zj||c instanceof _.Aj||c instanceof _.Bj||c instanceof _.Cj?_.Le(a):c instanceof _.Dj||c instanceof _.Ej||c instanceof Pba?_.Ze(a):c instanceof _.Fj||c instanceof _.Gj?_.bf(a):a;d=a}e[f++]=b;e[f++]=d}return f};
pj=function(a){if(a instanceof _.J)return a.Ni;if(a instanceof Map)return[...a];if(Array.isArray(a))return a;throw Error();};Qba=function(a){switch(a){case 200:return 0;case 400:return 3;case 401:return 16;case 403:return 7;case 404:return 5;case 409:return 10;case 412:return 9;case 429:return 8;case 499:return 1;case 500:return 2;case 501:return 12;case 503:return 14;case 504:return 4;default:return 2}};
Rba=function(a){switch(a){case 0:return 200;case 3:case 11:return 400;case 16:return 401;case 7:return 403;case 5:return 404;case 6:case 10:return 409;case 9:return 412;case 8:return 429;case 1:return 499;case 15:case 13:case 2:return 500;case 12:return 501;case 14:return 503;case 4:return 504;default:return 0}};
_.Hj=function(a){switch(a){case 0:return"OK";case 1:return"CANCELLED";case 2:return"UNKNOWN";case 3:return"INVALID_ARGUMENT";case 4:return"DEADLINE_EXCEEDED";case 5:return"NOT_FOUND";case 6:return"ALREADY_EXISTS";case 7:return"PERMISSION_DENIED";case 16:return"UNAUTHENTICATED";case 8:return"RESOURCE_EXHAUSTED";case 9:return"FAILED_PRECONDITION";case 10:return"ABORTED";case 11:return"OUT_OF_RANGE";case 12:return"UNIMPLEMENTED";case 13:return"INTERNAL";case 14:return"UNAVAILABLE";case 15:return"DATA_LOSS";
default:return""}};_.Ij=function(){this.Lh=this.Lh;this.Jh=this.Jh};_.Jj=function(a,b){this.type=a;this.currentTarget=this.target=b;this.defaultPrevented=this.rh=!1};
_.Kj=function(a,b){_.Jj.call(this,a?a.type:"");this.relatedTarget=this.currentTarget=this.target=null;this.button=this.screenY=this.screenX=this.clientY=this.clientX=this.offsetY=this.offsetX=0;this.key="";this.charCode=this.keyCode=0;this.metaKey=this.shiftKey=this.altKey=this.ctrlKey=!1;this.state=null;this.pointerId=0;this.pointerType="";this.timeStamp=0;this.qh=null;a&&this.init(a,b)};_.Lj=function(a){return!(!a||!a[Sba])};
Uba=function(a,b,c,d,e){this.listener=a;this.proxy=null;this.src=b;this.type=c;this.capture=!!d;this.handler=e;this.key=++Tba;this.nq=this.kA=!1};Mj=function(a){a.nq=!0;a.listener=null;a.proxy=null;a.src=null;a.handler=null};Nj=function(a){this.src=a;this.bi={};this.qh=0};Oj=function(a,b){var c=b.type;if(!(c in a.bi))return!1;var d=_.Bc(a.bi[c],b);d&&(Mj(b),a.bi[c].length==0&&(delete a.bi[c],a.qh--));return d};
_.Vba=function(a){var b=0;for(let c in a.bi){let d=a.bi[c];for(let e=0;e<d.length;e++)++b,Mj(d[e]);delete a.bi[c];a.qh--}};Pj=function(a,b,c,d){for(let e=0;e<a.length;++e){let f=a[e];if(!f.nq&&f.listener==b&&f.capture==!!c&&f.handler==d)return e}return-1};_.Rj=function(a,b,c,d,e){if(d&&d.once)return _.Qj(a,b,c,d,e);if(Array.isArray(b)){for(let f=0;f<b.length;f++)_.Rj(a,b[f],c,d,e);return null}c=Sj(c);return _.Lj(a)?_.Tj(a,b,c,_.$a(d)?!!d.capture:!!d,e):Wba(a,b,c,!1,d,e)};
Wba=function(a,b,c,d,e,f){if(!b)throw Error("Invalid event type");var g=_.$a(e)?!!e.capture:!!e,h=_.Uj(a);h||(a[Vj]=h=new Nj(a));c=h.add(b,c,d,g,f);if(c.proxy)return c;d=Xba();c.proxy=d;d.src=a;d.listener=c;if(a.addEventListener)e===void 0&&(e=!1),a.addEventListener(b.toString(),d,e);else if(a.attachEvent)a.attachEvent(Yba(b.toString()),d);else if(a.addListener&&a.removeListener)a.addListener(d);else throw Error("addEventListener and attachEvent are unavailable.");Zba++;return c};
Xba=function(){function a(c){return b.call(a.src,a.listener,c)}var b=$ba;return a};_.Qj=function(a,b,c,d,e){if(Array.isArray(b)){for(let f=0;f<b.length;f++)_.Qj(a,b[f],c,d,e);return null}c=Sj(c);return _.Lj(a)?a.Mp.add(String(b),c,!0,_.$a(d)?!!d.capture:!!d,e):Wba(a,b,c,!0,d,e)};
aca=function(a,b,c,d,e){if(Array.isArray(b))for(let f=0;f<b.length;f++)aca(a,b[f],c,d,e);else(d=_.$a(d)?!!d.capture:!!d,c=Sj(c),_.Lj(a))?a.Mp.remove(String(b),c,d,e):a&&(a=_.Uj(a))&&(b=a.bi[b.toString()],a=-1,b&&(a=Pj(b,c,d,e)),(c=a>-1?b[a]:null)&&_.Wj(c))};
_.Wj=function(a){if(typeof a==="number"||!a||a.nq)return!1;var b=a.src;if(_.Lj(b))return Oj(b.Mp,a);var c=a.type,d=a.proxy;b.removeEventListener?b.removeEventListener(c,d,a.capture):b.detachEvent?b.detachEvent(Yba(c),d):b.addListener&&b.removeListener&&b.removeListener(d);Zba--;(c=_.Uj(b))?(Oj(c,a),c.qh==0&&(c.src=null,b[Vj]=null)):Mj(a);return!0};Yba=function(a){return a in Xj?Xj[a]:Xj[a]="on"+a};
$ba=function(a,b){if(a.nq)a=!0;else{b=new _.Kj(b,this);let c=a.listener,d=a.handler||a.src;a.kA&&_.Wj(a);a=c.call(d,b)}return a};_.Uj=function(a){a=a[Vj];return a instanceof Nj?a:null};Sj=function(a){if(typeof a==="function")return a;a[Yj]||(a[Yj]=function(b){return a.handleEvent(b)});return a[Yj]};
bca=function(a){switch(a){case 0:return"No Error";case 1:return"Access denied to content document";case 2:return"File not found";case 3:return"Firefox silently errored";case 4:return"Application custom error";case 5:return"An exception occurred";case 6:return"Http response at 400 or 500 level";case 7:return"Request was aborted";case 8:return"Request timed out";case 9:return"The resource is not available offline";default:return"Unrecognized error code"}};
_.Zj=function(a){if(a.Lm&&typeof a.Lm=="function")return a.Lm();if(typeof Map!=="undefined"&&a instanceof Map||typeof Set!=="undefined"&&a instanceof Set)return Array.from(a.values());if(typeof a==="string")return a.split("");if(_.Za(a)){let b=[],c=a.length;for(let d=0;d<c;d++)b.push(a[d]);return b}return _.Ei(a)};
_.dk=function(a){if(a.Ls&&typeof a.Ls=="function")return a.Ls();if(!a.Lm||typeof a.Lm!="function"){if(typeof Map!=="undefined"&&a instanceof Map)return Array.from(a.keys());if(!(typeof Set!=="undefined"&&a instanceof Set)){if(_.Za(a)||typeof a==="string"){var b=[];a=a.length;for(var c=0;c<a;c++)b.push(c);return b}b=[];c=0;for(let d in a)b[c++]=d;return b}}};cca=function(a){var b="";_.Ci(a,function(c,d){b+=d;b+=":";b+=c;b+="\r\n"});return b};
_.ek=function(){_.Ij.call(this);this.Mp=new Nj(this);this.vv=this;this.Xj=null};_.Tj=function(a,b,c,d,e){return a.Mp.add(String(b),c,!1,d,e)};fk=function(a,b,c,d){b=a.Mp.bi[String(b)];if(!b)return!0;b=b.concat();var e=!0;for(let f=0;f<b.length;++f){let g=b[f];if(g&&!g.nq&&g.capture==c){let h=g.listener,k=g.handler||g.src;g.kA&&Oj(a.Mp,g);e=h.call(k,d)!==!1&&e}}return e&&!d.defaultPrevented};_.dca=function(a){switch(a){case 200:case 201:case 202:case 204:case 206:case 304:case 1223:return!0;default:return!1}};
eca=function(){};gk=function(){};_.hk=function(a){_.ek.call(this);this.headers=new Map;this.Ih=a||null;this.rh=!1;this.qh=null;this.Ah="";this.sh=0;this.xh="";this.wh=this.Gh=this.Dh=this.Fh=!1;this.Bh=0;this.th=null;this.Eh="";this.zh=!1};gca=function(a,b){a.rh=!1;a.qh&&(a.wh=!0,a.qh.abort(),a.wh=!1);a.xh=b;a.sh=5;fca(a);ik(a)};fca=function(a){a.Fh||(a.Fh=!0,a.dispatchEvent("complete"),a.dispatchEvent("error"))};
hca=function(a){if(a.rh&&typeof jk!="undefined")if(a.Dh&&_.kk(a)==4)setTimeout(a.kJ.bind(a),0);else if(a.dispatchEvent("readystatechange"),a.Nm()){a.getStatus();a.rh=!1;try{if(_.lk(a))a.dispatchEvent("complete"),a.dispatchEvent("success");else{a.sh=6;try{var b=_.kk(a)>2?a.qh.statusText:""}catch(c){b=""}a.xh=b+" ["+a.getStatus()+"]";fca(a)}}finally{ik(a)}}};ik=function(a,b){if(a.qh){a.th&&(clearTimeout(a.th),a.th=null);let c=a.qh;a.qh=null;b||a.dispatchEvent("ready");try{c.onreadystatechange=null}catch(d){}}};
_.lk=function(a){var b=a.getStatus(),c;if(!(c=_.dca(b))){if(b=b===0)a=_.Xi(1,String(a.Ah)),!a&&_.Xa.self&&_.Xa.self.location&&(a=_.Xa.self.location.protocol.slice(0,-1)),b=!ica.test(a?a.toLowerCase():"");c=b}return c};_.kk=function(a){return a.qh?a.qh.readyState:0};_.mk=function(a){try{if(!a.qh)return null;if("response"in a.qh)return a.qh.response;switch(a.Eh){case "":case "text":return a.qh.responseText;case "arraybuffer":if("mozResponseArrayBuffer"in a.qh)return a.qh.mozResponseArrayBuffer}return null}catch(b){return null}};
jca=function(a){var b={};a=a.getAllResponseHeaders().split("\r\n");for(let d=0;d<a.length;d++){if(/^[\s\xa0]*$/.test(a[d]))continue;var c=pba(a[d]);let e=c[0];c=c[1];if(typeof c!=="string")continue;c=c.trim();let f=b[e]||[];b[e]=f;f.push(c)}return iba(b,function(d){return d.join(", ")})};kca=function(a){return typeof a.xh==="string"?a.xh:String(a.xh)};_.mca=function(a,b,c={}){return new lca(b,a,c)};oca=function(a,b={}){return new nca(a,b)};
rca=function(a){a.xh.fp("data",b=>{if("1"in b){var c=b["1"];let d;try{d=a.yh(c)}catch(e){nk(a,new _.ok(13,`Error when deserializing response data; error: ${e}, response: ${c}`))}d&&pca(a,d)}if("2"in b)for(b=qca(a,b["2"]),c=0;c<a.wh.length;c++)a.wh[c](b)});a.xh.fp("end",()=>{pk(a,qk(a));for(let b=0;b<a.sh.length;b++)a.sh[b]()});a.xh.fp("error",()=>{if(a.qh.length!==0){var b=a.ij.sh;b!==0||_.lk(a.ij)||(b=6);var c=-1;switch(b){case 0:var d=2;break;case 7:d=10;break;case 8:d=4;break;case 6:c=a.ij.getStatus();
d=Qba(c);break;default:d=14}pk(a,qk(a));b=bca(b)+", error: "+kca(a.ij);c!==-1&&(b+=`, http status code: ${c}`);nk(a,new _.ok(d,b))}})};nk=function(a,b){for(let c=0;c<a.qh.length;c++)a.qh[c](b)};pk=function(a,b){for(let c=0;c<a.th.length;c++)a.th[c](b)};qk=function(a){var b={},c=jca(a.ij);Object.keys(c).forEach(d=>{b[d]=c[d]});return b};pca=function(a,b){for(let c=0;c<a.rh.length;c++)a.rh[c](b)};
qca=function(a,b){var c=2,d={};try{let f;f=sca(b);c=_.Ig(f,1);var e=f.getMessage();_.Ag(f,tca,3).length&&(d["grpc-web-status-details-bin"]=b)}catch(f){a.ij&&a.ij.getStatus()===404?(c=5,e="Not Found: "+String(a.ij.Ah)):(c=14,e=`Unable to parse RpcStatus: ${f}`)}return{code:c,details:e,metadata:d}};
vca=function(a,b){var c=new uca;_.Rj(a.ij,"complete",()=>{if(_.lk(a.ij)){var d=a.ij.Lr();var e;if(e=b)e=a.ij,e.qh&&e.Nm()?(e=e.qh.getResponseHeader("Content-Type"),e=e===null?void 0:e):e=void 0,e=e==="text/plain";if(e){if(!atob)throw Error("Cannot decode Base64 response");d=atob(d)}try{var f=a.yh(d)}catch(h){nk(a,rk(new _.ok(13,`Error when deserializing response data; error: ${h}, response: ${d}`),c));return}d=Qba(a.ij.getStatus());pk(a,qk(a));d===0?pca(a,f):nk(a,rk(new _.ok(d,"Xhr succeeded but the status code is not 200"),
c))}else{d=a.ij.Lr();f=qk(a);if(d){var g=qca(a,d);d=g.code;e=g.details;g=g.metadata}else d=2,e=`Rpc failed due to xhr error. uri: ${String(a.ij.Ah)}, error code: ${a.ij.sh}, error: ${kca(a.ij)}`,g=f;pk(a,f);nk(a,rk(new _.ok(d,e,g),c))}})};sk=function(a,b){b=a.indexOf(b);b>-1&&a.splice(b,1)};rk=function(a,b){b.stack&&(a.stack+="\n"+b.stack);return a};tk=function(a){this.th=a.up||null;this.rh=a.lQ||!1;this.sh=a.UT||!1;if(this.rh&&this.sh)throw Error();};
uk=function(a,b,c){_.ek.call(this);this.Ih=a;this.xh=b;this.Bh=c||!1;this.Ah=void 0;this.status=this.readyState=0;this.responseType=this.responseText=this.response=this.statusText="";this.onreadystatechange=null;this.Fh=new Headers;this.sh=null;this.Gh="GET";this.th="";this.qh=!1;this.Dh=this.wh=this.zh=null;this.Eh=new AbortController;this.rh=void 0};wca=function(a){a.wh.read().then(a.wN.bind(a)).catch(a.UA.bind(a))};wk=function(a){a.readyState=4;a.zh=null;a.wh=null;a.Dh=null;vk(a)};
vk=function(a){a.onreadystatechange&&a.onreadystatechange.call(a)};_.xk=function(a){_.Ij.call(this);this.wh=a;this.qh={}};_.yk=function(a,b,c,d,e,f){Array.isArray(c)||(c&&(xca[0]=c.toString()),c=xca);for(let g=0;g<c.length;g++){let h=_.Rj(b,c[g],d||a.handleEvent,e||!1,f||a.wh||a);if(!h)break;a.qh[h.key]=h}};_.zk=function(a){_.Ci(a.qh,function(b,c){this.qh.hasOwnProperty(c)&&_.Wj(b)},a);a.qh={}};
yca=function(a,b,c){a.sh=!1;throw Error("The stream is broken @"+a.rh+". Error: "+c+". With input:\n"+b);};Ak=function(){this.Ah=null;this.yh=[];this.wh=this.qh=this.th=this.rh=this.Dh=0;this.xh=null;this.zh=0};Bk=function(a,b,c,d){a.rh=3;a.Ah="The stream is broken @"+a.Dh+"/"+c+". Error: "+d+". With input:\n"+b;throw Error(a.Ah);};Ck=function(){this.qh=null;this.rh=0;this.th=new zca;this.wh=new Ak};
Aca=function(a,b,c){a.qh="The stream is broken @"+a.rh+". Error: "+c+". With input:\n"+b;throw Error(a.qh);};Dk=function(a){return a=="\r"||a=="\n"||a==" "||a=="\t"};Ek=function(a){this.Dh=null;this.xh=[];this.wh="";this.Fh=[];this.th=this.rh=0;this.yh=!1;this.Ah=0;this.Gh=/[\\"]/g;this.qh=this.zh=0;this.Eh=!(!a||!a.rM)};Fk=function(a,b,c){a.zh=3;a.Dh="The stream is broken @"+a.th+"/"+c+". With input:\n"+b;throw Error(a.Dh);};
Gk=function(){this.xh=this.th=null;this.rh=this.qh=0;this.wh=[];this.yh=!1};Bca=function(a){var b=a.qh?a.qh.getResponseHeader("Content-Type"):null;if(!b)return null;b=b.toLowerCase();return b.startsWith("application/json")?b.startsWith("application/json+protobuf")?new Gk:new Ek:b.startsWith("application/x-protobuf")?(a=a.qh?a.qh.getResponseHeader("Content-Transfer-Encoding"):null)?a.toLowerCase()=="base64"?new Ck:null:new Ak:null};Hk=function(a,b){a.wh!=b&&(a.wh=b,a.yh&&a.yh())};
Kk=function(a){_.zk(a.zh);if(a.qh){let b=a.qh;a.qh=null;b.abort();b.dispose()}};Cca=function(a,b){for(let c=0;c<a.length;c++){let d=a[c];b.forEach(function(e){try{e(d)}catch(f){}})}};Lk=function(a,b){var c=a.rh[b];c&&c.forEach(function(d){try{d()}catch(e){}});(c=a.qh[b])&&c.forEach(function(d){d()});a.qh[b]=[]};Dca=function(a,b){return b.reduce((c,d)=>e=>d.intercept(e,c),a)};
Hca=function(a,b,c){var d=b.bJ,e=b.getMetadata(),f=_.Eca(a,!0);a=_.Fca(a,e,f,c+d.getName());c=_.Gca(f,d.qh,!1);vca(c,e["X-Goog-Encode-Response-If-Executable"]==="base64");b=d.rh(b.hF);f.send(a,"POST",b);return c};_.Eca=function(a,b){b=a.sh&&!b;return a.cG||b?(a=new tk({up:a.cG,lQ:b}),new _.hk(a)):new _.hk};
_.Fca=function(a,b,c,d){b["Content-Type"]="application/json+protobuf";b["X-User-Agent"]="grpc-web-javascript/0.1";var e=b.Authorization;if(e&&Ica.has(e.split(" ")[0])||a.withCredentials)c.zh=!0;if(a.GF)a=d,_.Fi(b)?d=a:(b=cca(b),typeof a==="string"?d=_.Yi(a,_.Vi("$httpHeaders"),b):(a.dv("$httpHeaders",b),d=a));else for(let f of Object.keys(b))c.headers.set(f,b[f]);return d};_.Gca=function(a,b,c){if(c){a.isActive();c=new Jca(a);var d=new Kca(c)}return new Lca({ij:a,NO:d},b)};
_.Mk=function(a){return _.I(a,10)};_.Mca=function(a){return _.I(a,19)};_.Nk=function(a){return _.I(a,1)};Nca=function(a){return _.Jg(a,1)};_.Ok=function(a){return _.F(a,Oca,4)};_.Pk=function(a){a=a??"FOLLOW_SYSTEM";return a==="DARK"||a==="FOLLOW_SYSTEM"&&Pca.matches};_.Qk=function(a){return a*Math.PI/180};_.Rk=function(a){return a*180/Math.PI};
Rca=function(a,b){_.Ci(b,function(c,d){d=="style"?a.style.cssText=c:d=="class"?a.className=c:d=="for"?a.htmlFor=c:Qca.hasOwnProperty(d)?a.setAttribute(Qca[d],c):_.Fb(d,"aria-")||_.Fb(d,"data-")?a.setAttribute(d,c):a[d]=c})};_.Tca=function(a,b,c){var d=arguments,e=document,f=d[1],g=Sk(e,String(d[0]));f&&(typeof f==="string"?g.className=f:Array.isArray(f)?g.className=f.join(" "):Rca(g,f));d.length>2&&Sca(e,g,d,2);return g};
Sca=function(a,b,c,d){function e(f){f&&b.appendChild(typeof f==="string"?a.createTextNode(f):f)}for(;d<c.length;d++){let f=c[d];!_.Za(f)||_.$a(f)&&f.nodeType>0?e(f):_.wc(f&&typeof f.length=="number"&&typeof f.item=="function"?_.Ec(f):f,e)}};_.Tk=function(a){return Sk(document,a)};Sk=function(a,b){b=String(b);a.contentType==="application/xhtml+xml"&&(b=b.toLowerCase());return a.createElement(b)};_.Uk=function(a,b){b.parentNode&&b.parentNode.insertBefore(a,b.nextSibling)};
_.Vk=function(a){a&&a.parentNode&&a.parentNode.removeChild(a)};_.Wk=function(a,b){return a&&b?a==b||a.contains(b):!1};_.Xk=function(a){return a.nodeType==9?a:a.ownerDocument||a.document};_.Yk=function(a){this.qh=a||_.Xa.document||document};_.$k=function(a){a=_.Zk(a);return _.Qi(a)};_.al=function(a){a=_.Zk(a);return _.Ji(a)};_.Zk=function(a){return a===null?"null":a===void 0?"undefined":a};
Uca=function(a,b,c,d){var e=a.head;a=(new _.Yk(a)).createElement("SCRIPT");a.type="text/javascript";a.charset="UTF-8";a.async=!1;a.defer=!1;c&&(a.onerror=c);d&&(a.onload=d);a.src=_.Ki(b);_.oba(a);e.appendChild(a)};Vca=function(a,b){var c="";for(let d of a)d.length&&d[0]==="/"?c=d:(c&&c[c.length-1]!=="/"&&(c+="/"),c+=d);return c+"."+b};Wca=function(a,b){a.xh[b]=a.xh[b]||{qM:!a.Ah};return a.xh[b]};
Zca=function(a,b){var c=Wca(a,b),d=c.GO;if(d&&c.qM&&(delete a.xh[b],!a.qh[b])){var e=a.yh;bl(a.sh,f=>{var g=f.qh[b]||[],h=e[b]=Xca(g.length,()=>{delete e[b];d(f.rh);a.wh&&a.wh(b);a.zh.delete(b);Yca(a,b)});for(let k of g)a.qh[k]&&h()})}};
Yca=function(a,b){bl(a.sh,c=>{c=c.th[b]||[];var d=a.qh[b];if(!d){var e=Error(`Loader.provide not called by module '${b}'`);a.th[b]=e}var f=a.rh[b];delete a.rh[b];var g=f?f.length:0;for(let h=0;h<g;++h)try{d?f[h].Qi(d):f[h].Co?.(e)}catch(k){setTimeout(()=>{throw k;})}if(d)for(let h of c)a.yh[h]&&a.yh[h]();else a.Gs?.(b,new ErrorEvent("error",{message:e.message,error:e}))})};
$ca=function(a,b){a.requestedModules[b]||(a.requestedModules[b]=!0,bl(a.sh,c=>{var d=c.qh[b],e=d?d.length:0;for(let f=0;f<e;++f){let g=d[f];a.qh[g]||$ca(a,g)}c.sh.OA(b,f=>{var g=f&&f.error||Error(`Could not load "${b}".`);a.th[b]=g;var h=a.rh[b]||[];for(let k of h)(h=k.Co)&&h(g);delete a.rh[b];a.Gs?.(b,f)},()=>{a.zh.has(b)||Yca(a,b)})}))};ada=function(a,b,c,d){a.qh[b]?c(a.qh[b]):a.th[b]?d?.(a.th[b]):((a.rh[b]=a.rh[b]||[]).push({Qi:c,Co:d}),$ca(a,b))};bl=function(a,b){a.config?b(a.config):a.qh.push(b)};
Xca=function(a,b){if(a)return()=>{--a||b()};b();return()=>{}};_.dl=function(a){return new Promise((b,c)=>{ada(cl.getInstance(),`${a}`,d=>{b(d)},c)})};_.el=function(a,b){var c=cl.getInstance();a=`${a}`;if(c.qh[a])throw Error(`Module ${a} has been provided more than once.`);c.qh[a]=b};_.hl=function(){var a=_.fl,b;(b=!a)||(b=a.rh(),b=!_.Hg(b,18));if(b)return!1;b=_.Mca(a.rh());if(!b||!b.startsWith("http"))return!1;a=_.Mg(a,44,1);return gl===void 0?!1:gl<a};
_.jl=async function(a,b){try{if(_.il?0:_.hl())return(await _.dl("log")).Jw.bu(a,b)}catch(c){}return null};_.kl=async function(a,b,c){if((_.il?0:_.hl())&&a)try{let d=await a;d&&(await _.dl("log")).Jw.Wn(d,b,c)}catch(d){}};_.ll=async function(a){if((_.il?0:_.hl())&&a)try{let b=await a;b&&(await _.dl("log")).Jw.du(b)}catch(b){}};_.ml=function(){var a;return function(){var b=performance.now();if(a&&b-a<6E4)return!0;a=b;return!1}};
_.M=async function(a,b,c={}){if(_.hl()||c&&c.force100PercentSampledLog===!0)try{(await _.dl("log")).IH.xh(a,b,c)}catch(d){}};bda=async function(){return(await _.dl("log")).JJ};_.nl=function(){};_.ol=function(a){return a};_.pl=function(a){var b=!1,c;return function(){b||(c=a(),b=!0);return c}};ql=function(){};
dda=function(a){if(a instanceof rl||a instanceof cda||a instanceof sl)return a;if(typeof a.next=="function")return new rl(()=>a);if(typeof a[Symbol.iterator]=="function")return new rl(()=>a[Symbol.iterator]());if(typeof a.Ax=="function")return new rl(()=>a.Ax());throw Error("Not an iterator or iterable.");};eda=function(){};_.tl=function(){};_.xl=function(a){this.qh=a;this.rh=null};_.yl=function(a){if(a.qh==null)throw Error("Storage mechanism: Storage unavailable");a.isAvailable()||_.Cb(Error("Storage mechanism: Storage unavailable"))};
fda=function(){var a=null;try{a=_.Xa.sessionStorage||null}catch(b){}_.xl.call(this,a)};_.zl=function(a){return a?a.length:0};_.Bl=function(a,b){b&&_.Al(b,c=>{a[c]=b[c]})};_.Cl=function(a,b,c){b!=null&&(a=Math.max(a,b));c!=null&&(a=Math.min(a,c));return a};_.Dl=function(a,b,c){a>=b&&a<c||(c-=b,a=((a-b)%c+c)%c+b);return a};_.El=function(a,b,c){return Math.abs(a-b)<=(c||1E-9)};_.Fl=function(a){return typeof a==="number"};_.Gl=function(a){return typeof a==="object"};
_.Hl=function(a,b){return a==null?b:a};_.Il=function(a){return typeof a==="string"};_.Jl=function(a){return a===!!a};_.Al=function(a,b){if(a)for(let c in a)a.hasOwnProperty(c)&&b(c,a[c])};_.Kl=function(a,b){a&&_.gda(a,c=>b===c)};_.gda=function(a,b,c){if(a){var d=0;c=c||_.zl(a);for(let e=0,f=_.zl(a);e<f&&(b(a[e])&&(a.splice(e--,1),d++),d!==c);++e);}};_.Ll=function(a){return`${Math.round(a)}px`};Ml=function(a,b){if(Object.prototype.hasOwnProperty.call(a,b))return a[b]};
_.Nl=function(...a){_.Xa.console&&_.Xa.console.error&&_.Xa.console.error(...a)};_.Ol=function(a){for(let [b,c]of Object.entries(a)){let d=b;c===void 0&&delete a[d]}};_.Pl=function(a,b){for(let c of b)b=Reflect.get(a,c),Object.defineProperty(a,c,{value:b,enumerable:!1})};
_.hda=function(a){if(Ql[a])return Ql[a];var b=Math.ceil(a.length/6),c="";for(let d=0;d<a.length;d+=b){let e=0;for(let f=d;f-d<b&&f<a.length;f++)e+=a.charCodeAt(f);e%=52;c+=e<26?String.fromCharCode(65+e):String.fromCharCode(71+e)}return Ql[a]=c};_.Rl=function(a){try{return(new fda).get(a)??null}catch(b){return null}};
ida=function(a){if(a&&a.prototype)for(let b of Object.getOwnPropertyNames(a.prototype)){let c=Object.getOwnPropertyDescriptor(a.prototype,b);c&&Object.defineProperty(a.prototype,b,{...c,enumerable:!0})}};
_.Sl=function(a){if(a&&a.prototype){var b=(c,d)=>{var e=a.prototype.Rk;if(typeof e==="function")return e.apply(c,d);throw Error("you must define a constructor_");};Object.defineProperty(a,"call",{value(c,...d){return this!==a?Function.prototype.call.apply(this,[c,...d]):b(c,d)},enumerable:!1,writable:!0,configurable:!0});Object.defineProperty(a,"apply",{value(c,d){return this!==a?Function.prototype.apply.apply(this,[c,d]):b(c,d)},enumerable:!1,writable:!0,configurable:!0});Object.defineProperty(a,
"bind",{value(c,...d){function e(...g){g=d.concat(g);return this instanceof e?new f(...g):b(c,g)}if(this!==a)return Function.prototype.bind.apply(this,[c,...d]);var f=this;f.prototype&&(e.prototype=f.prototype);return e},enumerable:!1,writable:!0,configurable:!0});ida(a)}};_.Tl=function(a){try{return new URL(a.startsWith("//")?`https:${a}`:a)}catch(b){return null}};
_.Wl=function(a,b){var c="";if(b!=null){if(!Ul(b))return b instanceof Error?b:Error(String(b));c=": "+b.message}return Vl?new jda(a+c):new kda(a+c)};_.Xl=function(a){if(!Ul(a))throw a;_.Nl(a.name+": "+a.message)};Ul=function(a){return a instanceof jda||a instanceof kda};
_.Yl=function(a,b,c){var d=c?c+": ":"";return e=>{if(!e||typeof e!=="object")throw _.Wl(d+"not an Object");var f={};for(let g in e){if(!(b||g in a))throw _.Wl(`${d}unknown property ${g}`);f[g]=e[g]}for(let g in a)try{let h=a[g](f[g]);if(h!==void 0||Object.prototype.hasOwnProperty.call(e,g))f[g]=h}catch(h){throw _.Wl(`${d}in property ${g}`,h);}return f}};_.Zl=function(a){try{return typeof a==="object"&&a!=null&&!!("cloneNode"in a)}catch(b){return!1}};
_.$l=function(a,b,c){return c?d=>{if(d instanceof a)return d;try{return new a(d)}catch(e){throw _.Wl("when calling new "+b,e);}}:d=>{if(d instanceof a)return d;throw _.Wl("not an instance of "+b);}};_.am=function(a){return b=>{for(let c in a)if(a[c]===b)return b;throw _.Wl(`${b} is not an accepted value`);}};_.bm=function(a){return b=>{if(!Array.isArray(b))throw _.Wl("not an Array");return b.map((c,d)=>{try{return a(c)}catch(e){throw _.Wl(`at index ${d}`,e);}})}};
_.cm=function(a,b=0,c=!1){return d=>{if(d==null||typeof d[Symbol.iterator]!=="function")throw _.Wl("not iterable");if(typeof d==="string"&&!c)throw _.Wl("a string is not accepted");d=Array.from(d,(e,f)=>{try{return a(e)}catch(g){throw _.Wl(`at index ${f}`,g);}});if(b>0&&d.length<b){if(d.length===0)throw _.Wl("empty iterable");throw _.Wl(`must contain at least ${b} items`);}return d}};_.dm=function(a,b=""){return c=>{if(a(c))return c;throw _.Wl(b||`${c}`);}};
_.em=function(a,b=""){return c=>{if(a(c))return c;throw _.Wl(b||`${c}`);}};_.fm=function(a){return b=>{var c=[];for(let d=0,e=a.length;d<e;++d){let f=a[d];try{Vl=!1,(f.lC||f)(b)}catch(g){if(!Ul(g))throw g;c.push(g.message);continue}finally{Vl=!0}return(f.then||f)(b)}throw _.Wl(c.join("; and "));}};_.gm=function(a,b){return c=>b(a(c))};_.hm=function(a){return b=>b==null?b:a(b)};_.im=function(a){return b=>{if(b&&b[a]!=null)return b;throw _.Wl("no "+a+" property");}};
lda=function(a){if(a==null)return a;throw _.Wl("must be null or undefined");};mda=function(a){if(isNaN(a))throw _.Wl("NaN is not an accepted value");};_.om=function(a,b=0){return _.gm(_.nm,c=>{if(c>=a)return c;if(b>0&&c>=a-b)return a;throw _.Wl(`${c} is not greater than ${a}`);})};pm=function(a,b,c){try{return c()}catch(d){throw _.Wl(`${a}: \`${b}\` invalid`,d);}};qm=function(a,b,c){for(let d in a)if(!(d in b))throw _.Wl(`Unknown property '${d}' of ${c}`);};oda=function(){return nda||(nda=new rm)};
_.sm=function(a,b,c=!1){var d;a instanceof _.sm?d=a.toJSON():d=a;var e=NaN,f=NaN;if(!d||d.lat===void 0&&d.lng===void 0)e=d,f=b;else{arguments.length>2?console.warn("Expected 1 or 2 arguments in new LatLng() when the first argument is a LatLng instance or LatLngLiteral object, but got more than 2."):_.Jl(arguments[1])||arguments[1]==null||console.warn("Expected the second argument in new LatLng() to be boolean, null, or undefined when the first argument is a LatLng instance or LatLngLiteral object.");
try{pda(d),c=c||!!b,f=d.lng,e=d.lat}catch(g){_.Xl(g)}}e=Number(e);f=Number(f);c||(e=_.Cl(e,-90,90),f!=180&&(f=_.Dl(f,-180,180)));this.lat=function(){return e};this.lng=function(){return f}};_.tm=function(a){return _.Qk(a.lat())};_.um=function(a){return _.Qk(a.lng())};qda=function(a,b){b=Math.pow(10,b);return Math.round(a*b)/b};
_.xm=function(a){var b=a;_.vm(a)&&(b={lat:a.lat(),lng:a.lng()});try{let c=rda(b);return _.vm(a)?a:_.wm(c)}catch(c){throw _.Wl("not a LatLng or LatLngLiteral with finite coordinates",c);}};_.vm=function(a){return a instanceof _.sm};_.wm=function(a){try{if(_.vm(a))return a;let b=pda(a);return new _.sm(b.lat,b.lng)}catch(b){throw _.Wl("not a LatLng or LatLngLiteral",b);}};
Am=function(a){if(a instanceof ym)return a;try{return new _.zm(_.wm(a))}catch(b){}throw _.Wl("not a Geometry or LatLng or LatLngLiteral object");};_.Bm=function(a){sda.has(a)||(console.warn(a),sda.add(a))};_.Em=function(a){a=a||window.event;_.Cm(a);_.Dm(a)};_.Cm=function(a){a.stopPropagation()};_.Dm=function(a){a.preventDefault()};_.Fm=function(a){a.handled=!0};_.Hm=function(a,b,c){return new _.Gm(a,b,c,0)};_.Im=function(a,b){if(!a)return!1;b=(a=a.__e3_)&&a[b];return!!b&&!_.Fi(b)};
_.Jm=function(a){a&&a.remove()};_.Lm=function(a,b){_.Al(Km(a,b),(c,d)=>{d&&d.remove()})};_.Mm=function(a){_.Al(Km(a),(b,c)=>{c&&c.remove()})};tda=function(a){if("__e3_"in a)throw Error("setUpNonEnumerableEventListening() was invoked after an event was registered.");Object.defineProperty(a,"__e3_",{value:{}})};_.Nm=function(a,b,c,d,e){var f=d?4:1;a.addEventListener&&(d={capture:!!d},typeof e==="boolean"?d.passive=e:uda.has(b)&&(d.passive=!1),a.addEventListener(b,c,d));return new _.Gm(a,b,c,f)};
_.Om=function(a,b,c,d){var e=_.Nm(a,b,function(){e.remove();return c.apply(this,arguments)},d);return e};_.Pm=function(a,b,c,d){return _.Hm(a,b,(0,_.pb)(d,c))};_.Qm=function(a,b,c){var d=_.Hm(a,b,function(){d.remove();return c.apply(this,arguments)});return d};_.Rm=function(a,b,c){b=_.Hm(a,b,c);c.call(a);return b};_.Sm=function(a,b,c){return _.Hm(a,b,_.vda(b,c))};_.Tm=function(a,b,...c){if(_.Im(a,b)){a=Km(a,b);for(let d of Object.keys(a))(b=a[d])&&b.handler.apply(b.instance,c)}};
wda=function(a,b){a.__e3_||(a.__e3_={});a=a.__e3_;a[b]||(a[b]={});return a[b]};Km=function(a,b){a=a.__e3_||{};if(b)b=a[b]||{};else{b={};for(let c of Object.values(a))_.Bl(b,c)}return b};_.vda=function(a,b,c){return function(d){var e=[b,a,...arguments];_.Tm.apply(this,e);c&&_.Fm.apply(null,arguments)}};_.Um=function(a){return""+(_.$a(a)?_.kb(a):a)};_.Vm=function(){};
Xm=function(a,b){var c=b+"_changed";if(a[c])a[c]();else a.changed(b);c=Wm(a,b);for(let d in c){let e=c[d];Xm(e.lw,e.eq)}_.Tm(a,b.toLowerCase()+"_changed")};_.Ym=function(a){return xda[a]||(xda[a]=a.substring(0,1).toUpperCase()+a.substring(1))};Zm=function(a){a.gm_accessors_||(a.gm_accessors_={});return a.gm_accessors_};Wm=function(a,b){a.gm_bindings_||(a.gm_bindings_={});a.gm_bindings_.hasOwnProperty(b)||(a.gm_bindings_[b]={});return a.gm_bindings_[b]};
_.yda=function(a,b,c){function d(B){B=k(B);return _.wm({lat:B[1],lng:B[0]})}function e(B){return new _.$m(m(B))}function f(B){return new _.an(q(B))}function g(B){if(B==null)throw _.Wl("is null");var L=String(B.type).toLowerCase(),O=B.coordinates;try{switch(L){case "point":return new _.zm(d(O));case "multipoint":return new _.bn(m(O));case "linestring":return e(O);case "multilinestring":return new _.cn(p(O));case "polygon":return f(O);case "multipolygon":return new _.dn(u(O))}}catch(U){throw _.Wl('in property "coordinates"',
U);}if(L==="geometrycollection")try{return new _.en(x(B.geometries))}catch(U){throw _.Wl('in property "geometries"',U);}throw _.Wl("invalid type");}function h(B){if(!B)throw _.Wl("not a Feature");if(B.type!=="Feature")throw _.Wl('type != "Feature"');var L=null;try{B.geometry&&(L=g(B.geometry))}catch(A){throw _.Wl('in property "geometry"',A);}var O=B.properties||{};if(!_.Gl(O))throw _.Wl("properties is not an Object");var U=c.idPropertyName;B=U?O[U]:B.id;if(B!=null&&!_.Fl(B)&&!_.Il(B))throw _.Wl(`${U||
"id"} is not a string or number`);return{id:B,geometry:L,properties:O}}if(!b)return[];c=c||{};var k=_.bm(_.nm),m=_.bm(d),p=_.bm(e),q=_.bm(function(B){B=m(B);if(!B.length)throw _.Wl("contains no elements");if(!B[0].equals(B[B.length-1]))throw _.Wl("first and last positions are not equal");return new _.fn(B.slice(0,-1))}),u=_.bm(f),x=_.bm(B=>g(B)),z=_.bm(B=>h(B));if(b.type==="FeatureCollection"){b=b.features;try{return z(b).map(B=>a.add(B))}catch(B){throw _.Wl('in property "features"',B);}}if(b.type===
"Feature")return[a.add(h(b))];throw _.Wl("not a Feature or FeatureCollection");};_.gn=function(){for(var a=Array(36),b=0,c,d=0;d<36;d++)d==8||d==13||d==18||d==23?a[d]="-":d==14?a[d]="4":(b<=2&&(b=33554432+Math.random()*16777216|0),c=b&15,b>>=4,a[d]=zda[d==19?c&3|8:c]);return a.join("")};_.hn=function(a){this.VP=this;this.__gm=a};
_.on=function(a){a=a.getDiv();var b=a.getRootNode();b instanceof ShadowRoot&&b===a.parentNode?(a=b.host,a=a instanceof HTMLElement&&a.localName==="gmp-map"?a:null):a=null;return a};_.pn=function(a,b){var c=b-a;return c>=0?c:b+180-(a-180)};_.qn=function(a){return a.lo>a.hi};_.rn=function(a){return a.hi-a.lo===360};sn=function(a,b){var c=a.lo,d=a.hi;return _.qn(a)?_.qn(b)?b.lo>=c&&b.hi<=d:(b.lo>=c||b.hi<=d)&&!a.isEmpty():_.qn(b)?_.rn(a)||b.isEmpty():b.lo>=c&&b.hi<=d};
_.un=function(a,b,c,d){return new _.tn(new _.sm(a,b,!0),new _.sm(c,d,!0))};_.vn=function(a){if(a instanceof _.tn)return a;try{let b=Ada(a);return _.un(b.south,b.west,b.north,b.east)}catch(b){throw _.Wl("not a LatLngBounds or LatLngBoundsLiteral",b);}};_.wn=function(a){return function(){return this.get(a)}};_.xn=function(a,b){return b?function(c){try{this.set(a,b(c))}catch(d){_.Xl(_.Wl("set"+_.Ym(a),d))}}:function(c){this.set(a,c)}};
_.yn=function(a,b){_.Al(b,(c,d)=>{var e=_.wn(c);a["get"+_.Ym(c)]=e;d&&(d=_.xn(c,d),a["set"+_.Ym(c)]=d)})};An=function(a){a=a||{};this.setValues(a);this.qh=new Bda;_.Sm(this.qh,"addfeature",this);_.Sm(this.qh,"removefeature",this);_.Sm(this.qh,"setgeometry",this);_.Sm(this.qh,"setproperty",this);_.Sm(this.qh,"removeproperty",this);this.rh=new Cda(this.qh);this.rh.bindTo("map",this);this.rh.bindTo("style",this);_.zn.forEach(b=>{_.Sm(this.rh,b,this)});this.sh=!1};
Dda=function(a){a.sh||(a.sh=!0,_.dl("drawing_impl").then(b=>{b.RN(a)}))};_.Cn=function(a){_.Bn&&a&&_.Bn.push(a)};
_.Dn=function(a){console.warn("google.maps.DirectionsRenderer is deprecated as of February 25th, 2026. At this time, google.maps.DirectionsRenderer is not scheduled to be discontinued. While google.maps.DirectionsRenderer will continue to receive bug fixes for any major regressions, existing bugs in google.maps.DirectionsRenderer will not be addressed. At least 12 months notice will be given before support is discontinued. Please see https://developers.google.com/maps/legacy for additional details and https://developers.google.com/maps/documentation/javascript/routes/routes-migrate-rendering for the migration guide.");this.setValues(a)};
Eda=function(a,b){var c=_.dl("elevation").then(d=>d.getElevationAlongPath(a,b,void 0));b&&c.catch(()=>{});return c};Fda=function(a,b){var c=_.dl("elevation").then(d=>d.getElevationForLocations(a,b,void 0));b&&c.catch(()=>{});return c};Hda=function(a,b){var c;Gda()||(c=_.jl(145570));var d=_.dl("geocoder").then(e=>e.geocode(a,b,c,void 0),()=>{c&&_.kl(c,13)});b&&d.catch(()=>{});return d};
Fn=function(a){if(a instanceof _.En)return a;try{let b=_.Yl({x:_.nm,y:_.nm},!0)(a);return new _.En(b.x,b.y)}catch(b){throw _.Wl("not a Point",b);}};_.Gn=function(a){return`${a.width}${a.rh||"px"}`};_.Hn=function(a){return`${a.height}${a.qh||"px"}`};Kn=function(a){if(a instanceof _.In)return a;try{var b=_.Yl({height:Jn,width:Jn},!0)(a)}catch(c){throw _.Wl("not a Size",c);}return new _.In(b.width,b.height)};Ln=function(a){return a?a.Zn instanceof _.Vm:!1};
Ida=function(a,b){a.th(b);a.rh<100&&(a.rh++,b.next=a.qh,a.qh=b)};Lda=function(){for(var a;a=Jda.remove();){try{a.Qv.call(a.scope)}catch(b){_.Cb(b)}Ida(Kda,a)}Mn=!1};Nda=function(a,b,c,d){d=d?{QG:!1}:null;var e=!a.bi.length,f=a.bi.find(Mda(b,c));f?f.once=f.once&&d:a.bi.push({Qv:b,context:c||null,once:d});e&&a.ft()};Mda=function(a,b){return c=>c.Qv===a&&c.context===(b||null)};_.On=function(a,b){return new _.Nn(a,b)};_.Pn=function(){this.__gm=new _.Vm;this.rh=null};
Oda=function(a){a.__gm||(a.__gm={set:null,aB:null,nt:{map:null,streetView:null},Er:null,zA:null,Sp:!1})};Qn=function(a,b,c,d,e){c?a.bindTo(b,c,d,e):(a.unbind(b),a.set(b,void 0))};Pda=function(a){var b=a.get("internalAnchorPoint")||_.Rn,c=a.get("internalPixelOffset")||_.Sn;a.set("pixelOffset",new _.In(c.width+Math.round(b.x),c.height+Math.round(b.y)))};Tn=function(a=null){return Ln(a)?a.Zn||null:a instanceof _.Vm?a:null};
Un=function(a){console.warn("As of version 3.65, google.maps.KmlLayer is deprecated. For alternative methods of displaying KML data on the map, see https://developers.devsite.corp.google.com/maps/deprecations#kml_layer_deprecated_as_of_april_30_2026");_.Il(a)?(this.set("url",a),this.setValues(arguments[1])):this.setValues(a)};_.Vn=function(a){var b=a.match(/^places\/(.+)$/);return b?b[1]:a};
_.Qda=function(a,b){var c=_.la(a.toUpperCase(),"replaceAll").call(a.toUpperCase(),"-","_");return c in b?b[c]:(console.error("Invalid value: "+a),null)};_.Rda=function(a,b){return String((Wn=Xn.get(a).get(b)?.toLowerCase(),_.la(Wn,"replaceAll",!0))?.call(Wn,"_","-")||b)};_.Sda=function(a){if(!Xn.has(a)){let b=new Map;for(let [c,d]of Object.entries(a))b.set(d,c);Xn.set(a,b)}};_.Yn=function(a){_.Sda(a);return{Wj:b=>b===null?null:_.Qda(b,a),Gj:b=>b===null?null:_.Rda(a,b)}};
_.Zn=function(a,b){var c=a;if(customElements.get(c)){let d=1;for(;customElements.get(c);){if(customElements.get(c)===b)return;c=`${a}-nondeterministic-duplicate${d++}`}console.warn(`Element with name "${a}" already defined.`)}customElements.define(c,b,void 0)};_.ao=function(a,b,c,d){var e=new _.$n;e.minX=a;e.minY=b;e.maxX=c;e.maxY=d;return e};_.bo=function(a,b){return a.minX>=b.maxX||b.minX>=a.maxX||a.minY>=b.maxY||b.minY>=a.maxY?!1:!0};
_.co=function(a,b,c){if(a=a.fromLatLngToPoint(b))c=Math.pow(2,c),a.x*=c,a.y*=c;return a};_.eo=function(a,b){var c=a.lat()+_.Rk(b);c>90&&(c=90);var d=a.lat()-_.Rk(b);d<-90&&(d=-90);b=Math.sin(b);var e=Math.cos(_.Qk(a.lat()));if(c===90||d===-90||e<1E-6)return new _.tn(new _.sm(d,-180),new _.sm(c,180));b=_.Rk(Math.asin(b/e));return new _.tn(new _.sm(d,a.lng()-b),new _.sm(c,a.lng()+b))};_.go=function(a){this.qh=a||[];fo(this)};fo=function(a){a.set("length",a.qh.length)};
ho=function(a){a??(a={});a.visible=_.Hl(a.visible,!0);return a};_.Tda=function(a){return a&&a.radius||6378137};io=function(a){return a instanceof _.go?Uda(a):new _.go(Vda(a))};Wda=function(a){return function(b){if(!(b instanceof _.go))throw _.Wl("not an MVCArray");b.forEach((c,d)=>{try{a(c)}catch(e){throw _.Wl(`at index ${d}`,e);}});return b}};Xda=function(a){_.dl("poly").then(b=>{b.BL(a)})};
jo=function(a){a=a.trim();if(!a)throw Error("missing value");var b=Number(a);if(isNaN(b)||!isFinite(b))throw Error(`"${a}" is not a number`);return b};ko=function(a){return b=>{try{return a(b)}catch(c){return console.error(c instanceof Error?c.message:`${c}`),null}}};
_.mo=function(a){try{let b=a.split(",").map(jo);if(b.length<2)throw Error("too few values");if(b.length>3)throw Error("too many values");let [c,d,e]=b;return new _.lo({lat:c,lng:d,altitude:e})}catch(b){throw Error(`Could not interpret "${a}" as a LatLngAltitude: `+(b instanceof Error?b.message:`${b}`));}};
Yda=function(a){if(!a)return null;try{let b=a.split("@");if(b.length!==2)throw Error("invalid circle format");let [c,d]=b,e=jo(c),f=_.mo(d);return new _.no({center:f,radius:e})}catch(b){throw Error(`Could not interpret "${a}" as a Circle: `+(b instanceof Error?b.message:`${b}`));}};_.oo=function(a){if(a){if(a instanceof _.sm)return`${a.lat()},${a.lng()}`;let b=`${a.lat},${a.lng}`;a.altitude!==void 0&&a.altitude!==0&&(b+=`,${a.altitude}`);return b}return null};
_.po=function(a){return a?a.map(_.oo).join(" "):null};Zda=function(a){return a&&a.getCenter()?`${a.getRadius()}@${qo(a.getCenter())}`:null};qo=function(a){return a?a instanceof _.sm?`${a.lat()},${a.lng()}`:`${a.lat},${a.lng}`:null};$da=function(){!ro&&_.Xa.document?.createElement&&(ro=_.Xa.document.createElement,_.Xa.document.createElement=(...a)=>{so=a[0];try{var b=ro.apply(document,a)}finally{so=void 0}return b})};
to=function(a,b,c){if(a.nodeType!==1)return aea;b=b.toLowerCase();if(b==="innerhtml"||b==="innertext"||b==="textcontent"||b==="outerhtml")return()=>_.Ri(bea);var d=cea.get(`${a.tagName} ${b}`);return d!==void 0?d:/^on/.test(b)&&c==="attribute"&&(a=a.tagName.includes("-")?HTMLElement.prototype:a,b in a)?()=>{throw Error("invalid binding");}:aea};eea=function(a,b){if(!uo(a)||!a.hasOwnProperty("raw"))throw Error("invalid template strings array");return dea!==void 0?dea.createHTML(b):b};
xo=function(a,b,c=a,d){if(b===vo)return b;var e=d!==void 0?c.rh?.[d]:c.Fh,f=wo(b)?void 0:b._$litDirective$;e?.constructor!==f&&(e?._$notifyDirectiveConnectionChanged?.(!1),f===void 0?e=void 0:(e=new f(a),e.lL(a,c,d)),d!==void 0?(c.rh??(c.rh=[]))[d]=e:c.Fh=e);e!==void 0&&(b=xo(a,e.mL(a,b.values),e,d));return b};
gea=function(a,b,c){var d=Symbol(),{get:e,set:f}=fea(a.prototype,b)??{get(){return this[d]},set(g){this[d]=g}};return{get:e,set(g){var h=e?.call(this);f?.call(this,g);_.yo(this,b,h,c)},configurable:!0,enumerable:!0}};iea=function(a,b,c=zo){c.state&&(c.Kh=!1);a.rh();a.prototype.hasOwnProperty(b)&&(c=Object.create(c),c.Xz=!0);a.Lp.set(b,c);c.zT||(c=gea(a,b,c),c!==void 0&&hea(a.prototype,b,c))};
_.yo=function(a,b,c,d,e=!1,f){if(b!==void 0){let g=a.constructor;e===!1&&(f=a[b]);d??(d=g.Lp.get(b)??zo);if((d.nj??Ao)(f,c)||d.AK&&d.Mh&&f===a.ai?.get(b)&&!a.hasAttribute(g.QC(b,d)))a.Vk(b,c,d);else return}a.Oh===!1&&(a.Zk=a.MC())};
jea=function(a){if(a.Oh){if(!a.Nh){a.Pk??(a.Pk=a.Li());if(a.ii){for(let [d,e]of a.ii)a[d]=e;a.ii=void 0}var b=a.constructor.Lp;if(b.size>0)for(let [d,e]of b){b=d;var c=e;let f=a[b];c.Xz!==!0||a.Jh.has(b)||f===void 0||a.Vk(b,void 0,c,f)}}b=!1;c=a.Jh;try{b=!0,a.Bk(c),a.Ih?.forEach(d=>d.ZS?.()),a.update(c)}catch(d){throw b=!1,a.pr(),d;}b&&a.wx(c)}};Bo=function(){return!0};_.Co=function(a,b){Object.defineProperty(a,b,{enumerable:!0,writable:!1})};_.Do=function(a,b){return`<${a.kL}>: ${b}`};
_.Eo=function(a,b,c,d){return _.Wl(_.Do(a,`Cannot set property "${b}" to ${c}`),d)};_.kea=function(a,b){var c=new _.Fo;console.error(_.Do(a,`Encountered a network request error: ${b instanceof Error?b.message:String(b)}`));a.dispatchEvent(c)};_.Go=function(a,b,c,d){try{return c(d)}catch(e){throw _.Wl(_.Do(a,`Cannot set property "${b}" to ${d}`),e);}};
mea=function(a){var b=a.get("mapId");b=new lea(b,a.mapTypes);b.bindTo("mapHasBeenAbleToBeDrawn",a.__gm);b.bindTo("mapId",a,"mapId",!0);b.bindTo("styles",a);b.bindTo("mapTypeId",a)};Ho=function(a,b){a.isAvailable=!1;a.qh.push(b)};
_.Jo=function(a,b){var c=_.Io(a.__gm.qh,"DATA_DRIVEN_STYLING");if(!b)return c;var d=["The map is initialized without a valid map ID, that will prevent use of data-driven styling.","The Map Style does not have any FeatureLayers configured for data-driven styling.","The Map Style does not have any Datasets or FeatureLayers configured for data-driven styling."],e=c.qh.map(f=>f.Fq);e=e&&e.some(f=>d.includes(f));(c.isAvailable||!e)&&(a=a.__gm.qh.Vv())&&(b=nea(b,a))&&Ho(c,{Fq:b});return c};
nea=function(a,b){var c=a.featureType;if(c==="DATASET"){if(!b.th().map(d=>_.I(d,2)).includes(a.datasetId))return"The Map Style does not have the following Dataset ID associated with it: "+a.datasetId}else if(!b.sh().includes(c))return"The Map Style does not have the following FeatureLayer configured for data-driven styling: "+c;return null};Lo=function(a,b="",c){c=_.Jo(a,c);c.isAvailable||_.Ko(a,b,c)};oea=function(a){a=a.__gm;for(let b of a.th.keys())a.th.get(b).isEnabled||_.Nl(`The Map Style does not have the following FeatureLayer configured for data-driven styling:  ${b}`)};
_.pea=function(a,b=!1){var c=a.__gm;c.th.size>0&&Lo(a);b&&oea(a);c.th.forEach(d=>{d.qI()})};_.Ko=function(a,b,c){if(c.qh.length!==0){var d=b?b+": ":"",e=a.__gm.qh;c.qh.forEach(f=>{e.log(f,d)})}};_.Mo=function(){};_.Io=function(a,b){a.log(qea[b]);a:switch(b){case "ADVANCED_MARKERS":a=a.cache.EG;break a;case "DATA_DRIVEN_STYLING":a=a.cache.lH;break a;case "WEBGL_OVERLAY_VIEW":a=a.cache.wq;break a;default:throw Error(`No capability information for: ${b}`);}return a.clone()};
Xo=function(a){var b=a.cache,c=new Wo;a.ao()||Ho(c,{Fq:"The map is initialised without a valid Map ID, which will prevent use of Advanced Markers."});b.EG=c;b=a.cache;c=new Wo;if(a.ao()){var d=a.Vv();if(d){let e=d.sh();d=d.th();e.length||d.length||Ho(c,{Fq:"The Map Style does not have any Datasets or FeatureLayers configured for data-driven styling."})}a.jw!=="UNKNOWN"&&a.jw!=="TRUE"&&Ho(c,{Fq:"The map is not a vector map. That will prevent use of data-driven styling."})}else Ho(c,{Fq:"The map is initialized without a valid map ID, that will prevent use of data-driven styling."});
b.lH=c;b=a.cache;c=new Wo;a.ao()?a.jw!=="UNKNOWN"&&a.jw!=="TRUE"&&Ho(c,{Fq:"The map is not a vector map, which will prevent use of WebGLOverlayView."}):Ho(c,{Fq:"The map is initialized without a valid map ID, which will prevent use of WebGLOverlayView."});b.wq=c;rea(a)};rea=function(a){a.qh=!0;try{a.set("mapCapabilities",a.getMapCapabilities())}finally{a.qh=!1}};sea=function(a,b){var c=a.options.qD.MAP_INITIALIZATION;if(c)for(let d of c)a.bu(d,b)};
_.Yo=function(a,b,c){var d=a.options.qD.MAP_INITIALIZATION;if(d)for(let e of d)a.Wn(e,b,c)};_.Zo=function(a,b){if(b=a.options.qD[b])for(let c of b)a.du(c)};_.ap=function(a){this.qh=0;this.yh=void 0;this.th=this.rh=this.sh=null;this.wh=this.xh=!1;if(a!=_.nl)try{let b=this;a.call(void 0,function(c){$o(b,2,c)},function(c){$o(b,3,c)})}catch(b){$o(this,3,b)}};tea=function(){this.next=this.context=this.rh=this.sh=this.qh=null;this.th=!1};vea=function(a,b,c){var d=uea.get();d.sh=a;d.rh=b;d.context=c;return d};
wea=function(a,b){if(a.qh==0)if(a.sh){var c=a.sh;if(c.rh){var d=0,e=null,f=null;for(let g=c.rh;g&&(g.th||(d++,g.qh==a&&(e=g),!(e&&d>1)));g=g.next)e||(f=g);e&&(c.qh==0&&d==1?wea(c,b):(f?(d=f,d.next==c.th&&(c.th=d),d.next=d.next.next):xea(c),yea(c,e,3,b)))}a.sh=null}else $o(a,3,b)};Aea=function(a,b){a.rh||a.qh!=2&&a.qh!=3||zea(a);a.th?a.th.next=b:a.rh=b;a.th=b};
Bea=function(a,b,c,d){var e=vea(null,null,null);e.qh=new _.ap(function(f,g){e.sh=b?function(h){try{let k=b.call(d,h);f(k)}catch(k){g(k)}}:f;e.rh=c?function(h){try{let k=c.call(d,h);k===void 0&&h instanceof bp?g(h):f(k)}catch(k){g(k)}}:g});e.qh.sh=a;Aea(a,e);return e.qh};
$o=function(a,b,c){if(a.qh==0){a===c&&(b=3,c=new TypeError("Promise cannot resolve to itself"));a.qh=1;a:{var d=c,e=a.AQ,f=a.BQ;if(d instanceof _.ap){Aea(d,vea(e||_.nl,f||null,a));var g=!0}else{if(d)try{var h=!!d.$goog_Thenable}catch(k){h=!1}else h=!1;if(h)d.then(e,f,a),g=!0;else{if(_.$a(d))try{let k=d.then;if(typeof k==="function"){Cea(d,k,e,f,a);g=!0;break a}}catch(k){f.call(a,k);g=!0;break a}g=!1}}}g||(a.yh=c,a.qh=b,a.sh=null,zea(a),b!=3||c instanceof bp||Dea(a,c))}};
Cea=function(a,b,c,d,e){function f(k){h||(h=!0,d.call(e,k))}function g(k){h||(h=!0,c.call(e,k))}var h=!1;try{b.call(a,g,f)}catch(k){f(k)}};zea=function(a){a.xh||(a.xh=!0,_.cp(a.KM,a))};xea=function(a){var b=null;a.rh&&(b=a.rh,a.rh=b.next,b.next=null);a.rh||(a.th=null);return b};yea=function(a,b,c,d){if(c==3&&b.rh&&!b.th)for(;a&&a.wh;a=a.sh)a.wh=!1;if(b.qh)b.qh.sh=null,Eea(b,c,d);else try{b.th?b.sh.call(b.context):Eea(b,c,d)}catch(e){Fea.call(null,e)}Ida(uea,b)};
Eea=function(a,b,c){b==2?a.sh.call(a.context,c):a.rh&&a.rh.call(a.context,c)};Dea=function(a,b){a.wh=!0;_.cp(function(){a.wh&&Fea.call(null,b)})};bp=function(a){_.vb.call(this,a)};_.dp=function(a,b){if(typeof a!=="function")if(a&&typeof a.handleEvent=="function")a=(0,_.pb)(a.handleEvent,a);else throw Error("Invalid listener argument");return Number(b)>2147483647?-1:_.Xa.setTimeout(a,b||0)};_.ep=function(a,b,c){_.Ij.call(this);this.qh=a;this.th=b||0;this.rh=c;this.sh=(0,_.pb)(this.pG,this)};
_.fp=function(a){a.stop();a.pG()};Gea=function(a){a.qh&&window.requestAnimationFrame(()=>{if(a.qh){let b=[...a.rh.values()].flat();a.qh(b)}})};_.Hea=function(a,b){var c=b.MA();c&&(a.rh.set(_.kb(b),c),a.sh.Di())};_.Iea=function(a,b){b=_.kb(b);a.rh.has(b)&&(a.rh.delete(b),a.sh.Di())};Jea=function(a,b){var c=a.zIndex,d=b.zIndex,e=_.Fl(c),f=_.Fl(d),g=a.ul,h=b.ul;if(e&&f&&c!==d)return c>d?-1:1;if(e!==f)return e?-1:1;if(g.y!==h.y)return h.y-g.y;a=_.kb(a);b=_.kb(b);return a>b?-1:1};
Kea=function(a,b){return b.some(c=>_.bo(c,a))};_.gp=function(a,b,c){_.Ij.call(this);this.Ah=c!=null?(0,_.pb)(a,c):a;this.zh=b;this.xh=(0,_.pb)(this.XK,this);this.rh=!1;this.sh=0;this.th=this.qh=null;this.wh=[]};_.hp=function(a,b){var c=_.Um(b);a.elements[c]||(a.elements[c]=b,++a.size,_.Tm(a,"insert",b),a.qh&&a.qh(b))};_.Lea=function(a,b){var c=b.Qp();return a.ei.filter(d=>{d=d.Qp();return c!==d})};_.ip=function(a,b){return(a.matches||a.msMatchesSelector||a.webkitMatchesSelector).call(a,b)};
Mea=function(a){a.currentTarget.style.outline=""};
_.mp=function(a){if(_.ip(a,'select,textarea,input[type="date"],input[type="datetime-local"],input[type="email"],input[type="month"],input[type="number"],input[type="password"],input[type="search"],input[type="tel"],input[type="text"],input[type="time"],input[type="url"],input[type="week"],input:not([type])'))return[];var b=[];b.push(new _.jp(a,"focus",c=>{!_.kp&&_.lp&&_.lp!=="KEYBOARD"&&(c.currentTarget.style.outline="none")}));b.push(new _.jp(a,"focusout",Mea));return b};
op=function(){return np?np:np=new Nea};qp=function(a){return _.pp[43]?!1:a.Ah?!0:!_.Xa.devicePixelRatio||!_.Xa.requestAnimationFrame};_.Oea=function(){var a=_.rp;return _.pp[43]?!1:a.Ah||qp(a)};Pea=function(a,b){for(let c=0,d;d=b[c];++c)if(typeof a.documentElement.style[d]==="string")return d;return null};_.tp=function(){sp||(sp=new Qea);return sp};_.up=function(a,b){a!==null&&(a=a.style,a.width=_.Gn(b),a.height=_.Hn(b))};_.vp=function(a){return new _.In(a.offsetWidth,a.offsetHeight)};
_.xp=function(a){var b=!1;_.wp.rh()?a.draggable=!1:b=!0;var c=_.tp().rh;c?a.style[c]="none":b=!0;b&&a.setAttribute("unselectable","on");a.onselectstart=d=>{_.Em(d);_.Fm(d)}};
_.yp=function(a,b=!1){if(document.activeElement===a)return!0;if(!(a instanceof HTMLElement))return!1;var c=!1;_.mp(a);customElements.get(a.localName)||(a.tabIndex=a.tabIndex);var d=()=>{c=!0;a.removeEventListener("focusin",d)},e=()=>{c=!0;a.removeEventListener("focus",e)};a.addEventListener("focus",e);a.addEventListener("focusin",d);a.focus({preventScroll:!!b});return c};
Rea=function(a,b){b&&(a.sh=document.activeElement,_.Qm(a.__gm,"panoramahidden",()=>{if(a.rh?.Xr?.contains(document.activeElement)){var c=a.sh?.nodeName==="BODY",d=a.__gm.get("focusFallbackElement");a.sh&&!c?!_.yp(a.sh)&&d&&_.yp(d):d&&_.yp(d)}}))};_.Tea=function(a,b=document){return Sea(a,b)};Sea=function(a,b){return(b=b&&(b.fullscreenElement||b.webkitFullscreenElement||b.mozFullScreenElement||b.msFullscreenElement))?b===a?!0:Sea(a,b.shadowRoot):!1};
Uea=function(a){a.qh=!0;try{a.set("renderingType",a.rh)}finally{a.qh=!1}};_.Vea=function(){var a=[],b=_.Xa.google&&_.Xa.google.maps&&_.Xa.google.maps.fisfetsz;b&&Array.isArray(b)&&_.pp[15]&&b.forEach(c=>{_.Fl(c)&&a.push(c)});return a};Wea=function(a){return _.hh(a,1,33)};Xea=function(a){return _.hh(a,2,3)};Yea=function(a,b){return _.hh(a,1,b)};Zea=function(a){var b=_.fl.rh().rh();return _.fh(a,5,b)};$ea=function(a){var b=_.fl.rh().th().toLowerCase();return _.fh(a,6,b)};
afa=function(a){return _.Yg(a,10,!0)};bfa=function(a,b){return _.$g(a,1,b)};cfa=function(a,b){_.$g(a,2,b)};dfa=function(a,b){return _.bh(a,1,b)};efa=function(a,b){_.bh(a,2,b)};ffa=function(a,b){_.hh(a,8,b)};_.zp=function(a,b,c,d){var e=Math.pow(2,Math.round(a))/256;return new gfa(Math.round(Math.pow(2,a)/e)*e,b,c,d)};_.Bp=function(a,b){return new _.Ap((a.m22*b.Xh-a.m12*b.Zh)/a.sh,(-a.m21*b.Xh+a.m11*b.Zh)/a.sh)};hfa=function(a){a=a.get("zoom");return typeof a==="number"?Math.floor(a):a};
jfa=function(a){var b=a.get("tilt")||!a.wh&&_.zl(a.get("styles"));a=a.get("mapTypeId");return b?null:ifa[a]};kfa=function(a,b){a.qh.onload=null;a.qh.onerror=null;var c=a.xh();c&&(b&&(a.qh.parentNode||a.rh.appendChild(a.qh),a.sh||_.up(a.qh,c)),a.set("loading",!1))};lfa=function(a,b){b!==a.qh.src?(a.sh||a.qh?.remove(),a.qh.onload=()=>{kfa(a,!0)},a.qh.onerror=()=>{kfa(a,!1)},a.qh.src=b):!a.qh.parentNode&&b&&a.rh.appendChild(a.qh)};
pfa=function(a,b,c,d,e){var f=new mfa;cfa(bfa(_.wg(f,nfa,1),b.minX),b.minY);_.hh(f,2,e).setZoom(c);efa(dfa(_.wg(f,_.Cp,4),b.maxX-b.minX),b.maxY-b.minY);var g=afa($ea(Zea(Yea(_.wg(f,_.Dp,5),d))));b=_.Vea();a.wh||b.push(47083502);b.forEach(h=>{var k=!1;for(let m=0,p=_.Rg(g,14);m<p;m++)if(_.Qg(g,14,m)===h){k=!0;break}k||_.lh(g,14,h)});_.Yg(g,12,!0);_.pp[13]&&Xea(Wea(_.Zf(g,8,_.Ep))).fl(1);a.wh&&_.fh(f,7,a.wh);ffa(f,a.get("colorTheme"));f=a.th+unescape("%3F")+_.oj(f,ofa());return a.Jh(f)};
qfa=function(a){var b=_.Jo(a.map,{featureType:a.featureType,datasetId:a.datasetId,xs:a.xs});if(!b.isAvailable&&b.qh.length>0){let c=b.qh.map(d=>d.Fq);c.includes("The map is initialized without a valid map ID, that will prevent use of data-driven styling.")&&(a.featureType==="DATASET"?_.M(a.map,177311):_.M(a.map,148844));(c.includes("The Map Style does not have any FeatureLayers configured for data-driven styling.")||c.includes("The Map Style does not have the following FeatureLayer configured for data-driven styling: "+
a.featureType))&&_.M(a.map,148846);c.includes("The map is not a vector map. That will prevent use of data-driven styling.")&&(a.featureType==="DATASET"?_.M(a.map,177315):_.M(a.map,148845));c.includes("The Map Style does not have the following Dataset ID associated with it: ")&&_.M(a.map,178281)}return b};Fp=function(a,b){var c=qfa(a);_.Ko(a.map,b,c);return c};
Gp=function(a,b){var c=null;typeof b==="function"?c=b:b&&(c=()=>b);Promise.all([_.dl("webgl"),a.map.__gm.fi]).then(([d])=>{d.yh(a.map,{featureType:a.featureType,datasetId:a.datasetId,xs:a.xs},c);a.sh=b})};Hp=function(a,b,c,d,e){this.qh=!!b;this.node=null;this.rh=0;this.th=!1;this.sh=!c;a&&this.setPosition(a,d);this.depth=e!=void 0?e:this.rh||0;this.qh&&(this.depth*=-1)};_.Jp=function(a,b=!0){b||_.Ip(a);for(b=a.firstChild;b;)_.Ip(b),a.removeChild(b),b=a.firstChild};
_.Ip=function(a){for(a=new rfa(a);;){var b=a.next();if(b.done)break;(b=b.value)&&_.Mm(b)}};_.Kp=function(a,b,c){var d=Array(b.length);for(let e=0,f=b.length;e<f;++e)d[e]=b.charCodeAt(e);d.unshift(c);return a.hash(d)};
tfa=function(a,b,c,d){var e=new _.Lp(131071),f=unescape("%26%74%6F%6B%65%6E%3D"),g=unescape("%26%6B%65%79%3D"),h=unescape("%26%63%6C%69%65%6E%74%3D"),k=unescape("%26%63%68%61%6E%6E%65%6C%3D");return(m,p)=>{var q="",u=p??b;u&&(q+=g+encodeURIComponent(u));p||(c&&(q+=h+encodeURIComponent(c)),d&&(q+=k+encodeURIComponent(d)));m=m.replace(sfa,"%27")+q;p=m+f;q=String;Mp||(Mp=RegExp("(?:https?://[^/]+)?(.*)"));m=Mp.exec(m);if(!m)throw Error("Invalid URL to sign.");return p+q(_.Kp(e,m[1],a))}};
ufa=function(a){a=Array(a.toString().length);for(let b=0;b<a.length;++b)a[b]="ABCDEFGHIJKLMNOPQRSTUVWXYZabcdefghijklmnopqrstuvwxyz0123456789".charAt(Math.floor(Math.random()*62));return a.join("")};vfa=function(a,b=ufa(a)){var c=new _.Lp(131071);return()=>[b,_.Kp(c,b,a).toString()]};wfa=function(){var a=new _.Lp(2147483647);return b=>_.Kp(a,b,0)};
_.Sp=function(a,b){function c(){var A={"4g":2500,"3g":3500,"2g":6E3,unknown:4E3};return _.Xa.navigator&&_.Xa.navigator.connection&&_.Xa.navigator.connection.effectiveType?A[_.Xa.navigator.connection.effectiveType]||A.unknown:A.unknown}var d=performance.now();if(!a)throw _.Wl(`Map: Expected mapDiv of type HTMLElement but was passed ${a}.`);if(typeof a==="string")throw _.Wl(`Map: Expected mapDiv of type HTMLElement but was passed string '${a}'.`);var e=b||{};e.noClear||_.Jp(a,!1);var f=typeof document==
"undefined"?null:document.createElement("div");f&&a.appendChild&&(a.appendChild(f),f.style.width=f.style.height="100%");_.Np.set(f,this);if(qp(_.rp))throw _.dl("controls").then(A=>{A.xF(a)}),Error("The Google Maps JavaScript API does not support this browser.");_.dl("util").then(A=>{_.pp[35]&&b&&b.dE&&A.Zq.th(new _.Op(b.dE));A.Zq.qh(ia=>{_.dl("controls").then(ha=>{var Ga=_.I(ia,2)||"http://g.co/dev/maps-no-account";ha.VJ(a,Ga)})})});var g,h=new Promise(A=>{g=A});_.hn.call(this,new xfa(this,a,f,h));
var k=this.__gm;h=this.__gm.qh;this.set("mapCapabilities",h.getMapCapabilities());h.bindTo("mapCapabilities",this,"mapCapabilities",!0);e.mapTypeId===void 0&&(e.mapTypeId="roadmap");k.colorScheme=e.colorScheme||"LIGHT";k.set("cloudStylingForTerrainVectorMapBaseTilesDisabled",!!e.cloudStylingForTerrainVectorMapBaseTilesDisabled);k.xh=e.backgroundColor;!k.xh&&k.Gr&&(k.xh=k.colorScheme==="DARK"?"#202124":"#e5e3df");var m=new yfa;this.set("renderingType","UNINITIALIZED");m.bindTo("renderingType",this,
"renderingType",!0);m.bindTo("mapHasBeenAbleToBeDrawn",k,"mapHasBeenAbleToBeDrawn",!0);this.__gm.sh.then(A=>{m.rh=A?"VECTOR":"RASTER";Uea(m)});this.setValues(e);h=e.mapTypeId;var p=k.colorScheme==="DARK";if(_.pp[170])switch(k.set("styleTableBytes",e.styleTableBytes),h){case "hybrid":case "satellite":k.set("configSet",11);break;case "terrain":k.set("configSet",p?29:12);break;default:k.set("configSet",p?27:8)}var q=k.Dh;sea(q,{XB:d});zfa(b)||_.Zo(q,"MAP_INITIALIZATION");this.FE=_.pp[15]&&e.noControlsOrLogging;
this.mapTypes=new Pp;mea(this);this.features=new Afa;_.Cn(f);this.notify("streetView");h=_.vp(f);var u=null;Bfa(e.useStaticMap,h)&&(u=new Cfa(f),u.set("size",h),u.set("colorTheme",k.colorScheme==="DARK"?2:1),u.bindTo("mapId",this),u.bindTo("center",this),u.bindTo("zoom",this),u.bindTo("mapTypeId",this),u.bindTo("styles",this));this.overlayMapTypes=new _.go;var x=this.controls=[];_.Al(_.Qp,(A,ia)=>{x[ia]=new _.go;x[ia].addListener("insert_at",()=>{_.M(this,182111)})});var z=!1,B=_.Xa.IntersectionObserver&&
new Promise(A=>{var ia=c(),ha=new IntersectionObserver(Ga=>{for(let La=0;La<Ga.length;La++)Ga[La].isIntersecting?(ha.disconnect(),A()):z=!0},{rootMargin:`${ia}px ${ia}px ${ia}px ${ia}px`});ha.observe(this.getDiv())});_.dl("map").then(async A=>{Rp=A;if(this.getDiv()&&f){if(B){_.Zo(q,"MAP_INITIALIZATION");let ha=performance.now()-d;var ia=setTimeout(()=>{_.M(this,169108)},1E3);await B;clearTimeout(ia);ia=void 0;z||(ia={XB:performance.now()-ha});zfa(b)&&sea(q,ia)}A.ZP(this,e,f,u,g)}else _.Zo(q,"MAP_INITIALIZATION")},
()=>{this.getDiv()&&f?_.Yo(q,8):_.Zo(q,"MAP_INITIALIZATION")});this.data=new An({map:this});this.addListener("renderingtype_changed",()=>{_.pea(this)});var L=this.addListener("zoom_changed",()=>{_.Jm(L);_.Zo(q,"MAP_INITIALIZATION")}),O=this.addListener("dragstart",()=>{_.Jm(O);_.Zo(q,"MAP_INITIALIZATION")});_.Nm(a,"scroll",()=>{a.scrollLeft=a.scrollTop=0});_.Xa.MutationObserver&&this.getDiv()&&((h=Dfa.get(this.getDiv()))&&h.disconnect(),h=new MutationObserver(A=>{for(let ia of A)ia.attributeName===
"dir"&&_.Tm(this,"shouldUseRTLControlsChange")}),Dfa.set(this.getDiv(),h),h.observe(this.getDiv(),{attributes:!0}));B&&(_.Rm(this,"renderingtype_changed",async()=>{this.get("renderingType")==="VECTOR"&&(await B,_.dl("webgl"))}),_.Hm(k,"maphasbeenabletobedrawn_changed",async()=>{k.get("mapHasBeenAbleToBeDrawn")&&_.on(this)&&this.get("renderingType")==="UNINITIALIZED"&&(await B,_.dl("webgl"))}));var U;_.Hm(k,"maphasbeenabletobedrawn_changed",async()=>{if(k.get("mapHasBeenAbleToBeDrawn")){U=performance.now();
var A=this.getInternalUsageAttributionIds()??null;A&&_.M(this,122447,{internalUsageAttributionIds:Array.from(new Set(A))})}});h=()=>{this.get("renderingType")==="VECTOR"&&this.get("styles")&&(this.set("styles",void 0),console.warn("Google Maps JavaScript API: A Map's styles property cannot be set when the map is a vector map. Please see documentation at https://developers.google.com/maps/documentation/javascript/styling#cloud_tooling"))};this.addListener("styles_changed",h);this.addListener("renderingtype_changed",
h);this.addListener("bounds_changed",()=>{U&&this.getRenderingType()!=="VECTOR"&&performance.now()-U>864E5&&_.M(window,256717)});h()};Bfa=function(a,b){if(!_.fl||_.F(_.fl,_.Op,40).getStatus()==2)return!1;if(a!==void 0)return!!a;a=b.width;b=b.height;return a*b<=384E3&&a<=800&&b<=800};zfa=function(a){if(!a)return!1;var b=Object.keys(Tp);for(let c of b)try{if(typeof Tp[c]==="function"&&a[c])Tp[c](a[c])}catch(d){return!1}return a.center&&a.zoom?!0:!1};
_.Up=function(a){return(b,c)=>{if(typeof c==="object")b=Efa(a,b,c);else{let d=b.hasOwnProperty(c);iea(b.constructor,c,a);b=d?Object.getOwnPropertyDescriptor(b,c):void 0}return b}};_.Vp=function(a){return(b,c)=>_.Ffa(b,c,{get(){return this.Pk?.querySelector(a)??null}})};_.Wp=function(a){return _.Up({...a,state:!0,Kh:!1})};Gfa=function(a){_.dl("poly").then(b=>{b.EL(a)})};Hfa=function(a){_.dl("poly").then(b=>{b.FL(a)})};
_.Xp=function(a,b,c,d){var e=a.qh||void 0;a=_.dl("streetview").then(f=>_.dl("geometry").then(g=>f.mN(b,c||null,g.spherical.computeHeading,g.spherical.computeOffset,e,d)));c&&a.catch(()=>{});return a};
$p=function(a){a=a||{};this.tileSize=a.tileSize||new _.In(256,256);this.name=a.name;this.alt=a.alt;this.minZoom=a.minZoom;this.maxZoom=a.maxZoom;this.sh=(0,_.pb)(a.getTileUrl,a);this.qh=new _.Yp;this.rh=null;this.set("opacity",a.opacity);_.dl("map").then(b=>{var c=this.rh=b.AO.bind(b),d=this.tileSize||new _.In(256,256);this.qh.forEach(e=>{var f=e.__gmimt,g=f.uj,h=f.zoom,k=this.sh(g,h);(f.Fj=c({li:g.x,ni:g.y,wi:h},d,e,k,()=>_.Tm(e,"load"))).setOpacity(Zp(this))})})};
Zp=function(a){a=a.get("opacity");return typeof a=="number"?a:1};aq=function(a,b){this.setValues(b)};
Ufa=function(){var a=Object.assign({DirectionsTravelMode:_.bq,DirectionsUnitSystem:_.cq,FusionTablesLayer:Ifa,MarkerImage:Jfa,NavigationControlStyle:Kfa,SaveWidget:aq,ScaleControlStyle:Lfa,ZoomControlStyle:Mfa},Nfa,Ofa,Pfa,Qfa,Rfa,Sfa,Tfa);_.Bl(An,{Feature:_.dq,Geometry:ym,GeometryCollection:_.en,LineString:_.$m,LinearRing:_.fn,MultiLineString:_.cn,MultiPoint:_.bn,MultiPolygon:_.dn,Point:_.zm,Polygon:_.an});_.Ol(a);return a};
Xfa=async function(a,b=!1,c=!1){var d={core:Nfa,maps:Ofa,geocoding:Rfa,streetView:Sfa}[a];if(d)for(let [e,f]of Object.entries(d))f===void 0&&delete d[e];if(d)b&&_.M(_.Xa,158530);else{b&&_.M(_.Xa,157584);if(!Vfa.has(a)&&!Wfa.has(a)){b=`The library ${a} is unknown. Please see https://developers.google.com/maps/documentation/javascript/libraries`;if(c)throw Error(b);console.error(b)}d=await _.dl(a)}switch(a){case "addressValidation":d.connectForExplicitThirdPartyLoad();break;case "maps":_.dl("map");
break;case "elevation":d.connectForExplicitThirdPartyLoad();break;case "airQuality":d.connectForExplicitThirdPartyLoad();break;case "geocoding":_.dl("geocoder");break;case "streetView":_.dl("streetview");break;case "maps3d":d.connectForExplicitThirdPartyLoad();break;case "marker":d.connectForExplicitThirdPartyLoad();break;case "places":d.connectForExplicitThirdPartyLoad();break;case "routes":d.connectForExplicitThirdPartyLoad();break;case "weather":d.connectForExplicitThirdPartyLoad()}return Object.freeze({...d})};
_.Zfa=async function(a){await new Promise(b=>{var c=new ResizeObserver(d=>{a.isVisible(d[0])?(c.disconnect(),b()):a.qh.resolve(!1)});c.observe(a.host)});await new Promise(b=>{var c=new IntersectionObserver(d=>{if(d=d.some(e=>e.isIntersecting))c.disconnect(),b();a.qh.resolve(d)},{root:document,rootMargin:`${Yfa()}px`});c.observe(a.host)})};
Yfa=function(){var a=new Map([["4g",2500],["3g",3500],["2g",6E3],["slow-2g",8E3],["unknown",4E3]]),b=window.navigator?.connection?.effectiveType;return(b&&a.get(b))??a.get("unknown")};$fa=async function(a,b){var c=++a.qh,d=b.lJ,e=b.onError;b=b.bP;var f=g=>{if(a.qh!==c)throw new _.eq;return g};try{try{f(await 0),f(await d(f))}catch(g){if(g instanceof _.eq||!e)throw g;f(await e(g,f))}}catch(g){if(!(g instanceof _.eq))throw g;b?.()}};_.fq=function(a){$fa(a.mH,{lJ:async b=>{a.rj=0;b(await a.tp)}})};
_.gq=function(a,b,c){var d;return $fa(a.mH,{lJ:async e=>{a.rj=1;a.kE||e(await _.Zfa(a.NQ));c&&(d=_.jl(c));e(await b(e));a.rj=2;e(await a.tp);a.dispatchEvent(new _.aga);_.kl(d,0)},onError:async(e,f)=>{a.rj=3;_.kl(d,13);f(await a.tp);_.kea(a,e)},bP:()=>{_.ll(d)}})};_.iq=function(a){return a instanceof _.lo?a:new _.lo((0,_.hq)(a))};bga=function(a,b){var c=a.x,d=a.y;switch(b){case 90:a.x=d;a.y=256-c;break;case 180:a.x=256-c;a.y=256-d;break;case 270:a.x=256-d,a.y=c}};
_.lq=function(a){return!a||a instanceof _.jq?cga:a};_.mq=function(a,b,c=!1){return _.lq(b).fromPointToLatLng(new _.En(a.qh,a.rh),c)};gga=function(a){var b=dga,c=ega,d=fga;cl.getInstance().init(a,b,c,void 0,void 0,void 0,d)};
kga=function(){var a=hga||(hga=iga('[[["addressValidation",["main"]],["airQuality",["main"]],["adsense",["main"]],["common",["main"]],["controls",["util"]],["data",["util"]],["directions",["util","geometry"]],["distance_matrix",["util"]],["drawing",["main"]],["drawing_impl",["controls"]],["elevation",["util","geometry"]],["geocoder",["util"]],["geometry",["main"]],["imagery_viewer",["main"]],["infowindow",["util"]],["journeySharing",["main"]],["kml",["onion","util","map"]],["layers",["map"]],["log",["util"]],["main"],["map",["common"]],["map3d_lite_wasm",["main"]],["map3d_wasm",["main"]],["map3d_wasm_geoxp",["main"]],["maps3d",["util"]],["marker",["util"]],["maxzoom",["util"]],["onion",["util","map"]],["overlay",["common"]],["panoramio",["main"]],["places",["places_impl"]],["places_impl",["controls"]],["poly",["util","map","geometry"]],["routes",["main"]],["search",["main"]],["search_impl",["onion"]],["streetview",["util","geometry"]],["styleEditor",["common"]],["util",["common"]],["visualization",["main"]],["visualization_impl",["onion"]],["weather",["main"]],["webgl",["util","map"]]]]'));return _.Ag(a,
jga,1)};_.nq=function(a){var b=performance.getEntriesByType("resource");if(!b.length)return 2;b=b.find(d=>d.name.includes(a));if(!b)return 2;if(b.deliveryType==="cache")return 1;var c=b.decodedBodySize;return b.transferSize===0&&c>0?1:b.duration<30?1:0};fga=function(a){var b=oq.get(a);if(b){var c=_.fl;c&&(c=_.Nk(_.Ok(c)),c=c.endsWith("/")?c:`${c}/`,c=`${c}${a}.js`,a=_.nq(c),a!==2&&(c=_.jl(b.hj,{Lw:c}),_.kl(c,0)),a===1?_.M(_.Xa,b.ej):a===0&&_.M(_.Xa,b.fj))}};
mga=function(a,b){var c=[],d=[0,0];for(let f=0,g=_.zl(a);f<g;++f){var e=b?b(a[f]):[a[f].lat(),a[f].lng()];lga(e[0]-d[0],c);lga(e[1]-d[1],c);d=e}return c.join("")};lga=function(a,b){for(a=a<0?~(a<<1):a<<1;a>=32;)b.push(String.fromCharCode((32|a&31)+63)),a>>=5;b.push(String.fromCharCode(a+63))};
_.nga=function(a){var b=_.zl(a),c=Array(Math.floor(a.length/2)),d=0,e=0,f=0,g;for(g=0;d<b;++g){let h=1,k=0,m;do m=a.charCodeAt(d++)-63-1,h+=m<<k,k+=5;while(m>=31);e+=h&1?~(h>>1):h>>1;h=1;k=0;do m=a.charCodeAt(d++)-63-1,h+=m<<k,k+=5;while(m>=31);f+=h&1?~(h>>1):h>>1;c[g]=new _.sm(e*1E-5,f*1E-5,!0)}c.length=g;return c};_.pq=function(a=""){return a+" (opens in new tab)"};
_.qq=function(a){var b=document.createElement("button");b.style.background="none";b.style.display="block";b.style.padding=b.style.margin=b.style.border="0";b.style.textTransform="none";b.style.webkitAppearance="none";b.style.position="relative";b.style.cursor="pointer";_.xp(b);b.style.outline="";b.setAttribute("aria-label",a);b.title=a;b.type="button";new _.jp(b,"contextmenu",c=>{_.Em(c);_.Fm(c)});_.mp(b);return b};_.sq=function(a,...b){a.classList.add(...b.map(_.rq))};
_.rq=function(a){return oga.has(a)?a:`${_.hda(a)}-${a}`};pga=function(a){a.rh.prepend(a.qh);window.requestAnimationFrame(()=>{a.qh.focus({preventScroll:!0})})};
qga=function(a){var b=document.createElement("h2"),c={Ss:new _.En(0,0),Cu:new _.In(24,24),label:"Close dialogue",ownerElement:a};c=new _.tq(c);b.textContent=a.options.title;b.translate=a.options.rK??!0;c.element.style.position="static";c.element.addEventListener("click",()=>void a.aj.close());a.rh.appendChild(b);a.rh.appendChild(c.element);return a.rh};_.uq=function(a,b){return function*(){var c=typeof b==="function";if(a!==void 0){let d=-1;for(let e of a)d>-1&&(yield c?b(d):b),d++,yield e}}()};
rga=function(a){return a.links.length===0?null:(0,_.P)`
      ${_.uq(a.links.map(({text:b,href:c})=>(0,_.P)`<div class="link-item">
              <a
                .href=${c}
                target="_blank"
                aria-label=${_.pq(b)}
                >${b}<div class="icon-container">
                  ${_.vq({className:"",ariaLabel:""})}
                </div>
              </a>
            </div>`),"")}
    `};sga=function(a){var b=document.createElement("div");b.append(a.rh);b=new _.wq({title:"Google Maps",rK:!1,content:b});b.addEventListener("close",()=>{a.dispatchEvent(new Event("gmp-internal-close"))});return b};xq=function(a){return a==="#000"||a==="#5e5e5e"?"#fff":"#474747"};
uga=function(a,b){if(!a.showInfoButton)return(0,_.P)``;var c=a.logoColorOptions.Ly||"#5e5e5e",d=a.logoColorOptions.Nx||"#fff",e=xq(c),f=xq(d);c=a.attributionType==="LOGO_OUTLINE"?tga({fill:`light-dark(${c}, ${d})`,outline:`light-dark(${e}, ${f})`}):_.yq({fill:`light-dark(${c}, ${d})`});return(0,_.P)` <button
      class=${(0,_.zq)({"info-button":!0,"tap-area-expanded":a.infoButtonTapAreaExpanded})}
      type="button"
      aria-haspopup="dialog"
      title=${a.moreInfoButtonTitle}
      aria-label=${a.moreInfoButtonTitle}
      @click=${g=>{g.stopPropagation();b.aj.showModal()}}>
      <div class="tap-area"></div>
      <div class="info-icon-container">${c}</div>
    </button>`};yga=function(a,b,c,d=[],e=[]){var f=new vga;a=_.fh(f,5,a);b?_.hh(a,1,9):_.hh(a,1,2);b=new _.Aq;c=_.hba(b,c.getTime());b=_.wg(a,wga,11);_.Cg(b,_.Aq,2,c);_.ng(a,13,d,_.Ue);e.length>0&&_.ng(a,6,e,_.df);return dd(xga(a))};
zga=function(a,b){for(let [e,f]of Object.entries(a.headers))a=f,a!==""&&(b.metadata[e]=a);a=b.getMetadata();var c=a["X-Goog-Maps--Tmp-Internal-Usage-Attribution-Ids"],d=[];c&&(d=c.split(","));delete a["X-Goog-Maps--Tmp-Internal-Usage-Attribution-Ids"];c=yga(_.fl?.Bh()?.rh()||"",!!_.pp[35],new Date,_.fl?.yh()||[],d);b.metadata["X-Goog-Gmp-Client-Signals"]=c;a.Authorization&&(b.metadata["X-Goog-Api-Key"]="")};
Bga=async function(a){var b=await _.Aga();for(let [c,d]of Object.entries(b))b=d,b!==""&&(a.metadata[c]=b)};_.Aga=async function(){var a={},[b,c]=await Promise.all([Cga(),bda()]);b&&(a["X-Firebase-AppCheck"]=b);a["X-Goog-Maps-Session-Id"]=c.toString();return a};Cga=async function(){try{var a=await oda().fetchAppCheckToken();a=_.Yl({token:_.Bq})(a)}catch(b){return console.error(b),await _.M(window,228451),"eyJlcnJvciI6IlVOS05PV05fRVJST1IifQ=="}return a?.token?(await _.M(window,228453),a.token):""};
_.Dga=function(a,b){return function*(){if(a!==void 0){let c=0;for(let d of a)yield b(d,c++)}}()};
Nga=async function(a){var b=_.Xa.google.maps,c=!!b.__ib__,d=Ega(),e=Fga(b),f=_.fl=_.Zh(Gga,(0,_.Hga)(a||[]));gl=Math.random();d&&(_.il=!0);_.M(window,218838);f.yh().length>0&&console.log("Running with experiment IDs:",f.yh().map(Number));_.I(f,48)==="async"||c?(await new Promise(p=>setTimeout(p)),_.M(_.Xa,221191)):console.warn("Google Maps JavaScript API has been loaded directly without loading=async. This can result in suboptimal performance. For best-practice loading patterns please see https://goo.gle/js-api-loading");_.I(f,
48)&&_.I(f,48)!=="async"&&console.warn(`Google Maps JavaScript API has been loaded with loading=${_.I(f,48)}. "${_.I(f,48)}" is not a valid value for loading in this version of the API.`);var g;_.Ug(f,13)===0&&(g=_.jl(153157,{Lw:"maps/api/js?"}));var h=_.jl(218824,{Lw:"maps/api/js?"});switch(_.nq("maps/api/js?")){case 1:_.M(_.Xa,233176);break;case 0:_.M(_.Xa,233178)}_.Cq=tfa(Nca(_.F(f,Iga,5)),f.th(),f.xh(),f.zh());_.Jga=vfa(Nca(_.F(f,Iga,5)));_.Dq=wfa();Kga(f,p=>{p.blockedURI&&p.blockedURI.includes("/maps/api/mapsjs/gen_204?csp_test=true")&&
_.M(_.Xa,149596)});for(a=0;a<_.jg(f,9,_.He,3,!0).length;++a)_.pp[_.Vg(f,9,a)]=!0;a=_.Ok(f);gga(_.Nk(a));d=Ufa();_.Al(d,(p,q)=>{b[p]=q});b.version=a.rh();Lga||(Lga=!0,_.Zn("gmp-map",Eq));_.hl()&&$da();setTimeout(()=>{_.dl("util").then(p=>{_.Hg(f,43)||p.XJ.qh();p.dM();e&&_.M(window,155846);switch(_.Xa.navigator.connection?.effectiveType){case "slow-2g":_.M(_.Xa,166473);break;case "2g":_.M(_.Xa,166474);break;case "3g":_.M(_.Xa,166475);break;case "4g":_.M(_.Xa,166476)}})},5E3);qp(_.rp)?console.error("The Google Maps JavaScript API does not support this browser. See https://developers.google.com/maps/documentation/javascript/error-messages#unsupported-browsers"):
_.Oea()&&console.error("The Google Maps JavaScript API has deprecated support for this browser. See https://developers.google.com/maps/documentation/javascript/error-messages#unsupported-browsers");c&&_.M(_.Xa,157585);b.importLibrary=p=>Xfa(p,!0,!0);_.pp[35]&&(b.logger={beginAvailabilityEvent:_.jl,cancelAvailabilityEvent:_.ll,endAvailabilityEvent:_.kl,maybeReportFeatureOnce:_.M},b.embedFeatures={isVerticalPlaceCardLayoutEnabled:()=>!!_.fl?.Ah(),isExperimentationLoggingEnabled:()=>(_.fl?.yh()?.length??
0)>0});a=[];if(!c)for(c=_.Ug(f,13),d=0;d<c;d++)a.push(Xfa(_.Tg(f,13,d)));var k=_.I(f,12);k?Promise.all(a).then(()=>{g&&_.kl(g,0);_.kl(h,0);Mga(k)()}):(g&&_.kl(g,0),_.kl(h,0));var m=()=>{document.readyState==="complete"&&(document.removeEventListener("readystatechange",m),setTimeout(()=>{[...(new Set([...document.querySelectorAll("*")].map(p=>p.localName)))].some(p=>p.includes("-")&&!p.match(/^gmpx?-/))&&_.M(_.Xa,179117)},1E3))};document.addEventListener("readystatechange",m);m()};
Mga=function(a){var b=a.split("."),c=_.Xa,d=_.Xa;for(let e=0;e<b.length;e++)if(d=c,c=c[b[e]],!c)throw _.Wl(a+" is not a function");return function(){c.apply(d)}};
Ega=function(){var a=!1,b=d=>{setTimeout(()=>{_.M(_.Xa,d)},0)};for(var c in Object.prototype)_.Xa.console&&_.Xa.console.error("This site adds property `"+c+"` to Object.prototype. Extending Object.prototype breaks JavaScript for..in loops, which are used heavily in Google Maps JavaScript API v3."),a=!0,b(149594);Array.from(new Set([42]))[0]!==42&&(_.Xa.console&&_.Xa.console.error("This site overrides Array.from() with an implementation that doesn't support iterables, which could cause Google Maps JavaScript API v3 to not work correctly."),
a=!0,b(149590));_.Xa.Prototype&&(b(149595),a=!0);_.Xa.MooTools&&(b(149593),a=!0);[1,2].values()[Symbol.iterator]||(b(149591),a=!0);typeof Date.now()!=="number"&&(_.Xa.console&&_.Xa.console.error("This site overrides Date.now() with an implementation that doesn't return the number of milliseconds since January 1, 1970 00:00:00 UTC, which could cause Google Maps JavaScript API v3 to not work correctly."),a=!0,b(149592));try{c=class extends HTMLElement{},_.Zn("gmp-internal-element-support-verification",
c),new c}catch(d){_.Xa.console&&_.Xa.console.error("This site cannot instantiate custom HTMLElement subclasses, which could cause Google Maps JavaScript API v3 to not work correctly."),a=!0,b(219995)}return a};Fga=function(a){(a="version"in a)&&_.Xa.console&&_.Xa.console.error("You have included the Google Maps JavaScript API multiple times on this page. This may cause unexpected errors.");return a};
Kga=function(a,b){if(a.rh()&&_.Mk(a.rh()))try{document.addEventListener("securitypolicyviolation",b),Oga.send(_.Mk(a.rh())+"/maps/api/mapsjs/gen_204?csp_test=true")}catch(c){}};_.Jq=function(a,b,c){switch(Rba(c.code).toString()[0]){case "2":return null;case "3":return new Fq(a,b,Gq(c));case "4":return new _.Hq(a,b,Gq(c));case "5":return new _.Iq(a,b,Gq(c));default:return new _.Iq(a,b,Gq(c))}};
Gq=function(a){switch(a.code){case 0:return"OK";case 1:return"CANCELLED";case 2:return"UNKNOWN";case 3:return"INVALID_ARGUMENT";case 4:return"DEADLINE_EXCEEDED";case 5:return"NOT_FOUND";case 6:return"ALREADY_EXISTS";case 7:return"PERMISSION_DENIED";case 16:return"UNAUTHENTICATED";case 8:return"RESOURCE_EXHAUSTED";case 9:return"FAILED_PRECONDITION";case 10:return"ABORTED";case 11:return"OUT_OF_RANGE";case 12:return"UNIMPLEMENTED";case 13:return"INTERNAL";case 14:return"UNAVAILABLE";case 15:return"DATA_LOSS";
default:return"UNKNOWN"}};_.Pga=function(a,b={}){var c=_.fl?.rh(),d=b.language??c?.rh();d&&a.searchParams.set("hl",d);(d=b.region)?a.searchParams.set("gl",d):(d=c?.th(),c=c?.xh(),d&&!c&&a.searchParams.set("gl",d));a.searchParams.set("source",b.source??!!_.pp[35]?"embed":"apiv3");return a};da=[];Aa=Object.defineProperty;xa=globalThis;ya=typeof Symbol==="function"&&typeof Symbol("x")==="symbol";wa={};ka={};ra="Int8 Uint8 Uint8Clamped Int16 Uint16 Int32 Uint32 Float32 Float64".split(" ");
xa.BigInt64Array&&(ra.push("BigInt64"),ra.push("BigUint64"));ta("Symbol.dispose",function(a){return a?a:Symbol("Symbol.dispose")},"es_next");ta("String.prototype.replaceAll",function(a){return a?a:function(b,c){if(b instanceof RegExp&&!b.global)throw new TypeError("String.prototype.replaceAll called with a non-global RegExp argument.");return b instanceof RegExp?this.replace(b,c):this.replace(new RegExp(String(b).replace(/([-()\[\]{}+?*.$\^|,:#<!\\])/g,"\\$1").replace(/\x08/g,"\\x08"),"g"),c)}},"es_2021");
ta("Array.prototype.at",function(a){return a?a:Ba},"es_next");aaa("at",function(a){return a?a:Ba},"es_next");ta("String.prototype.at",function(a){return a?a:Ba},"es_next");ta("Set.prototype.union",function(a){return a?a:function(b){Qa(this);Fa(b);var c=new Set(this);b=Ka(b.keys());for(var d=b.next();!d.done;)c.add(d.value),d=b.next();return c}},"es_next");
ta("Set.prototype.isDisjointFrom",function(a){return a?a:function(b){Qa(this);Fa(b);var c=this.size<=b.size?{YJ:this.keys(),HI:b}:{YJ:Ka(b.keys()),HI:this};b=c.YJ;c=c.HI;for(var d=b.next();!d.done;){if(c.has(d.value))return!1;d=b.next()}return!0}},"es_next");ta("Promise.withResolvers",function(a){return a?a:function(){var b,c;return{promise:new Promise(function(d,e){b=d;c=e}),resolve:b,reject:c}}},"es_next");var jk,fb,baa;jk=jk||{};_.Xa=this||self;fb="closure_uid_"+(Math.random()*1E9>>>0);baa=0;_.ub(_.vb,Error);_.vb.prototype.name="CustomError";_.ub(wb,_.vb);wb.prototype.name="AssertionError";var zh=!0,yh,yb;var Kq=Ua(1,!0),Lb=Ua(610401301,!1);Ua(899588437,!1);Ua(772657768,!0);Ua(513659523,!1);Ua(568333945,!0);Ua(1331761403,!0);Ua(651175828,!1);Ua(722764542,!1);Ua(748402145,!1);Ua(748402146,!1);var Ff=Ua(748402147,!0);Ua(1602613185,!0);Ua(861377723,!1);Ua(861377724,!1);Ua(869336903,!1);Ua(882674507,!1);Ua(869336904,Kq);Ua(869336905,Kq);Ua(283953155,!1);Ua(919444824,!0);Ua(928875398,!0);Ua(683749201,!1);Ua(2147483644,!1);Ua(2147483645,!1);Ua(2147483646,Kq);Ua(2147483647,!0);var Qga;Qga=_.Xa.navigator;_.Ob=Qga?Qga.userAgentData||null:null;Gc[" "]=function(){};var Sga,Oq;_.Rga=_.Zb();_.Lq=_.ec();Sga=_.Xb("Edge");_.Tga=_.Xb("Gecko")&&!(_.Jb()&&!_.Xb("Edge"))&&!(_.Xb("Trident")||_.Xb("MSIE"))&&!_.Xb("Edge");_.Mq=_.Jb()&&!_.Xb("Edge");_.Uga=_.sc();_.Nq=_.tc();_.Vga=pc()?_.Ob.platform==="Android":_.Xb("Android");_.Wga=rc();_.Xga=_.Xb("iPad");_.Yga=_.Xb("iPod");
a:{let a="",b=function(){var c=_.Ib();if(_.Tga)return/rv:([^\);]+)(\)|;)/.exec(c);if(Sga)return/Edge\/([\d\.]+)/.exec(c);if(_.Lq)return/\b(?:MSIE|rv)[: ]([^\);]+)(\)|;)/.exec(c);if(_.Mq)return/WebKit\/(\S+)/.exec(c);if(_.Rga)return/(?:Version)[ \/]?(\S+)/.exec(c)}();b&&(a=b?b[1]:"");if(_.Lq){var Pq;let c=_.Xa.document;Pq=c?c.documentMode:void 0;if(Pq!=null&&Pq>parseFloat(a)){Oq=String(Pq);break a}}Oq=a}_.Zga=Oq;_.$ga=_.lc();_.aha=rc()||_.Xb("iPod");_.bha=_.Xb("iPad");_.cha=_.mc();_.dha=_.oc()&&!(rc()||_.Xb("iPad")||_.Xb("iPod"));var Ic={},Pc=null;var Qc,eaa,eha;Qc=/[-_.]/g;eaa={"-":"+",_:"/",".":"="};_.Zc={};eha=typeof structuredClone!="undefined";var Xc;_.Yc=class{isEmpty(){return this.qh==null}constructor(a,b){hd(b);this.qh=a;if(a!=null&&a.length===0)throw Error("ByteString should be constructed with non-empty values");}};_.fha=eha?(a,b)=>Promise.resolve(structuredClone(a,{transfer:b})):gaa;var wd=void 0;var ug,eg,maa,naa,saa,Nd,paa;_.hf=zd();ug=zd();eg=zd();_.gha=zd();_.mf=zd();maa=zd();naa=zd();_.ji=zd();saa=zd();Nd=zd("m_m",!0);paa=zd();_.qf=zd();var hha;_.Bd=zd("jas",!0);hha=[];hha[_.Bd]=7;_.cg=Object.freeze(hha);var Od,uaa,cj,ae;Od={};_.Rd={};uaa=Object.freeze({});_.vg=Object.freeze({});cj={};ae={};var iaa,haa,iha;iaa=_.ce(a=>typeof a==="number");haa=_.ce(a=>typeof a==="string");iha=_.ce(a=>typeof a==="bigint");_.Qq=_.ce(a=>a!=null&&typeof a==="object"&&typeof a.then==="function");_.jha=_.ce(a=>typeof a==="function");var kha,lha;_.Dba=_.ce(a=>iha(a));_.wf=_.ce(a=>a>=kha&&a<=lha);kha=BigInt(Number.MIN_SAFE_INTEGER);lha=BigInt(Number.MAX_SAFE_INTEGER);_.ge=0;_.he=0;var Ee,jaa;_.Pe=typeof BigInt==="function"?BigInt.asIntN:void 0;_.af=typeof BigInt==="function"?BigInt.asUintN:void 0;_.We=Number.isSafeInteger;Ee=Number.isFinite;_.Ve=Math.trunc;jaa=/^-?([1-9][0-9]*|0)(\.[0-9]+)?$/;var qaa={};_.Rq=_.tb(_.gha);var laa;_.pf=class{};laa={EP:!0};var uf;_.Hga=eha?structuredClone:a=>vf(a,0,xf);var Bf;_.Kg=_.fe(0);var mha=class{constructor(){if(cj!==cj)throw Error();}};var Gh,xaa,yaa,zaa,Kh,waa,Ih,Jh;_.Eh=class{constructor(a,b){this.lo=a>>>0;this.hi=b>>>0}};_.nha=class{constructor(){this.qh=[]}length(){return this.qh.length}end(){var a=this.qh;this.qh=[];return a}};_.oha=class{constructor(){this.sh=[];this.rh=0;this.qh=new _.nha}};var mi,bba,ai,Pba;mi=Yh();bba=Yh();ai=Yh();_.rj=Yh();_.vj=Yh();_.sj=Yh();_.zj=Yh();_.xj=Yh();_.Bj=Yh();_.yj=Yh();_.Aj=Yh();_.Dj=Yh();_.Fj=Yh();_.Ej=Yh();_.Gj=Yh();Pba=Yh();_.uj=Yh();_.tj=Yh();_.wj=Yh();_.Cj=Yh();_.J=class{constructor(a,b){this.Ni=Df(a,b,void 0,2048)}toJSON(){return _.zf(this)}cj(a){return JSON.stringify(_.zf(this,a))}getExtension(a){_.tf(this.Ni,a.qh);_.rf(this,a.qh,a.th);return a.Tn?a.gw?a.sh(this,a.Tn,a.qh,_.ag(),a.rh):a.sh(this,a.Tn,a.qh,a.rh):a.gw?a.sh(this,a.qh,_.ag(),a.rh):a.sh(this,a.qh,a.defaultValue,a.rh)}clone(){var a=this.Ni,b=a[_.Bd]|0;return _.Hf(this,a,b)?If(this,a,!0):new this.constructor(_.Gf(a,b,!1))}wh(){var a=this.Ni,b=a[_.Bd]|0;return _.Sd(this,b)?this:_.Hf(this,a,b)?
If(this,a):new this.constructor(_.Gf(a,b,!0))}};_.J.prototype.sh=_.ea(1);_.J.prototype.qh=_.ea(0);_.J.prototype[Nd]=Od;_.J.prototype.toString=function(){return this.Ni.toString()};var $h,Haa,Iaa,Jaa,Naa,Hba,ei;$h=class{constructor(a,b,c,d){this.xC=a;this.yC=b;this.Pt=c;this.qh=d;a=_.tb(ai);(a=!!a&&d===a)||(a=_.tb(_.rj),a=!!a&&d===a);this.rh=a}};Haa=_.bi(function(a,b,c,d,e){if(a.qh!==2)return!1;_.Bh(a,_.xg(b,d,c),e);return!0},Gaa);Iaa=_.bi(function(a,b,c,d,e){if(a.qh!==2)return!1;_.Bh(a,_.xg(b,d,c),e);return!0},Gaa);Jaa=Symbol();Naa=Symbol();Hba=Symbol();_.Sq=Symbol();var pha;pha=_.fe(0);_.qha=Symbol();_.Tq=_.li(function(a,b,c){if(a.qh!==1)return!1;_.oi(b,c,_.wh(a.rh));return!0},_.pi,_.tj);_.Uq=_.li(function(a,b,c){return _.Uaa(a,b,c)},_.qi,_.Dj);_.Vq=_.ni(_.Vaa,function(a,b,c){b=_.ki(_.cf,b,!1);if(b!=null)for(let d=0;d<b.length;d++)Baa(a,c,b[d])},_.Dj);_.Wq=_.li(function(a,b,c){a.qh!==0?b=!1:(a=_.uh(a.rh),_.oi(b,c,a===pha?void 0:a),b=!0);return b},_.qi,_.Dj);_.Q=_.li(function(a,b,c){if(a.qh!==0)return!1;_.oi(b,c,_.sh(a.rh));return!0},_.ri,_.zj);
_.Xq=_.ni(_.Waa,function(a,b,c){b=_.ki(_.Le,b,!0);if(b!=null&&b.length){c=_.Sh(a,c);for(let d=0;d<b.length;d++)_.Ph(a.qh,b[d]);_.Vh(a,c)}},_.zj);_.Yq=_.li(function(a,b,c){if(a.qh!==0)return!1;a=_.sh(a.rh);_.oi(b,c,a===0?void 0:a);return!0},_.ri,_.zj);_.R=_.li(function(a,b,c){if(a.qh!==0)return!1;_.oi(b,c,_.rh(a.rh));return!0},_.si,_.vj);_.X=_.li(function(a,b,c){if(a.qh!==2)return!1;_.oi(b,c,_.Ch(a));return!0},_.ti,_.sj);
_.Zq=_.ni(function(a,b,c){if(a.qh!==2)return!1;a=_.Ch(a);_.Uf(b,b[_.Bd]|0,c).push(a);return!0},function(a,b,c){b=_.ki(_.ff,b,!0);if(b!=null)for(let g=0;g<b.length;g++){var d=a,e=c,f=b[g];f!=null&&_.Wh(d,e,Ab(f))}},_.sj);_.Y=_.Qaa(function(a,b,c,d,e){if(a.qh!==2)return!1;_.Bh(a,_.Raa(b,d,c),e);return!0},function(a,b,c,d,e){_.Paa(a,b,c,d,e,_.Saa)});_.$q=_.li(function(a,b,c){if(a.qh!==0)return!1;_.oi(b,c,_.th(a.rh));return!0},_.Taa,_.xj);
_.Z=_.li(function(a,b,c){if(a.qh!==0)return!1;_.oi(b,c,_.sh(a.rh));return!0},_.ui,_.Cj);_.ar=_.ni(_.Xaa,function(a,b,c){b=_.ki(_.Le,b,!0);if(b!=null)for(let d=0;d<b.length;d++)Caa(a,c,b[d])},_.Cj);var fba=Symbol(),gba=Symbol(),Zaa=class{constructor(a,b){this.fC=a;this.gw=b;this.isMap=!1}},Yaa=class{constructor(a,b,c,d,e){this.jA=a;this.fC=b;this.gw=c;this.isMap=d;this.oQ=e}};var rha=new Map,dba=class extends mha{constructor(a,b){super();this.qh=b;if(cj!==cj)throw Error();rha.set(a,this)}};var eba=class{constructor(a,b,c,d){this.qh=a;this.Tn=c;this.gw=0;this.sh=_.yg;this.wh=_.Cg;this.defaultValue=void 0;this.rh=b.tT!=null?ae:void 0;this.th=d}register(){Gc(this)}};_.br=class extends _.J{constructor(a){super(a)}wk(){return _.Mg(this,1)}Uk(){return _.Mg(this,2)}};_.cr=class extends _.J{constructor(a){super(a)}th(){return _.yg(this,_.br,1)}rh(){return _.yg(this,_.br,2)}};var tca=class extends _.J{constructor(a){super(a)}getValue(){var a=_.Pf(this,2);if(Array.isArray(a)||a instanceof _.J)throw Error("Cannot access the Any.value field on Any protos encoded using the jspb format, call unpackJspb instead");return _.mg(this,2)}setValue(a){if(a==null)a=this;else if(Array.isArray(a))a=_.Rf(this,2,vf(a,0,xf));else if(typeof a==="string"||a instanceof _.Yc||_.Vc(a))a=og(this,2,_.Xd(a,!1),_.ad());else throw Error("invalid value in Any.value field: "+a+" expected a ByteString, a base64 encoded string, a Uint8Array or a jspb array");
return a}};_.dr=class extends _.J{constructor(a){super(a)}};_.dr.prototype.rh=_.ea(2);_.Aq=class extends _.J{constructor(a){super(a)}rh(){var a=Number(_.Og(this)),b=_.Ig(this,2);return new Date(a*1E3+b/1E6)}};_.er=[0,_.Wq,_.Yq];var sca;_.fr=class extends _.J{constructor(a){super(a)}getMessage(){return _.I(this,2)}};sca=_.zi(_.fr);_.gr=class extends _.J{constructor(a){super(a)}getId(){return _.I(this,1)}rh(){return _.I(this,2)}};_.hr=class extends _.J{constructor(a){super(a)}ci(){return _.I(this,1)}Mi(){return _.I(this,2)}};_.ir=class extends _.J{constructor(a){super(a)}};_.jr=class extends _.J{constructor(a){super(a)}Mi(){return _.I(this,3)}};var jba="constructor hasOwnProperty isPrototypeOf propertyIsEnumerable toLocaleString toString valueOf".split(" ");var kr=globalThis.trustedTypes,lba=kr,Gi;_.Ii=class{constructor(a){this.qh=a}toString(){return this.qh+""}};_.Li=class{constructor(a){this.qh=a}toString(){return this.qh}};_.lr=_.Mi("about:invalid#zClosurez");var xba;_.Ni=class{constructor(a){this.Cj=a}};_.sha=[Oi("data"),Oi("http"),Oi("https"),Oi("mailto"),Oi("ftp"),new _.Ni(a=>/^[^:]*([/?#]|$)/.test(a))];xba=["data:","http:","https:","mailto:","ftp:"];var Pi=class{constructor(a){this.qh=a}toString(){return this.qh+""}},bea=new Pi(kr?kr.emptyHTML:"");_.Ti=class{constructor(a){this.qh=a}toString(){return this.qh}};_.Wi=RegExp("^(?:([^:/?#.]+):)?(?://(?:([^\\\\/?#]*)@)?([^\\\\/?#]*?)(?::([0-9]+))?(?=[\\\\/?#]|$))?([^?#]+)?(?:\\?([^#]*))?(?:#([\\s\\S]*))?$");_.mr=class{constructor(a,b,c,d,e){this.sh=a;this.qh=b;this.th=c;this.wh=d;this.rh=e}};_.tha=new _.mr(new Set("ARTICLE SECTION NAV ASIDE H1 H2 H3 H4 H5 H6 HEADER FOOTER ADDRESS P HR PRE BLOCKQUOTE OL UL LH LI DL DT DD FIGURE FIGCAPTION MAIN DIV EM STRONG SMALL S CITE Q DFN ABBR RUBY RB RT RTC RP DATA TIME CODE VAR SAMP KBD SUB SUP I B U MARK BDI BDO SPAN BR WBR NOBR INS DEL PICTURE PARAM TRACK MAP TABLE CAPTION COLGROUP COL TBODY THEAD TFOOT TR TD TH SELECT DATALIST OPTGROUP OPTION OUTPUT PROGRESS METER FIELDSET LEGEND DETAILS SUMMARY MENU DIALOG SLOT CANVAS FONT CENTER ACRONYM BASEFONT BIG DIR HGROUP STRIKE TT".split(" ")),
new Map([["A",new Map([["href",{Pm:7}]])],["AREA",new Map([["href",{Pm:7}]])],["LINK",new Map([["href",{Pm:5,conditions:new Map([["rel",new Set("alternate author bookmark canonical cite help icon license next prefetch dns-prefetch prerender preconnect preload prev search subresource".split(" "))]])}]])],["SOURCE",new Map([["src",{Pm:5}],["srcset",{Pm:6}]])],["IMG",new Map([["src",{Pm:5}],["srcset",{Pm:6}]])],["VIDEO",new Map([["src",{Pm:5}]])],["AUDIO",new Map([["src",{Pm:5}]])]]),new Set("title aria-atomic aria-autocomplete aria-busy aria-checked aria-current aria-disabled aria-dropeffect aria-expanded aria-haspopup aria-hidden aria-invalid aria-label aria-level aria-live aria-multiline aria-multiselectable aria-orientation aria-posinset aria-pressed aria-readonly aria-relevant aria-required aria-selected aria-setsize aria-sort aria-valuemax aria-valuemin aria-valuenow aria-valuetext alt align autocapitalize autocomplete autocorrect autofocus autoplay bgcolor border cellpadding cellspacing checked cite color cols colspan controls controlslist coords crossorigin datetime disabled download draggable enctype face formenctype frameborder height hreflang hidden inert ismap label lang loop max maxlength media minlength min multiple muted nonce open playsinline placeholder preload rel required reversed role rows rowspan selected shape size sizes slot span spellcheck start step summary translate type usemap valign value width wrap itemscope itemtype itemid itemprop itemref".split(" ")),
new Map([["dir",{Pm:3,conditions:new Map([["dir",new Set(["auto","ltr","rtl"])]])}],["async",{Pm:3,conditions:new Map([["async",new Set(["async"])]])}],["loading",{Pm:3,conditions:new Map([["loading",new Set(["eager","lazy"])]])}],["poster",{Pm:5}],["target",{Pm:3,conditions:new Map([["target",new Set(["_self","_blank"])]])}]]));_.uha=class{constructor(a,b,c,d,e){this.sh=a;this.wh=b;this.th=c;this.qh=d;this.rh=e}sanitizeAssertUnchanged(a){return _.aj(this,a)}createTextNode(a){return document.createTextNode(a)}};_.nr=new _.uha(_.tha);var vha=class extends _.J{constructor(a){super(a,500)}};var kj=class extends _.J{constructor(a){super(a,500)}};var ej=class extends _.J{constructor(a){super(a)}getName(){return _.I(this,1)}setOptions(a){return _.Cg(this,kj,3,a)}};var zba=_.yi(class extends _.J{constructor(a){super(a)}getName(){return _.I(this,1)}setValue(a,b){return _.$f(this,2,ej,a,b)}setOptions(a){return _.Cg(this,vha,3,a)}rh(){return _.Ng(this,6)}fl(a){return _.hh(this,6,a)}});var yba=Symbol();var Eaa=_.wi(998,kj,class extends _.J{constructor(a){super(a)}});var dj=Symbol(),Cba=Symbol(),mj=Symbol();_.tj.Bm="d";_.uj.Bm="f";_.zj.Bm="i";_.Dj.Bm="j";_.xj.Bm="u";_.Fj.Bm="v";_.vj.Bm="b";_.Cj.Bm="e";_.sj.Bm="s";_.wj.Bm="B";ai.Bm="m";_.rj.Bm="m";_.yj.Bm="x";_.Gj.Bm="y";_.Aj.Bm="g";Pba.Bm="h";_.Bj.Bm="n";_.Ej.Bm="o";var Nba=RegExp("[+/]","g"),Oba=RegExp("[.=]+$"),Lba=RegExp("(\\*)","g"),Mba=RegExp("(!)","g"),Kba=RegExp("^[-A-Za-z0-9_.!~*() ]*$");var Jba=RegExp("'","g");_.or=typeof AsyncContext!=="undefined"&&typeof AsyncContext.Snapshot==="function"?a=>a&&AsyncContext.Snapshot.wrap(a):a=>a;var Ica=new Set(["SAPISIDHASH","APISIDHASH"]);_.ok=class extends Error{constructor(a,b,c={}){super(b);this.code=a;this.metadata=c;this.name="RpcError";Object.setPrototypeOf(this,new.target.prototype)}toString(){var a=`RpcError(${_.Hj(this.code)||String(this.code)})`;this.message&&(a+=": "+this.message);return a}};_.Ij.prototype.Lh=!1;_.Ij.prototype.yh=function(){return this.Lh};_.Ij.prototype.dispose=function(){this.Lh||(this.Lh=!0,this.Ck())};_.Ij.prototype[_.la(Symbol,"dispose")]=function(){this.dispose()};_.Ij.prototype.Ck=function(){if(this.Jh)for(;this.Jh.length;)this.Jh.shift()()};_.Jj.prototype.stopPropagation=function(){this.rh=!0};_.Jj.prototype.preventDefault=function(){this.defaultPrevented=!0};_.ub(_.Kj,_.Jj);
_.Kj.prototype.init=function(a,b){var c=this.type=a.type,d=a.changedTouches&&a.changedTouches.length?a.changedTouches[0]:null;this.target=a.target||a.srcElement;this.currentTarget=b;b=a.relatedTarget;b||(c=="mouseover"?b=a.fromElement:c=="mouseout"&&(b=a.toElement));this.relatedTarget=b;d?(this.clientX=d.clientX!==void 0?d.clientX:d.pageX,this.clientY=d.clientY!==void 0?d.clientY:d.pageY,this.screenX=d.screenX||0,this.screenY=d.screenY||0):(this.offsetX=_.Mq||a.offsetX!==void 0?a.offsetX:a.layerX,
this.offsetY=_.Mq||a.offsetY!==void 0?a.offsetY:a.layerY,this.clientX=a.clientX!==void 0?a.clientX:a.pageX,this.clientY=a.clientY!==void 0?a.clientY:a.pageY,this.screenX=a.screenX||0,this.screenY=a.screenY||0);this.button=a.button;this.keyCode=a.keyCode||0;this.key=a.key||"";this.charCode=a.charCode||(c=="keypress"?a.keyCode:0);this.ctrlKey=a.ctrlKey;this.altKey=a.altKey;this.shiftKey=a.shiftKey;this.metaKey=a.metaKey;this.pointerId=a.pointerId||0;this.pointerType=a.pointerType;this.state=a.state;
this.timeStamp=a.timeStamp;this.qh=a;a.defaultPrevented&&_.Kj.er.preventDefault.call(this)};_.Kj.prototype.stopPropagation=function(){_.Kj.er.stopPropagation.call(this);this.qh.stopPropagation?this.qh.stopPropagation():this.qh.cancelBubble=!0};_.Kj.prototype.preventDefault=function(){_.Kj.er.preventDefault.call(this);var a=this.qh;a.preventDefault?a.preventDefault():a.returnValue=!1};var Sba="closure_listenable_"+(Math.random()*1E6|0);var Tba=0;Nj.prototype.add=function(a,b,c,d,e){var f=a.toString();a=this.bi[f];a||(a=this.bi[f]=[],this.qh++);var g=Pj(a,b,d,e);g>-1?(b=a[g],c||(b.kA=!1)):(b=new Uba(b,this.src,f,!!d,e),b.kA=c,a.push(b));return b};Nj.prototype.remove=function(a,b,c,d){a=a.toString();if(!(a in this.bi))return!1;var e=this.bi[a];b=Pj(e,b,c,d);return b>-1?(Mj(e[b]),_.Ac(e,b),e.length==0&&(delete this.bi[a],this.qh--),!0):!1};var Vj="closure_lm_"+(Math.random()*1E6|0),Xj={},Zba=0,Yj="__closure_events_fn_"+(Math.random()*1E9>>>0);_.ub(_.ek,_.Ij);_.ek.prototype[Sba]=!0;_.ek.prototype.addEventListener=function(a,b,c,d){_.Rj(this,a,b,c,d)};_.ek.prototype.removeEventListener=function(a,b,c,d){aca(this,a,b,c,d)};
_.ek.prototype.dispatchEvent=function(a){var b=this.Xj;if(b){var c=[];for(var d=1;b;b=b.Xj)c.push(b),++d}b=this.vv;d=a.type||a;if(typeof a==="string")a=new _.Jj(a,b);else if(a instanceof _.Jj)a.target=a.target||b;else{var e=a;a=new _.Jj(d,b);_.kba(a,e)}e=!0;var f;if(c)for(f=c.length-1;!a.rh&&f>=0;f--){var g=a.currentTarget=c[f];e=fk(g,d,!0,a)&&e}a.rh||(g=a.currentTarget=b,e=fk(g,d,!0,a)&&e,a.rh||(e=fk(g,d,!1,a)&&e));if(c)for(f=0;!a.rh&&f<c.length;f++)g=a.currentTarget=c[f],e=fk(g,d,!1,a)&&e;return e};
_.ek.prototype.Ck=function(){_.ek.er.Ck.call(this);this.Mp&&_.Vba(this.Mp);this.Xj=null};var wha;_.ub(gk,eca);gk.prototype.qh=function(){return new XMLHttpRequest};wha=new gk;_.ub(_.hk,_.ek);var ica=/^https?$/i,xha=["POST","PUT"];_.aa=_.hk.prototype;_.aa.VG=_.ea(6);
_.aa.send=function(a,b,c,d){if(this.qh)throw Error("[goog.net.XhrIo] Object is active with another request="+this.Ah+"; newUri="+a);if(typeof b==="string")var e=b;else if(b){var f=b;e=f.method;c??(c=f.body);d??(d=f.headers)}e=e?e.toUpperCase():"GET";this.Ah=a;this.xh="";this.sh=0;this.Fh=!1;this.rh=!0;this.qh=this.Ih?this.Ih.qh(f):wha.qh();this.qh.onreadystatechange=(0,_.or)((0,_.pb)(this.kJ,this));try{this.getStatus(),this.Gh=!0,this.qh.open(e,String(a),!0),this.Gh=!1}catch(h){this.getStatus();gca(this,
h);return}a=c||"";b=new Map(this.headers);if(d)if(Object.getPrototypeOf(d)===Object.prototype)for(var g in d)b.set(g,d[g]);else if(typeof d.keys==="function"&&typeof d.get==="function")for(let h of d.keys())b.set(h,d.get(h));else throw Error("Unknown input type for opt_headers: "+String(d));d=Array.from(b.keys()).find(h=>"content-type"==h.toLowerCase());g=_.Xa.FormData&&a instanceof _.Xa.FormData;!_.xc(xha,e)||d||g||b.set("Content-Type","application/x-www-form-urlencoded;charset=utf-8");for(let [h,
k]of b)this.qh.setRequestHeader(h,k);this.Eh&&(this.qh.responseType=this.Eh);"withCredentials"in this.qh&&this.qh.withCredentials!==this.zh&&(this.qh.withCredentials=this.zh);try{this.th&&(clearTimeout(this.th),this.th=null),this.Bh>0&&(this.getStatus(),this.th=setTimeout(this.pv.bind(this),this.Bh)),this.getStatus(),this.Dh=!0,this.qh.send(a),this.Dh=!1}catch(h){this.getStatus(),gca(this,h)}};
_.aa.pv=function(){typeof jk!="undefined"&&this.qh&&(this.xh="Timed out after "+this.Bh+"ms, aborting",this.sh=8,this.getStatus(),this.dispatchEvent("timeout"),this.abort(8))};_.aa.abort=function(a){this.qh&&this.rh&&(this.getStatus(),this.rh=!1,this.wh=!0,this.qh.abort(),this.wh=!1,this.sh=a||7,this.dispatchEvent("complete"),this.dispatchEvent("abort"),ik(this))};_.aa.Ck=function(){this.qh&&(this.rh&&(this.rh=!1,this.wh=!0,this.qh.abort(),this.wh=!1),ik(this,!0));_.hk.er.Ck.call(this)};
_.aa.kJ=function(){this.yh()||(this.Gh||this.Dh||this.wh?hca(this):this.dP())};_.aa.dP=function(){hca(this)};_.aa.isActive=function(){return!!this.qh};_.aa.Nm=function(){return _.kk(this)==4};_.aa.getStatus=function(){try{return _.kk(this)>2?this.qh.status:-1}catch(a){return-1}};_.aa.Lr=function(){try{return this.qh?this.qh.responseText:""}catch(a){return""}};_.aa.getAllResponseHeaders=function(){return this.qh&&_.kk(this)>=2?this.qh.getAllResponseHeaders()||"":""};var lca=class{constructor(a,b,c){this.hF=a;this.bJ=b;this.metadata=c}getMetadata(){return this.metadata}};var nca=class{constructor(a,b={}){this.CP=a;this.metadata=b;this.status=null}getMetadata(){return this.metadata}getStatus(){return this.status}};_.pr=class{constructor(a,b,c,d){this.name=a;this.Cw=b;this.rh=c;this.qh=d}getName(){return this.name}};var Lca=class{constructor(a,b){this.rh=[];this.th=[];this.wh=[];this.sh=[];this.qh=[];this.xh=a.NO;this.yh=b;this.ij=a.ij;this.xh&&rca(this)}fp(a,b){a==="data"?this.rh.push(b):a==="metadata"?this.th.push(b):a==="status"?this.wh.push(b):a==="end"?this.sh.push(b):a==="error"&&this.qh.push(b)}removeListener(a,b){a==="data"?sk(this.rh,b):a==="metadata"?sk(this.th,b):a==="status"?sk(this.wh,b):a==="end"?sk(this.sh,b):a==="error"&&sk(this.qh,b);return this}cancel(){this.ij.abort()}},uca=class extends Error{constructor(){super();
this.name="AsyncStack";Object.setPrototypeOf(this,new.target.prototype)}};_.ub(tk,eca);tk.prototype.qh=function(a){var b=new uk(this.th,this.rh,this.sh);a&&(b.rh=a);return b};_.ub(uk,_.ek);_.aa=uk.prototype;_.aa.open=function(a,b){if(this.readyState!=0)throw this.abort(),Error("Error reopening a connection");this.Gh=a;this.th=b;this.readyState=1;vk(this)};
_.aa.send=function(a){if(this.readyState!=1)throw this.abort(),Error("need to call open() first. ");var b=this.rh?.signal?AbortSignal.any([this.rh.signal,this.Eh.signal]):this.Eh.signal;if(b.aborted)throw this.abort(),Error("Request was aborted.");this.qh=!0;b={...this.rh,headers:this.Fh,method:this.Gh,credentials:this.rh?.credentials??this.Ah,cache:this.rh?.cache??void 0,signal:b};a&&(b.body=a);(this.Ih||_.Xa).fetch(new Request(this.th,b)).then(this.zN.bind(this),this.UA.bind(this))};
_.aa.abort=function(){this.response=this.xh||this.Bh?[]:"";this.responseText="";this.Fh=new Headers;this.status=0;this.Eh.abort("Request was aborted.");this.wh&&this.wh.cancel("Request was aborted.").catch(()=>{});this.readyState>=1&&this.qh&&this.readyState!=4&&(this.qh=!1,wk(this));this.readyState=0};
_.aa.zN=function(a){if(this.qh&&(this.zh=a,this.sh||(this.status=this.zh.status,this.statusText=this.zh.statusText,this.sh=a.headers,this.readyState=2,vk(this)),this.qh&&(this.readyState=3,vk(this),this.qh)))if(this.responseType==="arraybuffer")a.arrayBuffer().then(this.xN.bind(this),this.UA.bind(this));else if(a.body&&_.Xa.ReadableStream){this.wh=a.body.getReader();if(this.xh||this.Bh){if(this.responseType)throw Error('responseType must be empty for "streamBinaryChunks" or "streamTextChunks" mode responses.');
this.response=[]}else this.response=this.responseText="";this.xh||(this.Dh=new TextDecoder);wca(this)}else a.text().then(this.yN.bind(this),this.UA.bind(this))};_.aa.wN=function(a){if(this.qh){var b=a.value;if(this.xh)a.value&&this.response.push(b||new Uint8Array(0));else if(b=b?this.Dh.decode(b,{stream:!a.done}):"")this.Bh?this.response.push(b):this.response=this.responseText+=b;a.done?wk(this):vk(this);this.readyState==3&&wca(this)}};
_.aa.yN=function(a){this.qh&&(this.response=this.responseText=a,wk(this))};_.aa.xN=function(a){this.qh&&(this.response=a,wk(this))};_.aa.UA=function(){this.qh&&wk(this)};_.aa.setRequestHeader=function(a,b){this.Fh.append(a,b)};_.aa.getResponseHeader=function(a){return this.sh?this.sh.get(a.toLowerCase())||"":""};_.aa.getAllResponseHeaders=function(){if(!this.sh)return"";for(var a=[],b=this.sh.entries(),c=b.next();!c.done;)c=c.value,a.push(c[0]+": "+c[1]),c=b.next();return a.join("\r\n")};
Object.defineProperty(uk.prototype,"withCredentials",{get:function(){return this.Ah==="include"},set:function(a){this.Ah=a?"include":"same-origin"}});_.ub(_.xk,_.Ij);var xca=[];_.xk.prototype.Ck=function(){_.xk.er.Ck.call(this);_.zk(this)};_.xk.prototype.handleEvent=function(){throw Error("EventHandler.handleEvent not implemented");};var zca=class{constructor(){this.sh=!0;this.rh=0;this.qh=""}};Ak.prototype.Bh=function(){return!0};
Ak.prototype.sh=function(a){function b(k){k&128&&Bk(f,g,h,"invalid tag");(k&7)!=2&&Bk(f,g,h,"invalid wire type");f.th=k>>>3;f.th!=1&&f.th!=2&&f.th!=15&&Bk(f,g,h,"unexpected tag");f.rh=1;f.qh=0;f.wh=0}function c(k){f.wh++;f.wh==5&&k&240&&Bk(f,g,h,"message length too long");f.qh|=(k&127)<<(f.wh-1)*7;k&128||(f.rh=2,f.zh=0,typeof Uint8Array!=="undefined"?f.xh=new Uint8Array(f.qh):f.xh=Array(f.qh),f.qh==0&&e())}function d(k){f.xh[f.zh++]=k;f.zh==f.qh&&e()}function e(){if(f.th<15){let k={};k[f.th]=f.xh;
f.yh.push(k)}f.rh=0}for(var f=this,g=a instanceof Array?a:new Uint8Array(a),h=0;h<g.length;){switch(f.rh){case 3:Bk(f,g,h,"stream already broken");break;case 0:b(g[h]);break;case 1:c(g[h]);break;case 2:d(g[h]);break;default:throw Error("unexpected parser state: "+f.rh);}f.Dh++;h++}a=f.yh;f.yh=[];return a.length>0?a:null};Ck.prototype.Bh=function(){return!1};Ck.prototype.sh=function(a){this.qh!==null&&Aca(this,a,"stream already broken");var b=null;try{{var c=this.th;c.sh||yca(c,a,"stream already broken");c.qh+=a;let f=Math.floor(c.qh.length/4);if(f==0)var d=null;else{try{var e=_.Oc(c.qh.slice(0,f*4))}catch(g){yca(c,c.qh,g.message)}c.rh+=f*4;c.qh=c.qh.slice(f*4);d=e}}b=d===null?null:this.wh.sh(d)}catch(f){Aca(this,a,f.message)}this.rh+=a.length;return b};Ek.prototype.done=function(){return this.zh===2};Ek.prototype.Bh=function(){return!1};
Ek.prototype.sh=function(a){function b(){for(;q<a.length;)if(Dk(a[q]))q++,f.th++;else break;return q<k}function c(){for(var x;;){x=a[q++];if(!x)break;f.th++;switch(f.qh){case 0:x==="{"?f.qh=2:x==="["?f.qh=4:Dk(x)||Fk(f,a,q);continue;case 7:case 2:if(Dk(x))continue;if(f.qh===7)g.push(8);else if(x==="}"){e("{}");f.qh=d();continue}else g.push(3);x==='"'?f.qh=6:Fk(f,a,q);continue;case 8:case 3:if(Dk(x))continue;x===":"?(f.qh===3&&(g.push(3),f.rh++),f.qh=1):x==="}"?(f.rh--,e(),f.qh=d()):x===","?(f.qh===
3&&g.push(3),f.qh=7):Fk(f,a,q);continue;case 4:case 1:if(Dk(x))continue;if(f.qh===4)if(f.rh++,f.qh=1,x==="]"){f.rh--;if(f.rh===0){f.qh=5;return}e("[]");f.qh=d();continue}else g.push(5);x==='"'?f.qh=6:x==="{"?f.qh=2:x==="["?f.qh=4:x==="t"?f.qh=9:x==="f"?f.qh=12:x==="n"?f.qh=16:x!=="-"&&("0123456789".indexOf(x)!==-1?f.qh=20:Fk(f,a,q));continue;case 5:if(x===",")g.push(5),f.qh=1,f.rh===1&&(p=q);else if(x==="]"){f.rh--;if(f.rh===0)return;e();f.qh=d()}else if(Dk(x))continue;else Fk(f,a,q);continue;case 6:let z=
q;a:for(;;){for(;f.Ah>0;)if(x=a[q++],f.Ah===4?f.Ah=0:f.Ah++,!x)break a;if(x==='"'&&!f.yh){f.qh=d();break}if(x==="\\"&&!f.yh&&(f.yh=!0,x=a[q++],!x))break;if(f.yh)if(f.yh=!1,x==="u"&&(f.Ah=1),x=a[q++])continue;else break;h.lastIndex=q;x=h.exec(a);if(!x){q=a.length+1;break}q=x.index+1;x=a[x.index];if(!x)break}f.th+=q-z;continue;case 9:if(!x)continue;x==="r"?f.qh=10:Fk(f,a,q);continue;case 10:if(!x)continue;x==="u"?f.qh=11:Fk(f,a,q);continue;case 11:if(!x)continue;x==="e"?f.qh=d():Fk(f,a,q);continue;
case 12:if(!x)continue;x==="a"?f.qh=13:Fk(f,a,q);continue;case 13:if(!x)continue;x==="l"?f.qh=14:Fk(f,a,q);continue;case 14:if(!x)continue;x==="s"?f.qh=15:Fk(f,a,q);continue;case 15:if(!x)continue;x==="e"?f.qh=d():Fk(f,a,q);continue;case 16:if(!x)continue;x==="u"?f.qh=17:Fk(f,a,q);continue;case 17:if(!x)continue;x==="l"?f.qh=18:Fk(f,a,q);continue;case 18:if(!x)continue;x==="l"?f.qh=d():Fk(f,a,q);continue;case 19:x==="."?f.qh=20:Fk(f,a,q);continue;case 20:if("0123456789.eE+-".indexOf(x)!==-1)continue;
else q--,f.th--,f.qh=d();continue;default:Fk(f,a,q)}}}function d(){var x=g.pop();return x!=null?x:1}function e(x){f.rh>1||(x||(x=p===-1?f.wh+a.substring(m,q):a.substring(p,q)),f.Eh?f.xh.push(x):f.xh.push(JSON.parse(x)),p=q)}for(var f=this,g=f.Fh,h=f.Gh,k=a.length,m=0,p=-1,q=0;q<k;)switch(f.zh){case 3:return Fk(f,a,q),null;case 2:return b()&&Fk(f,a,q),null;case 0:if(b()){var u=a[q++];f.th++;if(u==="["){f.zh=1;m=q;f.qh=4;continue}else Fk(f,a,q)}return null;case 1:return c(),f.rh===0&&f.qh==5?(f.zh=
2,f.wh=a.substring(q)):f.wh=p===-1?f.wh+a.substring(m):a.substring(p),f.xh.length>0?(u=f.xh,f.xh=[],u):null}return null};Gk.prototype.Bh=function(){return!1};
Gk.prototype.sh=function(a){function b(k){f.rh=6;f.xh="The stream is broken @"+f.qh+"/"+g+". Error: "+k+". With input:\n";throw Error(f.xh);}function c(){f.th=new Ek({nS:!0,rM:!0})}function d(k){if(k)for(let m=0;m<k.length;m++){let p={};p[1]=k[m];f.wh.push(p)}}function e(k){if(k){(f.yh||k.length>1)&&b("extra status: "+k);f.yh=!0;let m={};m[2]=k[0];f.wh.push(m)}}for(var f=this,g=0;g<a.length;){var h;if(h=f.rh!==2){a:{for(;g<a.length;){if(!Dk(a[g])){h=!0;break a}g++;f.qh++}h=!1}h=!h}if(h)return null;
switch(f.rh){case 6:b("stream already broken");break;case 0:a[g]==="["?(f.rh=1,g++,f.qh++):b("unexpected input token");break;case 1:a[g]==="["?(f.rh=2,c()):a[g]===","||a.slice(g,g+5)=="null,"?f.rh=3:a[g]==="]"?(f.rh=5,g++,f.qh++):b("unexpected input token");break;case 2:h=f.th.sh(a.substring(g));d(h);f.th.done()?(f.rh=3,h=f.th.wh,f.qh+=a.length-g-h.length,a=h,g=0):(f.qh+=a.length-g,g=a.length);break;case 3:a[g]===","||a.slice(g,g+5)=="null,"?(f.rh=4,c(),f.th.sh("["),g+=a[g]===","?1:5,f.qh++):a[g]===
"]"&&(f.rh=5,g++,f.qh++);break;case 4:h=f.th.sh(a.substring(g));e(h);f.th.done()?(f.rh=5,h=f.th.wh,f.qh+=a.length-g-h.length,a=h,g=0):(f.qh+=a.length-g,g=a.length);break;case 5:b("extra input after stream end")}}return f.wh.length>0?(a=f.wh,f.wh=[],a):null};var Jca=class{constructor(a){this.qh=a;this.rh=null;this.wh=this.sh=0;this.Ah=!1;this.th=this.yh=this.xh=null;this.zh=new _.xk(this);_.yk(this.zh,this.qh,"readystatechange",this.Bh)}getStatus(){return this.wh}Bh(a){a=a.target;try{if(a==this.qh)a:{let f=_.kk(this.qh);var b=this.qh.sh,c=this.qh.getStatus();let g=this.qh.Lr();a=[];if(_.mk(this.qh)instanceof Array){let h=_.mk(this.qh);h.length>0&&h[0]instanceof Uint8Array&&(this.Ah=!0,a=h)}if(!(f<3||f==3&&!g&&a.length==0))if(c=c==200||c==206,f==4&&(b==
8?Hk(this,7):b==7?Hk(this,8):c||Hk(this,3)),this.rh||(this.rh=Bca(this.qh),this.rh==null&&Hk(this,5)),this.wh>2)Kk(this);else{if(a.length>this.sh){let h=a.length;b=[];try{if(this.rh.Bh())for(var d=0;d<h;d++){var e=this.rh.sh(Array.from(a[d]));e&&(b=b.concat(e))}else{e="";if(!this.xh){if(typeof TextDecoder==="undefined")throw Error("TextDecoder is not supported by this browser.");this.xh=new TextDecoder}for(d=0;d<h;d++)e+=this.xh.decode(a[d],{stream:f==4&&d==h-1});b=this.rh.sh(e)}a.splice(0,h);b&&
this.th(b)}catch(k){Hk(this,5);Kk(this);break a}}else if(g.length>this.sh){d=g.slice(this.sh);this.sh=g.length;try{let h=this.rh.sh(d);h!=null&&this.th&&this.th(h)}catch(h){Hk(this,5);Kk(this);break a}}f==4?(g.length!=0||this.Ah?Hk(this,2):Hk(this,4),Kk(this)):Hk(this,1)}}}catch(f){Hk(this,6),Kk(this)}}};var Kca=class{constructor(a){a=this.sh=a;var b=(0,_.pb)(this.th,this);a.th=b;a=this.sh;b=(0,_.pb)(this.wh,this);a.yh=b;this.rh={};this.qh={}}fp(a,b){var c=this.rh[a];c||(c=[],this.rh[a]=c);c.push(b)}addListener(a,b){this.fp(a,b);return this}removeListener(a,b){var c=this.rh[a];c&&_.Bc(c,b);(a=this.qh[a])&&_.Bc(a,b);return this}once(a,b){var c=this.qh[a];c||(c=[],this.qh[a]=c);c.push(b);return this}th(a){var b=this.rh.data;b&&Cca(a,b);(b=this.qh.data)&&Cca(a,b);this.qh.data=[]}wh(){switch(this.sh.getStatus()){case 1:Lk(this,
"readable");break;case 5:case 6:case 4:case 7:case 3:Lk(this,"error");break;case 8:Lk(this,"close");break;case 2:Lk(this,"end")}}};_.qr=class{constructor(a={}){this.GF=a.GF||Ta("suppressCorsPreflight",a)||!1;this.withCredentials=a.withCredentials||Ta("withCredentials",a)||!1;this.EF=a.EF||[];this.QF=a.QF||[];this.cG=a.cG;this.sh=a.XT||!1}th(a,b,c,d,e={}){var f=a.substring(0,a.length-d.name.length),g=e?.signal;return Dca(h=>new Promise((k,m)=>{if(g?.aborted){let u=new _.ok(1,"Aborted");u.cause=g.reason;m(u)}else{var p={},q=Hca(this,h,f);q.fp("error",u=>void m(u));q.fp("metadata",u=>{p=u});q.fp("data",u=>{k(oca(u,p))});g&&g.addEventListener("abort",
()=>{q.cancel();var u=new _.ok(1,"Aborted");u.cause=g.reason;m(u)})}}),this.QF).call(this,_.mca(d,b,c)).then(h=>h.CP)}qh(a,b,c,d,e={}){return this.th(a,b,c,d,e)}};_.qr.prototype.rh=_.ea(7);_.yha=Event;_.rr=class extends _.J{constructor(a){super(a)}rh(){return _.I(this,1)}th(){return _.I(this,2)}xh(){return _.Hg(this,21)}};_.rr.prototype.ql=_.ea(13);_.rr.prototype.jj=_.ea(8);var Oca=class extends _.J{constructor(a){super(a)}rh(){return _.I(this,2)}};var Iga=class extends _.J{constructor(a){super(a)}};_.Op=class extends _.J{constructor(a){super(a)}getStatus(){return _.Ng(this,1)}};_.Op.prototype.rh=_.ea(14);var Gga=class extends _.J{constructor(a){super(a)}rh(){return _.F(this,_.rr,3)}Bh(){return _.yg(this,Oca,4)}xh(){return _.I(this,7)}zh(){return _.I(this,14)}th(){return _.I(this,17)}Ah(){return _.Hg(this,51)}yh(){return _.jg(this,52,_.$e,1,void 0,1024)}};var wga=class extends _.J{constructor(a){super(a)}};var vga=class extends _.J{constructor(a){super(a)}};var zha=[0,_.Z,-1,_.X,-2,_.Zq,[0,_.Uq],[0,_.X,-4],[0,_.Z],_.Z,[0,_.X,_.er,_.R],_.X,_.Vq];_.sr={};var xga=function(a){return b=>{var c=new _.oha;_.ii(b.Ni,c,_.hi(a));return _.Ld(_.Aaa(c))}}(zha);_.sr[525004180]=zha;var Pca;_.Aha={LIGHT:"LIGHT",DARK:"DARK",FOLLOW_SYSTEM:"FOLLOW_SYSTEM"};Pca=window.matchMedia&&window.matchMedia("(prefers-color-scheme: dark)");_.tr={ROADMAP:"roadmap",SATELLITE:"satellite",HYBRID:"hybrid",TERRAIN:"terrain"};var Fq;Fq=class extends Error{constructor(a,b,c){super(`${b}: ${c}: ${a}`);this.endpoint=b;this.code=c;this.name="MapsNetworkError"}};_.Iq=class extends Fq{constructor(a,b,c){super(a,b,c);this.name="MapsServerError"}};_.Hq=class extends Fq{constructor(a,b,c){super(a,b,c);this.name="MapsRequestError"}};var Qca={cellpadding:"cellPadding",cellspacing:"cellSpacing",colspan:"colSpan",frameborder:"frameBorder",height:"height",maxlength:"maxLength",nonce:"nonce",role:"role",rowspan:"rowSpan",type:"type",usemap:"useMap",valign:"vAlign",width:"width"};_.aa=_.Yk.prototype;_.aa.nk=function(a){var b=this.qh;return typeof a==="string"?b.getElementById(a):a};_.aa.$=_.Yk.prototype.nk;_.aa.getElementsByTagName=function(a,b){return(b||this.qh).getElementsByTagName(String(a))};
_.aa.createElement=function(a){return Sk(this.qh,a)};_.aa.createTextNode=function(a){return this.qh.createTextNode(String(a))};_.aa.appendChild=function(a,b){a.appendChild(b)};_.aa.append=function(a,b){Sca(_.Xk(a),a,arguments,1)};_.aa.canHaveChildren=function(a){if(a.nodeType!=1)return!1;switch(a.tagName){case "APPLET":case "AREA":case "BASE":case "BR":case "COL":case "COMMAND":case "EMBED":case "FRAME":case "HR":case "IMG":case "INPUT":case "IFRAME":case "ISINDEX":case "KEYGEN":case "LINK":case "NOFRAMES":case "NOSCRIPT":case "META":case "OBJECT":case "PARAM":case "SCRIPT":case "SOURCE":case "STYLE":case "TRACK":case "WBR":return!1}return!0};
_.aa.contains=_.Wk;_.aa.ID=_.ea(15);var Bha=class{constructor(a,b){this.qh=_.Xa.document;this.sh=a.includes("%s")?a:Vca([a,"%s"],"js");this.rh=!b||b.includes("%s")?b:Vca([b,"%s"],"css.js")}OA(a,b,c){if(this.rh){let d=_.al(this.rh.replace("%s",a));Uca(this.qh,d)}a=_.al(this.sh.replace("%s",a));Uca(this.qh,a,b,c)}};_.ur=a=>{var b="cB";if(a.cB&&a.hasOwnProperty(b))return a.cB;var c=new a;a.cB=c;a.hasOwnProperty(b);return c};var cl=class{constructor(){this.requestedModules={};this.rh={};this.yh={};this.qh={};this.zh=new Set;this.th={};this.sh=new Cha;this.Ah=!1;this.xh={}}init(a,b,c,d=null,e=()=>{},f=new Bha(a,d),g){this.Gs=e;this.Ah=!!d;this.sh.init(b,c,f);if(this.wh=g){a=Object.keys(this.qh);for(let h of a)this.qh[h]&&this.wh(h)}}jn(a,b){Wca(this,a).GO=b;this.zh.add(a);Zca(this,a)}static getInstance(){return _.ur(cl)}},Dha=class{constructor(a,b,c){this.sh=a;this.qh=b;this.rh=c;a={};for(let d of Object.keys(b)){c=b[d];
let e=c.length;for(let f=0;f<e;++f){let g=c[f];a[g]||(a[g]=[]);a[g].push(d)}}this.th=a}},Cha=class{constructor(){this.qh=[]}init(a,b,c){a=this.config=new Dha(c,a,b);b=this.qh.length;for(c=0;c<b;++c)this.qh[c](a);this.qh.length=0}};_.pp={};var gl;_.Eha=Intl.NumberFormat.supportedLocalesOf(["en-GB".replace("_","-")]).length>0;_.Fha="0".codePointAt(0);var Gha;Gha=function(a){return a%10==1&&a%100!=11?"one":a%10==2&&a%100!=12?"two":a%10==3&&a%100!=13?"few":"other"};_.Hha=Gha=function(){var a={zero:"zero",one:"one",two:"two",few:"few",many:"many",other:"other"},b=null,c=null;return function(d,e){var f=e===void 0?-1:e;c===null&&(c=new Map);b=c.get(f);if(!b){let g="";g="en-GB".replace("_","-");b=f===-1?new Intl.PluralRules(g,{type:"ordinal"}):new Intl.PluralRules(g,{type:"ordinal",minimumFractionDigits:e});c.set(f,b)}d=b.select(d);return a[d]}}();var Iha;Iha=function(a,b){if(void 0===b){b=a+"";var c=b.indexOf(".");b=Math.min(c===-1?0:b.length-c-1,3)}c=Math.pow(10,b);b={v:b,f:(a*c|0)%c};return(a|0)==1&&b.v==0?"one":"other"};
_.Jha=Iha=function(){var a={zero:"zero",one:"one",two:"two",few:"few",many:"many",other:"other"},b=null,c=null;return function(d,e){var f=e===void 0?-1:e;c===null&&(c=new Map);b=c.get(f);if(!b){let g="";g="en-GB".replace("_","-");b=f===-1?new Intl.PluralRules(g):new Intl.PluralRules(g,{minimumFractionDigits:e});c.set(f,b)}d=b.select(d);return a[d]}}();_.Kha=RegExp("'([{}#].*?)'","g");_.Lha=RegExp("''","g");ql.prototype.next=function(){return vr};var vr={done:!0,value:void 0};ql.prototype.Ax=function(){return this};var rl=class{constructor(a){this.qh=a}Ax(){return new cda(this.qh())}[Symbol.iterator](){return new sl(this.qh())}rh(){return new sl(this.qh())}},cda=class extends ql{constructor(a){super();this.qh=a}next(){return this.qh.next()}[Symbol.iterator](){return new sl(this.qh)}rh(){return new sl(this.qh)}},sl=class extends rl{constructor(a){super(()=>a);this.sh=a}next(){return this.sh.next()}};_.ub(_.tl,eda);_.tl.prototype.lk=_.ea(18);_.tl.prototype[Symbol.iterator]=function(){return dda(this.Ax(!0)).rh()};_.tl.prototype.clear=function(){var a=Array.from(this);for(let b of a)this.remove(b)};_.ub(_.xl,_.tl);_.aa=_.xl.prototype;_.aa.isAvailable=function(){if(this.rh===null){var a=this.qh;if(a)try{a.setItem("__sak","1");a.removeItem("__sak");var b=!0}catch(c){b=c instanceof DOMException&&(c.name==="QuotaExceededError"||c.code===22||c.code===1014||c.name==="NS_ERROR_DOM_QUOTA_REACHED")&&a&&a.length!==0}else b=!1;this.rh=b}return this.rh};
_.aa.set=function(a,b){_.yl(this);try{this.qh.setItem(a,b)}catch(c){if(this.qh.length==0)throw"Storage mechanism: Storage disabled";throw"Storage mechanism: Quota exceeded";}};_.aa.get=function(a){_.yl(this);a=this.qh.getItem(a);if(typeof a!=="string"&&a!==null)throw"Storage mechanism: Invalid value was encountered";return a};_.aa.remove=function(a){_.yl(this);this.qh.removeItem(a)};_.aa.lk=_.ea(17);
_.aa.Ax=function(a){_.yl(this);var b=0,c=this.qh,d=new ql;d.next=function(){if(b>=c.length)return vr;var e=c.key(b++);if(a)return{value:e,done:!1};e=c.getItem(e);if(typeof e!=="string")throw"Storage mechanism: Invalid value was encountered";return{value:e,done:!1}};return d};_.aa.clear=function(){_.yl(this);this.qh.clear()};_.aa.key=function(a){_.yl(this);return this.qh.key(a)};_.ub(fda,_.xl);var Ql={};var jda=class extends Error{constructor(a){super();this.message=a;this.name="InvalidValueError"}},kda=class{constructor(a){this.message=a;this.name="LightweightInvalidValueError"}},Vl=!0;var Jn,Br,Mha;_.nm=_.em(_.Fl,"not a number");_.wr=_.gm(_.nm,a=>{if(!Number.isInteger(a))throw _.Wl(`${a} is not an integer`);return a});_.xr=_.gm(_.wr,a=>{if(a<=0)throw _.Wl(`${a} is not a positive integer`);return a});Jn=_.gm(_.nm,a=>{mda(a);return a});_.yr=_.gm(_.nm,a=>{if(isFinite(a))return a;throw _.Wl(`${a} is not an accepted value`);});_.zr=_.gm(_.nm,a=>{if(a>=0)return a;mda(a);throw _.Wl(`${a} is a negative number value`);});_.Ar=_.gm(_.zr,_.yr);_.Bq=_.em(_.Il,"not a string");
Br=_.em(_.Jl,"not a boolean");Mha=_.em(a=>typeof a==="function","not a function");_.Cr=_.hm(_.nm);_.Dr=_.hm(_.Bq);_.Er=_.hm(Br);_.Fr=_.gm(_.Bq,a=>{if(a.length>0)return a;throw _.Wl("empty string is not an accepted value");});_.Nha=_.gm(_.$l(Date,"Date"),a=>{if(isNaN(a.getTime()))throw _.Wl("invalid date");return a});var nda=null,rm=class{constructor(){this.qh=new Set;this.rh=null}get experienceIds(){return new Set(this.qh)}set experienceIds(a){if(typeof a[Symbol.iterator]!=="function"||typeof a==="string")throw _.Wl("experienceIds must be set to an instance of Iterable<string>.");for(let c of a)try{(0,_.Fr)(c);a:{for(let d=0;d<c.length+1;d++){let e;do{if(d===c.length){var b=!0;break a}e=c.charAt(d++)}while(e<"\ud800"||e>"\udfff");if(e>="\udc00"||d===c.length||!(c.charAt(d)>="\udc00"&&c.charAt(d)<"\ue000")){b=
!1;break a}}b=!0}if(!b)throw _.Wl("must be a well-formed UTF-16 string.");if([...c].length>64)throw _.Wl("must be 64 code points or shorter.");if(/[/:?#]/.test(c))throw _.Wl('must not contain any of the following ASCII characters: "/", ":", "?" or "#"');}catch(d){throw d.message=`Experience ID "${c}" ${d.message}`,d;}this.qh.clear();for(let c of a)this.qh.add(c)}get fetchAppCheckToken(){return this.rh==null?()=>Promise.resolve({token:""}):this.rh}set fetchAppCheckToken(a){_.M(window,228452);this.rh=
a}};rm.getInstance=oda;_.Qp={TOP_LEFT:1,TOP_CENTER:2,TOP:2,TOP_RIGHT:3,LEFT_CENTER:4,LEFT_TOP:5,LEFT:5,LEFT_BOTTOM:6,RIGHT_TOP:7,RIGHT:7,RIGHT_CENTER:8,RIGHT_BOTTOM:9,BOTTOM_LEFT:10,BOTTOM_CENTER:11,BOTTOM:11,BOTTOM_RIGHT:12,CENTER:13,BLOCK_START_INLINE_START:14,BLOCK_START_INLINE_CENTER:15,BLOCK_START_INLINE_END:16,INLINE_START_BLOCK_CENTER:17,INLINE_START_BLOCK_START:18,INLINE_START_BLOCK_END:19,INLINE_END_BLOCK_START:20,INLINE_END_BLOCK_CENTER:21,INLINE_END_BLOCK_END:22,BLOCK_END_INLINE_START:23,BLOCK_END_INLINE_CENTER:24,
BLOCK_END_INLINE_END:25,1:"TOP_LEFT",2:"TOP",3:"TOP_RIGHT",4:"LEFT_CENTER",5:"LEFT",6:"LEFT_BOTTOM",7:"RIGHT",8:"RIGHT_CENTER",9:"RIGHT_BOTTOM",10:"BOTTOM_LEFT",11:"BOTTOM",12:"BOTTOM_RIGHT",13:"CENTER",14:"BLOCK_START_INLINE_START",15:"BLOCK_START_INLINE_CENTER",16:"BLOCK_START_INLINE_END",17:"INLINE_START_BLOCK_CENTER",18:"INLINE_START_BLOCK_START",19:"INLINE_START_BLOCK_END",20:"INLINE_END_BLOCK_START",21:"INLINE_END_BLOCK_CENTER",22:"INLINE_END_BLOCK_END",23:"BLOCK_END_INLINE_START",24:"BLOCK_END_INLINE_CENTER",
25:"BLOCK_END_INLINE_END"};var Kfa={DEFAULT:0,SMALL:1,ANDROID:2,ZOOM_PAN:3,RR:4,cL:5,0:"DEFAULT",1:"SMALL",2:"ANDROID",3:"ZOOM_PAN",4:"ROTATE_ONLY",5:"TOUCH"};var Lfa={DEFAULT:0};var Mfa={DEFAULT:0,SMALL:1,LARGE:2,cL:3,0:"DEFAULT",1:"SMALL",2:"LARGE",3:"TOUCH"};var ym=class{};var Oha={KR:"Point",AR:"LineString",POLYGON:"Polygon"};var pda=_.Yl({lat:_.nm,lng:_.nm},!0),rda=_.Yl({lat:_.yr,lng:_.yr},!0);_.sm.prototype.toString=function(){return"("+this.lat()+", "+this.lng()+")"};_.sm.prototype.toString=_.sm.prototype.toString;_.sm.prototype.toJSON=function(){return{lat:this.lat(),lng:this.lng()}};_.sm.prototype.toJSON=_.sm.prototype.toJSON;_.sm.prototype.equals=function(a){if(!a)return!1;var b=a instanceof _.sm?a.lat():a.lat;a=a instanceof _.sm?a.lng():a.lng;return typeof b!=="number"||typeof a!=="number"?!1:_.El(this.lat(),b)&&_.El(this.lng(),a)};_.sm.prototype.equals=_.sm.prototype.equals;
_.sm.prototype.equals=_.sm.prototype.equals;_.sm.prototype.toUrlValue=function(a){a=a!==void 0?a:6;return qda(this.lat(),a)+","+qda(this.lng(),a)};_.sm.prototype.toUrlValue=_.sm.prototype.toUrlValue;var Vda;_.Gr=_.bm(_.wm);Vda=_.bm(_.xm);_.zm=class extends ym{constructor(a){super();this.elements=_.wm(a)}getType(){return"Point"}forEachLatLng(a){a(this.elements)}get(){return this.elements}};_.zm.prototype.get=_.zm.prototype.get;_.zm.prototype.forEachLatLng=_.zm.prototype.forEachLatLng;_.zm.prototype.getType=_.zm.prototype.getType;_.zm.prototype.constructor=_.zm.prototype.constructor;var Pha=_.bm(Am);var sda=new Set;var uda,Qha;uda=new Set(["touchstart","touchmove","wheel","mousewheel"]);_.Hr=class{constructor(){throw new TypeError("google.maps.event is not a constructor");}};_.Hr.trigger=_.Tm;_.Hr.addListenerOnce=_.Qm;
_.Hr.addDomListenerOnce=function(a,b,c,d){_.Bm("google.maps.event.addDomListenerOnce() is deprecated, use the\nstandard addEventListener() method instead:\nhttps://developer.mozilla.org/docs/Web/API/EventTarget/addEventListener\nThe feature will continue to work and there is no plan to decommission\nit.");return _.Om(a,b,c,d)};
_.Hr.addDomListener=function(a,b,c,d){_.Bm("google.maps.event.addDomListener() is deprecated, use the standard\naddEventListener() method instead:\nhttps://developer.mozilla.org/docs/Web/API/EventTarget/addEventListener\nThe feature will continue to work and there is no plan to decommission\nit.");return _.Nm(a,b,c,d)};_.Hr.clearInstanceListeners=_.Mm;_.Hr.clearListeners=_.Lm;_.Hr.removeListener=_.Jm;_.Hr.hasListeners=_.Im;_.Hr.addListener=_.Hm;
_.Gm=class{constructor(a,b,c,d,e=!0){this.wF=e;this.instance=a;this.qh=b;this.handler=c;this.rh=d;this.id=++Qha;wda(a,b)[this.id]=this;this.wF&&_.Tm(this.instance,`${this.qh}_added`)}remove(){if(this.instance){if(this.instance.removeEventListener&&(this.rh===1||this.rh===4)){let a={capture:this.rh===4};uda.has(this.qh)&&(a.passive=!1);this.instance.removeEventListener(this.qh,this.handler,a)}delete wda(this.instance,this.qh)[this.id];this.wF&&_.Tm(this.instance,`${this.qh}_removed`);this.handler=
this.instance=null}}};Qha=0;_.dq=class{constructor(a){this.qh=null;this.Rk(a)}Rk(a){a=a||{};this.sh=a.id;try{this.qh=a.geometry?Am(a.geometry):null}catch(b){_.Xl(b)}this.rh=a.properties||{}}getId(){return this.sh}getGeometry(){return this.qh}setGeometry(a){var b=this.qh;try{this.qh=a?Am(a):null}catch(c){_.Xl(c);return}_.Tm(this,"setgeometry",{feature:this,newGeometry:this.qh,oldGeometry:b})}getProperty(a){return Ml(this.rh,a)}setProperty(a,b){if(b===void 0)this.removeProperty(a);else{var c=this.getProperty(a);this.rh[a]=b;_.Tm(this,
"setproperty",{feature:this,name:a,newValue:b,oldValue:c})}}removeProperty(a){var b=this.getProperty(a);delete this.rh[a];_.Tm(this,"removeproperty",{feature:this,name:a,oldValue:b})}forEachProperty(a){for(let b in this.rh)a(this.getProperty(b),b)}toGeoJson(a){var b=this;_.dl("data").then(c=>{c.NM(b,a)})}};_.dq.prototype.toGeoJson=_.dq.prototype.toGeoJson;_.dq.prototype.forEachProperty=_.dq.prototype.forEachProperty;_.dq.prototype.removeProperty=_.dq.prototype.removeProperty;
_.dq.prototype.setProperty=_.dq.prototype.setProperty;_.dq.prototype.getProperty=_.dq.prototype.getProperty;_.dq.prototype.setGeometry=_.dq.prototype.setGeometry;_.dq.prototype.getGeometry=_.dq.prototype.getGeometry;_.dq.prototype.getId=_.dq.prototype.getId;_.dq.prototype.constructor=_.dq.prototype.constructor;_.Sl(_.dq);var Bda=class{constructor(){this.features={};this.unregister={};this.qh={}}contains(a){return this.features.hasOwnProperty(_.Um(a))}getFeatureById(a){return Ml(this.qh,a)}add(a){a=a||{};a=a instanceof _.dq?a:new _.dq(a);if(!this.contains(a)){let c=a.getId();if(c||c===0){var b=this.getFeatureById(c);b&&this.remove(b)}b=_.Um(a);this.features[b]=a;if(c||c===0)this.qh[c]=a;let d=_.Sm(a,"setgeometry",this),e=_.Sm(a,"setproperty",this),f=_.Sm(a,"removeproperty",this);this.unregister[b]=()=>{_.Jm(d);_.Jm(e);
_.Jm(f)};_.Tm(this,"addfeature",{feature:a})}return a}remove(a){var b=_.Um(a),c=a.getId();if(this.features[b]){delete this.features[b];c&&delete this.qh[c];if(c=this.unregister[b])delete this.unregister[b],c();_.Tm(this,"removefeature",{feature:a})}}forEach(a){for(let b in this.features)this.features.hasOwnProperty(b)&&a(this.features[b])}};_.zn="click dblclick mousedown mousemove mouseout mouseover mouseup rightclick contextmenu".split(" ");var Rha=class{constructor(){this.qh={}}trigger(a){_.Tm(this,"changed",a)}get(a){return this.qh[a]}set(a,b){var c=this.qh;c[a]||(c[a]={});_.Bl(c[a],b);this.trigger(a)}reset(a){delete this.qh[a];this.trigger(a)}forEach(a){_.Al(this.qh,a)}};_.Vm.prototype.get=function(a){var b=Zm(this);a+="";b=Ml(b,a);if(b!==void 0){if(b){a=b.eq;b=b.lw;let c="get"+_.Ym(a);return b[c]?b[c]():b.get(a)}return this[a]}};_.Vm.prototype.get=_.Vm.prototype.get;_.Vm.prototype.set=function(a,b){var c=Zm(this);a+="";var d=Ml(c,a);if(d)if(a=d.eq,d=d.lw,c="set"+_.Ym(a),d[c])d[c](b);else d.set(a,b);else this[a]=b,c[a]=null,Xm(this,a)};_.Vm.prototype.set=_.Vm.prototype.set;
_.Vm.prototype.notify=function(a){var b=Zm(this);a+="";(b=Ml(b,a))?b.lw.notify(b.eq):Xm(this,a)};_.Vm.prototype.notify=_.Vm.prototype.notify;_.Vm.prototype.setValues=function(a){for(let b in a){let c=a[b],d="set"+_.Ym(b);if(this[d])this[d](c);else this.set(b,c)}};_.Vm.prototype.setValues=_.Vm.prototype.setValues;_.Vm.prototype.setOptions=_.Vm.prototype.setValues;_.Vm.prototype.changed=function(){};var xda={};
_.Vm.prototype.bindTo=function(a,b,c,d){a+="";c=(c||a)+"";this.unbind(a);var e={lw:this,eq:a},f={lw:b,eq:c,binding:e};Zm(this)[a]=f;Wm(b,c)[_.Um(e)]=e;d||Xm(this,a)};_.Vm.prototype.bindTo=_.Vm.prototype.bindTo;_.Vm.prototype.unbind=function(a){var b=Zm(this),c=b[a];c&&(c.binding&&delete Wm(c.lw,c.eq)[_.Um(c.binding)],this[a]=this.get(a),b[a]=null)};_.Vm.prototype.unbind=_.Vm.prototype.unbind;_.Vm.prototype.unbindAll=function(){var a=(0,_.pb)(this.unbind,this),b=Zm(this);for(let c in b)a(c)};
_.Vm.prototype.unbindAll=_.Vm.prototype.unbindAll;_.Vm.prototype.addListener=function(a,b){return _.Hm(this,a,b)};_.Vm.prototype.addListener=_.Vm.prototype.addListener;var Cda=class extends _.Vm{constructor(a){super();this.qh=new Rha;_.Qm(a,"addfeature",()=>{_.dl("data").then(b=>{b.WL(this,a,this.qh)})})}overrideStyle(a,b){this.qh.set(_.Um(a),b)}revertStyle(a){a?this.qh.reset(_.Um(a)):this.qh.forEach(this.qh.reset.bind(this.qh))}};_.en=class extends ym{constructor(a){super();this.elements=[];try{this.elements=Pha(a)}catch(b){_.Xl(b)}}getType(){return"GeometryCollection"}getLength(){return this.elements.length}getAt(a){return this.elements[a]}getArray(){return this.elements.slice()}forEachLatLng(a){this.elements.forEach(b=>{b.forEachLatLng(a)})}};_.en.prototype.forEachLatLng=_.en.prototype.forEachLatLng;_.en.prototype.getArray=_.en.prototype.getArray;_.en.prototype.getAt=_.en.prototype.getAt;_.en.prototype.getLength=_.en.prototype.getLength;
_.en.prototype.getType=_.en.prototype.getType;_.en.prototype.constructor=_.en.prototype.constructor;_.$m=class extends ym{constructor(a){super();this.qh=(0,_.Gr)(a)}getType(){return"LineString"}getLength(){return this.qh.length}getAt(a){return this.qh[a]}getArray(){return this.qh.slice()}forEachLatLng(a){this.qh.forEach(a)}};_.$m.prototype.forEachLatLng=_.$m.prototype.forEachLatLng;_.$m.prototype.getArray=_.$m.prototype.getArray;_.$m.prototype.getAt=_.$m.prototype.getAt;_.$m.prototype.getLength=_.$m.prototype.getLength;_.$m.prototype.getType=_.$m.prototype.getType;_.$m.prototype.constructor=_.$m.prototype.constructor;
var Sha=_.bm(_.$l(_.$m,"google.maps.Data.LineString",!0));_.fn=class extends ym{constructor(a){super();this.qh=(0,_.Gr)(a)}getType(){return"LinearRing"}getLength(){return this.qh.length}getAt(a){return this.qh[a]}getArray(){return this.qh.slice()}forEachLatLng(a){this.qh.forEach(a)}};_.fn.prototype.forEachLatLng=_.fn.prototype.forEachLatLng;_.fn.prototype.getArray=_.fn.prototype.getArray;_.fn.prototype.getAt=_.fn.prototype.getAt;_.fn.prototype.getLength=_.fn.prototype.getLength;_.fn.prototype.getType=_.fn.prototype.getType;_.fn.prototype.constructor=_.fn.prototype.constructor;
var Tha=_.bm(_.$l(_.fn,"google.maps.Data.LinearRing",!0));_.cn=class extends ym{constructor(a){super();this.qh=Sha(a)}getType(){return"MultiLineString"}getLength(){return this.qh.length}getAt(a){return this.qh[a]}getArray(){return this.qh.slice()}forEachLatLng(a){this.qh.forEach(b=>{b.forEachLatLng(a)})}};_.cn.prototype.forEachLatLng=_.cn.prototype.forEachLatLng;_.cn.prototype.getArray=_.cn.prototype.getArray;_.cn.prototype.getAt=_.cn.prototype.getAt;_.cn.prototype.getLength=_.cn.prototype.getLength;_.cn.prototype.getType=_.cn.prototype.getType;_.bn=class extends ym{constructor(a){super();this.qh=(0,_.Gr)(a)}getType(){return"MultiPoint"}getLength(){return this.qh.length}getAt(a){return this.qh[a]}getArray(){return this.qh.slice()}forEachLatLng(a){this.qh.forEach(a)}};_.bn.prototype.forEachLatLng=_.bn.prototype.forEachLatLng;_.bn.prototype.getArray=_.bn.prototype.getArray;_.bn.prototype.getAt=_.bn.prototype.getAt;_.bn.prototype.getLength=_.bn.prototype.getLength;_.bn.prototype.getType=_.bn.prototype.getType;_.bn.prototype.constructor=_.bn.prototype.constructor;_.an=class extends ym{constructor(a){super();this.qh=Tha(a)}getType(){return"Polygon"}getLength(){return this.qh.length}getAt(a){return this.qh[a]}getArray(){return this.qh.slice()}forEachLatLng(a){this.qh.forEach(b=>{b.forEachLatLng(a)})}};_.an.prototype.forEachLatLng=_.an.prototype.forEachLatLng;_.an.prototype.getArray=_.an.prototype.getArray;_.an.prototype.getAt=_.an.prototype.getAt;_.an.prototype.getLength=_.an.prototype.getLength;_.an.prototype.getType=_.an.prototype.getType;
var Uha=_.bm(_.$l(_.an,"google.maps.Data.Polygon",!0));_.dn=class extends ym{constructor(a){super();this.qh=Uha(a)}getType(){return"MultiPolygon"}getLength(){return this.qh.length}getAt(a){return this.qh[a]}getArray(){return this.qh.slice()}forEachLatLng(a){this.qh.forEach(b=>{b.forEachLatLng(a)})}};_.dn.prototype.forEachLatLng=_.dn.prototype.forEachLatLng;_.dn.prototype.getArray=_.dn.prototype.getArray;_.dn.prototype.getAt=_.dn.prototype.getAt;_.dn.prototype.getLength=_.dn.prototype.getLength;_.dn.prototype.getType=_.dn.prototype.getType;
_.dn.prototype.constructor=_.dn.prototype.constructor;var zda="0123456789ABCDEFGHIJKLMNOPQRSTUVWXYZabcdefghijklmnopqrstuvwxyz".split("");_.Np=new WeakMap;_.ub(_.hn,_.Vm);_.hn.prototype.Kr=_.ea(21);_.Vha=_.hn.DEMO_MAP_ID="DEMO_MAP_ID";var Ir=class{constructor(a,b){a===-180&&b!==180&&(a=180);b===-180&&a!==180&&(b=180);this.lo=a;this.hi=b}isEmpty(){return this.lo-this.hi===360}intersects(a){var b=this.lo,c=this.hi;return this.isEmpty()||a.isEmpty()?!1:_.qn(this)?_.qn(a)||a.lo<=this.hi||a.hi>=b:_.qn(a)?a.lo<=c||a.hi>=b:a.lo<=c&&a.hi>=b}contains(a){a===-180&&(a=180);var b=this.lo,c=this.hi;return _.qn(this)?(a>=b||a<=c)&&!this.isEmpty():a>=b&&a<=c}extend(a){this.contains(a)||(this.isEmpty()?this.lo=this.hi=a:_.pn(a,this.lo)<_.pn(this.hi,
a)?this.lo=a:this.hi=a)}equals(a){return Math.abs(a.lo-this.lo)%360+Math.abs(a.span()-this.span())<=1E-9}span(){return this.isEmpty()?0:_.qn(this)?360-(this.lo-this.hi):this.hi-this.lo}center(){var a=(this.lo+this.hi)/2;_.qn(this)&&(a=_.Dl(a+180,-180,180));return a}},Wha=class{constructor(a,b){this.lo=a;this.hi=b}isEmpty(){return this.lo>this.hi}intersects(a){var b=this.lo,c=this.hi;return b<=a.lo?a.lo<=c&&a.lo<=a.hi:b<=a.hi&&b<=c}contains(a){return a>=this.lo&&a<=this.hi}extend(a){this.isEmpty()?
this.hi=this.lo=a:a<this.lo?this.lo=a:a>this.hi&&(this.hi=a)}equals(a){return this.isEmpty()?a.isEmpty():Math.abs(a.lo-this.lo)+Math.abs(this.hi-a.hi)<=1E-9}span(){return this.isEmpty()?0:this.hi-this.lo}center(){return(this.hi+this.lo)/2}};_.tn=class{constructor(a,b){this.Rk(a,b)}Rk(a,b){var c;if((c=a)&&typeof c==="object"&&"south"in c&&"west"in c&&"north"in c&&"east"in c)try{a=_.vn(a)}catch(d){}a instanceof _.tn?(c=a.getSouthWest(),b=a.getNorthEast()):(c=a&&_.wm(a),b=b&&_.wm(b));if(c){b=b||c;a=_.Cl(c.lat(),-90,90);let d=_.Cl(b.lat(),-90,90);this.lat=new Wha(a,d);c=c.lng();b=b.lng();b-c>=360?this.lng=new Ir(-180,180):(c=_.Dl(c,-180,180),b=_.Dl(b,-180,180),this.lng=new Ir(c,b))}else this.lat=new Wha(1,-1),this.lng=new Ir(180,-180)}getCenter(){return new _.sm(this.lat.center(),
this.lng.center())}toString(){return`(${this.getSouthWest().toString()}, ${this.getNorthEast().toString()})`}toJSON(){return{south:this.lat.lo,west:this.lng.lo,north:this.lat.hi,east:this.lng.hi}}toUrlValue(a){var b=this.getSouthWest(),c=this.getNorthEast();return[b.toUrlValue(a),c.toUrlValue(a)].join()}equals(a){if(!a)return!1;a=_.vn(a);return this.lat.equals(a.lat)&&this.lng.equals(a.lng)}contains(a){a=_.wm(a);return this.lat.contains(a.lat())&&this.lng.contains(a.lng())}intersects(a){a=_.vn(a);
return this.lat.intersects(a.lat)&&this.lng.intersects(a.lng)}containsBounds(a){a=_.vn(a);var b=this.lat,c=a.lat;return(c.isEmpty()?!0:c.lo>=b.lo&&c.hi<=b.hi)&&sn(this.lng,a.lng)}extend(a){a=_.wm(a);this.lat.extend(a.lat());this.lng.extend(a.lng());return this}union(a){a=_.vn(a);if(!a||a.isEmpty())return this;this.lat.extend(a.getSouthWest().lat());this.lat.extend(a.getNorthEast().lat());a=a.lng;var b=_.pn(this.lng.lo,a.hi),c=_.pn(a.lo,this.lng.hi);if(sn(this.lng,a))return this;if(sn(a,this.lng))return this.lng=
new Ir(a.lo,a.hi),this;this.lng.intersects(a)?this.lng=b>=c?new Ir(this.lng.lo,a.hi):new Ir(a.lo,this.lng.hi):this.lng=b<=c?new Ir(this.lng.lo,a.hi):new Ir(a.lo,this.lng.hi);return this}getSouthWest(){return new _.sm(this.lat.lo,this.lng.lo,!0)}getNorthEast(){return new _.sm(this.lat.hi,this.lng.hi,!0)}toSpan(){return new _.sm(this.lat.span(),this.lng.span(),!0)}isEmpty(){return this.lat.isEmpty()||this.lng.isEmpty()}};_.tn.prototype.isEmpty=_.tn.prototype.isEmpty;_.tn.prototype.toSpan=_.tn.prototype.toSpan;
_.tn.prototype.getNorthEast=_.tn.prototype.getNorthEast;_.tn.prototype.getSouthWest=_.tn.prototype.getSouthWest;_.tn.prototype.union=_.la(_.tn.prototype,"union");_.tn.prototype.extend=_.tn.prototype.extend;_.tn.prototype.intersects=_.tn.prototype.intersects;_.tn.prototype.contains=_.tn.prototype.contains;_.tn.prototype.equals=_.tn.prototype.equals;_.tn.prototype.toUrlValue=_.tn.prototype.toUrlValue;_.tn.prototype.toJSON=_.tn.prototype.toJSON;_.tn.prototype.toString=_.tn.prototype.toString;
_.tn.prototype.getCenter=_.tn.prototype.getCenter;var Xha=_.un(-90,-180,90,180);_.sb("module$exports$google3$maps$api$javascript$geometry$lat_lng_bounds.LatLngBounds.MAX_BOUNDS",Xha);_.tn.prototype.equals=_.tn.prototype.equals;_.Sl(_.tn);var Ada=_.Yl({south:_.nm,west:_.nm,north:_.nm,east:_.nm},!1);_.tn.MAX_BOUNDS=Xha;_.Yha=_.$l(_.tn,"LatLngBounds");_.Jr=_.hm(_.$l(_.hn,"Map"));_.ub(An,_.Vm);An.prototype.contains=function(a){return this.qh.contains(a)};An.prototype.contains=An.prototype.contains;An.prototype.getFeatureById=function(a){return this.qh.getFeatureById(a)};An.prototype.getFeatureById=An.prototype.getFeatureById;An.prototype.add=function(a){return this.qh.add(a)};An.prototype.add=An.prototype.add;An.prototype.remove=function(a){this.qh.remove(a)};An.prototype.remove=An.prototype.remove;An.prototype.forEach=function(a){this.qh.forEach(a)};
An.prototype.forEach=An.prototype.forEach;An.prototype.addGeoJson=function(a,b){return _.yda(this.qh,a,b)};An.prototype.addGeoJson=An.prototype.addGeoJson;An.prototype.loadGeoJson=function(a,b,c){var d=this.qh;_.dl("data").then(e=>{e.QM(d,a,b,c)})};An.prototype.loadGeoJson=An.prototype.loadGeoJson;An.prototype.toGeoJson=function(a){var b=this.qh;_.dl("data").then(c=>{c.MM(b,a)})};An.prototype.toGeoJson=An.prototype.toGeoJson;An.prototype.overrideStyle=function(a,b){this.rh.overrideStyle(a,b)};
An.prototype.overrideStyle=An.prototype.overrideStyle;An.prototype.revertStyle=function(a){this.rh.revertStyle(a)};An.prototype.revertStyle=An.prototype.revertStyle;An.prototype.controls_changed=function(){this.get("controls")&&Dda(this)};An.prototype.drawingMode_changed=function(){this.get("drawingMode")&&Dda(this)};_.yn(An.prototype,{map:_.Jr,style:_.ol,controls:_.hm(_.bm(_.am(Oha))),controlPosition:_.hm(_.am(_.Qp)),drawingMode:_.hm(_.am(Oha))});_.cq={METRIC:0,IMPERIAL:1,0:"METRIC",1:"IMPERIAL"};_.Zha={METRIC:0,IMPERIAL:1};_.bq={DRIVING:"DRIVING",WALKING:"WALKING",BICYCLING:"BICYCLING",TRANSIT:"TRANSIT",TWO_WHEELER:"TWO_WHEELER"};_.Kr=class{constructor(){console.warn("google.maps.DirectionsService is deprecated as of February 25th, 2026. Please use google.maps.routes.Route.computeRoutes instead. At this time, google.maps.DirectionsService is not scheduled to be discontinued, but google.maps.routes.Route.computeRoutes is recommended over google.maps.DirectionsService.route. While google.maps.DirectionsService will continue to receive bug fixes for any major regressions, existing bugs in google.maps.DirectionsService will not be addressed. At least 12 months notice will be given before support is discontinued. Please see https://developers.google.com/maps/legacy for additional details and https://developers.google.com/maps/documentation/javascript/routes/routes-js-migration for the migration guide.");
this.Rk()}Rk(){}route(a,b){var c=void 0;$ha()||(c=_.jl(158094));_.M(window,154342);var d=_.dl("directions").then(e=>e.route(a,b,!0,c),()=>{c&&_.kl(c,8)});b&&d.catch(()=>{});return d}};_.Kr.prototype.route=_.Kr.prototype.route;_.Kr.prototype.constructor=_.Kr.prototype.constructor;var $ha=_.ml();_.Sl(_.Kr);_.aia={OK:"OK",UNKNOWN_ERROR:"UNKNOWN_ERROR",OVER_QUERY_LIMIT:"OVER_QUERY_LIMIT",REQUEST_DENIED:"REQUEST_DENIED",INVALID_REQUEST:"INVALID_REQUEST",ZERO_RESULTS:"ZERO_RESULTS",MAX_WAYPOINTS_EXCEEDED:"MAX_WAYPOINTS_EXCEEDED",NOT_FOUND:"NOT_FOUND"};_.Lr={BEST_GUESS:"bestguess",OPTIMISTIC:"optimistic",PESSIMISTIC:"pessimistic"};_.Mr={BUS:"BUS",RAIL:"RAIL",SUBWAY:"SUBWAY",TRAIN:"TRAIN",TRAM:"TRAM",LIGHT_RAIL:"LIGHT_RAIL"};_.Nr={LESS_WALKING:"LESS_WALKING",FEWER_TRANSFERS:"FEWER_TRANSFERS"};_.bia={RAIL:"RAIL",METRO_RAIL:"METRO_RAIL",SUBWAY:"SUBWAY",TRAM:"TRAM",MONORAIL:"MONORAIL",HEAVY_RAIL:"HEAVY_RAIL",COMMUTER_TRAIN:"COMMUTER_TRAIN",HIGH_SPEED_TRAIN:"HIGH_SPEED_TRAIN",BUS:"BUS",INTERCITY_BUS:"INTERCITY_BUS",TROLLEYBUS:"TROLLEYBUS",SHARE_TAXI:"SHARE_TAXI",FERRY:"FERRY",CABLE_CAR:"CABLE_CAR",GONDOLA_LIFT:"GONDOLA_LIFT",FUNICULAR:"FUNICULAR",OTHER:"OTHER"};_.Bn=[];_.ub(_.Dn,_.Vm);_.Dn.prototype.changed=function(a){a!="map"&&a!="panel"||_.dl("directions").then(b=>{b.SN(this,a)});a=="panel"&&_.Cn(this.getPanel())};_.yn(_.Dn.prototype,{directions:function(a){return _.Yl({routes:_.bm(_.dm(_.Gl))},!0)(a)},map:_.Jr,panel:_.hm(_.dm(_.Zl)),routeIndex:_.Cr});_.cia={OK:"OK",NOT_FOUND:"NOT_FOUND",ZERO_RESULTS:"ZERO_RESULTS"};_.Or=class{constructor(){console.warn("google.maps.DistanceMatrix is deprecated as of February 25th, 2026. Please use google.maps.routes.RouteMatrix.computeRouteMatrix instead. At this time, google.maps.DistanceMatrix is not scheduled to be discontinued, but google.maps.routes.RouteMatrix.computeRouteMatrix is recommended over google.maps.DistanceMatrix.getDistanceMatrix. While google.maps.DistanceMatrix will continue to receive bug fixes for any major regressions, existing bugs in google.maps.DistanceMatrix will not be addressed. At least 12 months notice will be given before support is discontinued. Please see https://developers.google.com/maps/legacy for additional details and https://developers.google.com/maps/documentation/javascript/routes/route-matrix-js-migration for the migration guide.");
this.Rk()}Rk(){}getDistanceMatrix(a,b){_.M(window,154344);var c=_.dl("distance_matrix").then(d=>d.getDistanceMatrix(a,b));b&&c.catch(()=>{});return c}};_.Or.prototype.getDistanceMatrix=_.Or.prototype.getDistanceMatrix;_.Or.prototype.constructor=_.Or.prototype.constructor;_.Sl(_.Or);_.dia={OK:"OK",INVALID_REQUEST:"INVALID_REQUEST",OVER_QUERY_LIMIT:"OVER_QUERY_LIMIT",REQUEST_DENIED:"REQUEST_DENIED",UNKNOWN_ERROR:"UNKNOWN_ERROR",MAX_ELEMENTS_EXCEEDED:"MAX_ELEMENTS_EXCEEDED",MAX_DIMENSIONS_EXCEEDED:"MAX_DIMENSIONS_EXCEEDED"};_.Pr=class{getElevationAlongPath(a,b){return Eda(a,b)}getElevationForLocations(a,b){return Fda(a,b)}};_.Pr.prototype.getElevationForLocations=_.Pr.prototype.getElevationForLocations;_.Pr.prototype.getElevationAlongPath=_.Pr.prototype.getElevationAlongPath;_.Pr.prototype.constructor=_.Pr.prototype.constructor;_.eia={OK:"OK",UNKNOWN_ERROR:"UNKNOWN_ERROR",OVER_QUERY_LIMIT:"OVER_QUERY_LIMIT",REQUEST_DENIED:"REQUEST_DENIED",INVALID_REQUEST:"INVALID_REQUEST",bR:"DATA_NOT_AVAILABLE"};var Qr=class{constructor(){_.dl("geocoder")}geocode(a,b){_.M(window,155468);return Hda(a,b)}};Qr.prototype.geocode=Qr.prototype.geocode;Qr.prototype.constructor=Qr.prototype.constructor;var Gda=_.ml();_.fia={ROOFTOP:"ROOFTOP",RANGE_INTERPOLATED:"RANGE_INTERPOLATED",GEOMETRIC_CENTER:"GEOMETRIC_CENTER",APPROXIMATE:"APPROXIMATE"};_.lo=class{constructor(a,b=!1){var c=f=>pm("LatLngAltitude","lat",()=>(0,_.yr)(f)),d=typeof a.lat==="function"?a.lat():a.lat;c=d&&b?c(d):_.Cl(c(d),-90,90);d=f=>pm("LatLngAltitude","lng",()=>(0,_.yr)(f));var e=typeof a.lng==="function"?a.lng():a.lng;b=e&&b?d(e):_.Dl(d(e),-180,180);d=f=>pm("LatLngAltitude","altitude",()=>(0,_.Cr)(f));a=a.altitude!==void 0?d(a.altitude)||0:0;this.XD=c;this.YD=b;this.WD=a}get lat(){return this.XD}get lng(){return this.YD}get altitude(){return this.WD}equals(a){return a?
_.El(this.XD,a.lat)&&_.El(this.YD,a.lng)&&_.El(this.WD,a.altitude):!1}toJSON(){return{lat:this.XD,lng:this.YD,altitude:this.WD}}};_.lo.fromProto=function(a){return new _.lo({lat:a.wk(),lng:a.Uk()})};_.lo.prototype.toJSON=_.lo.prototype.toJSON;_.lo.prototype.equals=_.lo.prototype.equals;_.lo.prototype.constructor=_.lo.prototype.constructor;Object.defineProperties(_.lo.prototype,{lat:{enumerable:!0},lng:{enumerable:!0},altitude:{enumerable:!0}});_.gia=_.Yl({heading:_.hm(_.yr),tilt:_.hm(_.yr),roll:_.hm(_.yr)},!1);_.Rr=class{constructor(a){var b=(c,d)=>pm("Orientation3D",c,()=>(0,_.yr)(d));this.qh=a.heading!=null?_.Dl(b("heading",a.heading),0,360):0;this.rh=a.tilt!=null?_.Dl(b("tilt",a.tilt),0,360):0;this.sh=a.roll!=null?_.Dl(b("roll",a.roll),0,360):0;a instanceof _.Rr||qm(a,this,"Orientation3D")}get heading(){return this.qh}get tilt(){return this.rh}get roll(){return this.sh}equals(a){if(!a)return!1;var b=a;if(b instanceof _.Rr)a=b;else try{b=(0,_.gia)(b),a=new _.Rr(b)}catch(c){throw _.Wl("not an Orientation3D or Orientation3DLiteral",
c);}return _.El(this.heading,a.heading)&&_.El(this.tilt,a.tilt)&&_.El(this.roll,a.roll)}toJSON(){return{heading:this.heading,tilt:this.tilt,roll:this.roll}}};_.Rr.prototype.toJSON=_.Rr.prototype.toJSON;_.Rr.prototype.equals=_.Rr.prototype.equals;_.Rr.prototype.constructor=_.Rr.prototype.constructor;Object.defineProperties(_.Rr.prototype,{heading:{enumerable:!0},tilt:{enumerable:!0},roll:{enumerable:!0}});_.En=class{constructor(a,b){this.x=a;this.y=b}toString(){return`(${this.x}, ${this.y})`}equals(a){return a?a.x==this.x&&a.y==this.y:!1}round(){this.x=Math.round(this.x);this.y=Math.round(this.y)}};_.En.prototype.rB=_.ea(22);_.En.prototype.equals=_.En.prototype.equals;_.En.prototype.toString=_.En.prototype.toString;_.Rn=new _.En(0,0);_.En.prototype.equals=_.En.prototype.equals;_.In=class{constructor(a,b,c,d){this.Rk(a,b,c,d)}Rk(a,b,c,d){this.width=a;this.height=b;this.rh=c;this.qh=d}toString(){return`(${this.width}, ${this.height})`}equals(a){return a?a.width===this.width&&a.height===this.height:!1}};_.In.prototype.equals=_.In.prototype.equals;_.In.prototype.toString=_.In.prototype.toString;_.In.prototype.constructor=_.In.prototype.constructor;_.Sn=new _.In(0,0);_.Sl(_.In);_.hia=_.Yl({x:_.yr,y:_.yr,z:_.yr},!1);_.Sr=class{constructor(a){var b=(c,d)=>pm("Vector3D",c,()=>(0,_.yr)(d));this.qh=b("x",a.x);this.rh=b("y",a.y);this.sh=b("z",a.z);a instanceof _.Sr||qm(a,this,"Vector3D")}get x(){return this.qh}get y(){return this.rh}get z(){return this.sh}equals(a){if(!a)return!1;if(!(a instanceof _.Sr))try{let b=(0,_.hia)(a);a=new _.Sr(b)}catch(b){throw _.Wl("not a Vector3D or Vector3DLiteral",b);}return _.El(this.qh,a.x)&&_.El(this.rh,a.y)&&_.El(this.sh,a.z)}toJSON(){return{x:this.x,y:this.y,z:this.z}}};
_.Sr.prototype.toJSON=_.Sr.prototype.toJSON;_.Sr.prototype.equals=_.Sr.prototype.equals;_.Sr.prototype.constructor=_.Sr.prototype.constructor;Object.defineProperties(_.Sr.prototype,{x:{enumerable:!0},y:{enumerable:!0},z:{enumerable:!0}});var iia=_.em(Ln,"not a valid InfoWindow anchor");_.Tr={REQUIRED:"REQUIRED",REQUIRED_AND_HIDES_OPTIONAL:"REQUIRED_AND_HIDES_OPTIONAL",OPTIONAL_AND_HIDES_LOWER_PRIORITY:"OPTIONAL_AND_HIDES_LOWER_PRIORITY"};var jia={CIRCLE:0,FORWARD_CLOSED_ARROW:1,FORWARD_OPEN_ARROW:2,BACKWARD_CLOSED_ARROW:3,BACKWARD_OPEN_ARROW:4,0:"CIRCLE",1:"FORWARD_CLOSED_ARROW",2:"FORWARD_OPEN_ARROW",3:"BACKWARD_CLOSED_ARROW",4:"BACKWARD_OPEN_ARROW"};var Ur=class extends _.Vm{constructor(a){super();this.Rk(a)}Rk(a){a=a||{};a.clickable=_.Hl(a.clickable,!0);a.visible=_.Hl(a.visible,!0);this.setValues(a);_.dl("marker")}};
_.yn(Ur.prototype,{position:_.hm(_.wm),title:_.Dr,icon:_.hm(_.fm([_.Bq,_.dm(a=>a instanceof HTMLElement&&a.localName==="gmp-pin","should be a PinView"),{lC:_.im("url"),then:_.Yl({url:_.Bq,scaledSize:_.hm(Kn),size:_.hm(Kn),origin:_.hm(Fn),anchor:_.hm(Fn),labelOrigin:_.hm(Fn),path:_.dm(a=>a==null)},!0)},{lC:_.im("path"),then:_.Yl({path:_.fm([_.Bq,_.am(jia)]),anchor:_.hm(Fn),labelOrigin:_.hm(Fn),fillColor:_.Dr,fillOpacity:_.Cr,rotation:_.Cr,scale:_.Cr,strokeColor:_.Dr,strokeOpacity:_.Cr,strokeWeight:_.Cr,
url:_.dm(a=>a==null)},!0)}])),label:_.hm(_.fm([_.Bq,{lC:_.im("text"),then:_.Yl({text:_.Bq,fontSize:_.Dr,fontWeight:_.Dr,fontFamily:_.Dr,className:_.Dr},!0)}])),shadow:_.ol,shape:_.ol,cursor:_.Dr,clickable:_.Er,animation:_.ol,draggable:_.Er,visible:_.Er,flat:_.ol,zIndex:_.Cr,opacity:_.Cr,place:_.hm(_.gm(_.Yl({placeId:_.Dr,query:_.Dr,location:_.wm}),function(a){if(a.placeId&&a.query)throw _.Wl("cannot set both placeId and query");if(!a.placeId&&!a.query)throw _.Wl("must set one of placeId or query");
return a})),attribution:_.hm(_.Yl({source:_.Bq,webUrl:_.Dr,iosDeepLinkId:_.Dr}))});_.Sl(Ur);var kia=class{constructor(a,b){this.sh=a;this.th=b;this.rh=0;this.qh=null}get(){if(this.rh>0){this.rh--;var a=this.qh;this.qh=a.next;a.next=null}else a=this.sh();return a}};var lia=class{constructor(){this.rh=this.qh=null}add(a,b){var c=Kda.get();c.set(a,b);this.rh?this.rh.next=c:this.qh=c;this.rh=c}remove(){var a=null;this.qh&&(a=this.qh,this.qh=this.qh.next,this.qh||(this.rh=null),a.next=null);return a}},Kda=new kia(()=>new mia,a=>a.reset()),mia=class{constructor(){this.next=this.scope=this.Qv=null}set(a,b){this.Qv=a;this.scope=b;this.next=null}reset(){this.next=this.scope=this.Qv=null}};var Vr,Mn,Jda,nia;Mn=!1;Jda=new lia;_.cp=(a,b)=>{Vr||nia();Mn||(Vr(),Mn=!0);Jda.add(a,b)};nia=()=>{var a=Promise.resolve(void 0);Vr=()=>{a.then(Lda)}};var oia;
_.pia=class{constructor(a){this.bi=[];this.Vr=a&&a.Vr?a.Vr:()=>{};this.ft=a&&a.ft?a.ft:()=>{}}addListener(a,b){Nda(this,a,b,!1)}addListenerOnce(a,b){Nda(this,a,b,!0)}removeListener(a,b){this.bi.length&&((a=this.bi.find(Mda(a,b)))&&this.bi.splice(this.bi.indexOf(a),1),this.bi.length||this.Vr())}mu(a,b){var c=this.bi.slice(0),d=()=>{for(let e of c)a(f=>{if(e.once){if(e.once.QG)return;e.once.QG=!0;this.bi.splice(this.bi.indexOf(e),1);this.bi.length||this.Vr()}e.Qv.call(e.context,f)})};b&&b.sync?d():
(oia||_.cp)(d)}};oia=null;_.qia=class{constructor(){this.bi=new _.pia({Vr:()=>{this.Vr()},ft:()=>{this.ft()}})}ft(){}Vr(){}addListener(a,b){this.bi.addListener(a,b)}addListenerOnce(a,b){this.bi.addListenerOnce(a,b)}removeListener(a,b){this.bi.removeListener(a,b)}notify(a){this.bi.mu(b=>{b(this.get())},a)}};_.ria=class extends _.qia{constructor(a=!1){super();this.sh=a}set(a){this.sh&&this.get()===a||(this.rh(a),this.notify())}};_.Nn=class extends _.ria{constructor(a,b){super(b);this.value=a}get(){return this.value}rh(a){this.value=a}};_.ub(_.Pn,_.Vm);var Wr=_.hm(_.$l(_.Pn,"StreetViewPanorama"));var sia;sia=!1;
_.Xr=class extends Ur{getMap(){return this.get("map")}setMap(a){this.set("map",a)}setOptions(a){this.setValues(a)}constructor(a){super(a);this.Rk(a)}Rk(a){var b=a?a.internalMarker:!1;sia||b||(sia=!0,console.warn("As of February 21st, 2024, google.maps.Marker is deprecated. Please use google.maps.marker.AdvancedMarkerElement instead. At this time, google.maps.Marker is not scheduled to be discontinued, but google.maps.marker.AdvancedMarkerElement is recommended over google.maps.Marker. While google.maps.Marker will continue to receive bug fixes for any major regressions, existing bugs in google.maps.Marker will not be addressed. At least 12 months notice will be given before support is discontinued. Please see https://developers.google.com/maps/deprecations for additional details and https://developers.google.com/maps/documentation/javascript/advanced-markers/migration for the migration guide."));Oda(this);
Ur.call(this,a)}map_changed(){Oda(this);var a=this.get("map");a=a&&a.__gm.markers;this.__gm&&this.__gm.set===a||(this.__gm&&this.__gm.set&&this.__gm.set.remove(this),(this.__gm.set=a)&&_.hp(a,this))}};_.Xr.prototype.constructor=_.Xr.prototype.constructor;_.Xr.prototype.setOptions=_.Xr.prototype.setOptions;_.Xr.prototype.setMap=_.Xr.prototype.setMap;_.Xr.prototype.getMap=_.Xr.prototype.getMap;_.Xr.MAX_ZINDEX=1E6;_.sb("module$exports$google3$maps$api$javascript$marker$marker.Marker.MAX_ZINDEX",_.Xr.MAX_ZINDEX);
_.yn(_.Xr.prototype,{map:_.fm([_.Jr,Wr])});_.Sl(_.Xr);var tia=class extends _.Vm{constructor(a,b){super();this.infoWindow=a;this.Us=b;this.infoWindow.addListener("map_changed",()=>{var c=this.get("internalAnchor"),d=Tn(c);Ln(c)&&d&&d.set("isOpen",!!this.infoWindow.get("map"));!this.infoWindow.get("map")&&d&&d.get("map")&&this.set("internalAnchor",null)});this.bindTo("pendingFocus",this.infoWindow);this.bindTo("map",this.infoWindow);this.bindTo("disableAutoPan",this.infoWindow);this.bindTo("headerDisabled",this.infoWindow);this.bindTo("maxWidth",this.infoWindow);
this.bindTo("minWidth",this.infoWindow);this.bindTo("position",this.infoWindow);this.bindTo("zIndex",this.infoWindow);this.bindTo("ariaLabel",this.infoWindow);this.bindTo("internalAnchor",this.infoWindow,"anchor");this.bindTo("internalHeaderContent",this.infoWindow,"headerContent");this.bindTo("internalContent",this.infoWindow,"content");this.bindTo("internalPixelOffset",this.infoWindow,"pixelOffset");this.bindTo("shouldFocus",this.infoWindow)}internalAnchor_changed(){var a=Tn(this.get("internalAnchor"));
Qn(this,"attribution",a);Qn(this,"place",a);Qn(this,"pixelPosition",a);Qn(this,"internalAnchorMap",a,"map",!0);this.internalAnchorMap_changed(!0);Qn(this,"internalAnchorPoint",a,"anchorPoint");a instanceof _.Xr?Qn(this,"internalAnchorPosition",a,"internalPosition"):Qn(this,"internalAnchorPosition",a,"position")}internalAnchorPoint_changed(){Pda(this)}internalPixelOffset_changed(){Pda(this)}internalAnchorPosition_changed(){var a=this.get("internalAnchorPosition");a&&this.set("position",a)}internalAnchorMap_changed(a=
!1){this.get("internalAnchor")&&(a||this.get("internalAnchorMap")!==this.infoWindow.get("map"))&&this.infoWindow.set("map",this.get("internalAnchorMap"))}internalHeaderContent_changed(){var a=this.get("internalHeaderContent");if(typeof a==="string"){let b=document.createElement("span");b.textContent=a;a=b}this.set("headerContent",a)}internalContent_changed(){var a=this.set,b;if(b=this.get("internalContent")){if(typeof b==="string"){var c=document.createElement("div");_.Si(c,_.$k(b))}else b.nodeType===
Node.TEXT_NODE?(c=document.createElement("div"),c.appendChild(b)):c=b;b=c}else b=null;a.call(this,"content",b)}trigger(a){_.Tm(this.infoWindow,a)}close(){this.infoWindow.set("map",null)}};_.Yr=class extends _.Vm{setOptions(a){this.setValues(a)}setHeaderContent(a){this.set("headerContent",a)}getHeaderContent(){return this.get("headerContent")}setHeaderDisabled(a){this.set("headerDisabled",a)}getHeaderDisabled(){return this.get("headerDisabled")}setContent(a){this.set("content",a)}getContent(){return this.get("content")}setPosition(a){this.set("position",a)}getPosition(){return this.get("position")}setZIndex(a){this.set("zIndex",a)}getZIndex(){return this.get("zIndex")}setMap(a){this.set("map",
a)}getMap(){return this.get("map")}setAnchor(a){this.set("anchor",a)}getAnchor(){return this.get("anchor")}constructor(a){function b(){e||(e=!0,_.dl("infowindow").then(f=>{f.AL(d)}))}super();window.setTimeout(()=>{_.dl("infowindow")},100);a=a||{};var c=!!a.Us;delete a.Us;var d=new tia(this,c),e=!1;_.Qm(this,"anchor_changed",b);_.Qm(this,"map_changed",b);this.setValues(a)}open(a,b){var c=b;b={};typeof a!=="object"||!a||a instanceof _.Pn||a instanceof _.hn?(b.map=a,b.anchor=c):(b.map=a.map,b.shouldFocus=
a.shouldFocus,b.anchor=c||a.anchor);a=(a=Tn(b.anchor))&&a.get("map");a=a instanceof _.hn||a instanceof _.Pn;b.map||a||console.warn("InfoWindow.open() was called without an associated Map or StreetViewPanorama instance.");var d={...b};a=d.map;b=d.anchor;c=this.set;{var e=d.map;let f=d.shouldFocus;e=typeof f==="boolean"?f:(e=(d=Tn(d.anchor))&&d.get("map")||e)?e.__gm.get("isInitialized"):!1}c.call(this,"shouldFocus",e);this.set("anchor",b);b?!this.get("map")&&a&&this.set("map",a):this.set("map",a)}get isOpen(){return!!this.get("map")}close(){this.set("map",
null)}focus(){this.get("map")&&!this.get("pendingFocus")&&this.set("pendingFocus",!0)}};_.Yr.prototype.focus=_.Yr.prototype.focus;_.Yr.prototype.close=_.Yr.prototype.close;_.Yr.prototype.open=_.Yr.prototype.open;_.Yr.prototype.constructor=_.Yr.prototype.constructor;_.Yr.prototype.getAnchor=_.Yr.prototype.getAnchor;_.Yr.prototype.setAnchor=_.Yr.prototype.setAnchor;_.Yr.prototype.getMap=_.Yr.prototype.getMap;_.Yr.prototype.setMap=_.Yr.prototype.setMap;_.Yr.prototype.getZIndex=_.Yr.prototype.getZIndex;
_.Yr.prototype.setZIndex=_.Yr.prototype.setZIndex;_.Yr.prototype.getPosition=_.Yr.prototype.getPosition;_.Yr.prototype.setPosition=_.Yr.prototype.setPosition;_.Yr.prototype.getContent=_.Yr.prototype.getContent;_.Yr.prototype.setContent=_.Yr.prototype.setContent;_.Yr.prototype.getHeaderDisabled=_.Yr.prototype.getHeaderDisabled;_.Yr.prototype.setHeaderDisabled=_.Yr.prototype.setHeaderDisabled;_.Yr.prototype.getHeaderContent=_.Yr.prototype.getHeaderContent;_.Yr.prototype.setHeaderContent=_.Yr.prototype.setHeaderContent;
_.Yr.prototype.setOptions=_.Yr.prototype.setOptions;_.yn(_.Yr.prototype,{headerContent:_.fm([_.Dr,_.dm(_.Zl)]),headerDisabled:_.hm(Br),content:_.fm([_.Dr,_.dm(_.Zl)]),position:_.hm(_.wm),size:_.hm(Kn),map:_.fm([_.Jr,Wr]),anchor:_.hm(_.fm([_.$l(_.Vm,"MVCObject"),iia])),zIndex:_.Cr});_.Zr=class extends _.Vm{getMap(){return this.get("map")}setMap(a){this.set("map",a)}getUrl(){return this.get("url")}getBounds(){return this.get("bounds")}setOptions(a){this.setValues(a)}getOpacity(){return this.get("opacity")}setOpacity(a){this.set("opacity",a)}constructor(a,b,c){super();this.Rk(a,b,c)}Rk(a,b,c){this.set("url",a);this.set("bounds",_.hm(_.vn)(b));this.setValues(c)}map_changed(){_.dl("kml").then(a=>{this.get("map")?this.get("map").__gm.Gh.then(()=>{a.CG(this)}):a.CG(this)})}};
_.Zr.prototype.setOpacity=_.Zr.prototype.setOpacity;_.Zr.prototype.getOpacity=_.Zr.prototype.getOpacity;_.Zr.prototype.getBounds=_.Zr.prototype.getBounds;_.Zr.prototype.getUrl=_.Zr.prototype.getUrl;_.Zr.prototype.setMap=_.Zr.prototype.setMap;_.Zr.prototype.getMap=_.Zr.prototype.getMap;_.Sl(_.Zr);_.yn(_.Zr.prototype,{map:_.Jr,url:null,bounds:null,opacity:_.Cr});_.ub(Un,_.Vm);Un.prototype.xh=function(){_.dl("kml").then(a=>{a.DL(this)})};Un.prototype.url_changed=Un.prototype.xh;Un.prototype.map_changed=Un.prototype.xh;Un.prototype.zIndex_changed=Un.prototype.xh;_.yn(Un.prototype,{map:_.Jr,defaultViewport:null,metadata:null,status:null,url:_.Dr,screenOverlays:_.Er,zIndex:_.Cr});_.$r=class extends _.Vm{getMap(){return this.get("map")}setMap(a){this.set("map",a)}constructor(){super();_.dl("layers").then(a=>{a.zL(this)})}};_.$r.prototype.setMap=_.$r.prototype.setMap;_.$r.prototype.getMap=_.$r.prototype.getMap;_.yn(_.$r.prototype,{map:_.Jr});var as=class extends _.Vm{setOptions(a){this.setValues(a)}getMap(){return this.get("map")}setMap(a){this.set("map",a)}constructor(a){super();this.setValues(a);_.dl("layers").then(b=>{b.HL(this)})}};as.prototype.setMap=as.prototype.setMap;as.prototype.getMap=as.prototype.getMap;as.prototype.setOptions=as.prototype.setOptions;_.yn(as.prototype,{map:_.Jr});var bs=class extends _.Vm{getMap(){return this.get("map")}setMap(a){this.set("map",a)}constructor(){super();_.dl("layers").then(a=>{a.IL(this)})}};bs.prototype.setMap=bs.prototype.setMap;bs.prototype.getMap=bs.prototype.getMap;_.yn(bs.prototype,{map:_.Jr});var Xn;_.cs={Wj:a=>a?.split(/\s+/).filter(Boolean)??null,Gj:a=>a?.join(" ")??null};Xn=new Map;_.$n=class{constructor(a){this.minY=this.minX=Infinity;this.maxY=this.maxX=-Infinity;(a||[]).forEach(b=>void this.extend(b))}isEmpty(){return!(this.minX<this.maxX&&this.minY<this.maxY)}toString(){return`(${this.minX}, ${this.minY}, ${this.maxX}, ${this.maxY})`}extend(a){a&&(this.minX=Math.min(this.minX,a.x),this.maxX=Math.max(this.maxX,a.x),this.minY=Math.min(this.minY,a.y),this.maxY=Math.max(this.maxY,a.y))}extendByBounds(a){a&&(this.minX=Math.min(this.minX,a.minX),this.maxX=Math.max(this.maxX,a.maxX),
this.minY=Math.min(this.minY,a.minY),this.maxY=Math.max(this.maxY,a.maxY))}getSize(){return new _.In(this.maxX-this.minX,this.maxY-this.minY)}getCenter(){return new _.En((this.minX+this.maxX)/2,(this.minY+this.maxY)/2)}equals(a){return a?this.minX===a.minX&&this.minY===a.minY&&this.maxX===a.maxX&&this.maxY===a.maxY:!1}containsPoint(a){return this.minX<=a.x&&a.x<this.maxX&&this.minY<=a.y&&a.y<this.maxY}containsBounds(a){return this.minX<=a.minX&&this.maxX>=a.maxX&&this.minY<=a.minY&&this.maxY>=a.maxY}};
_.ds=_.ao(-Infinity,-Infinity,Infinity,Infinity);_.ao(0,0,0,0);_.ub(_.go,_.Vm);_.go.prototype.getAt=function(a){return this.qh[a]};_.go.prototype.getAt=_.go.prototype.getAt;_.go.prototype.indexOf=function(a){for(let b=0,c=this.qh.length;b<c;++b)if(a===this.qh[b])return b;return-1};_.go.prototype.forEach=function(a){for(let b=0,c=this.qh.length;b<c;++b)a(this.qh[b],b)};_.go.prototype.forEach=_.go.prototype.forEach;
_.go.prototype.setAt=function(a,b){var c=this.qh[a],d=this.qh.length;if(a<d)this.qh[a]=b,_.Tm(this,"set_at",a,c),this.th&&this.th(a,c);else{for(c=d;c<a;++c)this.insertAt(c,void 0);this.insertAt(a,b)}};_.go.prototype.setAt=_.go.prototype.setAt;_.go.prototype.insertAt=function(a,b){this.qh.splice(a,0,b);fo(this);_.Tm(this,"insert_at",a);this.rh&&this.rh(a)};_.go.prototype.insertAt=_.go.prototype.insertAt;
_.go.prototype.removeAt=function(a){var b=this.qh[a];this.qh.splice(a,1);fo(this);_.Tm(this,"remove_at",a,b);this.sh&&this.sh(a,b);return b};_.go.prototype.removeAt=_.go.prototype.removeAt;_.go.prototype.push=function(a){this.insertAt(this.qh.length,a);return this.qh.length};_.go.prototype.push=_.go.prototype.push;_.go.prototype.pop=function(){return this.removeAt(this.qh.length-1)};_.go.prototype.pop=_.go.prototype.pop;_.go.prototype.getArray=function(){return this.qh};_.go.prototype.getArray=_.go.prototype.getArray;
_.go.prototype.clear=function(){for(;this.get("length");)this.pop()};_.go.prototype.clear=_.go.prototype.clear;_.yn(_.go.prototype,{length:null});var Uda=Wda(_.$l(_.sm,"LatLng"));_.no=class extends _.Vm{getRadius(){return this.get("radius")}setRadius(a){this.set("radius",a)}getCenter(){return this.get("center")}setCenter(a){this.set("center",a)}getMap(){return this.get("map")}setMap(a){this.set("map",a)}getDraggable(){return this.get("draggable")}setDraggable(a){this.set("draggable",a)}getEditable(){return this.get("editable")}setEditable(a){this.set("editable",a)}setVisible(a){this.set("visible",a)}getVisible(){return this.get("visible")}setOptions(a){this.setValues(a)}constructor(a){super();
if(a instanceof _.no){let b={},c="map radius center strokeColor strokeOpacity strokeWeight strokePosition fillColor fillOpacity zIndex clickable editable draggable visible".split(" ");for(let d of c)b[d]=a.get(d);a=b}this.setValues(ho(a));_.dl("poly")}getBounds(){var a=this.get("radius"),b=this.get("center");if(b&&_.Fl(a)){var c=this.get("map");c=c&&c.__gm.get("baseMapType");return _.eo(b,a/_.Tda(c))}return null}map_changed(){Xda(this)}visible_changed(){Xda(this)}center_changed(){_.Tm(this,"bounds_changed")}radius_changed(){_.Tm(this,
"bounds_changed")}equals(a){if(this===a)return!0;if(!a)return!1;var b=this.getCenter(),c=a.getCenter();return b&&c?this.getRadius()===a.getRadius()&&b.equals(c):!b&&!c&&this.getRadius()===a.getRadius()}};_.no.prototype.getBounds=_.no.prototype.getBounds;_.no.prototype.setOptions=_.no.prototype.setOptions;_.no.prototype.getVisible=_.no.prototype.getVisible;_.no.prototype.setVisible=_.no.prototype.setVisible;_.no.prototype.setEditable=_.no.prototype.setEditable;_.no.prototype.getEditable=_.no.prototype.getEditable;
_.no.prototype.setDraggable=_.no.prototype.setDraggable;_.no.prototype.getDraggable=_.no.prototype.getDraggable;_.no.prototype.setMap=_.no.prototype.setMap;_.no.prototype.getMap=_.no.prototype.getMap;_.no.prototype.setCenter=_.no.prototype.setCenter;_.no.prototype.getCenter=_.no.prototype.getCenter;_.no.prototype.setRadius=_.no.prototype.setRadius;_.no.prototype.getRadius=_.no.prototype.getRadius;_.yn(_.no.prototype,{center:_.hm(_.wm),draggable:_.Er,editable:_.Er,map:_.Jr,radius:_.Cr,visible:_.Er});var via;
_.es={Wj:ko(function(a){return b=>{if(!b)return null;if(a.has(_.tn)&&b.includes("|")){a:if(b){try{let d=b.split("|");if(d.length<2)throw Error("too few points");if(d.length>2)throw Error("too many points");let [e,f]=d.map(_.mo);var c=new _.tn(e,f);break a}catch(d){throw Error(`Could not interpret "${b}" as a LatLngBounds: `+(d instanceof Error?d.message:`${d}`));}c=void 0}else c=null;return c}if(a.has(_.no)&&b.includes("@"))return Yda(b);if(a.has(_.lo)||a.has(_.sm))return _.mo(b);throw Error("Unsupported location bias/restriction type.");}}(new Set([_.sm,
_.lo,_.tn,_.no]))),Gj:function(a){if(a instanceof _.lo)var b=_.oo(a);else a instanceof _.sm?b=qo(a):a instanceof _.tn?a?(b=a.getSouthWest(),a=a.getNorthEast(),b=`${qo(b)}|${qo(a)}`):b=null:b=a instanceof _.no?Zda(a):null;return b}};_.uia={Wj:ko(Yda),Gj:Zda};_.fs={Wj:ko(function(a){return a?_.mo(a):null}),Gj:_.oo};_.gs={Wj:ko(function(a){return a?a.trim().replace(/\s*,\s*/g,",").split(/\s+/g).map(_.mo):null}),Gj:_.po};
via={Wj:ko(function(a){if(!a)return null;try{let b=a.split(",").map(jo);if(b.length<2)throw Error("too few values");if(b.length>2)throw Error("too many values");let [c,d]=b;return _.xm({lat:c,lng:d})}catch(b){throw Error(`Could not interpret "${a}" as a LatLng: `+(b instanceof Error?b.message:`${b}`));}}),Gj:qo};var so=void 0,ro=void 0;var wia=/^(?!javascript:)(?:[a-z0-9+.-]+:|[^&:\/?#]*(?:[\/?#]|$))/i,hs=_.Ki(function(a,...b){if(b.length===0)return _.Ji(a[0]);var c=a[0];for(let d=0;d<b.length;d++)c+=encodeURIComponent(b[d])+a[d+1];return _.Ji(c)}`about:invalid#zClosurez`),aea=a=>a,is=a=>wia.test(String(a))?a:hs,js=()=>hs,ks=a=>a instanceof _.Ii?_.Ki(a):hs,cea=new Map([["A href",is],["AREA href",is],["BASE href",js],["BUTTON formaction",is],["EMBED src",js],["FORM action",is],["FRAME src",js],["IFRAME src",ks],["IFRAME srcdoc",
a=>a instanceof Pi?_.Ri(a):_.Ri(bea)],["INPUT formaction",is],["LINK href",ks],["OBJECT codebase",js],["OBJECT data",js],["SCRIPT href",ks],["SCRIPT src",ks],["SCRIPT text",js],["USE href",ks]]);var ls,ms,dea,xia,yia,ns,zia,Aia,os,wo,uo,ps,Bia,Cia,qs,Dia,Eia,Fia,vo,Gia,ss,ts,Lia,vs,us,Hia,Iia,Jia,Kia;ls=!_.Xa.ShadyDOM?.inUse||_.Xa.ShadyDOM?.noPatch!==!0&&_.Xa.ShadyDOM?.noPatch!=="on-demand"?a=>a:_.Xa.ShadyDOM.wrap;ms=_.Xa.trustedTypes;dea=ms?ms.createPolicy("lit-html",{createHTML:a=>a}):void 0;xia=a=>a;yia=()=>xia;ns=`lit$${Math.random().toFixed(9).slice(2)}$`;zia="?"+ns;Aia=`<${zia}>`;os=_.Xa.document===void 0?{createTreeWalker(){return{}}}:document;
wo=a=>a===null||typeof a!="object"&&typeof a!="function"||!1;uo=Array.isArray;ps=/<(?:(!--|\/[^a-zA-Z])|(\/?[a-zA-Z][^>\s]*)|(\/?$))/g;Bia=/--\x3e/g;Cia=/>/g;qs=RegExp(">|[ \t\n\f\r](?:([^\\s\"'>=/]+)([ \t\n\f\r]*=[ \t\n\f\r]*(?:[^ \t\n\f\r\"'`<>=]|(\"|')|))|$)","g");Dia=/'/g;Eia=/"/g;Fia=/^(?:script|style|textarea|title)$/i;_.P=(a,...b)=>({_$litType$:1,xl:a,values:b});vo=Symbol.for?Symbol.for("lit-noChange"):Symbol("lit-noChange");_.rs=Symbol.for?Symbol.for("lit-nothing"):Symbol("lit-nothing");
Gia=new WeakMap;ss=os.createTreeWalker(os,129);
ts=class{constructor({xl:a,_$litType$:b},c){this.fz=[];var d=0,e=0,f=a.length-1,g=this.fz,h=a.length-1,k=[],m=b===2?"<svg>":b===3?"<math>":"",p,q=ps;for(let B=0;B<h;B++){let L=a[B],O=-1,U;var u=0;let A;for(;u<L.length;){q.lastIndex=u;A=q.exec(L);if(A===null)break;u=q.lastIndex;q===ps?A[1]==="!--"?q=Bia:A[1]!==void 0?q=Cia:A[2]!==void 0?(Fia.test(A[2])&&(p=new RegExp(`</${A[2]}`,"g")),q=qs):A[3]!==void 0&&(q=qs):q===qs?A[0]===">"?(q=p??ps,O=-1):A[1]===void 0?O=-2:(O=q.lastIndex-A[2].length,U=A[1],
q=A[3]===void 0?qs:A[3]==='"'?Eia:Dia):q===Eia||q===Dia?q=qs:q===Bia||q===Cia?q=ps:(q=qs,p=void 0)}u=q===qs&&a[B+1].startsWith("/>")?" ":"";m+=q===ps?L+Aia:O>=0?(k.push(U),L.slice(0,O)+"$lit$"+L.slice(O))+ns+u:L+ns+(O===-2?B:u)}a=[eea(a,m+(a[h]||"<?>")+(b===2?"</svg>":b===3?"</math>":"")),k];var [x,z]=a;this.el=ts.createElement(x,c);ss.currentNode=this.el.content;if(b===2||b===3)b=this.el.content.firstChild,b.replaceWith(...b.childNodes);for(;(b=ss.nextNode())!==null&&g.length<f;){if(b.nodeType===
1){if(b.hasAttributes())for(let B of b.getAttributeNames())B.endsWith("$lit$")?(a=z[e++],c=b.getAttribute(B).split(ns),a=/([.?@])?(.*)/.exec(a),g.push({type:1,index:d,name:a[2],xl:c,Tn:a[1]==="."?Hia:a[1]==="?"?Iia:a[1]==="@"?Jia:us}),b.removeAttribute(B)):B.startsWith(ns)&&(g.push({type:6,index:d}),b.removeAttribute(B));if(Fia.test(b.tagName)&&(c=b.textContent.split(ns),a=c.length-1,a>0)){b.textContent=ms?ms.emptyScript:"";for(h=0;h<a;h++)b.append(c[h],os.createComment("")),ss.nextNode(),g.push({type:2,
index:++d});b.append(c[a],os.createComment(""))}}else if(b.nodeType===8)if(b.data===zia)g.push({type:2,index:d});else for(c=-1;(c=b.data.indexOf(ns,c+1))!==-1;)g.push({type:7,index:d}),c+=ns.length-1;d++}}static createElement(a){var b=os.createElement("template");b.innerHTML=a;return b}};
Lia=class{constructor(a,b){this.sh=[];this.wh=void 0;this.rh=a;this.qh=b}get parentNode(){return this.qh.parentNode}get sr(){return this.qh.sr}xh(a){var b=this.rh.fz,c=(a?.yS??os).importNode(this.rh.el.content,!0);ss.currentNode=c;for(var d=ss.nextNode(),e=0,f=0,g=b[0];g!==void 0;){if(e===g.index){let h;g.type===2?h=new vs(d,d.nextSibling,this,a):g.type===1?h=new g.Tn(d,g.name,g.xl,this,a):g.type===6&&(h=new Kia(d,this,a));this.sh.push(h);g=b[++f]}e!==g?.index&&(d=ss.nextNode(),e++)}ss.currentNode=
os;return c}th(a){var b=0;for(let c of this.sh)c!==void 0&&(c.xl!==void 0?(c.Yt(a,c,b),b+=c.xl.length-2):c.Yt(a[b])),b++}};
vs=class{get sr(){return this.qh?.sr??this.Ah}constructor(a,b,c,d){this.type=2;this.kk=_.rs;this.wh=void 0;this.sh=a;this.xh=b;this.qh=c;this.options=d;this.Ah=d?.isConnected??!0;this.rh=void 0}get parentNode(){var a=ls(this.sh).parentNode,b=this.qh;b!==void 0&&a?.nodeType===11&&(a=b.parentNode);return a}Yt(a,b=this){a=xo(this,a,b);wo(a)?a===_.rs||a==null||a===""?(this.kk!==_.rs&&this.th(),this.kk=_.rs):a!==this.kk&&a!==vo&&this.Bh(a):a._$litType$!==void 0?this.Jh(a):a.nodeType!==void 0?this.yh(a):
uo(a)||typeof a?.[Symbol.iterator]==="function"?this.Gh(a):this.Bh(a)}zh(a){return ls(ls(this.sh).parentNode).insertBefore(a,this.xh)}yh(a){if(this.kk!==a){this.th();if(to!==yia){let b=this.sh.parentNode?.nodeName;if(b==="STYLE"||b==="SCRIPT")throw Error("Forbidden");}this.kk=this.zh(a)}}Bh(a){if(this.kk!==_.rs&&wo(this.kk)){var b=ls(this.sh).nextSibling;this.rh===void 0&&(this.rh=to(b,"data","property"));a=this.rh(a);b.data=a}else b=os.createTextNode(""),this.yh(b),this.rh===void 0&&(this.rh=to(b,
"data","property")),a=this.rh(a),b.data=a;this.kk=a}Jh(a){var {values:b,_$litType$:c}=a;a=typeof c==="number"?this.Dh(a):(c.el===void 0&&(c.el=ts.createElement(eea(c.h,c.h[0]),this.options)),c);if(this.kk?.rh===a)this.kk.th(b);else{a=new Lia(a,this);let d=a.xh(this.options);a.th(b);this.yh(d);this.kk=a}}Dh(a){var b=Gia.get(a.xl);b===void 0&&Gia.set(a.xl,b=new ts(a));return b}Gh(a){uo(this.kk)||(this.kk=[],this.th());var b=this.kk,c=0,d;for(let e of a)c===b.length?b.push(d=new vs(this.zh(os.createComment("")),
this.zh(os.createComment("")),this,this.options)):d=b[c],d.Yt(e),c++;c<b.length&&(this.th(d&&ls(d.xh).nextSibling,c),b.length=c)}th(a=ls(this.sh).nextSibling,b){for(this.Eh?.(!1,!0,b);a!==this.xh;)b=ls(a).nextSibling,ls(a).remove(),a=b}QJ(a){this.qh===void 0&&(this.Ah=a,this.Eh?.(a))}};
us=class{get tagName(){return this.element.tagName}get sr(){return this.qh.sr}constructor(a,b,c,d,e){this.type=1;this.kk=_.rs;this.wh=void 0;this.element=a;this.name=b;this.qh=d;this.options=e;c.length>2||c[0]!==""||c[1]!==""?(this.kk=Array(c.length-1).fill(new String),this.xl=c):this.kk=_.rs;this.yv=void 0}Yt(a,b=this,c,d){var e=this.xl,f=!1;if(e===void 0){if(a=xo(this,a,b,0),f=!wo(a)||a!==this.kk&&a!==vo)this.kk=a}else{let g=a;a=e[0];let h,k;for(h=0;h<e.length-1;h++)k=xo(this,g[c+h],b,h),k===vo&&
(k=this.kk[h]),f||(f=!wo(k)||k!==this.kk[h]),k===_.rs?a=_.rs:a!==_.rs&&(a+=(k??"")+e[h+1]),this.kk[h]=k}f&&!d&&this.SC(a)}SC(a){a===_.rs?ls(this.element).removeAttribute(this.name):(this.yv===void 0&&(this.yv=to(this.element,this.name,"attribute")),a=this.yv(a??""),ls(this.element).setAttribute(this.name,a??""))}};
Hia=class extends us{constructor(){super(...arguments);this.type=3}SC(a){this.yv===void 0&&(this.yv=to(this.element,this.name,"property"));a=this.yv(a);this.element[this.name]=a===_.rs?void 0:a}};Iia=class extends us{constructor(){super(...arguments);this.type=4}SC(a){ls(this.element).toggleAttribute(this.name,!!a&&a!==_.rs)}};
Jia=class extends us{constructor(a,b,c,d,e){super(a,b,c,d,e);this.type=5}Yt(a,b=this){a=xo(this,a,b,0)??_.rs;if(a!==vo){b=this.kk;var c=a===_.rs&&b!==_.rs||a.capture!==b.capture||a.once!==b.once||a.passive!==b.passive,d=a!==_.rs&&(b===_.rs||c);c&&this.element.removeEventListener(this.name,this,b);d&&this.element.addEventListener(this.name,this,a);this.kk=a}}handleEvent(a){typeof this.kk==="function"?this.kk.call(this.options?.host??this.element,a):this.kk.handleEvent(a)}};
Kia=class{constructor(a,b,c){this.element=a;this.type=6;this.wh=void 0;this.qh=b;this.options=c}get sr(){return this.qh.sr}Yt(a){xo(this,a)}};(_.Xa.litHtmlVersions??(_.Xa.litHtmlVersions=[])).push("3.3.3");_.ws=(a,b,c)=>{var d=c?.gF??b,e=d._$litPart$;e===void 0&&(e=c?.gF??null,d._$litPart$=e=new vs(b.insertBefore(os.createComment(""),e),e,void 0,c??{}));e.Yt(a);return e};var xs,Mia,Nia,Oia,Pia;xs=_.Xa.ShadowRoot&&(_.Xa.ShadyCSS===void 0||_.Xa.ShadyCSS.nativeShadow)&&"adoptedStyleSheets"in Document.prototype&&"replace"in CSSStyleSheet.prototype;Mia=Symbol();Nia=new WeakMap;
_.ys=class{constructor(a,b){this._$cssResult$=!0;if(Mia!==Mia)throw Error("CSSResult is not constructable. Use `unsafeCSS` or `css` instead.");this.cssText=a;this.qh=b}get styleSheet(){var a=this.rh,b=this.qh;if(xs&&a===void 0){let c=b!==void 0&&b.length===1;c&&(a=Nia.get(b));a===void 0&&((this.rh=a=new CSSStyleSheet).replaceSync(this.cssText),c&&Nia.set(b,a))}return a}toString(){return this.cssText}};
_.zs=(a,...b)=>function(){var c=a.length===1?a[0]:b.reduce((d,e,f)=>{if(e._$cssResult$===!0)e=e.cssText;else if(typeof e!=="number")throw Error(`Value passed to 'css' function must be a 'css' function result: ${e}. Use 'unsafeCSS' to pass non-literal values, but take care to ensure page security.`);return d+e+a[f+1]},a[0]);return new _.ys(c,a)}();
Oia=(a,b)=>{if(xs)a.adoptedStyleSheets=b.map(c=>c instanceof CSSStyleSheet?c:c.styleSheet);else for(let c of b){b=document.createElement("style");let d=_.Xa.litNonce;d!==void 0&&b.setAttribute("nonce",d);b.textContent=c.cssText;a.appendChild(b)}};Pia=xs?a=>a:a=>{if(a instanceof CSSStyleSheet){let b="";for(let c of a.cssRules)b+=c.cssText;a=new _.ys(typeof b==="string"?b:String(b))}return a};/*

 Copyright 2016 Google LLC
 SPDX-License-Identifier: BSD-3-Clause
*/
var Qia=HTMLElement,Ria=Object.is,hea=Object.defineProperty,fea=Object.getOwnPropertyDescriptor,Sia=Object.getOwnPropertyNames,Tia=Object.getOwnPropertySymbols,Uia=Object.getPrototypeOf,Via=_.Xa.trustedTypes,Wia=Via?Via.emptyScript:"",Ds={Gj(a,b){switch(b){case Boolean:a=a?Wia:null;break;case Object:case Array:a=a==null?a:JSON.stringify(a)}return a},Wj(a,b){var c=a;switch(b){case Boolean:c=a!==null;break;case Number:c=a===null?null:Number(a);break;case Object:case Array:try{c=JSON.parse(a)}catch(d){c=
null}}return c}},Ao=(a,b)=>!Ria(a,b),zo={Kh:!0,type:String,di:Ds,Mh:!1,AK:!1,nj:Ao},Xia,Es;Symbol.metadata==null&&(Symbol.metadata=Symbol("metadata"));Xia=Symbol.metadata;Es=new WeakMap;
_.Fs=class extends Qia{static addInitializer(a){this.rh();(this.Bx??(this.Bx=[])).push(a)}static get observedAttributes(){this.Fr();return this.bA&&[...this.bA.keys()]}static rh(){if(!this.hasOwnProperty("Lp")){var a=Uia(this);a.Fr();a.Bx!==void 0&&(this.Bx=[...a.Bx]);this.Lp=new Map(a.Lp)}}static Fr(){Yia();if(!this.hasOwnProperty("tD")){this.tD=!0;this.rh();if(this.hasOwnProperty("properties")){var a=this.properties,b=[...Sia(a),...Tia(a)];for(let c of b)iea(this,c,a[c])}a=this[Xia];if(a!==null&&
(a=Es.get(a),a!==void 0))for(let [c,d]of a)this.Lp.set(c,d);this.bA=new Map;for(let [c,d]of this.Lp)a=c,b=this.QC(a,d),b!==void 0&&this.bA.set(b,a);b=this.styles;a=[];if(Array.isArray(b)){b=new Set(b.flat(Infinity).reverse());for(let c of b)a.unshift(Pia(c))}else b!==void 0&&a.push(Pia(b));this.CH=a}}static QC(a,b){b=b.Kh;return b===!1?void 0:typeof b==="string"?b:typeof a==="string"?a.toLowerCase():void 0}constructor(){super();this.ii=void 0;this.Nh=this.Oh=!1;this.Bh=null;this.NC()}NC(){this.Zk=
new Promise(a=>this.Qt=a);this.Jh=new Map;this.gL();_.yo(this);this.constructor.Bx?.forEach(a=>a(this))}gL(){var a=new Map,b=this.constructor.Lp;for(let c of b.keys())this.hasOwnProperty(c)&&(a.set(c,this[c]),delete this[c]);a.size>0&&(this.ii=a)}Li(){var a=this.shadowRoot??this.attachShadow(this.constructor.gm);Oia(a,this.constructor.CH);return a}connectedCallback(){this.Pk??(this.Pk=this.Li());this.Qt(!0);this.Ih?.forEach(a=>a.xy?.())}Qt(){}disconnectedCallback(){this.Ih?.forEach(a=>a.PD?.())}attributeChangedCallback(a,
b,c){this.ux(a,c)}OC(a,b){var c=this.constructor.Lp.get(a),d=this.constructor.QC(a,c);d!==void 0&&c.Mh===!0&&(b=(c.di?.Gj!==void 0?c.di:Ds).Gj(b,c.type),this.Bh=a,b==null?this.removeAttribute(d):this.setAttribute(d,b),this.Bh=null)}ux(a,b){var c=this.constructor;a=c.bA.get(a);if(a!==void 0&&this.Bh!==a){c=c.Lp.get(a)??zo;let d=typeof c.di==="function"?{Wj:c.di}:c.di?.Wj!==void 0?c.di:Ds;this.Bh=a;b=d.Wj(b,c.type);this[a]=b??this.ai?.get(a)??b;this.Bh=null}}Vk(a,b,{AK:c,Mh:d,Xz:e},f){if(c&&!(this.ai??
(this.ai=new Map)).has(a)&&(this.ai.set(a,f??b??this[a]),e!==!0||f!==void 0))return;this.Jh.has(a)||(this.Nh||c||(b=void 0),this.Jh.set(a,b));d===!0&&this.Bh!==a&&(this.pi??(this.pi=new Set)).add(a)}async MC(){this.Oh=!0;try{await this.Zk}catch(b){this.iS||Promise.reject(b)}var a=jea(this);a!=null&&await a;return!this.Oh}Bk(){}wx(a){this.Ih?.forEach(b=>b.FN?.());this.Nh||(this.Nh=!0,this.zh());this.zj(a)}pr(){this.Jh=new Map;this.Oh=!1}get tp(){return this.Zk}update(){this.pi&&(this.pi=this.pi.forEach(a=>
this.OC(a,this[a])));this.pr()}zj(){}zh(){}};_.Fs.prototype.Cx=_.ea(23);_.Fs.CH=[];_.Fs.gm={mode:"open"};_.Fs.Lp=new Map;_.Fs.tD=new Map;var Yia=()=>{(_.Xa.reactiveElementVersions??(_.Xa.reactiveElementVersions=[])).push("2.1.2");Yia=()=>{}};_.Gs=class extends _.Fs{constructor(){super(...arguments);this.Mn={host:this};this.Ok=void 0}Li(){var a=super.Li(),b;(b=this.Mn).gF??(b.gF=a.firstChild);return a}update(a){var b=this.ti();this.Nh||(this.Mn.isConnected=this.isConnected);super.update(a);this.Ok=_.ws(b,this.Pk,this.Mn)}connectedCallback(){super.connectedCallback();this.Ok?.QJ(!0)}disconnectedCallback(){super.disconnectedCallback();this.Ok?.QJ(!1)}ti(){return vo}static Fr(){Zia();return _.Fs.Fr.call(this)}};_.Gs._$litElement$=!0;
_.Gs.tD=!0;var Zia=()=>{(_.Xa.litElementVersions??(_.Xa.litElementVersions=[])).push("4.2.2");Zia=()=>{}};_.Hs=class extends _.Gs{static get gm(){return{..._.Gs.gm,mode:_.pp[166]?"open":"closed"}}constructor(a={}){super();this.Vj=!1;this.xv=new Set;this.kL=this.localName;var b=this.constructor.Gi,c=window,d=this.getRootNode()!==this,e=!document.currentScript&&document.readyState==="loading";(d=d||e)||(d=so&&this.tagName.toLowerCase()===so.toLowerCase(),so=void 0,d=!!d);_.M(c,d?b.Ji:b.Ii);tda(this);this.yi(a,_.Hs,"WebComponentView")}attributeChangedCallback(a,b,c){this.Vj=!0;super.attributeChangedCallback(a,
b,c);this.Vj=!1}addEventListener(a,b,c){super.addEventListener(a,b,c)}removeEventListener(a,b,c){super.removeEventListener(a,b,c)}yi(a,b,c){this.constructor===b&&qm(a,this,c)}error(a){console.error(_.Do(this,a))}};_.Hs.prototype.removeEventListener=_.Hs.prototype.removeEventListener;_.Hs.prototype.addEventListener=_.Hs.prototype.addEventListener;_.Hs.styles=[];var $ia=_.Yl({center:_.hm(_.xm),zoom:_.Cr,heading:_.Cr,tilt:_.Cr});var Afa=class extends _.Vm{get(a){return super.get(a)}};var lea=class extends _.Vm{constructor(a,b){super();this.mapId=a;this.mapTypes=b;this.qh=!1}mapId_changed(){if(!this.qh&&this.get("mapId")!==this.mapId)if(this.get("mapHasBeenAbleToBeDrawn")){this.qh=!0;try{this.set("mapId",this.mapId)}finally{this.qh=!1}console.warn("Google Maps JavaScript API: A Map's mapId property cannot be changed after initial Map render.");_.M(window,149729)}else this.mapId=this.get("mapId"),this.styles_changed(),this.mapTypeId_changed()}styles_changed(){var a=this.get("styles");
this.mapId&&a&&(this.set("styles",void 0),console.warn("Google Maps JavaScript API: A Map's styles property cannot be set when a mapId is present. When a mapId is present, map styles are controlled via the cloud console. Please see documentation at https://developers.google.com/maps/documentation/javascript/styling#cloud_tooling"),_.M(window,149731),a.length||_.M(window,149730))}mapTypeId_changed(){var a=this.get("mapTypeId");this.mapId&&a&&this.mapTypes&&this.mapTypes.get(a)&&(Object.values(_.tr).includes(a)?
a==="satellite"&&(console.warn("Google Maps JavaScript API: A Map's preregistered map type may not apply all custom styles when a mapId is present. When a mapId is present, map styles are controlled via the cloud console for all default map types except for satellite. Please see documentation at https://developers.google.com/maps/documentation/javascript/styling#cloud_tooling"),_.M(window,149731)):(console.warn("Google Maps JavaScript API: A Map's custom map types cannot be set when a mapId is present. When a mapId is present, map styles are controlled via the cloud console. Please see documentation at https://developers.google.com/maps/documentation/javascript/styling#cloud_tooling"),
_.M(window,149731)))}};var Wo=class{constructor(){this.isAvailable=!0;this.qh=[]}clone(){var a=new Wo;a.isAvailable=this.isAvailable;this.qh.forEach(b=>{Ho(a,b)});return a}};var aja={oR:"FEATURE_TYPE_UNSPECIFIED",ADMINISTRATIVE_AREA_LEVEL_1:"ADMINISTRATIVE_AREA_LEVEL_1",ADMINISTRATIVE_AREA_LEVEL_2:"ADMINISTRATIVE_AREA_LEVEL_2",COUNTRY:"COUNTRY",LOCALITY:"LOCALITY",POSTAL_CODE:"POSTAL_CODE",DATASET:"DATASET",QR:"ROAD_PILOT",FR:"NEIGHBORHOOD_PILOT",YQ:"BUILDING",SCHOOL_DISTRICT:"SCHOOL_DISTRICT"};var Is=null;_.ub(_.Mo,_.Vm);_.Mo.prototype.map_changed=function(){var a=async()=>{var b=this.getMap();if(b)if(Is.yp(this,b),_.Js.has(this))_.Js.delete(this);else{let c=b.__gm.qh;await c.EJ;await c.uE;let d=_.Io(c,"WEBGL_OVERLAY_VIEW");if(!d.isAvailable&&this.getMap()===b){for(let e of d.qh)c.log(e);Is.mq(this)}}else Is.mq(this)};Is?a():_.dl("webgl").then(b=>{Is=b;a()})};_.Mo.prototype.jJ=function(a,b){this.sh=!0;this.onDraw({gl:a,transformer:b});this.sh=!1};_.Mo.prototype.onDrawWrapper=_.Mo.prototype.jJ;
_.Mo.prototype.requestRedraw=function(){this.qh=!0;if(!this.sh&&Is){let a=this.getMap();a&&Is.requestRedraw(a)}};_.Mo.prototype.requestRedraw=_.Mo.prototype.requestRedraw;_.Mo.prototype.requestStateUpdate=function(){this.th=!0;if(Is){let a=this.getMap();a&&Is.xh(a)}};_.Mo.prototype.requestStateUpdate=_.Mo.prototype.requestStateUpdate;_.Mo.prototype.rh=-1;_.Mo.prototype.qh=!1;_.Mo.prototype.th=!1;_.Mo.prototype.sh=!1;_.yn(_.Mo.prototype,{map:_.Jr});_.Js=new Set;_.Ks=class extends _.Vm{constructor(a,b){super();this.map=a;this.qh=!1;this.wh=null;this.cache={};this.jw=this.rh="UNKNOWN";this.sh=new Promise(c=>{this.th=c});this.uE=b.wh.then(c=>{this.wh=c;this.rh=c.ao()?"TRUE":"FALSE";Xo(this)});this.EJ=this.sh.then(c=>{this.jw=c?"TRUE":"FALSE";Xo(this)});Xo(this)}log(a,b=""){a.Fq&&console.error(b+a.Fq);a.wt&&_.M(this.map,a.wt)}ao(){return this.rh==="TRUE"||this.rh==="UNKNOWN"}Vv(){return this.wh}Dz(a){this.th(a)}getMapCapabilities(a=!1){var b={};b.isAdvancedMarkersAvailable=
this.cache.EG.isAvailable;b.isDataDrivenStylingAvailable=this.cache.lH.isAvailable;b.isWebGLOverlayViewAvailable=this.cache.wq.isAvailable;b=Object.freeze(b);a&&this.log({wt:153027});return b}mapCapabilities_changed(){if(!this.qh)throw rea(this),Error("Attempted to set read-only key: mapCapabilities");}};_.Ks.prototype.gE=_.ea(24);var qea={ADVANCED_MARKERS:{wt:153025},DATA_DRIVEN_STYLING:{wt:153026},WEBGL_OVERLAY_VIEW:{wt:209112}};var bja=class extends _.Vm{};var cja=class{constructor(a){this.options=a;this.qh=new Map}bu(a,b){a=typeof a==="number"?[a]:a;for(let c of a)this.qh.get(c),a=this.options.bu(c,b),this.qh.set(c,a)}Wn(a,b,c){a=typeof a==="number"?[a]:a;for(let d of a)if(a=this.qh.get(d))this.options.Wn(a,b,c),this.qh.delete(d)}du(a){a=typeof a==="number"?[a]:a;for(let b of a)if(a=this.qh.get(b))this.options.du(a),this.qh.delete(b)}};tea.prototype.reset=function(){this.context=this.rh=this.sh=this.qh=null;this.th=!1};var uea=new kia(function(){return new tea},function(a){a.reset()});_.ap.prototype.then=function(a,b,c){return Bea(this,(0,_.or)(typeof a==="function"?a:null),(0,_.or)(typeof b==="function"?b:null),c)};_.ap.prototype.$goog_Thenable=!0;_.aa=_.ap.prototype;_.aa.wQ=function(a,b){return Bea(this,null,(0,_.or)(a),b)};_.aa.catch=_.ap.prototype.wQ;
_.aa.cancel=function(a){if(this.qh==0){let b=new bp(a);_.cp(function(){wea(this,b)},this)}};_.aa.AQ=function(a){this.qh=0;$o(this,2,a)};_.aa.BQ=function(a){this.qh=0;$o(this,3,a)};_.aa.KM=function(){for(var a;a=xea(this);)yea(this,a,this.qh,this.yh);this.xh=!1};var Fea=_.Cb;_.ub(bp,_.vb);bp.prototype.name="cancel";_.ub(_.ep,_.Ij);_.aa=_.ep.prototype;_.aa.qx=0;_.aa.Ck=function(){_.ep.er.Ck.call(this);this.stop();delete this.qh;delete this.rh};_.aa.start=function(a){this.stop();this.qx=_.dp(this.sh,a!==void 0?a:this.th)};_.aa.Di=function(){this.isActive()||this.start(void 0)};_.aa.stop=function(){this.isActive()&&_.Xa.clearTimeout(this.qx);this.qx=0};_.aa.isActive=function(){return this.qx!=0};_.aa.pG=function(){this.qx=0;this.qh&&this.qh.call(this.rh)};var dja=class{constructor(){this.qh=null;this.rh=new Map;this.sh=new _.ep(()=>{Gea(this)})}};var eja=class{constructor(){this.qh=new Map;this.rh=new _.ep(()=>{var a=[],b=[];for(let c of this.qh.values()){let d=c.ny();d&&!d.getSize().equals(_.Sn)&&c.ul&&(c.collisionBehavior==="REQUIRED_AND_HIDES_OPTIONAL"?(a.push(c.ny()),c.Sp=!1):b.push(c))}b.sort(Jea);for(let c of b)Kea(c.ny(),a)?c.Sp=!0:(a.push(c.ny()),c.Sp=!1)},0)}};_.ub(_.gp,_.Ij);_.aa=_.gp.prototype;_.aa.uv=_.ea(25);_.aa.stop=function(){this.qh&&(_.Xa.clearTimeout(this.qh),this.qh=null);this.th=null;this.rh=!1;this.wh=[]};_.aa.pause=function(){++this.sh};_.aa.resume=function(){this.sh&&(--this.sh,!this.sh&&this.rh&&(this.rh=!1,this.Ah.apply(null,this.wh)))};_.aa.Ck=function(){this.stop();_.gp.er.Ck.call(this)};
_.aa.XK=function(){this.qh&&(_.Xa.clearTimeout(this.qh),this.qh=null);this.th?(this.qh=_.dp(this.xh,this.th-_.qb()),this.th=null):this.sh?this.rh=!0:(this.rh=!1,this.Ah.apply(null,this.wh))};var fja=class{constructor(){this.sh=new eja;this.qh=new dja;this.th=new Set;this.wh=new _.gp(()=>{this.sh.rh.Di();var a=this.qh,b=new Set(this.th);for(let c of b)c.Sp?_.Iea(a,c):_.Hea(a,c);this.th.clear()},50);this.rh=new Set}};_.Yp=class{constructor(){this.elements={};this.size=0}remove(a){var b=_.Um(a);this.elements[b]&&(delete this.elements[b],--this.size,_.Tm(this,"remove",a),this.onRemove&&this.onRemove(a))}contains(a){return!!this.elements[_.Um(a)]}forEach(a){var b=this.elements;for(let c in b)a.call(this,b[c])}getSize(){return this.size}};_.Ls=class{constructor(a){this.ei=a}nq(a){a=_.Lea(this,a);return a.length<this.ei.length?new _.Ls(a):this}forEach(a,b){this.ei.forEach((c,d)=>{a.call(b,c,d)})}some(a,b){return this.ei.some((c,d)=>a.call(b,c,d))}size(){return this.ei.length}};_.gja={japan_prequake:20,japan_postquake2010:24};var hja=class extends _.Vm{constructor(a){super();this.markers=a||new _.Yp}};var ija;_.Ms=class{constructor(a,b,c){this.heading=a;this.pitch=_.Cl(b,-90,90);this.zoom=Math.max(0,c)}};ija=_.Yl({zoom:_.hm(Jn),heading:Jn,pitch:Jn});_.jja=new _.In(66,26);var kja;_.jp=class{constructor(a,b,c,{xn:d=!1,passive:e=!1}={}){this.qh=a;this.sh=b;this.rh=c;this.th=kja?{passive:e,capture:d}:d;a.addEventListener?a.addEventListener(b,c,this.th):a.attachEvent&&a.attachEvent("on"+b,c)}remove(){if(this.qh.removeEventListener)this.qh.removeEventListener(this.sh,this.rh,this.th);else{let a=this.qh;a.detachEvent&&a.detachEvent("on"+this.sh,this.rh)}}};kja=!1;try{_.Xa.addEventListener("test",null,new class{get passive(){kja=!0}})}catch(a){};var lja,mja;lja=["mousedown","touchstart","pointerdown","MSPointerDown"];mja=["wheel","mousewheel"];_.lp=void 0;_.kp=!1;try{_.ip(document.createElement("div"),":focus-visible"),_.kp=!0}catch(a){}if(typeof document!=="undefined"){_.Nm(document,"keydown",()=>{_.lp="KEYBOARD"},!0);for(let a of lja)_.Nm(document,a,()=>{_.lp="POINTER"},!0,!0);for(let a of mja)_.Nm(document,a,()=>{_.lp="WHEEL"},!0,!0)};var Ns=class{constructor(a,b=0){this.major=a;this.minor=b}};var nja,oja,pja,qja,np,Nea;nja=new Map([[3,"Google Chrome"],[2,"Microsoft Edge"]]);oja=new Map([[1,["msie"]],[2,["edge"]],[3,["chrome","crios"]],[5,["firefox","fxios"]],[4,["applewebkit"]],[6,["trident"]],[7,["mozilla"]]]);pja=new Map([[1,"x11"],[2,"macintosh"],[3,"windows"],[4,"android"],[6,"iphone"],[5,"ipad"]]);qja=[1,2,3,4,5,6];np=null;
Nea=class{constructor(){var a=navigator.userAgent;this.qh=this.type=0;this.version=new Ns(0);this.th=new Ns(0);var b=a.toLowerCase();for(let [e,f]of oja.entries()){var c=e;let g=f.find(h=>b.includes(h));if(g){this.type=c;if(c=(new RegExp(g+"[ /]?([0-9]+).?([0-9]+)?")).exec(b))this.version=new Ns(Math.trunc(Number(c[1])),Math.trunc(Number(c[2]||"0")));break}}this.type===7&&(c=RegExp("^Mozilla/.*Gecko/.*[Minefield|Shiretoko][ /]?([0-9]+).?([0-9]+)?").exec(a))&&(this.type=5,this.version=new Ns(Math.trunc(Number(c[1])),
Math.trunc(Number(c[2]||"0"))));this.type===6&&(c=RegExp("rv:([0-9]{2,}.?[0-9]+)").exec(a))&&(this.type=1,this.version=new Ns(Math.trunc(Number(c[1]))));for(var d of qja)if((c=pja.get(d))&&b.includes(c)){this.qh=d;break}if(this.qh===6||this.qh===5||this.qh===2)if(d=/OS (?:X )?(\d+)[_.]?(\d+)/.exec(a))this.th=new Ns(Math.trunc(Number(d[1])),Math.trunc(Number(d[2]||"0")));this.qh===4&&(a=/Android (\d+)\.?(\d+)?/.exec(a))&&(this.th=new Ns(Math.trunc(Number(a[1])),Math.trunc(Number(a[2]||"0"))));this.rh=
this.qh===1||this.qh===2||this.qh===3&&!b.includes("mobile")}};
_.rp=new class{constructor(){this.sh=this.rh=null}get version(){if(this.sh)return this.sh;if(navigator.userAgentData&&navigator.userAgentData.brands)for(let a of navigator.userAgentData.brands)if(a.brand===nja.get(this.type))return this.sh=new Ns(+a.version,0);return this.sh=op().version}get th(){return op().th}get type(){if(this.rh)return this.rh;if(navigator.userAgentData&&navigator.userAgentData.brands){let a=navigator.userAgentData.brands.map(b=>b.brand);for(let [b,c]of nja){let d=b;if(a.includes(c))return this.rh=
d}}return this.rh=op().type}get wh(){return this.type===5||this.type===7}get qh(){return this.type===4||this.type===3}get zh(){return navigator.userAgentData&&"mobile"in navigator.userAgentData?!navigator.userAgentData.mobile:op().rh}get Ah(){return this.type===1}get Fh(){return this.type===5}get xh(){return this.type===3}get Bh(){return this.type===4}get yh(){if(navigator.userAgentData&&navigator.userAgentData.platform)return navigator.userAgentData.platform==="iOS";var a=op();return a.qh===6||a.qh===
5}get Eh(){return navigator.userAgentData&&navigator.userAgentData.platform?navigator.userAgentData.platform==="macOS":op().qh===2}get Dh(){return navigator.userAgentData&&navigator.userAgentData.platform?navigator.userAgentData.platform==="Android":op().qh===4}};_.rja=new Set(["US","LR","MM"]);var Qea=class{constructor(){var a=document;this.qh=_.rp;this.transform=Pea(a,["transform","WebkitTransform","MozTransform","msTransform"]);this.rh=Pea(a,["WebkitUserSelect","MozUserSelect","msUserSelect"])}},sp;_.wp=new class{constructor(a){this.qh=a;this.rh=_.pl(()=>document.createElement("span").draggable!==void 0)}}(_.rp);var sja;sja=new WeakMap;
_.Os=class extends _.Pn{constructor(a,b){super();this.Kz=this.wh=null;this.th=!1;this.sh=null;this.Rk(a,b)}Rk(a,b){_.Cn(a);this.__gm=new hja(b&&b.markers);this.__gm.set("isInitialized",!1);this.qh=_.On(!1,!0);this.qh.addListener(e=>{if(this.get("visible")!==e){if(this.th){let f=this.__gm;f.set("shouldAutoFocus",e&&f.get("isMapInitialized"))}Rea(this,e);this.set("visible",e)}});b&&b.client&&(this.Kz=_.gja[b.client]||null);var c=this.controls=[];_.Al(_.Qp,(e,f)=>{c[f]=new _.go;c[f].addListener("insert_at",
()=>{_.M(this,182112)})});this.en=b&&b.en||_.On(!1);this.container=a;this.Ip=b&&b.Ip||this.container;this.__gm.set("developerProvidedDiv",this.Ip);_.Xa.MutationObserver&&this.Ip&&((a=sja.get(this.Ip))&&a.disconnect(),a=new MutationObserver(e=>{for(let f of e)f.attributeName==="dir"&&_.Tm(this,"shouldUseRTLControlsChange")}),sja.set(this.Ip,a),a.observe(this.Ip,{attributes:!0}));this.set("standAlone",!0);this.setPov(new _.Ms(0,0,1));b&&b.pov&&(a=b.pov,_.Fl(a.zoom)||(a.zoom=typeof b.zoom==="number"?
b.zoom:1));this.setValues(b);this.getVisible()===void 0&&this.setVisible(!0);var d=this.__gm.markers;_.Qm(this,"pano_changed",()=>{_.dl("marker").then(e=>{e.VC(d,this,!1)})});_.pp[35]&&b&&b.dE&&_.dl("util").then(e=>{e.Zq.th(new _.Op(b.dE))});_.Pm(this,"keydown",this,this.xh)}visible_changed(){var a=!!this.get("visible"),b=!1;this.qh.get()!==a&&(this.th&&(b=this.__gm,b.set("shouldAutoFocus",a&&b.get("isMapInitialized"))),Rea(this,a),this.qh.set(a),b=a);a&&(this.wh=this.wh||new Promise(c=>{_.dl("streetview").then(d=>
{if(this.Kz)var e=this.Kz;this.__gm.set("isInitialized",!0);c(d.iP(this,this.qh,this.th,e))},()=>{_.kl(this.__gm.get("sloTrackingId"),13)})}),b&&this.wh.then(c=>{c.WP()}))}xh(a){a.key==="Escape"&&this.rh?.Xr?.contains(document.activeElement)&&this.get("enableCloseButton")&&this.get("visible")&&(a.stopPropagation(),_.Tm(this,"closeclick"),this.set("visible",!1))}registerPanoProvider(a,b){this.set("panoProvider",{provider:a,options:b||{}})}focus(){var a=this.__gm;this.getVisible()&&!a.get("pendingFocus")&&
a.set("pendingFocus",!0)}getPano(){return this.get("pano")}getStatus(){return this.get("status")}setPano(a){this.set("pano",a)}getPhotographerPov(){return this.get("photographerPov")}getPosition(){return this.get("position")}setPosition(a){this.set("position",a)}getPov(){return this.get("pov")}setPov(a){this.set("pov",a)}getLocation(){return this.get("location")}getLinks(){return this.get("links")}setLinks(a){this.set("links",a)}getMotionTracking(){return this.get("motionTracking")}setMotionTracking(a){this.set("motionTracking",
a)}getVisible(){return this.get("visible")}setVisible(a){this.set("visible",a)}getZoom(){return this.get("zoom")}setZoom(a){this.set("zoom",a)}setOptions(a){this.setValues(a)}};_.Os.prototype.zt=_.ea(28);_.Os.prototype.Bn=_.ea(26);_.Os.prototype.setOptions=_.Os.prototype.setOptions;_.Os.prototype.setZoom=_.Os.prototype.setZoom;_.Os.prototype.getZoom=_.Os.prototype.getZoom;_.Os.prototype.setVisible=_.Os.prototype.setVisible;_.Os.prototype.getVisible=_.Os.prototype.getVisible;
_.Os.prototype.setMotionTracking=_.Os.prototype.setMotionTracking;_.Os.prototype.getMotionTracking=_.Os.prototype.getMotionTracking;_.Os.prototype.setLinks=_.Os.prototype.setLinks;_.Os.prototype.getLinks=_.Os.prototype.getLinks;_.Os.prototype.getLocation=_.Os.prototype.getLocation;_.Os.prototype.setPov=_.Os.prototype.setPov;_.Os.prototype.getPov=_.Os.prototype.getPov;_.Os.prototype.setPosition=_.Os.prototype.setPosition;_.Os.prototype.getPosition=_.Os.prototype.getPosition;
_.Os.prototype.getPhotographerPov=_.Os.prototype.getPhotographerPov;_.Os.prototype.setPano=_.Os.prototype.setPano;_.Os.prototype.getStatus=_.Os.prototype.getStatus;_.Os.prototype.getPano=_.Os.prototype.getPano;_.Os.prototype.focus=_.Os.prototype.focus;_.Os.prototype.registerPanoProvider=_.Os.prototype.registerPanoProvider;_.Os.prototype.constructor=_.Os.prototype.constructor;
_.yn(_.Os.prototype,{visible:_.Er,pano:_.Dr,position:_.hm(_.wm),pov:_.hm(ija),motionTracking:Br,photographerPov:null,location:null,links:_.bm(_.dm(_.Gl)),status:null,zoom:_.Cr,enableCloseButton:_.Er});_.Sl(_.Os);_.Ps=class{constructor(){this.Al=[];this.rh=this.qh=this.sh=null}register(a){var b=this.Al;var c=b.length;if(!c||a.zIndex>=b[0].zIndex)var d=0;else if(a.zIndex>=b[c-1].zIndex){for(d=0;c-d>1;){let e=d+c>>1;a.zIndex>=b[e].zIndex?c=e:d=e}d=c}else d=c;b.splice(d,0,a)}unregister(a){_.Kl(this.Al,a)}setCapture(a,b){this.qh=a;this.rh=b}releaseCapture(a,b){this.qh===a&&this.rh===b&&(this.rh=this.qh=null)}};_.Ps.prototype.tA=_.ea(29);_.tja=Object.freeze(["exitFullscreen","webkitExitFullscreen","mozCancelFullScreen","msExitFullscreen"]);_.uja=Object.freeze(["fullscreenchange","webkitfullscreenchange","mozfullscreenchange","MSFullscreenChange"]);_.vja=Object.freeze(["fullscreenEnabled","webkitFullscreenEnabled","mozFullScreenEnabled","msFullscreenEnabled"]);_.wja=Object.freeze(["requestFullscreen","webkitRequestFullscreen","mozRequestFullScreen","msRequestFullscreen"]);var xfa=class extends bja{constructor(a,b,c,d){super();this.Gr=c;this.rh=d;this.Jh=this.Dv=this.jk=this.overlayLayer=null;this.Ih=!1;this.div=b;this.set("developerProvidedDiv",this.div);this.Tl=_.On(new _.Ls([]));this.Lh=new _.Yp;this.copyrights=new _.go;this.Bh=new _.Yp;this.Fh=new _.Yp;this.Eh=new _.Yp;this.en=_.On(_.Tea(c,typeof document==="undefined"?null:document));this.Sr=new _.Nn(null);var e=this.markers=new _.Yp;e.qh=()=>{e.qh=()=>{};Promise.all([_.dl("marker"),this.sh]).then(([f,g])=>{f.VC(e,
a,g)})};this.yh=new _.Os(c,{visible:!1,enableCloseButton:!0,markers:e,en:this.en,Ip:this.div});this.yh.bindTo("controlSize",a);this.yh.bindTo("reportErrorControl",a);this.yh.th=!0;this.zh=new _.Ps;this.wh=new Promise(f=>{this.Uh=f});this.fi=new Promise(f=>{this.ii=f});this.qh=new _.Ks(a,this);this.Ph=new _.go;this.sh=this.qh.EJ.then(()=>this.qh.jw==="TRUE");this.Dz=function(f){this.qh.Dz(f)};this.set("isInitialized",!1);this.yh.__gm.bindTo("isMapInitialized",this,"isInitialized");this.rh.then(()=>
{this.set("isInitialized",!0)});this.set("isMapBindingComplete",!1);this.Gh=new Promise(f=>{_.Qm(this,"mapbindingcomplete",()=>{this.set("isMapBindingComplete",!0);f()})});this.Oh=new fja;this.sh.then(f=>{f&&this.jk&&this.jk.Dh(this.Oh.qh)});this.th=new Map;this.Ah=new Map;b=[213337,211242,213338,211243];c=[122447,...b];this.Dh=new cja({bu:_.jl,du:_.ll,Wn:_.kl,qD:{MAP_INITIALIZATION:new Set(c),VECTOR_MAP_INITIALIZATION:new Set(b)}})}};var Qs={UNINITIALIZED:"UNINITIALIZED",RASTER:"RASTER",VECTOR:"VECTOR"};var Pp=class extends _.Vm{set(a,b){if(b!=null&&!(b&&_.Fl(b.maxZoom)&&b.tileSize&&b.tileSize.width&&b.tileSize.height&&b.getTile&&b.getTile.apply))throw Error("Expected value implementing google.maps.MapType");super.set(a,b)}};Pp.prototype.set=Pp.prototype.set;Pp.prototype.constructor=Pp.prototype.constructor;var yfa=class extends _.Vm{constructor(){super();this.qh=!1;this.rh="UNINITIALIZED"}renderingType_changed(){if(!this.qh&&this.get("mapHasBeenAbleToBeDrawn"))throw Uea(this),Error("Setting map 'renderingType' after instantiation is not supported.");}};_.Rs=class{constructor(){this.sh=new _.En(128,128);this.qh=256/360;this.rh=256/(2*Math.PI);this.FF=!0}fromLatLngToPoint(a,b=new _.En(0,0)){a=_.wm(a);var c=this.sh;b.x=c.x+a.lng()*this.qh;a=_.Cl(Math.sin(_.Qk(a.lat())),-(1-1E-15),1-1E-15);b.y=c.y+.5*Math.log((1+a)/(1-a))*-this.rh;return b}fromPointToLatLng(a,b=!1){var c=this.sh;return new _.sm(_.Rk(2*Math.atan(Math.exp((a.y-c.y)/-this.rh))-Math.PI/2),(a.x-c.x)/this.qh,b)}};var xja=[0,_.$q,-3];_.Ep=class extends _.J{constructor(a){super(a)}fl(a){return _.hh(this,8,a)}clearColor(){return _.Rf(this,9)}};_.Ep.prototype.Zo=_.ea(30);_.Ep.prototype.rh=_.ea(5);_.Dp=class extends _.J{constructor(a){super(a)}Mi(){return _.I(this,5)}};_.Dp.prototype.qk=_.ea(33);var nfa=class extends _.J{constructor(a){super(a)}};_.Cp=class extends _.J{constructor(a){super(a)}};_.Cp.prototype.Bi=_.ea(35);_.Cp.prototype.Fi=_.ea(34);var mfa=class extends _.J{constructor(a){super(a)}getZoom(){return _.Jg(this,3)}setZoom(a){return _.bh(this,3,a)}};var ofa=_.xi(mfa,[0,[0,_.Q,-1],_.Z,_.$q,[0,_.$q,-1,_.Z],[0,_.Z,_.R,-1,1,_.X,-1,1,_.Y,[0,_.Z,-1,_.Tq,xja,_.R,_.Tq,-1,_.Z,xja,_.Tq],[0,_.ar,_.R],_.R,-2,_.ar,_.Xq,2,_.R,82,_.R],1,_.X,_.Z]);_.Ap=class{constructor(a,b){this.qh=a;this.rh=b}equals(a){return a?this.qh===a.qh&&this.rh===a.rh:!1}};_.yja=class{constructor(a){this.min=0;this.max=a;this.length=a-0}wrap(a){return a-Math.floor((a-this.min)/this.length)*this.length}};_.zja=class{constructor(a){this.sv=a.sv||null;this.hx=a.hx||null}wrap(a){return new _.Ap(this.sv?this.sv.wrap(a.qh):a.qh,this.hx?this.hx.wrap(a.rh):a.rh)}};_.Aja=new _.zja({sv:new _.yja(256)});var gfa=class{constructor(a,b,c,d){this.rh=a;this.tilt=b;this.heading=c;this.qh=d;a=Math.cos(b*Math.PI/180);b=Math.cos(c*Math.PI/180);c=Math.sin(c*Math.PI/180);this.m11=this.rh*b;this.m12=this.rh*c;this.m21=-this.rh*a*c;this.m22=this.rh*a*b;this.sh=this.m11*this.m22-this.m12*this.m21}equals(a){return a?this.m11===a.m11&&this.m12===a.m12&&this.m21===a.m21&&this.m22===a.m22&&this.qh===a.qh:!1}};var Cfa=class extends _.Vm{constructor(a){var b=_.Cq,c=_.Mk(_.fl.rh());super();this.Ah=_.wn("center");this.xh=_.wn("size");this.zh=this.qh=this.rh=this.wh=null;this.Bh=this.Dh=!1;this.yh=new _.ep(()=>{var d=jfa(this);if(this.sh&&this.Dh)this.zh!==d&&this.qh?.remove();else{var e="",f=this.Ah(),g=hfa(this),h=this.xh();if(h){if(f&&isFinite(f.lat())&&isFinite(f.lng())&&g>1&&d!=null&&h&&h.width&&h.height&&this.rh){_.up(this.rh,h);if(f=_.co(this.Gh,f,g)){var k=new _.$n;k.minX=Math.round(f.x-h.width/2);
k.maxX=k.minX+h.width;k.minY=Math.round(f.y-h.height/2);k.maxY=k.minY+h.height;f=k}else f=null;k=Bja[d];f&&(this.Dh=!0,this.zh=d,this.sh&&this.qh&&(e=_.zp(g,0,0),this.sh.set({image:this.qh,bounds:{min:_.Bp(e,{Xh:f.minX,Zh:f.minY}),max:_.Bp(e,{Xh:f.maxX,Zh:f.maxY})},size:{width:h.width,height:h.height}})),e=pfa(this,f,g,d,k))}this.qh&&(_.up(this.qh,h),lfa(this,e))}}},0);this.Jh=b;this.Gh=new _.Rs;this.th=c+"/maps/api/js/StaticMapService.GetMapImage";this.sh=new _.Nn(null);this.set("div",a);this.set("loading",
!0);this.set("colorTheme",1)}getDiv(){return null}changed(){var a=this.Ah(),b=hfa(this),c=jfa(this),d=!!this.xh(),e=this.get("mapId");if(a&&!a.equals(this.Eh)||this.Ih!==b||this.Fh!==c||this.Bh!==d||this.wh!==e)this.Ih=b,this.Fh=c,this.Bh=d,this.wh=e,this.sh||this.qh?.remove(),this.yh.Di();this.Eh=a}div_changed(){var a=this.get("div"),b=this.rh;if(a)if(b)a.appendChild(b);else{b=this.rh=document.createElement("div");b.style.overflow="hidden";let c=this.qh=_.Tk("IMG");_.Nm(b,"contextmenu",d=>{_.Dm(d);
_.Fm(d)});c.ontouchstart=c.ontouchmove=c.ontouchend=c.ontouchcancel=d=>{_.Em(d);_.Fm(d)};c.alt="";_.up(c,_.Sn);a.appendChild(b);_.fp(this.yh)}else b&&(b.remove(),this.rh=null)}},ifa={roadmap:0,satellite:2,hybrid:3,terrain:4},Bja={0:1,2:2,3:2,4:2};var Cja=class{constructor(){tda(this)}addListener(a,b){return _.Hm(this,a,b)}yi(a,b,c){this.constructor===b&&qm(a,this,c)}};_.Dja=_.Yl({fillColor:_.hm(_.Fr),fillOpacity:_.hm(_.Ar),strokeColor:_.hm(_.Fr),strokeOpacity:_.hm(_.Ar),strokeWeight:_.hm(_.Ar),pointRadius:_.hm(_.gm(_.zr,a=>{if(a<=128)return a;throw _.Wl("The max allowed pointRadius value is 128px.");}))},!1,"FeatureStyleOptions");_.Ss=class extends Cja{constructor(a){super();this.sh=this.qh=null;this.rh=!0;this.map=a.map;this.wh=a.featureType;this.xh=a.datasetId;this.th=a.xs}get featureType(){return this.wh}set featureType(a){throw new TypeError('google.maps.FeatureLayer "featureType" is read-only.');}get isAvailable(){return qfa(this).isAvailable}set isAvailable(a){throw new TypeError('google.maps.FeatureLayer "isAvailable" is read-only.');}get style(){Fp(this,"google.maps.FeatureLayer.style");return this.qh}set style(a){if(a)try{var b=
_.fm([Mha,_.Dja])(a)}catch(c){throw _.Wl("google.maps.FeatureLayer.style",c);}else b=null;this.qh=b;Fp(this,"google.maps.FeatureLayer.style").isAvailable&&(Gp(this,this.qh),this.featureType==="DATASET"?_.M(this.map,177294):_.M(this.map,151555))}get isEnabled(){return this.rh}set isEnabled(a){this.rh!==a&&(this.rh=a,this.qI())}get datasetId(){return this.xh}set datasetId(a){throw new TypeError('google.maps.FeatureLayer "datasetId" is read-only.');}get xs(){return this.th}set xs(a){this.th=a}addListener(a,
b){Fp(this,"google.maps.FeatureLayer.addListener");a==="click"?this.featureType==="DATASET"?_.M(this.map,177821):_.M(this.map,148836):a==="mousemove"&&(this.featureType==="DATASET"?_.M(this.map,186391):_.M(this.map,186390));return super.addListener(a,b)}qI(){this.isAvailable?this.sh!==this.qh&&Gp(this,this.qh):this.sh!==null&&Gp(this,null)}};_.ub(Hp,ql);_.aa=Hp.prototype;_.aa.setPosition=function(a,b,c){if(this.node=a)this.rh=typeof b==="number"?b:this.node.nodeType!=1?0:this.qh?-1:1;typeof c==="number"&&(this.depth=c)};_.aa.clone=function(){return new Hp(this.node,this.qh,!this.sh,this.rh,this.depth)};
_.aa.next=function(){if(this.th){if(!this.node||this.sh&&this.depth==0)return vr;var a=this.node;let c=this.qh?-1:1;if(this.rh==c){var b=this.qh?a.lastChild:a.firstChild;b?this.setPosition(b):this.setPosition(a,c*-1)}else(b=this.qh?a.previousSibling:a.nextSibling)?this.setPosition(b):this.setPosition(a.parentNode,c*-1);this.depth+=this.rh*(this.qh?-1:1)}else this.th=!0;return(a=this.node)?{value:a,done:!1}:vr};_.aa.equals=function(a){return a.node==this.node&&(!this.node||a.rh==this.rh)};
_.aa.splice=function(a){var b=this.node,c=this.qh?1:-1;this.rh==c&&(this.rh=c*-1,this.depth+=this.rh*(this.qh?-1:1));this.qh=!this.qh;Hp.prototype.next.call(this);this.qh=!this.qh;c=_.Za(arguments[0])?arguments[0]:arguments;for(let d=c.length-1;d>=0;d--)_.Uk(c[d],b);_.Vk(b)};var rfa=class extends Hp{constructor(a){super(a,void 0,void 0,null,void 0)}next(){do{let a=super.next();if(a.done)return a}while(this.rh==-1);return{value:this.node,done:!1}}};_.Lp=class{constructor(a){this.a=1729;this.m=a}hash(a){var b=this.a,c=this.m,d=0;for(let e=0,f=a.length;e<f;++e)d*=b,d+=a[e],d%=c;return d}};var sfa=RegExp("'","g"),Mp=null;var Rp=null,Dfa=new WeakMap;_.ub(_.Sp,_.hn);Object.freeze({latLngBounds:new _.tn(new _.sm(-85,-180),new _.sm(85,180)),strictBounds:!0});_.Sp.prototype.streetView_changed=function(){var a=this.get("streetView");a?a.set("standAlone",!1):this.set("streetView",this.__gm.yh)};_.Sp.prototype.getDiv=function(){return this.__gm.div};_.Sp.prototype.getDiv=_.Sp.prototype.getDiv;_.Sp.prototype.panBy=function(a,b){var c=this.__gm;Rp?_.Tm(c,"panby",a,b):_.dl("map").then(()=>{_.Tm(c,"panby",a,b)})};
_.Sp.prototype.panBy=_.Sp.prototype.panBy;_.Sp.prototype.moveCamera=function(a){var b=this.__gm;try{a=$ia(a)}catch(c){throw _.Wl("invalid CameraOptions",c);}b.get("isMapBindingComplete")?_.Tm(b,"movecamera",a):b.Gh.then(()=>{_.Tm(b,"movecamera",a)})};_.Sp.prototype.moveCamera=_.Sp.prototype.moveCamera;
_.Sp.prototype.getFeatureLayer=function(a){try{a=_.am(aja)(a)}catch(d){throw d.message=`google.maps.Map.getFeatureLayer: Expected valid google.maps.FeatureType, but got '${a}'`,d;}if(a==="ROAD_PILOT")throw _.Wl("google.maps.Map.getFeatureLayer: Expected valid google.maps.FeatureType, but got 'ROAD_PILOT'");if(a==="DATASET")throw _.Wl("google.maps.Map.getFeatureLayer: A dataset ID must be specified for FeatureLayers that have featureType DATASET. Please use google.maps.Map.getDatasetFeatureLayer() instead.");
Lo(this,"google.maps.Map.getFeatureLayer",{featureType:a});switch(a){case "ADMINISTRATIVE_AREA_LEVEL_1":_.M(this,148936);break;case "ADMINISTRATIVE_AREA_LEVEL_2":_.M(this,148937);break;case "COUNTRY":_.M(this,148938);break;case "LOCALITY":_.M(this,148939);break;case "POSTAL_CODE":_.M(this,148941);break;case "ROAD_PILOT":_.M(this,178914);break;case "SCHOOL_DISTRICT":_.M(this,148942)}var b=this.__gm;if(b.th.has(a))return b.th.get(a);var c=new _.Ss({map:this,featureType:a});c.isEnabled=!b.Ih;b.th.set(a,
c);return c};_.Sp.prototype.getDatasetFeatureLayer=function(a){try{(0,_.Fr)(a)}catch(d){throw d.message=`google.maps.Map.getDatasetFeatureLayer: Expected non-empty string for datasetId, but got ${a}`,d;}Lo(this,"google.maps.Map.getDatasetFeatureLayer",{featureType:"DATASET",datasetId:a});var b=this.__gm;if(b.Ah.has(a))return b.Ah.get(a);var c=new _.Ss({map:this,featureType:"DATASET",datasetId:a});c.isEnabled=!b.Ih;b.Ah.set(a,c);return c};
_.Sp.prototype.panTo=function(a){var b=this.__gm;a=_.xm(a);b.get("isMapBindingComplete")?_.Tm(b,"panto",a):b.Gh.then(()=>{_.Tm(b,"panto",a)})};_.Sp.prototype.panTo=_.Sp.prototype.panTo;_.Sp.prototype.panToBounds=function(a,b){var c=this.__gm,d=_.vn(a);c.get("isMapBindingComplete")?_.Tm(c,"pantolatlngbounds",d,b):c.Gh.then(()=>{_.Tm(c,"pantolatlngbounds",d,b)})};_.Sp.prototype.panToBounds=_.Sp.prototype.panToBounds;
_.Sp.prototype.fitBounds=function(a,b){var c=this.__gm,d=_.vn(a);c.get("isMapBindingComplete")?Rp.fitBounds(this,d,b):c.Gh.then(()=>{Rp.fitBounds(this,d,b)})};_.Sp.prototype.fitBounds=_.Sp.prototype.fitBounds;_.Sp.prototype.zt=_.ea(27);_.Sp.prototype.getMapCapabilities=function(){return this.__gm.qh.getMapCapabilities(!0)};_.Sp.prototype.getMapCapabilities=_.Sp.prototype.getMapCapabilities;
var Tp={bounds:null,center:_.hm(_.xm),clickableIcons:Br,heading:_.Cr,mapTypeId:function(a){return a==null?"roadmap":(0,_.Bq)(a)},mapId:_.Dr,projection:null,renderingType:_.am(Qs),tiltInteractionEnabled:Br,headingInteractionEnabled:Br,restriction:function(a){if(a==null)return null;a=_.Yl({strictBounds:_.Er,latLngBounds:_.vn})(a);var b=a.latLngBounds;if(!(b.lat.hi>b.lat.lo))throw _.Wl("south latitude must be smaller than north latitude");if((b.lng.hi===-180?180:b.lng.hi)===b.lng.lo)throw _.Wl("eastern longitude cannot equal western longitude");
return a},streetView:Wr,tilt:_.Cr,zoom:_.Cr,internalUsageAttributionIds:_.hm(_.cm(_.Fr,1))};_.yn(_.Sp.prototype,Tp);var Eja=class extends Event{constructor(){super("gmp-zoomchange",{bubbles:!0})}};var Fja={Kh:!0,type:String,di:Ds,Mh:!1,nj:Ao},Efa=(a=Fja,b,c)=>{var d=c.kind,e=c.metadata,f=Es.get(e);f===void 0&&Es.set(e,f=new Map);d==="setter"&&(a=Object.create(a),a.Xz=!0);f.set(c.name,a);if(d==="accessor"){let g=c.name;return{set(h){var k=b.get.call(this);b.set.call(this,h);_.yo(this,g,k,a,!0,h)},init(h){h!==void 0&&this.Vk(g,void 0,a,h);return h}}}if(d==="setter"){let g=c.name;return function(h){var k=this[g];b.call(this,h);_.yo(this,g,k,a,!0,h)}}throw Error(`Unsupported decorator location: ${d}`);
};_.Ffa=(a,b,c)=>{c.configurable=!0;c.enumerable=!0;Reflect.AS&&typeof b!=="object"&&Object.defineProperty(a,b,c);return c};var Eq=class extends _.Hs{static get gm(){return{..._.Hs.gm,delegatesFocus:!0}}set center(a){if(a!==null||!this.Vj)try{let b=_.xm(a);this.innerMap.setCenter(b)}catch(b){throw _.Eo(this,"center",a,b);}}get center(){return this.innerMap.getCenter()??null}set mapId(a){try{this.innerMap.set("mapId",(0,_.Dr)(a)??void 0)}catch(b){throw _.Eo(this,"mapId",a,b);}}get mapId(){return this.innerMap.get("mapId")??null}set zoom(a){if(a!==null||!this.Vj)try{this.innerMap.setZoom(Jn(a))}catch(b){throw _.Eo(this,
"zoom",a,b);}}get zoom(){return this.innerMap.getZoom()??null}set renderingType(a){try{this.innerMap.set("renderingType",a==null?"UNINITIALIZED":_.am(Qs)(a))}catch(b){throw _.Eo(this,"renderingType",a,b);}}get renderingType(){return this.innerMap.get("renderingType")??null}set tiltInteractionDisabled(a){try{this.innerMap.set("tiltInteractionEnabled",a==null?null:!Br(a))}catch(b){throw _.Eo(this,"tiltInteractionDisabled",a,b);}}get tiltInteractionDisabled(){var a=this.innerMap.get("tiltInteractionEnabled");
return typeof a==="boolean"?!a:a}set headingInteractionDisabled(a){try{this.innerMap.set("headingInteractionEnabled",a==null?null:!Br(a))}catch(b){throw _.Eo(this,"headingInteractionDisabled",a,b);}}get headingInteractionDisabled(){var a=this.innerMap.get("headingInteractionEnabled");return typeof a==="boolean"?!a:a}set internalUsageAttributionIds(a){this.innerMap.set("internalUsageAttributionIds",_.Go(this,"internalUsageAttributionIds",_.hm(_.cm(_.Fr,1)),a))}get internalUsageAttributionIds(){return this.innerMap.getInternalUsageAttributionIds()??
null}constructor(a={}){super(a);this.Rr=document.createElement("div");this.Rr.dir="";this.innerMap=new _.Sp(this.Rr);_.Co(this,"innerMap");_.Np.set(this,this.innerMap);var b="center zoom mapId renderingType tiltInteractionEnabled headingInteractionEnabled internalUsageAttributionIds".split(" ");for(let c of b)this.innerMap.addListener(`${c.toLowerCase()}_changed`,()=>{switch(c){case "tiltInteractionEnabled":_.yo(this,"tiltInteractionDisabled");break;case "headingInteractionEnabled":_.yo(this,"headingInteractionDisabled");
break;default:_.yo(this,c)}if(c==="zoom"){var d=new Eja;this.dispatchEvent(d)}});a.center!=null&&(this.center=a.center);a.zoom!=null&&(this.zoom=a.zoom);a.mapId!=null&&(this.mapId=a.mapId);a.renderingType!=null&&(this.renderingType=a.renderingType);a.tiltInteractionDisabled!=null&&(this.tiltInteractionDisabled=a.tiltInteractionDisabled);a.headingInteractionDisabled!=null&&(this.headingInteractionDisabled=a.headingInteractionDisabled);a.internalUsageAttributionIds!=null&&(this.internalUsageAttributionIds=
a.internalUsageAttributionIds);this.qh=new MutationObserver(c=>{for(let d of c)d.attributeName==="dir"&&(_.Tm(this.innerMap,"shouldUseRTLControlsChange"),_.Tm(this.innerMap.__gm.yh,"shouldUseRTLControlsChange"))});this.yi(a,Eq,"MapElement");_.M(window,178924)}zh(){this.Pk?.append(this.Rr)}connectedCallback(){super.connectedCallback();this.qh.observe(this,{attributes:!0});this.qh.observe(this.ownerDocument.documentElement,{attributes:!0})}disconnectedCallback(){super.disconnectedCallback();this.qh.disconnect()}};
Eq.prototype.constructor=Eq.prototype.constructor;Eq.styles=(0,_.zs)`
    :host {
      display: block;
      width: 100%;
      height: 100%;
    }
    :host([hidden]) {
      display: none;
    }
    :host > div {
      width: 100%;
      height: 100%;
    }
  `;Eq.Gi={Ji:181575,Ii:181574};_.C([_.Up({di:{...via,Wj:a=>a?via.Wj(a):(console.error(`Could not interpret "${a}" as a LatLng.`),null)},nj:Bo,Mh:!0}),_.E("design:type",Object),_.E("design:paramtypes",[Object])],Eq.prototype,"center",null);_.C([_.Up({Kh:"map-id",nj:Bo,type:String,Mh:!0}),_.E("design:type",Object),_.E("design:paramtypes",[Object])],Eq.prototype,"mapId",null);
_.C([_.Up({di:{Wj:a=>{var b=Number(a);return a===null||a===""||isNaN(b)?(console.error(`Could not interpret "${a}" as a number.`),null):b},Gj:a=>a===null?null:String(a)},nj:Bo,Mh:!0}),_.E("design:type",Object),_.E("design:paramtypes",[Object])],Eq.prototype,"zoom",null);_.C([_.Up({Kh:"rendering-type",di:_.Yn(Qs),nj:Bo,Mh:!0}),_.E("design:type",Object),_.E("design:paramtypes",[Object])],Eq.prototype,"renderingType",null);
_.C([_.Up({Kh:"tilt-interaction-disabled",type:Boolean,nj:Bo,Mh:!0}),_.E("design:type",Object),_.E("design:paramtypes",[Object])],Eq.prototype,"tiltInteractionDisabled",null);_.C([_.Up({Kh:"heading-interaction-disabled",type:Boolean,nj:Bo,Mh:!0}),_.E("design:type",Object),_.E("design:paramtypes",[Object])],Eq.prototype,"headingInteractionDisabled",null);
_.C([_.Up({Kh:"internal-usage-attribution-ids",di:_.cs,nj:Bo,Mh:!0}),_.E("design:type",Object),_.E("design:paramtypes",[Object])],Eq.prototype,"internalUsageAttributionIds",null);var Lga=!1;_.Gja={BOUNCE:1,DROP:2,NR:3,DR:4,1:"BOUNCE",2:"DROP",3:"RAISE",4:"LOWER"};var Jfa=class{constructor(a,b,c,d,e){this.url=a;this.origin=c;this.anchor=d;this.scaledSize=e;this.labelOrigin=null;this.size=b||e}};var Ts=class{constructor(){_.dl("maxzoom")}getMaxZoomAtLatLng(a,b){_.M(window,154332);var c=_.dl("maxzoom").then(d=>d.getMaxZoomAtLatLng(a,b));b&&c.catch(()=>{});return c}};Ts.prototype.getMaxZoomAtLatLng=Ts.prototype.getMaxZoomAtLatLng;Ts.prototype.constructor=Ts.prototype.constructor;var Ifa=class extends _.Vm{constructor(a){super();_.Nl("The Fusion Tables service will be turned down in December 2019 (see https://support.google.com/fusiontables/answer/9185417). Maps API version 3.37 is the last version that will support FusionTablesLayer.");if(!a||_.Il(a)||_.Fl(a)){let b=arguments[1];this.set("tableId",a);this.setValues(b)}else this.setValues(a)}};_.yn(Ifa.prototype,{map:_.Jr,tableId:_.Cr,query:_.hm(_.fm([_.Bq,_.dm(_.Gl,"not an Object")]))});var Us;Us=null;_.Vs=class extends _.Vm{constructor(){super();this.Rk()}Rk(){}getMap(){return this.get("map")}setMap(a){this.set("map",a)}getPanes(){return this.get("panes")}getProjection(){return this.get("projection")}remove(){}map_changed(){Us?Us.DG(this):_.dl("overlay").then(a=>{Us=a;a.DG(this)})}static preventMapHitsFrom(a){_.dl("overlay").then(b=>{Us=b;b.preventMapHitsFrom(a)})}static preventMapHitsAndGesturesFrom(a){_.dl("overlay").then(b=>{Us=b;b.preventMapHitsAndGesturesFrom(a)})}};
_.Vs.preventMapHitsAndGesturesFrom=_.Vs.preventMapHitsAndGesturesFrom;_.Vs.preventMapHitsFrom=_.Vs.preventMapHitsFrom;_.Vs.prototype.getProjection=_.Vs.prototype.getProjection;_.Vs.prototype.getPanes=_.Vs.prototype.getPanes;_.Vs.prototype.setMap=_.Vs.prototype.setMap;_.Vs.prototype.getMap=_.Vs.prototype.getMap;_.Vs.prototype.constructor=_.Vs.prototype.constructor;_.yn(_.Vs.prototype,{panes:null,projection:null,map:_.fm([_.Jr,Wr])});_.Sl(_.Vs);var Ws=class extends _.Vm{getMap(){return this.get("map")}setMap(a){this.set("map",a)}getDraggable(){return this.get("draggable")}setDraggable(a){this.set("draggable",a)}getEditable(){return this.get("editable")}setEditable(a){this.set("editable",a)}setVisible(a){this.set("visible",a)}getVisible(){return this.get("visible")}constructor(a){super();this.xh=this.Ux=this.Xl=!1;this.set("latLngs",new _.go([new _.go]));this.setValues(ho(a));_.dl("poly")}getPath(){return this.get("latLngs").getAt(0)}setPath(a){try{this.get("latLngs").setAt(0,
io(a))}catch(b){_.Xl(b)}}map_changed(){Gfa(this)}visible_changed(){Gfa(this)}};Ws.prototype.setPath=Ws.prototype.setPath;Ws.prototype.getPath=Ws.prototype.getPath;Ws.prototype.getVisible=Ws.prototype.getVisible;Ws.prototype.setVisible=Ws.prototype.setVisible;Ws.prototype.setEditable=Ws.prototype.setEditable;Ws.prototype.getEditable=Ws.prototype.getEditable;Ws.prototype.setDraggable=Ws.prototype.setDraggable;Ws.prototype.getDraggable=Ws.prototype.getDraggable;Ws.prototype.setMap=Ws.prototype.setMap;
Ws.prototype.getMap=Ws.prototype.getMap;_.yn(Ws.prototype,{draggable:_.Er,editable:_.Er,map:_.Jr,visible:_.Er});_.Xs=class extends Ws{constructor(a){super(a);this.Xl=!0}setOptions(a){this.setValues(a)}getPath(){return super.getPath()}setPath(a){super.setPath(a)}getPaths(){return this.get("latLngs")}setPaths(a){try{var b=this.set;if(Array.isArray(a)||a instanceof _.go)if(_.zl(a)===0)var c=!0;else{var d=a instanceof _.go?a.getAt(0):a[0];c=Array.isArray(d)||d instanceof _.go}else c=!1;var e=c?a instanceof _.go?Wda(Uda)(a):new _.go(_.bm(io)(a)):new _.go([io(a)]);b.call(this,"latLngs",e)}catch(f){_.Xl(f)}}};
_.Xs.prototype.setPaths=_.Xs.prototype.setPaths;_.Xs.prototype.getPaths=_.Xs.prototype.getPaths;_.Xs.prototype.setPath=_.Xs.prototype.setPath;_.Xs.prototype.getPath=_.Xs.prototype.getPath;_.Xs.prototype.setOptions=_.Xs.prototype.setOptions;_.Ys=class extends Ws{setOptions(a){this.setValues(a)}};_.Ys.prototype.setOptions=_.Ys.prototype.setOptions;_.Zs=class extends _.Vm{getBounds(){return this.get("bounds")}setBounds(a){this.set("bounds",a)}getMap(){return this.get("map")}setMap(a){this.set("map",a)}getDraggable(){return this.get("draggable")}setDraggable(a){this.set("draggable",a)}getEditable(){return this.get("editable")}setEditable(a){this.set("editable",a)}setVisible(a){this.set("visible",a)}getVisible(){return this.get("visible")}setOptions(a){this.setValues(a)}constructor(a){super();this.setValues(ho(a));_.dl("poly")}map_changed(){Hfa(this)}visible_changed(){Hfa(this)}};
_.Zs.prototype.setOptions=_.Zs.prototype.setOptions;_.Zs.prototype.getVisible=_.Zs.prototype.getVisible;_.Zs.prototype.setVisible=_.Zs.prototype.setVisible;_.Zs.prototype.setEditable=_.Zs.prototype.setEditable;_.Zs.prototype.getEditable=_.Zs.prototype.getEditable;_.Zs.prototype.setDraggable=_.Zs.prototype.setDraggable;_.Zs.prototype.getDraggable=_.Zs.prototype.getDraggable;_.Zs.prototype.setMap=_.Zs.prototype.setMap;_.Zs.prototype.getMap=_.Zs.prototype.getMap;_.Zs.prototype.setBounds=_.Zs.prototype.setBounds;
_.Zs.prototype.getBounds=_.Zs.prototype.getBounds;_.yn(_.Zs.prototype,{draggable:_.Er,editable:_.Er,bounds:_.hm(_.vn),map:_.Jr,visible:_.Er});var $s=class extends _.Vm{constructor(){super();this.qh=null}getMap(){return this.get("map")}setMap(a){this.set("map",a)}map_changed(){_.dl("streetview").then(a=>{a.CL(this)})}};$s.prototype.setMap=$s.prototype.setMap;$s.prototype.getMap=$s.prototype.getMap;$s.prototype.constructor=$s.prototype.constructor;_.yn($s.prototype,{map:_.Jr});_.Hja={NEAREST:"nearest",BEST:"best"};_.at=class{constructor(){this.qh=null}getPanorama(a,b){return _.Xp(this,a,b)}getPanoramaByLocation(a,b,c){return this.getPanorama({location:a,radius:b,preference:(b||0)<50?"best":"nearest"},c)}getPanoramaById(a,b){return this.getPanorama({pano:a},b)}};_.at.prototype.getPanorama=_.at.prototype.getPanorama;_.bt={DEFAULT:"default",OUTDOOR:"outdoor",GOOGLE:"google"};_.ub($p,_.Vm);$p.prototype.getTile=function(a,b,c){if(!a||!c)return null;var d=_.Tk("DIV");c={uj:a,zoom:b,Fj:null};d.__gmimt=c;_.hp(this.qh,d);if(this.rh){let e=this.tileSize||new _.In(256,256),f=this.sh(a,b);(c.Fj=this.rh({li:a.x,ni:a.y,wi:b},e,d,f,function(){_.Tm(d,"load")})).setOpacity(Zp(this))}return d};$p.prototype.getTile=$p.prototype.getTile;$p.prototype.releaseTile=function(a){a&&this.qh.contains(a)&&(this.qh.remove(a),(a=a.__gmimt.Fj)&&a.release())};$p.prototype.releaseTile=$p.prototype.releaseTile;
$p.prototype.opacity_changed=function(){var a=Zp(this);this.qh.forEach(b=>{b.__gmimt.Fj.setOpacity(a)})};$p.prototype.triggersTileLoadEvent=!0;_.yn($p.prototype,{opacity:_.Cr});_.ct=class extends _.Vm{constructor(){super(...arguments);this.tileSize=new _.In(256,256);this.triggersTileLoadEvent=!0;this.__gmsd=this.projection=null}getTile(){return null}releaseTile(){}};_.ct.prototype.qh=_.ea(36);_.dt=class extends _.ct{getTile(){return null}releaseTile(){}constructor(a,b){super();this.radius=0;this.rh="roadmap";this.minZoom=0;this.maxZoom=20;this.alt=this.name="";this.projection=null;this.tileSize=new _.In(256,256);this.Rk(a,b)}Rk(a,b){this.set("styles",a);a=b||{};this.rh=a.baseMapTypeId||"roadmap";this.minZoom=a.minZoom;this.maxZoom=a.maxZoom||20;this.name=a.name;this.alt=a.alt;this.tileSize=new _.In(256,256)}};_.dt.prototype.constructor=_.dt.prototype.constructor;
_.dt.prototype.releaseTile=_.dt.prototype.releaseTile;_.dt.prototype.getTile=_.dt.prototype.getTile;_.Sl(_.dt);var et=class{constructor(){this.logs=[]}log(){}lN(){return this.logs.map(this.qh).join("\n")}qh(a){return`${a.timestamp}: ${a.message}`}};et.prototype.getLogs=et.prototype.lN;_.Ija=new et;_.Jja={OK:"OK",CANCELLED:"CANCELLED",UNKNOWN:"UNKNOWN",INVALID_ARGUMENT:"INVALID_ARGUMENT",DEADLINE_EXCEEDED:"DEADLINE_EXCEEDED",NOT_FOUND:"NOT_FOUND",ALREADY_EXISTS:"ALREADY_EXISTS",PERMISSION_DENIED:"PERMISSION_DENIED",UNAUTHENTICATED:"UNAUTHENTICATED",RESOURCE_EXHAUSTED:"RESOURCE_EXHAUSTED",FAILED_PRECONDITION:"FAILED_PRECONDITION",ABORTED:"ABORTED",OUT_OF_RANGE:"OUT_OF_RANGE",UNIMPLEMENTED:"UNIMPLEMENTED",INTERNAL:"INTERNAL",UNAVAILABLE:"UNAVAILABLE",DATA_LOSS:"DATA_LOSS"};_.ub(aq,_.Vm);_.yn(aq.prototype,{attribution:()=>!0,place:()=>!0});var Nfa={ColorScheme:_.Aha,ControlPosition:_.Qp,LatLng:_.sm,LatLngBounds:_.tn,MVCArray:_.go,MVCObject:_.Vm,MapsRequestError:_.Hq,MapsNetworkError:Fq,MapsNetworkErrorEndpoint:{PLACES_NEARBY_SEARCH:"PLACES_NEARBY_SEARCH",PLACES_LOCAL_CONTEXT_SEARCH:"PLACES_LOCAL_CONTEXT_SEARCH",MAPS_MAX_ZOOM:"MAPS_MAX_ZOOM",DISTANCE_MATRIX:"DISTANCE_MATRIX",ELEVATION_LOCATIONS:"ELEVATION_LOCATIONS",ELEVATION_ALONG_PATH:"ELEVATION_ALONG_PATH",GEOCODER_GEOCODE:"GEOCODER_GEOCODE",DIRECTIONS_ROUTE:"DIRECTIONS_ROUTE",PLACES_GATEWAY:"PLACES_GATEWAY",
PLACES_DETAILS:"PLACES_DETAILS",PLACES_FIND_PLACE_FROM_PHONE_NUMBER:"PLACES_FIND_PLACE_FROM_PHONE_NUMBER",PLACES_FIND_PLACE_FROM_QUERY:"PLACES_FIND_PLACE_FROM_QUERY",PLACES_GET_PLACE:"PLACES_GET_PLACE",PLACES_GET_PHOTO_MEDIA:"PLACES_GET_PHOTO_MEDIA",PLACES_SEARCH_TEXT:"PLACES_SEARCH_TEXT",STREETVIEW_GET_PANORAMA:"STREETVIEW_GET_PANORAMA",PLACES_AUTOCOMPLETE:"PLACES_AUTOCOMPLETE",FLEET_ENGINE_LIST_DELIVERY_VEHICLES:"FLEET_ENGINE_LIST_DELIVERY_VEHICLES",FLEET_ENGINE_LIST_TASKS:"FLEET_ENGINE_LIST_TASKS",
FLEET_ENGINE_LIST_VEHICLES:"FLEET_ENGINE_LIST_VEHICLES",FLEET_ENGINE_GET_DELIVERY_VEHICLE:"FLEET_ENGINE_GET_DELIVERY_VEHICLE",FLEET_ENGINE_GET_TRIP:"FLEET_ENGINE_GET_TRIP",FLEET_ENGINE_GET_VEHICLE:"FLEET_ENGINE_GET_VEHICLE",FLEET_ENGINE_SEARCH_TASKS:"FLEET_ENGINE_SEARCH_TASKS",qR:"FLEET_ENGINE_GET_TASK_TRACKING_INFO",TIME_ZONE:"TIME_ZONE",ROUTES_COMPUTE_ROUTE_MATRIX:"ROUTES_COMPUTE_ROUTE_MATRIX",ROUTES_COMPUTE_ROUTES:"ROUTES_COMPUTE_ROUTES",ADDRESS_VALIDATION_FETCH_ADDRESS_VALIDATION:"ADDRESS_VALIDATION_FETCH_ADDRESS_VALIDATION",
WEATHER_CURRENT_CONDITIONS:"WEATHER_CURRENT_CONDITIONS",WEATHER_HISTORY_HOURS:"WEATHER_HISTORY_HOURS",WEATHER_FORECAST_DAYS:"WEATHER_FORECAST_DAYS",WEATHER_FORECAST_HOURS:"WEATHER_FORECAST_HOURS",PLACES_REVIEWS_SEARCH:"PLACES_REVIEWS_SEARCH",PLACES_MEDIA_SEARCH:"PLACES_MEDIA_SEARCH"},MapsServerError:_.Iq,Point:_.En,RPCStatus:_.Jja,Size:_.In,UnitSystem:_.cq,Settings:rm,SymbolPath:jia,LatLngAltitude:_.lo,Orientation3D:_.Rr,Vector3D:_.Sr,event:_.Hr},Ofa={BicyclingLayer:_.$r,Circle:_.no,Data:An,GroundOverlay:_.Zr,
ImageMapType:$p,KmlLayer:Un,KmlLayerStatus:{UNKNOWN:"UNKNOWN",OK:"OK",INVALID_REQUEST:"INVALID_REQUEST",DOCUMENT_NOT_FOUND:"DOCUMENT_NOT_FOUND",FETCH_ERROR:"FETCH_ERROR",INVALID_DOCUMENT:"INVALID_DOCUMENT",DOCUMENT_TOO_LARGE:"DOCUMENT_TOO_LARGE",LIMITS_EXCEEDED:"LIMITS_EXCEEDED",TIMED_OUT:"TIMED_OUT"},Map:_.Sp,MapElement:Eq,ZoomChangeEvent:Eja,MapTypeControlStyle:{DEFAULT:0,HORIZONTAL_BAR:1,DROPDOWN_MENU:2,INSET:3,INSET_LARGE:4},MapTypeId:_.tr,MapTypeRegistry:Pp,MaxZoomService:Ts,MaxZoomStatus:{OK:"OK",
ERROR:"ERROR"},OverlayView:_.Vs,Polygon:_.Xs,Polyline:_.Ys,Rectangle:_.Zs,RenderingType:Qs,StrokePosition:{CENTER:0,INSIDE:1,OUTSIDE:2,0:"CENTER",1:"INSIDE",2:"OUTSIDE"},StyledMapType:_.dt,TrafficLayer:as,TransitLayer:bs,FeatureType:aja,InfoWindow:_.Yr,WebGLOverlayView:_.Mo},Pfa={DirectionsRenderer:_.Dn,DirectionsService:_.Kr,DirectionsStatus:_.aia,DistanceMatrixService:_.Or,DistanceMatrixStatus:_.dia,DistanceMatrixElementStatus:_.cia,TrafficModel:_.Lr,TransitMode:_.Mr,TransitRoutePreference:_.Nr,
TravelMode:_.bq,VehicleType:_.bia},Qfa={ElevationService:_.Pr,ElevationStatus:_.eia},Rfa={Geocoder:Qr,GeocoderLocationType:_.fia,ExtraGeocodeComputation:void 0,Containment:void 0,SpatialRelationship:void 0,GeocoderStatus:{OK:"OK",UNKNOWN_ERROR:"UNKNOWN_ERROR",OVER_QUERY_LIMIT:"OVER_QUERY_LIMIT",REQUEST_DENIED:"REQUEST_DENIED",INVALID_REQUEST:"INVALID_REQUEST",ZERO_RESULTS:"ZERO_RESULTS",ERROR:"ERROR"}},Sfa={StreetViewCoverageLayer:$s,StreetViewPanorama:_.Os,StreetViewPreference:_.Hja,StreetViewService:_.at,
StreetViewStatus:{OK:"OK",UNKNOWN_ERROR:"UNKNOWN_ERROR",ZERO_RESULTS:"ZERO_RESULTS"},StreetViewSource:_.bt,InfoWindow:_.Yr,OverlayView:_.Vs},Tfa={Animation:_.Gja,Marker:_.Xr,CollisionBehavior:_.Tr},Vfa=new Set("addressValidation airQuality drawing elevation geometry journeySharing maps3d marker places routes visualization weather".split(" ")),Wfa=new Set(["search"]);_.el("main",{});_.ft=class extends _.Hs{connectedCallback(){super.connectedCallback();this.isConnected&&this.dispatchEvent(new _.Kja((a,b)=>{this.rh(a,b)}))}};_.Kja=class extends Event{constructor(a){super("gmp-internal-connect",{bubbles:!0,composed:!0});this.qh=a}};_.Fo=class extends Event{constructor(){super("gmp-error")}};_.aga=class extends Event{constructor(){super("gmp-load")}};var gt=class extends _.Gs{ti(){return(0,_.P)`<div class="container">
      <div class="message">${this.message}</div>
      ${this.qh===void 0?"":(0,_.P)`<div class="sub-message">${this.qh}</div>`}
    </div>`}};gt.styles=[_.zs([":host(:not([hidden])){display:block}.container{display:-webkit-box;display:-webkit-flex;display:-moz-box;display:-ms-flexbox;display:flex;-webkit-box-orient:vertical;-webkit-box-direction:normal;-webkit-flex-direction:column;-moz-box-orient:vertical;-moz-box-direction:normal;-ms-flex-direction:column;flex-direction:column;gap:8px;height:100%;-webkit-box-pack:center;-webkit-justify-content:center;-moz-box-pack:center;-ms-flex-pack:center;justify-content:center;padding:12px;text-align:center}.message{color:#5e5e5e;font-size:.875rem}.message,.sub-message{font-family:Google Sans,Roboto,Arial,sans-serif;font-weight:500}.sub-message{color:#999;font-size:.75rem}"])];_.Zn("gmp-internal-loading-text",class extends gt{constructor(){super(...arguments);this.message="Loading..."}});_.ht=class extends gt{constructor(){super(...arguments);this.message="Oops! Something went wrong.";this.qh="Please see the developer console for technical details."}};_.Zn("gmp-internal-request-error-text",_.ht);_.Lja=class{constructor(a){this.host=a;this.options={};this.qh=_.la(Promise,"withResolvers").call(Promise)}isVisible(a){var {inlineSize:b,blockSize:c}=a.contentBoxSize[0];return b>=(this.options.wT??1)&&c>=(this.options.vT??1)}};var Mja;_.eq=class extends Error{constructor(){super(...arguments);this.name="AsyncRunPreemptedError"}};Mja=class{constructor(){this.qh=0}};_.jt=class extends _.Hs{constructor(a={}){super(a);this.rj=0;this.kE=!1;this.mH=new Mja;this.NQ=new _.Lja(this)}Aw(a){return a}ti(){switch(this.rj){case 1:var a=this.pz();break;case 3:a=this.nz();break;case 2:a=this.Yu();break;default:a=this.qt()}return this.Aw(a)}pz(){return(0,_.P)` <gmp-internal-loading-text></gmp-internal-loading-text> `}nz(){return(0,_.P)`
      <gmp-internal-request-error-text></gmp-internal-request-error-text>
    `}qt(){return(0,_.P)``}};_.C([_.Wp(),_.E("design:type",Number)],_.jt.prototype,"rj",void 0);var Nja;Nja=class extends Cja{};_.kt=class extends Nja{constructor(a={}){super();this.element=pm("View","element",()=>_.hm(_.fm([_.$l(HTMLElement,"HTMLElement"),_.$l(SVGElement,"SVGElement")]))(a.element)||document.createElement("div"));this.yi(a,_.kt,"View")}};_.Oja=_.Yl({center:a=>_.wm(a),radius:_.nm},!0);_.lt=_.Yl({lat:_.yr,lng:_.yr,altitude:_.hm(_.yr)},!0);_.Pja=_.Yl({lat:_.yr,lng:_.yr,altitude:_.hm(_.yr)},!0);_.hq=_.fm([_.$l(_.lo,"LatLngAltitude"),_.$l(_.sm,"LatLng"),_.Pja]);var Qja=class{constructor(a){this.qh=a||0}heading(){return this.qh}tilt(){return 45}toString(){return`${this.qh},45`}};var Rja;Rja=Math.sqrt(2);_.jq=class{constructor(a){this.FF=!0;this.rh=new _.Rs;this.qh=new Qja(a%360);this.sh=new _.En(0,0)}fromLatLngToPoint(a,b){a=_.wm(a);b=this.rh.fromLatLngToPoint(a,b);bga(b,this.qh.heading());b.y=(b.y-128)/Rja+128;return b}fromPointToLatLng(a,b=!1){var c=this.sh;c.x=a.x;c.y=(a.y-128)*Rja+128;bga(c,360-this.qh.heading());return this.rh.fromPointToLatLng(c,b)}getPov(){return this.qh}};var cga=new _.Rs;var mt=_.Xa.google.maps,Sja=cl.getInstance(),Tja=Sja.jn.bind(Sja);mt.__gjsload__=Tja;_.Al(mt.modules,Tja);delete mt.modules;var jga=class extends _.J{constructor(a){super(a)}getName(){return _.I(this,1)}};var iga=_.yi(class extends _.J{constructor(a){super(a)}});var hga;var dga={};for(let a of kga()){var Uja=a.getName(),Vja;Vja=_.Sg(a,2,_.ag());dga[Uja]=Vja};var oq=new Map;oq.set("addressValidation",{ej:233048,fj:233049,hj:233047});oq.set("airQuality",{ej:233051,fj:233052,hj:233050});oq.set("adsense",{ej:233054,fj:233055,hj:233053});oq.set("common",{ej:233057,fj:233058,hj:233056});oq.set("controls",{ej:233060,fj:233061,hj:233059});oq.set("data",{ej:233063,fj:233064,hj:233062});oq.set("directions",{ej:233066,fj:233067,hj:233065});oq.set("distance_matrix",{ej:233069,fj:233070,hj:233068});oq.set("drawing",{ej:233072,fj:233073,hj:233071});
oq.set("drawing_impl",{ej:233075,fj:233076,hj:233074});oq.set("elevation",{ej:233078,fj:233079,hj:233077});oq.set("geocoder",{ej:233081,fj:233082,hj:233080});oq.set("geometry",{ej:233084,fj:233085,hj:233083});oq.set("imagery_viewer",{ej:233087,fj:233088,hj:233086});oq.set("infowindow",{ej:233090,fj:233091,hj:233089});oq.set("journeySharing",{ej:233093,fj:233094,hj:233092});oq.set("kml",{ej:233096,fj:233097,hj:233095});oq.set("layers",{ej:233099,fj:233100,hj:233098});
oq.set("log",{ej:233105,fj:233106,hj:233104});oq.set("main",{ej:233108,fj:233109,hj:233107});oq.set("map",{ej:233111,fj:233112,hj:233110});oq.set("map3d_lite_wasm",{ej:233114,fj:233115,hj:233113});oq.set("map3d_wasm",{ej:233117,fj:233118,hj:233116});oq.set("map3d_wasm_geoxp",{ej:331557,fj:331558,hj:331559});oq.set("maps3d",{ej:233120,fj:233121,hj:233119});oq.set("marker",{ej:233123,fj:233124,hj:233122});oq.set("maxzoom",{ej:233126,fj:233127,hj:233125});oq.set("onion",{ej:233129,fj:233130,hj:233128});
oq.set("overlay",{ej:233132,fj:233133,hj:233131});oq.set("panoramio",{ej:233135,fj:233136,hj:233134});oq.set("places",{ej:233138,fj:233139,hj:233137});oq.set("places_impl",{ej:233141,fj:233142,hj:233140});oq.set("poly",{ej:233144,fj:233145,hj:233143});oq.set("routes",{ej:256839,fj:256840,hj:256841});oq.set("search",{ej:233147,fj:233148,hj:233146});oq.set("search_impl",{ej:233150,fj:233151,hj:233149});oq.set("streetview",{ej:233156,fj:233157,hj:233155});oq.set("styleEditor",{ej:233159,fj:233160,hj:233158});
oq.set("util",{ej:233162,fj:233163,hj:233161});oq.set("visualization",{ej:233165,fj:233166,hj:233164});oq.set("visualization_impl",{ej:233168,fj:233169,hj:233167});oq.set("weather",{ej:233171,fj:233172,hj:233170});oq.set("webgl",{ej:233174,fj:233175,hj:233173});_.nt=class{constructor(){this.token=`${_.gn().replace(/-/g,"")}${Math.floor(Math.random()*2147483648).toString(36)+Math.abs(Math.floor(Math.random()*2147483648)^_.qb()).toString(36)}`.substring(0,36)}};_.nt.prototype.qh=_.ea(37);_.nt.prototype.constructor=_.nt.prototype.constructor;_.ot=class{constructor(){this.Pi=this.Eh=""}get id(){return this.Eh}get resourceName(){return this.Pi}};_.pt=class{constructor(a,b={}){this.options=b;this.qh={currencyCode:_.I(a,1),units:_.Eba(_.Lg(a,2)),nanos:_.Ig(a,3)}}get currencyCode(){return this.qh.currencyCode}get units(){return this.qh.units}get nanos(){return this.qh.nanos}toString(){return(new Intl.NumberFormat(this.options.language?new Intl.Locale(this.options.language,{region:this.options.region??void 0}):void 0,{style:"currency",currency:this.currencyCode})).format(this.units+this.nanos/1E9)}toJSON(){return{currencyCode:this.currencyCode,
units:this.units,nanos:this.nanos}}};_.pt.prototype.toString=_.pt.prototype.toString;_.qt=class{constructor(a){this.qh={compoundCode:a.UH()||null,globalCode:a.ZH()||null}}get compoundCode(){return this.qh.compoundCode}get globalCode(){return this.qh.globalCode}toJSON(){return{compoundCode:this.compoundCode,globalCode:this.globalCode}}};_.rt=class{constructor(a){this.qh=[];this.rh=[];this.zh=_.I(a,2)??"";this.th=a.Mi()||null;this.yh=_.I(a,4)||null;this.Ah=_.I(a,5)||null;this.sh=_.I(a,6)||null;this.wh=_.I(a,7)||null;this.Bh=_.I(a,8)||null;this.xh=_.I(a,11)||null;this.qh=_.Sg(a,9,_.ag()).slice();this.rh=_.Sg(a,10,_.ag()).slice()}get regionCode(){return this.zh}get languageCode(){return this.th}get postalCode(){return this.yh}get sortingCode(){return this.Ah}get administrativeArea(){return this.sh}get locality(){return this.wh}get sublocality(){return this.Bh}get addressLines(){return this.qh}get recipients(){return this.rh}get organization(){return this.xh}toJSON(){return{regionCode:this.zh,
languageCode:this.th,postalCode:this.yh,sortingCode:this.Ah,administrativeArea:this.sh,locality:this.wh,sublocality:this.Bh,addressLines:this.qh,recipients:this.rh,organization:this.xh}}};_.Wja=_.Yl({regionCode:_.Bq,languageCode:_.Dr,postalCode:_.Dr,sortingCode:_.Dr,administrativeArea:_.Dr,locality:_.Dr,sublocality:_.Dr,addressLines:_.hm(_.cm(_.Fr)),recipients:lda,organization:lda});_.st=class{constructor(a){this.qh={id:a.getId()||null,version:a.rh()||null}}get id(){return this.qh.id}get version(){return this.qh.version}toJSON(){return{id:this.id,version:this.version}}};_.tt=class{};_.tt.encodePath=function(a){a instanceof _.go&&(a=a.getArray());a=(0,_.Gr)(a);return mga(a,function(b){return[Math.round(b.lat()*1E5),Math.round(b.lng()*1E5)]})};_.tt.decodePath=_.nga;var Yja,Zja,tga;_.Xja=()=>(0,_.P)`<svg width="24" height="24" fill="currentColor" viewBox="0 -960 960 960"><path d="m313-440 224 224-57 56-320-320 320-320 57 56-224 224h487v80z"/></svg>`;Yja=({className:a,fill:b})=>(0,_.P)`<svg width="88" height="16" aria-label="Google Maps" class="${a}" preserveAspectRatio="xMidYMid meet" viewBox="0 0 98 18"><path fill="${b}" d="M7.08 13.96a7 7 0 01-4.99-2.05A6.7 6.7 0 010 6.98Q0 4.1 2.09 2.05A7 7 0 017.08 0a6.7 6.7 0 014.79 1.92l-1.35 1.35a4.8 4.8 0 00-3.44-1.36q-2.1 0-3.55 1.48a5 5 0 00-1.45 3.59q0 2.12 1.46 3.59a4.8 4.8 0 003.55 1.48 4.8 4.8 0 003.53-1.4q.84-.84 1.04-2.4H7.08v-1.9h6.42a6 6 0 01.1 1.19q0 2.8-1.65 4.46a6.4 6.4 0 01-4.87 1.96M22 12.68a4.4 4.4 0 01-3.2 1.29 4.4 4.4 0 01-3.2-1.29 4.3 4.3 0 01-1.31-3.21q0-1.92 1.31-3.21a4.4 4.4 0 013.2-1.29q1.9 0 3.2 1.29a4.3 4.3 0 011.31 3.21A4.3 4.3 0 0122 12.68m-4.99-1.26q.75.78 1.79.77 1.04 0 1.79-.77.75-.78.75-1.95 0-1.19-.74-1.96-.75-.77-1.8-.77t-1.8.77a2.7 2.7 0 00-.74 1.96q0 1.17.75 1.95m14.84 1.26q-1.3 1.29-3.2 1.29c-1.9 0-2.33-.43-3.2-1.29a4.3 4.3 0 01-1.31-3.21q0-1.92 1.31-3.21 1.3-1.29 3.2-1.29c1.9 0 2.33.43 3.2 1.29a4.3 4.3 0 011.31 3.21q0 1.92-1.31 3.21m-4.99-1.26q.75.78 1.79.77 1.04 0 1.79-.77.75-.78.75-1.95 0-1.19-.74-1.96c-.74-.77-1.09-.77-1.8-.77q-1.05 0-1.8.77a2.7 2.7 0 00-.74 1.96q0 1.17.75 1.95M38.32 18q-1.5 0-2.52-.8a4.5 4.5 0 01-1.46-1.86l1.72-.72q.27.65.85 1.12.59.48 1.41.48a2.3 2.3 0 001.76-.68q.64-.68.64-1.96v-.65h-.07a2.9 2.9 0 01-2.37 1.02 4 4 0 01-3.01-1.31 4.4 4.4 0 01-1.29-3.17 4.4 4.4 0 011.29-3.19 4 4 0 013.01-1.32q.76 0 1.39.29t.98.72h.07v-.72h1.87v8.07q0 2.35-1.2 3.52A4.2 4.2 0 0138.32 18m.13-5.81q1.02 0 1.71-.77a2.8 2.8 0 00.69-1.93q0-1.17-.69-1.96a2.2 2.2 0 00-1.71-.79q-1.03 0-1.77.78a2.8 2.8 0 00-.73 1.96q0 1.16.73 1.93.74.78 1.77.78M45.93.48v13.21h-1.98V.48zm5.41 13.48a4.4 4.4 0 01-4.46-4.49q0-1.98 1.23-3.24a4 4 0 013.01-1.26 3.8 3.8 0 012.68 1.07 5 5 0 011.17 1.8l.2.51-6.01 2.49a2.3 2.3 0 002.18 1.36q1.37 0 2.21-1.24l1.53 1.02q-.5.76-1.45 1.38-.92.6-2.29.6m-2.5-4.63 4.02-1.67a1.4 1.4 0 00-.63-.69 2 2 0 00-1.04-.26q-.87 0-1.63.72a2.4 2.4 0 00-.72 1.9m11.21 4.36V1.5h1.57l4.24 7.42h.07l4.24-7.42h1.57v12.19h-1.57V6.45l.07-2.04h-.07l-3.81 6.69h-.92l-3.81-6.69h-.07l.07 2.04v7.24zm16.31.27q-1.33 0-2.22-.77a2.5 2.5 0 01-.89-2.03q0-1.36 1.06-2.14 1.05-.77 2.61-.77 1.38 0 2.26.51v-.23q0-.91-.63-1.47A2.3 2.3 0 0077 6.51q-.68 0-1.23.32a1.6 1.6 0 00-.77.88l-1.43-.61q.28-.75 1.14-1.39a3.6 3.6 0 012.25-.64q1.6 0 2.66.94 1.05.93 1.06 2.64v5.04h-1.5v-1.16h-.08a3 3 0 01-2.74 1.43m.25-1.43q.97 0 1.76-.72.8-.72.79-1.71-.67-.54-1.99-.54-1.14 0-1.72.49-.58.5-.58 1.16 0 .61.53.97.54.35 1.21.35m9.97 1.43q-.96 0-1.71-.41a3 3 0 01-1.13-1.02h-.07l.07 1.16v3.68h-1.57V5.35h1.5v1.16h.07a3 3 0 011.13-1.02 3.7 3.7 0 014.5.87 4.5 4.5 0 011.18 3.17q0 1.9-1.18 3.17a3.7 3.7 0 01-2.79 1.26m-.26-1.43q1.1 0 1.87-.83.78-.82.78-2.19t-.78-2.19a2.5 2.5 0 00-1.87-.83q-1.11 0-1.88.82-.78.81-.77 2.2c.01 1.39.26 1.65.77 2.2q.78.82 1.88.82m8.39 1.43a3.8 3.8 0 01-3.65-2.38l1.4-.58q.67 1.57 2.26 1.57.73 0 1.2-.32a1 1 0 00.47-.85q0-.81-1.14-1.11l-1.69-.41a4 4 0 01-1.52-.77 1.9 1.9 0 01-.72-1.54q0-1.11.98-1.8a4 4 0 012.32-.69q1.11 0 1.98.5t1.24 1.44l-1.34.56q-.46-1.11-1.91-1.11-.7 0-1.18.29t-.48.78q0 .72 1.11.97l1.65.39a3 3 0 011.74.94q.56.66.56 1.5 0 1.12-.92 1.87-.9.75-2.36.75"/></svg>`;
Zja=({className:a,fill:b,outline:c})=>(0,_.P)`<svg width="106" height="22" aria-label="Google Maps" class="${a}" preserveAspectRatio="xMidYMid meet" viewBox="0 0 106 22"><g fill="${c}" opacity=".9"><path d="m59.86 11.44-.93-2.33q-.24-.6-.61-1.22-.4-.64-1.01-1.27-.75-.75-1.8-1.2-1.09-.46-2.3-.46-1.77 0-3.2.87V.47h-6v4.77h-1.95a6.1 6.1 0 00-6.43 1.94q-.14-.18-.33-.35a6.4 6.4 0 00-4.6-1.86 6.4 6.4 0 00-4.61 1.86l-.32.34-.32-.34a6.4 6.4 0 00-4.6-1.86q-2.34 0-4.07 1.38H14.3l2.47-2.46-1.49-1.4A8.7 8.7 0 009.1 0a9 9 0 00-6.4 2.61A8.6 8.6 0 000 8.97q0 3.73 2.7 6.37a9 9 0 006.4 2.62c2.47 0 4.7-.87 6.3-2.54l.11-.13q.31.44.7.8a6.4 6.4 0 004.61 1.87 6.4 6.4 0 004.93-2.2l.32.34a6.4 6.4 0 004.6 1.86q1.9 0 3.41-.92l.45 1.07a7 7 0 002.09 2.66A6 6 0 0040.37 22a6.2 6.2 0 004.48-1.73 5.7 5.7 0 001.5-2.58H50v-.67q1.52.94 3.42.94a6 6 0 003.4-.94 7 7 0 002.02-1.94l1.11-1.66-1.87-1.25zM105 10.1l-.74-1.84a5 5 0 00-2.1-2.43q-1.35-.76-2.99-.77-1.97 0-3.48 1.05-.35.26-.66.56a5.7 5.7 0 00-5.73-1.34h-4.64v.6q-1.4-.87-3.22-.87a6 6 0 00-3.22.9V1.5h-4.74l-3.11 5.45-3.12-5.45h-4.73v16.2h5.57v-2.6h4.56v2.6h5.58v-.37q1.16.64 2.62.64.96 0 1.79-.27h2.03v3.68h5.58v-3.46q.41.06.84.06c1.5 0 2.87-.57 3.98-1.64q.3.3.66.56a5.7 5.7 0 003.51 1.08 5.7 5.7 0 003.64-1.2 4.3 4.3 0 00.73-6.08l1.39-.58"/></g><path fill="${b}" d="M9.1 15.96a7 7 0 01-5-2.05 6.6 6.6 0 01-2.09-4.94q0-2.88 2.1-4.93A7 7 0 019.1 2a6.6 6.6 0 014.8 1.92l-1.36 1.35A5 5 0 009.1 3.9Q7 3.9 5.55 5.38a5 5 0 00-1.46 3.6q0 2.1 1.46 3.59Q7 14.05 9.1 14.05q2.12 0 3.54-1.4.84-.84 1.04-2.4H9.11V8.32h6.43a6 6 0 01.1 1.2q0 2.8-1.65 4.46a6.4 6.4 0 01-4.88 1.96m14.94-1.28a4.4 4.4 0 01-3.2 1.29 4.4 4.4 0 01-3.21-1.3 4.3 4.3 0 01-1.32-3.2q0-1.93 1.32-3.22a4.4 4.4 0 013.2-1.29 4.4 4.4 0 013.2 1.3 4.3 4.3 0 011.32 3.2q0 1.93-1.31 3.22m-5-1.26q.75.77 1.8.77 1.03 0 1.78-.77.76-.78.76-1.95 0-1.19-.75-1.97a2.4 2.4 0 00-1.8-.77q-1.05 0-1.8.77-.74.77-.74 1.97 0 1.19.75 1.95m14.86 1.26a4.4 4.4 0 01-3.2 1.29 4.4 4.4 0 01-3.2-1.3 4.3 4.3 0 01-1.32-3.2q0-1.93 1.31-3.22a4.4 4.4 0 013.2-1.29 4.4 4.4 0 013.21 1.3 4.3 4.3 0 011.31 3.2q0 1.93-1.3 3.22m-5-1.26q.75.77 1.8.77 1.04 0 1.79-.77.75-.78.75-1.95 0-1.19-.74-1.97a2.4 2.4 0 00-1.8-.77q-1.06 0-1.8.77-.75.77-.75 1.97 0 1.19.75 1.95M40.38 20q-1.5 0-2.52-.8a4.5 4.5 0 01-1.46-1.86l1.72-.72q.27.64.85 1.12.59.48 1.41.48a2.3 2.3 0 001.76-.68q.65-.68.65-1.96v-.65h-.07a2.9 2.9 0 01-2.38 1.02 4 4 0 01-3.01-1.31 4.4 4.4 0 01-1.3-3.17 4.4 4.4 0 011.3-3.2 4 4 0 013.01-1.32q.76 0 1.4.3.6.27.98.71h.07v-.73h1.87v8.08q0 2.35-1.2 3.52A4.2 4.2 0 0140.38 20m.13-5.81q1.02 0 1.71-.77.7-.78.7-1.93 0-1.17-.7-1.97a2.2 2.2 0 00-1.7-.78q-1.04 0-1.78.78-.74.79-.73 1.97 0 1.17.73 1.93.74.77 1.77.77m7.5-11.72V15.7h-1.99V2.47zm5.42 13.49a4.4 4.4 0 01-4.47-4.5c0-1.27.42-2.4 1.24-3.24a4 4 0 013.01-1.26 3.8 3.8 0 012.69 1.07 5 5 0 011.17 1.8l.2.51-6.02 2.5a2.3 2.3 0 002.18 1.36q1.37 0 2.21-1.24l1.54 1.02q-.5.76-1.46 1.38a4 4 0 01-2.3.6zm-2.51-4.63 4.02-1.68a1.4 1.4 0 00-.63-.69 2 2 0 00-1.04-.26q-.87 0-1.63.72a2.4 2.4 0 00-.72 1.92zm13.62 4.36V3.49h1.57l4.25 7.43h.07l4.24-7.43h1.58v12.2h-1.58V8.44l.07-2.04h-.07l-3.81 6.7h-.92l-3.82-6.7h-.07l.07 2.04v7.25zm16.32.27q-1.34 0-2.22-.77-.9-.78-.9-2.03 0-1.36 1.07-2.14 1.05-.79 2.61-.78 1.39 0 2.27.51v-.24q0-.9-.63-1.47a2.3 2.3 0 00-1.56-.55q-.68 0-1.23.32a1.7 1.7 0 00-.76.9l-1.43-.62q.28-.75 1.14-1.39a3.7 3.7 0 012.25-.64q1.61 0 2.67.94t1.06 2.64v5.05h-1.5v-1.16h-.07a3.1 3.1 0 01-2.75 1.43zm.26-1.43q.98 0 1.77-.72.8-.72.79-1.71-.66-.54-2-.54-1.14 0-1.72.49-.58.5-.58 1.16 0 .6.53.97.52.36 1.21.36zm9.98 1.43q-.96 0-1.71-.41a3 3 0 01-1.14-1.02h-.07l.07 1.16v3.68h-1.57V7.34h1.5V8.5h.07a3 3 0 011.14-1.02 3.7 3.7 0 014.5.87 4.5 4.5 0 011.18 3.18q0 1.9-1.18 3.17a3.7 3.7 0 01-2.8 1.28zm-.26-1.43q1.1 0 1.87-.83.78-.82.78-2.2 0-1.36-.78-2.19a2.5 2.5 0 00-1.87-.83 2.5 2.5 0 00-1.88.82 3 3 0 00-.78 2.2q0 1.4.78 2.2.77.83 1.88.83m8.41 1.43a3.8 3.8 0 01-3.65-2.38L97 13q.67 1.57 2.26 1.57.75 0 1.2-.32a1 1 0 00.47-.85q0-.81-1.14-1.11l-1.7-.41a4 4 0 01-1.51-.77 1.9 1.9 0 01-.72-1.55q0-1.11.98-1.8a4 4 0 012.32-.69q1.11 0 1.98.5t1.25 1.44l-1.37.56q-.45-1.1-1.9-1.1-.71 0-1.2.28-.47.3-.47.78 0 .72 1.11.98l1.65.39q1.18.27 1.75.94.56.66.56 1.5 0 1.12-.92 1.87t-2.38.75z"/></svg>`;
_.yq=({fill:a})=>(0,_.P)`<svg aria-hidden="true" class="info-icon" viewBox="0 -960 960 960"><path fill="${a}" d="M440-280h80v-240h-80zm40-320q17 0 28.5-11.5T520-640t-11.5-28.5T480-680t-28.5 11.5T440-640t11.5 28.5T480-600m0 520q-83 0-156-31.5T197-197t-85.5-127T80-480t31.5-156T197-763t127-85.5T480-880t156 31.5T763-763t85.5 127T880-480t-31.5 156T763-197t-127 85.5T480-80m0-80q134 0 227-93t93-227-93-227-227-93-227 93-93 227 93 227 227 93m0-320"/></svg>`;tga=({fill:a,outline:b})=>(0,_.P)`<svg width="18" height="18" fill="none" aria-hidden="true" class="info-icon--outline" preserveAspectRatio="xMidYMid meet" viewBox="11 11 19 19"><circle cx="20" cy="20" r="9" fill="${b}" fill-opacity=".9"/><path fill="${a}" d="M19.25 23.68h1.5V19.1h-1.5zm.75-5.84q.32 0 .54-.22a.7.7 0 00.23-.55q0-.3-.23-.54a.7.7 0 00-.54-.22q-.32 0-.54.22a.7.7 0 00-.23.54q0 .33.23.55.22.22.54.22m0 9.51a7.4 7.4 0 01-5.21-2.14A7.4 7.4 0 0112.65 20a7.3 7.3 0 0110.22-6.77q1.33.57 2.32 1.58 1.02.99 1.58 2.34.58 1.34.58 2.85 0 1.52-.58 2.87A7.3 7.3 0 0120 27.35m0-1.56q2.42 0 4.1-1.68A5.6 5.6 0 0025.8 20q0-2.42-1.7-4.1a5.6 5.6 0 00-4.1-1.7q-2.42 0-4.1 1.7a5.6 5.6 0 00-1.7 4.1q0 2.42 1.7 4.1a5.6 5.6 0 004.1 1.7"/></svg>`;
_.vq=({ariaLabel:a,className:b})=>(0,_.P)`<svg fill="currentColor" aria-label="${a}" class="${b}" viewBox="0 -960 960 960"><path id="open-in-new" d="M200-120q-33 0-56.5-23.5T120-200v-560q0-33 23.5-56.5T200-840h280v80H200v560h560v-280h80v280q0 33-23.5 56.5T760-120zm188-212-56-56 372-372H560v-80h280v280h-80v-144z"/></svg>`;var $ja=_.zs([":host(:not([hidden])){display:block;font-family:Google Sans Text,Roboto,Arial,sans-serif}.attribution-text{font-weight:400;white-space:nowrap}.attribution-text.font--body-small{font-size:12px;letter-spacing:.2px;line-height:1.3333333333}.attribution-text.font--body-medium{font-size:14px;font-style:normal;letter-spacing:.1px;line-height:1.1428571429}.container{-webkit-box-align:center;-webkit-align-items:center;-moz-box-align:center;-ms-flex-align:center;align-items:center;color-scheme:var(--gmp-internal-attribution-color-scheme,inherit);display:-webkit-box;display:-webkit-flex;display:-moz-box;display:-ms-flexbox;display:flex;line-height:0}.container>a{text-decoration:none}gmp-internal-dialog dialog{--gmp-internal-dialog-border-radius:var(--gmp-dialog-border-radius,28px);background-color:var(--gmp-mat-color-surface,light-dark(#fff,#131314));max-width:600px}gmp-internal-dialog dialog header .gm-ui-hover-effect>span{background-color:var(--gmp-mat-color-on-surface,light-dark(#1f1f1f,#e3e3e3))}@media (forced-colors:active){gmp-internal-dialog dialog header .gm-ui-hover-effect>span{background-color:ButtonText}}img{width:100%}svg{shape-rendering:geometricPrecision}.info-button{-webkit-box-align:center;-webkit-align-items:center;-moz-box-align:center;-ms-flex-align:center;align-items:center;background:none;border:none;display:-webkit-box;display:-webkit-flex;display:-moz-box;display:-ms-flexbox;display:flex;height:24px;-webkit-box-pack:center;-webkit-justify-content:center;-moz-box-pack:center;-ms-flex-pack:center;justify-content:center;-webkit-margin-start:var(--gmp-mat-spacing-small,8px);-moz-margin-start:var(--gmp-mat-spacing-small,8px);margin-inline-start:var(--gmp-mat-spacing-small,8px);padding:0;padding-block:0;position:relative;width:24px}.info-button:focus-visible{outline:none}.info-button .tap-area{cursor:default;height:34px;left:50%;position:absolute;top:50%;-webkit-transform:translate(-50%,-50%);transform:translate(-50%,-50%);width:48px;z-index:0}.info-button.tap-area-expanded{height:48px;-webkit-margin-start:unset;-moz-margin-start:unset;margin-inline-start:unset;padding-block:4px;width:48px}.info-button.tap-area-expanded .tap-area{height:100%;width:100%}.info-button.tap-area-expanded .info-icon-container{height:34px;width:34px}.info-button.tap-area-expanded .info-icon-container svg{width:18px}.info-icon-container{-webkit-box-align:center;-webkit-align-items:center;-moz-box-align:center;-ms-flex-align:center;align-items:center;border-radius:50%;cursor:pointer;display:-webkit-box;display:-webkit-flex;display:-moz-box;display:-ms-flexbox;display:flex;height:24px;-webkit-box-pack:center;-webkit-justify-content:center;-moz-box-pack:center;-ms-flex-pack:center;justify-content:center;width:24px;z-index:1}.info-icon-container svg{width:15px;z-index:1}.info-icon-container:hover{background-color:color-mix(in srgb,var(--gmp-internal-attribution-color,light-dark(#5e5e5e,#fff)) 8%,transparent)}.info-button:focus-visible .info-icon-container{background-color:color-mix(in srgb,var(--gmp-internal-attribution-color,light-dark(#5e5e5e,#fff)) 10%,transparent)}"]);var ut=class extends _.Gs{ti(){return(0,_.P)`<button
      type="button"
      title="${"Back"}"
      aria-label="${"Back"}"
      >${_.Xja()}</button
    >`}focus(a){this.YK.focus(a)}};ut.styles=_.zs([":host button{-webkit-box-align:center;-webkit-align-items:center;-moz-box-align:center;-ms-flex-align:center;align-items:center;background:none;border:none;color:light-dark(#1f1f1f,#e3e3e3);cursor:pointer;display:-webkit-box;display:-webkit-flex;display:-moz-box;display:-ms-flexbox;display:flex;opacity:.6;padding:0}:host button:hover{color:light-dark(#000,#fff);opacity:1}:host button:dir(rtl) svg{-webkit-transform:scaleX(-1);transform:scaleX(-1)}"]);
_.C([_.Vp("button"),_.E("design:type",HTMLButtonElement)],ut.prototype,"YK",void 0);_.Zn("gmp-internal-back-button",ut);var aka=(0,_.Zi)`dialog.zlDrU-basic-dialog-element::backdrop{background-color:#202124}@supports ((-webkit-backdrop-filter:blur(3px)) or (backdrop-filter:blur(3px))){dialog.zlDrU-basic-dialog-element::backdrop{background-color:rgba(32,33,36,.7);-webkit-backdrop-filter:blur(3px);backdrop-filter:blur(3px)}}dialog[open].zlDrU-basic-dialog-element{display:flex;flex-direction:column}dialog.zlDrU-basic-dialog-element{border:none;border-radius:var(--gmp-internal-dialog-border-radius,28px);box-sizing:border-box;padding:20px 8px 8px}dialog.zlDrU-basic-dialog-element header{align-items:center;display:flex;gap:16px;justify-content:space-between;margin-bottom:20px;padding:0 16px}dialog.zlDrU-basic-dialog-element header h2{font-family:Google Sans,Roboto,Arial,sans-serif;line-height:28px;font-size:22px;letter-spacing:0;font-weight:400;color:light-dark(#3c4043,#e8eaed);flex:1;margin:0}dialog.zlDrU-basic-dialog-element .unARub-basic-dialog-element--content{display:flex;font-family:Roboto,Arial,sans-serif;font-size:13px;justify-content:center;padding:0 16px 16px;overflow:auto}\n`;var bka={"close.svg":"data:image/svg+xml,%3Csvg%20xmlns%3D%22http%3A//www.w3.org/2000/svg%22%20viewBox%3D%220%200%2024%2024%22%3E%3Cpath%20d%3D%22M19%206.41%2017.59%205%2012%2010.59%206.41%205%205%206.41%2010.59%2012%205%2017.59%206.41%2019%2012%2013.41%2017.59%2019%2019%2017.59%2013.41%2012z%22/%3E%3Cpath%20fill%3D%22none%22%20d%3D%22M0%200h24v24H0z%22/%3E%3C/svg%3E"};var cka=(0,_.Zi)`.gm-ui-hover-effect{opacity:.6}.gm-ui-hover-effect:hover{opacity:1}.gm-ui-hover-effect\u003espan{background-color:light-dark(#000,#fff)}@media (forced-colors:active),(prefers-contrast:more){.gm-ui-hover-effect\u003espan{background-color:ButtonText}}sentinel{}\n`;var yt;_.vt=(a,{root:b=document.head,Lz:c}={})=>{c&&(a=a.replace(/(\W)left(\W)/g,"$1`$2").replace(/(\W)right(\W)/g,"$1left$2").replace(/(\W)`(\W)/g,"$1right$2"));c=_.Tca("STYLE");c.appendChild(document.createTextNode(a));(a=nba("style",document))&&c.setAttribute("nonce",a);b.insertBefore(c,b.firstChild);return c};_.wt=(a,b={})=>{a=_.Ui(a);_.vt(a,b)};_.xt=(a,b,c=!1)=>{b=b.getRootNode?b.getRootNode():document;b=b.head||b;var d=_.dka(b);d.has(a)||(d.add(a),_.wt(a,{root:b,Lz:c}))};yt=new WeakMap;
_.dka=a=>{yt.has(a)||yt.set(a,new WeakSet);return yt.get(a)};_.eka=RegExp("[\u0591-\u06ef\u06fa-\u08ff\u200f\ud802-\ud803\ud83a-\ud83b\ufb1d-\ufdff\ufe70-\ufefc]");_.fka=RegExp("[A-Za-z\u00c0-\u00d6\u00d8-\u00f6\u00f8-\u02b8\u0300-\u0590\u0900-\u1fff\u200e\u2c00-\ud801\ud804-\ud839\ud83c-\udbff\uf900-\ufb1c\ufe00-\ufe6f\ufefd-\uffff]");_.gka=RegExp("^[^A-Za-z\u00c0-\u00d6\u00d8-\u00f6\u00f8-\u02b8\u0300-\u0590\u0900-\u1fff\u200e\u2c00-\ud801\ud804-\ud839\ud83c-\udbff\uf900-\ufb1c\ufe00-\ufe6f\ufefd-\uffff]*[\u0591-\u06ef\u06fa-\u08ff\u200f\ud802-\ud803\ud83a-\ud83b\ufb1d-\ufdff\ufe70-\ufefc]");
_.hka=RegExp("[A-Za-z\u00c0-\u00d6\u00d8-\u00f6\u00f8-\u02b8\u0300-\u0590\u0900-\u1fff\u200e\u2c00-\ud801\ud804-\ud839\ud83c-\udbff\uf900-\ufb1c\ufe00-\ufe6f\ufefd-\uffff][^\u0591-\u06ef\u06fa-\u08ff\u200f\ud802-\ud803\ud83a-\ud83b\ufb1d-\ufdff\ufe70-\ufefc]*$");_.kka=RegExp("[\u0591-\u06ef\u06fa-\u08ff\u200f\ud802-\ud803\ud83a-\ud83b\ufb1d-\ufdff\ufe70-\ufefc][^A-Za-z\u00c0-\u00d6\u00d8-\u00f6\u00f8-\u02b8\u0300-\u0590\u0900-\u1fff\u200e\u2c00-\ud801\ud804-\ud839\ud83c-\udbff\uf900-\ufb1c\ufe00-\ufe6f\ufefd-\uffff]*$");var lka,mka,nka;lka=new _.En(12,12);mka=new _.In(13,13);nka=new _.En(0,0);
_.tq=class extends _.kt{constructor(a){var b=pm("CloseButtonView","element",()=>_.hm(_.$l(HTMLButtonElement,"HTMLButtonElement"))(a.element)||_.qq(a.label||"Close"));a={...a,element:b};super(a);this.Ss=a.Ss||lka;this.Cu=a.Cu||mka;this.label=a.label||"Close";this.ownerElement=a.ownerElement;this.uF=a.uF||!1;this.offset=a.offset||nka;a.uF||(this.element.style.position="absolute",this.element.style.top=_.Ll(this.offset.y),this.element.style.right=_.Ll(this.offset.x));b=new _.In(this.Cu.width+2*this.Ss.x,
this.Cu.height+2*this.Ss.y);_.up(this.element,b);_.xt(cka,this.ownerElement);this.element.classList.add("gm-ui-hover-effect");b=document.createElement("span");b.style.setProperty("mask-image",`url("${bka["close.svg"]}")`);b.style.pointerEvents="none";b.style.display="block";_.up(b,this.Cu);b.style.margin=`${this.Ss.y}px ${this.Ss.x}px`;this.element.appendChild(b);this.yi(a,_.tq,"CloseButtonView")}};var oga=new Set;oga.add("gm-style-iw-a");_.wq=class extends HTMLElement{constructor(a){super();this.options=a;this.sh=!1;this.aj=document.createElement("dialog");this.rh=document.createElement("header");this.qh=new ut;this.aj.addEventListener("close",()=>{this.dispatchEvent(new Event("close"));this.qh.remove()});this.aj.addEventListener("click",b=>{if(b.target===this.aj){let c=this.aj.getBoundingClientRect();c.top<=b.clientY&&b.clientY<=c.bottom&&c.left<=b.clientX&&b.clientX<=c.right||this.close()}});this.qh.addEventListener("click",()=>
{this.dispatchEvent(new Event("gmp-internal-back",{bubbles:!0,composed:!0}));this.qh.remove()});this.addEventListener("gmp-internal-next",b=>{b.stopPropagation();pga(this)})}connectedCallback(){if(!this.sh){this.aj.ariaLabel=this.options.title;this.aj.append(qga(this));var a=this.aj,b=a.append;let c=document.createElement("div");_.sq(c,"basic-dialog-element--content");c.appendChild(this.options.content);b.call(a,c);this.append(this.aj);_.sq(this.aj,"basic-dialog-element");_.xt(aka,this);this.sh=!0}}close(){this.aj.close()}};
_.Zn("gmp-internal-dialog",_.wq);var oka=_.zs([".disclosure-container{font-size:16px}.slot-container{-webkit-box-flex:1;-webkit-flex:1;-moz-box-flex:1;-ms-flex:1;flex:1;gap:var(--gmp-mat-spacing-medium,12px)}.content,.slot-container{display:-webkit-box;display:-webkit-flex;display:-moz-box;display:-ms-flexbox;display:flex;-webkit-box-orient:vertical;-webkit-box-direction:normal;-webkit-flex-direction:column;-moz-box-orient:vertical;-moz-box-direction:normal;-ms-flex-direction:column;flex-direction:column}.content{color:var(--gmp-mat-color-on-surface,light-dark(#1f1f1f,#e3e3e3))}.content .description{font:var(--gmp-mat-font-body-medium,normal 400 .875em/1.4285714286 var(--gmp-mat-font-family,Google Sans Text,sans-serif));letter-spacing:.0071428571em;margin-top:var(--gmp-mat-spacing-small,8px)}.content .heading{display:-webkit-box;display:-webkit-flex;display:-moz-box;display:-ms-flexbox;display:flex;font:var(--gmp-mat-font-headline-medium,normal 500 1.125em/1.3333333333 var(--gmp-mat-font-family,Google Sans Text,sans-serif));letter-spacing:0;-webkit-box-align:center;-webkit-align-items:center;-moz-box-align:center;-ms-flex-align:center;align-items:center}.content .heading span{-webkit-box-flex:1;-webkit-flex:1;-moz-box-flex:1;-ms-flex:1;flex:1}.content .heading:dir(rtl) svg{-webkit-transform:scaleX(-1);transform:scaleX(-1)}.content .heading svg path{fill:var(--gmp-mat-color-on-surface,light-dark(#1f1f1f,#e3e3e3))}.content .link-item{font:var(--gmp-mat-font-label-large,normal 500 .875em/1.4285714286 var(--gmp-mat-font-family,Google Sans Text,sans-serif));letter-spacing:.0071428571em;padding:var(--gmp-mat-spacing-extra-small,4px) 0;width:-webkit-fit-content;width:-moz-fit-content;width:fit-content}.content .link-item a{-webkit-box-align:center;-webkit-align-items:center;-moz-box-align:center;-ms-flex-align:center;align-items:center;color:var(--gmp-mat-color-primary,light-dark(#007b8b,#58b9ca));display:-webkit-box;display:-webkit-flex;display:-moz-box;display:-ms-flexbox;display:flex;gap:var(--gmp-mat-spacing-extra-small,4px);padding-block:10px;padding-inline:0 12px;text-decoration:none}.content .link-item a .icon-container{height:1em;width:1em}.content .link-item a .icon-container svg path{fill:var(--gmp-mat-color-primary,light-dark(#007b8b,#58b9ca))}.content .links{display:-webkit-box;display:-webkit-flex;display:-moz-box;display:-ms-flexbox;display:flex;gap:var(--gmp-mat-spacing-small,8px)}.content.no-links{margin-bottom:var(--gmp-mat-spacing-small,8px)}"]);var zt=a=>(...b)=>({_$litDirective$:a,values:b}),At=class{get sr(){return this.qh.sr}lL(a,b,c){this.wh=a;this.qh=b;this.th=c}mL(a,b){return this.update(a,b)}update(a,b){return this.ti(...b)}};/*

 Copyright 2018 Google LLC
 SPDX-License-Identifier: BSD-3-Clause
*/
_.zq=zt(class extends At{constructor(a){super();if(a.type!==1||a.name!=="class"||a.xl?.length>2)throw Error("`classMap()` can only be used in the `class` attribute and must be the only part in the attribute.");}ti(a){return" "+Object.keys(a).filter(b=>a[b]).join(" ")+" "}update(a,[b]){if(this.rh===void 0){this.rh=new Set;a.xl!==void 0&&(this.sh=new Set(a.xl.join(" ").split(/\s/).filter(d=>d!=="")));for(let d in b)b[d]&&!this.sh?.has(d)&&this.rh.add(d);return this.ti(b)}a=a.element.classList;for(var c of this.rh)c in
b||(a.remove(c),this.rh.delete(c));for(let d in b)c=!!b[d],c===this.rh.has(d)||this.sh?.has(d)||(c?(a.add(d),this.rh.add(d)):(a.remove(d),this.rh.delete(d)));return vo}});_.Bt=class extends _.Gs{ti(){return(0,_.P)`
      <div class="disclosure-container" id="note" role="note">
        <div class="slot-container">
          <slot></slot>
        </div>
      </div>
    `}};_.Bt.styles=oka;_.C([_.Up({Kh:!1}),_.E("design:type",String)],_.Bt.prototype,"heading",void 0);_.C([_.Up({Kh:!1}),_.E("design:type",String)],_.Bt.prototype,"description",void 0);_.C([_.Up({Kh:!1}),_.E("design:type",String)],_.Bt.prototype,"href",void 0);_.Ct=class extends _.Gs{constructor(){super(...arguments);this.links=[];this.showAccessoryIcon=!1}ti(){var a=rga(this),b=(0,_.zq)({content:!0,"no-links":!a});return(0,_.P)`
      <div class=${b}>
        ${this.heading?(0,_.P)` <div class="heading">
              <span>${this.heading}</span>
              ${this.showAccessoryIcon?(0,_.P)`${(0,_.P)`<svg width="24" height="24" fill="currentColor" viewBox="0 -960 960 960"><path d="M400-280v-400l200 200z"/></svg>`}`:""}
            </div>`:""}
        ${this.description?(0,_.P)`<div class="description"
              ><span>${this.description}</span></div
            >`:""}
        ${a?(0,_.P)`<div class="links">${a}</div>`:""}
        <slot></slot>
      </div>
    `}};_.Ct.styles=oka;_.C([_.Up({Kh:!1}),_.E("design:type",String)],_.Ct.prototype,"heading",void 0);_.C([_.Up({Kh:!1}),_.E("design:type",String)],_.Ct.prototype,"description",void 0);_.C([_.Up({Kh:!1}),_.E("design:type",Array)],_.Ct.prototype,"links",void 0);_.C([_.Up({Kh:!1}),_.E("design:type",Object)],_.Ct.prototype,"showAccessoryIcon",void 0);_.Zn("gmp-internal-disclosure",_.Bt);_.Zn("gmp-internal-disclosure-section",_.Ct);_.pka=(0,_.P)`
  <gmp-internal-disclosure-section
    .heading=${"Google Maps Terms"}
    .links=${[{text:"Terms",href:"https://www.google.com/help/terms_maps/"},{text:"Privacy",href:"https://policies.google.com/privacy"}]}>
  </gmp-internal-disclosure-section>
`;_.Dt=zt(class extends At{constructor(a){super();if(a.type!==1||a.name!=="style"||a.xl?.length>2)throw Error("The `styleMap` directive must be used in the `style` attribute and must be the only part in the attribute.");}ti(a){return Object.keys(a).reduce((b,c)=>{var d=a[c];if(d==null)return b;c=c.includes("-")?c:c.replace(/(?:^(webkit|moz|ms|o)|)(?=[A-Z])/g,"-$&").toLowerCase();return b+`${c}:${d};`},"")}update(a,[b]){a=a.element.style;this.rh===void 0&&(this.rh=new Set);for(var c of this.rh)b[c]==
null&&(this.rh.delete(c),c.includes("-")?a.removeProperty(c):a[c]=null);for(let d in b)if(c=b[d],c!=null){this.rh.add(d);let e=typeof c==="string"&&c.endsWith(" !important");d.includes("-")||e?a.setProperty(d,e?c.slice(0,-11):c,e?"important":""):a[d]=c}return vo}});_.Et=class extends _.Gs{constructor(){super();this.attributionType="LOGO";this.infoButtonTapAreaExpanded=!1;this.logoColorOptions={Ly:"#5e5e5e",Nx:"#fff"};this.showTermsOfService=this.showInfoButton=!0;this.disclosureContent=[];this.attributionText="Google Maps";this.attributionFont="BODY_SMALL";this.moreInfoButtonTitle="About Google Maps content";this.logoLinkOptions=void 0;this.rh=new _.Bt;this.qh=sga(this);_.dl("util").then(a=>{a.qs()})}Bk(a){if(a.has("showTermsOfService")||a.has("disclosureContent"))a=
[...this.disclosureContent],this.showTermsOfService&&a.push(_.pka),_.ws((0,_.P)`${a}`,this.rh)}ti(){var a=this.logoColorOptions.Ly||"#5e5e5e",b=this.logoColorOptions.Nx||"#fff",c=xq(a),d=xq(b),e=this.attributionText!=="Google Maps"?{}:{"--gmp-internal-attribution-color":`light-dark(${this.logoColorOptions.Ly||"#5e5e5e"}, ${this.logoColorOptions.Nx||"#fff"})`};switch(this.attributionType){case "LOGO":a=Yja({className:"attribution__logo--default",fill:`light-dark(${a}, ${b})`});break;case "LOGO_OUTLINE":a=
Zja({className:"attribution__logo--outline",fill:`light-dark(${a}, ${b})`,outline:`light-dark(${c}, ${d})`});break;default:a=(0,_.P)` <span
          translate="no"
          class="${(0,_.zq)({"attribution-text":!0,"font--body-small":this.attributionFont==="BODY_SMALL","font--body-medium":this.attributionFont==="BODY_MEDIUM"})}"
          style="color: light-dark(${a}, ${b})"
          >${this.attributionText}</span
        >`}this.logoLinkOptions&&(a=(0,_.P)` <a
        aria-label="${_.pq(this.logoLinkOptions.title)}"
        href="${this.logoLinkOptions.url.href}"
        rel="noopener"
        target="_blank"
        title="${_.pq(this.logoLinkOptions.title)}">
        ${a}
      </a>`);b=uga(this,this.qh);return(0,_.P)`<div class="container" style=${(0,_.Dt)(e)}>
        ${a}${b} </div
      >${this.qh}`}};_.Et.styles=$ja;_.C([_.Up({Kh:!1}),_.E("design:type",String)],_.Et.prototype,"attributionType",void 0);_.C([_.Up({Kh:!1}),_.E("design:type",Object)],_.Et.prototype,"infoButtonTapAreaExpanded",void 0);_.C([_.Up({Kh:!1}),_.E("design:type",Object)],_.Et.prototype,"logoColorOptions",void 0);_.C([_.Up({Kh:!1}),_.E("design:type",Object)],_.Et.prototype,"showInfoButton",void 0);_.C([_.Up({Kh:!1}),_.E("design:type",Object)],_.Et.prototype,"showTermsOfService",void 0);
_.C([_.Up({Kh:!1}),_.E("design:type",Array)],_.Et.prototype,"disclosureContent",void 0);_.C([_.Up({Kh:!1}),_.E("design:type",Object)],_.Et.prototype,"attributionText",void 0);_.C([_.Up({Kh:!1}),_.E("design:type",Object)],_.Et.prototype,"attributionFont",void 0);_.C([_.Up({Kh:!1}),_.E("design:type",String)],_.Et.prototype,"moreInfoButtonTitle",void 0);_.C([_.Up({Kh:!1}),_.E("design:type",Object)],_.Et.prototype,"logoLinkOptions",void 0);_.Zn("gmp-internal-attribution",_.Et);var qka=class{constructor(a={}){this.headers={["X-Goog-Api-Key"]:_.fl?.th()||"",["Content-Type"]:"application/json+protobuf",["X-Goog-Maps-Channel-Id"]:_.fl?.zh()||"",...a}}};var rka=class extends qka{constructor(){super({})}intercept(a,b){zga(this,a);return b(a)}};_.Ft=class extends qka{constructor(a={}){super(a)}async intercept(a,b){zga(this,a);await Bga(a);return b(a)}};_.Gt=class{constructor(){this.qh=new (this.th())(this.sh(),null,{withCredentials:!1,GF:_.Rl("gInternalNoCorsPreflightForTesting")==="true",QF:this.rh(),EF:this.wh()})}rh(){return[new _.Ft]}wh(){return[new rka]}};_.Ht=new Map;_.It=new Map;_.Jt=document.createElement("canvas");/*

 Copyright 2020 Google LLC
 SPDX-License-Identifier: BSD-3-Clause
*/
var ska={};_.tka=zt(class extends At{constructor(){super(...arguments);this.key=_.rs}ti(a,b){this.key=a;return b}update(a,[b,c]){b!==this.key&&(a.kk=ska,this.key=b);return c}});Symbol.for("");var ega=arguments[0],Oga=new _.hk;_.Xa.google.maps.Load&&_.Xa.google.maps.Load(Nga);}).call(this,{});

</script>
<script id="trx_addons-sc_googlemap-js" defer="defer">/**
 * Shortcode Google map
 *
 * @package ThemeREX Addons
 * @since v1.2
 */

/* global jQuery, TRX_ADDONS_STORAGE */

(function() {

	"use strict";

	var googlemap = {
		'inited': false,
		'init_attempts': 0,
		'count': 0,
		'geocoder': null,
		'maps': []
	};
	var timer = null;
	
	jQuery(document).on( 'action.init_hidden_elements', function(e, container) {
		if (container === undefined) container = jQuery('body');
		var gmap = container.find('.sc_googlemap:not(.inited)');
		if (gmap.length > 0) {
			if (timer !== null) clearTimeout(timer);
			// Init Google map after all other elements (i.e. slider)
			timer = setTimeout(function() {
					trx_addons_sc_googlemap_init(e, container);
					}, gmap.parents('.elementor-element-editable,.gutenberg__editor').length > 0 ? 500 : 0);
		}
	});
	
	function trx_addons_sc_googlemap_init(e, container) {

		if (typeof google === 'undefined' || typeof google.maps === 'undefined') {
			if (timer !== null) clearTimeout(timer);
			googlemap.init_attempts++;
			if ( googlemap.init_attempts < 100 ) {
				timer = setTimeout(function() {
					trx_addons_sc_googlemap_init(e, container);
				}, 100);
			}
			return;
		} else if ( typeof window.trx_addons_sc_googlemap_overlay == 'undefined' ) {
			// Custom HTML marker - use map overlay
			window.trx_addons_sc_googlemap_overlay = function(latlng, html, map) {
				// Now initialize all properties.
				this.latlng_ = latlng;
				this.html_ = html;
				this.map_ = map;

				// Define a property to hold the layer's div. We'll
				// actually create this div upon receipt of the onAdd()
				// method so we'll leave it null for now.
				this.div_ = null;

				// Explicitly call setMap on this overlay
				this.setMap(map);
			};

			trx_addons_sc_googlemap_overlay.prototype = new google.maps.OverlayView();

			// onAdd is called when the map's panes are ready and the overlay has been added to the map.
			trx_addons_sc_googlemap_overlay.prototype.onAdd = function() {
				var div = document.createElement('div');
				div.innerHTML = this.html_;

				this.div_ = div.childNodes[0];

				// Add the element to the "overlayImage" pane.
				var panes = this.getPanes();
				panes.markerLayer.appendChild(this.div_);
			};

			trx_addons_sc_googlemap_overlay.prototype.draw = function() {

				// We use the south-west and north-east
				// coordinates of the overlay to peg it to the correct position and size.
				// To do this, we need to retrieve the projection from the overlay.
				var overlayProjection = this.getProjection();

				// Retrieve the south-west and north-east coordinates of this overlay
				// in LatLngs and convert them to pixel coordinates.
				// We'll use these coordinates to resize the div.
				var coords = overlayProjection.fromLatLngToDivPixel(this.latlng_);

				// Resize the image's div to fit the indicated dimensions.
				var div = this.div_;
				div.style.left = ( coords.x - div.clientWidth / 2 ) + 'px';
				div.style.top  = ( coords.y - div.clientHeight / 2 ) + 'px';
			};

			trx_addons_sc_googlemap_overlay.prototype.onRemove = function() {
				this.div_.parentNode.removeChild(this.div_);
			};

		}

		if (container === undefined) container = jQuery('body');
		
		var gmap = container.find('.sc_googlemap:not(.inited)');
		if (gmap.length > 0) {
			gmap.each(function () {
				if (jQuery(this).parents('div:hidden,article:hidden').length > 0) return;
				var map 		= jQuery(this).addClass('inited'),
					map_id		= map.data('map-id'),
					map_zoom	= map.data('zoom'),
					map_style	= map.data('style'),
					map_center  = map.data('center'),
					map_editable= map.data('editable')=='1',
					map_cluster_icon = map.data('cluster-icon'),
					map_markers = [];
				map.find('.sc_googlemap_marker').each(function() {
					var marker = jQuery(this),
						address = marker.data('address');
					if ( !address ) return;
					var latlng = address.split(',').map(parseFloat);
					map_markers.push({
						html:			marker.data('html'), 
						url:			marker.data('url'), 
						icon:			marker.data('icon'),
						icon_retina:	marker.data('icon_retina'),
						icon_width:		marker.data('icon_width'),
						icon_height:	marker.data('icon_height'),
						address:		latlng.length == 2 && !isNaN(latlng[0]) && !isNaN(latlng[1]) ? '' : address,
						latlng:			latlng.length != 2 || isNaN(latlng[0]) || isNaN(latlng[1]) ? '' : latlng,
						description:	marker.data('description'),
						title:			marker.data('title'),
						animation:		marker.data('animation') == 'drop'
											? google.maps.Animation.DROP
											: (marker.data('animation') == 'bounce'
												? google.maps.Animation.BOUNCE
												: false
												)
					});
				});
				trx_addons_sc_googlemap_create( map, {
					map_id: map_id ? map_id : '',
					style: map_style,
					zoom: map_zoom,
					center: map_center,
					editable: map_editable,
					cluster_icon: map_cluster_icon,
					markers: map_markers
					}
				);
			});
		}
	}
	
	
	function trx_addons_sc_googlemap_create(map, coords) {
		if (!googlemap.inited) trx_addons_sc_googlemap_init_styles();
//		try {
			var id = map.attr('id');
			googlemap.count++;
			// Change id if already exists on this page
			if (typeof googlemap.maps[id] !== 'undefined') {
				id += '_copy' + googlemap.count;
				map.attr('id', id);
			}
			var center = null;
			if (coords.center) {
				center = (''+coords.center).split(',').map(parseFloat);
				center = center.length == 2 ? new google.maps.LatLng(center[0], center[1]) : null;
			}
			googlemap.maps[id] = {
				dom: map.get(0),
				markers_inited: 0,
				markers_overlay_present: false,
				markers: coords.markers,
				geocoder_request: false,
				clusterer: null,
				clusterIcon: coords.cluster_icon,
				editable: coords.editable,
				fit_to_bounds: false,
				bounds: [ [-999, -999], [-999, -999] ],
				opt: {
					mapId: coords.map_id ? coords.map_id : id,
					center: center,
					scrollwheel: false,
					scaleControl: false,
					disableDefaultUI: false,
					zoom: coords.zoom
							? parseInt(coords.zoom, 10) 
							: ( coords.markers.length == 1 && center === null ? 16 : 0 ),
					zoomControl: true,
					panControl: true,
					mapTypeControl: false,
					streetViewControl: false,
					overviewMapControl: false,
					styles: TRX_ADDONS_STORAGE['googlemap_styles'][coords.style ? coords.style : 'default'],
					mapTypeId: google.maps.MapTypeId.ROADMAP
				}
			};
			trx_addons_sc_googlemap_build(id);
//		} catch (e) {
//			console.log(TRX_ADDONS_STORAGE['msg_sc_googlemap_not_avail']);
//		};
	}
	
	function trx_addons_sc_googlemap_refresh() {
		for (var id in googlemap.maps) {
			trx_addons_sc_googlemap_build(id);
		}
	}

	// Add resize listener
	jQuery(document).on('action.resize_trx_addons', function() {
		for (var id in googlemap.maps) {
			if (   googlemap.maps[id].map
				&& jQuery('#'+id).parent().hasClass('ready')
				&& googlemap.maps[id].window_width != jQuery( window ).width()
			) {
				if ( googlemap.maps[id].opt['center']) {
					googlemap.maps[id].map.setCenter(googlemap.maps[id].opt['center'] );
				}
				if ( googlemap.maps[id].markers_inited == googlemap.maps[id].markers.length && googlemap.maps[id].fit_to_bounds ) {
					googlemap.maps[id].map.fitBounds(googlemap.maps[id].bounds);
					googlemap.maps[id].map.panToBounds(googlemap.maps[id].bounds);
				}
			}
		}
	});

	function trx_addons_sc_googlemap_build(id) {
		// Save window width
		googlemap.maps[id].window_width = jQuery( window ).width();

		// Create map
		googlemap.maps[id].map = new google.maps.Map(googlemap.maps[id].dom, googlemap.maps[id].opt);

		// Prepare maps bounds
		googlemap.maps[id].fit_to_bounds = googlemap.maps[id].opt['zoom'] < 1 && (googlemap.maps[id].opt['center'] || googlemap.maps[id].markers.length > 1);
		googlemap.maps[id].bounds = new google.maps.LatLngBounds();
		if ( googlemap.maps[id].opt['center'] ) {
			googlemap.maps[id].bounds.extend(googlemap.maps[id].opt['center']);
		}

		// Set zoom
		if ( googlemap.maps[id].opt['zoom'] > 0 ) {
			googlemap.maps[id].map.setZoom(googlemap.maps[id].opt['zoom']);
		}
			
		// Add markers
		for (var i=0; i < googlemap.maps[id].markers.length; i++) {
			googlemap.maps[id].markers[i].inited = false;
		}
		trx_addons_sc_googlemap_add_markers(id);
	}
	
	function trx_addons_sc_googlemap_add_markers(id) {
		
		for (var i=0; i < googlemap.maps[id].markers.length; i++) {
			
			if (googlemap.maps[id].markers[i].inited) {
				continue;
			}
			
			var geocache = false,
				address = googlemap.maps[id].markers[i].address,
				tm = (new Date).getTime();

			// First try get latlng from cache with previous geocoding data
			if ( ! googlemap.maps[id].markers[i].latlng ) {
				geocache = trx_addons_get_storage('trx_addons_geocache_googlemap');
				if ( geocache && geocache.charAt(0) == '{' ) {
					geocache = JSON.parse(geocache);
				} else {
					geocache = {};
				}
				if ( typeof geocache[address] == 'object' ) {
					if ( geocache[address].expired < tm ) {
						googlemap.maps[id].markers[i].latlng = geocache[address].latlng;
					} else {
						delete geocache[address];
					}
				}
			}

			// Start geocoding (get lat,lng from the address)
			if ( ! googlemap.maps[id].markers[i].latlng ) {
				
				if (googlemap.maps[id].geocoder_request!==false) continue;
				
				if (!googlemap.geocoder) googlemap.geocoder = new google.maps.Geocoder();
				
				if ( ! address ) {
					googlemap.maps[id].markers[i].inited = true;
					continue;
				}

				googlemap.maps[id].geocoder_request = i;
				
				googlemap.geocoder.geocode({address: googlemap.maps[id].markers[i].address}, function(results, status) {
					if (status == google.maps.GeocoderStatus.OK) {
						try {
							var idx = googlemap.maps[id].geocoder_request;
							if (results[0].geometry.location.lat && results[0].geometry.location.lng) {
								googlemap.maps[id].markers[idx].latlng = [ results[0].geometry.location.lat(), results[0].geometry.location.lng() ];
							} else {
								googlemap.maps[id].markers[idx].latlng = results[0].geometry.location.toString().replace(/\(\)/g, '').split(',').map(parseFloat);
							}
							// Put geocoding result to the cache
							geocache[ googlemap.maps[id].markers[idx].address ] = {
								latlng: googlemap.maps[id].markers[idx].latlng,
								expired: (new Date()).getTime() + 24 * 60 * 60
							};
							trx_addons_set_storage('trx_addons_geocache_googlemap', JSON.stringify(geocache));
							// Resume adding markers
							setTimeout(function() { 
								trx_addons_sc_googlemap_add_markers(id); 
								}, 200);
						} catch(e) {
							// Do nothing
						}
					} else {
						console.log(TRX_ADDONS_STORAGE['msg_sc_googlemap_geocoder_error'] + ' ' + status);
					}
					// Release Geocoder
					googlemap.maps[id].geocoder_request = false;
				});
			
			} else {
				
				// Prepare marker object
				var newMarkerAPI = typeof google.maps.marker != 'undefined' && typeof google.maps.marker.AdvancedMarkerElement != 'undefined';
				var markerInit = {
					map: googlemap.maps[id].map,
					position: new google.maps.LatLng(googlemap.maps[id].markers[i].latlng[0], googlemap.maps[id].markers[i].latlng[1]),
				};
				if ( newMarkerAPI ) {
					markerInit.gmpClickable = googlemap.maps[id].markers[i].description !== '';
				} else {
					markerInit.clickable = googlemap.maps[id].markers[i].description !== '';
				}

				if ( googlemap.maps[id].markers[i].html && ! newMarkerAPI ) {
					googlemap.maps[id].markers_overlay_present = true;
					googlemap.maps[id].markers[i].marker = new trx_addons_sc_googlemap_overlay(
						markerInit.position,
						googlemap.maps[id].markers[i].html,
						googlemap.maps[id].map
					);
				} else {
					if ( googlemap.maps[id].markers[i].html ) {
						if ( newMarkerAPI ) {
							var markerHtml = document.createElement('div');
							markerHtml.innerHTML = googlemap.maps[id].markers[i].html;
							markerInit.content = markerHtml;
						}
					} else  if (googlemap.maps[id].markers[i].icon) {
						if ( newMarkerAPI ) {
							var markerImg = document.createElement('img');
							markerImg.src = googlemap.maps[id].markers[i].icon;
							if ( googlemap.maps[id].markers[i].icon_width > 0 && googlemap.maps[id].markers[i].icon_height > 0 ) {
								markerImg.width = googlemap.maps[id].markers[i].icon_width;
								markerImg.height = googlemap.maps[id].markers[i].icon_height;
							}
							markerInit.content = markerImg;
						} else {
							markerInit.icon = googlemap.maps[id].markers[i].icon_width > 0 && googlemap.maps[id].markers[i].icon_height > 0
												? new google.maps.MarkerImage(googlemap.maps[id].markers[i].icon, null, null, null, new google.maps.Size(googlemap.maps[id].markers[i].icon_width, googlemap.maps[id].markers[i].icon_height))
												: googlemap.maps[id].markers[i].icon;
						}
					}
					if (googlemap.maps[id].markers[i].title) {
						markerInit.title = googlemap.maps[id].markers[i].title;
					}
					if (googlemap.maps[id].markers[i].animation && ! newMarkerAPI) {
						markerInit.animation = googlemap.maps[id].markers[i].animation;
					}
					googlemap.maps[id].markers[i].marker = newMarkerAPI
															? new google.maps.marker.AdvancedMarkerElement(markerInit)
															: new google.maps.Marker(markerInit);
				}

				// Set Map center
				if (googlemap.maps[id].opt['center'] === null 
						&& (googlemap.maps[id].markers.length == 1 || googlemap.maps[id].opt['zoom'] > 0)
				) {
					googlemap.maps[id].opt['center'] = markerInit.position;
					googlemap.maps[id].map.setCenter(googlemap.maps[id].opt['center']);				
				}
				
				// Add description window
				if (googlemap.maps[id].markers[i].description !== '') {
					// Create info window for the marker
					googlemap.maps[id].markers[i].infowindow = new google.maps.InfoWindow({
						content: '<div class="sc_googlemap_info_window">' + googlemap.maps[id].markers[i].description + '</div>'
					});
					// Open info window on click on the marker
					google.maps.event.addListener(googlemap.maps[id].markers[i].marker, "click", function(e) {
						var latlng = e.latLng.toString().replace("(", '').replace(")", "").replace(" ", "").split(',').map(parseFloat);
						for (var j=0; j < googlemap.maps[id].markers.length; j++) {
							if (trx_addons_googlemap_compare_latlng(latlng, googlemap.maps[id].markers[j].latlng)) {
								googlemap.maps[id].opened_marker = googlemap.maps[id].markers[j];
								// Zoom map and center to the marker
								googlemap.maps[id].old_zoom = googlemap.maps[id].map.getZoom();
								googlemap.maps[id].map.setZoom(Math.max(16, googlemap.maps[id].old_zoom + 2));
								googlemap.maps[id].old_center = googlemap.maps[id].map.getCenter();
								var center = googlemap.maps[id].markers[j].latlng;
								googlemap.maps[id].map.setCenter(new google.maps.LatLng(center[0], center[1]));
								// Stop animation
								if (googlemap.maps[id].markers[j].animation) {
									googlemap.maps[id].markers[j].marker.setAnimation(null);
								}
								// Open info window
								googlemap.maps[id].markers[j].infowindow.open(
									googlemap.maps[id].map,
									googlemap.maps[id].markers[j].marker
								);
								break;
							}
						}
					});
					// Resume animation and restore zoom after the info window is closed
					google.maps.event.addListener(googlemap.maps[id].markers[i].infowindow, 'closeclick', function(){
						// Restore default zoom
						googlemap.maps[id].map.setZoom(googlemap.maps[id].old_zoom);
						googlemap.maps[id].map.setCenter(googlemap.maps[id].old_center);
						// Resume animation
						if (googlemap.maps[id].opened_marker.animation) {
							googlemap.maps[id].opened_marker.marker.setAnimation(googlemap.maps[id].opened_marker.animation);
						}
					});
				}

				// Add click handler if URL is present
				if ( googlemap.maps[id].markers[i].url ) {
					// Open new window/tab on click on the marker
					googlemap.maps[id].markers[i].marker.url_ = googlemap.maps[id].markers[i].url;
					google.maps.event.addListener(googlemap.maps[id].markers[i].marker, "click", function(e) {
						window.open( this.url_, '_blank' );
					});
				}

				googlemap.maps[id].markers[i].inited = true;
				googlemap.maps[id].markers_inited++;

				googlemap.maps[id].bounds.extend(markerInit.position);
			}
		}
		
		// If all markers inited
		if ( googlemap.maps[id].markers_inited == googlemap.maps[id].markers.length ) {
			// Make Clusterer if more than one marker present and no overlay markers present and no newMarkerAPI used
			if ( googlemap.maps[id].markers_inited > 1 && ! googlemap.maps[id].markers_overlay_present && ! newMarkerAPI ) {
				// Get all markers
				var markers = [];
				for (i = 0; i < googlemap.maps[id].markers.length; i++) {
					markers.push(googlemap.maps[id].markers[i].marker);
				}
				// Make Clusterer
				var clustererInit = {
					maxZoom: 18,
					gridSize: 60,
					styles: [
						{
						url: googlemap.maps[id].clusterIcon,
						width: 48,
						height: 48,
						textColor: "#fff"
						}
					]
				};
				if ( newMarkerAPI ) {
					clustererInit.gmpDraggable = false;
				}
				googlemap.maps[id].clusterer = new MarkerClusterer( googlemap.maps[id].map, markers, clustererInit );
			}
			// Fit Bounds
			if (googlemap.maps[id].opt['zoom'] < 1 || googlemap.maps[id].fit_to_bounds) {
				googlemap.maps[id].map.fitBounds(googlemap.maps[id].bounds);
				googlemap.maps[id].map.panToBounds(googlemap.maps[id].bounds);
			}
			// Do theme-specific actions on map is inited
			jQuery(document).trigger( 'action.googlemap_inited', id, googlemap.maps[id] );
			// Display map
			setTimeout(function() {
				jQuery('#'+id).parent().addClass('ready');
				// Do theme-specific actions on map is showed
				jQuery(document).trigger( 'action.googlemap_show', id, googlemap.maps[id] );
			}, 100);
		}
	}
	
	// Compare two latlng strings
	function trx_addons_googlemap_compare_latlng(l1, l2) {
		var m0 = Math.min( (''+l1[0]).length, (''+l2[0]).length);
		l1[0] = Number(l1[0]).toFixed(m0);
		l2[0] = Number(l2[0]).toFixed(m0);
		var m1 = Math.min( (''+l1[1]).length, (''+l2[1]).length);
		l1[1] = Number(l1[1]).toFixed(m1);
		l2[1] = Number(l2[1]).toFixed(m1);
		return l1[0]==l2[0] && l1[1]==l2[1];
	}
	
	
	// Add styles for Google map
	function trx_addons_sc_googlemap_init_styles() {
		TRX_ADDONS_STORAGE['googlemap_styles'] = {
			'default': [],
			'greyscale': [
				{ "stylers": [
					{ "saturation": -100 }
					]
				}
			],
			'inverse': [
				{ "stylers": [
					{ "invert_lightness": true },
					{ "visibility": "on" }
					]
				}
			],
			'simple': [
				{ stylers: [
					{ hue: "#00ffe6" },
					{ saturation: -20 }
					]
				},
				{ featureType: "road",
				  elementType: "geometry",
				  stylers: [
					{ lightness: 100 },
					{ visibility: "simplified" }
					]
				},
				{ featureType: "road",
				  elementType: "labels",
				  stylers: [
					{ visibility: "off" }
					]
				}
			]
		};
		jQuery(document).trigger('action.add_googlemap_styles');
		googlemap.inited = true;
	}

})();</script>
<script id="markerclusterer-js" defer="defer">/**
 * @name MarkerClustererPlus for Google Maps V3
 * @version 2.1.1 [November 4, 2013]
 * @author Gary Little
 * @fileoverview
 * The library creates and manages per-zoom-level clusters for large amounts of markers.
 * <p>
 * This is an enhanced V3 implementation of the
 * <a href="http://gmaps-utility-library-dev.googlecode.com/svn/tags/markerclusterer/"
 * >V2 MarkerClusterer</a> by Xiaoxi Wu. It is based on the
 * <a href="http://google-maps-utility-library-v3.googlecode.com/svn/tags/markerclusterer/"
 * >V3 MarkerClusterer</a> port by Luke Mahe. MarkerClustererPlus was created by Gary Little.
 * <p>
 * v2.0 release: MarkerClustererPlus v2.0 is backward compatible with MarkerClusterer v1.0. It
 *  adds support for the <code>ignoreHidden</code>, <code>title</code>, <code>batchSizeIE</code>,
 *  and <code>calculator</code> properties as well as support for four more events. It also allows
 *  greater control over the styling of the text that appears on the cluster marker. The
 *  documentation has been significantly improved and the overall code has been simplified and
 *  polished. Very large numbers of markers can now be managed without causing Javascript timeout
 *  errors on Internet Explorer. Note that the name of the <code>clusterclick</code> event has been
 *  deprecated. The new name is <code>click</code>, so please change your application code now.
 */

/**
 * Licensed under the Apache License, Version 2.0 (the "License");
 * you may not use this file except in compliance with the License.
 * You may obtain a copy of the License at
 *
 *     http://www.apache.org/licenses/LICENSE-2.0
 *
 * Unless required by applicable law or agreed to in writing, software
 * distributed under the License is distributed on an "AS IS" BASIS,
 * WITHOUT WARRANTIES OR CONDITIONS OF ANY KIND, either express or implied.
 * See the License for the specific language governing permissions and
 * limitations under the License.
 */


/**
 * @name ClusterIconStyle
 * @class This class represents the object for values in the <code>styles</code> array passed
 *  to the {@link MarkerClusterer} constructor. The element in this array that is used to
 *  style the cluster icon is determined by calling the <code>calculator</code> function.
 *
 * @property {string} url The URL of the cluster icon image file. Required.
 * @property {number} height The display height (in pixels) of the cluster icon. Required.
 * @property {number} width The display width (in pixels) of the cluster icon. Required.
 * @property {Array} [anchorText] The position (in pixels) from the center of the cluster icon to
 *  where the text label is to be centered and drawn. The format is <code>[yoffset, xoffset]</code>
 *  where <code>yoffset</code> increases as you go down from center and <code>xoffset</code>
 *  increases to the right of center. The default is <code>[0, 0]</code>.
 * @property {Array} [anchorIcon] The anchor position (in pixels) of the cluster icon. This is the
 *  spot on the cluster icon that is to be aligned with the cluster position. The format is
 *  <code>[yoffset, xoffset]</code> where <code>yoffset</code> increases as you go down and
 *  <code>xoffset</code> increases to the right of the top-left corner of the icon. The default
 *  anchor position is the center of the cluster icon.
 * @property {string} [textColor="black"] The color of the label text shown on the
 *  cluster icon.
 * @property {number} [textSize=11] The size (in pixels) of the label text shown on the
 *  cluster icon.
 * @property {string} [textDecoration="none"] The value of the CSS <code>text-decoration</code>
 *  property for the label text shown on the cluster icon.
 * @property {string} [fontWeight="bold"] The value of the CSS <code>font-weight</code>
 *  property for the label text shown on the cluster icon.
 * @property {string} [fontStyle="normal"] The value of the CSS <code>font-style</code>
 *  property for the label text shown on the cluster icon.
 * @property {string} [fontFamily="Arial,sans-serif"] The value of the CSS <code>font-family</code>
 *  property for the label text shown on the cluster icon.
 * @property {string} [backgroundPosition="0 0"] The position of the cluster icon image
 *  within the image defined by <code>url</code>. The format is <code>"xpos ypos"</code>
 *  (the same format as for the CSS <code>background-position</code> property). You must set
 *  this property appropriately when the image defined by <code>url</code> represents a sprite
 *  containing multiple images. Note that the position <i>must</i> be specified in px units.
 */
/**
 * @name ClusterIconInfo
 * @class This class is an object containing general information about a cluster icon. This is
 *  the object that a <code>calculator</code> function returns.
 *
 * @property {string} text The text of the label to be shown on the cluster icon.
 * @property {number} index The index plus 1 of the element in the <code>styles</code>
 *  array to be used to style the cluster icon.
 * @property {string} title The tooltip to display when the mouse moves over the cluster icon.
 *  If this value is <code>undefined</code> or <code>""</code>, <code>title</code> is set to the
 *  value of the <code>title</code> property passed to the MarkerClusterer.
 */
/**
 * A cluster icon.
 *
 * @constructor
 * @extends google.maps.OverlayView
 * @param {Cluster} cluster The cluster with which the icon is to be associated.
 * @param {Array} [styles] An array of {@link ClusterIconStyle} defining the cluster icons
 *  to use for various cluster sizes.
 * @private
 */
function ClusterIcon(a,b){a.getMarkerClusterer().extend(ClusterIcon,google.maps.OverlayView),this.cluster_=a,this.className_=a.getMarkerClusterer().getClusterClass(),this.styles_=b,this.center_=null,this.div_=null,this.sums_=null,this.visible_=!1,this.setMap(a.getMap())}function Cluster(a){this.markerClusterer_=a,this.map_=a.getMap(),this.gridSize_=a.getGridSize(),this.minClusterSize_=a.getMinimumClusterSize(),this.averageCenter_=a.getAverageCenter(),this.markers_=[],this.center_=null,this.bounds_=null,this.clusterIcon_=new ClusterIcon(this,a.getStyles())}function MarkerClusterer(a,b,c){this.extend(MarkerClusterer,google.maps.OverlayView),b=b||[],c=c||{},this.markers_=[],this.clusters_=[],this.listeners_=[],this.activeMap_=null,this.ready_=!1,this.gridSize_=c.gridSize||60,this.minClusterSize_=c.minimumClusterSize||2,this.maxZoom_=c.maxZoom||null,this.styles_=c.styles||[],this.title_=c.title||"",this.zoomOnClick_=!0,void 0!==c.zoomOnClick&&(this.zoomOnClick_=c.zoomOnClick),this.averageCenter_=!1,void 0!==c.averageCenter&&(this.averageCenter_=c.averageCenter),this.ignoreHidden_=!1,void 0!==c.ignoreHidden&&(this.ignoreHidden_=c.ignoreHidden),this.enableRetinaIcons_=!1,void 0!==c.enableRetinaIcons&&(this.enableRetinaIcons_=c.enableRetinaIcons),this.imagePath_=c.imagePath||MarkerClusterer.IMAGE_PATH,this.imageExtension_=c.imageExtension||MarkerClusterer.IMAGE_EXTENSION,this.imageSizes_=c.imageSizes||MarkerClusterer.IMAGE_SIZES,this.calculator_=c.calculator||MarkerClusterer.CALCULATOR,this.batchSize_=c.batchSize||MarkerClusterer.BATCH_SIZE,this.batchSizeIE_=c.batchSizeIE||MarkerClusterer.BATCH_SIZE_IE,this.clusterClass_=c.clusterClass||"cluster",navigator.userAgent.toLowerCase().indexOf("msie")!==-1&&(this.batchSize_=this.batchSizeIE_),this.setupStyles_(),this.addMarkers(b,!0),this.setMap(a)}ClusterIcon.prototype.onAdd=function(){var b,c,a=this;this.div_=document.createElement("div"),this.div_.className=this.className_,this.visible_&&this.show(),this.getPanes().overlayMouseTarget.appendChild(this.div_),this.boundsChangedListener_=google.maps.event.addListener(this.getMap(),"bounds_changed",function(){c=b}),google.maps.event.addDomListener(this.div_,"mousedown",function(){b=!0,c=!1}),google.maps.event.addDomListener(this.div_,"click",function(d){if(b=!1,!c){var e,f,g=a.cluster_.getMarkerClusterer();google.maps.event.trigger(g,"click",a.cluster_),google.maps.event.trigger(g,"clusterclick",a.cluster_),g.getZoomOnClick()&&(f=g.getMaxZoom(),e=a.cluster_.getBounds(),g.getMap().fitBounds(e),setTimeout(function(){g.getMap().fitBounds(e),null!==f&&g.getMap().getZoom()>f&&g.getMap().setZoom(f+1)},100)),d.cancelBubble=!0,d.stopPropagation&&d.stopPropagation()}}),google.maps.event.addDomListener(this.div_,"mouseover",function(){var b=a.cluster_.getMarkerClusterer();google.maps.event.trigger(b,"mouseover",a.cluster_)}),google.maps.event.addDomListener(this.div_,"mouseout",function(){var b=a.cluster_.getMarkerClusterer();google.maps.event.trigger(b,"mouseout",a.cluster_)})},ClusterIcon.prototype.onRemove=function(){this.div_&&this.div_.parentNode&&(this.hide(),google.maps.event.removeListener(this.boundsChangedListener_),google.maps.event.clearInstanceListeners(this.div_),this.div_.parentNode.removeChild(this.div_),this.div_=null)},ClusterIcon.prototype.draw=function(){if(this.visible_){var a=this.getPosFromLatLng_(this.center_);this.div_.style.top=a.y+"px",this.div_.style.left=a.x+"px"}},ClusterIcon.prototype.hide=function(){this.div_&&(this.div_.style.display="none"),this.visible_=!1},ClusterIcon.prototype.show=function(){if(this.div_){var a="",b=this.backgroundPosition_.split(" "),c=parseInt(b[0].trim(),10),d=parseInt(b[1].trim(),10),e=this.getPosFromLatLng_(this.center_);this.div_.style.cssText=this.createCss(e),a="<img src='"+this.url_+"' style='position: absolute; top: "+d+"px; left: "+c+"px; ",this.cluster_.getMarkerClusterer().enableRetinaIcons_||(a+="clip: rect("+-1*d+"px, "+(-1*c+this.width_)+"px, "+(-1*d+this.height_)+"px, "+-1*c+"px);"),a+="'>",this.div_.innerHTML=a+"<div style='position: absolute;top: "+this.anchorText_[0]+"px;left: "+this.anchorText_[1]+"px;color: "+this.textColor_+";font-size: "+this.textSize_+"px;font-family: "+this.fontFamily_+";font-weight: "+this.fontWeight_+";font-style: "+this.fontStyle_+";text-decoration: "+this.textDecoration_+";text-align: center;width: "+this.width_+"px;line-height:"+this.height_+"px;'>"+this.sums_.text+"</div>","undefined"==typeof this.sums_.title||""===this.sums_.title?this.div_.title=this.cluster_.getMarkerClusterer().getTitle():this.div_.title=this.sums_.title,this.div_.style.display=""}this.visible_=!0},ClusterIcon.prototype.useStyle=function(a){this.sums_=a;var b=Math.max(0,a.index-1);b=Math.min(this.styles_.length-1,b);var c=this.styles_[b];this.url_=c.url,this.height_=c.height,this.width_=c.width,this.anchorText_=c.anchorText||[0,0],this.anchorIcon_=c.anchorIcon||[parseInt(this.height_/2,10),parseInt(this.width_/2,10)],this.textColor_=c.textColor||"black",this.textSize_=c.textSize||11,this.textDecoration_=c.textDecoration||"none",this.fontWeight_=c.fontWeight||"bold",this.fontStyle_=c.fontStyle||"normal",this.fontFamily_=c.fontFamily||"Arial,sans-serif",this.backgroundPosition_=c.backgroundPosition||"0 0"},ClusterIcon.prototype.setCenter=function(a){this.center_=a},ClusterIcon.prototype.createCss=function(a){var b=[];return b.push("cursor: pointer;"),b.push("position: absolute; top: "+a.y+"px; left: "+a.x+"px;"),b.push("width: "+this.width_+"px; height: "+this.height_+"px;"),b.join("")},ClusterIcon.prototype.getPosFromLatLng_=function(a){var b=this.getProjection().fromLatLngToDivPixel(a);return b.x-=this.anchorIcon_[1],b.y-=this.anchorIcon_[0],b.x=parseInt(b.x,10),b.y=parseInt(b.y,10),b},Cluster.prototype.getSize=function(){return this.markers_.length},Cluster.prototype.getMarkers=function(){return this.markers_},Cluster.prototype.getCenter=function(){return this.center_},Cluster.prototype.getMap=function(){return this.map_},Cluster.prototype.getMarkerClusterer=function(){return this.markerClusterer_},Cluster.prototype.getBounds=function(){var a,b=new google.maps.LatLngBounds(this.center_,this.center_),c=this.getMarkers();for(a=0;a<c.length;a++)b.extend(c[a].getPosition());return b},Cluster.prototype.remove=function(){this.clusterIcon_.setMap(null),this.markers_=[],delete this.markers_},Cluster.prototype.addMarker=function(a){var b,c,d;if(this.isMarkerAlreadyAdded_(a))return!1;if(this.center_){if(this.averageCenter_){var e=this.markers_.length+1,f=(this.center_.lat()*(e-1)+a.getPosition().lat())/e,g=(this.center_.lng()*(e-1)+a.getPosition().lng())/e;this.center_=new google.maps.LatLng(f,g),this.calculateBounds_()}}else this.center_=a.getPosition(),this.calculateBounds_();if(a.isAdded=!0,this.markers_.push(a),c=this.markers_.length,d=this.markerClusterer_.getMaxZoom(),null!==d&&this.map_.getZoom()>d)a.getMap()!==this.map_&&a.setMap(this.map_);else if(c<this.minClusterSize_)a.getMap()!==this.map_&&a.setMap(this.map_);else if(c===this.minClusterSize_)for(b=0;b<c;b++)this.markers_[b].setMap(null);else a.setMap(null);return this.updateIcon_(),!0},Cluster.prototype.isMarkerInClusterBounds=function(a){return this.bounds_.contains(a.getPosition())},Cluster.prototype.calculateBounds_=function(){var a=new google.maps.LatLngBounds(this.center_,this.center_);this.bounds_=this.markerClusterer_.getExtendedBounds(a)},Cluster.prototype.updateIcon_=function(){var a=this.markers_.length,b=this.markerClusterer_.getMaxZoom();if(null!==b&&this.map_.getZoom()>b)return void this.clusterIcon_.hide();if(a<this.minClusterSize_)return void this.clusterIcon_.hide();var c=this.markerClusterer_.getStyles().length,d=this.markerClusterer_.getCalculator()(this.markers_,c);this.clusterIcon_.setCenter(this.center_),this.clusterIcon_.useStyle(d),this.clusterIcon_.show()},Cluster.prototype.isMarkerAlreadyAdded_=function(a){var b;if(this.markers_.indexOf)return this.markers_.indexOf(a)!==-1;for(b=0;b<this.markers_.length;b++)if(a===this.markers_[b])return!0;return!1},MarkerClusterer.prototype.onAdd=function(){var a=this;this.activeMap_=this.getMap(),this.ready_=!0,this.repaint(),this.listeners_=[google.maps.event.addListener(this.getMap(),"zoom_changed",function(){a.resetViewport_(!1),this.getZoom()!==(this.get("minZoom")||0)&&this.getZoom()!==this.get("maxZoom")||google.maps.event.trigger(this,"idle")}),google.maps.event.addListener(this.getMap(),"idle",function(){a.redraw_()})]},MarkerClusterer.prototype.onRemove=function(){var a;for(a=0;a<this.markers_.length;a++)this.markers_[a].getMap()!==this.activeMap_&&this.markers_[a].setMap(this.activeMap_);for(a=0;a<this.clusters_.length;a++)this.clusters_[a].remove();for(this.clusters_=[],a=0;a<this.listeners_.length;a++)google.maps.event.removeListener(this.listeners_[a]);this.listeners_=[],this.activeMap_=null,this.ready_=!1},MarkerClusterer.prototype.draw=function(){},MarkerClusterer.prototype.setupStyles_=function(){var a,b;if(!(this.styles_.length>0))for(a=0;a<this.imageSizes_.length;a++)b=this.imageSizes_[a],this.styles_.push({url:this.imagePath_+(a+1)+"."+this.imageExtension_,height:b,width:b})},MarkerClusterer.prototype.fitMapToMarkers=function(){var a,b=this.getMarkers(),c=new google.maps.LatLngBounds;for(a=0;a<b.length;a++)c.extend(b[a].getPosition());this.getMap().fitBounds(c)},MarkerClusterer.prototype.getGridSize=function(){return this.gridSize_},MarkerClusterer.prototype.setGridSize=function(a){this.gridSize_=a},MarkerClusterer.prototype.getMinimumClusterSize=function(){return this.minClusterSize_},MarkerClusterer.prototype.setMinimumClusterSize=function(a){this.minClusterSize_=a},MarkerClusterer.prototype.getMaxZoom=function(){return this.maxZoom_},MarkerClusterer.prototype.setMaxZoom=function(a){this.maxZoom_=a},MarkerClusterer.prototype.getStyles=function(){return this.styles_},MarkerClusterer.prototype.setStyles=function(a){this.styles_=a},MarkerClusterer.prototype.getTitle=function(){return this.title_},MarkerClusterer.prototype.setTitle=function(a){this.title_=a},MarkerClusterer.prototype.getZoomOnClick=function(){return this.zoomOnClick_},MarkerClusterer.prototype.setZoomOnClick=function(a){this.zoomOnClick_=a},MarkerClusterer.prototype.getAverageCenter=function(){return this.averageCenter_},MarkerClusterer.prototype.setAverageCenter=function(a){this.averageCenter_=a},MarkerClusterer.prototype.getIgnoreHidden=function(){return this.ignoreHidden_},MarkerClusterer.prototype.setIgnoreHidden=function(a){this.ignoreHidden_=a},MarkerClusterer.prototype.getEnableRetinaIcons=function(){return this.enableRetinaIcons_},MarkerClusterer.prototype.setEnableRetinaIcons=function(a){this.enableRetinaIcons_=a},MarkerClusterer.prototype.getImageExtension=function(){return this.imageExtension_},MarkerClusterer.prototype.setImageExtension=function(a){this.imageExtension_=a},MarkerClusterer.prototype.getImagePath=function(){return this.imagePath_},MarkerClusterer.prototype.setImagePath=function(a){this.imagePath_=a},MarkerClusterer.prototype.getImageSizes=function(){return this.imageSizes_},MarkerClusterer.prototype.setImageSizes=function(a){this.imageSizes_=a},MarkerClusterer.prototype.getCalculator=function(){return this.calculator_},MarkerClusterer.prototype.setCalculator=function(a){this.calculator_=a},MarkerClusterer.prototype.getBatchSizeIE=function(){return this.batchSizeIE_},MarkerClusterer.prototype.setBatchSizeIE=function(a){this.batchSizeIE_=a},MarkerClusterer.prototype.getClusterClass=function(){return this.clusterClass_},MarkerClusterer.prototype.setClusterClass=function(a){this.clusterClass_=a},MarkerClusterer.prototype.getMarkers=function(){return this.markers_},MarkerClusterer.prototype.getTotalMarkers=function(){return this.markers_.length},MarkerClusterer.prototype.getClusters=function(){return this.clusters_},MarkerClusterer.prototype.getTotalClusters=function(){return this.clusters_.length},MarkerClusterer.prototype.addMarker=function(a,b){this.pushMarkerTo_(a),b||this.redraw_()},MarkerClusterer.prototype.addMarkers=function(a,b){var c;for(c in a)a.hasOwnProperty(c)&&this.pushMarkerTo_(a[c]);b||this.redraw_()},MarkerClusterer.prototype.pushMarkerTo_=function(a){if(a.getDraggable()){var b=this;google.maps.event.addListener(a,"dragend",function(){b.ready_&&(this.isAdded=!1,b.repaint())})}a.isAdded=!1,this.markers_.push(a)},MarkerClusterer.prototype.removeMarker=function(a,b){var c=this.removeMarker_(a);return!b&&c&&this.repaint(),c},MarkerClusterer.prototype.removeMarkers=function(a,b){var c,d,e=!1;for(c=0;c<a.length;c++)d=this.removeMarker_(a[c]),e=e||d;return!b&&e&&this.repaint(),e},MarkerClusterer.prototype.removeMarker_=function(a){var b,c=-1;if(this.markers_.indexOf)c=this.markers_.indexOf(a);else for(b=0;b<this.markers_.length;b++)if(a===this.markers_[b]){c=b;break}return c!==-1&&(a.setMap(null),this.markers_.splice(c,1),!0)},MarkerClusterer.prototype.clearMarkers=function(){this.resetViewport_(!0),this.markers_=[]},MarkerClusterer.prototype.repaint=function(){var a=this.clusters_.slice();this.clusters_=[],this.resetViewport_(!1),this.redraw_(),setTimeout(function(){var b;for(b=0;b<a.length;b++)a[b].remove()},0)},MarkerClusterer.prototype.getExtendedBounds=function(a){var b=this.getProjection(),c=new google.maps.LatLng(a.getNorthEast().lat(),a.getNorthEast().lng()),d=new google.maps.LatLng(a.getSouthWest().lat(),a.getSouthWest().lng()),e=b.fromLatLngToDivPixel(c);e.x+=this.gridSize_,e.y-=this.gridSize_;var f=b.fromLatLngToDivPixel(d);f.x-=this.gridSize_,f.y+=this.gridSize_;var g=b.fromDivPixelToLatLng(e),h=b.fromDivPixelToLatLng(f);return a.extend(g),a.extend(h),a},MarkerClusterer.prototype.redraw_=function(){this.createClusters_(0)},MarkerClusterer.prototype.resetViewport_=function(a){var b,c;for(b=0;b<this.clusters_.length;b++)this.clusters_[b].remove();for(this.clusters_=[],b=0;b<this.markers_.length;b++)c=this.markers_[b],c.isAdded=!1,a&&c.setMap(null)},MarkerClusterer.prototype.distanceBetweenPoints_=function(a,b){var c=6371,d=(b.lat()-a.lat())*Math.PI/180,e=(b.lng()-a.lng())*Math.PI/180,f=Math.sin(d/2)*Math.sin(d/2)+Math.cos(a.lat()*Math.PI/180)*Math.cos(b.lat()*Math.PI/180)*Math.sin(e/2)*Math.sin(e/2),g=2*Math.atan2(Math.sqrt(f),Math.sqrt(1-f)),h=c*g;return h},MarkerClusterer.prototype.isMarkerInBounds_=function(a,b){return b.contains(a.getPosition())},MarkerClusterer.prototype.addToClosestCluster_=function(a){var b,c,d,e,f=4e4,g=null;for(b=0;b<this.clusters_.length;b++)d=this.clusters_[b],e=d.getCenter(),e&&(c=this.distanceBetweenPoints_(e,a.getPosition()),c<f&&(f=c,g=d));g&&g.isMarkerInClusterBounds(a)?g.addMarker(a):(d=new Cluster(this),d.addMarker(a),this.clusters_.push(d))},MarkerClusterer.prototype.createClusters_=function(a){var b,c,d,e=this;if(this.ready_){0===a&&(google.maps.event.trigger(this,"clusteringbegin",this),"undefined"!=typeof this.timerRefStatic&&(clearTimeout(this.timerRefStatic),delete this.timerRefStatic)),d=this.getMap().getZoom()>3?new google.maps.LatLngBounds(this.getMap().getBounds().getSouthWest(),this.getMap().getBounds().getNorthEast()):new google.maps.LatLngBounds(new google.maps.LatLng(85.02070771743472,-178.48388434375),new google.maps.LatLng(-85.08136444384544,178.00048865625));var f=this.getExtendedBounds(d),g=Math.min(a+this.batchSize_,this.markers_.length);for(b=a;b<g;b++)c=this.markers_[b],!c.isAdded&&this.isMarkerInBounds_(c,f)&&(!this.ignoreHidden_||this.ignoreHidden_&&c.getVisible())&&this.addToClosestCluster_(c);g<this.markers_.length?this.timerRefStatic=setTimeout(function(){e.createClusters_(g)},0):(delete this.timerRefStatic,google.maps.event.trigger(this,"clusteringend",this))}},MarkerClusterer.prototype.extend=function(a,b){return function(a){var b;for(b in a.prototype)this.prototype[b]=a.prototype[b];return this}.apply(a,[b])},MarkerClusterer.CALCULATOR=function(a,b){for(var c=0,d="",e=a.length.toString(),f=e;0!==f;)f=parseInt(f/10,10),c++;return c=Math.min(c,b),{text:e,index:c,title:d}},MarkerClusterer.BATCH_SIZE=2e3,MarkerClusterer.BATCH_SIZE_IE=500,MarkerClusterer.IMAGE_PATH="http://google-maps-utility-library-v3.googlecode.com/svn/trunk/markerclustererplus/images/m",MarkerClusterer.IMAGE_EXTENSION="png",MarkerClusterer.IMAGE_SIZES=[53,56,66,78,90],"function"!=typeof String.prototype.trim&&(String.prototype.trim=function(){return this.replace(/^\s+|\s+$/g,"")});</script>
<script id="tweenmax-js">/*!
 * GSAP 3.12.2
 * https://greensock.com
 * 
 * @license Copyright 2023, GreenSock. All rights reserved.
 * Subject to the terms at https://greensock.com/standard-license or for Club GreenSock members, the agreement issued with that membership.
 * @author: Jack Doyle, jack@greensock.com
 */

!function(t,e){"object"==typeof exports&&"undefined"!=typeof module?e(exports):"function"==typeof define&&define.amd?define(["exports"],e):e((t=t||self).window=t.window||{})}(this,function(e){"use strict";function _inheritsLoose(t,e){t.prototype=Object.create(e.prototype),(t.prototype.constructor=t).__proto__=e}function _assertThisInitialized(t){if(void 0===t)throw new ReferenceError("this hasn't been initialised - super() hasn't been called");return t}function r(t){return"string"==typeof t}function s(t){return"function"==typeof t}function t(t){return"number"==typeof t}function u(t){return void 0===t}function v(t){return"object"==typeof t}function w(t){return!1!==t}function x(){return"undefined"!=typeof window}function y(t){return s(t)||r(t)}function P(t){return(i=yt(t,ot))&&Ee}function Q(t,e){return console.warn("Invalid property",t,"set to",e,"Missing plugin? gsap.registerPlugin()")}function R(t,e){return!e&&console.warn(t)}function S(t,e){return t&&(ot[t]=e)&&i&&(i[t]=e)||ot}function T(){return 0}function ea(t){var e,r,i=t[0];if(v(i)||s(i)||(t=[t]),!(e=(i._gsap||{}).harness)){for(r=gt.length;r--&&!gt[r].targetTest(i););e=gt[r]}for(r=t.length;r--;)t[r]&&(t[r]._gsap||(t[r]._gsap=new Vt(t[r],e)))||t.splice(r,1);return t}function fa(t){return t._gsap||ea(Ot(t))[0]._gsap}function ga(t,e,r){return(r=t[e])&&s(r)?t[e]():u(r)&&t.getAttribute&&t.getAttribute(e)||r}function ha(t,e){return(t=t.split(",")).forEach(e)||t}function ia(t){return Math.round(1e5*t)/1e5||0}function ja(t){return Math.round(1e7*t)/1e7||0}function ka(t,e){var r=e.charAt(0),i=parseFloat(e.substr(2));return t=parseFloat(t),"+"===r?t+i:"-"===r?t-i:"*"===r?t*i:t/i}function la(t,e){for(var r=e.length,i=0;t.indexOf(e[i])<0&&++i<r;);return i<r}function ma(){var t,e,r=ct.length,i=ct.slice(0);for(dt={},t=ct.length=0;t<r;t++)(e=i[t])&&e._lazy&&(e.render(e._lazy[0],e._lazy[1],!0)._lazy=0)}function na(t,e,r,i){ct.length&&!L&&ma(),t.render(e,r,i||L&&e<0&&(t._initted||t._startAt)),ct.length&&!L&&ma()}function oa(t){var e=parseFloat(t);return(e||0===e)&&(t+"").match(at).length<2?e:r(t)?t.trim():t}function pa(t){return t}function qa(t,e){for(var r in e)r in t||(t[r]=e[r]);return t}function ta(t,e){for(var r in e)"__proto__"!==r&&"constructor"!==r&&"prototype"!==r&&(t[r]=v(e[r])?ta(t[r]||(t[r]={}),e[r]):e[r]);return t}function ua(t,e){var r,i={};for(r in t)r in e||(i[r]=t[r]);return i}function va(t){var e=t.parent||I,r=t.keyframes?function _setKeyframeDefaults(i){return function(t,e){for(var r in e)r in t||"duration"===r&&i||"ease"===r||(t[r]=e[r])}}($(t.keyframes)):qa;if(w(t.inherit))for(;e;)r(t,e.vars.defaults),e=e.parent||e._dp;return t}function xa(t,e,r,i,n){void 0===r&&(r="_first"),void 0===i&&(i="_last");var a,s=t[i];if(n)for(a=e[n];s&&s[n]>a;)s=s._prev;return s?(e._next=s._next,s._next=e):(e._next=t[r],t[r]=e),e._next?e._next._prev=e:t[i]=e,e._prev=s,e.parent=e._dp=t,e}function ya(t,e,r,i){void 0===r&&(r="_first"),void 0===i&&(i="_last");var n=e._prev,a=e._next;n?n._next=a:t[r]===e&&(t[r]=a),a?a._prev=n:t[i]===e&&(t[i]=n),e._next=e._prev=e.parent=null}function za(t,e){t.parent&&(!e||t.parent.autoRemoveChildren)&&t.parent.remove&&t.parent.remove(t),t._act=0}function Aa(t,e){if(t&&(!e||e._end>t._dur||e._start<0))for(var r=t;r;)r._dirty=1,r=r.parent;return t}function Ca(t,e,r,i){return t._startAt&&(L?t._startAt.revert(ht):t.vars.immediateRender&&!t.vars.autoRevert||t._startAt.render(e,!0,i))}function Ea(t){return t._repeat?Tt(t._tTime,t=t.duration()+t._rDelay)*t:0}function Ga(t,e){return(t-e._start)*e._ts+(0<=e._ts?0:e._dirty?e.totalDuration():e._tDur)}function Ha(t){return t._end=ja(t._start+(t._tDur/Math.abs(t._ts||t._rts||X)||0))}function Ia(t,e){var r=t._dp;return r&&r.smoothChildTiming&&t._ts&&(t._start=ja(r._time-(0<t._ts?e/t._ts:((t._dirty?t.totalDuration():t._tDur)-e)/-t._ts)),Ha(t),r._dirty||Aa(r,t)),t}function Ja(t,e){var r;if((e._time||!e._dur&&e._initted||e._start<t._time&&(e._dur||!e.add))&&(r=Ga(t.rawTime(),e),(!e._dur||kt(0,e.totalDuration(),r)-e._tTime>X)&&e.render(r,!0)),Aa(t,e)._dp&&t._initted&&t._time>=t._dur&&t._ts){if(t._dur<t.duration())for(r=t;r._dp;)0<=r.rawTime()&&r.totalTime(r._tTime),r=r._dp;t._zTime=-X}}function Ka(e,r,i,n){return r.parent&&za(r),r._start=ja((t(i)?i:i||e!==I?xt(e,i,r):e._time)+r._delay),r._end=ja(r._start+(r.totalDuration()/Math.abs(r.timeScale())||0)),xa(e,r,"_first","_last",e._sort?"_start":0),bt(r)||(e._recent=r),n||Ja(e,r),e._ts<0&&Ia(e,e._tTime),e}function La(t,e){return(ot.ScrollTrigger||Q("scrollTrigger",e))&&ot.ScrollTrigger.create(e,t)}function Ma(t,e,r,i,n){return Gt(t,e,n),t._initted?!r&&t._pt&&!L&&(t._dur&&!1!==t.vars.lazy||!t._dur&&t.vars.lazy)&&f!==Rt.frame?(ct.push(t),t._lazy=[n,i],1):void 0:1}function Ra(t,e,r,i){var n=t._repeat,a=ja(e)||0,s=t._tTime/t._tDur;return s&&!i&&(t._time*=a/t._dur),t._dur=a,t._tDur=n?n<0?1e10:ja(a*(n+1)+t._rDelay*n):a,0<s&&!i&&Ia(t,t._tTime=t._tDur*s),t.parent&&Ha(t),r||Aa(t.parent,t),t}function Sa(t){return t instanceof Xt?Aa(t):Ra(t,t._dur)}function Va(e,r,i){var n,a,s=t(r[1]),o=(s?2:1)+(e<2?0:1),u=r[o];if(s&&(u.duration=r[1]),u.parent=i,e){for(n=u,a=i;a&&!("immediateRender"in n);)n=a.vars.defaults||{},a=w(a.vars.inherit)&&a.parent;u.immediateRender=w(n.immediateRender),e<2?u.runBackwards=1:u.startAt=r[o-1]}return new Zt(r[0],u,r[1+o])}function Wa(t,e){return t||0===t?e(t):e}function Ya(t,e){return r(t)&&(e=st.exec(t))?e[1]:""}function _a(t,e){return t&&v(t)&&"length"in t&&(!e&&!t.length||t.length-1 in t&&v(t[0]))&&!t.nodeType&&t!==h}function cb(r){return r=Ot(r)[0]||R("Invalid scope")||{},function(t){var e=r.current||r.nativeElement||r;return Ot(t,e.querySelectorAll?e:e===r?R("Invalid scope")||a.createElement("div"):r)}}function db(t){return t.sort(function(){return.5-Math.random()})}function eb(t){if(s(t))return t;var p=v(t)?t:{each:t},_=jt(p.ease),m=p.from||0,g=parseFloat(p.base)||0,y={},e=0<m&&m<1,T=isNaN(m)||e,b=p.axis,w=m,x=m;return r(m)?w=x={center:.5,edges:.5,end:1}[m]||0:!e&&T&&(w=m[0],x=m[1]),function(t,e,r){var i,n,a,s,o,u,h,l,f,c=(r||p).length,d=y[c];if(!d){if(!(f="auto"===p.grid?0:(p.grid||[1,U])[1])){for(h=-U;h<(h=r[f++].getBoundingClientRect().left)&&f<c;);f--}for(d=y[c]=[],i=T?Math.min(f,c)*w-.5:m%f,n=f===U?0:T?c*x/f-.5:m/f|0,l=U,u=h=0;u<c;u++)a=u%f-i,s=n-(u/f|0),d[u]=o=b?Math.abs("y"===b?s:a):K(a*a+s*s),h<o&&(h=o),o<l&&(l=o);"random"===m&&db(d),d.max=h-l,d.min=l,d.v=c=(parseFloat(p.amount)||parseFloat(p.each)*(c<f?c-1:b?"y"===b?c/f:f:Math.max(f,c/f))||0)*("edges"===m?-1:1),d.b=c<0?g-c:g,d.u=Ya(p.amount||p.each)||0,_=_&&c<0?Yt(_):_}return c=(d[t]-d.min)/d.max||0,ja(d.b+(_?_(c):c)*d.v)+d.u}}function fb(i){var n=Math.pow(10,((i+"").split(".")[1]||"").length);return function(e){var r=ja(Math.round(parseFloat(e)/i)*i*n);return(r-r%1)/n+(t(e)?0:Ya(e))}}function gb(h,e){var l,f,r=$(h);return!r&&v(h)&&(l=r=h.radius||U,h.values?(h=Ot(h.values),(f=!t(h[0]))&&(l*=l)):h=fb(h.increment)),Wa(e,r?s(h)?function(t){return f=h(t),Math.abs(f-t)<=l?f:t}:function(e){for(var r,i,n=parseFloat(f?e.x:e),a=parseFloat(f?e.y:0),s=U,o=0,u=h.length;u--;)(r=f?(r=h[u].x-n)*r+(i=h[u].y-a)*i:Math.abs(h[u]-n))<s&&(s=r,o=u);return o=!l||s<=l?h[o]:e,f||o===e||t(e)?o:o+Ya(e)}:fb(h))}function hb(t,e,r,i){return Wa($(t)?!e:!0===r?!!(r=0):!i,function(){return $(t)?t[~~(Math.random()*t.length)]:(r=r||1e-5)&&(i=r<1?Math.pow(10,(r+"").length-2):1)&&Math.floor(Math.round((t-r/2+Math.random()*(e-t+.99*r))/r)*r*i)/i})}function lb(e,r,t){return Wa(t,function(t){return e[~~r(t)]})}function ob(t){for(var e,r,i,n,a=0,s="";~(e=t.indexOf("random(",a));)i=t.indexOf(")",e),n="["===t.charAt(e+7),r=t.substr(e+7,i-e-7).match(n?at:tt),s+=t.substr(a,e-a)+hb(n?r:+r[0],n?0:+r[1],+r[2]||1e-5),a=i+1;return s+t.substr(a,t.length-a)}function rb(t,e,r){var i,n,a,s=t.labels,o=U;for(i in s)(n=s[i]-e)<0==!!r&&n&&o>(n=Math.abs(n))&&(a=i,o=n);return a}function tb(t){return za(t),t.scrollTrigger&&t.scrollTrigger.kill(!!L),t.progress()<1&&At(t,"onInterrupt"),t}function wb(t){if(x()&&t){var e=(t=!t.name&&t.default||t).name,r=s(t),i=e&&!r&&t.init?function(){this._props=[]}:t,n={init:T,render:he,add:Qt,kill:ce,modifier:fe,rawVars:0},a={targetTest:0,get:0,getSetter:ne,aliases:{},register:0};if(Ft(),t!==i){if(pt[e])return;qa(i,qa(ua(t,n),a)),yt(i.prototype,yt(n,ua(t,a))),pt[i.prop=e]=i,t.targetTest&&(gt.push(i),ft[e]=1),e=("css"===e?"CSS":e.charAt(0).toUpperCase()+e.substr(1))+"Plugin"}S(e,i),t.register&&t.register(Ee,i,_e)}else t&&Ct.push(t)}function zb(t,e,r){return(6*(t+=t<0?1:1<t?-1:0)<1?e+(r-e)*t*6:t<.5?r:3*t<2?e+(r-e)*(2/3-t)*6:e)*St+.5|0}function Ab(e,r,i){var n,a,s,o,u,h,l,f,c,d,p=e?t(e)?[e>>16,e>>8&St,e&St]:0:Et.black;if(!p){if(","===e.substr(-1)&&(e=e.substr(0,e.length-1)),Et[e])p=Et[e];else if("#"===e.charAt(0)){if(e.length<6&&(e="#"+(n=e.charAt(1))+n+(a=e.charAt(2))+a+(s=e.charAt(3))+s+(5===e.length?e.charAt(4)+e.charAt(4):"")),9===e.length)return[(p=parseInt(e.substr(1,6),16))>>16,p>>8&St,p&St,parseInt(e.substr(7),16)/255];p=[(e=parseInt(e.substr(1),16))>>16,e>>8&St,e&St]}else if("hsl"===e.substr(0,3))if(p=d=e.match(tt),r){if(~e.indexOf("="))return p=e.match(et),i&&p.length<4&&(p[3]=1),p}else o=+p[0]%360/360,u=p[1]/100,n=2*(h=p[2]/100)-(a=h<=.5?h*(u+1):h+u-h*u),3<p.length&&(p[3]*=1),p[0]=zb(o+1/3,n,a),p[1]=zb(o,n,a),p[2]=zb(o-1/3,n,a);else p=e.match(tt)||Et.transparent;p=p.map(Number)}return r&&!d&&(n=p[0]/St,a=p[1]/St,s=p[2]/St,h=((l=Math.max(n,a,s))+(f=Math.min(n,a,s)))/2,l===f?o=u=0:(c=l-f,u=.5<h?c/(2-l-f):c/(l+f),o=l===n?(a-s)/c+(a<s?6:0):l===a?(s-n)/c+2:(n-a)/c+4,o*=60),p[0]=~~(o+.5),p[1]=~~(100*u+.5),p[2]=~~(100*h+.5)),i&&p.length<4&&(p[3]=1),p}function Bb(t){var r=[],i=[],n=-1;return t.split(Dt).forEach(function(t){var e=t.match(rt)||[];r.push.apply(r,e),i.push(n+=e.length+1)}),r.c=i,r}function Cb(t,e,r){var i,n,a,s,o="",u=(t+o).match(Dt),h=e?"hsla(":"rgba(",l=0;if(!u)return t;if(u=u.map(function(t){return(t=Ab(t,e,1))&&h+(e?t[0]+","+t[1]+"%,"+t[2]+"%,"+t[3]:t.join(","))+")"}),r&&(a=Bb(t),(i=r.c).join(o)!==a.c.join(o)))for(s=(n=t.replace(Dt,"1").split(rt)).length-1;l<s;l++)o+=n[l]+(~i.indexOf(l)?u.shift()||h+"0,0,0,0)":(a.length?a:u.length?u:r).shift());if(!n)for(s=(n=t.split(Dt)).length-1;l<s;l++)o+=n[l]+u[l];return o+n[s]}function Fb(t){var e,r=t.join(" ");if(Dt.lastIndex=0,Dt.test(r))return e=zt.test(r),t[1]=Cb(t[1],e),t[0]=Cb(t[0],e,Bb(t[1])),!0}function Ob(t){var e=(t+"").split("("),r=Bt[e[0]];return r&&1<e.length&&r.config?r.config.apply(null,~t.indexOf("{")?[function _parseObjectInString(t){for(var e,r,i,n={},a=t.substr(1,t.length-3).split(":"),s=a[0],o=1,u=a.length;o<u;o++)r=a[o],e=o!==u-1?r.lastIndexOf(","):r.length,i=r.substr(0,e),n[s]=isNaN(i)?i.replace(It,"").trim():+i,s=r.substr(e+1).trim();return n}(e[1])]:function _valueInParentheses(t){var e=t.indexOf("(")+1,r=t.indexOf(")"),i=t.indexOf("(",e);return t.substring(e,~i&&i<r?t.indexOf(")",r+1):r)}(t).split(",").map(oa)):Bt._CE&&Lt.test(t)?Bt._CE("",t):r}function Qb(t,e){for(var r,i=t._first;i;)i instanceof Xt?Qb(i,e):!i.vars.yoyoEase||i._yoyo&&i._repeat||i._yoyo===e||(i.timeline?Qb(i.timeline,e):(r=i._ease,i._ease=i._yEase,i._yEase=r,i._yoyo=e)),i=i._next}function Sb(t,e,r,i){void 0===r&&(r=function easeOut(t){return 1-e(1-t)}),void 0===i&&(i=function easeInOut(t){return t<.5?e(2*t)/2:1-e(2*(1-t))/2});var n,a={easeIn:e,easeOut:r,easeInOut:i};return ha(t,function(t){for(var e in Bt[t]=ot[t]=a,Bt[n=t.toLowerCase()]=r,a)Bt[n+("easeIn"===e?".in":"easeOut"===e?".out":".inOut")]=Bt[t+"."+e]=a[e]}),a}function Tb(e){return function(t){return t<.5?(1-e(1-2*t))/2:.5+e(2*(t-.5))/2}}function Ub(r,t,e){function Jm(t){return 1===t?1:i*Math.pow(2,-10*t)*H((t-a)*n)+1}var i=1<=t?t:1,n=(e||(r?.3:.45))/(t<1?t:1),a=n/N*(Math.asin(1/i)||0),s="out"===r?Jm:"in"===r?function(t){return 1-Jm(1-t)}:Tb(Jm);return n=N/n,s.config=function(t,e){return Ub(r,t,e)},s}function Vb(e,r){function Rm(t){return t?--t*t*((r+1)*t+r)+1:0}void 0===r&&(r=1.70158);var t="out"===e?Rm:"in"===e?function(t){return 1-Rm(1-t)}:Tb(Rm);return t.config=function(t){return Vb(e,t)},t}var B,L,l,I,h,n,a,i,o,f,c,d,p,_,m,g,b,k,M,O,A,C,E,D,z,F,Y,j,q={autoSleep:120,force3D:"auto",nullTargetWarn:1,units:{lineHeight:""}},V={duration:.5,overwrite:!1,delay:0},U=1e8,X=1/U,N=2*Math.PI,W=N/4,G=0,K=Math.sqrt,J=Math.cos,H=Math.sin,Z="function"==typeof ArrayBuffer&&ArrayBuffer.isView||function(){},$=Array.isArray,tt=/(?:-?\.?\d|\.)+/gi,et=/[-+=.]*\d+[.e\-+]*\d*[e\-+]*\d*/g,rt=/[-+=.]*\d+[.e-]*\d*[a-z%]*/g,it=/[-+=.]*\d+\.?\d*(?:e-|e\+)?\d*/gi,nt=/[+-]=-?[.\d]+/,at=/[^,'"\[\]\s]+/gi,st=/^[+\-=e\s\d]*\d+[.\d]*([a-z]*|%)\s*$/i,ot={},ut={suppressEvents:!0,isStart:!0,kill:!1},ht={suppressEvents:!0,kill:!1},lt={suppressEvents:!0},ft={},ct=[],dt={},pt={},_t={},mt=30,gt=[],vt="",yt=function _merge(t,e){for(var r in e)t[r]=e[r];return t},Tt=function _animationCycle(t,e){var r=Math.floor(t/=e);return t&&r===t?r-1:r},bt=function _isFromOrFromStart(t){var e=t.data;return"isFromStart"===e||"isStart"===e},wt={_start:0,endTime:T,totalDuration:T},xt=function _parsePosition(t,e,i){var n,a,s,o=t.labels,u=t._recent||wt,h=t.duration()>=U?u.endTime(!1):t._dur;return r(e)&&(isNaN(e)||e in o)?(a=e.charAt(0),s="%"===e.substr(-1),n=e.indexOf("="),"<"===a||">"===a?(0<=n&&(e=e.replace(/=/,"")),("<"===a?u._start:u.endTime(0<=u._repeat))+(parseFloat(e.substr(1))||0)*(s?(n<0?u:i).totalDuration()/100:1)):n<0?(e in o||(o[e]=h),o[e]):(a=parseFloat(e.charAt(n-1)+e.substr(n+1)),s&&i&&(a=a/100*($(i)?i[0]:i).totalDuration()),1<n?_parsePosition(t,e.substr(0,n-1),i)+a:h+a)):null==e?h:+e},kt=function _clamp(t,e,r){return r<t?t:e<r?e:r},Mt=[].slice,Ot=function toArray(t,e,i){return l&&!e&&l.selector?l.selector(t):!r(t)||i||!n&&Ft()?$(t)?function _flatten(t,e,i){return void 0===i&&(i=[]),t.forEach(function(t){return r(t)&&!e||_a(t,1)?i.push.apply(i,Ot(t)):i.push(t)})||i}(t,i):_a(t)?Mt.call(t,0):t?[t]:[]:Mt.call((e||a).querySelectorAll(t),0)},Pt=function mapRange(e,t,r,i,n){var a=t-e,s=i-r;return Wa(n,function(t){return r+((t-e)/a*s||0)})},At=function _callback(t,e,r){var i,n,a,s=t.vars,o=s[e],u=l,h=t._ctx;if(o)return i=s[e+"Params"],n=s.callbackScope||t,r&&ct.length&&ma(),h&&(l=h),a=i?o.apply(n,i):o.call(n),l=u,a},Ct=[],St=255,Et={aqua:[0,St,St],lime:[0,St,0],silver:[192,192,192],black:[0,0,0],maroon:[128,0,0],teal:[0,128,128],blue:[0,0,St],navy:[0,0,128],white:[St,St,St],olive:[128,128,0],yellow:[St,St,0],orange:[St,165,0],gray:[128,128,128],purple:[128,0,128],green:[0,128,0],red:[St,0,0],pink:[St,192,203],cyan:[0,St,St],transparent:[St,St,St,0]},Dt=function(){var t,e="(?:\\b(?:(?:rgb|rgba|hsl|hsla)\\(.+?\\))|\\B#(?:[0-9a-f]{3,4}){1,2}\\b";for(t in Et)e+="|"+t+"\\b";return new RegExp(e+")","gi")}(),zt=/hsl[a]?\(/,Rt=(M=Date.now,O=500,A=33,C=M(),E=C,z=D=1e3/240,g={time:0,frame:0,tick:function tick(){yl(!0)},deltaRatio:function deltaRatio(t){return b/(1e3/(t||60))},wake:function wake(){o&&(!n&&x()&&(h=n=window,a=h.document||{},ot.gsap=Ee,(h.gsapVersions||(h.gsapVersions=[])).push(Ee.version),P(i||h.GreenSockGlobals||!h.gsap&&h||{}),m=h.requestAnimationFrame,Ct.forEach(wb)),p&&g.sleep(),_=m||function(t){return setTimeout(t,z-1e3*g.time+1|0)},d=1,yl(2))},sleep:function sleep(){(m?h.cancelAnimationFrame:clearTimeout)(p),d=0,_=T},lagSmoothing:function lagSmoothing(t,e){O=t||1/0,A=Math.min(e||33,O)},fps:function fps(t){D=1e3/(t||240),z=1e3*g.time+D},add:function add(n,t,e){var a=t?function(t,e,r,i){n(t,e,r,i),g.remove(a)}:n;return g.remove(n),F[e?"unshift":"push"](a),Ft(),a},remove:function remove(t,e){~(e=F.indexOf(t))&&F.splice(e,1)&&e<=k&&k--},_listeners:F=[]}),Ft=function _wake(){return!d&&Rt.wake()},Bt={},Lt=/^[\d.\-M][\d.\-,\s]/,It=/["']/g,Yt=function _invertEase(e){return function(t){return 1-e(1-t)}},jt=function _parseEase(t,e){return t&&(s(t)?t:Bt[t]||Ob(t))||e};function yl(t){var e,r,i,n,a=M()-E,s=!0===t;if(O<a&&(C+=a-A),(0<(e=(i=(E+=a)-C)-z)||s)&&(n=++g.frame,b=i-1e3*g.time,g.time=i/=1e3,z+=e+(D<=e?4:D-e),r=1),s||(p=_(yl)),r)for(k=0;k<F.length;k++)F[k](i,b,n,t)}function gn(t){return t<j?Y*t*t:t<.7272727272727273?Y*Math.pow(t-1.5/2.75,2)+.75:t<.9090909090909092?Y*(t-=2.25/2.75)*t+.9375:Y*Math.pow(t-2.625/2.75,2)+.984375}ha("Linear,Quad,Cubic,Quart,Quint,Strong",function(t,e){var r=e<5?e+1:e;Sb(t+",Power"+(r-1),e?function(t){return Math.pow(t,r)}:function(t){return t},function(t){return 1-Math.pow(1-t,r)},function(t){return t<.5?Math.pow(2*t,r)/2:1-Math.pow(2*(1-t),r)/2})}),Bt.Linear.easeNone=Bt.none=Bt.Linear.easeIn,Sb("Elastic",Ub("in"),Ub("out"),Ub()),Y=7.5625,j=1/2.75,Sb("Bounce",function(t){return 1-gn(1-t)},gn),Sb("Expo",function(t){return t?Math.pow(2,10*(t-1)):0}),Sb("Circ",function(t){return-(K(1-t*t)-1)}),Sb("Sine",function(t){return 1===t?1:1-J(t*W)}),Sb("Back",Vb("in"),Vb("out"),Vb()),Bt.SteppedEase=Bt.steps=ot.SteppedEase={config:function config(t,e){void 0===t&&(t=1);var r=1/t,i=t+(e?0:1),n=e?1:0;return function(t){return((i*kt(0,.99999999,t)|0)+n)*r}}},V.ease=Bt["quad.out"],ha("onComplete,onUpdate,onStart,onRepeat,onReverseComplete,onInterrupt",function(t){return vt+=t+","+t+"Params,"});var qt,Vt=function GSCache(t,e){this.id=G++,(t._gsap=this).target=t,this.harness=e,this.get=e?e.get:ga,this.set=e?e.getSetter:ne},Ut=((qt=Animation.prototype).delay=function delay(t){return t||0===t?(this.parent&&this.parent.smoothChildTiming&&this.startTime(this._start+t-this._delay),this._delay=t,this):this._delay},qt.duration=function duration(t){return arguments.length?this.totalDuration(0<this._repeat?t+(t+this._rDelay)*this._repeat:t):this.totalDuration()&&this._dur},qt.totalDuration=function totalDuration(t){return arguments.length?(this._dirty=0,Ra(this,this._repeat<0?t:(t-this._repeat*this._rDelay)/(this._repeat+1))):this._tDur},qt.totalTime=function totalTime(t,e){if(Ft(),!arguments.length)return this._tTime;var r=this._dp;if(r&&r.smoothChildTiming&&this._ts){for(Ia(this,t),!r._dp||r.parent||Ja(r,this);r&&r.parent;)r.parent._time!==r._start+(0<=r._ts?r._tTime/r._ts:(r.totalDuration()-r._tTime)/-r._ts)&&r.totalTime(r._tTime,!0),r=r.parent;!this.parent&&this._dp.autoRemoveChildren&&(0<this._ts&&t<this._tDur||this._ts<0&&0<t||!this._tDur&&!t)&&Ka(this._dp,this,this._start-this._delay)}return(this._tTime!==t||!this._dur&&!e||this._initted&&Math.abs(this._zTime)===X||!t&&!this._initted&&(this.add||this._ptLookup))&&(this._ts||(this._pTime=t),na(this,t,e)),this},qt.time=function time(t,e){return arguments.length?this.totalTime(Math.min(this.totalDuration(),t+Ea(this))%(this._dur+this._rDelay)||(t?this._dur:0),e):this._time},qt.totalProgress=function totalProgress(t,e){return arguments.length?this.totalTime(this.totalDuration()*t,e):this.totalDuration()?Math.min(1,this._tTime/this._tDur):this.ratio},qt.progress=function progress(t,e){return arguments.length?this.totalTime(this.duration()*(!this._yoyo||1&this.iteration()?t:1-t)+Ea(this),e):this.duration()?Math.min(1,this._time/this._dur):this.ratio},qt.iteration=function iteration(t,e){var r=this.duration()+this._rDelay;return arguments.length?this.totalTime(this._time+(t-1)*r,e):this._repeat?Tt(this._tTime,r)+1:1},qt.timeScale=function timeScale(t){if(!arguments.length)return this._rts===-X?0:this._rts;if(this._rts===t)return this;var e=this.parent&&this._ts?Ga(this.parent._time,this):this._tTime;return this._rts=+t||0,this._ts=this._ps||t===-X?0:this._rts,this.totalTime(kt(-Math.abs(this._delay),this._tDur,e),!0),Ha(this),function _recacheAncestors(t){for(var e=t.parent;e&&e.parent;)e._dirty=1,e.totalDuration(),e=e.parent;return t}(this)},qt.paused=function paused(t){return arguments.length?(this._ps!==t&&((this._ps=t)?(this._pTime=this._tTime||Math.max(-this._delay,this.rawTime()),this._ts=this._act=0):(Ft(),this._ts=this._rts,this.totalTime(this.parent&&!this.parent.smoothChildTiming?this.rawTime():this._tTime||this._pTime,1===this.progress()&&Math.abs(this._zTime)!==X&&(this._tTime-=X)))),this):this._ps},qt.startTime=function startTime(t){if(arguments.length){this._start=t;var e=this.parent||this._dp;return!e||!e._sort&&this.parent||Ka(e,this,t-this._delay),this}return this._start},qt.endTime=function endTime(t){return this._start+(w(t)?this.totalDuration():this.duration())/Math.abs(this._ts||1)},qt.rawTime=function rawTime(t){var e=this.parent||this._dp;return e?t&&(!this._ts||this._repeat&&this._time&&this.totalProgress()<1)?this._tTime%(this._dur+this._rDelay):this._ts?Ga(e.rawTime(t),this):this._tTime:this._tTime},qt.revert=function revert(t){void 0===t&&(t=lt);var e=L;return L=t,(this._initted||this._startAt)&&(this.timeline&&this.timeline.revert(t),this.totalTime(-.01,t.suppressEvents)),"nested"!==this.data&&!1!==t.kill&&this.kill(),L=e,this},qt.globalTime=function globalTime(t){for(var e=this,r=arguments.length?t:e.rawTime();e;)r=e._start+r/(e._ts||1),e=e._dp;return!this.parent&&this._sat?this._sat.vars.immediateRender?-1/0:this._sat.globalTime(t):r},qt.repeat=function repeat(t){return arguments.length?(this._repeat=t===1/0?-2:t,Sa(this)):-2===this._repeat?1/0:this._repeat},qt.repeatDelay=function repeatDelay(t){if(arguments.length){var e=this._time;return this._rDelay=t,Sa(this),e?this.time(e):this}return this._rDelay},qt.yoyo=function yoyo(t){return arguments.length?(this._yoyo=t,this):this._yoyo},qt.seek=function seek(t,e){return this.totalTime(xt(this,t),w(e))},qt.restart=function restart(t,e){return this.play().totalTime(t?-this._delay:0,w(e))},qt.play=function play(t,e){return null!=t&&this.seek(t,e),this.reversed(!1).paused(!1)},qt.reverse=function reverse(t,e){return null!=t&&this.seek(t||this.totalDuration(),e),this.reversed(!0).paused(!1)},qt.pause=function pause(t,e){return null!=t&&this.seek(t,e),this.paused(!0)},qt.resume=function resume(){return this.paused(!1)},qt.reversed=function reversed(t){return arguments.length?(!!t!==this.reversed()&&this.timeScale(-this._rts||(t?-X:0)),this):this._rts<0},qt.invalidate=function invalidate(){return this._initted=this._act=0,this._zTime=-X,this},qt.isActive=function isActive(){var t,e=this.parent||this._dp,r=this._start;return!(e&&!(this._ts&&this._initted&&e.isActive()&&(t=e.rawTime(!0))>=r&&t<this.endTime(!0)-X))},qt.eventCallback=function eventCallback(t,e,r){var i=this.vars;return 1<arguments.length?(e?(i[t]=e,r&&(i[t+"Params"]=r),"onUpdate"===t&&(this._onUpdate=e)):delete i[t],this):i[t]},qt.then=function then(t){var i=this;return new Promise(function(e){function Bo(){var t=i.then;i.then=null,s(r)&&(r=r(i))&&(r.then||r===i)&&(i.then=t),e(r),i.then=t}var r=s(t)?t:pa;i._initted&&1===i.totalProgress()&&0<=i._ts||!i._tTime&&i._ts<0?Bo():i._prom=Bo})},qt.kill=function kill(){tb(this)},Animation);function Animation(t){this.vars=t,this._delay=+t.delay||0,(this._repeat=t.repeat===1/0?-2:t.repeat||0)&&(this._rDelay=t.repeatDelay||0,this._yoyo=!!t.yoyo||!!t.yoyoEase),this._ts=1,Ra(this,+t.duration,1,1),this.data=t.data,l&&(this._ctx=l).data.push(this),d||Rt.wake()}qa(Ut.prototype,{_time:0,_start:0,_end:0,_tTime:0,_tDur:0,_dirty:0,_repeat:0,_yoyo:!1,parent:null,_initted:!1,_rDelay:0,_ts:1,_dp:0,ratio:0,_zTime:-X,_prom:0,_ps:!1,_rts:1});var Xt=function(i){function Timeline(t,e){var r;return void 0===t&&(t={}),(r=i.call(this,t)||this).labels={},r.smoothChildTiming=!!t.smoothChildTiming,r.autoRemoveChildren=!!t.autoRemoveChildren,r._sort=w(t.sortChildren),I&&Ka(t.parent||I,_assertThisInitialized(r),e),t.reversed&&r.reverse(),t.paused&&r.paused(!0),t.scrollTrigger&&La(_assertThisInitialized(r),t.scrollTrigger),r}_inheritsLoose(Timeline,i);var e=Timeline.prototype;return e.to=function to(t,e,r){return Va(0,arguments,this),this},e.from=function from(t,e,r){return Va(1,arguments,this),this},e.fromTo=function fromTo(t,e,r,i){return Va(2,arguments,this),this},e.set=function set(t,e,r){return e.duration=0,e.parent=this,va(e).repeatDelay||(e.repeat=0),e.immediateRender=!!e.immediateRender,new Zt(t,e,xt(this,r),1),this},e.call=function call(t,e,r){return Ka(this,Zt.delayedCall(0,t,e),r)},e.staggerTo=function staggerTo(t,e,r,i,n,a,s){return r.duration=e,r.stagger=r.stagger||i,r.onComplete=a,r.onCompleteParams=s,r.parent=this,new Zt(t,r,xt(this,n)),this},e.staggerFrom=function staggerFrom(t,e,r,i,n,a,s){return r.runBackwards=1,va(r).immediateRender=w(r.immediateRender),this.staggerTo(t,e,r,i,n,a,s)},e.staggerFromTo=function staggerFromTo(t,e,r,i,n,a,s,o){return i.startAt=r,va(i).immediateRender=w(i.immediateRender),this.staggerTo(t,e,i,n,a,s,o)},e.render=function render(t,e,r){var i,n,a,s,o,u,h,l,f,c,d,p,_=this._time,m=this._dirty?this.totalDuration():this._tDur,g=this._dur,v=t<=0?0:ja(t),y=this._zTime<0!=t<0&&(this._initted||!g);if(this!==I&&m<v&&0<=t&&(v=m),v!==this._tTime||r||y){if(_!==this._time&&g&&(v+=this._time-_,t+=this._time-_),i=v,f=this._start,u=!(l=this._ts),y&&(g||(_=this._zTime),!t&&e||(this._zTime=t)),this._repeat){if(d=this._yoyo,o=g+this._rDelay,this._repeat<-1&&t<0)return this.totalTime(100*o+t,e,r);if(i=ja(v%o),v===m?(s=this._repeat,i=g):((s=~~(v/o))&&s===v/o&&(i=g,s--),g<i&&(i=g)),c=Tt(this._tTime,o),!_&&this._tTime&&c!==s&&this._tTime-c*o-this._dur<=0&&(c=s),d&&1&s&&(i=g-i,p=1),s!==c&&!this._lock){var T=d&&1&c,b=T===(d&&1&s);if(s<c&&(T=!T),_=T?0:v%g?g:v,this._lock=1,this.render(_||(p?0:ja(s*o)),e,!g)._lock=0,this._tTime=v,!e&&this.parent&&At(this,"onRepeat"),this.vars.repeatRefresh&&!p&&(this.invalidate()._lock=1),_&&_!==this._time||u!=!this._ts||this.vars.onRepeat&&!this.parent&&!this._act)return this;if(g=this._dur,m=this._tDur,b&&(this._lock=2,_=T?g:-1e-4,this.render(_,!0),this.vars.repeatRefresh&&!p&&this.invalidate()),this._lock=0,!this._ts&&!u)return this;Qb(this,p)}}if(this._hasPause&&!this._forcing&&this._lock<2&&(h=function _findNextPauseTween(t,e,r){var i;if(e<r)for(i=t._first;i&&i._start<=r;){if("isPause"===i.data&&i._start>e)return i;i=i._next}else for(i=t._last;i&&i._start>=r;){if("isPause"===i.data&&i._start<e)return i;i=i._prev}}(this,ja(_),ja(i)))&&(v-=i-(i=h._start)),this._tTime=v,this._time=i,this._act=!l,this._initted||(this._onUpdate=this.vars.onUpdate,this._initted=1,this._zTime=t,_=0),!_&&i&&!e&&!s&&(At(this,"onStart"),this._tTime!==v))return this;if(_<=i&&0<=t)for(n=this._first;n;){if(a=n._next,(n._act||i>=n._start)&&n._ts&&h!==n){if(n.parent!==this)return this.render(t,e,r);if(n.render(0<n._ts?(i-n._start)*n._ts:(n._dirty?n.totalDuration():n._tDur)+(i-n._start)*n._ts,e,r),i!==this._time||!this._ts&&!u){h=0,a&&(v+=this._zTime=-X);break}}n=a}else{n=this._last;for(var w=t<0?t:i;n;){if(a=n._prev,(n._act||w<=n._end)&&n._ts&&h!==n){if(n.parent!==this)return this.render(t,e,r);if(n.render(0<n._ts?(w-n._start)*n._ts:(n._dirty?n.totalDuration():n._tDur)+(w-n._start)*n._ts,e,r||L&&(n._initted||n._startAt)),i!==this._time||!this._ts&&!u){h=0,a&&(v+=this._zTime=w?-X:X);break}}n=a}}if(h&&!e&&(this.pause(),h.render(_<=i?0:-X)._zTime=_<=i?1:-1,this._ts))return this._start=f,Ha(this),this.render(t,e,r);this._onUpdate&&!e&&At(this,"onUpdate",!0),(v===m&&this._tTime>=this.totalDuration()||!v&&_)&&(f!==this._start&&Math.abs(l)===Math.abs(this._ts)||this._lock||(!t&&g||!(v===m&&0<this._ts||!v&&this._ts<0)||za(this,1),e||t<0&&!_||!v&&!_&&m||(At(this,v===m&&0<=t?"onComplete":"onReverseComplete",!0),!this._prom||v<m&&0<this.timeScale()||this._prom())))}return this},e.add=function add(e,i){var n=this;if(t(i)||(i=xt(this,i,e)),!(e instanceof Ut)){if($(e))return e.forEach(function(t){return n.add(t,i)}),this;if(r(e))return this.addLabel(e,i);if(!s(e))return this;e=Zt.delayedCall(0,e)}return this!==e?Ka(this,e,i):this},e.getChildren=function getChildren(t,e,r,i){void 0===t&&(t=!0),void 0===e&&(e=!0),void 0===r&&(r=!0),void 0===i&&(i=-U);for(var n=[],a=this._first;a;)a._start>=i&&(a instanceof Zt?e&&n.push(a):(r&&n.push(a),t&&n.push.apply(n,a.getChildren(!0,e,r)))),a=a._next;return n},e.getById=function getById(t){for(var e=this.getChildren(1,1,1),r=e.length;r--;)if(e[r].vars.id===t)return e[r]},e.remove=function remove(t){return r(t)?this.removeLabel(t):s(t)?this.killTweensOf(t):(ya(this,t),t===this._recent&&(this._recent=this._last),Aa(this))},e.totalTime=function totalTime(t,e){return arguments.length?(this._forcing=1,!this._dp&&this._ts&&(this._start=ja(Rt.time-(0<this._ts?t/this._ts:(this.totalDuration()-t)/-this._ts))),i.prototype.totalTime.call(this,t,e),this._forcing=0,this):this._tTime},e.addLabel=function addLabel(t,e){return this.labels[t]=xt(this,e),this},e.removeLabel=function removeLabel(t){return delete this.labels[t],this},e.addPause=function addPause(t,e,r){var i=Zt.delayedCall(0,e||T,r);return i.data="isPause",this._hasPause=1,Ka(this,i,xt(this,t))},e.removePause=function removePause(t){var e=this._first;for(t=xt(this,t);e;)e._start===t&&"isPause"===e.data&&za(e),e=e._next},e.killTweensOf=function killTweensOf(t,e,r){for(var i=this.getTweensOf(t,r),n=i.length;n--;)Nt!==i[n]&&i[n].kill(t,e);return this},e.getTweensOf=function getTweensOf(e,r){for(var i,n=[],a=Ot(e),s=this._first,o=t(r);s;)s instanceof Zt?la(s._targets,a)&&(o?(!Nt||s._initted&&s._ts)&&s.globalTime(0)<=r&&s.globalTime(s.totalDuration())>r:!r||s.isActive())&&n.push(s):(i=s.getTweensOf(a,r)).length&&n.push.apply(n,i),s=s._next;return n},e.tweenTo=function tweenTo(t,e){e=e||{};var r,i=this,n=xt(i,t),a=e.startAt,s=e.onStart,o=e.onStartParams,u=e.immediateRender,h=Zt.to(i,qa({ease:e.ease||"none",lazy:!1,immediateRender:!1,time:n,overwrite:"auto",duration:e.duration||Math.abs((n-(a&&"time"in a?a.time:i._time))/i.timeScale())||X,onStart:function onStart(){if(i.pause(),!r){var t=e.duration||Math.abs((n-(a&&"time"in a?a.time:i._time))/i.timeScale());h._dur!==t&&Ra(h,t,0,1).render(h._time,!0,!0),r=1}s&&s.apply(h,o||[])}},e));return u?h.render(0):h},e.tweenFromTo=function tweenFromTo(t,e,r){return this.tweenTo(e,qa({startAt:{time:xt(this,t)}},r))},e.recent=function recent(){return this._recent},e.nextLabel=function nextLabel(t){return void 0===t&&(t=this._time),rb(this,xt(this,t))},e.previousLabel=function previousLabel(t){return void 0===t&&(t=this._time),rb(this,xt(this,t),1)},e.currentLabel=function currentLabel(t){return arguments.length?this.seek(t,!0):this.previousLabel(this._time+X)},e.shiftChildren=function shiftChildren(t,e,r){void 0===r&&(r=0);for(var i,n=this._first,a=this.labels;n;)n._start>=r&&(n._start+=t,n._end+=t),n=n._next;if(e)for(i in a)a[i]>=r&&(a[i]+=t);return Aa(this)},e.invalidate=function invalidate(t){var e=this._first;for(this._lock=0;e;)e.invalidate(t),e=e._next;return i.prototype.invalidate.call(this,t)},e.clear=function clear(t){void 0===t&&(t=!0);for(var e,r=this._first;r;)e=r._next,this.remove(r),r=e;return this._dp&&(this._time=this._tTime=this._pTime=0),t&&(this.labels={}),Aa(this)},e.totalDuration=function totalDuration(t){var e,r,i,n=0,a=this,s=a._last,o=U;if(arguments.length)return a.timeScale((a._repeat<0?a.duration():a.totalDuration())/(a.reversed()?-t:t));if(a._dirty){for(i=a.parent;s;)e=s._prev,s._dirty&&s.totalDuration(),o<(r=s._start)&&a._sort&&s._ts&&!a._lock?(a._lock=1,Ka(a,s,r-s._delay,1)._lock=0):o=r,r<0&&s._ts&&(n-=r,(!i&&!a._dp||i&&i.smoothChildTiming)&&(a._start+=r/a._ts,a._time-=r,a._tTime-=r),a.shiftChildren(-r,!1,-Infinity),o=0),s._end>n&&s._ts&&(n=s._end),s=e;Ra(a,a===I&&a._time>n?a._time:n,1,1),a._dirty=0}return a._tDur},Timeline.updateRoot=function updateRoot(t){if(I._ts&&(na(I,Ga(t,I)),f=Rt.frame),Rt.frame>=mt){mt+=q.autoSleep||120;var e=I._first;if((!e||!e._ts)&&q.autoSleep&&Rt._listeners.length<2){for(;e&&!e._ts;)e=e._next;e||Rt.sleep()}}},Timeline}(Ut);qa(Xt.prototype,{_lock:0,_hasPause:0,_forcing:0});function ac(t,e,i,n,a,o){var u,h,l,f;if(pt[t]&&!1!==(u=new pt[t]).init(a,u.rawVars?e[t]:function _processVars(t,e,i,n,a){if(s(t)&&(t=Kt(t,a,e,i,n)),!v(t)||t.style&&t.nodeType||$(t)||Z(t))return r(t)?Kt(t,a,e,i,n):t;var o,u={};for(o in t)u[o]=Kt(t[o],a,e,i,n);return u}(e[t],n,a,o,i),i,n,o)&&(i._pt=h=new _e(i._pt,a,t,0,1,u.render,u,0,u.priority),i!==c))for(l=i._ptLookup[i._targets.indexOf(a)],f=u._props.length;f--;)l[u._props[f]]=h;return u}function gc(t,r,e,i){var n,a,s=r.ease||i||"power1.inOut";if($(r))a=e[t]||(e[t]=[]),r.forEach(function(t,e){return a.push({t:e/(r.length-1)*100,v:t,e:s})});else for(n in r)a=e[n]||(e[n]=[]),"ease"===n||a.push({t:parseFloat(t),v:r[n],e:s})}var Nt,Wt,Qt=function _addPropTween(t,e,i,n,a,o,u,h,l,f){s(n)&&(n=n(a||0,t,o));var c,d=t[e],p="get"!==i?i:s(d)?l?t[e.indexOf("set")||!s(t["get"+e.substr(3)])?e:"get"+e.substr(3)](l):t[e]():d,_=s(d)?l?re:te:$t;if(r(n)&&(~n.indexOf("random(")&&(n=ob(n)),"="===n.charAt(1)&&(!(c=ka(p,n)+(Ya(p)||0))&&0!==c||(n=c))),!f||p!==n||Wt)return isNaN(p*n)||""===n?(d||e in t||Q(e,n),function _addComplexStringPropTween(t,e,r,i,n,a,s){var o,u,h,l,f,c,d,p,_=new _e(this._pt,t,e,0,1,ue,null,n),m=0,g=0;for(_.b=r,_.e=i,r+="",(d=~(i+="").indexOf("random("))&&(i=ob(i)),a&&(a(p=[r,i],t,e),r=p[0],i=p[1]),u=r.match(it)||[];o=it.exec(i);)l=o[0],f=i.substring(m,o.index),h?h=(h+1)%5:"rgba("===f.substr(-5)&&(h=1),l!==u[g++]&&(c=parseFloat(u[g-1])||0,_._pt={_next:_._pt,p:f||1===g?f:",",s:c,c:"="===l.charAt(1)?ka(c,l)-c:parseFloat(l)-c,m:h&&h<4?Math.round:0},m=it.lastIndex);return _.c=m<i.length?i.substring(m,i.length):"",_.fp=s,(nt.test(i)||d)&&(_.e=0),this._pt=_}.call(this,t,e,p,n,_,h||q.stringFilter,l)):(c=new _e(this._pt,t,e,+p||0,n-(p||0),"boolean"==typeof d?se:ae,0,_),l&&(c.fp=l),u&&c.modifier(u,this,t),this._pt=c)},Gt=function _initTween(t,e,r){var i,n,a,s,o,u,h,l,f,c,d,p,_,m=t.vars,g=m.ease,v=m.startAt,y=m.immediateRender,T=m.lazy,b=m.onUpdate,x=m.onUpdateParams,k=m.callbackScope,M=m.runBackwards,O=m.yoyoEase,P=m.keyframes,A=m.autoRevert,C=t._dur,S=t._startAt,E=t._targets,D=t.parent,z=D&&"nested"===D.data?D.vars.targets:E,R="auto"===t._overwrite&&!B,F=t.timeline;if(!F||P&&g||(g="none"),t._ease=jt(g,V.ease),t._yEase=O?Yt(jt(!0===O?g:O,V.ease)):0,O&&t._yoyo&&!t._repeat&&(O=t._yEase,t._yEase=t._ease,t._ease=O),t._from=!F&&!!m.runBackwards,!F||P&&!m.stagger){if(p=(l=E[0]?fa(E[0]).harness:0)&&m[l.prop],i=ua(m,ft),S&&(S._zTime<0&&S.progress(1),e<0&&M&&y&&!A?S.render(-1,!0):S.revert(M&&C?ht:ut),S._lazy=0),v){if(za(t._startAt=Zt.set(E,qa({data:"isStart",overwrite:!1,parent:D,immediateRender:!0,lazy:!S&&w(T),startAt:null,delay:0,onUpdate:b,onUpdateParams:x,callbackScope:k,stagger:0},v))),t._startAt._dp=0,t._startAt._sat=t,e<0&&(L||!y&&!A)&&t._startAt.revert(ht),y&&C&&e<=0&&r<=0)return void(e&&(t._zTime=e))}else if(M&&C&&!S)if(e&&(y=!1),a=qa({overwrite:!1,data:"isFromStart",lazy:y&&!S&&w(T),immediateRender:y,stagger:0,parent:D},i),p&&(a[l.prop]=p),za(t._startAt=Zt.set(E,a)),t._startAt._dp=0,t._startAt._sat=t,e<0&&(L?t._startAt.revert(ht):t._startAt.render(-1,!0)),t._zTime=e,y){if(!e)return}else _initTween(t._startAt,X,X);for(t._pt=t._ptCache=0,T=C&&w(T)||T&&!C,n=0;n<E.length;n++){if(h=(o=E[n])._gsap||ea(E)[n]._gsap,t._ptLookup[n]=c={},dt[h.id]&&ct.length&&ma(),d=z===E?n:z.indexOf(o),l&&!1!==(f=new l).init(o,p||i,t,d,z)&&(t._pt=s=new _e(t._pt,o,f.name,0,1,f.render,f,0,f.priority),f._props.forEach(function(t){c[t]=s}),f.priority&&(u=1)),!l||p)for(a in i)pt[a]&&(f=ac(a,i,t,d,o,z))?f.priority&&(u=1):c[a]=s=Qt.call(t,o,a,"get",i[a],d,z,0,m.stringFilter);t._op&&t._op[n]&&t.kill(o,t._op[n]),R&&t._pt&&(Nt=t,I.killTweensOf(o,c,t.globalTime(e)),_=!t.parent,Nt=0),t._pt&&T&&(dt[h.id]=1)}u&&pe(t),t._onInit&&t._onInit(t)}t._onUpdate=b,t._initted=(!t._op||t._pt)&&!_,P&&e<=0&&F.render(U,!0,!0)},Kt=function _parseFuncOrString(t,e,i,n,a){return s(t)?t.call(e,i,n,a):r(t)&&~t.indexOf("random(")?ob(t):t},Jt=vt+"repeat,repeatDelay,yoyo,repeatRefresh,yoyoEase,autoRevert",Ht={};ha(Jt+",id,stagger,delay,duration,paused,scrollTrigger",function(t){return Ht[t]=1});var Zt=function(z){function Tween(e,r,i,n){var a;"number"==typeof r&&(i.duration=r,r=i,i=null);var s,o,u,h,l,f,c,d,p=(a=z.call(this,n?r:va(r))||this).vars,_=p.duration,m=p.delay,g=p.immediateRender,T=p.stagger,b=p.overwrite,x=p.keyframes,k=p.defaults,M=p.scrollTrigger,O=p.yoyoEase,P=r.parent||I,A=($(e)||Z(e)?t(e[0]):"length"in r)?[e]:Ot(e);if(a._targets=A.length?ea(A):R("GSAP target "+e+" not found. https://greensock.com",!q.nullTargetWarn)||[],a._ptLookup=[],a._overwrite=b,x||T||y(_)||y(m)){if(r=a.vars,(s=a.timeline=new Xt({data:"nested",defaults:k||{},targets:P&&"nested"===P.data?P.vars.targets:A})).kill(),s.parent=s._dp=_assertThisInitialized(a),s._start=0,T||y(_)||y(m)){if(h=A.length,c=T&&eb(T),v(T))for(l in T)~Jt.indexOf(l)&&((d=d||{})[l]=T[l]);for(o=0;o<h;o++)(u=ua(r,Ht)).stagger=0,O&&(u.yoyoEase=O),d&&yt(u,d),f=A[o],u.duration=+Kt(_,_assertThisInitialized(a),o,f,A),u.delay=(+Kt(m,_assertThisInitialized(a),o,f,A)||0)-a._delay,!T&&1===h&&u.delay&&(a._delay=m=u.delay,a._start+=m,u.delay=0),s.to(f,u,c?c(o,f,A):0),s._ease=Bt.none;s.duration()?_=m=0:a.timeline=0}else if(x){va(qa(s.vars.defaults,{ease:"none"})),s._ease=jt(x.ease||r.ease||"none");var C,S,E,D=0;if($(x))x.forEach(function(t){return s.to(A,t,">")}),s.duration();else{for(l in u={},x)"ease"===l||"easeEach"===l||gc(l,x[l],u,x.easeEach);for(l in u)for(C=u[l].sort(function(t,e){return t.t-e.t}),o=D=0;o<C.length;o++)(E={ease:(S=C[o]).e,duration:(S.t-(o?C[o-1].t:0))/100*_})[l]=S.v,s.to(A,E,D),D+=E.duration;s.duration()<_&&s.to({},{duration:_-s.duration()})}}_||a.duration(_=s.duration())}else a.timeline=0;return!0!==b||B||(Nt=_assertThisInitialized(a),I.killTweensOf(A),Nt=0),Ka(P,_assertThisInitialized(a),i),r.reversed&&a.reverse(),r.paused&&a.paused(!0),(g||!_&&!x&&a._start===ja(P._time)&&w(g)&&function _hasNoPausedAncestors(t){return!t||t._ts&&_hasNoPausedAncestors(t.parent)}(_assertThisInitialized(a))&&"nested"!==P.data)&&(a._tTime=-X,a.render(Math.max(0,-m)||0)),M&&La(_assertThisInitialized(a),M),a}_inheritsLoose(Tween,z);var e=Tween.prototype;return e.render=function render(t,e,r){var i,n,a,s,o,u,h,l,f,c=this._time,d=this._tDur,p=this._dur,_=t<0,m=d-X<t&&!_?d:t<X?0:t;if(p){if(m!==this._tTime||!t||r||!this._initted&&this._tTime||this._startAt&&this._zTime<0!=_){if(i=m,l=this.timeline,this._repeat){if(s=p+this._rDelay,this._repeat<-1&&_)return this.totalTime(100*s+t,e,r);if(i=ja(m%s),m===d?(a=this._repeat,i=p):((a=~~(m/s))&&a===m/s&&(i=p,a--),p<i&&(i=p)),(u=this._yoyo&&1&a)&&(f=this._yEase,i=p-i),o=Tt(this._tTime,s),i===c&&!r&&this._initted)return this._tTime=m,this;a!==o&&(l&&this._yEase&&Qb(l,u),!this.vars.repeatRefresh||u||this._lock||(this._lock=r=1,this.render(ja(s*a),!0).invalidate()._lock=0))}if(!this._initted){if(Ma(this,_?t:i,r,e,m))return this._tTime=0,this;if(c!==this._time)return this;if(p!==this._dur)return this.render(t,e,r)}if(this._tTime=m,this._time=i,!this._act&&this._ts&&(this._act=1,this._lazy=0),this.ratio=h=(f||this._ease)(i/p),this._from&&(this.ratio=h=1-h),i&&!c&&!e&&!a&&(At(this,"onStart"),this._tTime!==m))return this;for(n=this._pt;n;)n.r(h,n.d),n=n._next;l&&l.render(t<0?t:!i&&u?-X:l._dur*l._ease(i/this._dur),e,r)||this._startAt&&(this._zTime=t),this._onUpdate&&!e&&(_&&Ca(this,t,0,r),At(this,"onUpdate")),this._repeat&&a!==o&&this.vars.onRepeat&&!e&&this.parent&&At(this,"onRepeat"),m!==this._tDur&&m||this._tTime!==m||(_&&!this._onUpdate&&Ca(this,t,0,!0),!t&&p||!(m===this._tDur&&0<this._ts||!m&&this._ts<0)||za(this,1),e||_&&!c||!(m||c||u)||(At(this,m===d?"onComplete":"onReverseComplete",!0),!this._prom||m<d&&0<this.timeScale()||this._prom()))}}else!function _renderZeroDurationTween(t,e,r,i){var n,a,s,o=t.ratio,u=e<0||!e&&(!t._start&&function _parentPlayheadIsBeforeStart(t){var e=t.parent;return e&&e._ts&&e._initted&&!e._lock&&(e.rawTime()<0||_parentPlayheadIsBeforeStart(e))}(t)&&(t._initted||!bt(t))||(t._ts<0||t._dp._ts<0)&&!bt(t))?0:1,h=t._rDelay,l=0;if(h&&t._repeat&&(l=kt(0,t._tDur,e),a=Tt(l,h),t._yoyo&&1&a&&(u=1-u),a!==Tt(t._tTime,h)&&(o=1-u,t.vars.repeatRefresh&&t._initted&&t.invalidate())),u!==o||L||i||t._zTime===X||!e&&t._zTime){if(!t._initted&&Ma(t,e,i,r,l))return;for(s=t._zTime,t._zTime=e||(r?X:0),r=r||e&&!s,t.ratio=u,t._from&&(u=1-u),t._time=0,t._tTime=l,n=t._pt;n;)n.r(u,n.d),n=n._next;e<0&&Ca(t,e,0,!0),t._onUpdate&&!r&&At(t,"onUpdate"),l&&t._repeat&&!r&&t.parent&&At(t,"onRepeat"),(e>=t._tDur||e<0)&&t.ratio===u&&(u&&za(t,1),r||L||(At(t,u?"onComplete":"onReverseComplete",!0),t._prom&&t._prom()))}else t._zTime||(t._zTime=e)}(this,t,e,r);return this},e.targets=function targets(){return this._targets},e.invalidate=function invalidate(t){return t&&this.vars.runBackwards||(this._startAt=0),this._pt=this._op=this._onUpdate=this._lazy=this.ratio=0,this._ptLookup=[],this.timeline&&this.timeline.invalidate(t),z.prototype.invalidate.call(this,t)},e.resetTo=function resetTo(t,e,r,i){d||Rt.wake(),this._ts||this.play();var n,a=Math.min(this._dur,(this._dp._time-this._start)*this._ts);return this._initted||Gt(this,a),n=this._ease(a/this._dur),function _updatePropTweens(t,e,r,i,n,a,s){var o,u,h,l,f=(t._pt&&t._ptCache||(t._ptCache={}))[e];if(!f)for(f=t._ptCache[e]=[],h=t._ptLookup,l=t._targets.length;l--;){if((o=h[l][e])&&o.d&&o.d._pt)for(o=o.d._pt;o&&o.p!==e&&o.fp!==e;)o=o._next;if(!o)return Wt=1,t.vars[e]="+=0",Gt(t,s),Wt=0,1;f.push(o)}for(l=f.length;l--;)(o=(u=f[l])._pt||u).s=!i&&0!==i||n?o.s+(i||0)+a*o.c:i,o.c=r-o.s,u.e&&(u.e=ia(r)+Ya(u.e)),u.b&&(u.b=o.s+Ya(u.b))}(this,t,e,r,i,n,a)?this.resetTo(t,e,r,i):(Ia(this,0),this.parent||xa(this._dp,this,"_first","_last",this._dp._sort?"_start":0),this.render(0))},e.kill=function kill(t,e){if(void 0===e&&(e="all"),!(t||e&&"all"!==e))return this._lazy=this._pt=0,this.parent?tb(this):this;if(this.timeline){var i=this.timeline.totalDuration();return this.timeline.killTweensOf(t,e,Nt&&!0!==Nt.vars.overwrite)._first||tb(this),this.parent&&i!==this.timeline.totalDuration()&&Ra(this,this._dur*this.timeline._tDur/i,0,1),this}var n,a,s,o,u,h,l,f=this._targets,c=t?Ot(t):f,d=this._ptLookup,p=this._pt;if((!e||"all"===e)&&function _arraysMatch(t,e){for(var r=t.length,i=r===e.length;i&&r--&&t[r]===e[r];);return r<0}(f,c))return"all"===e&&(this._pt=0),tb(this);for(n=this._op=this._op||[],"all"!==e&&(r(e)&&(u={},ha(e,function(t){return u[t]=1}),e=u),e=function _addAliasesToVars(t,e){var r,i,n,a,s=t[0]?fa(t[0]).harness:0,o=s&&s.aliases;if(!o)return e;for(i in r=yt({},e),o)if(i in r)for(n=(a=o[i].split(",")).length;n--;)r[a[n]]=r[i];return r}(f,e)),l=f.length;l--;)if(~c.indexOf(f[l]))for(u in a=d[l],"all"===e?(n[l]=e,o=a,s={}):(s=n[l]=n[l]||{},o=e),o)(h=a&&a[u])&&("kill"in h.d&&!0!==h.d.kill(u)||ya(this,h,"_pt"),delete a[u]),"all"!==s&&(s[u]=1);return this._initted&&!this._pt&&p&&tb(this),this},Tween.to=function to(t,e,r){return new Tween(t,e,r)},Tween.from=function from(t,e){return Va(1,arguments)},Tween.delayedCall=function delayedCall(t,e,r,i){return new Tween(e,0,{immediateRender:!1,lazy:!1,overwrite:!1,delay:t,onComplete:e,onReverseComplete:e,onCompleteParams:r,onReverseCompleteParams:r,callbackScope:i})},Tween.fromTo=function fromTo(t,e,r){return Va(2,arguments)},Tween.set=function set(t,e){return e.duration=0,e.repeatDelay||(e.repeat=0),new Tween(t,e)},Tween.killTweensOf=function killTweensOf(t,e,r){return I.killTweensOf(t,e,r)},Tween}(Ut);qa(Zt.prototype,{_targets:[],_lazy:0,_startAt:0,_op:0,_onInit:0}),ha("staggerTo,staggerFrom,staggerFromTo",function(r){Zt[r]=function(){var t=new Xt,e=Mt.call(arguments,0);return e.splice("staggerFromTo"===r?5:4,0,0),t[r].apply(t,e)}});function oc(t,e,r){return t.setAttribute(e,r)}function wc(t,e,r,i){i.mSet(t,e,i.m.call(i.tween,r,i.mt),i)}var $t=function _setterPlain(t,e,r){return t[e]=r},te=function _setterFunc(t,e,r){return t[e](r)},re=function _setterFuncWithParam(t,e,r,i){return t[e](i.fp,r)},ne=function _getSetter(t,e){return s(t[e])?te:u(t[e])&&t.setAttribute?oc:$t},ae=function _renderPlain(t,e){return e.set(e.t,e.p,Math.round(1e6*(e.s+e.c*t))/1e6,e)},se=function _renderBoolean(t,e){return e.set(e.t,e.p,!!(e.s+e.c*t),e)},ue=function _renderComplexString(t,e){var r=e._pt,i="";if(!t&&e.b)i=e.b;else if(1===t&&e.e)i=e.e;else{for(;r;)i=r.p+(r.m?r.m(r.s+r.c*t):Math.round(1e4*(r.s+r.c*t))/1e4)+i,r=r._next;i+=e.c}e.set(e.t,e.p,i,e)},he=function _renderPropTweens(t,e){for(var r=e._pt;r;)r.r(t,r.d),r=r._next},fe=function _addPluginModifier(t,e,r,i){for(var n,a=this._pt;a;)n=a._next,a.p===i&&a.modifier(t,e,r),a=n},ce=function _killPropTweensOf(t){for(var e,r,i=this._pt;i;)r=i._next,i.p===t&&!i.op||i.op===t?ya(this,i,"_pt"):i.dep||(e=1),i=r;return!e},pe=function _sortPropTweensByPriority(t){for(var e,r,i,n,a=t._pt;a;){for(e=a._next,r=i;r&&r.pr>a.pr;)r=r._next;(a._prev=r?r._prev:n)?a._prev._next=a:i=a,(a._next=r)?r._prev=a:n=a,a=e}t._pt=i},_e=(PropTween.prototype.modifier=function modifier(t,e,r){this.mSet=this.mSet||this.set,this.set=wc,this.m=t,this.mt=r,this.tween=e},PropTween);function PropTween(t,e,r,i,n,a,s,o,u){this.t=e,this.s=i,this.c=n,this.p=r,this.r=a||ae,this.d=s||this,this.set=o||$t,this.pr=u||0,(this._next=t)&&(t._prev=this)}ha(vt+"parent,duration,ease,delay,overwrite,runBackwards,startAt,yoyo,immediateRender,repeat,repeatDelay,data,paused,reversed,lazy,callbackScope,stringFilter,id,yoyoEase,stagger,inherit,repeatRefresh,keyframes,autoRevert,scrollTrigger",function(t){return ft[t]=1}),ot.TweenMax=ot.TweenLite=Zt,ot.TimelineLite=ot.TimelineMax=Xt,I=new Xt({sortChildren:!1,defaults:V,autoRemoveChildren:!0,id:"root",smoothChildTiming:!0}),q.stringFilter=Fb;function Ec(t){return(ye[t]||Te).map(function(t){return t()})}function Fc(){var t=Date.now(),o=[];2<t-Me&&(Ec("matchMediaInit"),ge.forEach(function(t){var e,r,i,n,a=t.queries,s=t.conditions;for(r in a)(e=h.matchMedia(a[r]).matches)&&(i=1),e!==s[r]&&(s[r]=e,n=1);n&&(t.revert(),i&&o.push(t))}),Ec("matchMediaRevert"),o.forEach(function(t){return t.onMatch(t)}),Me=t,Ec("matchMedia"))}var me,ge=[],ye={},Te=[],Me=0,Oe=0,Pe=((me=Context.prototype).add=function add(t,i,n){function Ew(){var t,e=l,r=a.selector;return e&&e!==a&&e.data.push(a),n&&(a.selector=cb(n)),l=a,t=i.apply(a,arguments),s(t)&&a._r.push(t),l=e,a.selector=r,a.isReverted=!1,t}s(t)&&(n=i,i=t,t=s);var a=this;return a.last=Ew,t===s?Ew(a):t?a[t]=Ew:Ew},me.ignore=function ignore(t){var e=l;l=null,t(this),l=e},me.getTweens=function getTweens(){var e=[];return this.data.forEach(function(t){return t instanceof Context?e.push.apply(e,t.getTweens()):t instanceof Zt&&!(t.parent&&"nested"===t.parent.data)&&e.push(t)}),e},me.clear=function clear(){this._r.length=this.data.length=0},me.kill=function kill(e,t){var r=this;if(e){var i=this.getTweens();this.data.forEach(function(t){"isFlip"===t.data&&(t.revert(),t.getChildren(!0,!0,!1).forEach(function(t){return i.splice(i.indexOf(t),1)}))}),i.map(function(t){return{g:t.globalTime(0),t:t}}).sort(function(t,e){return e.g-t.g||-1/0}).forEach(function(t){return t.t.revert(e)}),this.data.forEach(function(t){return!(t instanceof Zt)&&t.revert&&t.revert(e)}),this._r.forEach(function(t){return t(e,r)}),this.isReverted=!0}else this.data.forEach(function(t){return t.kill&&t.kill()});if(this.clear(),t)for(var n=ge.length;n--;)ge[n].id===this.id&&ge.splice(n,1)},me.revert=function revert(t){this.kill(t||{})},Context);function Context(t,e){this.selector=e&&cb(e),this.data=[],this._r=[],this.isReverted=!1,this.id=Oe++,t&&this.add(t)}var Ae,Ce=((Ae=MatchMedia.prototype).add=function add(t,e,r){v(t)||(t={matches:t});var i,n,a,s=new Pe(0,r||this.scope),o=s.conditions={};for(n in l&&!s.selector&&(s.selector=l.selector),this.contexts.push(s),e=s.add("onMatch",e),s.queries=t)"all"===n?a=1:(i=h.matchMedia(t[n]))&&(ge.indexOf(s)<0&&ge.push(s),(o[n]=i.matches)&&(a=1),i.addListener?i.addListener(Fc):i.addEventListener("change",Fc));return a&&e(s),this},Ae.revert=function revert(t){this.kill(t||{})},Ae.kill=function kill(e){this.contexts.forEach(function(t){return t.kill(e,!0)})},MatchMedia);function MatchMedia(t){this.contexts=[],this.scope=t}var Se={registerPlugin:function registerPlugin(){for(var t=arguments.length,e=new Array(t),r=0;r<t;r++)e[r]=arguments[r];e.forEach(function(t){return wb(t)})},timeline:function timeline(t){return new Xt(t)},getTweensOf:function getTweensOf(t,e){return I.getTweensOf(t,e)},getProperty:function getProperty(i,t,e,n){r(i)&&(i=Ot(i)[0]);var a=fa(i||{}).get,s=e?pa:oa;return"native"===e&&(e=""),i?t?s((pt[t]&&pt[t].get||a)(i,t,e,n)):function(t,e,r){return s((pt[t]&&pt[t].get||a)(i,t,e,r))}:i},quickSetter:function quickSetter(r,e,i){if(1<(r=Ot(r)).length){var n=r.map(function(t){return Ee.quickSetter(t,e,i)}),a=n.length;return function(t){for(var e=a;e--;)n[e](t)}}r=r[0]||{};var s=pt[e],o=fa(r),u=o.harness&&(o.harness.aliases||{})[e]||e,h=s?function(t){var e=new s;c._pt=0,e.init(r,i?t+i:t,c,0,[r]),e.render(1,e),c._pt&&he(1,c)}:o.set(r,u);return s?h:function(t){return h(r,u,i?t+i:t,o,1)}},quickTo:function quickTo(t,i,e){function Wx(t,e,r){return n.resetTo(i,t,e,r)}var r,n=Ee.to(t,yt(((r={})[i]="+=0.1",r.paused=!0,r),e||{}));return Wx.tween=n,Wx},isTweening:function isTweening(t){return 0<I.getTweensOf(t,!0).length},defaults:function defaults(t){return t&&t.ease&&(t.ease=jt(t.ease,V.ease)),ta(V,t||{})},config:function config(t){return ta(q,t||{})},registerEffect:function registerEffect(t){var i=t.name,n=t.effect,e=t.plugins,a=t.defaults,r=t.extendTimeline;(e||"").split(",").forEach(function(t){return t&&!pt[t]&&!ot[t]&&R(i+" effect requires "+t+" plugin.")}),_t[i]=function(t,e,r){return n(Ot(t),qa(e||{},a),r)},r&&(Xt.prototype[i]=function(t,e,r){return this.add(_t[i](t,v(e)?e:(r=e)&&{},this),r)})},registerEase:function registerEase(t,e){Bt[t]=jt(e)},parseEase:function parseEase(t,e){return arguments.length?jt(t,e):Bt},getById:function getById(t){return I.getById(t)},exportRoot:function exportRoot(t,e){void 0===t&&(t={});var r,i,n=new Xt(t);for(n.smoothChildTiming=w(t.smoothChildTiming),I.remove(n),n._dp=0,n._time=n._tTime=I._time,r=I._first;r;)i=r._next,!e&&!r._dur&&r instanceof Zt&&r.vars.onComplete===r._targets[0]||Ka(n,r,r._start-r._delay),r=i;return Ka(I,n,0),n},context:function context(t,e){return t?new Pe(t,e):l},matchMedia:function matchMedia(t){return new Ce(t)},matchMediaRefresh:function matchMediaRefresh(){return ge.forEach(function(t){var e,r,i=t.conditions;for(r in i)i[r]&&(i[r]=!1,e=1);e&&t.revert()})||Fc()},addEventListener:function addEventListener(t,e){var r=ye[t]||(ye[t]=[]);~r.indexOf(e)||r.push(e)},removeEventListener:function removeEventListener(t,e){var r=ye[t],i=r&&r.indexOf(e);0<=i&&r.splice(i,1)},utils:{wrap:function wrap(e,t,r){var i=t-e;return $(e)?lb(e,wrap(0,e.length),t):Wa(r,function(t){return(i+(t-e)%i)%i+e})},wrapYoyo:function wrapYoyo(e,t,r){var i=t-e,n=2*i;return $(e)?lb(e,wrapYoyo(0,e.length-1),t):Wa(r,function(t){return e+(i<(t=(n+(t-e)%n)%n||0)?n-t:t)})},distribute:eb,random:hb,snap:gb,normalize:function normalize(t,e,r){return Pt(t,e,0,1,r)},getUnit:Ya,clamp:function clamp(e,r,t){return Wa(t,function(t){return kt(e,r,t)})},splitColor:Ab,toArray:Ot,selector:cb,mapRange:Pt,pipe:function pipe(){for(var t=arguments.length,e=new Array(t),r=0;r<t;r++)e[r]=arguments[r];return function(t){return e.reduce(function(t,e){return e(t)},t)}},unitize:function unitize(e,r){return function(t){return e(parseFloat(t))+(r||Ya(t))}},interpolate:function interpolate(e,i,t,n){var a=isNaN(e+i)?0:function(t){return(1-t)*e+t*i};if(!a){var s,o,u,h,l,f=r(e),c={};if(!0===t&&(n=1)&&(t=null),f)e={p:e},i={p:i};else if($(e)&&!$(i)){for(u=[],h=e.length,l=h-2,o=1;o<h;o++)u.push(interpolate(e[o-1],e[o]));h--,a=function func(t){t*=h;var e=Math.min(l,~~t);return u[e](t-e)},t=i}else n||(e=yt($(e)?[]:{},e));if(!u){for(s in i)Qt.call(c,e,s,"get",i[s]);a=function func(t){return he(t,c)||(f?e.p:e)}}}return Wa(t,a)},shuffle:db},install:P,effects:_t,ticker:Rt,updateRoot:Xt.updateRoot,plugins:pt,globalTimeline:I,core:{PropTween:_e,globals:S,Tween:Zt,Timeline:Xt,Animation:Ut,getCache:fa,_removeLinkedListItem:ya,reverting:function reverting(){return L},context:function context(t){return t&&l&&(l.data.push(t),t._ctx=l),l},suppressOverwrites:function suppressOverwrites(t){return B=t}}};ha("to,from,fromTo,delayedCall,set,killTweensOf",function(t){return Se[t]=Zt[t]}),Rt.add(Xt.updateRoot),c=Se.to({},{duration:0});function Jc(t,e){for(var r=t._pt;r&&r.p!==e&&r.op!==e&&r.fp!==e;)r=r._next;return r}function Lc(t,a){return{name:t,rawVars:1,init:function init(t,n,e){e._onInit=function(t){var e,i;if(r(n)&&(e={},ha(n,function(t){return e[t]=1}),n=e),a){for(i in e={},n)e[i]=a(n[i]);n=e}!function _addModifiers(t,e){var r,i,n,a=t._targets;for(r in e)for(i=a.length;i--;)(n=(n=t._ptLookup[i][r])&&n.d)&&(n._pt&&(n=Jc(n,r)),n&&n.modifier&&n.modifier(e[r],t,a[i],r))}(t,n)}}}}var Ee=Se.registerPlugin({name:"attr",init:function init(t,e,r,i,n){var a,s,o;for(a in this.tween=r,e)o=t.getAttribute(a)||"",(s=this.add(t,"setAttribute",(o||0)+"",e[a],i,n,0,0,a)).op=a,s.b=o,this._props.push(a)},render:function render(t,e){for(var r=e._pt;r;)L?r.set(r.t,r.p,r.b,r):r.r(t,r.d),r=r._next}},{name:"endArray",init:function init(t,e){for(var r=e.length;r--;)this.add(t,r,t[r]||0,e[r],0,0,0,0,0,1)}},Lc("roundProps",fb),Lc("modifiers"),Lc("snap",gb))||Se;Zt.version=Xt.version=Ee.version="3.12.2",o=1,x()&&Ft();function vd(t,e){return e.set(e.t,e.p,Math.round(1e4*(e.s+e.c*t))/1e4+e.u,e)}function wd(t,e){return e.set(e.t,e.p,1===t?e.e:Math.round(1e4*(e.s+e.c*t))/1e4+e.u,e)}function xd(t,e){return e.set(e.t,e.p,t?Math.round(1e4*(e.s+e.c*t))/1e4+e.u:e.b,e)}function yd(t,e){var r=e.s+e.c*t;e.set(e.t,e.p,~~(r+(r<0?-.5:.5))+e.u,e)}function zd(t,e){return e.set(e.t,e.p,t?e.e:e.b,e)}function Ad(t,e){return e.set(e.t,e.p,1!==t?e.b:e.e,e)}function Bd(t,e,r){return t.style[e]=r}function Cd(t,e,r){return t.style.setProperty(e,r)}function Dd(t,e,r){return t._gsap[e]=r}function Ed(t,e,r){return t._gsap.scaleX=t._gsap.scaleY=r}function Fd(t,e,r,i,n){var a=t._gsap;a.scaleX=a.scaleY=r,a.renderTransform(n,a)}function Gd(t,e,r,i,n){var a=t._gsap;a[e]=r,a.renderTransform(n,a)}function Jd(t,e){var r=this,i=this.target,n=i.style;if(t in ar&&n){if(this.tfm=this.tfm||{},"transform"===t)return cr.transform.split(",").forEach(function(t){return Jd.call(r,t,e)});if(~(t=cr[t]||t).indexOf(",")?t.split(",").forEach(function(t){return r.tfm[t]=yr(i,t)}):this.tfm[t]=i._gsap.x?i._gsap[t]:yr(i,t),0<=this.props.indexOf(dr))return;i._gsap.svg&&(this.svgo=i.getAttribute("data-svg-origin"),this.props.push(pr,e,"")),t=dr}(n||e)&&this.props.push(t,e,n[t])}function Kd(t){t.translate&&(t.removeProperty("translate"),t.removeProperty("scale"),t.removeProperty("rotate"))}function Ld(){var t,e,r=this.props,i=this.target,n=i.style,a=i._gsap;for(t=0;t<r.length;t+=3)r[t+1]?i[r[t]]=r[t+2]:r[t+2]?n[r[t]]=r[t+2]:n.removeProperty("--"===r[t].substr(0,2)?r[t]:r[t].replace(hr,"-$1").toLowerCase());if(this.tfm){for(e in this.tfm)a[e]=this.tfm[e];a.svg&&(a.renderTransform(),i.setAttribute("data-svg-origin",this.svgo||"")),(t=Ie())&&t.isStart||n[dr]||(Kd(n),a.uncache=1)}}function Md(t,e){var r={target:t,props:[],revert:Ld,save:Jd};return t._gsap||Ee.core.getCache(t),e&&e.split(",").forEach(function(t){return r.save(t)}),r}function Od(t,e){var r=ze.createElementNS?ze.createElementNS((e||"http://www.w3.org/1999/xhtml").replace(/^https/,"http"),t):ze.createElement(t);return r.style?r:ze.createElement(t)}function Pd(t,e,r){var i=getComputedStyle(t);return i[e]||i.getPropertyValue(e.replace(hr,"-$1").toLowerCase())||i.getPropertyValue(e)||!r&&Pd(t,mr(e)||e,1)||""}function Sd(){(function _windowExists(){return"undefined"!=typeof window})()&&window.document&&(De=window,ze=De.document,Re=ze.documentElement,Be=Od("div")||{style:{}},Od("div"),dr=mr(dr),pr=dr+"Origin",Be.style.cssText="border-width:0;line-height:0;position:absolute;padding:0",Ye=!!mr("perspective"),Ie=Ee.core.reverting,Fe=1)}function Td(t){var e,r=Od("svg",this.ownerSVGElement&&this.ownerSVGElement.getAttribute("xmlns")||"http://www.w3.org/2000/svg"),i=this.parentNode,n=this.nextSibling,a=this.style.cssText;if(Re.appendChild(r),r.appendChild(this),this.style.display="block",t)try{e=this.getBBox(),this._gsapBBox=this.getBBox,this.getBBox=Td}catch(t){}else this._gsapBBox&&(e=this._gsapBBox());return i&&(n?i.insertBefore(this,n):i.appendChild(this)),Re.removeChild(r),this.style.cssText=a,e}function Ud(t,e){for(var r=e.length;r--;)if(t.hasAttribute(e[r]))return t.getAttribute(e[r])}function Vd(e){var r;try{r=e.getBBox()}catch(t){r=Td.call(e,!0)}return r&&(r.width||r.height)||e.getBBox===Td||(r=Td.call(e,!0)),!r||r.width||r.x||r.y?r:{x:+Ud(e,["x","cx","x1"])||0,y:+Ud(e,["y","cy","y1"])||0,width:0,height:0}}function Wd(t){return!(!t.getCTM||t.parentNode&&!t.ownerSVGElement||!Vd(t))}function Xd(t,e){if(e){var r=t.style;e in ar&&e!==pr&&(e=dr),r.removeProperty?("ms"!==e.substr(0,2)&&"webkit"!==e.substr(0,6)||(e="-"+e),r.removeProperty(e.replace(hr,"-$1").toLowerCase())):r.removeAttribute(e)}}function Yd(t,e,r,i,n,a){var s=new _e(t._pt,e,r,0,1,a?Ad:zd);return(t._pt=s).b=i,s.e=n,t._props.push(r),s}function _d(t,e,r,i){var n,a,s,o,u=parseFloat(r)||0,h=(r+"").trim().substr((u+"").length)||"px",l=Be.style,f=lr.test(e),c="svg"===t.tagName.toLowerCase(),d=(c?"client":"offset")+(f?"Width":"Height"),p="px"===i,_="%"===i;return i===h||!u||gr[i]||gr[h]?u:("px"===h||p||(u=_d(t,e,r,"px")),o=t.getCTM&&Wd(t),!_&&"%"!==h||!ar[e]&&!~e.indexOf("adius")?(l[f?"width":"height"]=100+(p?h:i),a=~e.indexOf("adius")||"em"===i&&t.appendChild&&!c?t:t.parentNode,o&&(a=(t.ownerSVGElement||{}).parentNode),a&&a!==ze&&a.appendChild||(a=ze.body),(s=a._gsap)&&_&&s.width&&f&&s.time===Rt.time&&!s.uncache?ia(u/s.width*100):(!_&&"%"!==h||vr[Pd(a,"display")]||(l.position=Pd(t,"position")),a===t&&(l.position="static"),a.appendChild(Be),n=Be[d],a.removeChild(Be),l.position="absolute",f&&_&&((s=fa(a)).time=Rt.time,s.width=a[d]),ia(p?n*u/100:n&&u?100/n*u:0))):(n=o?t.getBBox()[f?"width":"height"]:t[d],ia(_?u/n*100:u/100*n)))}function be(t,e,r,i){if(!r||"none"===r){var n=mr(e,t,1),a=n&&Pd(t,n,1);a&&a!==r?(e=n,r=a):"borderColor"===e&&(r=Pd(t,"borderTopColor"))}var s,o,u,h,l,f,c,d,p,_,m,g=new _e(this._pt,t.style,e,0,1,ue),v=0,y=0;if(g.b=r,g.e=i,r+="","auto"===(i+="")&&(t.style[e]=i,i=Pd(t,e)||i,t.style[e]=r),Fb(s=[r,i]),i=s[1],u=(r=s[0]).match(rt)||[],(i.match(rt)||[]).length){for(;o=rt.exec(i);)c=o[0],p=i.substring(v,o.index),l?l=(l+1)%5:"rgba("!==p.substr(-5)&&"hsla("!==p.substr(-5)||(l=1),c!==(f=u[y++]||"")&&(h=parseFloat(f)||0,m=f.substr((h+"").length),"="===c.charAt(1)&&(c=ka(h,c)+m),d=parseFloat(c),_=c.substr((d+"").length),v=rt.lastIndex-_.length,_||(_=_||q.units[e]||m,v===i.length&&(i+=_,g.e+=_)),m!==_&&(h=_d(t,e,f,_)||0),g._pt={_next:g._pt,p:p||1===y?p:",",s:h,c:d-h,m:l&&l<4||"zIndex"===e?Math.round:0});g.c=v<i.length?i.substring(v,i.length):""}else g.r="display"===e&&"none"===i?Ad:zd;return nt.test(i)&&(g.e=0),this._pt=g}function de(t){var e=t.split(" "),r=e[0],i=e[1]||"50%";return"top"!==r&&"bottom"!==r&&"left"!==i&&"right"!==i||(t=r,r=i,i=t),e[0]=Tr[r]||r,e[1]=Tr[i]||i,e.join(" ")}function ee(t,e){if(e.tween&&e.tween._time===e.tween._dur){var r,i,n,a=e.t,s=a.style,o=e.u,u=a._gsap;if("all"===o||!0===o)s.cssText="",i=1;else for(n=(o=o.split(",")).length;-1<--n;)r=o[n],ar[r]&&(i=1,r="transformOrigin"===r?pr:dr),Xd(a,r);i&&(Xd(a,dr),u&&(u.svg&&a.removeAttribute("transform"),kr(a,1),u.uncache=1,Kd(s)))}}function ie(t){return"matrix(1, 0, 0, 1, 0, 0)"===t||"none"===t||!t}function je(t){var e=Pd(t,dr);return ie(e)?wr:e.substr(7).match(et).map(ia)}function ke(t,e){var r,i,n,a,s=t._gsap||fa(t),o=t.style,u=je(t);return s.svg&&t.getAttribute("transform")?"1,0,0,1,0,0"===(u=[(n=t.transform.baseVal.consolidate().matrix).a,n.b,n.c,n.d,n.e,n.f]).join(",")?wr:u:(u!==wr||t.offsetParent||t===Re||s.svg||(n=o.display,o.display="block",(r=t.parentNode)&&t.offsetParent||(a=1,i=t.nextElementSibling,Re.appendChild(t)),u=je(t),n?o.display=n:Xd(t,"display"),a&&(i?r.insertBefore(t,i):r?r.appendChild(t):Re.removeChild(t))),e&&6<u.length?[u[0],u[1],u[4],u[5],u[12],u[13]]:u)}function le(t,e,r,i,n,a){var s,o,u,h=t._gsap,l=n||ke(t,!0),f=h.xOrigin||0,c=h.yOrigin||0,d=h.xOffset||0,p=h.yOffset||0,_=l[0],m=l[1],g=l[2],v=l[3],y=l[4],T=l[5],b=e.split(" "),w=parseFloat(b[0])||0,x=parseFloat(b[1])||0;r?l!==wr&&(o=_*v-m*g)&&(u=w*(-m/o)+x*(_/o)-(_*T-m*y)/o,w=w*(v/o)+x*(-g/o)+(g*T-v*y)/o,x=u):(w=(s=Vd(t)).x+(~b[0].indexOf("%")?w/100*s.width:w),x=s.y+(~(b[1]||b[0]).indexOf("%")?x/100*s.height:x)),i||!1!==i&&h.smooth?(y=w-f,T=x-c,h.xOffset=d+(y*_+T*g)-y,h.yOffset=p+(y*m+T*v)-T):h.xOffset=h.yOffset=0,h.xOrigin=w,h.yOrigin=x,h.smooth=!!i,h.origin=e,h.originIsAbsolute=!!r,t.style[pr]="0px 0px",a&&(Yd(a,h,"xOrigin",f,w),Yd(a,h,"yOrigin",c,x),Yd(a,h,"xOffset",d,h.xOffset),Yd(a,h,"yOffset",p,h.yOffset)),t.setAttribute("data-svg-origin",w+" "+x)}function oe(t,e,r){var i=Ya(e);return ia(parseFloat(e)+parseFloat(_d(t,"x",r+"px",i)))+i}function ve(t,e,i,n,a){var s,o,u=360,h=r(a),l=parseFloat(a)*(h&&~a.indexOf("rad")?sr:1)-n,f=n+l+"deg";return h&&("short"===(s=a.split("_")[1])&&(l%=u)!==l%180&&(l+=l<0?u:-u),"cw"===s&&l<0?l=(l+36e9)%u-~~(l/u)*u:"ccw"===s&&0<l&&(l=(l-36e9)%u-~~(l/u)*u)),t._pt=o=new _e(t._pt,e,i,n,l,wd),o.e=f,o.u="deg",t._props.push(i),o}function we(t,e){for(var r in e)t[r]=e[r];return t}function xe(t,e,r){var i,n,a,s,o,u,h,l=we({},r._gsap),f=r.style;for(n in l.svg?(a=r.getAttribute("transform"),r.setAttribute("transform",""),f[dr]=e,i=kr(r,1),Xd(r,dr),r.setAttribute("transform",a)):(a=getComputedStyle(r)[dr],f[dr]=e,i=kr(r,1),f[dr]=a),ar)(a=l[n])!==(s=i[n])&&"perspective,force3D,transformOrigin,svgOrigin".indexOf(n)<0&&(o=Ya(a)!==(h=Ya(s))?_d(r,n,a,h):parseFloat(a),u=parseFloat(s),t._pt=new _e(t._pt,i,n,o,u-o,vd),t._pt.u=h||0,t._props.push(n));we(i,l)}var De,ze,Re,Fe,Be,Le,Ie,Ye,qe=Bt.Power0,Ve=Bt.Power1,Ue=Bt.Power2,Xe=Bt.Power3,Ne=Bt.Power4,We=Bt.Linear,Qe=Bt.Quad,Ge=Bt.Cubic,Ke=Bt.Quart,Je=Bt.Quint,He=Bt.Strong,Ze=Bt.Elastic,$e=Bt.Back,tr=Bt.SteppedEase,er=Bt.Bounce,rr=Bt.Sine,ir=Bt.Expo,nr=Bt.Circ,ar={},sr=180/Math.PI,or=Math.PI/180,ur=Math.atan2,hr=/([A-Z])/g,lr=/(left|right|width|margin|padding|x)/i,fr=/[\s,\(]\S/,cr={autoAlpha:"opacity,visibility",scale:"scaleX,scaleY",alpha:"opacity"},dr="transform",pr=dr+"Origin",_r="O,Moz,ms,Ms,Webkit".split(","),mr=function _checkPropPrefix(t,e,r){var i=(e||Be).style,n=5;if(t in i&&!r)return t;for(t=t.charAt(0).toUpperCase()+t.substr(1);n--&&!(_r[n]+t in i););return n<0?null:(3===n?"ms":0<=n?_r[n]:"")+t},gr={deg:1,rad:1,turn:1},vr={grid:1,flex:1},yr=function _get(t,e,r,i){var n;return Fe||Sd(),e in cr&&"transform"!==e&&~(e=cr[e]).indexOf(",")&&(e=e.split(",")[0]),ar[e]&&"transform"!==e?(n=kr(t,i),n="transformOrigin"!==e?n[e]:n.svg?n.origin:Mr(Pd(t,pr))+" "+n.zOrigin+"px"):(n=t.style[e])&&"auto"!==n&&!i&&!~(n+"").indexOf("calc(")||(n=br[e]&&br[e](t,e,r)||Pd(t,e)||ga(t,e)||("opacity"===e?1:0)),r&&!~(n+"").trim().indexOf(" ")?_d(t,e,n,r)+r:n},Tr={top:"0%",bottom:"100%",left:"0%",right:"100%",center:"50%"},br={clearProps:function clearProps(t,e,r,i,n){if("isFromStart"!==n.data){var a=t._pt=new _e(t._pt,e,r,0,0,ee);return a.u=i,a.pr=-10,a.tween=n,t._props.push(r),1}}},wr=[1,0,0,1,0,0],xr={},kr=function _parseTransform(t,e){var r=t._gsap||new Vt(t);if("x"in r&&!e&&!r.uncache)return r;var i,n,a,s,o,u,h,l,f,c,d,p,_,m,g,v,y,T,b,w,x,k,M,O,P,A,C,S,E,D,z,R,F=t.style,B=r.scaleX<0,L="deg",I=getComputedStyle(t),Y=Pd(t,pr)||"0";return i=n=a=u=h=l=f=c=d=0,s=o=1,r.svg=!(!t.getCTM||!Wd(t)),I.translate&&("none"===I.translate&&"none"===I.scale&&"none"===I.rotate||(F[dr]=("none"!==I.translate?"translate3d("+(I.translate+" 0 0").split(" ").slice(0,3).join(", ")+") ":"")+("none"!==I.rotate?"rotate("+I.rotate+") ":"")+("none"!==I.scale?"scale("+I.scale.split(" ").join(",")+") ":"")+("none"!==I[dr]?I[dr]:"")),F.scale=F.rotate=F.translate="none"),m=ke(t,r.svg),r.svg&&(O=r.uncache?(P=t.getBBox(),Y=r.xOrigin-P.x+"px "+(r.yOrigin-P.y)+"px",""):!e&&t.getAttribute("data-svg-origin"),le(t,O||Y,!!O||r.originIsAbsolute,!1!==r.smooth,m)),p=r.xOrigin||0,_=r.yOrigin||0,m!==wr&&(T=m[0],b=m[1],w=m[2],x=m[3],i=k=m[4],n=M=m[5],6===m.length?(s=Math.sqrt(T*T+b*b),o=Math.sqrt(x*x+w*w),u=T||b?ur(b,T)*sr:0,(f=w||x?ur(w,x)*sr+u:0)&&(o*=Math.abs(Math.cos(f*or))),r.svg&&(i-=p-(p*T+_*w),n-=_-(p*b+_*x))):(R=m[6],D=m[7],C=m[8],S=m[9],E=m[10],z=m[11],i=m[12],n=m[13],a=m[14],h=(g=ur(R,E))*sr,g&&(O=k*(v=Math.cos(-g))+C*(y=Math.sin(-g)),P=M*v+S*y,A=R*v+E*y,C=k*-y+C*v,S=M*-y+S*v,E=R*-y+E*v,z=D*-y+z*v,k=O,M=P,R=A),l=(g=ur(-w,E))*sr,g&&(v=Math.cos(-g),z=x*(y=Math.sin(-g))+z*v,T=O=T*v-C*y,b=P=b*v-S*y,w=A=w*v-E*y),u=(g=ur(b,T))*sr,g&&(O=T*(v=Math.cos(g))+b*(y=Math.sin(g)),P=k*v+M*y,b=b*v-T*y,M=M*v-k*y,T=O,k=P),h&&359.9<Math.abs(h)+Math.abs(u)&&(h=u=0,l=180-l),s=ia(Math.sqrt(T*T+b*b+w*w)),o=ia(Math.sqrt(M*M+R*R)),g=ur(k,M),f=2e-4<Math.abs(g)?g*sr:0,d=z?1/(z<0?-z:z):0),r.svg&&(O=t.getAttribute("transform"),r.forceCSS=t.setAttribute("transform","")||!ie(Pd(t,dr)),O&&t.setAttribute("transform",O))),90<Math.abs(f)&&Math.abs(f)<270&&(B?(s*=-1,f+=u<=0?180:-180,u+=u<=0?180:-180):(o*=-1,f+=f<=0?180:-180)),e=e||r.uncache,r.x=i-((r.xPercent=i&&(!e&&r.xPercent||(Math.round(t.offsetWidth/2)===Math.round(-i)?-50:0)))?t.offsetWidth*r.xPercent/100:0)+"px",r.y=n-((r.yPercent=n&&(!e&&r.yPercent||(Math.round(t.offsetHeight/2)===Math.round(-n)?-50:0)))?t.offsetHeight*r.yPercent/100:0)+"px",r.z=a+"px",r.scaleX=ia(s),r.scaleY=ia(o),r.rotation=ia(u)+L,r.rotationX=ia(h)+L,r.rotationY=ia(l)+L,r.skewX=f+L,r.skewY=c+L,r.transformPerspective=d+"px",(r.zOrigin=parseFloat(Y.split(" ")[2])||0)&&(F[pr]=Mr(Y)),r.xOffset=r.yOffset=0,r.force3D=q.force3D,r.renderTransform=r.svg?Er:Ye?Sr:Or,r.uncache=0,r},Mr=function _firstTwoOnly(t){return(t=t.split(" "))[0]+" "+t[1]},Or=function _renderNon3DTransforms(t,e){e.z="0px",e.rotationY=e.rotationX="0deg",e.force3D=0,Sr(t,e)},Pr="0deg",Ar="0px",Cr=") ",Sr=function _renderCSSTransforms(t,e){var r=e||this,i=r.xPercent,n=r.yPercent,a=r.x,s=r.y,o=r.z,u=r.rotation,h=r.rotationY,l=r.rotationX,f=r.skewX,c=r.skewY,d=r.scaleX,p=r.scaleY,_=r.transformPerspective,m=r.force3D,g=r.target,v=r.zOrigin,y="",T="auto"===m&&t&&1!==t||!0===m;if(v&&(l!==Pr||h!==Pr)){var b,w=parseFloat(h)*or,x=Math.sin(w),k=Math.cos(w);w=parseFloat(l)*or,b=Math.cos(w),a=oe(g,a,x*b*-v),s=oe(g,s,-Math.sin(w)*-v),o=oe(g,o,k*b*-v+v)}_!==Ar&&(y+="perspective("+_+Cr),(i||n)&&(y+="translate("+i+"%, "+n+"%) "),!T&&a===Ar&&s===Ar&&o===Ar||(y+=o!==Ar||T?"translate3d("+a+", "+s+", "+o+") ":"translate("+a+", "+s+Cr),u!==Pr&&(y+="rotate("+u+Cr),h!==Pr&&(y+="rotateY("+h+Cr),l!==Pr&&(y+="rotateX("+l+Cr),f===Pr&&c===Pr||(y+="skew("+f+", "+c+Cr),1===d&&1===p||(y+="scale("+d+", "+p+Cr),g.style[dr]=y||"translate(0, 0)"},Er=function _renderSVGTransforms(t,e){var r,i,n,a,s,o=e||this,u=o.xPercent,h=o.yPercent,l=o.x,f=o.y,c=o.rotation,d=o.skewX,p=o.skewY,_=o.scaleX,m=o.scaleY,g=o.target,v=o.xOrigin,y=o.yOrigin,T=o.xOffset,b=o.yOffset,w=o.forceCSS,x=parseFloat(l),k=parseFloat(f);c=parseFloat(c),d=parseFloat(d),(p=parseFloat(p))&&(d+=p=parseFloat(p),c+=p),c||d?(c*=or,d*=or,r=Math.cos(c)*_,i=Math.sin(c)*_,n=Math.sin(c-d)*-m,a=Math.cos(c-d)*m,d&&(p*=or,s=Math.tan(d-p),n*=s=Math.sqrt(1+s*s),a*=s,p&&(s=Math.tan(p),r*=s=Math.sqrt(1+s*s),i*=s)),r=ia(r),i=ia(i),n=ia(n),a=ia(a)):(r=_,a=m,i=n=0),(x&&!~(l+"").indexOf("px")||k&&!~(f+"").indexOf("px"))&&(x=_d(g,"x",l,"px"),k=_d(g,"y",f,"px")),(v||y||T||b)&&(x=ia(x+v-(v*r+y*n)+T),k=ia(k+y-(v*i+y*a)+b)),(u||h)&&(s=g.getBBox(),x=ia(x+u/100*s.width),k=ia(k+h/100*s.height)),s="matrix("+r+","+i+","+n+","+a+","+x+","+k+")",g.setAttribute("transform",s),w&&(g.style[dr]=s)};ha("padding,margin,Width,Radius",function(e,r){var t="Right",i="Bottom",n="Left",o=(r<3?["Top",t,i,n]:["Top"+n,"Top"+t,i+t,i+n]).map(function(t){return r<2?e+t:"border"+t+e});br[1<r?"border"+e:e]=function(e,t,r,i,n){var a,s;if(arguments.length<4)return a=o.map(function(t){return yr(e,t,r)}),5===(s=a.join(" ")).split(a[0]).length?a[0]:s;a=(i+"").split(" "),s={},o.forEach(function(t,e){return s[t]=a[e]=a[e]||a[(e-1)/2|0]}),e.init(t,s,n)}});var Dr,zr,Rr,Fr={name:"css",register:Sd,targetTest:function targetTest(t){return t.style&&t.nodeType},init:function init(t,e,i,n,a){var s,o,u,h,l,f,c,d,p,_,m,g,v,y,T,b,w=this._props,x=t.style,k=i.vars.startAt;for(c in Fe||Sd(),this.styles=this.styles||Md(t),b=this.styles.props,this.tween=i,e)if("autoRound"!==c&&(o=e[c],!pt[c]||!ac(c,e,i,n,t,a)))if(l=typeof o,f=br[c],"function"===l&&(l=typeof(o=o.call(i,n,t,a))),"string"===l&&~o.indexOf("random(")&&(o=ob(o)),f)f(this,t,c,o,i)&&(T=1);else if("--"===c.substr(0,2))s=(getComputedStyle(t).getPropertyValue(c)+"").trim(),o+="",Dt.lastIndex=0,Dt.test(s)||(d=Ya(s),p=Ya(o)),p?d!==p&&(s=_d(t,c,s,p)+p):d&&(o+=d),this.add(x,"setProperty",s,o,n,a,0,0,c),w.push(c),b.push(c,0,x[c]);else if("undefined"!==l){if(k&&c in k?(s="function"==typeof k[c]?k[c].call(i,n,t,a):k[c],r(s)&&~s.indexOf("random(")&&(s=ob(s)),Ya(s+"")||(s+=q.units[c]||Ya(yr(t,c))||""),"="===(s+"").charAt(1)&&(s=yr(t,c))):s=yr(t,c),h=parseFloat(s),(_="string"===l&&"="===o.charAt(1)&&o.substr(0,2))&&(o=o.substr(2)),u=parseFloat(o),c in cr&&("autoAlpha"===c&&(1===h&&"hidden"===yr(t,"visibility")&&u&&(h=0),b.push("visibility",0,x.visibility),Yd(this,x,"visibility",h?"inherit":"hidden",u?"inherit":"hidden",!u)),"scale"!==c&&"transform"!==c&&~(c=cr[c]).indexOf(",")&&(c=c.split(",")[0])),m=c in ar)if(this.styles.save(c),g||((v=t._gsap).renderTransform&&!e.parseTransform||kr(t,e.parseTransform),y=!1!==e.smoothOrigin&&v.smooth,(g=this._pt=new _e(this._pt,x,dr,0,1,v.renderTransform,v,0,-1)).dep=1),"scale"===c)this._pt=new _e(this._pt,v,"scaleY",v.scaleY,(_?ka(v.scaleY,_+u):u)-v.scaleY||0,vd),this._pt.u=0,w.push("scaleY",c),c+="X";else{if("transformOrigin"===c){b.push(pr,0,x[pr]),o=de(o),v.svg?le(t,o,0,y,0,this):((p=parseFloat(o.split(" ")[2])||0)!==v.zOrigin&&Yd(this,v,"zOrigin",v.zOrigin,p),Yd(this,x,c,Mr(s),Mr(o)));continue}if("svgOrigin"===c){le(t,o,1,y,0,this);continue}if(c in xr){ve(this,v,c,h,_?ka(h,_+o):o);continue}if("smoothOrigin"===c){Yd(this,v,"smooth",v.smooth,o);continue}if("force3D"===c){v[c]=o;continue}if("transform"===c){xe(this,o,t);continue}}else c in x||(c=mr(c)||c);if(m||(u||0===u)&&(h||0===h)&&!fr.test(o)&&c in x)u=u||0,(d=(s+"").substr((h+"").length))!==(p=Ya(o)||(c in q.units?q.units[c]:d))&&(h=_d(t,c,s,p)),this._pt=new _e(this._pt,m?v:x,c,h,(_?ka(h,_+u):u)-h,m||"px"!==p&&"zIndex"!==c||!1===e.autoRound?vd:yd),this._pt.u=p||0,d!==p&&"%"!==p&&(this._pt.b=s,this._pt.r=xd);else if(c in x)be.call(this,t,c,s,_?_+o:o);else if(c in t)this.add(t,c,s||t[c],_?_+o:o,n,a);else if("parseTransform"!==c){Q(c,o);continue}m||(c in x?b.push(c,0,x[c]):b.push(c,1,s||t[c])),w.push(c)}T&&pe(this)},render:function render(t,e){if(e.tween._time||!Ie())for(var r=e._pt;r;)r.r(t,r.d),r=r._next;else e.styles.revert()},get:yr,aliases:cr,getSetter:function getSetter(t,e,r){var i=cr[e];return i&&i.indexOf(",")<0&&(e=i),e in ar&&e!==pr&&(t._gsap.x||yr(t,"x"))?r&&Le===r?"scale"===e?Ed:Dd:(Le=r||{})&&("scale"===e?Fd:Gd):t.style&&!u(t.style[e])?Bd:~e.indexOf("-")?Cd:ne(t,e)},core:{_removeProperty:Xd,_getMatrix:ke}};Ee.utils.checkPrefix=mr,Ee.core.getStyleSaver=Md,Rr=ha((Dr="x,y,z,scale,scaleX,scaleY,xPercent,yPercent")+","+(zr="rotation,rotationX,rotationY,skewX,skewY")+",transform,transformOrigin,svgOrigin,force3D,smoothOrigin,transformPerspective",function(t){ar[t]=1}),ha(zr,function(t){q.units[t]="deg",xr[t]=1}),cr[Rr[13]]=Dr+","+zr,ha("0:translateX,1:translateY,2:translateZ,8:rotate,8:rotationZ,8:rotateZ,9:rotateX,10:rotateY",function(t){var e=t.split(":");cr[e[1]]=Rr[e[0]]}),ha("x,y,z,top,right,bottom,left,width,height,fontSize,padding,margin,perspective",function(t){q.units[t]="px"}),Ee.registerPlugin(Fr);var Br=Ee.registerPlugin(Fr)||Ee,Lr=Br.core.Tween;e.Back=$e,e.Bounce=er,e.CSSPlugin=Fr,e.Circ=nr,e.Cubic=Ge,e.Elastic=Ze,e.Expo=ir,e.Linear=We,e.Power0=qe,e.Power1=Ve,e.Power2=Ue,e.Power3=Xe,e.Power4=Ne,e.Quad=Qe,e.Quart=Ke,e.Quint=Je,e.Sine=rr,e.SteppedEase=tr,e.Strong=He,e.TimelineLite=Xt,e.TimelineMax=Xt,e.TweenLite=Zt,e.TweenMax=Lr,e.default=Br,e.gsap=Br;if (typeof(window)==="undefined"||window!==e){Object.defineProperty(e,"__esModule",{value:!0})} else {delete e.default}});

</script>
<script id="trx_addons-woocommerce-js" defer="defer">/* global jQuery */

(function() {
	"use strict";

	var $window   = jQuery( window ),
		$document = jQuery( document ),
		$body     = jQuery( 'body' );

	$document.on('action.before_init_trx_addons', function() {
		// Remove theme-animations inside sliders with WooCommerce products
		jQuery( '.slides.products .slider-slide' ).each( function() {
			var $self = jQuery( this );
			$self.find( '>[data-animation]' ).removeAttr( 'data-animation' );
			$self.find( '>[data-post-animation]' ).removeAttr( 'data-post-animation' );
		} );
	} );

	$document.on('action.ready_trx_addons', function() {

		// WooCommerce categories on homepages
		//----------------------------------------------------------

		// Add arrows to the WooCommerce categories on homepages
		if ( ! $body.hasClass( 'woocommerce' ) ) {
			$body.find( '.widget_area:not(' + TRX_ADDONS_STORAGE['footer_wrap_class'] + ') .widget_product_categories:not(.inited)' ).each( function() {
				var widget = jQuery(this).addClass('inited');
				widget.find('ul.product-categories .has_children > a').append('<span class="open_child_menu"></span>');
				widget.on('click', 'ul.product-categories.plain li a .open_child_menu', function(e) {
					var $a = jQuery(this).parent();
					if ($a.siblings('ul:visible').length > 0)
						$a.siblings('ul').slideUp().parent().removeClass('opened');
					else {
						jQuery(this).parents('li').siblings('li').find('ul:visible').slideUp().parent().removeClass('opened');
						$a.siblings('ul').slideDown().parent().addClass('opened');
					}
					e.preventDefault();
					return false;
				} );

				// Resize handlers
				jQuery(document).on('action.resize_trx_addons', function() {
					trx_addons_woocommerce_resize_actions();
				});
				trx_addons_woocommerce_resize_actions();
			
				// Switch popup menu / hierarchical list on product categories list placed in sidebar
				function trx_addons_woocommerce_resize_actions() {
					var cat_menu = widget.find('ul.product-categories');
					var sb = cat_menu.parents('.widget_area');
					if ( sb.length > 0 && cat_menu.length > 0 ) {
						if ( sb.width() == sb.parents('.content_wrap').width() ) {
							if ( cat_menu.hasClass('inited') ) {
								cat_menu.removeClass('inited').addClass('plain').superfish('destroy');
								cat_menu.find('ul.animated').removeClass('animated').addClass('no_animated');
							}
						} else {
							if ( ! cat_menu.hasClass('inited') ) {
								cat_menu.removeClass('plain').addClass('inited');
								cat_menu.find('ul.no_animated').removeClass('no_animated').addClass('animated');
								trx_addons_init_sfmenu('body:not(.woocommerce) .widget_area:not(' + TRX_ADDONS_STORAGE['footer_wrap_class'] + ') .widget_product_categories ul.product-categories');
							}
						}
					}
				}
			});
		}

		
		// Extended attributes in single product
		//----------------------------------------------------------

		// Change a behaviour to AJAX for the button 'Add to Cart' placed inside the popup 'Quick View'
		function trx_addons_woocommerce_add_to_cart_ajax( $popup, type ) {
			if ( $popup.length ) {
				var $bt = $popup.find( '.single_add_to_cart_button' );
				if ( $bt.length ) {
					var $form = $bt.parents( 'form.cart' );
					var is_variable = $form.hasClass( 'variations_form' );
					var is_grouped = $form.hasClass( 'grouped_form' );
					var product_id = $bt.attr( 'value' );
					if ( ! product_id ) {
						product_id = $bt.siblings( 'input[name="product_id"],input[name="add-to-cart"]' ).eq(0).val();
					}
					$bt.addClass( 'add_to_cart_button ajax_add_to_cart' )
						.attr( 'data-product_id', product_id );
					if ( is_variable ) {
						$bt.siblings( 'input[name="variation_id"]' )
							.on( 'change', function() {
								$bt.attr( 'data-product_id', jQuery( this ).val() );	// Variation ID must be in the 'data-product_id'
							} );
						$popup.find( '[data-attribute_name]' )
							.on( 'change', function() {
								var $fld = jQuery( this ),
									attribute_name = $fld.data( 'attribute_name' );
								$bt.attr( 'data-' + attribute_name, $fld.val() );
							} );
					}
					$popup.find( '.input-text.qty' )
						.on( 'change', function() {
							$bt.attr( 'data-quantity', jQuery( this ).val() );
						} );
					if ( is_grouped ) {
						// Prevent a WooCommerce event handler
						$bt.addClass( 'wc-interactive' );
						// Send ajax add_to_cart for each product in the grouped product
						var add_grouped_to_cart = function( $products, idx ) {
							if ( idx <= $products.length - 1 ) {
								$bt.removeClass( 'added' );
								$bt.addClass( 'loading' );
							}
							var qty = $products.eq( idx ).val();
							if ( qty > 0 ) {
								var pid = $products.eq( idx ).attr( 'name' ).replace( 'quantity[', '' ).replace( ']', '' );
								jQuery( document.body ).trigger( 'adding_to_cart', [ $bt ] );
								jQuery.post( wc_add_to_cart_params.wc_ajax_url.toString().replace( '%%endpoint%%', 'add_to_cart' ), {
									product_id: pid,
									quantity: qty
								}, function( response ) {
									var rez = trx_addons_parse_ajax_response( response );
									if ( rez.error || ! rez.cart_hash ) {
										$bt.removeClass( 'loading' );
										alert( rez.error );
										return false;
									} else {
										jQuery( document.body ).trigger( 'added_to_cart', [rez.fragments, rez.cart_hash, $bt] );
										if ( idx < $products.length - 1 ) {
											add_grouped_to_cart( $products, idx + 1 );
										}
									}
								} );
							} else if ( idx < $products.length - 1 ) {
								add_grouped_to_cart( $products, idx + 1 );
							} else {
								$bt.removeClass( 'loading' );
								$bt.addClass( 'added' );
							}
						};
						$bt.on( 'click', function(e) {
							var $products = $form.find( 'input[name^="quantity["]' );
							if ( $products.length ) {
								e.preventDefault();
								e.stopImmediatePropagation();
								add_grouped_to_cart( $products, 0 );
								return false;
							}
						} );
					}
				}
			}
		}
		if ( trx_addons_apply_filters( 'trx_addons_filter_ajax_add_to_cart_in_quick_view', true ) ) {
			jQuery( document.body ).on( 'woosq_loaded', function( e ) {
				trx_addons_woocommerce_add_to_cart_ajax( $body.find( '>.mfp-wrap' ), e.type );
			} );
			$document.on( 'qv_loader_stop', function( e ) {
				trx_addons_woocommerce_add_to_cart_ajax( $body.find( '>#yith-quick-view-modal' ), e.type );
			} );
			$document.on( 'trx_qv_loaded', function( e ) {
				trx_addons_woocommerce_add_to_cart_ajax( $body.find( '.trx-addons-woo-products-quick-view-modal' ), e.type );
			} );
			// Prevent the plugin 'Tutor' from adding extra classes to the button 'Add to Cart' before adding a product to the cart
			$document.on( 'adding_to_cart', function( t, e ) {
				setTimeout( function() {
					e.removeClass("is-loading");
				}, 0 );
			} );
			// Prevent the plugin 'Tutor' from adding extra classes to the button 'View Cart' after adding a product to the cart
			$document.on( 'added_to_cart', function( t, e, r, o ) {
				setTimeout( function() {
					o.removeClass("is-loading")
						.siblings("a.added_to_cart")
							.removeClass( "tutor-btn tutor-btn-outline-primary tutor-btn-md tutor-btn-block" )
							.find( '>span.tutor-icon-cart-line' ).remove();
				}, 0 );
			} );
		}

		// Init product attributes with variations
		jQuery( document.body ).on( 'woosq_loaded', function( e ) {
			trx_addons_woocommerce_init_variations( $body, 'popup_wpc' );
		} );
		$body.on( 'wcpt_product_modal_ready', function( e ) {
			$document.trigger( 'action.init_hidden_elements', [$body] );
		} );

		$document.on( 'action.init_hidden_elements qv_loader_stop trx_qv_loaded', function( e, cont ) {
			if ( ! cont ) cont = $body;
			trx_addons_woocommerce_init_variations( cont, e.type );
		} );

		// Check available product variations
		function trx_addons_woocommerce_init_variations( cont, type ) {
			cont.find( '.variations_form.cart:not(.inited)' ).each( function() {
				var form = jQuery(this).addClass('inited');
				var trx_addons_attribs = form.find('.trx_addons_attrib_item');
				if ( trx_addons_attribs.length === 0 ) return;

				// First check after variation form inited
				form.on( 'wc_variation_form', function( variation_form ) {
					form.on( 'check_variations', function() {
						trx_addons_woocommerce_check_variations( form );
					} );
					trx_addons_woocommerce_check_variations( form );
				} );

				// Click on our variations attribs
				trx_addons_attribs.on( 'click', function(e) {
					var $attrib = jQuery(this);
					e.preventDefault();
					if ( ! $attrib.hasClass('trx_addons_attrib_disabled') ) {
						$attrib.toggleClass('trx_addons_attrib_selected').siblings().removeClass('trx_addons_attrib_selected');
						var term = $attrib.hasClass('trx_addons_attrib_selected') ? $attrib.data('value') : '';
						if ( term === '' ) {
							$attrib.siblings('.trx_addons_attrib_item[data-value=""]').addClass('trx_addons_attrib_selected');
						}
						// Old way: not compatible with non-latin attribute names
						// var attrib_name = $attrib.parents('.trx_addons_attrib_extended').data('attrib');
						// $attrib.parents('.trx_addons_attrib_extended').parent().find('#'+attrib_name).val(term).trigger('change');
						
						// Way #2: still not compatible with non-latin attribute names, because the 'data-attrib' (urlencode)
						// and the select's id (sanitize_title) encode non-ASCII chars in a different hex case (%D1 vs %d1),
						// so the select is not found, its 'change' is not fired and the variations are not rechecked.
						// $attrib.parents('.trx_addons_attrib_extended').parent().find('[id="'+attrib_name+'"]').val(term).trigger('change');
						
						// New way: find the select by the DOM relation (it is a neighbour of our extended block in the same cell),
						// so it does not depend on the attribute name encoding at all.
						$attrib.parents('.trx_addons_attrib_extended').parent().find('select').val(term).trigger('change');
					}
					return false;
				} );
			} );
		}
		
		function trx_addons_woocommerce_check_variations( form ) {
			// Refresh attributes on selects are changed
			form.find( '.variations select' ).each( function() {
				var select_box = jQuery(this),
					select_val = select_box.val(),
					attrib_box = select_box.siblings('.trx_addons_attrib_extended').length == 1 
									? select_box.siblings('.trx_addons_attrib_extended')
									: select_box.parent().siblings('.trx_addons_attrib_extended');
				attrib_box.find('.trx_addons_attrib_item').removeClass('trx_addons_attrib_selected').addClass('trx_addons_attrib_disabled');
				select_box.find('option').each( function() {
					var opt = jQuery( this );
					attrib_box.find( '.trx_addons_attrib_item[data-value="' + opt.val() + '"]' )
								.removeClass( 'trx_addons_attrib_disabled' )
								.toggleClass( 'trx_addons_attrib_selected', opt.val() == select_val );//opt.get(0).selected
				} );
			} );
		}

		
		// Extended attributes in the products list (shop page or category/tag list)
		//----------------------------------------------------------
		if ( true || $body.hasClass( 'woocommerce' ) && $body.hasClass( 'archive' ) ) {
			$document.on( 'action.init_hidden_elements', function( e, cont ) {
				// If products with attributes are not present on this page - exit
				if ( ! jQuery( '.trx_addons_product_attributes' ).length ) return;
				// Click on the attribute - add filter
				cont
					.find( '.trx_addons_product_attribute_item_action_filter:not(.attribute_action_filter_inited)' )
					.addClass( 'attribute_action_filter_inited' )
					.on( 'click', function( e ) {
						var flt    = jQuery( this ),
							item   = flt.parent(),
							type   = item.data( 'type' ),
							attr   = item.data( 'attribute' ),
							value  = item.data( 'value' ),
							widget = jQuery( '.trx_addons_woocommerce_search_type_filter' ).eq(0);
						if ( widget.length ) {
							var widget_fld = widget.find( '.sc_form_field_' + attr );
							if ( widget_fld.length ) {
								var widget_item = widget_fld.find( '.sc_form_field_item[data-value="' + value + '"]' ).eq( 0 );
								if ( widget_item.length && ! widget_item.hasClass( 'sc_form_field_item_checked' ) ) {
									widget_item.trigger( 'click' );
									var apply = widget_fld.find( '.trx_addons_search_apply' );
									if ( apply.length ) {
										apply.trigger( 'click' );
									}
								}
							}
						}
						e.preventDefault();
						return false;
					} );
				// Click on the attribute - swap image
				var $swap_atts = cont
									.find( '.trx_addons_product_attribute_item_action_swap:not(.attribute_action_swap_inited)' )
									.addClass( 'attribute_action_swap_inited' );
				if ( $swap_atts.length ) {
					$swap_atts.on( 'click', function( e ) {
						var $link = jQuery( this ),
							$item = $link.parent(),
							active = $item.hasClass( 'trx_addons_product_attribute_item_active' ),
							disabled = $item.hasClass( 'trx_addons_product_attribute_item_disabled' );
						if ( ! disabled ) {
							$item.parents( '.trx_addons_product_attribute' )
								.find( '.trx_addons_product_attribute_item_active' )
								.removeClass( 'trx_addons_product_attribute_item_active' );
							swap_product_image( $item.toggleClass( 'trx_addons_product_attribute_item_active', ! active ) );
							check_available_variations( $item.parents( '.trx_addons_product_attributes' ) );
						}
						e.preventDefault();
						return false;
					} );
					// Swap image and display corresponding price on first run or after new products are loaded
					swap_product_image( $swap_atts.eq(0) );
					// Check variations on first run or after new products are loaded
					$swap_atts.parents( '.trx_addons_product_attributes' ).each( function() {
						check_available_variations( jQuery( this ) );
					} );
				}
				// Hover on the attribute - change the product image
				cont
					.find( '.trx_addons_product_attributes[data-product-variations] .trx_addons_product_attribute_item:not(.attribute_action_swap_inited)' )
					.addClass( 'attribute_action_swap_inited' )
					.on( 'focus mouseover', function( e ) {
						var $self = jQuery( this );
						if ( ! $self.find( '>.trx_addons_product_attribute_item_action_swap' ).length ) {
							swap_product_image( $self );
						}
					} );

				// Check available variations for product in the archive
				function check_available_variations( $wrap ) {
					var variations = $wrap.data( 'product-variations' ),
						variation_sel = {},
						$active_items = $wrap.find( '.trx_addons_product_attribute_item_active' );
					// Collect active items to the current variation
					$active_items.each( function( idx ) {
						variation_sel[ $active_items.eq( idx ).data( 'attribute' ) ] = $active_items.eq( idx ).data( 'value' );
					} );
					$wrap.find( '.trx_addons_product_attribute_item' ).each( function() {
						var $attr = jQuery( this ),
							attr_name = $attr.data( 'attribute' ),
							attr_value = $attr.data( 'value' ),
							attr_variation = trx_addons_object_clone( variation_sel );
						attr_variation[ attr_name ] = attr_value;
						$attr.toggleClass( 'trx_addons_product_attribute_item_disabled', get_closest_variation( variations, attr_variation ) === false );
					} );
				}

				// Get a closest variation
				function get_closest_variation( variations, variation_sel ) {
					var variation = false,
						variation_max = 0,
						variation_cur = 0;
					for ( var i = 0; i < variations.length; i++ ) {
						if ( ! variations[i].variation_is_active || ! variations[i].variation_is_visible ) {
							continue;
						}
						variation_cur = 0;
						for ( var attr in variation_sel ) {
							if ( ! variations[i].attributes['attribute_'+attr] ) {
								variation_cur += 1;
							} else if ( variations[i].attributes['attribute_' + attr] == variation_sel[attr] ) {
								variation_cur += 10;
							} else {
								variation_cur = 0;
								break;
							}
						}
						if ( variation_max < variation_cur ) {
							variation_max = variation_cur;
							variation = variations[i];
						}
					}
					return variation;
				}

				// Return true if all attributes from variation are selected
				function is_full_variation_present( variations, variation_sel_count ) {
					var variation_total = 0;
					for ( var i = 0; i < variations.length; i++ ) {
						if ( ! variations[i].variation_is_active || ! variations[i].variation_is_visible ) {
							continue;
						}
						for ( var p in variations[i].attributes ) {
							if ( variations[i].attributes.hasOwnProperty( p ) ) {
								variation_total++;
							}
						}
						break;
					}
					return variation_total == variation_sel_count;
				}

				// Swap a product image on an attribute hover or click
				function swap_product_image( $flt ) {
					var $wrap = $flt.parents( '.trx_addons_product_attributes' ),
						$product = $flt.parents( '.product' ),
						variations = $wrap.data( 'product-variations' ),
						variation = false,
						variation_sel = {},
						variation_sel_count = 0;
					if ( variations ) {
						// Collect active items to the current variation
						var $active_items = $wrap.find( '.trx_addons_product_attribute_item_action_swap' ).length
												? $wrap.find( '.trx_addons_product_attribute_item_active' )
												: $flt;
						$active_items.each( function( idx ) {
							variation_sel[ $active_items.eq( idx ).data( 'attribute' ) ] = $active_items.eq( idx ).data( 'value' );
							variation_sel_count++;
						} );
						// Get a closest variation
						if ( variation_sel_count ) {
							variation = get_closest_variation( variations, variation_sel );
						}
						// Swap image if a variation found
						// or change back the original image if a variation with selected atributes is not found
						var $img = $product.find( 'img[class*="attachment-woocommerce"],img[class*="woocommerce-placeholder"]' );
						if ( $img.length ) {
							if ( ! $img.data( 'src-old' ) ) {
								$img.data( {
									'src-old': $img.attr( 'src' ),
									'srcset-old': $img.attr( 'srcset' ),
									'sizes-old': $img.attr( 'sizes' )
								} );
							}
							if ( variation ) {
								$img.attr( {
									'src': variation.image.src,
									'srcset': variation.image.srcset ? variation.image.srcset : '',
									'sizes': variation.image.sizes ? variation.image.sizes : ''
								} );
							} else {
								$img.attr( {
									'src': $img.data( 'src-old' ),
									'srcset': $img.data( 'srcset-old' ),
									'sizes': $img.data( 'sizes-old' )
								} );
							}
						}
						// Swap price if a full variation found (all attributes present in the item and selected)
						// or change back the original price if a variation with selected atributes is not found
						if ( trx_addons_apply_filters( 'trx_addons_filter_swap_price_for_variable_products', is_full_variation_present( variations, variation_sel_count ) ) ) {
							var $price = $product.find( '.price_wrap' );
							if ( ! $price.length ) {
								$price = $product.find( '.price' );
							}
							if ( $price.length ) {
								if ( ! $price.data( 'price-old' ) ) {
									$price.data( {
										'price-old': $price.html()
									} );
								}
								if ( variation ) {
									// A 'price_html' can be empty if all variations have an equal price.
									// In this case leave a price unchanged.
									if ( variation.price_html != '' ) {
										$price.html( $price.hasClass( 'price_wrap' ) ? variation.price_html : jQuery( variation.price_html ).html() );
									}
								} else {
									$price.html( $price.data( 'price-old' ) );
								}
							}
						}
					}
				}
			} );
		}


		// WooCommerce Search Widget
		//----------------------------------------------------------
		
		var reopen_after_reload = trx_addons_apply_filters( 'trx_addons_filter_reopen_filter_after_reload_products', false ),
			reopened = false,
			reload_is_busy = false,
			reload_is_allowed = true,
			last_clicked_item = '',
			last_opened_filter = '',
			inline_css_selector = trx_addons_apply_filters( 'trx_addons_filter_reload_inline_css_selector', '#trx_addons-inline-styles-inline-css' ),
			inline_css_wrap = jQuery( inline_css_selector ),
			inline_css_start = trx_addons_apply_filters( 'trx_addons_filter_reload_inline_css_start', '#woocommerce_output_start{}' ),
			inline_css_end = trx_addons_apply_filters( 'trx_addons_filter_reload_inline_css_end', '#woocommerce_output_end{}' ),
			list_products_selector = trx_addons_apply_filters( 'trx_addons_filter_reload_products_selector', '.list_products' ),
			list_products_wrap = jQuery( list_products_selector ),
			list_products_loading = 0,
			list_products_loading_class = '.trx_addons_loading',
			list_products_loading_selector  = trx_addons_apply_filters( 'trx_addons_filter_reload_products_loading_wrap_selector',
																		'.list_products .products,.list_products .woocommerce-info,.woocommerce-no-products-found'
																		),
			list_products_loading_html  = trx_addons_apply_filters( 'trx_addons_filter_reload_products_loading_html', TRX_ADDONS_STORAGE['loading_layout'] ),
			single_product_selector = trx_addons_apply_filters( 'trx_addons_filter_single_product_selector', '.post_item_single.post_type_product' ),
			mask_fields_wrap_on_loading = true;

		$document.on( 'action.init_hidden_elements', function() {

			// Reinit search form after page reloaded
			var search_forms = jQuery('.trx_addons_woocommerce_search_form:not(.inited)');
			if ( search_forms.length ) {
				search_forms.each( function() {
					var form   = jQuery(this).addClass('inited'),
						widget = form.parents('.trx_addons_woocommerce_search'),
						type   = widget.hasClass( 'trx_addons_woocommerce_search_type_filter')
									? 'filter'
									: ( widget.hasClass( 'trx_addons_woocommerce_search_type_form')
										? 'form'
										: 'inline'
										),
						apply  = widget.hasClass( 'trx_addons_woocommerce_search_apply' ),
						ajax   = widget.hasClass( 'trx_addons_woocommerce_search_ajax' ),
						number = widget.data('number') || 1,
						expanded = widget.data('expanded') || 0;

					form
						// Submit form ('inline' or 'form' styles)
						.on('submit', function(e) {
							var shop_url = form.attr('action');
							var params = trx_addons_woocommerce_search_form_get_params(form);
							if (params !== false) {
								window.location.href = trx_addons_add_to_url(shop_url, params);
							} else {
								e.preventDefault();
							}
							return false;
						})
						// Enable/Disable submit button ('inline' or 'form' styles)
						.on('change', 'select,input', function(e) {
							var button = form.find('.trx_addons_woocommerce_search_button');
							if ( button.length ) {
								var params = trx_addons_woocommerce_search_form_get_params(form);
								if (params === false) {
									button.attr('disable', 'disable');
								} else {
									button.removeAttr('disable');
								}
							}
						})
						// Open/Close dropdown with items ('inline' style)
						.on('click', '.trx_addons_woocommerce_search_form_field_label', function(e) {
							jQuery(this)
								.parent('.trx_addons_woocommerce_search_form_field')
								.siblings('.trx_addons_woocommerce_search_form_field')
								.find('.trx_addons_woocommerce_search_form_field_list').slideUp();
							jQuery(this).siblings('.trx_addons_woocommerce_search_form_field_list').slideToggle();
							e.preventDefault();
							return false;
						})
						// Select item in the 'inline' form
						.on('click', '.trx_addons_woocommerce_search_form_field_list li', function(e) {
							var list = jQuery(this).parent();
							list.siblings('.trx_addons_woocommerce_search_form_field_label').html(jQuery(this).html());
							list.siblings('input[type="hidden"]').val(jQuery(this).data('value'));
							list.slideUp();
							e.preventDefault();
							return false;
						})
						// Keypress on the field's title
						.on('keyup', '.sc_form_field_title', function(e) {
							if ( type == 'filter' ) {
								if ( e.keyCode == 13 ) {
									jQuery(this).trigger('click');
								}
							}
						})
						// Open/Close dropdown with items ('filter' style)
						.on('click', '.sc_form_field_title', function(e) {
							if ( type == 'filter' ) {
								var $self  = jQuery(this),
									field  = $self.parent(),
									opened = field.hasClass('sc_form_field_opened');
								// Close all opened fields
								if ( $self.parents('.trx_addons_woocommerce_tools').length !== 0
									&& $self.parents('.trx_addons_woocommerce_search_form_fields_wrap_opened').length === 0
								) {
									$self
										.parents('.trx_addons_woocommerce_search_form_fields_wrap')
										.find('.sc_form_field_opened').each( function() {
											var cur_field = jQuery( this ),
												cur_param = cur_field.find( '.sc_form_field_param' ),
												cur_apply = cur_field.find( '.trx_addons_search_apply' ),
												need_apply = apply && cur_apply.length && ! cur_apply.attr('disabled') && cur_param.data('changed');
											if ( need_apply ) {
												cur_apply.trigger( 'click' );
											} else {
												trx_addons_woocommerce_search_form_close_field( cur_field );	// , apply
											}
										} );
								} else if ( opened ) {
									var cur_apply = field.find( '.trx_addons_search_apply' ),
										cur_param = field.find( '.sc_form_field_param' ),
										need_apply = apply && cur_apply.length && ! cur_apply.attr('disabled') && cur_param.data('changed');
									if ( false && need_apply ) {	// Don't apply on click a title in sidebar or mobile
										cur_apply.trigger( 'click' );
									} else {
										trx_addons_woocommerce_search_form_close_field( field );	// , apply
									}
								}
								// Open clicked field
								if ( ! opened ) {
									trx_addons_woocommerce_search_form_open_field( field );
								}
								e.preventDefault();
								return false;
							}
						})
						// Keypress on the field's title
						.on('keyup', '.sc_form_field_item', function(e) {
							if ( type == 'filter' ) {
								if ( e.keyCode == 13 ) {
									jQuery(this).trigger('click');
								} else if ( e.keyCode == 27 ) {
									jQuery(this).parents('.sc_form_field').find('.sc_form_field_title').focus().trigger('click');
								}
							}
						})
						// Check item in the select ('filter' style)
						.on('click', '.sc_form_field .sc_form_field_item', function(e) {
							if ( type == 'filter' ) {
								var $self = jQuery(this),
									wrap  = $self.parents('.sc_form_field_wrap'),
									multi = $self.parents('.sc_form_field').data('multiple') == '1';
								last_clicked_item = $self.data('value');
								if ( ! multi ) {
									wrap.find('.sc_form_field_item_checked').removeClass('sc_form_field_item_checked');
								}
								$self.toggleClass('sc_form_field_item_checked');
								var value = trx_addons_woocommerce_search_form_get_multiple_field_value( wrap );
								wrap.find( '.sc_form_field_param' ).val( value ).trigger( 'change' );
								e.preventDefault();
								return false;
							}
						})
						// All fields: Keypress on the 'Clear all' button
						.on('keyup', '.trx_addons_woocommerce_search_clear_all', function(e) {
							if ( type == 'filter' ) {
								if ( e.keyCode == 27 ) {
									jQuery(this).siblings('.trx_addons_woocommerce_search_close').trigger('click');
								}
							}
						})
						// All fields: Clear all selected items in the multiselect fields
						.on('click', '.trx_addons_woocommerce_search_clear_all', function(e) {
							e.preventDefault();
							if ( type == 'filter' ) {
								var need_reload = false;
								reload_is_allowed = false;
								form.find('.sc_form_field').each( function() {
									var $self = jQuery(this),
										param = $self.find( '.sc_form_field_param' );
									if ( param.attr('name') != 'product_cat' && param.val() !== '' ) {
										var field = param.parents('.sc_form_field'),
											value = '';
										if ( field.hasClass( 'sc_form_field_slider' ) ) {
											value = param.next().data('min');
										} else if ( field.hasClass( 'sc_form_field_range' ) ) {
											value = param.next().data('min') + ',' + param.next().data('max');
										}
										need_reload = true;
										param.val( value ).trigger( 'change' );
										trx_addons_woocommerce_search_form_restore_field_view( $self );
									}
								} );
								reload_is_allowed = true;
								if ( need_reload ) {
									trx_addons_woocommerce_search_form_reload_products( form );
								}
							}
							return false;
						})
						// Keypress on the 'Clear all' button
						.on('keyup', '.sc_form_field_items_selected_clear', function(e) {
							if ( type == 'filter' ) {
								if ( e.keyCode == 27 ) {
									jQuery(this).parents('.sc_form_field').find('.sc_form_field_title').focus().trigger('click');
								}
							}
						})
						// Clear all selected items in the multiselect fields
						.on('click', '.sc_form_field_items_selected_clear', function(e) {
							e.preventDefault();
							if ( type == 'filter' ) {
								var $self = jQuery(this),
									wrap  = $self.parents('.sc_form_field_wrap');
								wrap.find( '.sc_form_field_param' ).val( '' ).trigger( 'change' );
								trx_addons_woocommerce_search_form_restore_field_view( wrap.parents( '.sc_form_field' ) );
							}
							return false;
						})
						// Keypress on the 'Select all' button
						.on('keyup', '.sc_form_field_items_selected_select_all', function(e) {
							if ( type == 'filter' ) {
								if ( e.keyCode == 27 ) {
									jQuery(this).parents('.sc_form_field').find('.sc_form_field_title').focus().trigger('click');
								}
							}
						})
						// Select all items in the multiselect fields
						.on('click', '.sc_form_field_items_selected_select_all', function(e) {
							e.preventDefault();
							if ( type == 'filter' ) {
								var $self = jQuery(this),
									wrap  = $self.parents('.sc_form_field_wrap');
								wrap.find('.sc_form_field_item').toggleClass('sc_form_field_item_checked', true);
								var value = trx_addons_woocommerce_search_form_get_multiple_field_value( wrap );
								wrap.find( '.sc_form_field_param' ).val( value ).trigger( 'change' );
							}
							return false;
						})
						// Update 'param' field on change text ('filter' style)
						.on('change', '.sc_form_field_text .sc_form_field_input', function(e) {
							if ( type == 'filter' ) {
								var $self = jQuery(this),
									wrap  = $self.parents('.sc_form_field_wrap');
								wrap.find( '.sc_form_field_param' ).val( $self.val() ).trigger( 'change' );
							}
						})
						// Prevent submit form on Enter in the text field
						.on('keydown', '.sc_form_field_text .sc_form_field_input', function(e) {
							if ( type == 'filter' ) {
								var $buttons = jQuery(this).parents('.sc_form_field_wrap').find('.sc_form_field_buttons');
								if ( $buttons.length ) {
									if ( e.keyCode == 13 ) {
										var $apply = $buttons.find('.trx_addons_search_apply');
										if ( $apply.length ) {
											e.preventDefault();
											jQuery(this).trigger('change');
											$apply.trigger('click');
										}
									} else if ( e.keyCode == 27 ) {
										var $cancel = $buttons.find('.trx_addons_search_cancel');
										if ( $cancel.length ) {
											e.preventDefault();
											$cancel.trigger('click');
										}
									}
								}
							}
						})
						// Update result in the price range ('filter' style)
						.on('change', '.sc_form_field_price .sc_form_field_param', function(e) {
							if ( type == 'filter' ) {
								var $self  = jQuery(this),
									value  = $self.val().split(','),
									slider = $self.next('.trx_addons_range_slider '),
									result = slider.next('.trx_addons_range_result');
								if ( result.length ) {
									result.find('.trx_addons_range_result_value').html( value[0] + ( value.length > 1 ? ' - ' + value[1] : '' ) );
								}
							}
						})
						// Mark title as filled and update selected total value on param changed ('filter' style)
						.on('change', '.sc_form_field_param', function(e) {
							if ( type == 'filter' ) {
								var $self = jQuery(this).data('changed', 1);
								$self.parents('.trx_addons_woocommerce_search_form_fields_wrap').toggleClass('trx_addons_woocommerce_search_form_fields_changed', true);
								trx_addons_woocommerce_search_form_param_changed( $self );
							}
						} )
						// Remove attr 'disabled' from buttons 'Apply' and 'Cancel' on param changed ('filter' style)
						.on('change', '.sc_form_field_param', function(e) {
							if ( type == 'filter' ) {
								var field_wrap = jQuery(this).parents('.sc_form_field_wrap');
								field_wrap.find('.trx_addons_search_apply').removeAttr('disabled');
								field_wrap.find('.trx_addons_search_cancel').removeAttr('disabled');
							}
						} )
						// Update available (filtered) products counter on param changed ('filter' style)
						.on('change', '.sc_form_field_param', function(e) {
							var $self = jQuery(this),
								fields_wrap = $self.parents('.trx_addons_woocommerce_search_form_fields_wrap').data('param-changed', 1);
							if ( type == 'filter'
									&& $self.attr('name') != 'product_cat'
									&& ( fields_wrap.hasClass('trx_addons_woocommerce_search_form_fields_wrap_opened')
										||
										( fields_wrap.parents(TRX_ADDONS_STORAGE['sidebar_wrap_class']).length && ( apply || ajax ) )
										)
							) {
								trx_addons_woocommerce_search_form_update_available_products_counter( form );
							}
						} )
						// Reload page on any param are changed, except 's' and 'price' ('filter' style)
						.on('change', '.sc_form_field_param', function(e) {
							var $self = jQuery(this);
							if ( type == 'filter' && reload_is_allowed ) {
								if ( $self.attr('name') == 'product_cat' ) {
									var $fld = $self.parents('.sc_form_field_opened'),
										fld_idx = $fld.index();
									if ( fld_idx > expanded ) {
										trx_addons_woocommerce_search_form_close_field( $fld );
									}
									trx_addons_woocommerce_search_form_reload_products( form, $self, '.sc_form_field_param[name="product_cat"]', true );
								} else if ( ! apply
											&& ! $self.parents('.trx_addons_woocommerce_search_form_fields_wrap').hasClass('trx_addons_woocommerce_search_form_fields_wrap_opened')
											&& ( ['price', 's'].indexOf($self.attr('name')) == -1 || $self.parents(TRX_ADDONS_STORAGE['sidebar_wrap_class']).length )
								) {
									trx_addons_woocommerce_search_form_reload_products_after_timeout( form, $self );
								}
							}
						})
						// Reload page on click button 'Apply' ('filter' style)
						.on('click', '.trx_addons_search_apply', function(e) {
							if ( type == 'filter' ) {
								var $self = jQuery(this);
								if ( ! $self.attr('disabled') ) {
									if ( ! $self.parents('.trx_addons_woocommerce_search_form_fields_wrap').hasClass('trx_addons_woocommerce_search_form_fields_wrap_opened')
										&& $self.parents(TRX_ADDONS_STORAGE['sidebar_wrap_class']).length === 0
									) {
										trx_addons_woocommerce_search_form_close_field( $self.parents('.sc_form_field_opened') );
									}
									trx_addons_woocommerce_search_form_reload_products( form, $self.parents('.sc_form_field').find('.sc_form_field_param') );
								}
								e.preventDefault();
								return false;
							}
						})
						// Restore values on click button 'Cancel' ('filter' style)
						.on('click', '.trx_addons_search_cancel', function(e) {
							if ( type == 'filter' ) {
								var $self = jQuery(this);
								if ( ! $self.attr('disabled') ) {
									trx_addons_woocommerce_search_form_close_field( $self.parents('.sc_form_field_opened'), true );
								}
								e.preventDefault();
								return false;
							}
						})
						// Open/Close panel with filters
						.on('click', '.trx_addons_woocommerce_search_button_filters,'
									+'.trx_addons_woocommerce_search_button_show,'
									+'.trx_addons_woocommerce_search_close',
							function(e) {
								var $self = jQuery(this),
									applied = false,
									wrap = form.find('.trx_addons_woocommerce_search_form_fields_wrap');
								if ( $self.hasClass('trx_addons_woocommerce_search_button_filters') && ! wrap.hasClass('trx_addons_woocommerce_search_form_fields_wrap_opened') ) {
									wrap.addClass('trx_addons_woocommerce_search_form_fields_wrap_opened');
								} else {
									if ( wrap.hasClass('trx_addons_woocommerce_search_form_fields_wrap_opened')
										||
										( $self.parents(TRX_ADDONS_STORAGE['sidebar_wrap_class']).length
											&&
											$self.parents('.trx_addons_woocommerce_search').hasClass('trx_addons_woocommerce_search_apply')
											)
									) {
										if ( wrap.data('param-changed') > 0 ) {
											var last_apply = last_opened_filter
																? form.find('input[name="'+last_opened_filter+'"]')
																	.parents('.sc_form_field')
																	.find('.trx_addons_search_apply:not([disabled])')
																: false;
											if ( ! last_apply || ! last_apply.length || last_apply.attr('disabled') == 'disabled' ) {
												last_apply = form.find('.trx_addons_search_apply:not([disabled])').eq(0);
											}
											applied = true;
											if ( last_apply && last_apply.length && last_apply.attr('disabled') != 'disabled' ) {
												last_apply.trigger( 'click' );
											} else {
												trx_addons_woocommerce_search_form_reload_products( form );
											}
										}
									}
									if ( true || ! applied ) {	// Always hide fields wrap on mobile
										wrap.removeClass('trx_addons_woocommerce_search_form_fields_wrap_opened');
									}
								}
								e.preventDefault();
								return false;
							}
						);
				
					// Open initially toggled fields
					if ( form.parents(TRX_ADDONS_STORAGE['sidebar_wrap_class']).length > 0 ) {
						form.find('.sc_form_field_expanded').each( function() {
							trx_addons_woocommerce_search_form_open_field( jQuery(this).removeClass('sc_form_field_expanded'), 'show', false );
						} );
					}

					// Show/hide 'Clear all' on fields changed (exclude the field "Product category")
					form.find('.trx_addons_woocommerce_search_form_fields_wrap')
						.toggleClass( 'trx_addons_woocommerce_search_form_fields_filled', 
										form.find('.sc_form_field:not(.sc_form_field_product_cat) .sc_form_field_title_filled').length > 0
									);

					// Reopen filter after reload products page ('filter' style)
					if ( type == 'filter' && ! reopened ) {
						reopened = true;
						last_opened_filter = trx_addons_get_value_gp( 'last_filter' );
						if ( last_opened_filter ) {
							var last_stop = trx_addons_get_value_gp( 'last_stop' );
							if ( last_stop > 0 ) {
								trx_addons_document_animate_to( last_stop );
							}
							if ( reopen_after_reload && ! apply ) {
								// Reopen fields wrap on mobile
								/*
								var fields_wrap = form.find('.trx_addons_woocommerce_search_form_fields_wrap');
								if ( fields_wrap.length && ! fields_wrap.hasClass('trx_addons_woocommerce_search_form_fields_wrap_opened') && fields_wrap.css('position') == 'fixed' ) {
									fields_wrap.addClass('trx_addons_woocommerce_search_form_fields_wrap_opened trx_addons_woocommerce_search_form_fields_wrap_show');
									setTimeout( function() {
										fields_wrap.removeClass('trx_addons_woocommerce_search_form_fields_wrap_show');
									}, 500 );
								}
								*/
								// Reopen last active field
								var field = form.find('input[name="'+last_opened_filter+'"]').parents('.sc_form_field');
								trx_addons_woocommerce_search_form_open_field( field );
								last_clicked_item = trx_addons_get_value_gp( 'last_item' );
								if ( last_clicked_item ) {
									field.find('.sc_form_field_item[data-value="'+last_clicked_item+'"]').focus();
								}
							}
						}
					}

					// Reload products ('filter' style)
					function trx_addons_woocommerce_search_form_reload_products( form, filter, selector, force_reload_page ) {
						// Get all filters to the params array
						if ( selector === undefined ) {
							selector = '.sc_form_field_param';
						}
						var params = trx_addons_woocommerce_search_form_get_params( form, selector );
						// If any filter selected
						if ( params !== false ) {
							// Close last filter field
							if ( filter
								&& ( ! ajax || apply || force_reload_page )
								&& filter.parents('.trx_addons_woocommerce_tools').length !== 0
								&& filter.parents('.trx_addons_woocommerce_search_form_fields_wrap_opened').length === 0
							) {
								trx_addons_woocommerce_search_form_close_field( filter.parents('.sc_form_field_opened') );
							}
							// Add filter's name and window scroll position to the parameters
							if ( last_opened_filter ) {
								params['last_filter'] = last_opened_filter;
							}
							if ( last_clicked_item ) {
								params['last_item'] = last_clicked_item;
							}
							// Add scroll top position to the query (commented to prevent scroll to blank window area if sidebar with filters too long)
							// params['last_stop'] = jQuery(window).scrollTop();
							// Make query url
							var shop_url = trx_addons_add_to_url(form.attr('action'), params),
								fields_wrap = form.find('.trx_addons_woocommerce_search_form_fields_wrap').data('param-changed', 0);
							// Reload products by AJAX
							if ( ajax && ! force_reload_page ) {
								trx_addons_woocommerce_search_form_get_products_from_url( shop_url, fields_wrap );
							// Redirect page
							} else {
								jQuery( list_products_loading_selector )
									.addClass( 'trx_addons_woocommerce_search_loading' )
									.append( list_products_loading_html );
								window.location.href = shop_url;
							}
						}
					}

					// Reload products after timeout ('filter' style)
					var trx_addons_woocommerce_search_form_reload_products_after_timeout = trx_addons_throttle(
							trx_addons_woocommerce_search_form_reload_products,
							trx_addons_apply_filters( 'trx_addons_filter_reload_products_timeout', ajax ? 500 : 0 ),
							true
						);

					// Update available products counter ('filter' style)
					var trx_addons_woocommerce_search_form_update_available_products_counter = trx_addons_throttle(
						function( form ) {
							// Get all filters to the params array
							var params = trx_addons_woocommerce_search_form_get_params( form, '.sc_form_field_param' );
							// If any filter selected
							if ( params !== false ) {
								var shop_url = trx_addons_add_to_url(form.attr('action'), params),
									counter  = form.find('.trx_addons_woocommerce_search_button_show_total');
								if ( counter.length ) {
									jQuery.get( shop_url ).done( function( response ) {
										var value = jQuery( response ).find('.trx_addons_woocommerce_search_button_show_total').html();
										if ( value !== '') {
											counter.html( value );
										}
									} );
								}
							}
						},
						trx_addons_apply_filters( 'trx_addons_filter_update_products_counter_timeout', 500 ),
						true
					);

				});
			}

			// WooCommerce NavFilters: AJAX reload products on filter removed (if woocommerce_search_filter is present near this widget)
			jQuery( '.widget_layered_nav_filters:not(.trx_addons_woocommerce_search_compatibility_inited)' ).each( function() {
				var $self = jQuery(this).addClass('trx_addons_woocommerce_search_compatibility_inited'),
					widget_search = $self.siblings('.widget_woocommerce_search');
				// Allow AJAX reload on filter removed only if widget 'Product Filter' is present on same sidebar
				// and ajax search is turned on for the widget
				// and field 'rating' is not present in the fields set (because WooCommerce don't mark this field in the widget Active filters)
				if ( widget_search.length
					&& widget_search.find('.trx_addons_woocommerce_search_ajax').length
					&& widget_search.find('.sc_form_field_rating').length === 0 
				) {
					$self.find('a').on('click', function(e) {
						var $link = jQuery(this),
							list = $link.parents('ul').eq(0),
							url = location.href;	//$link.attr('href');
						e.preventDefault();
						// Remove current filter from active filters
						$link.parents('li').eq(0).fadeOut( 200, function() {
							jQuery(this).remove();
							// Prepare url - remove not exists filters
							var parts = url.split('?'),
								query = trx_addons_parse_query_string(url),
								query_new = {},
								query_val = [],
								query_val_new = [];
							for (var i in query) {
								if ( i == 'min_price' || i == 'max_price' ) {
									list.find('.chosen .amount').each( function() {
										if ( jQuery(this).text().replace(/[\$\.\,]/g, '') == query[i].replace(/[\$\.\,]/g, '') ) {
											query_new[i] = query[i];
										}
									} );
								} else if ( i.substring(0, 7) == 'filter_' ) {
									query_val = query[i].split(',');
									query_val_new = [];
									for (var j = 0; j < query_val.length; j++ ) {
										if ( list.find('.chosen-' + i.substring(7) + '-' +query_val[j] ).length ) {
											query_val_new.push( query_val[j] );
										}
									}
									if ( query_val_new.length > 0 ) {
										query_new[i] = query_val_new.join(',');
									}
								} else {
									query_new[i] = query[i];
								}
							}
							trx_addons_woocommerce_search_form_get_products_from_url( trx_addons_add_to_url( parts[0], trx_addons_woocommerce_search_form_add_orderby_to_query_params( query_new ) ) );
						} );
						return false;
					} );
				}
			} );

			// WooCommerce Ordering: Reload products on 'orderby' is changed
			jQuery('.woocommerce-ordering:not(.trx_addons_woocommerce_search_compatibility_inited)').each( function() {
				var form = jQuery( this ).addClass( 'trx_addons_woocommerce_search_compatibility_inited' ),
					select = form.find( '.orderby' ),
					widget_search = list_products_wrap.find( '.widget_woocommerce_search' ),
					url = location.href.split( '?' );
				if ( widget_search.length === 0 ) {
					widget_search = jQuery( '.trx_addons_woocommerce_search_type_filter' ).eq(0).parents( '.widget_woocommerce_search' );
				}
				if ( widget_search.length ) {
					select.on( 'change', function(e) {
						var params = trx_addons_woocommerce_search_form_get_params( widget_search, '.sc_form_field_param' );
						/*
						var page = form.find('input[name="paged"]').val() || 1;
						if ( page > 1 ) {
							params['page'] = page;
						}
						*/
						// Prevent to execute other scripts
						e.preventDefault();
						e.stopImmediatePropagation();
						// If a widget with filters present and its mode is AJAX - get products via AJAX
						if ( widget_search.find('.trx_addons_woocommerce_search_ajax').length ) {
							trx_addons_woocommerce_search_form_get_products_from_url( trx_addons_add_to_url( url[0], params ) );
						// Else - reload a current page with new params
						} else {
							jQuery( list_products_loading_selector )
								.addClass( 'trx_addons_woocommerce_search_loading' )
								.append( list_products_loading_html );
							window.location.href = trx_addons_add_to_url( url[0], params );
						}
						return false;
					} );
				}
			} );

			// Open field ('filter' style)
			function trx_addons_woocommerce_search_form_open_field( field, open_style, need_focus ) {
				if ( open_style === undefined ) {
					open_style = 'slideDown';
				}
				if ( need_focus === undefined ) {
					need_focus = true;
				}
				var open_time = open_style == 'show'
									? 0
									: trx_addons_apply_filters( 'trx_addons_filter_woocommerce_filter_show_time', field.parents('.trx_addons_woocommerce_tools').length === 0 || field.parents('.trx_addons_woocommerce_search_form_fields_wrap_opened').length > 0 ? 300 : 0 );
				// Save current value
				var param = field.find( '.sc_form_field_param' );
				param.data( 'old-value', param.val() );
				// Mark field unchanged
				param.data( 'changed', 0 );
				// Save last opened filter
				last_opened_filter = param.attr('name');
				// Set buttons 'Apply' and 'Cancel' to disabled
				if ( false && field.parents('.trx_addons_woocommerce_search').hasClass('trx_addons_woocommerce_search_apply') ) {
					field.find('.trx_addons_search_apply').attr('disabled', 'disabled');
					field.find('.trx_addons_search_cancel').attr('disabled', 'disabled');
				}
				// Open field wrap
				var wrap = field.addClass('sc_form_field_opened').find('.sc_form_field_wrap');
				if ( open_style == 'slideDown' && open_time > 0 ) {
					wrap.slideDown( open_time, function() {
						if ( need_focus && field.hasClass('sc_form_field_text') ) {
							field.find( 'input[type="text"]').focus();
						}
					} );
				} else {
					wrap.show();
					if ( need_focus && field.hasClass('sc_form_field_text') ) {
						field.find( 'input[type="text"]').focus();
					}
				}
			}

			// Close field ('filter' style)
			function trx_addons_woocommerce_search_form_close_field( field, restore_value, close_style ) {
				// Restore last value
				if ( restore_value ) {
					trx_addons_woocommerce_search_form_restore_field_value( field );
				}
				last_opened_filter = '';
				// Close field wrap
				field.removeClass('sc_form_field_opened');
				if ( close_style === undefined ) {
					close_style = 'slideUp';
				}
				var close_time = close_style == 'hide'
									? 0
									: trx_addons_apply_filters( 'trx_addons_filter_woocommerce_filter_show_time', field.parents('.trx_addons_woocommerce_tools').length === 0 || field.parents('.trx_addons_woocommerce_search_form_fields_wrap_opened').length > 0 ? 300 : 0 );
				if ( close_style == 'slideUp' && close_time > 0 ) {
					field.find('.sc_form_field_wrap').slideUp( close_time );
				} else {
					field.find('.sc_form_field_wrap').hide();
				}
			}

			// Restore field's value ('filter' style)
			function trx_addons_woocommerce_search_form_restore_field_value( field ) {
				var param = field.find('.sc_form_field_param'),
					value = param.data('old-value');
				// Restore old value in the param
				param.val( value );
				// Mark title as filled and update selected items and restore field's view (mark items as checked, restore search string, etc.)
				trx_addons_woocommerce_search_form_restore_field_view( field );
			}

			// Restore field's view ('filter' style)
			function trx_addons_woocommerce_search_form_restore_field_view( field ) {
				var param = field.find('.sc_form_field_param'),
					value = param.val();
				// Mark title as filled and update selected items
				trx_addons_woocommerce_search_form_param_changed( param );
				// Restore field's view (mark items as checked, restore search string, etc.)
				if ( field.hasClass('sc_form_field_select')
					|| field.hasClass('sc_form_field_image')
					|| field.hasClass('sc_form_field_color')
					|| field.hasClass('sc_form_field_button')
				) {
					field.find('.sc_form_field_item_checked').removeClass('sc_form_field_item_checked');
					var parts = ( '' + value ).split( ',' );
					for (var i = 0; i < parts.length; i++ ) {
						field.find('[data-value="'+parts[i]+'"]').addClass('sc_form_field_item_checked');
					}
				} else if ( field.hasClass('sc_form_field_text') ) {
					field.find('.sc_form_field_input').val( value );
				} else if ( field.hasClass('sc_form_field_slider') ) {
					field.find('.ui-slider').slider( "value", value );
				} else if ( field.hasClass('sc_form_field_range') ) {
					field.find('.ui-slider').slider( "values", ( '' + value ).split( ',' ) );
				}
			}

			// Mark title as filled and update selected total value on param changed ('filter' style)
			function trx_addons_woocommerce_search_form_param_changed(param) {
				var value    = param.val(),
					empty    = value === '',
					title_filled = !empty,
					wrap     = param.parents('.sc_form_field_wrap'),
					title    = wrap.siblings('.sc_form_field_title'),
					selected = title.find('.sc_form_field_selected_items'), //wrap.siblings('.sc_form_field_selected_items'),
					slider   = param.next('.trx_addons_range_slider '),
					fields_wrap = param.parents('.trx_addons_woocommerce_search_form_fields_wrap');
				// Mark title as 'filled'
				if ( slider.length == 1 ) {
					var min = slider.data('min'),
						max = slider.data('max'),
						val = value.split(',');
					title_filled = Number( val[0] ) !== Number( min ) || ( val.length > 1 && Number( val[1] ) !== Number( max ) );
					title.toggleClass( 'sc_form_field_title_filled', title_filled );
				} else {
					title.toggleClass( 'sc_form_field_title_filled', !empty );
				}
				// Update selected items counter
				wrap.find('.sc_form_field_items_selected_value').html( value ? value.split(',').length : 0 );
				// Update info with selected items
				if ( selected.length
					&& ( 
						wrap.parents('.trx_addons_woocommerce_tools').length === 0
						||
						fields_wrap.hasClass( 'trx_addons_woocommerce_search_form_fields_wrap_opened' )
						)
				) {
					// Get value to display below title
					//var value_to_show = decodeURIComponent(''+value).split(',').map(trx_addons_proper).join(', ');
					var value_to_show = '',
						parts = (''+value).split(','),
						$item = null;
					for ( var i=0; i<parts.length; i++ ) {
						// Try find a text label (name) of the selected item
						$item = wrap.find('.sc_form_field_item[data-value="'+parts[i]+'"] .sc_form_field_item_text');
						value_to_show += ( value_to_show ? ', ' : '' )
										+ ( $item.length && $item.text() == $item.html()
											? $item.text()											// Use text label (name)
											: trx_addons_proper( decodeURIComponent( parts[i] ) )	// Use selected slug (value)
											);
					}
					// Display selected items below title
					if ( selected.html() === '' && title_filled ) {
						selected.hide().html( value_to_show ).slideDown();
					} else if ( selected.html() !== '' && ! title_filled ) {
						selected.slideUp( function() {
							selected.html( '' ).show();
						} );
					} else {
						selected.html( title_filled ? value_to_show : '' );
					}
				}
				// Update filters total counters
				var filters_total = 0;
				fields_wrap.find('.sc_form_field_title_filled + .sc_form_field_wrap .sc_form_field_param').each( function() {
					var $self = jQuery( this ),
						field = $self.parents('.sc_form_field');
					// Exclude the field "Category" from totals and prevent 'Clear all' to be displayed on category selected
					if ( ! field.hasClass('sc_form_field_product_cat') ) {
						filters_total += field.hasClass('sc_form_field_text') || field.hasClass('sc_form_field_range') ? 1 : $self.val().split(',').length;
					}
				});
				fields_wrap.parents('form').find( '.trx_addons_woocommerce_search_button_filters_total' )
					.html( filters_total )
					.toggleClass( 'trx_addons_woocommerce_search_button_filters_total_empty', filters_total === 0 );
				// Show/hide 'Clear all'
				fields_wrap.toggleClass( 'trx_addons_woocommerce_search_form_fields_filled', filters_total > 0 );
			}

			// Return comma-separated values from the field with multiple select allowed ('filter' style)
			function trx_addons_woocommerce_search_form_get_multiple_field_value( $wrap ) {
				var value = '';
				$wrap.find('.sc_form_field_item_checked').each( function() {
					value += ( value !== '' ? ',' : '' ) + jQuery(this).data('value');
				} );
				return value;
			}

			// Get products page from specified url and replace products on the page
			function trx_addons_woocommerce_search_form_get_products_from_url( shop_url, fields_wrap ) {
				reload_is_busy = true;
				var need_open_fields_wrap = false,
					widget_number = 0;
				if ( fields_wrap && fields_wrap.length ) {
					if ( mask_fields_wrap_on_loading ) {
						if ( ! list_products_loading ) {
							fields_wrap.append( list_products_loading_html );
						}
						need_open_fields_wrap = false;	//fields_wrap.hasClass('trx_addons_woocommerce_search_form_fields_wrap_opened')
														//	&& ! fields_wrap.parents('.trx_addons_woocommerce_search').hasClass('trx_addons_woocommerce_search_apply');
						widget_number = fields_wrap.parents('.trx_addons_woocommerce_search_type_filter').data('number') || 1;
					}
					fields_wrap.removeClass('trx_addons_woocommerce_search_form_fields_changed');
				}
				// Reset a current page number
				jQuery( 'input[name="paged"]' ).val( 1 );
				jQuery( '.woocommerce-load-more' ).data( 'page', 1 ).parent().show();
				// Mark products wrapper with 'loading'
				if ( ! list_products_loading ) {
					jQuery( list_products_loading_selector )
						.addClass( 'trx_addons_woocommerce_search_loading' )
						.append( list_products_loading_html )
						.find('>' + list_products_loading_class)
							.addClass('trx_addons_hidden')
							.fadeIn(200);
				}
				list_products_loading++;
				// Make GET query to the shop
				jQuery.get( shop_url ).done( function( response ) {
					list_products_loading--;
					if ( list_products_loading ) {
						list_products_replace();
					} else {
						jQuery( list_products_loading_selector )
							.find('>' + list_products_loading_class)
							.fadeOut( 200, function() {
								list_products_replace( true );
							} );
					}
					function list_products_replace( remove_loading ) {
						var $response = jQuery( response ),
							new_products = $response.find( list_products_selector ).html(),
							new_inline_css = $response.find( inline_css_selector ).html(),
							new_total = $response.find('.trx_addons_woocommerce_search_button_show_total').eq(0).text() || 0;
						// If products found
						if ( new_products ) {
							// Replace document url in the browser's address bar
							trx_addons_document_set_location( shop_url );
							// Replace products with new items
							list_products_wrap.html( new_products );
							// Replace inline css with new styles
							if ( inline_css_wrap.length ) {
								// If inline css is not found via jQuery - try search with regular expression
								if ( ! new_inline_css ) {
									var mask = '<style[^>]*id="' + inline_css_selector.substr(1).replace( /\-/g, '\\-' ) + '"[^>]*>([^<]+)</style>';
									var re = new RegExp( mask );
									var matches = response.match( re );
									if ( matches && matches[1] ) {
										new_inline_css = matches[1];
									}
								}
								// If found inline css for list products - replace it
								if ( new_inline_css ) {
									var new_inline_block_start = new_inline_css.indexOf( inline_css_start ),
										new_inline_block_end = new_inline_css.indexOf( inline_css_end ),
										new_inline_block = new_inline_block_start >= 0
																? new_inline_css.substring( new_inline_block_start, new_inline_block_end + inline_css_end.length )
																: '';
									if ( new_inline_block ) {
										var old_inline_css = inline_css_wrap.html(),	
											old_inline_block_start = old_inline_css.indexOf( inline_css_start ),
											old_inline_block_end = old_inline_css.indexOf( inline_css_end );
										if ( old_inline_block_start >= 0 ) {
											old_inline_css = old_inline_css.substring( 0, old_inline_block_start )
															+ new_inline_block
															+ old_inline_css.substring( old_inline_block_end + inline_css_end.length );
											inline_css_wrap.html( old_inline_css );
										}
									}
								}
							}
							// Place back a 'loading' icon
							if ( ! remove_loading ) {
								jQuery( list_products_loading_selector )
									.toggleClass('trx_addons_woocommerce_search_loading', true)
									.append( list_products_loading_html );
							}
							// Replace total products counters
							jQuery('.trx_addons_woocommerce_search_button_show_total').text(new_total);
							// Got new elements
							jQuery( document ).trigger( 'action.got_ajax_response', {
								action: 'woocommerce_ajax_get_posts',
								result: response,
								products: list_products_wrap.hasClass('products')
												? list_products_wrap
												: list_products_wrap.find('ul.products')
							});
							// Init new elements
							$document.trigger( 'action.init_hidden_elements', [list_products_wrap] );
						} else {
							// If a result is a redirect to the single product - commit it
							if ( $response.find( single_product_selector ).length ) {
								var url = $response.filter( 'link[rel="canonical"]' ).attr( 'href' );
								if ( url ) {
									window.location = url;
									return;
								}
							}
							alert( TRX_ADDONS_STORAGE['msg_no_products_found'] );
						}
						// Remove 'loading' from products container
						if ( remove_loading ) {
							jQuery( list_products_loading_selector )
								.removeClass('trx_addons_woocommerce_search_loading')
								.find('>' + list_products_loading_class).remove();
						}
						// If fields_wrap not empty
						if ( widget_number ) {
							// Get new object for fields_wrap after products replaced (old fields wrap may be removed)
							var widget = jQuery('.trx_addons_woocommerce_search_type_filter[data-number="' + widget_number + '"]').eq(0),
								fields_wrap = widget.find('.trx_addons_woocommerce_search_form_fields_wrap').eq(0);
							if ( fields_wrap.length ) {
								// Remove 'loading'
								if ( remove_loading && mask_fields_wrap_on_loading ) {
									fields_wrap.find('>' + list_products_loading_class).remove();
								}
								// Reopen fields wrap
								if ( need_open_fields_wrap ) {
									widget.find('.trx_addons_woocommerce_search_form_fields_wrap').addClass('trx_addons_woocommerce_search_form_fields_wrap_opened trx_addons_woocommerce_search_form_fields_wrap_show');
									setTimeout( function() {
										widget.find('.trx_addons_woocommerce_search_form_fields_wrap_show').removeClass('trx_addons_woocommerce_search_form_fields_wrap_show');
									}, 500 );
								}
								// Reopen last active field
								if ( last_opened_filter ) {// && ! fields_wrap.parents('.trx_addons_woocommerce_search ').hasClass('trx_addons_woocommerce_search_apply') ) {
									var field = widget.find('input[name="'+last_opened_filter+'"]').parents('.sc_form_field');
									trx_addons_woocommerce_search_form_open_field( field, 'show' );
									if ( last_clicked_item ) {
										field.find('.sc_form_field_item[data-value="'+last_clicked_item+'"]').focus();
									}
								}
								// Clear 'param-changed' data parameter
								fields_wrap.data('param-changed', 0);
							}
						}
						reload_is_busy = false;
					}
				} );
			}

		} );

		// Close opened field on click outside the field wrap
		var trx_addons_woocommerce_search_form_click_outside = trx_addons_throttle(
								function() {
									var opened = jQuery('.trx_addons_woocommerce_search_form .sc_form_field_opened').eq(0);
									if ( opened.length ) {
										var fields_wrap = opened.parents('.trx_addons_woocommerce_search_form_fields_wrap');
										if ( fields_wrap.parents('.trx_addons_woocommerce_tools').length
											&& ! fields_wrap.hasClass('trx_addons_woocommerce_search_form_fields_wrap_opened')
										) {
											opened.find('.sc_form_field_title').trigger('click');
										} else {
											fields_wrap.find('.trx_addons_woocommerce_search_button_show').trigger('click');
										}
									}
								},
								trx_addons_apply_filters( 'trx_addons_filter_woocommerce_search_click_outside_timeout', 10 ),
								true
							);

		$document.on( 'click', function(e) {
			var $self = jQuery( e.target );
			if ( ! $self.hasClass('sc_form_field_wrap')
					&& $self.parents('.sc_form_field_wrap').length === 0
					&& $self.parents('.trx_addons_woocommerce_search_form_fields_wrap').length === 0
					&& ! $self.hasClass(list_products_loading_class)
			) {
				trx_addons_woocommerce_search_form_click_outside();
			}
			// Close opened fields wrap
			/*
			if ( ! $self.hasClass('trx_addons_woocommerce_search_form_fields_wrap_opened')
					&& $self.parents('.trx_addons_woocommerce_search_form_fields_wrap_opened').length === 0
			) {
				jQuery('.trx_addons_woocommerce_search_form_fields_wrap_opened').removeClass('trx_addons_woocommerce_search_form_fields_wrap_opened');
			}
			*/
		} );
		
		// Collect all form params to array (any style)
		function trx_addons_woocommerce_search_form_get_params( form, selector ) {
			var params = {}, not_empty = false;
			// Collect all filters
			form.find( selector ? selector : 'select,input' ).each( function() {
				var $self = jQuery(this),
					val   = $self.val(),
					name  = $self.attr('name'),
					type  = '';
				if ( name && ( ( val !== '' && ( '' + val ) !== '0' ) || name == 'product_cat' ) ) {
					if ( name == 'price' ) {
						var values  = val.split(','),
							$slider = $self.next('.trx_addons_range_slider '),
							min     = $slider.data('min'),
							max     = $slider.data('max');
						if ( values.length == 2 && $slider.length == 1 ) {
							if ( Number( values[0] ) > min ) {
								params['min_price'] = values[0];
							}
							if ( Number( values[1] ) < max ) {
								params['max_price'] = values[1];
							}
						}
						name = '';
					} else if ( name.substring(0, 3) == 'pa_' ) {
						type = 'query_type_' + name.substring(3);
						name = 'filter_' + name.substring(3);
					} else if ( name == 'rating' ) {
						name = name + '_filter';
					}
					if ( name !== '' ) {
						params[name] = val;
					}
					if ( type !== '' && val.indexOf(',') > 0 ) {
						params[type] = 'or';
					}
					not_empty = true;
				}
			} );
			// Add sort order
			if ( not_empty || selector ) {
				params = trx_addons_woocommerce_search_form_add_orderby_to_query_params( params );
			}
			return not_empty || typeof params['orderby'] != 'undefined' ? params : false;
		}

		// Add sort order to the query params
		function trx_addons_woocommerce_search_form_add_orderby_to_query_params( params ) {
			var orderby = jQuery('.woocommerce-ordering .orderby').val();
			if ( orderby && orderby != 'menu_order' ) {
				params['orderby'] = orderby;
			}
			return params;
		}

	});

})();
</script>
<script id="curtains-js" defer="defer">/***
 * curtains.js v6.1.1
 * https://www.curtainsjs.com/
 *
 * @author: Martin Laxenaire
 * https://www.martin-laxenaire.fr/
 */
"use strict";function Curtains(t){var e;(this.planes=[],this.renderTargets=[],this.shaderPasses=[],this._imageCache=[],this._drawStacks={opaque:{length:0,programs:[],order:[]},transparent:{length:0,programs:[],order:[]},renderPasses:[],scenePasses:[]},this._drawingEnabled=!0,this._forceRender=!1,"string"==typeof t)&&(console.warn("Since v4.0 you should use an object to pass your container and other parameters. Please refer to the docs: https://www.curtainsjs.com/documentation.html"),t={container:e=t});t.container?"string"==typeof t.container?this.container=document.getElementById(t.container):t.container instanceof Element&&(this.container=t.container):((e=document.createElement("div")).setAttribute("id","curtains-canvas"),document.body.appendChild(e),this.container=e);if(this._autoResize=t.autoResize,null!==this._autoResize&&void 0!==this._autoResize||(this._autoResize=!0),this._autoRender=t.autoRender,null!==this._autoRender&&void 0!==this._autoRender||(this._autoRender=!0),this._watchScroll=t.watchScroll,null!==this._watchScroll&&void 0!==this._watchScroll||(this._watchScroll=!0),this.pixelRatio=t.pixelRatio||window.devicePixelRatio||1,t.renderingScale=isNaN(t.renderingScale)?1:parseFloat(t.renderingScale),this._renderingScale=Math.max(.25,Math.min(1,t.renderingScale)),this.premultipliedAlpha=t.premultipliedAlpha||!1,this.alpha=t.alpha,null!==this.alpha&&void 0!==this.alpha||(this.alpha=!0),this.antialias=t.antialias,null!==this.antialias&&void 0!==this.antialias||(this.antialias=!0),this.productionMode=t.production||!1,!this.container)return this.productionMode||console.warn("You must specify a valid container ID"),void(this._onErrorCallback&&this._onErrorCallback());this._init()}Curtains.prototype._init=function(){this.glCanvas=document.createElement("canvas");var t={alpha:this.alpha,premultipliedAlpha:this.premultipliedAlpha,antialias:this.antialias};if(this.gl=this.glCanvas.getContext("webgl2",t),this._isWebGL2=!!this.gl,this.gl||(this.gl=this.glCanvas.getContext("webgl",t)||this.glCanvas.getContext("experimental-webgl",t)),!this.gl)return this.productionMode||console.warn("WebGL context could not be created"),void(this._onErrorCallback&&this._onErrorCallback());this._getExtensions(),this._glState={currentProgramID:null,programs:[],currentBuffersID:0,setDepth:null,frameBufferID:null,scenePassIndex:null,cullFace:null,flipY:null},this._contextLostHandler=this._contextLost.bind(this),this.glCanvas.addEventListener("webglcontextlost",this._contextLostHandler,!1),this._contextRestoredHandler=this._contextRestored.bind(this),this.glCanvas.addEventListener("webglcontextrestored",this._contextRestoredHandler,!1),this._scrollManager={handler:this._scroll.bind(this,!0),shouldWatch:this._watchScroll,xOffset:window.pageXOffset,yOffset:window.pageYOffset,lastXDelta:0,lastYDelta:0},this._watchScroll&&window.addEventListener("scroll",this._scrollManager.handler,{passive:!0}),this.setPixelRatio(this.pixelRatio,!1),this._resizeHandler=null,this._autoResize&&(this._resizeHandler=this.resize.bind(this,!0),window.addEventListener("resize",this._resizeHandler,!1)),this._readyToDraw()},Curtains.prototype._getExtensions=function(){this._extensions=[],this._isWebGL2?(this._extensions.EXT_color_buffer_float=this.gl.getExtension("EXT_color_buffer_float"),this._extensions.OES_texture_float_linear=this.gl.getExtension("OES_texture_float_linear"),this._extensions.WEBGL_lose_context=this.gl.getExtension("WEBGL_lose_context")):(this._extensions.OES_vertex_array_object=this.gl.getExtension("OES_vertex_array_object"),this._extensions.OES_texture_float=this.gl.getExtension("OES_texture_float"),this._extensions.OES_texture_float_linear=this.gl.getExtension("OES_texture_float_linear"),this._extensions.OES_texture_half_float=this.gl.getExtension("OES_texture_half_float"),this._extensions.OES_texture_half_float_linear=this.gl.getExtension("OES_texture_half_float_linear"),this._extensions.OES_element_index_uint=this.gl.getExtension("OES_element_index_uint"),this._extensions.OES_standard_derivatives=this.gl.getExtension("OES_standard_derivatives"),this._extensions.EXT_sRGB=this.gl.getExtension("EXT_sRGB"),this._extensions.WEBGL_depth_texture=this.gl.getExtension("WEBGL_depth_texture"),this._extensions.WEBGL_draw_buffers=this.gl.getExtension("WEBGL_draw_buffers"),this._extensions.WEBGL_lose_context=this.gl.getExtension("WEBGL_lose_context"))},Curtains.prototype.setPixelRatio=function(t,e){this.pixelRatio=parseFloat(Math.max(t,1))||1,this.resize(e)},Curtains.prototype._setSize=function(){var t=this.container.getBoundingClientRect();this._boundingRect={width:t.width*this.pixelRatio,height:t.height*this.pixelRatio,top:t.top*this.pixelRatio,left:t.left*this.pixelRatio};var e=!!navigator.userAgent.match(/Version\/[\d\.]+.*Safari/),i=/iPad|iPhone|iPod/.test(navigator.userAgent)&&!window.MSStream;if(e&&i){this._boundingRect.top=function(t){for(var e=0;t&&!isNaN(t.offsetTop);)e+=t.offsetTop-t.scrollTop,t=t.offsetParent;return e}(this.container)*this.pixelRatio}this.glCanvas.style.width=Math.floor(this._boundingRect.width/this.pixelRatio)+"px",this.glCanvas.style.height=Math.floor(this._boundingRect.height/this.pixelRatio)+"px",this.glCanvas.width=Math.floor(this._boundingRect.width*this._renderingScale),this.glCanvas.height=Math.floor(this._boundingRect.height*this._renderingScale),this.gl.viewport(0,0,this.gl.drawingBufferWidth,this.gl.drawingBufferHeight),this._scrollManager.shouldWatch&&(this._scrollManager.xOffset=window.pageXOffset,this._scrollManager.yOffset=window.pageYOffset)},Curtains.prototype.getBoundingRect=function(){return this._boundingRect},Curtains.prototype.resize=function(t){this._setSize();for(var e=0;e<this.planes.length;e++)this.planes[e]._canDraw&&this.planes[e].planeResize();for(e=0;e<this.shaderPasses.length;e++)this.shaderPasses[e]._canDraw&&this.shaderPasses[e].planeResize();for(e=0;e<this.renderTargets.length;e++)this.renderTargets[e].resize();this.needRender();var i=this;setTimeout(function(){i._onAfterResizeCallback&&t&&i._onAfterResizeCallback()},0)},Curtains.prototype._scroll=function(){var t={x:window.pageXOffset,y:window.pageYOffset};if(this.updateScrollValues(t.x,t.y),this._scrollManager.shouldWatch){for(var e=0;e<this.planes.length;e++)this.planes[e].watchScroll&&this.planes[e].updateScrollPosition();this.needRender()}this._onScrollCallback&&this._onScrollCallback()},Curtains.prototype.updateScrollValues=function(t,e){var i=this._scrollManager.xOffset;this._scrollManager.xOffset=t,this._scrollManager.lastXDelta=i-this._scrollManager.xOffset;var s=this._scrollManager.yOffset;this._scrollManager.yOffset=e,this._scrollManager.lastYDelta=s-this._scrollManager.yOffset},Curtains.prototype.getScrollDeltas=function(){return{x:this._scrollManager.lastXDelta,y:this._scrollManager.lastYDelta}},Curtains.prototype.getScrollValues=function(){return{x:this._scrollManager.xOffset,y:this._scrollManager.yOffset}},Curtains.prototype.enableDrawing=function(){this._drawingEnabled=!0},Curtains.prototype.disableDrawing=function(){this._drawingEnabled=!1},Curtains.prototype.needRender=function(){this._forceRender=!0},Curtains.prototype._contextLost=function(t){t.preventDefault(),this._glState={currentProgramID:null,programs:[],currentBuffersID:0,setDepth:null,frameBufferID:null,scenePassIndex:null,cullFace:null,flipY:null},this._animationFrameID&&window.cancelAnimationFrame(this._animationFrameID);var e=this;setTimeout(function(){e._onContextLostCallback&&e._onContextLostCallback()},0)},Curtains.prototype.restoreContext=function(){this.gl&&this._extensions.WEBGL_lose_context?this._extensions.WEBGL_lose_context.restoreContext():this.productionMode||(this.gl?this._extensions.WEBGL_lose_context||console.warn("Could not restore context because the restore context extension is not defined"):console.warn("Could not restore context because the context is not defined"))},Curtains.prototype._contextRestored=function(){var t=this._drawingEnabled;this._drawingEnabled=!1,this._getExtensions(),this._setBlendFunc(),this._setDepth(!0),this._drawStacks={opaque:{length:0,programs:[],order:[]},transparent:{length:0,programs:[],order:[]},renderPasses:[],scenePasses:[]},this._imageCache=[];for(var e=0;e<this.renderTargets.length;e++)this.renderTargets[e]._restoreContext();for(e=0;e<this.planes.length;e++)this.planes[e]._restoreContext();for(e=0;e<this.shaderPasses.length;e++)this.shaderPasses[e]._restoreContext();this._onContextRestoredCallback&&this._onContextRestoredCallback(),this._drawingEnabled=t,this.needRender(),this._autoRender&&this._animate()},Curtains.prototype.dispose=function(){for(this._isDestroying=!0;this.planes.length>0;)this.removePlane(this.planes[0]);for(;this.shaderPasses.length>0;)this.removeShaderPass(this.shaderPasses[0]);for(;this.renderTargets.length>0;)this.removeRenderTarget(this.renderTargets[0]);for(var t=0;t<this._glState.programs.length;t++){var e=this._glState.programs[t];this.gl.deleteProgram(e.program)}this._glState={currentProgramID:null,programs:[],currentBuffersID:0,setDepth:null,frameBufferID:null,scenePassIndex:null,cullFace:null,flipY:null};var i=this,s=setInterval(function(){0===i.planes.length&&0===i.shaderPasses.length&&0===i.renderTargets.length&&(clearInterval(s),i._clear(),i._animationFrameID&&window.cancelAnimationFrame(i._animationFrameID),this._resizeHandler&&window.removeEventListener("resize",i._resizeHandler,!1),this._watchScroll&&window.removeEventListener("scroll",this._scrollManager.handler,{passive:!0}),i.glCanvas.removeEventListener("webgllost",i._contextLostHandler,!1),i.glCanvas.removeEventListener("webglrestored",i._contextRestoredHandler,!1),i.gl&&i._extensions.WEBGL_lose_context&&i._extensions.WEBGL_lose_context.loseContext(),i.glCanvas.width=i.glCanvas.width,i.gl=null,i.container.removeChild(i.glCanvas),i.container=null,i.glCanvas=null)},100)},Curtains.prototype._createShader=function(t,e){var i=this.gl.createShader(e);if(this.gl.shaderSource(i,t),this.gl.compileShader(i),!this.productionMode&&!this.gl.getShaderParameter(i,this.gl.COMPILE_STATUS)){for(var s=e===this.gl.VERTEX_SHADER?"vertex shader":"fragment shader",r=this.gl.getShaderSource(i).split("\n"),a=0;a<r.length;a++)r[a]=a+1+": "+r[a];return r=r.join("\n"),console.warn("Errors occurred while compiling the",s,":\n",this.gl.getShaderInfoLog(i)),console.error(r),null}return i},Curtains.prototype._isEqualShader=function(t,e){var i=!1;return 0===t.localeCompare(e)&&(i=!0),i},Curtains.prototype._setupProgram=function(t,e,i){for(var s={},r=0;r<this._glState.programs.length;r++)if(this._isEqualShader(this._glState.programs[r].vsCode,t)&&this._isEqualShader(this._glState.programs[r].fsCode,e)){s=this._glState.programs[r];break}if(s.program){if(i.shareProgram)return s;var a=this._useExistingShaders(s);return this._createProgram(a,i._type)}return!!(a=this._useNewShaders(t,e))&&this._createProgram(a,i._type)},Curtains.prototype._useExistingShaders=function(t){return{vs:{vertexShader:t.vertexShader,vsCode:t.vsCode},fs:{fragmentShader:t.fragmentShader,fsCode:t.fsCode}}},Curtains.prototype._useNewShaders=function(t,e){var i=!0,s=this._createShader(t,this.gl.VERTEX_SHADER),r=this._createShader(e,this.gl.FRAGMENT_SHADER);return s&&r||(this.productionMode||console.warn("Unable to find or compile the vertex or fragment shader"),i=!1),i?{vs:{vertexShader:s,vsCode:t},fs:{fragmentShader:r,fsCode:e}}:i},Curtains.prototype._createProgram=function(t,e){var i=this.gl,s=!0,r=i.createProgram();if(s&&(i.attachShader(r,t.vs.vertexShader),i.attachShader(r,t.fs.fragmentShader),i.linkProgram(r),this.productionMode||i.getProgramParameter(r,i.LINK_STATUS)||(console.warn("Unable to initialize the shader program."),s=!1),i.deleteShader(t.vs.vertexShader),i.deleteShader(t.fs.fragmentShader)),s){var a={id:this._glState.programs.length,vsCode:t.vs.vsCode,vertexShader:t.vs.vertexShader,fsCode:t.fs.fsCode,fragmentShader:t.fs.fragmentShader,program:r,type:e};return"Plane"===e&&(this._drawStacks.opaque.programs["program-"+a.id]=[],this._drawStacks.transparent.programs["program-"+a.id]=[]),this._glState.programs.push(a),a}return s},Curtains.prototype._useProgram=function(t){null!==this._glState.currentProgramID&&this._glState.currentProgramID===t.id||(this.gl.useProgram(t.program),this._glState.currentProgramID=t.id)},Curtains.prototype.addPlane=function(t,e){if(this.gl){if(!t||0===t.length)return this.productionMode||console.warn("The html element you specified does not currently exists in the DOM"),this._onErrorCallback&&this._onErrorCallback(),!1;var i=new Curtains.Plane(this,t,e);return i._usedProgram?this.planes.push(i):i=!1,i}return this.productionMode||console.warn("Unable to create a plane. The WebGl context couldn't be created"),this._onErrorCallback&&this._onErrorCallback(),null},Curtains.prototype.removePlane=function(t){t._canDraw=!1;var e,i=t._transparent?"transparent":"opaque";t&&t._dispose();for(var s=0;s<this.planes.length;s++)t.uuid===this.planes[s].uuid&&(e=s);t=null,this.planes[e]=null,this.planes.splice(e,1);for(s=0;s<this._glState.programs.length;s++)this._drawStacks.opaque.programs["program-"+this._glState.programs[s].id]=[],this._drawStacks.transparent.programs["program-"+this._glState.programs[s].id]=[];this._drawStacks.opaque.length=0,this._drawStacks.transparent.length=0;for(s=0;s<this.planes.length;s++){(t=this.planes[s]).index=s;var r=t._transparent?"transparent":"opaque";"transparent"===r?this._drawStacks[r].programs["program-"+t._usedProgram.id].unshift(t.index):this._drawStacks[r].programs["program-"+t._usedProgram.id].push(t.index),this._drawStacks[r].length++}for(s=0;s<this._drawStacks[i].order.length;s++){var a=this._drawStacks[i].order[s];0===this._drawStacks[i].programs["program-"+a].length&&this._drawStacks[i].order.splice(s,1)}this.gl&&this._clear(),this._glState.currentBuffersID=0},Curtains.prototype._stackPlane=function(t){var e=t._transparent?"transparent":"opaque",i=this._drawStacks[e];"transparent"===e?(i.programs["program-"+t._usedProgram.id].unshift(t.index),i.order.includes(t._usedProgram.id)||i.order.unshift(t._usedProgram.id)):(i.programs["program-"+t._usedProgram.id].push(t.index),i.order.includes(t._usedProgram.id)||i.order.push(t._usedProgram.id)),i.length++},Curtains.prototype.addRenderTarget=function(t){return this.gl?new Curtains.RenderTarget(this,t):(this.productionMode||console.warn("Unable to create a render target. The WebGl context couldn't be created"),this._onErrorCallback&&this._onErrorCallback(),null)},Curtains.prototype.removeRenderTarget=function(t){if(t._shaderPass)this.productionMode||console.warn("You're trying to remove a render target attached to a shader pass. You should remove that shader pass instead:",t._shaderPass);else{for(var e=0;e<this.planes.length;e++)this.planes[e].target&&this.planes[e].target.uuid===t.uuid&&(this.planes[e].target=null);var i;for(e=0;e<this.renderTargets.length;e++)t.uuid===this.renderTargets[e].uuid&&(i=e);this.renderTargets[i]=null,this.renderTargets.splice(i,1),t&&t._dispose(),t=null,this.gl&&this._clear(),this._glState.currentBuffersID=0}},Curtains.prototype.addShaderPass=function(t){if(this.gl){var e=new Curtains.ShaderPass(this,t);return e._usedProgram?(t.renderTarget?this._drawStacks.renderPasses.push(e.index):this._drawStacks.scenePasses.push(e.index),this.shaderPasses.push(e)):e=!1,e}return this.productionMode||console.warn("Unable to create a shader pass. The WebGl context couldn't be created"),this._onErrorCallback&&this._onErrorCallback(),null},Curtains.prototype.removeShaderPass=function(t){var e;t._canDraw=!1,t.target&&(t.target._shaderPass=null,this.removeRenderTarget(t.target),t.target=null);for(var i=0;i<this.shaderPasses.length;i++)t.uuid===this.shaderPasses[i].uuid&&(e=i);this.shaderPasses.splice(e,1),this._drawStacks.scenePasses=[],this._drawStacks.renderPasses=[];for(i=0;i<this.shaderPasses.length;i++)this.shaderPasses[i].index=i,this.shaderPasses[i]._isScenePass?this._drawStacks.scenePasses.push(this.shaderPasses[i].index):this._drawStacks.renderPasses.push(this.shaderPasses[i].index);0===this._drawStacks.scenePasses.length&&(this._glState.scenePassIndex=null),t&&t._dispose(),t=null,this.gl&&this._clear(),this._glState.currentBuffersID=0},Curtains.prototype._clear=function(){this.gl.clear(this.gl.COLOR_BUFFER_BIT|this.gl.DEPTH_BUFFER_BIT)},Curtains.prototype._bindFrameBuffer=function(t,e){var i=null;t?(i=t.index)!==this._glState.frameBufferID&&(this.gl.bindFramebuffer(this.gl.FRAMEBUFFER,t._frameBuffer),this.gl.viewport(0,0,t._size.width,t._size.height),t._shouldClear&&!e&&this._clear()):null!==this._glState.frameBufferID&&(this.gl.bindFramebuffer(this.gl.FRAMEBUFFER,null),this.gl.viewport(0,0,this.gl.drawingBufferWidth,this.gl.drawingBufferHeight)),this._glState.frameBufferID=i},Curtains.prototype._setDepth=function(t){t&&!this._glState.depthTest?(this._glState.depthTest=t,this.gl.enable(this.gl.DEPTH_TEST)):!t&&this._glState.depthTest&&(this._glState.depthTest=t,this.gl.disable(this.gl.DEPTH_TEST))},Curtains.prototype._setBlendFunc=function(){var t=this.gl;t.enable(t.BLEND),this.premultipliedAlpha?t.blendFuncSeparate(t.ONE,t.ONE_MINUS_SRC_ALPHA,t.ONE,t.ONE_MINUS_SRC_ALPHA):t.blendFuncSeparate(t.SRC_ALPHA,t.ONE_MINUS_SRC_ALPHA,t.ONE,t.ONE_MINUS_SRC_ALPHA)},Curtains.prototype._setFaceCulling=function(t){var e=this.gl;if(this._glState.cullFace!==t)if(this._glState.cullFace=t,"none"===t)e.disable(e.CULL_FACE);else{var i="front"===t?e.FRONT:e.BACK;e.enable(e.CULL_FACE),e.cullFace(i)}},Curtains.prototype._generateUUID=function(){return"xxxxxxxx-xxxx-4xxx-yxxx-xxxxxxxxxxxx".replace(/[xy]/g,function(t){var e=16*Math.random()|0;return("x"==t?e:3&e|8).toString(16).toUpperCase()})},Curtains.prototype._multiplyMatrix=function(t,e){var i=new Float32Array(16);return i[0]=e[0]*t[0]+e[1]*t[4]+e[2]*t[8]+e[3]*t[12],i[1]=e[0]*t[1]+e[1]*t[5]+e[2]*t[9]+e[3]*t[13],i[2]=e[0]*t[2]+e[1]*t[6]+e[2]*t[10]+e[3]*t[14],i[3]=e[0]*t[3]+e[1]*t[7]+e[2]*t[11]+e[3]*t[15],i[4]=e[4]*t[0]+e[5]*t[4]+e[6]*t[8]+e[7]*t[12],i[5]=e[4]*t[1]+e[5]*t[5]+e[6]*t[9]+e[7]*t[13],i[6]=e[4]*t[2]+e[5]*t[6]+e[6]*t[10]+e[7]*t[14],i[7]=e[4]*t[3]+e[5]*t[7]+e[6]*t[11]+e[7]*t[15],i[8]=e[8]*t[0]+e[9]*t[4]+e[10]*t[8]+e[11]*t[12],i[9]=e[8]*t[1]+e[9]*t[5]+e[10]*t[9]+e[11]*t[13],i[10]=e[8]*t[2]+e[9]*t[6]+e[10]*t[10]+e[11]*t[14],i[11]=e[8]*t[3]+e[9]*t[7]+e[10]*t[11]+e[11]*t[15],i[12]=e[12]*t[0]+e[13]*t[4]+e[14]*t[8]+e[15]*t[12],i[13]=e[12]*t[1]+e[13]*t[5]+e[14]*t[9]+e[15]*t[13],i[14]=e[12]*t[2]+e[13]*t[6]+e[14]*t[10]+e[15]*t[14],i[15]=e[12]*t[3]+e[13]*t[7]+e[14]*t[11]+e[15]*t[15],i},Curtains.prototype._scaleMatrix=function(t,e,i,s){var r=new Float32Array(16);return r[0]=e*t[0],r[1]=e*t[1],r[2]=e*t[2],r[3]=e*t[3],r[4]=i*t[4],r[5]=i*t[5],r[6]=i*t[6],r[7]=i*t[7],r[8]=s*t[8],r[9]=s*t[9],r[10]=s*t[10],r[11]=s*t[11],t!==r&&(r[12]=t[12],r[13]=t[13],r[14]=t[14],r[15]=t[15]),r},Curtains.prototype._composeMatrixFromOrigin=function(t,e,i,s){var r=new Float32Array(16),a=e[0],n=e[1],o=e[2],h=e[3],u=a+a,l=n+n,_=o+o,c=a*u,d=a*l,p=a*_,g=n*l,f=n*_,m=o*_,x=h*u,v=h*l,P=h*_,y=i.x,b=i.y,C=s.x,T=s.y,S=s.z,w=(1-(g+m))*y,R=(d+P)*y,M=(p-v)*y,E=(d-P)*b,B=(1-(c+m))*b,D=(f+x)*b,F=1*(p+v),A=1*(f-x),L=1*(1-(c+g));return r[0]=w,r[1]=R,r[2]=M,r[3]=0,r[4]=E,r[5]=B,r[6]=D,r[7]=0,r[8]=F,r[9]=A,r[10]=L,r[11]=0,r[12]=t.x+C-(w*C+E*T+F*S),r[13]=t.y+T-(R*C+B*T+A*S),r[14]=t.z+S-(M*C+D*T+L*S),r[15]=1,r},Curtains.prototype._applyMatrixToPoint=function(t,e){var i=[],s=t[0],r=t[1],a=t[2];i[0]=e[0]*s+e[4]*r+e[8]*a+e[12],i[1]=e[1]*s+e[5]*r+e[9]*a+e[13],i[2]=e[2]*s+e[6]*r+e[10]*a+e[14];var n=e[3]*s+e[7]*r+e[11]*a+e[15];return n=n||1,i[0]/=n,i[1]/=n,i[2]/=n,i},Curtains.prototype._readyToDraw=function(){this.container.appendChild(this.glCanvas),this._setBlendFunc(),this._setDepth(!0),console.log("curtains.js - v6.1"),this._animationFrameID=null,this._autoRender&&this._animate()},Curtains.prototype._animate=function(){this.render(),this._animationFrameID=window.requestAnimationFrame(this._animate.bind(this))},Curtains.prototype._drawPlaneStack=function(t){for(var e=0;e<this._drawStacks[t].order.length;e++)for(var i=this._drawStacks[t].order[e],s=this._drawStacks[t].programs["program-"+i],r=0;r<s.length;r++){var a=this.planes[s[r]];a&&a._drawPlane()}},Curtains.prototype.render=function(){if(this._drawingEnabled||this._forceRender){this._forceRender&&(this._forceRender=!1),this._onRenderCallback&&this._onRenderCallback(),this._clear(),this._drawStacks.scenePasses.length>0&&0===this._drawStacks.renderPasses.length&&(this._glState.scenePassIndex=0,this._bindFrameBuffer(this.shaderPasses[this._drawStacks.scenePasses[0]].target)),this._drawPlaneStack("opaque"),this._drawStacks.transparent.length&&(this.gl.clearDepth(1),this.gl.clear(this.gl.DEPTH_BUFFER_BIT),this._drawPlaneStack("transparent")),this._drawStacks.scenePasses.length>0&&this._drawStacks.renderPasses.length>0&&(this._glState.scenePassIndex=0,this._bindFrameBuffer(this.shaderPasses[this._drawStacks.scenePasses[0]].target));for(var t=0;t<this._drawStacks.renderPasses.length;t++){this.shaderPasses[this._drawStacks.renderPasses[t]]._drawPlane()}if(this._drawStacks.scenePasses.length>0)for(t=0;t<this._drawStacks.scenePasses.length;t++){this.shaderPasses[this._drawStacks.scenePasses[t]]._drawPlane()}}},Curtains.prototype.onAfterResize=function(t){return t&&(this._onAfterResizeCallback=t),this},Curtains.prototype.onError=function(t){return t&&(this._onErrorCallback=t),this},Curtains.prototype.onContextLost=function(t){return t&&(this._onContextLostCallback=t),this},Curtains.prototype.onContextRestored=function(t){return t&&(this._onContextRestoredCallback=t),this},Curtains.prototype.onRender=function(t){return t&&(this._onRenderCallback=t),this},Curtains.prototype.onScroll=function(t){return t&&(this._onScrollCallback=t),this},Curtains.BasePlane=function(t,e,i){this._type=this._type||"BasicPlane",this._curtains=t,this.htmlElement=e,this.uuid=this._curtains._generateUUID(),this._initBasePlane(i)},Curtains.BasePlane.prototype._initBasePlane=function(t){if(t||(t={}),this._canDraw=!1,this.shareProgram=t.shareProgram||!1,this._updatePerspectiveMatrix=!1,this._updateMVMatrix=!1,this._definition={width:parseInt(t.widthSegments)||1,height:parseInt(t.heightSegments)||1},this._definition.buffersID=this._definition.width*this._definition.height+this._definition.width,this._depthTest=t.depthTest,null!==this._depthTest&&void 0!==this._depthTest||(this._depthTest=!0),this.cullFace=t.cullFace,"back"!==this.cullFace&&"front"!==this.cullFace&&"none"!==this.cullFace&&(this.cullFace="back"),this._activeTextures=[],t.uniforms||(t.uniforms={}),this.uniforms={},t.uniforms)for(var e in t.uniforms){var i=t.uniforms[e];this.uniforms[e]={name:i.name,type:i.type,value:i.value,lastValue:i.value}}var s=this._setupShaders(t);return this._usedProgram=this._curtains._setupProgram(s.vertexShaderCode,s.fragmentShaderCode,this),this._loadingManager={sourcesLoaded:0,initSourcesToLoad:0,complete:!1},this.images=[],this.videos=[],this.canvases=[],this.textures=[],this.crossOrigin=t.crossOrigin||"anonymous",this.userData={},!!this._usedProgram&&(this._shouldDraw=!0,this.visible=!0,this._setAttributes(),this._setDocumentSizes(),this._setUniforms(),this._initializeBuffers(),this._canDraw=!0,this)},Curtains.BasePlane.prototype._getDefaultVS=function(){return this._curtains.productionMode||console.warn("No vertex shader provided, will use a default one"),"precision mediump float;\nattribute vec3 aVertexPosition;attribute vec2 aTextureCoord;uniform mat4 uMVMatrix;uniform mat4 uPMatrix;varying vec3 vVertexPosition;varying vec2 vTextureCoord;void main() {vTextureCoord = aTextureCoord;vVertexPosition = aVertexPosition;gl_Position = uPMatrix * uMVMatrix * vec4(aVertexPosition, 1.0);}"},Curtains.BasePlane.prototype._getDefaultFS=function(){return"precision mediump float;\nvarying vec3 vVertexPosition;varying vec2 vTextureCoord;void main( void ) {gl_FragColor = vec4(0.0, 0.0, 0.0, 1.0);}"},Curtains.BasePlane.prototype._setupShaders=function(t){var e,i,s=t.vertexShaderID||this.htmlElement.getAttribute("data-vs-id"),r=t.fragmentShaderID||this.htmlElement.getAttribute("data-fs-id");return t.vertexShader||(e=s&&document.getElementById(s)?document.getElementById(s).innerHTML:this._getDefaultVS()),t.fragmentShader||(r&&document.getElementById(r)?i=document.getElementById(r).innerHTML:(this._curtains.productionMode||console.warn("No fragment shader provided, will use a default one"),i=this._getDefaultFS())),{vertexShaderCode:t.vertexShader||e,fragmentShaderCode:t.fragmentShader||i}},Curtains.BasePlane.prototype._handleUniformSetting=function(t,e,i){var s=this._curtains.gl;switch(t){case"1i":s.uniform1i(e,i);break;case"1iv":s.uniform1iv(e,i);break;case"1f":s.uniform1f(e,i);break;case"1fv":s.uniform1fv(e,i);break;case"2i":s.uniform2i(e,i[0],i[1]);break;case"2iv":s.uniform2iv(e,i);break;case"2f":s.uniform2f(e,i[0],i[1]);break;case"2fv":s.uniform2fv(e,i);break;case"3i":s.uniform3i(e,i[0],i[1],i[2]);break;case"3iv":s.uniform3iv(e,i);break;case"3f":s.uniform3f(e,i[0],i[1],i[2]);break;case"3fv":s.uniform3fv(e,i);break;case"4i":s.uniform4i(e,i[0],i[1],i[2],i[3]);break;case"4iv":s.uniform4iv(e,i);break;case"4f":s.uniform4f(e,i[0],i[1],i[2],i[3]);break;case"4fv":s.uniform4fv(e,i);break;case"mat2":s.uniformMatrix2fv(e,!1,i);break;case"mat3":s.uniformMatrix3fv(e,!1,i);break;case"mat4":s.uniformMatrix4fv(e,!1,i);break;default:this._curtains.productionMode||console.warn("This uniform type is not handled : ",t)}},Curtains.BasePlane.prototype._setUniforms=function(){var t=this._curtains,e=t.gl;t._useProgram(this._usedProgram);for(var i=e.getProgramParameter(this._usedProgram.program,e.ACTIVE_UNIFORMS),s=0;s<i;s++){var r=e.getActiveUniform(this._usedProgram.program,s);r.type===e.SAMPLER_2D&&this._activeTextures.push(r)}if(this.uniforms)for(var a in this.uniforms){var n=this.uniforms[a];n.location=e.getUniformLocation(this._usedProgram.program,n.name),n.type||(Array.isArray(n.value)?4===n.value.length?(n.type="4f",t.productionMode||console.warn("No uniform type declared for "+n.name+", applied a 4f (array of 4 floats) uniform type")):3===n.value.length?(n.type="3f",t.productionMode||console.warn("No uniform type declared for "+n.name+", applied a 3f (array of 3 floats) uniform type")):2===n.value.length&&(n.type="2f",t.productionMode||console.warn("No uniform type declared for "+n.name+", applied a 2f (array of 2 floats) uniform type")):n.value.constructor===Float32Array?16===n.value.length?(n.type="mat4",t.productionMode||console.warn("No uniform type declared for "+n.name+", applied a mat4 (4x4 matrix array) uniform type")):9===n.value.length?(n.type="mat3",t.productionMode||console.warn("No uniform type declared for "+n.name+", applied a mat3 (3x3 matrix array) uniform type")):4===n.value.length&&(n.type="mat2",t.productionMode||console.warn("No uniform type declared for "+n.name+", applied a mat2 (2x2 matrix array) uniform type")):(n.type="1f",t.productionMode||console.warn("No uniform type declared for "+n.name+", applied a 1f (float) uniform type"))),this._handleUniformSetting(n.type,n.location,n.value)}},Curtains.BasePlane.prototype._updateUniforms=function(){if(this.uniforms)for(var t in this.uniforms){var e=this.uniforms[t];this.shareProgram?this._handleUniformSetting(e.type,e.location,e.value):(e.value.length||e.value===e.lastValue?JSON.stringify(e.value)!==JSON.stringify(e.lastValue)&&this._handleUniformSetting(e.type,e.location,e.value):this._handleUniformSetting(e.type,e.location,e.value),e.lastValue=e.value)}},Curtains.BasePlane.prototype._setAttributes=function(){this._attributes||(this._attributes={}),this._attributes.vertexPosition={name:"aVertexPosition",location:this._curtains.gl.getAttribLocation(this._usedProgram.program,"aVertexPosition")},this._attributes.textureCoord={name:"aTextureCoord",location:this._curtains.gl.getAttribLocation(this._usedProgram.program,"aTextureCoord")}},Curtains.BasePlane.prototype._setPlaneVertices=function(){this._geometry={vertices:[]},this._material={uvs:[]};for(var t=0;t<this._definition.height;++t)for(var e=t/this._definition.height,i=0;i<this._definition.width;++i){var s=i/this._definition.width;this._material.uvs.push(s),this._material.uvs.push(e),this._material.uvs.push(0),this._geometry.vertices.push(2*(s-.5)),this._geometry.vertices.push(2*(e-.5)),this._geometry.vertices.push(0),this._material.uvs.push(s+1/this._definition.width),this._material.uvs.push(e),this._material.uvs.push(0),this._geometry.vertices.push(2*(s+1/this._definition.width-.5)),this._geometry.vertices.push(2*(e-.5)),this._geometry.vertices.push(0),this._material.uvs.push(s),this._material.uvs.push(e+1/this._definition.height),this._material.uvs.push(0),this._geometry.vertices.push(2*(s-.5)),this._geometry.vertices.push(2*(e+1/this._definition.height-.5)),this._geometry.vertices.push(0),this._material.uvs.push(s),this._material.uvs.push(e+1/this._definition.height),this._material.uvs.push(0),this._geometry.vertices.push(2*(s-.5)),this._geometry.vertices.push(2*(e+1/this._definition.height-.5)),this._geometry.vertices.push(0),this._material.uvs.push(s+1/this._definition.width),this._material.uvs.push(e),this._material.uvs.push(0),this._geometry.vertices.push(2*(s+1/this._definition.width-.5)),this._geometry.vertices.push(2*(e-.5)),this._geometry.vertices.push(0),this._material.uvs.push(s+1/this._definition.width),this._material.uvs.push(e+1/this._definition.height),this._material.uvs.push(0),this._geometry.vertices.push(2*(s+1/this._definition.width-.5)),this._geometry.vertices.push(2*(e+1/this._definition.height-.5)),this._geometry.vertices.push(0)}},Curtains.BasePlane.prototype._initializeBuffers=function(){var t=this._curtains.gl;this._geometry||this._material||this._setPlaneVertices(),this._attributes&&(this._geometry.bufferInfos={id:t.createBuffer(),itemSize:3,numberOfItems:this._geometry.vertices.length/3},this._material.bufferInfos={id:t.createBuffer(),itemSize:3,numberOfItems:this._material.uvs.length/3},this._curtains._isWebGL2?(this._vao=t.createVertexArray(),t.bindVertexArray(this._vao)):this._curtains._extensions.OES_vertex_array_object&&(this._vao=this._curtains._extensions.OES_vertex_array_object.createVertexArrayOES(),this._curtains._extensions.OES_vertex_array_object.bindVertexArrayOES(this._vao)),t.enableVertexAttribArray(this._attributes.vertexPosition.location),t.bindBuffer(t.ARRAY_BUFFER,this._geometry.bufferInfos.id),t.bufferData(t.ARRAY_BUFFER,new Float32Array(this._geometry.vertices),t.STATIC_DRAW),t.vertexAttribPointer(this._attributes.vertexPosition.location,this._geometry.bufferInfos.itemSize,t.FLOAT,!1,0,0),t.enableVertexAttribArray(this._attributes.textureCoord.location),t.bindBuffer(t.ARRAY_BUFFER,this._material.bufferInfos.id),t.bufferData(t.ARRAY_BUFFER,new Float32Array(this._material.uvs),t.STATIC_DRAW),t.vertexAttribPointer(this._attributes.textureCoord.location,this._material.bufferInfos.itemSize,t.FLOAT,!1,0,0),this._curtains._glState.currentBuffersID=this._definition.buffersID)},Curtains.BasePlane.prototype._restoreContext=function(){var t=this._curtains;if(this._canDraw=!1,this._matrices&&(this._matrices=null),this._attributes=null,this._geometry.bufferInfos=null,this._material.bufferInfos=null,this._usedProgram=t._setupProgram(this._usedProgram.vsCode,this._usedProgram.fsCode,this),this._usedProgram){if(this._setAttributes(),this._activeTextures=[],this._setUniforms(),this._initializeBuffers(),"ShaderPass"===this._type)if(this._isScenePass)this.target._frameBuffer=null,this.target._depthBuffer=null,t.renderTargets.splice(this.target.index,1),this.textures.splice(0,1),this._createFrameBuffer(),t._drawStacks.scenePasses.push(this.index);else{var e=t.renderTargets[this.target.index];this.setRenderTarget(e),this.target._shaderPass=e,this.textures[0]._canDraw=!1,this.textures[0]._setTextureUniforms(),this.textures[0].setFromTexture(e.textures[0]),t._drawStacks.renderPasses.push(this.index)}else this.target&&this.setRenderTarget(t.renderTargets[this.target.index]);for(var i="ShaderPass"===this._type?1:0;i<this.textures.length;i++)this.textures[i]._restoreContext();"Plane"===this._type&&(this._initMatrices(),this.setPerspective(this._fov,this._nearPlane,this._farPlane),this._applyWorldPositions(),t._stackPlane(this)),this._canDraw=!0}},Curtains.BasePlane.prototype._setDocumentSizes=function(){var t=this.htmlElement.getBoundingClientRect();0===t.width&&0===t.height&&(t=this._curtains._boundingRect),this._boundingRect||(this._boundingRect={}),this._boundingRect.document={width:t.width*this._curtains.pixelRatio,height:t.height*this._curtains.pixelRatio,top:t.top*this._curtains.pixelRatio,left:t.left*this._curtains.pixelRatio}},Curtains.BasePlane.prototype.getBoundingRect=function(){return{width:this._boundingRect.document.width,height:this._boundingRect.document.height,top:this._boundingRect.document.top,left:this._boundingRect.document.left,right:this._boundingRect.document.left+this._boundingRect.document.width,bottom:this._boundingRect.document.top+this._boundingRect.document.height}},Curtains.BasePlane.prototype._getNearPlaneIntersections=function(t,e,i){function s(t,e){for(var i=[e[0]-t[0],e[1]-t[1],e[2]-t[2]],s=t.slice();s[2]>-1;)s[0]+=i[0],s[1]+=i[1],s[2]+=i[2];return s}if(1===i.length)0===i[0]?(e[0]=s(e[1],this._curtains._applyMatrixToPoint([.95,1,0],this._matrices.mVPMatrix)),e.push(s(e[3],this._curtains._applyMatrixToPoint([-1,-.95,0],this._matrices.mVPMatrix)))):1===i[0]?(e[1]=s(e[0],this._curtains._applyMatrixToPoint([-.95,1,0],this._matrices.mVPMatrix)),e.push(s(e[2],this._curtains._applyMatrixToPoint([1,-.95,0],this._matrices.mVPMatrix)))):2===i[0]?(e[2]=s(e[3],this._curtains._applyMatrixToPoint([-.95,-1,0],this._matrices.mVPMatrix)),e.push(s(e[1],this._curtains._applyMatrixToPoint([1,.95,0],this._matrices.mVPMatrix)))):3===i[0]&&(e[3]=s(e[2],this._curtains._applyMatrixToPoint([.95,-1,0],this._matrices.mVPMatrix)),e.push(s(e[0],this._curtains._applyMatrixToPoint([-1,.95,0],this._matrices.mVPMatrix))));else if(2===i.length)0===i[0]&&1===i[1]?(e[0]=s(e[3],this._curtains._applyMatrixToPoint([-1,-.95,0],this._matrices.mVPMatrix)),e[1]=s(e[2],this._curtains._applyMatrixToPoint([1,-.95,0],this._matrices.mVPMatrix))):1===i[0]&&2===i[1]?(e[1]=s(e[0],this._curtains._applyMatrixToPoint([-.95,1,0],this._matrices.mVPMatrix)),e[2]=s(e[3],this._curtains._applyMatrixToPoint([-.95,-1,0],this._matrices.mVPMatrix))):2===i[0]&&3===i[1]?(e[2]=s(e[1],this._curtains._applyMatrixToPoint([1,.95,0],this._matrices.mVPMatrix)),e[3]=s(e[0],this._curtains._applyMatrixToPoint([-1,.95,0],this._matrices.mVPMatrix))):0===i[0]&&3===i[1]&&(e[0]=s(e[1],this._curtains._applyMatrixToPoint([.95,1,0],this._matrices.mVPMatrix)),e[3]=s(e[2],this._curtains._applyMatrixToPoint([.95,-1,0],this._matrices.mVPMatrix)));else if(3===i.length){for(var r=0,a=0;a<t.length;a++)i.includes(a)||(r=a);e=[e[r]],0===r?(e.push(s(e[0],this._curtains._applyMatrixToPoint([-.95,1,0],this._matrices.mVPMatrix))),e.push(s(e[0],this._curtains._applyMatrixToPoint([-1,.95,0],this._matrices.mVPMatrix)))):1===r?(e.push(s(e[0],this._curtains._applyMatrixToPoint([.95,1,0],this._matrices.mVPMatrix))),e.push(s(e[0],this._curtains._applyMatrixToPoint([1,.95,0],this._matrices.mVPMatrix)))):2===r?(e.push(s(e[0],this._curtains._applyMatrixToPoint([.95,-1,0],this._matrices.mVPMatrix))),e.push(s(e[0],this._curtains._applyMatrixToPoint([1,-.95,0],this._matrices.mVPMatrix)))):3===r&&(e.push(s(e[0],this._curtains._applyMatrixToPoint([-.95,-1,0],this._matrices.mVPMatrix))),e.push(s(e[0],this._curtains._applyMatrixToPoint([-1,-.95,0],this._matrices.mVPMatrix))))}else for(a=0;a<t.length;a++)e[a][0]=1e4,e[a][1]=1e4;return e},Curtains.BasePlane.prototype._getWorldCoords=function(){for(var t=[[-1,1,0],[1,1,0],[1,-1,0],[-1,-1,0]],e=[],i=[],s=0;s<t.length;s++){var r=this._curtains._applyMatrixToPoint(t[s],this._matrices.mVPMatrix);e.push(r),Math.abs(r[2])>1&&i.push(s)}i.length&&(e=this._getNearPlaneIntersections(t,e,i));var a=1/0,n=-1/0,o=1/0,h=-1/0;for(s=0;s<e.length;s++){var u=e[s];u[0]<a&&(a=u[0]),u[0]>n&&(n=u[0]),u[1]<o&&(o=u[1]),u[1]>h&&(h=u[1])}return{top:h,right:n,bottom:o,left:a}},Curtains.BasePlane.prototype.getWebGLBoundingRect=function(){if(this._matrices.mVPMatrix){var t=this._getWorldCoords(),e={top:1-(t.top+1)/2,right:(t.right+1)/2,bottom:1-(t.bottom+1)/2,left:(t.left+1)/2};return e.width=e.right-e.left,e.height=e.bottom-e.top,{width:e.width*this._curtains._boundingRect.width,height:e.height*this._curtains._boundingRect.height,top:e.top*this._curtains._boundingRect.height+this._curtains._boundingRect.top,left:e.left*this._curtains._boundingRect.width+this._curtains._boundingRect.left,right:e.left*this._curtains._boundingRect.width+this._curtains._boundingRect.left+e.width*this._curtains._boundingRect.width,bottom:e.top*this._curtains._boundingRect.height+this._curtains._boundingRect.top+e.height*this._curtains._boundingRect.height}}return this._boundingRect.document},Curtains.BasePlane.prototype._getWebGLDrawRect=function(){var t=this.getWebGLBoundingRect();return{top:t.top-this.drawCheckMargins.top,right:t.right+this.drawCheckMargins.right,bottom:t.bottom+this.drawCheckMargins.bottom,left:t.left-this.drawCheckMargins.left}},Curtains.BasePlane.prototype.planeResize=function(){this._setDocumentSizes(),"Plane"===this._type&&(this.setPerspective(this._fov,this._nearPlane,this._farPlane),this._applyWorldPositions());for(var t=0;t<this.textures.length;t++)this.textures[t].resize();var e=this;setTimeout(function(){e._onAfterResizeCallback&&e._onAfterResizeCallback()},0)},Curtains.BasePlane.prototype.createTexture=function(t){"string"==typeof t&&(t={sampler:t},this._curtains.productionMode||console.warn("Since v5.1 you should use an object to pass your sampler name with the createTexture() method. Please refer to the docs: https://www.curtainsjs.com/documentation.html (texture concerned: ",t.sampler,")")),t||(t={});var e=new Curtains.Texture(this,{index:this.textures.length,sampler:t.sampler||null,fromTexture:t.fromTexture||null,isFBOTexture:t.isFBOTexture||!1});return this.textures.push(e),e},Curtains.BasePlane.prototype._isPlaneReady=function(){if(!this._loadingManager.complete&&this._loadingManager.sourcesLoaded>=this._loadingManager.initSourcesToLoad){this._loadingManager.complete=!0,this._curtains.needRender();var t=this;setTimeout(function(){t._onReadyCallback&&t._onReadyCallback()},0)}},Curtains.BasePlane.prototype.loadSources=function(t){for(var e=0;e<t.length;e++)this.loadSource(t[e])},Curtains.BasePlane.prototype.loadSource=function(t){"IMG"===t.tagName.toUpperCase()?this.loadImage(t):"VIDEO"===t.tagName.toUpperCase()?this.loadVideo(t):"CANVAS"===t.tagName.toUpperCase()?this.loadCanvas(t):this._curtains.productionMode||console.warn("this HTML tag could not be converted into a texture:",t.tagName)},Curtains.BasePlane.prototype._sourceLoadError=function(t,e){this._curtains.productionMode||console.warn("There has been an error:",e,"while loading this source:",t)},Curtains.BasePlane.prototype._getTextureFromCache=function(t){var e=!1;if(this._curtains._imageCache.length>0)for(var i=0;i<this._curtains._imageCache.length;i++){var s=this._curtains._imageCache[i];s.source&&"image"===s.type&&s.source.src===t.src&&(e=s)}return e},Curtains.BasePlane.prototype.loadImage=function(t){var e=t;e.crossOrigin=this.crossOrigin||"anonymous",e.sampler=t.getAttribute("data-sampler")||null;var i=this._getTextureFromCache(t);if(i)return this.createTexture({sampler:e.sampler,fromTexture:i}),this.images.push(i.source),void this._isPlaneReady();var s=this.createTexture({sampler:e.sampler});if(s._onSourceLoadedHandler=s._onSourceLoaded.bind(s,e),e.complete)s._onSourceLoaded(e);else if(e.decode){var r=this;e.decode().then(s._onSourceLoadedHandler).catch(function(){e.addEventListener("load",s._onSourceLoadedHandler,!1),e.addEventListener("error",r._sourceLoadError.bind(r,e),!1)})}else e.addEventListener("load",s._onSourceLoadedHandler,!1),e.addEventListener("error",this._sourceLoadError.bind(this,e),!1);this.images.push(e)},Curtains.BasePlane.prototype.loadVideo=function(t){var e=t;e.preload=!0,e.muted=!0,e.loop=!0,e.sampler=t.getAttribute("data-sampler")||null,e.crossOrigin=this.crossOrigin||"anonymous";var i=this.createTexture({sampler:e.sampler});i._onSourceLoadedHandler=i._onVideoLoadedData.bind(i,e),e.addEventListener("canplaythrough",i._onSourceLoadedHandler,!1),e.addEventListener("error",this._sourceLoadError.bind(this,e),!1),e.readyState>=e.HAVE_FUTURE_DATA&&i._onSourceLoaded(e),e.load(),this.videos.push(e)},Curtains.BasePlane.prototype.loadCanvas=function(t){var e=t;e.sampler=t.getAttribute("data-sampler")||null;var i=this.createTexture({sampler:e.sampler});this.canvases.push(e),i._onSourceLoaded(e)},Curtains.BasePlane.prototype.loadImages=function(t){for(var e=0;e<t.length;e++)this.loadImage(t[e])},Curtains.BasePlane.prototype.loadVideos=function(t){for(var e=0;e<t.length;e++)this.loadVideo(t[e])},Curtains.BasePlane.prototype.loadCanvases=function(t){for(var e=0;e<t.length;e++)this.loadCanvas(t[e])},Curtains.BasePlane.prototype.playVideos=function(){for(var t=0;t<this.textures.length;t++){var e=this.textures[t];if("video"===e.type){var i=e.source.play(),s=this;void 0!==i&&i.catch(function(t){s._curtains.productionMode||console.warn("Could not play the video : ",t)})}}},Curtains.BasePlane.prototype.mouseToPlaneCoords=function(t,e){var i=this.scale?this.scale:{x:1,y:1},s=(this._boundingRect.document.width-this._boundingRect.document.width*i.x)/2,r=(this._boundingRect.document.height-this._boundingRect.document.height*i.y)/2,a=this._boundingRect.document.width*i.x/this._curtains.pixelRatio,n=this._boundingRect.document.height*i.y/this._curtains.pixelRatio,o=(this._boundingRect.document.top+r)/this._curtains.pixelRatio;return{x:(t-(this._boundingRect.document.left+s)/this._curtains.pixelRatio)/a*2-1,y:1-(e-o)/n*2}},Curtains.BasePlane.prototype._bindPlaneBuffers=function(){var t=this._curtains,e=t.gl;this._vao?t._isWebGL2?t.gl.bindVertexArray(this._vao):t._extensions.OES_vertex_array_object.bindVertexArrayOES(this._vao):(e.enableVertexAttribArray(this._attributes.vertexPosition.location),e.bindBuffer(e.ARRAY_BUFFER,this._geometry.bufferInfos.id),e.vertexAttribPointer(this._attributes.vertexPosition.location,this._geometry.bufferInfos.itemSize,e.FLOAT,!1,0,0),e.enableVertexAttribArray(this._attributes.textureCoord.location),e.bindBuffer(e.ARRAY_BUFFER,this._material.bufferInfos.id),e.vertexAttribPointer(this._attributes.textureCoord.location,this._material.bufferInfos.itemSize,e.FLOAT,!1,0,0)),t._glState.currentBuffersID=this._definition.buffersID},Curtains.BasePlane.prototype._bindPlaneTexture=function(t){var e=this._curtains.gl;t._canDraw&&(e.activeTexture(e.TEXTURE0+t.index),e.bindTexture(e.TEXTURE_2D,t._sampler.texture))},Curtains.BasePlane.prototype.setRenderTarget=function(t){t&&t._type&&"RenderTarget"===t._type?this.target=t:this._curtains.productionMode||console.warn("Could not set the render target because the argument passed is not a RenderTarget class object",t)},Curtains.BasePlane.prototype._drawPlane=function(){var t=this._curtains,e=t.gl;if(this._canDraw&&(this._onRenderCallback&&this._onRenderCallback(),"ShaderPass"===this._type?this._isScenePass?t._glState.scenePassIndex+1<t._drawStacks.scenePasses.length?(t._bindFrameBuffer(t.shaderPasses[t._drawStacks.scenePasses[t._glState.scenePassIndex+1]].target),t._glState.scenePassIndex++):t._bindFrameBuffer(null):null===t._glState.scenePassIndex&&t._bindFrameBuffer(null):(this.target?t._bindFrameBuffer(this.target):null===t._glState.scenePassIndex&&t._bindFrameBuffer(null),this._setPerspectiveMatrix(),this._setMVMatrix()),(this.alwaysDraw||this._shouldDraw)&&this.visible)){t._setDepth(this._depthTest),t._setFaceCulling(this.cullFace),t._useProgram(this._usedProgram),this._updateUniforms(),(t._glState.currentBuffersID!==this._definition.buffersID||this.target)&&this._bindPlaneBuffers();for(var i=0;i<this.textures.length;i++)this.textures[i]._drawTexture();e.drawArrays(e.TRIANGLES,0,this._geometry.bufferInfos.numberOfItems),this._onAfterRenderCallback&&this._onAfterRenderCallback()}},Curtains.BasePlane.prototype._dispose=function(){var t=this._curtains.gl;if(t){this._vao&&(this._curtains._isWebGL2?t.deleteVertexArray(this._vao):this._curtains._extensions.OES_vertex_array_object.deleteVertexArrayOES(this._vao)),this._geometry&&(t.bindBuffer(t.ARRAY_BUFFER,this._geometry.bufferInfos.id),t.bufferData(t.ARRAY_BUFFER,1,t.STATIC_DRAW),t.deleteBuffer(this._geometry.bufferInfos.id),this._geometry=null),this._material&&(t.bindBuffer(t.ARRAY_BUFFER,this._material.bufferInfos.id),t.bufferData(t.ARRAY_BUFFER,1,t.STATIC_DRAW),t.deleteBuffer(this._material.bufferInfos.id),this._material=null),this.target&&"ShaderPass"===this._type&&(this._curtains.removeRenderTarget(this.target),this.textures.shift());for(var e=0;e<this.textures.length;e++)this.textures[e]._dispose();this.textures=null}},Curtains.BasePlane.prototype.onAfterResize=function(t){return t&&(this._onAfterResizeCallback=t),this},Curtains.BasePlane.prototype.onLoading=function(t){return t&&(this._onPlaneLoadingCallback=t),this},Curtains.BasePlane.prototype.onReady=function(t){return t&&(this._onReadyCallback=t),this},Curtains.BasePlane.prototype.onRender=function(t){return t&&(this._onRenderCallback=t),this},Curtains.BasePlane.prototype.onAfterRender=function(t){return t&&(this._onAfterRenderCallback=t),this},Curtains.Plane=function(t,e,i){this._type="Plane",Curtains.BasePlane.call(this,t,e,i),this.index=this._curtains.planes.length,this._canDraw=!1,this.target=null,i||(i={}),this._setInitParams(i),this._usedProgram?(this._curtains._stackPlane(this),this._initPositions(),this._initSources()):this._curtains._onErrorCallback&&this._curtains._onErrorCallback()},Curtains.Plane.prototype=Object.create(Curtains.BasePlane.prototype),Curtains.Plane.prototype.constructor=Curtains.Plane,Curtains.Plane.prototype._setInitParams=function(t){this.alwaysDraw=t.alwaysDraw||!1,this._transparent=t.transparent||!1;var e={top:0,right:0,bottom:0,left:0};t.drawCheckMargins&&(e=t.drawCheckMargins),this.drawCheckMargins=e,this._initTransformValues(),this.autoloadSources=t.autoloadSources,null!==this.autoloadSources&&void 0!==this.autoloadSources||(this.autoloadSources=!0),this._fov=t.fov||50,this._nearPlane=.1,this._farPlane=150,null===t.watchScroll||void 0===t.watchScroll?this.watchScroll=this._curtains._watchScroll:this.watchScroll=t.watchScroll||!1,this.watchScroll&&(this._curtains._scrollManager.shouldWatch=!0)},Curtains.Plane.prototype._initTransformValues=function(){this.rotation={x:0,y:0,z:0},this.quaternion=new Float32Array([0,0,0,1]),this.relativeTranslation={x:0,y:0,z:0},this._translation={x:0,y:0,z:0},this.scale={x:1,y:1},this.transformOrigin={x:.5,y:.5,z:0}},Curtains.Plane.prototype._initPositions=function(){this._initMatrices(),this.setPerspective(this._fov,this._nearPlane,this._farPlane),this._applyWorldPositions()},Curtains.Plane.prototype._initSources=function(){if(this.autoloadSources){for(var t=[],e=0;e<this.htmlElement.getElementsByTagName("img").length;e++)t.push(this.htmlElement.getElementsByTagName("img")[e]);t.length>0&&this.loadSources(t);var i=[];for(e=0;e<this.htmlElement.getElementsByTagName("video").length;e++)i.push(this.htmlElement.getElementsByTagName("video")[e]);i.length>0&&this.loadSources(i);var s=[];for(e=0;e<this.htmlElement.getElementsByTagName("canvas").length;e++)s.push(this.htmlElement.getElementsByTagName("canvas")[e]);s.length>0&&this.loadSources(s),this._loadingManager.initSourcesToLoad=t.length+i.length+s.length}0===this._loadingManager.initSourcesToLoad&&(this._isPlaneReady(),this._curtains.productionMode||console.warn("This plane does not contain any image, video or canvas element. You may want to add some later with the loadSource() or loadSources() method.")),this._canDraw=!0,this._curtains.needRender(),this.alwaysDraw||this._shouldDrawCheck()},Curtains.Plane.prototype._initMatrices=function(){var t=this._curtains.gl;this._matrices={mvMatrix:{name:"uMVMatrix",matrix:new Float32Array([1,0,0,0,0,1,0,0,0,0,1,0,0,0,0,1]),location:t.getUniformLocation(this._usedProgram.program,"uMVMatrix")},pMatrix:{name:"uPMatrix",matrix:new Float32Array([1,0,0,0,0,1,0,0,0,0,1,0,0,0,0,1]),location:t.getUniformLocation(this._usedProgram.program,"uPMatrix")}}},Curtains.Plane.prototype.resetPlane=function(t){this._initTransformValues(),null!==t&&t?(this.htmlElement=t,this.updatePosition()):t||this._curtains.productionMode||console.warn("You are trying to reset a plane with a HTML element that does not exist. The old HTML element will be kept instead.")},Curtains.Plane.prototype._setWorldSizes=function(){var t=this._curtains,e=this._boundingRect.document.width/2+this._boundingRect.document.left,i=this._boundingRect.document.height/2+this._boundingRect.document.top,s=t._boundingRect.width/2+t._boundingRect.left,r=t._boundingRect.height/2+t._boundingRect.top;this._boundingRect.world={width:this._boundingRect.document.width/t._boundingRect.width,height:this._boundingRect.document.height/t._boundingRect.height,top:(r-i)/t._boundingRect.height,left:(e-s)/t._boundingRect.height},this._boundingRect.world.scale={x:this._curtains._boundingRect.width/this._curtains._boundingRect.height*this._boundingRect.world.width/2,y:this._boundingRect.world.height/2}},Curtains.Plane.prototype._setPerspectiveMatrix=function(){if(this._updatePerspectiveMatrix){var t=this._curtains._boundingRect.width/this._curtains._boundingRect.height,e=this._nearPlane*Math.tan(Math.PI/180*.5*this._fov),i=2*e,s=t*i,r=-.5*s,a=r+s,n=e-i,o=2*this._nearPlane/(a-r),h=2*this._nearPlane/(e-n),u=(a+r)/(a-r),l=(e+n)/(e-n),_=-(this._farPlane+this._nearPlane)/(this._farPlane-this._nearPlane),c=-2*this._farPlane*this._nearPlane/(this._farPlane-this._nearPlane);this._matrices.pMatrix.matrix=new Float32Array([o,0,0,0,0,h,0,0,u,l,_,-1,0,0,c,0])}(this.shareProgram||!this.shareProgram&&this._updatePerspectiveMatrix)&&(this._curtains._useProgram(this._usedProgram),this._curtains.gl.uniformMatrix4fv(this._matrices.pMatrix.location,!1,this._matrices.pMatrix.matrix)),this._updatePerspectiveMatrix=!1},Curtains.Plane.prototype.setPerspective=function(t,e,i){var s=isNaN(t)?this._fov:parseFloat(t);(s=Math.max(1,Math.min(s,179)))!==this._fov&&(this._fov=s),this._cameraZPosition=2*Math.tan(Math.PI/180*.5*this._fov),this._CSSPerspective=Math.pow(Math.pow(this._curtains._boundingRect.width/(2*this._curtains.pixelRatio),2)+Math.pow(this._curtains._boundingRect.height/(2*this._curtains.pixelRatio),2),.5)/Math.tan(this._fov/2*Math.PI/180),this._nearPlane=isNaN(e)?this._nearPlane:parseFloat(e),this._nearPlane=Math.max(this._nearPlane,.01),this._farPlane=isNaN(i)?this._farPlane:parseFloat(i),this._farPlane=Math.max(this._farPlane,50),this._updatePerspectiveMatrix=!0,this._updateMVMatrix=!0},Curtains.Plane.prototype._setMVMatrix=function(){if(this._updateMVMatrix){this._translation.z=this.relativeTranslation.z/this._CSSPerspective;var t={x:this._translation.x,y:this._translation.y,z:-(1-this._translation.z)/this._cameraZPosition},e={x:2*this.transformOrigin.x-1,y:-(2*this.transformOrigin.y-1)},i={x:e.x*this._boundingRect.world.scale.x,y:e.y*this._boundingRect.world.scale.y,z:this.transformOrigin.z},s=this._curtains._composeMatrixFromOrigin(t,this.quaternion,this.scale,i),r=new Float32Array([this._boundingRect.world.scale.x,0,0,0,0,this._boundingRect.world.scale.y,0,0,0,0,1,0,0,0,0,1]);this._matrices.mvMatrix.matrix=this._curtains._multiplyMatrix(s,r),this._matrices.mVPMatrix=this._curtains._multiplyMatrix(this._matrices.pMatrix.matrix,this._matrices.mvMatrix.matrix),this.alwaysDraw||this._shouldDrawCheck()}(this.shareProgram||!this.shareProgram&&this._updateMVMatrix)&&(this._curtains._useProgram(this._usedProgram),this._curtains.gl.uniformMatrix4fv(this._matrices.mvMatrix.location,!1,this._matrices.mvMatrix.matrix)),this._updateMVMatrix=!1},Curtains.Plane.prototype.setScale=function(t,e){if(t=isNaN(t)?this.scale.x:parseFloat(t),e=isNaN(e)?this.scale.y:parseFloat(e),t=Math.max(t,.001),e=Math.max(e,.001),t!==this.scale.x||e!==this.scale.y){this.scale={x:t,y:e};for(var i=0;i<this.textures.length;i++)this.textures[i].resize();this._updateMVMatrix=!0}},Curtains.Plane.prototype.setRotation=function(t,e,i){t=isNaN(t)?this.rotation.x:parseFloat(t),e=isNaN(e)?this.rotation.y:parseFloat(e),i=isNaN(i)?this.rotation.z:parseFloat(i),t===this.rotation.x&&e===this.rotation.y&&i===this.rotation.z||(this.rotation={x:t,y:e,z:i},this._setQuaternion(),this._updateMVMatrix=!0)},Curtains.Plane.prototype._setQuaternion=function(){var t=.5*this.rotation.x,e=.5*this.rotation.y,i=.5*this.rotation.z,s=Math.sin(t),r=Math.cos(t),a=Math.sin(e),n=Math.cos(e),o=Math.sin(i),h=Math.cos(i);this.quaternion[0]=s*n*h+r*a*o,this.quaternion[1]=r*a*h-s*n*o,this.quaternion[2]=r*n*o+s*a*h,this.quaternion[3]=r*n*h-s*a*o},Curtains.Plane.prototype.setTransformOrigin=function(t,e,i){t=isNaN(t)?this.transformOrigin.x:parseFloat(t),e=isNaN(e)?this.transformOrigin.y:parseFloat(e),i=isNaN(i)?this.transformOrigin.z:parseFloat(i),t===this.transformOrigin.x&&e===this.transformOrigin.y&&i===this.transformOrigin.z||(this.transformOrigin={x:t,y:e,z:i},this._updateMVMatrix=!0)},Curtains.Plane.prototype._setTranslation=function(){var t={x:0,y:0,z:0};0===this.relativeTranslation.x&&0===this.relativeTranslation.y&&0===this.relativeTranslation.z||(t=this._documentToLocalSpace(this.relativeTranslation.x,this.relativeTranslation.y)),this._translation.x=this._boundingRect.world.left+t.x,this._translation.y=this._boundingRect.world.top+t.y,this._updateMVMatrix=!0},Curtains.Plane.prototype.setRelativePosition=function(t,e,i){t=isNaN(t)?this.relativeTranslation.x:parseFloat(t),e=isNaN(e)?this.relativeTranslation.y:parseFloat(e),i=isNaN(i)?this.relativeTranslation.z:parseFloat(i),t===this.relativeTranslation.x&&e===this.relativeTranslation.y&&i===this.relativeTranslation.z||(this.relativeTranslation={x:t,y:e,z:i},this._setTranslation())},Curtains.Plane.prototype._documentToLocalSpace=function(t,e){return{x:t/(this._curtains._boundingRect.width/this._curtains.pixelRatio)*(this._curtains._boundingRect.width/this._curtains._boundingRect.height),y:-e/(this._curtains._boundingRect.height/this._curtains.pixelRatio)}},Curtains.Plane.prototype._shouldDrawCheck=function(){var t=this._getWebGLDrawRect(),e=this;Math.round(t.right)<=this._curtains._boundingRect.left||Math.round(t.left)>=this._curtains._boundingRect.left+this._curtains._boundingRect.width||Math.round(t.bottom)<=this._curtains._boundingRect.top||Math.round(t.top)>=this._curtains._boundingRect.top+this._curtains._boundingRect.height?this._shouldDraw&&(this._shouldDraw=!1,setTimeout(function(){e._onLeaveViewCallback&&e._onLeaveViewCallback()},0)):(this._shouldDraw||setTimeout(function(){e._onReEnterViewCallback&&e._onReEnterViewCallback()},0),this._shouldDraw=!0)},Curtains.Plane.prototype.isDrawn=function(){return this._canDraw&&this.visible&&(this._shouldDraw||this.alwaysDraw)},Curtains.Plane.prototype._applyWorldPositions=function(){this._setWorldSizes(),this._setTranslation()},Curtains.Plane.prototype.updatePosition=function(){this._setDocumentSizes(),this._applyWorldPositions()},Curtains.Plane.prototype.updateScrollPosition=function(){(this._curtains._scrollManager.lastXDelta||this._curtains._scrollManager.lastYDelta)&&(this._boundingRect.document.top+=this._curtains._scrollManager.lastYDelta*this._curtains.pixelRatio,this._boundingRect.document.left+=this._curtains._scrollManager.lastXDelta*this._curtains.pixelRatio,this._applyWorldPositions())},Curtains.Plane.prototype.enableDepthTest=function(t){this._depthTest=t},Curtains.Plane.prototype.moveToFront=function(){this.enableDepthTest(!1);for(var t=this._transparent?"transparent":"opaque",e=this._curtains._drawStacks[t].programs["program-"+this._usedProgram.id],i=0;i<e.length;i++)this.index===e[i]&&e.splice(i,1);"transparent"===t?e.unshift(this.index):e.push(this.index),this._curtains._drawStacks[t].programs["program-"+this._usedProgram.id]=e;for(i=0;i<this._curtains._drawStacks[t].order.length;i++)this._curtains._drawStacks[t].order[i]===this._usedProgram.id&&this._curtains._drawStacks[t].order.splice(i,1);this._curtains._drawStacks[t].order.push(this._usedProgram.id)},Curtains.Plane.prototype.onReEnterView=function(t){return t&&(this._onReEnterViewCallback=t),this},Curtains.Plane.prototype.onLeaveView=function(t){return t&&(this._onLeaveViewCallback=t),this},Curtains.RenderTarget=function(t,e){e||(e={}),this._curtains=t,this.index=this._curtains.renderTargets.length,this._type="RenderTarget",this._shaderPass=e.shaderPass||null,this._depth=e.depth||!1,this._shouldClear=e.clear,null!==this._shouldClear&&void 0!==this._shouldClear||(this._shouldClear=!0),this._minSize={width:e.minWidth||1024*this._curtains.pixelRatio,height:e.minHeight||1024*this._curtains.pixelRatio},this.userData={},this.uuid=this._curtains._generateUUID(),this._curtains.renderTargets.push(this),this._initRenderTarget()},Curtains.RenderTarget.prototype._initRenderTarget=function(){this._setSize(),this.textures=[],this._createFrameBuffer()},Curtains.RenderTarget.prototype._setSize=function(){this._shaderPass&&this._shaderPass._isScenePass?this._size={width:this._curtains._boundingRect.width,height:this._curtains._boundingRect.height}:this._size={width:Math.max(this._minSize.width,this._curtains._boundingRect.width),height:Math.max(this._minSize.height,this._curtains._boundingRect.height)}},Curtains.RenderTarget.prototype.resize=function(){this._shaderPass&&this._shaderPass._isScenePass&&(this._setSize(),this._curtains._bindFrameBuffer(this,!0),this._depth&&this._bindDepthBuffer(),this._curtains._bindFrameBuffer(null))},Curtains.RenderTarget.prototype._bindDepthBuffer=function(){var t=this._curtains.gl;this._depthBuffer&&(t.bindRenderbuffer(t.RENDERBUFFER,this._depthBuffer),t.renderbufferStorage(t.RENDERBUFFER,t.DEPTH_COMPONENT16,this._size.width,this._size.height),t.framebufferRenderbuffer(t.FRAMEBUFFER,t.DEPTH_ATTACHMENT,t.RENDERBUFFER,this._depthBuffer))},Curtains.RenderTarget.prototype._createFBOTexture=function(){var t=this._curtains.gl;if(this.textures.length>0)this.textures[0]._canDraw=!1,this.textures[0]._init();else{var e=new Curtains.Texture(this._shaderPass?this._shaderPass:this,{index:this.textures.length,sampler:"uRenderTexture",isFBOTexture:!0});this.textures.push(e)}t.framebufferTexture2D(t.FRAMEBUFFER,t.COLOR_ATTACHMENT0,t.TEXTURE_2D,this.textures[0]._sampler.texture,0)},Curtains.RenderTarget.prototype._createFrameBuffer=function(){var t=this._curtains.gl;this._frameBuffer=t.createFramebuffer(),this._curtains._bindFrameBuffer(this,!0),this._createFBOTexture(),this._depth&&(this._depthBuffer=t.createRenderbuffer(),this._bindDepthBuffer()),this._curtains._bindFrameBuffer(null)},Curtains.RenderTarget.prototype._restoreContext=function(){this._shaderPass&&this._shaderPass._isScenePass||(this._shaderPass=null,this._createFrameBuffer())},Curtains.RenderTarget.prototype._dispose=function(){this._frameBuffer&&(this._curtains.gl.deleteFramebuffer(this._frameBuffer),this._frameBuffer=null),this._depthBuffer&&(this._curtains.gl.deleteRenderbuffer(this._depthBuffer),this._depthBuffer=null),this.textures[0]._dispose(),this.textures=[]},Curtains.ShaderPass=function(t,e){e||(e={}),e.widthSegments=1,e.heightSegments=1,this._type="ShaderPass",this._isScenePass=!0,Curtains.BasePlane.call(this,t,t.container,e),this.index=this._curtains.shaderPasses.length,this._depth=e.depth||!1,this._shouldClear=e.clear,null!==this._shouldClear&&void 0!==this._shouldClear||(this._shouldClear=!0),this.target=e.renderTarget||null,this.target&&(this._isScenePass=!1,this._shouldClear=this.target._shouldClear),this._usedProgram&&this._initShaderPassPlane()},Curtains.ShaderPass.prototype=Object.create(Curtains.BasePlane.prototype),Curtains.ShaderPass.prototype.constructor=Curtains.ShaderPass,Curtains.ShaderPass.prototype._initShaderPassPlane=function(){if(this.target){this.setRenderTarget(this.target),this.target._shaderPass=this;var t=new Curtains.Texture(this,{index:this.textures.length,sampler:"uRenderTexture",isFBOTexture:!0,fromTexture:this.target.textures[0]});this.textures.push(t)}else this._createFrameBuffer();this._isPlaneReady(),this._canDraw=!0,this._curtains.needRender()},Curtains.ShaderPass.prototype._getDefaultVS=function(t){return"precision mediump float;\nattribute vec3 aVertexPosition;attribute vec2 aTextureCoord;varying vec3 vVertexPosition;varying vec2 vTextureCoord;void main() {vTextureCoord = aTextureCoord;vVertexPosition = aVertexPosition;gl_Position = vec4(aVertexPosition, 1.0);}"},Curtains.ShaderPass.prototype._getDefaultFS=function(t){return"precision mediump float;\nvarying vec3 vVertexPosition;varying vec2 vTextureCoord;uniform sampler2D uRenderTexture;void main( void ) {gl_FragColor = texture2D(uRenderTexture, vTextureCoord);}"},Curtains.ShaderPass.prototype._createFrameBuffer=function(){var t=new Curtains.RenderTarget(this._curtains,{shaderPass:this,clear:this._shouldClear,depth:this._depth});this.setRenderTarget(t),this.textures.push(this.target.textures[0])},Curtains.Texture=function(t,e){if(this._parent=t,this._curtains=t._curtains,this.uuid=this._curtains._generateUUID(),t._usedProgram||e.isFBOTexture)return this.index=t.textures.length,this._sampler={isActive:!1,name:e.sampler||"uSampler"+this.index},this._textureMatrix={name:e.sampler?e.sampler+"Matrix":"uTextureMatrix"+this.index,matrix:null},this._willUpdate=!1,this.shouldUpdate=!1,this._forceUpdate=!1,this.scale={x:1,y:1},this.userData={},this.type=e.isFBOTexture?"fboTexture":"empty",this._canDraw=!1,e.fromTexture?(this._initFromTexture=!0,this._parent._usedProgram&&this._setTextureUniforms(),void this.setFromTexture(e.fromTexture)):(this._initFromTexture=!1,this._init(),this);this._curtains.productionMode||console.warn("Unable to create the texture because the program is not valid")},Curtains.Texture.prototype._init=function(){var t=this._curtains.gl;if(this._sampler.texture=t.createTexture(),this._internalFormat=t.RGBA,this._format=t.RGBA,this._textureType=t.UNSIGNED_BYTE,this._texParameters=!1,this._flipY=!1,t.bindTexture(t.TEXTURE_2D,this._sampler.texture),this._curtains._glState.flipY&&(this._curtains._glState.flipY=this._flipY,t.pixelStorei(t.UNPACK_FLIP_Y_WEBGL,this._flipY)),t.pixelStorei(t.UNPACK_ALIGNMENT,4),t.pixelStorei(t.UNPACK_PREMULTIPLY_ALPHA_WEBGL,!1),this._parent._usedProgram){if(this._size={width:this._parent._boundingRect.document.width,height:this._parent._boundingRect.document.height},this._setTextureUniforms(),"empty"===this.type)t.texImage2D(t.TEXTURE_2D,0,this._internalFormat,1,1,0,this._format,this._textureType,new Uint8Array([0,0,0,255])),this._sourceLoaded=!1;else if(!this.source){var e=this._getSizes();this._updateTextureMatrix(e)}}else this._size={width:this._parent._size.width||this._curtains._boundingRect.width,height:this._parent._size.height||this._curtains._boundingRect.height};"fboTexture"===this.type&&(this._curtains._isWebGL2&&this._curtains._extensions.EXT_color_buffer_float?(this._internalFormat=t.RGBA16F,this._textureType=t.HALF_FLOAT):this._curtains._extensions.OES_texture_half_float&&(this._textureType=this._curtains._extensions.OES_texture_half_float.HALF_FLOAT_OES),t.texImage2D(t.TEXTURE_2D,0,this._internalFormat,this._size.width,this._size.height,0,this._format,this._textureType,null),this._setMipmaps()),this._canDraw=!0},Curtains.Texture.prototype._setTextureUniforms=function(){for(var t=0;t<this._parent._activeTextures.length;t++)this._parent._activeTextures[t].name===this._sampler.name&&(this._sampler.isActive=!0,this._sampler.location=this._curtains.gl.getUniformLocation(this._parent._usedProgram.program,this._sampler.name),this._textureMatrix.location=this._curtains.gl.getUniformLocation(this._parent._usedProgram.program,this._textureMatrix.name),this._curtains._useProgram(this._parent._usedProgram),this._curtains.gl.uniform1i(this._sampler.location,this.index))},Curtains.Texture.prototype.setFromTexture=function(t){if(t){if(this.type=t.type,this._sampler.texture=t._sampler.texture,this.source=t.source,this._size=t._size,this._sourceLoaded=t._sourceLoaded,this._internalFormat=t._internalFormat,this._format=t._format,this._textureType=t._textureType,this._texParameters=t._texParameters,this._originalTexture=t,this._parent._usedProgram&&(!this._canDraw||!this._textureMatrix.matrix)){var e=this._getSizes();this._updateTextureMatrix(e),this._canDraw=!0}}else this._curtains.productionMode||console.warn("Unable to set the texture from texture:",t)},Curtains.Texture.prototype.setSource=function(t){if(this._parent._usedProgram){this.source=t,"empty"===this.type&&("IMG"===t.tagName.toUpperCase()?this.type="image":"VIDEO"===t.tagName.toUpperCase()?(this.type="video",this.shouldUpdate=!0):"CANVAS"===t.tagName.toUpperCase()?(this.type="canvas",this._willUpdate=!0,this.shouldUpdate=!0):this._curtains.productionMode||console.warn("this HTML tag could not be converted into a texture:",t.tagName)),this._size={width:this.source.naturalWidth||this.source.width||this.source.videoWidth,height:this.source.naturalHeight||this.source.height||this.source.videoHeight},this._sourceLoaded=!0;var e=this._curtains.gl;e.activeTexture(e.TEXTURE0+this.index),e.bindTexture(e.TEXTURE_2D,this._sampler.texture),this._curtains.premultipliedAlpha&&e.pixelStorei(e.UNPACK_PREMULTIPLY_ALPHA_WEBGL,!0),this._flipY=!0,this._curtains._glState.flipY||(this._curtains._glState.flipY=this._flipY,e.pixelStorei(e.UNPACK_FLIP_Y_WEBGL,this._flipY)),this.resize(),"image"===this.type&&(e.texImage2D(e.TEXTURE_2D,0,this._internalFormat,this._format,this._textureType,t),this._setMipmaps()),this._curtains.needRender()}else this._curtains.productionMode||console.warn("Unable to set the texture source because the program is not valid")},Curtains.Texture.prototype._setMipmaps=function(){var t=this._curtains.gl;t.texParameteri(t.TEXTURE_2D,t.TEXTURE_WRAP_S,t.CLAMP_TO_EDGE),t.texParameteri(t.TEXTURE_2D,t.TEXTURE_WRAP_T,t.CLAMP_TO_EDGE),this._curtains._isWebGL2&&"image"===this.type?(t.generateMipmap(t.TEXTURE_2D),t.texParameteri(t.TEXTURE_2D,t.TEXTURE_MIN_FILTER,t.LINEAR_MIPMAP_NEAREST)):t.texParameteri(t.TEXTURE_2D,t.TEXTURE_MIN_FILTER,t.LINEAR),this._texParameters=!0},Curtains.Texture.prototype.needUpdate=function(){this._forceUpdate=!0},Curtains.Texture.prototype._update=function(){var t=this._curtains.gl;this.source?(t.texImage2D(t.TEXTURE_2D,0,this._internalFormat,this._format,this._textureType,this.source),this._texParameters||this._setMipmaps()):t.texImage2D(t.TEXTURE_2D,0,this._internalFormat,this._size.width,this._size.height,0,this._format,this._textureType,this.source)},Curtains.Texture.prototype._getSizes=function(){var t=this._parent.scale?this._parent.scale:{x:1,y:1},e=this._parent._boundingRect.document.width*t.x,i=this._parent._boundingRect.document.height*t.y,s=this._size.width,r=this._size.height,a=s/r,n=e/i,o=0,h=0;return n>a?h=Math.min(0,i-e*(1/a)):n<a&&(o=Math.min(0,e-i*a)),{parentWidth:e,parentHeight:i,sourceWidth:s,sourceHeight:r,xOffset:o,yOffset:h}},Curtains.Texture.prototype.setScale=function(t,e){t=isNaN(t)?this.scale.x:parseFloat(t),e=isNaN(e)?this.scale.y:parseFloat(e),t=Math.max(t,.001),e=Math.max(e,.001),t===this.scale.x&&e===this.scale.y||(this.scale={x:t,y:e},this.resize())},Curtains.Texture.prototype.resize=function(){if("fboTexture"===this.type){var t=this._curtains.gl;this._size={width:this._parent._boundingRect.document.width,height:this._parent._boundingRect.document.height},this._originalTexture||(t.bindTexture(t.TEXTURE_2D,this._parent.textures[0]._sampler.texture),t.texImage2D(t.TEXTURE_2D,0,this._internalFormat,this._size.width,this._size.height,0,this._format,this._textureType,this.source))}else this.source&&(this._size={width:this.source.naturalWidth||this.source.width||this.source.videoWidth,height:this.source.naturalHeight||this.source.height||this.source.videoHeight});if(this._parent._usedProgram){var e=this._getSizes();this._updateTextureMatrix(e)}},Curtains.Texture.prototype._updateTextureMatrix=function(t){var e={x:t.parentWidth/(t.parentWidth-t.xOffset),y:t.parentHeight/(t.parentHeight-t.yOffset)};e.x/=this.scale.x,e.y/=this.scale.y;var i=new Float32Array([1,0,0,0,0,1,0,0,0,0,1,0,(1-e.x)/2,(1-e.y)/2,0,1]);this._textureMatrix.matrix=this._curtains._scaleMatrix(i,e.x,e.y,1),this._curtains._useProgram(this._parent._usedProgram),this._curtains.gl.uniformMatrix4fv(this._textureMatrix.location,!1,this._textureMatrix.matrix)},Curtains.Texture.prototype._onSourceLoaded=function(t){this._parent._loadingManager.sourcesLoaded++;var e=this;if(this._sourceLoaded||setTimeout(function(){e._parent._onPlaneLoadingCallback&&e._parent._onPlaneLoadingCallback(e)},0),this.setSource(t),this._parent._isPlaneReady(),"image"===this.type){for(var i=!0,s=0;s<this._curtains._imageCache.length;s++)this._curtains._imageCache[s].source&&this._curtains._imageCache[s].source.src===t.src&&(i=!1);i&&this._curtains._imageCache.push(this)}},Curtains.Texture.prototype._onVideoLoadedData=function(t){this._sourceLoaded||this._onSourceLoaded(t)},Curtains.Texture.prototype._drawTexture=function(){this._sampler.isActive&&(this._parent._bindPlaneTexture(this),this._flipY&&!this._curtains._glState.flipY&&(this._curtains._glState.flipY=this._flipY,this._curtains.gl.pixelStorei(this._curtains.gl.UNPACK_FLIP_Y_WEBGL,this._flipY)),"video"===this.type&&this.source&&this.source.readyState>=this.source.HAVE_CURRENT_DATA&&(this._willUpdate=!0),(this._forceUpdate||this._willUpdate&&this.shouldUpdate)&&this._update(),"video"===this.type&&(this._willUpdate=!1),this._forceUpdate=!1)},Curtains.Texture.prototype._restoreFromTexture=function(){this._initFromTexture?this._setTextureUniforms():this._init(),this.setFromTexture(this._originalTexture)},Curtains.Texture.prototype._restoreContext=function(){if(this._canDraw=!1,this._sampler.isActive=!1,this._originalTexture){var t=this;if(this._originalTexture._canDraw)setTimeout(function(){t._restoreFromTexture()},0);else var e=setInterval(function(){t._originalTexture._canDraw&&(t._restoreFromTexture(),clearInterval(e))},16)}else this._init(),this.source&&("image"===this.type&&this._curtains._imageCache.push(this),this.setSource(this.source),this.needUpdate())},Curtains.Texture.prototype._dispose=function(){"video"===this.type?(this.source.removeEventListener("canplaythrough",this._onSourceLoadedHandler,!1),this.source.removeEventListener("error",this._parent._sourceLoadError,!1),this.source.pause(),this.source.removeAttribute("src"),this.source.load(),this.source=null):"canvas"===this.type?(this.source.width=this.source.width,this.source=null):"image"===this.type&&this._curtains._isDestroying&&(this.source.removeEventListener("load",this._onSourceLoadedHandler,!1),this.source.removeEventListener("error",this._parent._sourceLoadError,!1),this.source=null);var t=this._curtains.gl;t&&!this._originalTexture&&("image"!==this.type||this._curtains._isDestroying)&&(t.activeTexture(t.TEXTURE0+this.index),t.bindTexture(t.TEXTURE_2D,null),t.deleteTexture(this._sampler.texture)),this._parent._loadingManager&&this._parent._loadingManager.sourcesLoaded--};</script>
<script id="trx_addons-image-effects-js" defer="defer">/* global jQuery, TRX_ADDONS_STORAGE */

(function() {

	"use strict";

	// Settings
	var planeClassPrefix = 'trx_addons_image_effects_on_';		// class prefix of wrappers with image

	var globalCanvas = false;									// true - one canvas for all images is used (twitches when scrolling the page),
																// false - separate canvas for each image is created (smooth scrolling, but WebKit limit: maximum of 16 objects per page)

	var permanentDrawing = globalCanvas || false;				// true - permanent redraw images on canvas,
																// false - redraw only on ready and on hover

	var curtains = null;										// global curtains object (used if globalCanvas is true)

	var $document = jQuery(document);

	var firstLoad = false;

	var sliderInited = false;


	window.addEventListener( 'load', function() {
		if ( typeof trx_addons_apply_filters == 'function' ) {
			globalCanvas = trx_addons_apply_filters( 'trx_addons_filter_image_effects_use_global_canvas', globalCanvas );
			permanentDrawing = globalCanvas || false;
		}
		firstLoad = true;
		create_planes();
	} );

	function create_planes() {

		// not available in the edit mode of Elementor
		if ( typeof window.elementorFrontend !== 'undefined' && elementorFrontend.isEditMode() ) {
			return;
		}
		// exit if a module 'Curtains' is not available
		if ( typeof window.Curtains == 'undefined' ) {
			return;
		}

		// get our plane element
		var planeElements = document.querySelectorAll( '[class*="' + planeClassPrefix + '"]:not(.trx_addons_image_effects_inited)'
														+ ( jQuery('body').hasClass( 'allow_lazy_load' )
															? '.lazyload_inited'
															: '' )
														);

		// exit if no image effects are present on the current page
		if ( planeElements.length === 0 ) return;

		// create global canvas and append it to the body
		if ( globalCanvas ) {
			curtains = create_canvas( document.body );
		}

		// create planes and handle them
		trx_addons_when_images_loaded( jQuery( planeElements ), function() {
			var effect, total = 0;
			for (var i = 0; i < planeElements.length; i++) {
				if ( ! firstLoad && planeElements[i].closest( '.elementor-section-stretched' ) ) continue;
				if ( ! sliderInited && planeElements[i].closest( '.slider-slide' ) ) continue;
				total++;
				if ( ! planeElements[i].classList.contains( 'trx_addons_image_effects_inited' ) && jQuery( planeElements[i] ).parents(':hidden').length === 0 ) {
					effect = get_effect_name( planeElements[i] );
					if ( effect && typeof window['trx_addons_image_effects_callback_' + effect] == 'function' ) {
						window['trx_addons_image_effects_callback_' + effect]( curtains, planeElements[i], i, planeElements.length );
						planeElements[i].classList.add("trx_addons_image_effects_inited");
					}
				}
			}
			// mark body as all planes are loaded
			if ( total === planeElements.length ) {
				document.body.classList.add("trx_addons_image_effects_planes_loaded");
				$document.trigger('action.trx_addons_image_effects_inited', [planeElements]);
			}
		} );
	}

	$document.on( 'action.got_ajax_response', function() {
		if ( firstLoad ) {
			create_planes();
		}
	} );

	$document.on( 'action.init_hidden_elements', function() {
		if ( firstLoad ) {
			create_planes();
		}
	} );

	$document.on( 'action.slider_inited', function() {
		if ( ! sliderInited ) {
			sliderInited = true;
			create_planes();
		}
	} );

	$document.on( 'action.init_lazy_load_elements', function( e, element ) {
		var parent = element.parents('[class*="trx_addons_image_effects_on_"]:not(.trx_addons_image_effects_inited)');
		if ( parent.length > 0 ) {
			parent.addClass('lazyload_inited');
			// Hide and load image
			parent.css({'opacity': 0, 'transition': 'opacity 0s ease'});
			// Re-create canvas elements
			create_planes();
			// Fade in image
			setTimeout(function(){
				// Show loaded image	
				parent.css({'opacity': 1, 'transition': 'opacity 0.3s ease'});
				// Remove styles
				setTimeout(function(){
					parent.css({'opacity': '', 'transition': ''});
				}, 300);
			}, 100);
		}	
	} );

	$document.on('action.before_remove_content action.deactivate_tab', function(e, cont) {
		cont.find( '.trx_addons_image_effects_inited' ).each( function() {
			var $self = jQuery( this ),
				$canvas = $self.find('.trx_addons_image_effects_canvas'),
				curtains = $self.data('curtains');
			if ( ! globalCanvas ) {
				if ( curtains ) {
					curtains.dispose();
					curtains = null;
					$self.removeData( 'curtains' );
				}
			} else {
				var plane = $self.data('curtains-plane');
				if ( plane ) {
					curtains.removePlane( plane );
					plane = null;
					$self.removeData('curtains-plane');
				}
			}
			$canvas.remove();
		});
	});

	$document.on('action.after_add_content action.activate_tab', function(e, cont) {
		cont.find( '.trx_addons_image_effects_inited' ).each( function() {
			jQuery( this )
				.removeClass('trx_addons_image_effects_inited')
				.find( '[id^="trx_addons_image_effects_canvas_"]' ).remove().end()
				.find( '.trx_addons_image_effects_holder' ).removeClass('trx_addons_image_effects_holder').end();
		});
	});


	// Utilities
	//-------------------------------------------

	// Return name of image effect for element
	function get_effect_name( elm ) {
		var name = '';
		for ( var i=0; i < elm.classList.length; i++ ) {
			if ( elm.classList[i].indexOf(planeClassPrefix) === 0 ) {
				name = elm.classList[i].substring( planeClassPrefix.length );
				break;
			}
		}
		return name;
	}

	// Return mouse coordinates relative to the current image
	function get_mouse_position_from_event( e ) {
		var mouse = {};
		// touch event
		if (e.targetTouches) {
			mouse.x = globalCanvas ? e.targetTouches[0].clientX : e.targetTouches[0].layerX;
			mouse.y = globalCanvas ? e.targetTouches[0].clientY : e.targetTouches[0].layerY;

		// mouse event
		} else {
												// In Chrome with custom scroll mouse coordinates in layerXY are incorrect
												// but in Mozilla mouse properties offsetXY always empty (equal to 0)
			mouse.x = globalCanvas ? e.clientX : ( e.offsetX !== 0 || e.offsetY !== 0 ? e.offsetX : e.layerX );
			mouse.y = globalCanvas ? e.clientY : ( e.offsetX !== 0 || e.offsetY !== 0 ? e.offsetY : e.layerY );
		}
		return mouse;
	}

	// Convert our mouse/touch position to coordinates relative to the vertices of the plane
	function mouse_to_plane_coords( plane, mpos ) {
		var w = plane.htmlElement.clientWidth, 	cw = w / 2,
			h = plane.htmlElement.clientHeight,	ch = h / 2;
		return {
				x:  ( mpos.x - cw ) / cw,
				y: -( mpos.y - ch ) / ch
			};
	}

	// Add canvas holder
	var total = 0;
	function create_canvas( item ) {

		// Append canvas holder to the item
		var id = 'trx_addons_image_effects_canvas_'+total++,
			div = document.createElement("div");
		div.setAttribute('id', id);
		div.setAttribute('class', 'trx_addons_image_effects_canvas');
		item.appendChild(div);

		// Set up our WebGL context and append the canvas to our wrapper
		var webGLCurtain = new Curtains({
			watchScroll: globalCanvas,
			premultipliedAlpha: true,	// to avoid gray edge on images in effects 'waves', 'smudge', etc. (who changes the image border geometry)
			container: id	// if not specified - library create own canvas container
		});

		// Handling errors
		webGLCurtain
			.onError(function() {
				// we will add a class to the document body to display original images
				document.body.classList.add("no-curtains", "trx_addons_image_effects_planes_loaded");
			})
			.onContextLost(function() {
				// on context lost, try to restore the context
				webGLCurtain.restoreContext();
			});

		return webGLCurtain;
	}



	// Effect 'Waves'
	//-------------------------------------------
	
	// Create plane.
	// Attention! All callbacks must be in a global scope!
	window.trx_addons_image_effects_callback_waves = function( curtains_global, elm, index, total ) {

		var curtains = curtains_global ? curtains_global : null;

		var waveForceMin = 0,
			waveForceMax = 7;

		var waveFactor = elm.getAttribute('data-image-effect-waves-factor') || 4;

		var mouseIn = false;

		var scaleOnHover = elm.getAttribute('data-image-effect-scale') > 0,
			scaleFactor = 0;

		var paddingOnHover = typeof trx_addons_apply_filters == 'function'
								? trx_addons_apply_filters( 'trx_addons_filter_image_effects_padding', 0.04, 'waves' )
								: 0.04;

		var effectStrength = Math.max( 5.0, Math.min( 50.0, elm.getAttribute('data-image-effect-strength') || 30.0 ) );

		var plane = null,
			parent = null,
			img_all = elm.querySelectorAll( 'img:not([class*="trx_addons_image_effects_"])' ),
			img = img_all.length > 1
					? elm.querySelector( 'img:not([class*="avatar"]):not([class*="trx_addons_extended_taxonomy_img"])' )
					: elm.querySelector( 'img' );

		if ( img ) {
			if ( img_all.length > 1 ) {
				jQuery( img ).wrap( '<div class="trx_addons_image_effects_holder"></div>' );
			}
			parent = img.parentNode;
			if ( img_all.length == 1 ) {
				parent.classList.add('trx_addons_image_effects_holder');
			}
//			img.setAttribute('crossorigin', 'anonymous');
			img.setAttribute('data-sampler', 'wavesTexture');
			if ( img.getAttribute( 'decoding' ) == 'async' ) {
				img.setAttribute( 'decoding', 'sync' );
			}
			if ( ! globalCanvas ) {
				curtains = create_canvas(parent);
				if ( curtains ) jQuery(elm).data('curtains', curtains);
			}
			if ( curtains ) {
				if ( ! permanentDrawing ) curtains.disableDrawing();
				plane = curtains.addPlane( parent, get_params( elm, img, parent ) );
				if ( plane ) {
					jQuery(elm).data('curtains-plane', plane);
					handle_plane( plane );
				}
			}
		}

		// Return plane params
		function get_params() {
			var vs = `
				#ifdef GL_ES
					precision mediump float;
				#endif

				// those are the mandatory attributes that the lib sets
				attribute vec3 aVertexPosition;
				attribute vec2 aTextureCoord;

				// those are mandatory uniforms that the lib sets and that contain our model view and projection matrix
				uniform mat4 uMVMatrix;
				uniform mat4 uPMatrix;

				// our texture matrix uniform
				uniform mat4 wavesTextureMatrix;

				// if you want to pass your vertex and texture coords to the fragment shader
				varying vec3 vVertexPosition;
				varying vec2 vTextureCoord;

				// effect control vars declared inside our javascript
				uniform float uTime;
				uniform float uMouseMoveStrength;
				uniform float uEffectStrength;
				uniform float uWaveFactor;
				uniform vec2 uMousePosition;
				uniform float hoveringWaveForce;
				uniform float uPadding;

				void main() {
					vec3 vertexPosition = aVertexPosition;
					float distanceFromMouse = distance(uMousePosition, vec2(vertexPosition.x, vertexPosition.y));
					float waveSinusoid = cos(uWaveFactor * (distanceFromMouse - (uTime / 75.0)));
					float distanceStrength = 0.4 / (distanceFromMouse + 0.4);
					float distortionEffect = distanceStrength * waveSinusoid * uMouseMoveStrength / uEffectStrength;
					vertexPosition.z +=  distortionEffect;
					vertexPosition.x +=  distortionEffect * (uMousePosition.x - vertexPosition.x) * hoveringWaveForce * 3.0;
					vertexPosition.y +=  distortionEffect * (uMousePosition.y - vertexPosition.y) * hoveringWaveForce;
					gl_Position = uPMatrix * uMVMatrix * vec4(vertexPosition, (1.0 + uPadding));
					vTextureCoord = (wavesTextureMatrix * vec4(aTextureCoord, 0.0, 1.0)).xy;
					vVertexPosition = vertexPosition;
				}
			`;
			
			var fs = `
				#ifdef GL_ES
					precision mediump float;
				#endif
				// get our varying variables
				varying vec3 vVertexPosition;
				varying vec2 vTextureCoord;

				// our texture sampler
				uniform sampler2D wavesTexture;

				// effect control vars
				uniform float displacement;

				void main() {
					if ( false ) {
						float intensity = 1.0;
						vec2 textureCoord = vTextureCoord;
						vec4 image1 = texture2D(wavesTexture, textureCoord);
						vec4 image2 = texture2D(wavesTexture, textureCoord);
						vec4 texture1 = texture2D(wavesTexture, vec2(textureCoord.x, textureCoord.y + displacement * (image2 * intensity)));
						vec4 texture2 = texture2D(wavesTexture, vec2(textureCoord.x, textureCoord.y + (1.0 - displacement) * (image1 * intensity)));
						vec4 result = mix(texture1, texture2, displacement);
						gl_FragColor = result;
					} else {
						vec2 textureCoord = vTextureCoord;
						gl_FragColor = texture2D(wavesTexture, textureCoord);
					}
				}
			`;

			return {
				vertexShader: vs,
				fragmentShader: fs,
				widthSegments: 10,
				heightSegments: 10,
				uniforms: {
					time: {
						name: "uTime",
						type: "1f",
						value: 0
					},
					mousePosition: {
						name: "uMousePosition",
						type: "2f",
						value: [-.5, .5]
					},
					mouseMoveStrength: {
						name: "uMouseMoveStrength",
						type: "1f",
						value: .2
					},
					effectStrength: {
						name: "uEffectStrength",
						type: "1f",
						value: effectStrength
					},
					displacement: {
						name: "displacement",
						type: "1f",
						value: 0
					},
					waveFactor: {
						name: "uWaveFactor",
						type: "1f",
						value: waveFactor
					},
					hoveringWaveForce: {
						name: "hoveringWaveForce",
						type: "1f",
						value: waveForceMin
					},
					padding: {
						name: "uPadding",
						type: "1f",
						value: 0
					}
				}
			};
		}

		// handle plane
		function handle_plane( plane ) {
			plane
				.onLoading(function() {
//					console.log('Waves onLoading');
				})
				.onReady(function() {
//					console.log('Waves onReady: Plane '+index+' of '+total+' is ready');
					// first render plane
					if ( ! permanentDrawing ) curtains.needRender();
					// init tweens
					plane.tweenForce = null;
					plane.tweenScale = null;
					plane.tweenPadding = null;
					// now that our plane is ready we can listen to mouse move event
					function mouse_move() {
						if ( ! mouseIn ) {
							mouse_enter();
						}
					}
					function mouse_enter() {
						if ( ! mouseIn ) {
							mouseIn = true;
							change_wave_force( waveForceMax );
							change_scale( 1 );
							if ( paddingOnHover ) {
								change_padding( paddingOnHover );
							}
						}
					}
					function mouse_leave() {
						if ( mouseIn ) {
							mouseIn = false;
							change_wave_force( waveForceMin );
							change_scale( 0 );
							if ( paddingOnHover ) {
								change_padding( 0 );
							}
						}
					}
					elm.addEventListener("mousemove",  mouse_move );
					elm.addEventListener("touchmove",  mouse_move );
					elm.addEventListener("mouseenter", mouse_enter );
					elm.addEventListener("touchstart", mouse_enter );
					elm.addEventListener("mouseleave", mouse_leave );
					elm.addEventListener("touchend",   mouse_leave );
				})
				.onRender(function() {
//					if ( globalCanvas ) plane.updatePosition();
					plane.uniforms.time.value++;

				})
				.onAfterResize(function() {
//					console.log('Waves afterResize: Plane '+index+' of '+total+' is resized');
				});

			// Change wave force value
			function change_wave_force( to ) {
				if ( plane.tweenForce ) {
					trx_addons_tween_stop( plane.tweenForce );
				}
				plane.tweenForce = trx_addons_tween_value( {
					start: plane.uniforms.hoveringWaveForce.value,
					end: to,
					time: 1.25,
					callbacks: {
						onUpdate: function(value) {
							plane.uniforms.hoveringWaveForce.value = value;
						},
						onComplete: function() {
							trx_addons_tween_stop( plane.tweenForce );
							plane.tweenForce = null;
						}
					}
				} );
			}

			// Change padding value
			function change_padding( to ) {
				if ( plane.tweenPadding ) {
					trx_addons_tween_stop( plane.tweenPadding );
				}
				plane.tweenPadding = trx_addons_tween_value( {
					start: plane.uniforms.padding.value,
					end: to,
					time: 1.25,
					callbacks: {
						onUpdate: function(value) {
							plane.uniforms.padding.value = value;
						},
						onComplete: function() {
							trx_addons_tween_stop( plane.tweenPadding );
							plane.tweenPadding = null;
						}
					}
				} );
			}

			// Change scale
			function change_scale( to ) {
				if ( plane.tweenScale ) {
					trx_addons_tween_stop( plane.tweenScale );
				}
				if ( ! permanentDrawing ) {
					curtains.enableDrawing();
				}
				plane.tweenScale = trx_addons_tween_value( {
					start: scaleFactor,
					end: to,
					time: 1.25,
					callbacks: {
						onUpdate: function(value) {
							scaleFactor = value;
							if ( scaleOnHover ) {
								plane.textures && plane.textures[0].setScale(1 + value / 12, 1 + value / 12);
							}
						},
						onComplete: function() {
							trx_addons_tween_stop( plane.tweenScale );
							plane.tweenScale = null;
							if ( ! permanentDrawing && to === 0 ) {
								curtains.disableDrawing();
							}
						}
					}
				} );
			}
		}
	};



	// Effect 'Waves2'
	//-------------------------------------------
	
	// Create plane.
	// Attention! All callbacks must be in a global scope!
	window.trx_addons_image_effects_callback_waves2 = function( curtains_global, elm, index, total ) {

		var curtains = curtains_global ? curtains_global : null;

		var waveForceMin = 0,
			waveForceMax = 2;

		var waveFactor = elm.getAttribute('data-image-effect-waves-factor') || 4;

		var mouseIn = false;

		var scaleOnHover = elm.getAttribute('data-image-effect-scale') > 0,
			scaleFactor = 0;

		var paddingOnHover = typeof trx_addons_apply_filters == 'function'
								? trx_addons_apply_filters( 'trx_addons_filter_image_effects_padding', 0.04, 'waves2' )
								: 0.04;

		var effectStrength = Math.max( 5.0, Math.min( 50.0, elm.getAttribute('data-image-effect-strength') || 30.0 ) );

		var plane = null,
			parent = null,
			img_all = elm.querySelectorAll( 'img:not([class*="trx_addons_image_effects_"])' ),
			img = img_all.length > 1
					? elm.querySelector( 'img:not([class*="avatar"]):not([class*="trx_addons_extended_taxonomy_img"])' )
					: elm.querySelector( 'img' );

		if ( img ) {
			if ( img_all.length > 1 ) {
				jQuery( img ).wrap( '<div class="trx_addons_image_effects_holder"></div>' );
			}
			parent = img.parentNode;
			if ( img_all.length == 1 ) {
				parent.classList.add('trx_addons_image_effects_holder');
			}
//			img.setAttribute('crossorigin', 'anonymous');
			img.setAttribute('data-sampler', 'waves2Texture');
			if ( img.getAttribute( 'decoding' ) == 'async' ) {
				img.setAttribute( 'decoding', 'sync' );
			}
			if ( ! globalCanvas ) {
				curtains = create_canvas(parent);
				if ( curtains ) jQuery(elm).data('curtains', curtains);
			}
			if ( curtains ) {
				if ( ! permanentDrawing ) curtains.disableDrawing();
				plane = curtains.addPlane( parent, get_params( elm, img, parent ) );
				if ( plane ) {
					jQuery(elm).data('curtains-plane', plane);
					handle_plane( plane );
				}
			}
		}

		// Return plane params
		function get_params( elm, img, parent ) {
			var vs = `
				#ifdef GL_ES
					precision mediump float;
				#endif

				// default mandatory variables
				attribute vec3 aVertexPosition;
				attribute vec2 aTextureCoord;

				uniform mat4 uMVMatrix;
				uniform mat4 uPMatrix;

				// our texture matrix
				uniform mat4 waves2TextureMatrix;

				// custom variables
				varying vec3 vVertexPosition;
				varying vec2 vTextureCoord;
				uniform float uTime;
				uniform vec2 uResolution;
				uniform vec2 uMousePosition;
				uniform float uMouseMoveStrength;
				uniform float uEffectStrength;
				uniform float uWaveFactor;
				uniform float uPadding;

				void main() {
					vec3 vertexPosition = aVertexPosition;
					// get the distance between our vertex and the mouse position
					float distanceFromMouse = distance(uMousePosition, vec2(vertexPosition.x, vertexPosition.y));
					// calculate our wave effect
					float waveSinusoid = cos(uWaveFactor * (distanceFromMouse - (uTime / 75.0)));
					// attenuate the effect based on mouse distance
					float distanceStrength = 0.4 / (distanceFromMouse + 0.4);
					// calculate our distortion effect
					float distortionEffect = distanceStrength * waveSinusoid * uMouseMoveStrength / uEffectStrength;
					// apply it to our vertex position
					vertexPosition.z += distortionEffect;
					vertexPosition.x += distortionEffect * (uMousePosition.x - vertexPosition.x) * (uResolution.x / uResolution.y);
					vertexPosition.y += distortionEffect * (uMousePosition.y - vertexPosition.y);
					gl_Position = uPMatrix * uMVMatrix * vec4(vertexPosition, (1.0 + uPadding));
					// varyings
					vTextureCoord = (waves2TextureMatrix * vec4(aTextureCoord, 0.0, 1.0)).xy;
					vVertexPosition = vertexPosition;
				}
			`;
			var fs = `
				#ifdef GL_ES
					precision mediump float;
				#endif

				varying vec3 vVertexPosition;
				varying vec2 vTextureCoord;
				uniform sampler2D waves2Texture;

				void main() {
					// apply our texture
					vec4 finalColor = texture2D(waves2Texture, vTextureCoord);
					// fake shadows based on vertex position along Z axis
					finalColor.rgb -= clamp(-vVertexPosition.z, 0.0, 1.0);
					// fake lights based on vertex position along Z axis
					finalColor.rgb += clamp(vVertexPosition.z, 0.0, 1.0);
					// handling premultiplied alpha (useful if we were using a png with transparency)
					finalColor = vec4(finalColor.rgb * finalColor.a, finalColor.a);
					gl_FragColor = finalColor;
				}
			`;

			return {
				vertexShader: vs,
				fragmentShader: fs,
				widthSegments: 20,
				heightSegments: 20,
				uniforms: {
					resolution: { // resolution of our plane
						name: "uResolution",
						type: "2f", // notice this is an length 2 array of floats
						value: [ parent.clientWidth, parent.clientHeight ]
					},
					time: { // time uniform that will be updated at each draw call
						name: "uTime",
						type: "1f",
						value: 0
					},
					mousePosition: { // our mouse position
						name: "uMousePosition",
						type: "2f", // again an array of floats
						value: [-.5, .5]
					},
					mouseMoveStrength: { // the mouse move strength
						name: "uMouseMoveStrength",
						type: "1f",
						value: 0
					},
					effectStrength: { // the effect strength
						name: "uEffectStrength",
						type: "1f",
						value: effectStrength
					},
					waveFactor: {    // waves frequency
						name: "uWaveFactor",
						type: "1f",
						value: waveFactor
					},
					padding: { // padding around image on hover
						name: "uPadding",
						type: "1f",
						value: 0
					}
				}
			};
		}

		// handle plane
		function handle_plane( plane ) {
			plane
				.onLoading(function() {
					//console.log(plane.loadingManager.sourcesLoaded);
				})
				.onReady(function() {
//					console.log('Plane '+index+' of '+total+' is ready');
					// set a fov of 35 to reduce perspective
					plane.setPerspective(35);
					// first render plane
					if ( ! permanentDrawing ) curtains.needRender();
					// init tweens
					plane.tween = null;
					plane.tweenScale = null;
					// now that our plane is ready we can listen to mouse move event
					function mouse_move() {
						if ( ! mouseIn ) {
							mouse_enter();
						}
					}
					function mouse_enter() {
						if ( ! mouseIn ) {
							mouseIn = true;
							change_wave_force( waveForceMax );
							change_scale( 1 );
							if ( paddingOnHover ) {
								change_padding( paddingOnHover );
							}
						}
					}
					function mouse_leave() {
						if ( mouseIn ) {
							mouseIn = false;
							change_wave_force( waveForceMin );
							change_scale( 0 );
							if ( paddingOnHover ) {
								change_padding( 0 );
							}
						}
					}
					elm.addEventListener("mousemove",  mouse_move );
					elm.addEventListener("touchmove",  mouse_move );
					elm.addEventListener("mouseenter", mouse_enter );
					elm.addEventListener("touchstart", mouse_enter );
					elm.addEventListener("mouseleave", mouse_leave );
					elm.addEventListener("touchend",   mouse_leave );
				})
				.onRender(function() {
					// increment our time uniform
					plane.uniforms.time.value++;
				})
				.onAfterResize(function() {
//					console.log('Plane '+index+' of '+total+' is resized');
					/* Commented, because set width and height to 0 inside slider
					var planeBoundingRect = plane.getBoundingRect();
					plane.uniforms.resolution.value = [ planeBoundingRect.width, planeBoundingRect.height ];
					*/
				});
		}

		// Change wave force value
		function change_wave_force( to ) {
			if ( plane.tween ) {
				trx_addons_tween_stop( plane.tween );
			}
			plane.tween = trx_addons_tween_value( {
				start: plane.uniforms.mouseMoveStrength.value,
				end: to,
				time: 1.25,
				callbacks: {
					onUpdate: function(value) {
						plane.uniforms.mouseMoveStrength.value = value;
					},
					onComplete: function() {
						trx_addons_tween_stop( plane.tween );
						plane.tween = null
					}
				}
			} );
		}

		// Change padding value
		function change_padding( to ) {
			if ( plane.tweenPadding ) {
				trx_addons_tween_stop( plane.tweenPadding );
			}
			plane.tweenPadding = trx_addons_tween_value( {
				start: plane.uniforms.padding.value,
				end: to,
				time: 1.25,
				callbacks: {
					onUpdate: function(value) {
						plane.uniforms.padding.value = value;
					},
					onComplete: function() {
						trx_addons_tween_stop( plane.tweenPadding );
						plane.tweenPadding = null;
					}
				}
			} );
		}

		// Change scale
		function change_scale( to ) {
			if ( plane.tweenScale ) {
				trx_addons_tween_stop( plane.tweenScale );
			}
			if ( ! permanentDrawing ) {
				curtains.enableDrawing();
			}
			plane.tweenScale = trx_addons_tween_value( {
				start: scaleFactor,
				end: to,
				time: 1.25,
				callbacks: {
					onUpdate: function(value) {
						scaleFactor = value;
						if ( scaleOnHover ) {
							plane.textures && plane.textures[0].setScale(1 + value / 12, 1 + value / 12);
						}
					},
					onComplete: function() {
						trx_addons_tween_stop( plane.tweenScale );
						plane.tweenScale = null;
						if ( ! permanentDrawing && to === 0 ) {
							curtains.disableDrawing();
						}
					}
				}
			} );
		}
	};



	// Effect 'Ripple'
	//-------------------------------------------
	
	// Create plane.
	// Attention! All callbacks must be in a global scope!
	window.trx_addons_image_effects_callback_ripple = function( curtains_global, elm, index, total ) {

		var curtains = curtains_global ? curtains_global : null;

		// Common vars
		var mouseIn = false;

		var scaleOnHover = elm.getAttribute('data-image-effect-scale') > 0,
			scaleFactor = 0;

		var effectStrength = Math.max( 5.0, Math.min( 50.0, elm.getAttribute('data-image-effect-strength') || 30.0 ) );

		// Effect-specific vars
		var wavesDirection = Math.max(0.0, Math.min(1.0, elm.getAttribute('data-image-effect-waves-direction') ) );

		// Curtains init
		var plane = null,
			parent = null,
			img_all = elm.querySelectorAll( 'img:not([class*="trx_addons_image_effects_"])' ),
			img = img_all.length > 1
					? elm.querySelector( 'img:not([class*="avatar"]):not([class*="trx_addons_extended_taxonomy_img"])' )
					: elm.querySelector( 'img' );

		if ( img ) {
			if ( img_all.length > 1 ) {
				jQuery( img ).wrap( '<div class="trx_addons_image_effects_holder"></div>' );
			}
			parent = img.parentNode;
			if ( img_all.length == 1 ) {
				parent.classList.add('trx_addons_image_effects_holder');
			}
//			img.setAttribute('crossorigin', 'anonymous');
			img.setAttribute('data-sampler', 'rippleTexture');
			if ( img.getAttribute( 'decoding' ) == 'async' ) {
				img.setAttribute( 'decoding', 'sync' );
			}
			if ( ! globalCanvas ) {
				curtains = create_canvas(parent);
				if ( curtains ) jQuery(elm).data('curtains', curtains);
			}
			if ( curtains ) {
				if ( ! permanentDrawing ) curtains.disableDrawing();
				plane = curtains.addPlane( parent, get_params( elm, img, parent ) );
				if ( plane ) {
					jQuery(elm).data('curtains-plane', plane);
					handle_plane( plane );
				}
			}
		}

		// Return plane params
		function get_params() {
			var vs = `

				#ifdef GL_ES
					precision mediump float;
				#endif

				// those are the mandatory attributes that the lib sets
				attribute vec3 aVertexPosition;
				attribute vec2 aTextureCoord;

				// those are mandatory uniforms that the lib sets and that contain our model view and projection matrix
				uniform mat4 uMVMatrix;
				uniform mat4 uPMatrix;

				// our texture matrix uniform
				uniform mat4 rippleTextureMatrix;

				// if you want to pass your vertex and texture coords to the fragment shader
				varying vec3 vVertexPosition;
				varying vec2 vTextureCoord;

				void main() {
					// get the vertex position from its attribute
					vec3 vertexPosition = aVertexPosition;
					
					// set its position based on projection and model view matrix
					gl_Position = uPMatrix * uMVMatrix * vec4(vertexPosition, 1.0);

					// set the varying variables
					// thanks to the texture matrix we will be able to calculate accurate texture coords
					// so that our texture will always fit our plane without being distorted
					vTextureCoord = (rippleTextureMatrix * vec4(aTextureCoord, 0.0, 1.0)).xy;
					vVertexPosition = vertexPosition;
				}
			`;
			
			var fs = `
				#ifdef GL_ES
					precision mediump float;
				#endif

				// get our varying variables
				varying vec3 vVertexPosition;
				varying vec2 vTextureCoord;

				// our texture sampler
				uniform sampler2D rippleTexture;

				// effect control vars declared inside our javascript
				uniform float uTime;			// time iterator to change waves position
				uniform float uEffectStrength;	// 5.0 - 50.0 - waves amplitude
				uniform float uWavesForce;		// 0.0 - 1.0 - fadeIn/fadeOut on mouse hover
				uniform float uWavesDirection;	// 0 - horizontal, 1 - vertical

				void main() {
					// get our texture coords
					vec2 textureCoord = vTextureCoord;

					// displace our pixels along both axis based on our time uniform and texture UVs
					// this will create a kind of water surface effect
					// try to comment a line or change the constants to see how it changes the effect
					// reminder : textures coords are ranging from 0.0 to 1.0 on both axis
					const float PI = 3.141592;

					textureCoord.x += (
										sin(textureCoord.x * 10.0 * ( 2.0 - uWavesDirection ) + ((uTime * (PI / 3.0)) * 0.031))
										+ sin(textureCoord.y * 10.0 * ( 2.0 - uWavesDirection ) + ((uTime * (PI / 2.489)) * 0.017))
										) / uEffectStrength / ( 2.5 + 1.5 * uWavesDirection ) * uWavesForce;	// * 0.0075;

					textureCoord.y += (
										sin(textureCoord.y * 20.0 / ( 2.0 - uWavesDirection ) + ((uTime * (PI / 2.023)) * 0.023))
										+ sin(textureCoord.x * 20.0 / ( 2.0 - uWavesDirection ) + ((uTime * (PI / 3.1254)) * 0.037))
										) / uEffectStrength / ( 2.5 + 1.5 * ( 1.0 - uWavesDirection ) ) * uWavesForce;	// * 0.0125;

					gl_FragColor = texture2D(rippleTexture, textureCoord);
				}
			`;

			return {
				vertexShader: vs,		// our vertex shader ID
				fragmentShader: fs,		// our fragment shader ID
//				widthSegments: 10,
//				heightSegments: 10,
				uniforms: {				// variables passed to shaders
					time: {
						name: "uTime",
						type: "1f",
						value: 0
					},
					effectStrength: {
						name: "uEffectStrength",
						type: "1f",
						value: effectStrength
					},
					wavesForce: {
						name: "uWavesForce",
						type: "1f",
						value: 0
					},
					wavesDirection: {
						name: "uWavesDirection",
						type: "1f",
						value: wavesDirection
					}
				}
			};
		}

		// handle plane
		function handle_plane( plane ) {
			plane
				.onLoading(function() {
//					console.log(plane.loadingManager.sourcesLoaded);
				})
				.onReady(function() {
//					console.log('Plane '+index+' of '+total+' is ready');
					// first render plane
					if ( ! permanentDrawing ) curtains.needRender();
					// init tweens
					plane.tweenForce = null;
					plane.tweenScale = null;
					// now that our plane is ready we can listen to mouse move event
					function mouse_move(e) {
						if ( ! mouseIn ) {
							mouse_enter();
						}
					}
					function mouse_enter() {
						if ( ! mouseIn ) {
							mouseIn = true;
							change_waves_force( 1 );
							change_scale( 1 );
						}
					}
					function mouse_leave() {
						if ( mouseIn ) {
							mouseIn = false;
							change_waves_force( 0 );
							change_scale( 0 );
						}
					}
					elm.addEventListener("mousemove",  mouse_move );
					elm.addEventListener("touchmove",  mouse_move );
					elm.addEventListener("mouseenter", mouse_enter );
					elm.addEventListener("touchstart", mouse_enter );
					elm.addEventListener("mouseleave", mouse_leave );
					elm.addEventListener("touchend",   mouse_leave );
				})
				.onRender(function() {
					plane.uniforms.time.value++;

				})
				.onAfterResize(function() {
//					console.log('Plane '+index+' of '+total+' is resized');
				});

			// Change wave force value
			function change_waves_force( to ) {
				if ( plane.tweenForce ) {
					trx_addons_tween_stop( plane.tweenForce );
				}
				plane.tweenForce = trx_addons_tween_value( {
					start: plane.uniforms.wavesForce.value,
					end: to,
					time: 1.25,
					callbacks: {
						onUpdate: function(value) {
							plane.uniforms.wavesForce.value = value;
						},
						onComplete: function() {
							trx_addons_tween_stop( plane.tweenForce );
							plane.tweenForce = null;
						}
					}
				} );
			}

			// Change scale
			function change_scale( to ) {
				if ( plane.tweenScale ) {
					trx_addons_tween_stop( plane.tweenScale );
				}
				if ( ! permanentDrawing ) {
					curtains.enableDrawing();
				}
				plane.tweenScale = trx_addons_tween_value( {
					start: scaleFactor,
					end: to,
					time: 1.25,
					callbacks: {
						onUpdate: function(value) {
							scaleFactor = value;
							if ( scaleOnHover ) {
								plane.textures && plane.textures[0].setScale(1 + value / 12, 1 + value / 12);
							}
						},
						onComplete: function() {
							trx_addons_tween_stop( plane.tweenScale );
							plane.tweenScale = null;
							if ( ! permanentDrawing && to === 0 ) {
								curtains.disableDrawing();
							}
						}
					}
				} );
			}
		}
	};



	// Effect 'Ripple 2'
	//-------------------------------------------
	
	// Create plane.
	// Attention! All callbacks must be in a global scope!
	window.trx_addons_image_effects_callback_ripple2 = function( curtains_global, elm, index, total ) {

		var curtains = curtains_global ? curtains_global : null;

		// Common vars
		var mouseIn = false;

		var scaleOnHover = elm.getAttribute('data-image-effect-scale') > 0,
			scaleFactor = 0;

		var effectStrength = Math.max( 5.0, Math.min( 50.0, elm.getAttribute('data-image-effect-strength') || 30.0 ) );

		// Effect-specific vars
		var wavesDirection = Math.max(0.0, Math.min(1.0, elm.getAttribute('data-image-effect-waves-direction') ) );

		// Curtains init
		var plane = null,
			parent = null,
			img_all = elm.querySelectorAll( 'img:not([class*="trx_addons_image_effects_"])' ),
			img = img_all.length > 1
					? elm.querySelector( 'img:not([class*="avatar"]):not([class*="trx_addons_extended_taxonomy_img"])' )
					: elm.querySelector( 'img' );

		if ( img ) {
			if ( img_all.length > 1 ) {
				jQuery( img ).wrap( '<div class="trx_addons_image_effects_holder"></div>' );
			}
			parent = img.parentNode;
			if ( img_all.length == 1 ) {
				parent.classList.add('trx_addons_image_effects_holder');
			}
//			img.setAttribute('crossorigin', 'anonymous');
			img.setAttribute('data-sampler', 'ripple2Texture');
			if ( img.getAttribute( 'decoding' ) == 'async' ) {
				img.setAttribute( 'decoding', 'sync' );
			}
			var displacement_url = elm.getAttribute('data-image-effect-displacement');
			if ( displacement_url ) {
				var displacement_img = document.createElement("img");
//				displacement_img.setAttribute('crossorigin', 'anonymous');
				displacement_img.setAttribute('src', displacement_url);
				displacement_img.setAttribute('data-sampler', 'ripple2Displacement');
				if ( displacement_img.getAttribute( 'decoding' ) == 'async' ) {
					displacement_img.setAttribute( 'decoding', 'sync' );
				}
				displacement_img.classList.add('trx_addons_image_effects_ripple_displacement');
				parent.appendChild(displacement_img);
				$document.on('action.after_add_content', function(e, cont) {
					cont.find( '.trx_addons_image_effects_ripple_displacement' ).remove();
				});
			}
			if ( ! globalCanvas ) {
				curtains = create_canvas(parent);
				if ( curtains ) jQuery(elm).data('curtains', curtains);
			}
			if ( curtains ) {
				if ( ! permanentDrawing ) curtains.disableDrawing();
				plane = curtains.addPlane( parent, get_params( elm, img, parent ) );
				if ( plane ) {
					jQuery(elm).data('curtains-plane', plane);
					handle_plane( plane );
				}
			}
		}

		// Return plane params
		function get_params() {
			var vs = `
				#ifdef GL_ES
					precision mediump float;
				#endif

				// default mandatory variables
				attribute vec3 aVertexPosition;
				attribute vec2 aTextureCoord;

				uniform mat4 uMVMatrix;
				uniform mat4 uPMatrix;

				// our texture matrices
				// notice how it matches our data-sampler attributes + "Matrix"
				uniform mat4 ripple2TextureMatrix;

				// varying variables
				varying vec3 vVertexPosition;

				// our displacement texture will use original texture coords attributes
				varying vec2 vDisplacementCoord;

				// our image will use texture coords based on their texture matrices
				varying vec2 vTextureCoord;

				// custom uniforms
				uniform float uTime;

				void main() {
					vec3 vertexPosition = aVertexPosition;

					gl_Position = uPMatrix * uMVMatrix * vec4(vertexPosition, 1.0);

					// varying variables
					// texture coords attributes because we want our displacement texture to be contained
					vDisplacementCoord = aTextureCoord;
					// our image texture coords based on their texture matrices
					vTextureCoord = (ripple2TextureMatrix * vec4(aTextureCoord, 0.0, 1.0)).xy;
					// vertex position as usual
					vVertexPosition = vertexPosition;
				}
			`;
			
			var fs = `
				#ifdef GL_ES
					precision mediump float;
				#endif

				// all our varying variables
				varying vec3 vVertexPosition;
				varying vec2 vDisplacementCoord;
				varying vec2 vTextureCoord;

				// our textures samplers
				// notice how it matches our data-sampler attributes
				uniform sampler2D ripple2Texture;
				uniform sampler2D ripple2Displacement;

				// effect control vars declared inside our javascript
				uniform float uTime;			// time iterator to change waves position
				uniform float uEffectStrength;	// 5.0 - 50.0 - waves amplitude
				uniform float uWavesForce;		// 0.0 - 1.0 - fadeIn/fadeOut on mouse hover
				uniform float uWavesDirection;	// 0 - horizontal, 1 - vertical

				void main( void ) {

					// our displacement texture
					vec2 displacementCoords = vDisplacementCoord;

					displacementCoords = vec2( mod(displacementCoords.x - (1.0 - uWavesDirection) * uTime / ( 400.0 + uEffectStrength * 5.0 ), 1.0),
											   mod(displacementCoords.y - uWavesDirection * uTime / ( 600.0 + uEffectStrength * 5.0 ), 1.0)
											);
					vec4 displacementTexture = texture2D(ripple2Displacement, displacementCoords);

					// image texture
					vec2 textureCoords = vTextureCoord;

					// displace our pixels along both axis based on our time uniform and texture UVs
					// this will create a kind of water surface effect
					// try to comment a line or change the constants to see how it changes the effect
					// reminder : textures coords are ranging from 0.0 to 1.0 on both axis
					const float PI = 3.141592;

					textureCoords.x += 1.0 / uEffectStrength / ( 2.5 + 1.5 * uWavesDirection ) * uWavesForce * displacementTexture.r;

					textureCoords.y -= 1.0 / uEffectStrength / ( 2.0 + 1.5 * ( 1.0 - uWavesDirection ) ) * uWavesForce * displacementTexture.r;

					vec4 finalColor = texture2D(ripple2Texture, textureCoords);

					// handling premultiplied alpha and apply displacement
					finalColor = vec4(finalColor.rgb * finalColor.a, finalColor.a);

					// apply our shader
					gl_FragColor = finalColor;
				}
			`;

			return {
				vertexShader: vs,		// our vertex shader ID
				fragmentShader: fs,		// our fragment shader ID
//				widthSegments: 10,
//				heightSegments: 10,
				imageCover: false,		// our displacement texture has to fit the plane
				uniforms: {				// variables passed to shaders
					time: {
						name: "uTime",
						type: "1f",
						value: 0
					},
					effectStrength: {
						name: "uEffectStrength",
						type: "1f",
						value: effectStrength
					},
					wavesForce: {
						name: "uWavesForce",
						type: "1f",
						value: 0
					},
					wavesDirection: {
						name: "uWavesDirection",
						type: "1f",
						value: wavesDirection
					}
				}
			};
		}

		// handle plane
		function handle_plane( plane ) {
			plane
				.onLoading(function() {
//					console.log(plane.loadingManager.sourcesLoaded);
				})
				.onReady(function() {
//					console.log('Plane '+index+' of '+total+' is ready');
					// first render plane
					if ( ! permanentDrawing ) curtains.needRender();
					// init tweens
					plane.tweenForce = null;
					plane.tweenScale = null;
					// now that our plane is ready we can listen to mouse move event
					function mouse_move(e) {
						if ( ! mouseIn ) {
							mouse_enter();
						}
					}
					function mouse_enter() {
						if ( ! mouseIn ) {
							mouseIn = true;
							change_waves_force( 1 );
							change_scale( 1 );
						}
					}
					function mouse_leave() {
						if ( mouseIn ) {
							mouseIn = false;
							change_waves_force( 0 );
							change_scale( 0 );
						}
					}
					elm.addEventListener("mousemove",  mouse_move );
					elm.addEventListener("touchmove",  mouse_move );
					elm.addEventListener("mouseenter", mouse_enter );
					elm.addEventListener("touchstart", mouse_enter );
					elm.addEventListener("mouseleave", mouse_leave );
					elm.addEventListener("touchend",   mouse_leave );
				})
				.onRender(function() {
					plane.uniforms.time.value++;

				})
				.onAfterResize(function() {
//					console.log('Plane '+index+' of '+total+' is resized');
				});

			// Change wave force value
			function change_waves_force( to ) {
				if ( plane.tweenForce ) {
					trx_addons_tween_stop( plane.tweenForce );
				}
				plane.tweenForce = trx_addons_tween_value( {
					start: plane.uniforms.wavesForce.value,
					end: to,
					time: 1.25,
					callbacks: {
						onUpdate: function(value) {
							plane.uniforms.wavesForce.value = value;
						},
						onComplete: function() {
							trx_addons_tween_stop( plane.tweenForce );
							plane.tweenForce = null;
						}
					}
				} );
			}

			// Change scale
			function change_scale( to ) {
				if ( plane.tweenScale ) {
					trx_addons_tween_stop( plane.tweenScale );
				}
				if ( ! permanentDrawing ) {
					curtains.enableDrawing();
				}
				plane.tweenScale = trx_addons_tween_value( {
					start: scaleFactor,
					end: to,
					time: 1.25,
					callbacks: {
						onUpdate: function(value) {
							scaleFactor = value;
							if ( scaleOnHover ) {
								plane.textures && plane.textures[0].setScale(1 + value / 12, 1 + value / 12);
							}
						},
						onComplete: function() {
							trx_addons_tween_stop( plane.tweenScale );
							plane.tweenScale = null;
							if ( ! permanentDrawing && to === 0 ) {
								curtains.disableDrawing();
							}
						}
					}
				} );
			}
		}
	};



	// Effect 'Smudge'
	//-------------------------------------------
	
	// Create plane.
	// Attention! All callbacks must be in a global scope!
	window.trx_addons_image_effects_callback_smudge = function( curtains_global, elm, index, total ) {

		var curtains = curtains_global ? curtains_global : null;

		var enableDrawing = false;

		// track the mouse positions to send it to the shaders
		var mousePosition = {
			x: 0,
			y: 0
		};

		// we will keep track of the last position in order to calculate the movement strength/delta
		var mouseLastPosition = {
			x: 0,
			y: 0
		};

		var mouseStrength = false;

		var mouseIn = false;

		var scaleOnHover = elm.getAttribute('data-image-effect-scale') > 0,
			scaleFactor = 0;

		var paddingOnHover = typeof trx_addons_apply_filters == 'function'
								? trx_addons_apply_filters( 'trx_addons_filter_image_effects_padding', 0.04, 'smudge' )
								: 0.04;

		var effectStrength = Math.max( 5.0, Math.min( 50.0, elm.getAttribute('data-image-effect-strength') || 30.0 ) );

		var deltas = {
			max: 0,
			applied: 0
		};

		var plane = null,
			parent = null,
			img_all = elm.querySelectorAll( 'img:not([class*="trx_addons_image_effects_"])' ),
			img = img_all.length > 1
					? elm.querySelector( 'img:not([class*="avatar"]):not([class*="trx_addons_extended_taxonomy_img"])' )
					: elm.querySelector( 'img' );

		if ( img ) {
			if ( img_all.length > 1 ) {
				jQuery( img ).wrap( '<div class="trx_addons_image_effects_holder"></div>' );
			}
			parent = img.parentNode;
			if ( img_all.length == 1 ) {
				parent.classList.add('trx_addons_image_effects_holder');
			}
//			img.setAttribute('crossorigin', 'anonymous');
			img.setAttribute('data-sampler', 'smudgeTexture');
			if ( img.getAttribute( 'decoding' ) == 'async' ) {
				img.setAttribute( 'decoding', 'sync' );
			}
			if ( ! globalCanvas ) {
				curtains = create_canvas(parent);
				if ( curtains ) jQuery(elm).data('curtains', curtains);
			}
			if ( curtains ) {
				if ( ! permanentDrawing ) curtains.disableDrawing();
				plane = curtains.addPlane( parent, get_params( elm, img, parent ) );
				if ( plane ) {
					jQuery(elm).data('curtains-plane', plane);
					handle_plane( plane );
				}
			}
		}

		// Return plane params
		function get_params( elm, img, parent ) {
			var vs = `
				#ifdef GL_ES
					precision mediump float;
				#endif

				// default mandatory variables
				attribute vec3 aVertexPosition;
				attribute vec2 aTextureCoord;

				uniform mat4 uMVMatrix;
				uniform mat4 uPMatrix;

				// our texture matrix
				uniform mat4 smudgeTextureMatrix;

				// custom variables
				varying vec3 vVertexPosition;
				varying vec2 vTextureCoord;
				uniform float uTime;
				//uniform vec2 uResolution;
				uniform vec2 uMousePosition;
				uniform float uMouseMoveStrength;
				uniform float uEffectStrength;
				uniform float uPadding;

				void main() {
					vec3 vertexPosition = aVertexPosition;
					// get the distance between our vertex and the mouse position
					float distanceFromMouse = distance(uMousePosition, vec2(vertexPosition.x, vertexPosition.y));
					// attenuate the effect based on mouse distance
					float distanceStrength = 0.4 / (distanceFromMouse + 0.4);
					// calculate our distortion effect
					float distortionEffect = distanceStrength * uMouseMoveStrength / uEffectStrength;
					// apply it to our vertex position
					vertexPosition.z += distortionEffect;
					//vertexPosition.x += distortionEffect * (uMousePosition.x - vertexPosition.x) * (uResolution.x / uResolution.y);
					vertexPosition.x += distortionEffect * (uMousePosition.x - vertexPosition.x);
					vertexPosition.y += distortionEffect * (uMousePosition.y - vertexPosition.y);
					gl_Position = uPMatrix * uMVMatrix * vec4(vertexPosition, (1.0 + uPadding));
					// varyings
					vTextureCoord = (smudgeTextureMatrix * vec4(aTextureCoord, 0.0, 1.0)).xy;
					vVertexPosition = vertexPosition;
				}
			`;
			var fs = `
				#ifdef GL_ES
					precision mediump float;
				#endif

				varying vec3 vVertexPosition;
				varying vec2 vTextureCoord;
				uniform sampler2D smudgeTexture;

				void main() {
					// apply our texture
					vec4 finalColor = texture2D(smudgeTexture, vTextureCoord);
					// fake shadows based on vertex position along Z axis
					finalColor.rgb -= clamp(-vVertexPosition.z, 0.0, 1.0);
					// fake lights based on vertex position along Z axis
					finalColor.rgb += clamp(vVertexPosition.z, 0.0, 1.0);
					// handling premultiplied alpha (useful if we were using a png with transparency)
					finalColor = vec4(finalColor.rgb * finalColor.a, finalColor.a);
					gl_FragColor = finalColor;
				}
			`;

			return {
				vertexShader: vs,
				fragmentShader: fs,
				widthSegments: 20,
				heightSegments: 20,
				uniforms: {
					/*
					resolution: { // resolution of our plane
						name: "uResolution",
						type: "2f", // notice this is an length 2 array of floats
						value: [ parent.clientWidth, parent.clientHeight ]
					},
					*/
					time: { // time uniform that will be updated at each draw call
						name: "uTime",
						type: "1f",
						value: 0
					},
					mousePosition: { // our mouse position
						name: "uMousePosition",
						type: "2f", // again an array of floats
						value: [ mousePosition.x, mousePosition.y ]
					},
					mouseMoveStrength: { // the mouse move strength
						name: "uMouseMoveStrength",
						type: "1f",
						value: 0
					},
					effectStrength: { // the smudge strength
						name: "uEffectStrength",
						type: "1f",
						value: effectStrength
					},
					padding: { 		// paddings around image on hover
						name: "uPadding",
						type: "1f",
						value: 0
					}
				}
			};
		}

		// handle plane
		function handle_plane( plane ) {
			plane
				.onLoading(function() {
					//console.log(plane.loadingManager.sourcesLoaded);
				})
				.onReady(function() {
//					console.log('Plane '+index+' of '+total+' is ready');
					// set a fov of 35 to reduce perspective
					plane.setPerspective(35);
					// apply a little effect once everything is ready
					deltas.max = 2;
					// first render plane
					if ( ! permanentDrawing ) curtains.needRender();
					// init tweens
					plane.tweenScale = null;
					// now that our plane is ready we can listen to mouse move event
					function mouse_move(e) {
						if ( ! mouseIn ) {
							mouse_enter();
						}
						handle_movement(e, plane);
					}
					function mouse_enter() {
						if ( ! mouseIn ) {
							mouseIn = true;
							change_scale( 1 );
							if ( paddingOnHover ) {
								change_padding(paddingOnHover);
							}
						}
					}
					function mouse_leave() {
						if ( mouseIn ) {
							mouseIn = false;
							change_scale( 0 );
							if ( paddingOnHover ) {
								change_padding(0);
							}
						}
					}
					elm.addEventListener("mousemove",  mouse_move );
					elm.addEventListener("touchmove",  mouse_move );
					elm.addEventListener("mouseenter", mouse_enter );
					elm.addEventListener("touchstart", mouse_enter );
					elm.addEventListener("mouseleave", mouse_leave );
					elm.addEventListener("touchend",   mouse_leave );
				})
				.onRender(function() {
					// increment our time uniform
					plane.uniforms.time.value++;
					// decrease both deltas by damping : if the user doesn't move the mouse, effect will fade away
					deltas.applied += (deltas.max - deltas.applied) * 0.02;
					deltas.max += (0 - deltas.max) * 0.01;
					// send the new mouse move strength value
					plane.uniforms.mouseMoveStrength.value = deltas.applied;
					if ( ! permanentDrawing && ! enableDrawing && Math.abs(deltas.applied - deltas.max) < 0.001 ) {
						curtains.disableDrawing();
					}
				})
				.onAfterResize(function() {
//					console.log('Plane '+index+' of '+total+' is resized');
					/*
					var planeBoundingRect = plane.getBoundingRect();
					plane.uniforms.resolution.value = [planeBoundingRect.width, planeBoundingRect.height];
					*/
				});
		}

		// handle the mouse move event
		function handle_movement(e, plane) {

			// update mouse last pos
			mouseLastPosition.x = mousePosition.x;
			mouseLastPosition.y = mousePosition.y;

			var mouse = {};

			// touch event
			if (e.targetTouches) {
				mouse.x = globalCanvas ? e.targetTouches[0].clientX : e.targetTouches[0].layerX;
				mouse.y = globalCanvas ? e.targetTouches[0].clientY : e.targetTouches[0].layerY;

			// mouse event
			} else {
													// In Chrome with custom scroll mouse coordinates in layerXY are incorrect
													// but in Mozilla mouse properties offsetXY always empty (equal to 0)
				mouse.x = globalCanvas ? e.clientX : ( e.offsetX !== 0 || e.offsetY !== 0 ? e.offsetX : e.layerX );
				mouse.y = globalCanvas ? e.clientY : ( e.offsetX !== 0 || e.offsetY !== 0 ? e.offsetY : e.layerY );
			}

			// lerp the mouse position a bit to smoothen the overall effect
			mousePosition.x = trx_addons_lerp(mousePosition.x, mouse.x, 0.3);
			mousePosition.y = trx_addons_lerp(mousePosition.y, mouse.y, 0.3);

			// convert our mouse/touch position to coordinates relative to the vertices of the plane
			var mouseCoords = globalCanvas
								? plane.mouseToPlaneCoords(mousePosition.x, mousePosition.y)
								: mouse_to_plane_coords( plane, mousePosition );
			

			// update our mouse position uniform
			plane.uniforms.mousePosition.value = [mouseCoords.x, mouseCoords.y];

			// calculate the mouse move strength
			if ( mouseStrength && mouseLastPosition.x && mouseLastPosition.y ) {
				var delta = Math.sqrt( Math.pow( mousePosition.x - mouseLastPosition.x, 2 ) + Math.pow( mousePosition.y - mouseLastPosition.y, 2 ) ) / 20;
				delta = Math.min(4, delta);
				// update max delta only if it increased
				if ( delta >= deltas.max ) {
					deltas.max = delta;
				}
			} else {
				deltas.max = 2;
			}
		}

		// Change padding value
		function change_padding( to ) {
			if ( plane.tweenPadding ) {
				trx_addons_tween_stop( plane.tweenPadding );
			}
			plane.tweenPadding = trx_addons_tween_value( {
				start: plane.uniforms.padding.value,
				end: to,
				time: 1.25,
				callbacks: {
					onUpdate: function(value) {
						plane.uniforms.padding.value = value;
					},
					onComplete: function() {
						trx_addons_tween_stop( plane.tweenPadding );
						plane.tweenPadding = null;
					}
				}
			} );
		}

		// Change scale
		function change_scale( to ) {
			if ( plane.tweenScale ) {
				trx_addons_tween_stop( plane.tweenScale );
			}
			if ( ! permanentDrawing ) {
				enableDrawing = true;
				curtains.enableDrawing();
			}
			plane.tweenScale = trx_addons_tween_value( {
				start: scaleFactor,
				end: to,
				time: 1.25,
				callbacks: {
					onUpdate: function(value) {
						scaleFactor = value;
						if ( scaleOnHover ) {
							plane.textures && plane.textures[0].setScale(1 + value / 12, 1 + value / 12);
						}
					},
					onComplete: function() {
						trx_addons_tween_stop( plane.tweenScale );
						plane.tweenScale = null;
						if ( ! permanentDrawing && to === 0 ) {
							enableDrawing = false;
							//curtains.disableDrawing();
						}
					}
				}
			} );
		}

	};



	// Effect 'Tint'
	//-------------------------------------------
	
	// Create plane.
	// Attention! All callbacks must be in a global scope!
	window.trx_addons_image_effects_callback_tint = function( curtains_global, elm, index, total ) {

		var curtains = curtains_global ? curtains_global : null;

		var mouseIn = false;

		var scaleOnHover = elm.getAttribute('data-image-effect-scale') > 0,
			scaleFactor = 0,
			tintColor = elm.getAttribute('data-image-effect-tint-color') || TRX_ADDONS_STORAGE['theme_accent_color'];

		var plane = null,
			parent = null,
			img_all = elm.querySelectorAll( 'img:not([class*="trx_addons_image_effects_"])' ),
			img = img_all.length > 1
					? elm.querySelector( 'img:not([class*="avatar"]):not([class*="trx_addons_extended_taxonomy_img"])' )
					: elm.querySelector( 'img' );

		if ( img ) {
			if ( img_all.length > 1 ) {
				jQuery( img ).wrap( '<div class="trx_addons_image_effects_holder"></div>' );
			}
			parent = img.parentNode;
			if ( img_all.length == 1 ) {
				parent.classList.add('trx_addons_image_effects_holder');
			}
//			img.setAttribute('crossorigin', 'anonymous');
			img.setAttribute('data-sampler', 'tintTexture');
			if ( img.getAttribute( 'decoding' ) == 'async' ) {
				img.setAttribute( 'decoding', 'sync' );
			}
			if ( ! globalCanvas ) {
				curtains = create_canvas(parent);
				if ( curtains ) jQuery(elm).data('curtains', curtains);
			}
			if ( curtains ) {
				if ( ! permanentDrawing ) curtains.disableDrawing();
				plane = curtains.addPlane( parent, get_params( elm, img, parent ) );
				if ( plane ) {
					jQuery(elm).data('curtains-plane', plane);
					handle_plane( plane );
				}
			}
		}

		// Return plane params
		function get_params( elm, img, parent ) {

			var vs = `
				#ifdef GL_ES
					precision mediump float;
				#endif

				vec3 permute(vec3 x) {
					return mod((x*34.0+1.0)*x, 289.0);
				}
				
				float snoise(vec2 v) {
					const vec4 C = vec4(0.211325, 0.366025, -0.57735, 0.02439);
					vec2 i = floor(v + dot(v, C.yy)),
						 x0 = v - i + dot(i, C.xx),
						 i1;
					i1 = x0.x > x0.y ? vec2(1.0, 0.0) : vec2(0.0,1.0);
					vec4 x12 = x0.xyxy + C.xxzz;
					x12.xy -= i1,
					i = mod(i, 289.0);
					vec3 p = permute(permute(i.y + vec3(0.0, i1.y, 1.0)) + i.x + vec3(0.0,i1.x, 1.0)),
						 m = max(0.5 - vec3(dot(x0, x0), dot(x12.xy, x12.xy), dot(x12.zw, x12.zw)), 0.0);
					m = m * m, m = m * m;
					vec3 x = 2.0 * fract(p * C.www) - 1.0,
						 h = abs(x) - 0.5,
						 ox = floor(x + 0.5),
						 a0 = x - ox;
					m *= 1.792843 - 0.853735 * (a0 * a0 + h * h);
					vec3 g;
					g.x = a0.x * x0.x + h.x * x0.y,
					g.yz = a0.yz * x12.xz + h.yz * x12.yw;
					return 130.0 * dot(m, g);
				}
				
				attribute vec3 aVertexPosition;
				attribute vec2 aTextureCoord;

				uniform mat4 uMVMatrix, uPMatrix, tintTextureMatrix;
				uniform float uTime, uMouseOver;

				varying vec2 vTintTextureCoord;
				varying vec3 vVertexPosition, vNoise;

				void main(){
					vec3 vP = aVertexPosition;
					vec2 sUV = vec2(vP.x * 0.75, vP.y * 0.75);
					vec3 sN = vec3(snoise(sUV * 2.0 - uTime / 360.0));
					vP.z = 0.0,
					gl_Position = uPMatrix * uMVMatrix * vec4(vP, 1.0),
					vVertexPosition = vP,
					vTintTextureCoord = (tintTextureMatrix * vec4(aTextureCoord, 0.0, 1.0)).xy,
					vNoise = sN;
				}
			`;
			var fs = `
				#ifdef GL_ES
					precision mediump float;
				#endif
				varying vec2 vTintTextureCoord;
				varying vec3 vVertexPosition;
				varying vec3 vNoise;

				uniform sampler2D tintTexture;
				uniform float uMouseOver;
				uniform vec3 uColor;

				void main(){
					vec4 f = texture2D(tintTexture, vTintTextureCoord);
					f.rgb -= clamp(-vVertexPosition.z / 10.0, 0.0, 1.0);
					f.rgb += clamp( vVertexPosition.z / 12.5, 0.0, 1.0);
					vec4 lC = vec4(0.299, 0.587, 0.114, 0.0),
						 l = vec4(1.0),
						 tint = vec4(uColor.r / 255.0, uColor.g / 255.0, uColor.b / 255.0, 1.0);
					float lM = dot(f, lC),
						  mN = clamp(uMouseOver * (1.0 - vNoise.r) - 1.0 + uMouseOver * 2.0, 0.0, 1.0);
					vec4 mC = (l + tint) / vec4(2.0),
						 dT = lM >= 0.45 ? mix(mC, l, smoothstep(0.45, 0.93125, lM)) : mix(tint, mC, smoothstep(-0.03125, 0.45, lM));
					f = mix(dT, f, step(0.9, mN));
					f = vec4(f.rgb * f.a, f.a);
					gl_FragColor = f;
				}
			`;

			return {
				vertexShader: vs,
				fragmentShader: fs,
				widthSegments: 5,
				heightSegments: 40,
				fov: 45,
				drawCheckMargins: {
					top: 15,
					right: 0,
					bottom: 15,
					left: 0
				},
				uniforms: {
					time: {
						name: "uTime",
						type: "1f",
						value: 0	// 180 * index
					},
					mouseOver: {
						name: "uMouseOver",
						type: "1f",
						value: 0
					},
					color: {
						name: "uColor",
						type: "3f",
						value: trx_addons_rgb2components(tintColor)
					}
				}
			};
		}

		// handle plane
		function handle_plane( plane ) {
			plane
				.onReady(function() {
//					console.log('Plane '+index+' of '+total+' is ready');
					// first render plane
					if ( ! permanentDrawing ) curtains.needRender();
					// init tweens
					plane.tween = null;
					plane.tweenScale = null;
					// now that our plane is ready we can listen to mouse move event
					function mouse_move(e) {
						if ( ! mouseIn ) {
							mouse_enter();
						}
					}
					function mouse_enter() {
						if ( ! mouseIn ) {
							mouseIn = true;
							change_mouse_over( 1 );
							change_scale( 1 );
						}
					}
					function mouse_leave() {
						if ( mouseIn ) {
							mouseIn = false;
							change_mouse_over( 0 );
							change_scale( 0 );
						}
					}
					elm.addEventListener("mousemove",  mouse_move );
					elm.addEventListener("touchmove",  mouse_move );
					elm.addEventListener("mouseenter", mouse_enter );
					elm.addEventListener("touchstart", mouse_enter );
					elm.addEventListener("mouseleave", mouse_leave );
					elm.addEventListener("touchend",   mouse_leave );
				})
				.onRender(function() {
					plane.uniforms.time.value++;
				});
		}

		// Change wave force value
		function change_mouse_over( to ) {
			if ( plane.tween ) {
				trx_addons_tween_stop( plane.tween );
			}
			plane.tween = trx_addons_tween_value( {
				start: plane.uniforms.mouseOver.value,
				end: to,
				time: 1.25,
				callbacks: {
					onUpdate: function(value) {
						plane.uniforms.mouseOver.value = value;
					},
					onComplete: function() {
						trx_addons_tween_stop( plane.tween );
						plane.tween = null
					}
				}
			} );
		}

		// Change scale
		function change_scale( to ) {
			if ( plane.tweenScale ) {
				trx_addons_tween_stop( plane.tweenScale );
			}
			if ( ! permanentDrawing ) {
				curtains.enableDrawing();
			}
			plane.tweenScale = trx_addons_tween_value( {
				start: scaleFactor,
				end: to,
				time: 1.25,
				callbacks: {
					onUpdate: function(value) {
						scaleFactor = value;
						if ( scaleOnHover ) {
							plane.textures && plane.textures[0].setScale(1 + value / 12, 1 + value / 12);
						}
					},
					onComplete: function() {
						trx_addons_tween_stop( plane.tweenScale );
						plane.tweenScale = null;
						if ( ! permanentDrawing && to === 0 ) {
							curtains.disableDrawing();
						}
					}
				}
			} );
		}
	};



	// Effect 'Swap'
	//-------------------------------------------
	
	// Create plane.
	// Attention! All callbacks must be in a global scope!
	window.trx_addons_image_effects_callback_swap = function( curtains_global, elm, index, total ) {

		var curtains = curtains_global ? curtains_global : null;

		// Common vars
		var mouseIn = false;

		var scaleOnHover = elm.getAttribute('data-image-effect-scale') > 0,
			scaleFactor = 0;

		var activeImage = 0;

		// Curtains init
		var plane = null,
			parent = null,
			img_all = elm.querySelectorAll( 'img:not([class*="trx_addons_image_effects_"])' ),
			img = img_all.length > 1
					? elm.querySelector( 'img:not([class*="avatar"]):not([class*="trx_addons_extended_taxonomy_img"])' )
					: elm.querySelector( 'img' );

		if ( img ) {
			if ( img_all.length > 1 ) {
				jQuery( img ).wrap( '<div class="trx_addons_image_effects_holder"></div>' );
			}
			parent = img.parentNode;
			if ( img_all.length == 1 ) {
				parent.classList.add('trx_addons_image_effects_holder');
			}
//			img.setAttribute('crossorigin', 'anonymous');
			img.setAttribute('data-sampler', 'swapTexture');
			if ( img.getAttribute( 'decoding' ) == 'async' ) {
				img.setAttribute( 'decoding', 'sync' );
			}
			var swap_url = elm.getAttribute('data-image-effect-swap-image');
			if ( swap_url ) {
				var swap_img = document.createElement("img");
//				swap_img.setAttribute('crossorigin', 'anonymous');
				swap_img.setAttribute('src', swap_url);
				swap_img.setAttribute('data-sampler', 'swap2Texture');
				if ( swap_img.getAttribute( 'decoding' ) == 'async' ) {
					swap_img.setAttribute( 'decoding', 'sync' );
				}
					swap_img.classList.add('trx_addons_image_effects_swap_image');
				parent.appendChild(swap_img);
				$document.on('action.after_add_content', function(e, cont) {
					cont.find( '.trx_addons_image_effects_swap_image' ).remove();
				});
			}
			var displacement_url = elm.getAttribute('data-image-effect-displacement');
			if ( displacement_url ) {
				var displacement_img = document.createElement("img");
//				displacement_img.setAttribute('crossorigin', 'anonymous');
				displacement_img.setAttribute('src', displacement_url);
				displacement_img.setAttribute('data-sampler', 'swapDisplacement');
				if ( displacement_img.getAttribute( 'decoding' ) == 'async' ) {
					displacement_img.setAttribute( 'decoding', 'sync' );
				}
					displacement_img.classList.add('trx_addons_image_effects_swap_displacement');
				parent.appendChild(displacement_img);
				$document.on('action.after_add_content', function(e, cont) {
					cont.find( '.trx_addons_image_effects_swap_displacement' ).remove();
				});
			}
			if ( ! globalCanvas ) {
				curtains = create_canvas(parent);
				if ( curtains ) jQuery(elm).data('curtains', curtains);
			}
			if ( curtains ) {
				if ( ! permanentDrawing ) curtains.disableDrawing();
				plane = curtains.addPlane( parent, get_params( elm, img, parent ) );
				if ( plane ) {
					jQuery(elm).data('curtains-plane', plane);
					handle_plane( plane );
				}
			}
		}

		// Return plane params
		function get_params() {
			var vs = `
				#ifdef GL_ES
					precision mediump float;
				#endif

				// default mandatory variables
				attribute vec3 aVertexPosition;
				attribute vec2 aTextureCoord;

				uniform mat4 uMVMatrix;
				uniform mat4 uPMatrix;

				// our texture matrices
				// notice how it matches our data-sampler attributes + "Matrix"
				uniform mat4 swapTextureMatrix;
				uniform mat4 swap2TextureMatrix;

				// varying variables
				varying vec3 vVertexPosition;

				// our displacement texture will use original texture coords attributes
				varying vec2 vTextureCoord;

				// our image will use texture coords based on their texture matrices
				varying vec2 vSwapTextureCoord;
				varying vec2 vSwap2TextureCoord;

				// custom uniforms
				uniform float uTime;

				void main() {
					vec3 vertexPosition = aVertexPosition;

					gl_Position = uPMatrix * uMVMatrix * vec4(vertexPosition, 1.0);

					// varying variables
					// texture coords attributes because we want our displacement texture to be contained
					vTextureCoord = aTextureCoord;
					// our image texture coords based on their texture matrices
					vSwapTextureCoord = (swapTextureMatrix * vec4(aTextureCoord, 0.0, 1.0)).xy;
					vSwap2TextureCoord = (swap2TextureMatrix * vec4(aTextureCoord, 0.0, 1.0)).xy;
					// vertex position as usual
					vVertexPosition = vertexPosition;
				}
			`;
			
			var fs = `
				#ifdef GL_ES
					precision mediump float;
				#endif

				// all our varying variables
				varying vec3 vVertexPosition;
				varying vec2 vTextureCoord;
				varying vec2 vSwapTextureCoord;
				varying vec2 vSwap2TextureCoord;

				// custom uniforms
				uniform float uTime;

				// our textures samplers
				// notice how it matches our data-sampler attributes
				uniform sampler2D swapTexture;
				uniform sampler2D swap2Texture;
				uniform sampler2D swapDisplacement;

				void main( void ) {
					// our texture coords
					vec2 textureCoords = vTextureCoord;

					// our displacement texture
					vec4 displacementTexture = texture2D(swapDisplacement, textureCoords);

					// our displacement factor is a float varying from 1 to 0 based on the timer
					float displacementFactor = 1.0 - (cos(uTime / (60.0 / 3.141592)) + 1.0) / 2.0;

					// the effect factor will tell which way we want to displace our pixels
					// the farther from the center of the videos, the stronger it will be
					vec2 effectFactor = vec2((textureCoords.x - 0.5) * 0.75, (textureCoords.y - 0.5) * 0.75);

					// calculate our displaced coordinates of the first video
					vec2 firstDisplacementCoords = vec2(vSwapTextureCoord.x - displacementFactor * (displacementTexture.r * effectFactor.x), vSwapTextureCoord.y- displacementFactor * (displacementTexture.r * effectFactor.y));
					// opposite displacement effect on the second video
					vec2 secondDisplacementCoords = vec2(vSwap2TextureCoord.x - (1.0 - displacementFactor) * (displacementTexture.r * effectFactor.x), vSwap2TextureCoord.y - (1.0 - displacementFactor) * (displacementTexture.r * effectFactor.y));

					// apply the textures
					vec4 firstDistortedColor = texture2D(swapTexture, firstDisplacementCoords);
					vec4 secondDistortedColor = texture2D(swap2Texture, secondDisplacementCoords);

					// blend both textures based on our displacement factor
					vec4 finalColor = mix(firstDistortedColor, secondDistortedColor, displacementFactor);

					// handling premultiplied alpha
					finalColor = vec4(finalColor.rgb * finalColor.a, finalColor.a);

					// apply our shader
					gl_FragColor = finalColor;
				}
			`;

			return {
				vertexShader: vs,		// our vertex shader ID
				fragmentShader: fs,		// our fragment shader ID
//				widthSegments: 10,
//				heightSegments: 10,
				imageCover: false,		// our displacement texture has to fit the plane
				uniforms: {				// variables passed to shaders
					time: {
						name: "uTime",
						type: "1f",
						value: 0
					}
				}
			};
		}

		// handle plane
		function handle_plane( plane ) {
			plane
				.onLoading(function() {
//					console.log(plane.loadingManager.sourcesLoaded);
				})
				.onReady(function() {
//					console.log('Plane '+index+' of '+total+' is ready');
					// first render plane
					if ( ! permanentDrawing ) curtains.needRender();
					// init tweens
					plane.tweenScale = null;
					// now that our plane is ready we can listen to mouse move event
					function mouse_move(e) {
						if ( ! mouseIn ) {
							mouse_enter();
						}
					}
					function mouse_enter() {
						if ( ! mouseIn ) {
							mouseIn = true;
							activeImage = 1;
							change_scale( 1 );
						}
					}
					function mouse_leave() {
						if ( mouseIn ) {
							mouseIn = false;
							activeImage = 0;
							change_scale( 0 );
						}
					}
					elm.addEventListener("mousemove",  mouse_move );
					elm.addEventListener("touchmove",  mouse_move );
					elm.addEventListener("mouseenter", mouse_enter );
					elm.addEventListener("touchstart", mouse_enter );
					elm.addEventListener("mouseleave", mouse_leave );
					elm.addEventListener("touchend",   mouse_leave );
				})
				.onRender(function() {
					plane.uniforms.time.value = activeImage == 1 ? Math.min(60, plane.uniforms.time.value + 1) : Math.max(0, plane.uniforms.time.value - 1);

				})
				.onAfterResize(function() {
//					console.log('Plane '+index+' of '+total+' is resized');
				});

			// Change scale
			function change_scale( to ) {
				if ( plane.tweenScale ) {
					trx_addons_tween_stop( plane.tweenScale );
				}
				if ( ! permanentDrawing ) {
					curtains.enableDrawing();
				}
				plane.tweenScale = trx_addons_tween_value( {
					start: scaleFactor,
					end: to,
					time: 1.25,
					callbacks: {
						onUpdate: function(value) {
							scaleFactor = value;
							if ( scaleOnHover ) {
								plane.textures && plane.textures[0].setScale(1 + value / 12, 1 + value / 12);
							}
						},
						onComplete: function() {
							trx_addons_tween_stop( plane.tweenScale );
							plane.tweenScale = null;
							if ( ! permanentDrawing ) {
								curtains.disableDrawing();
							}
						}
					}
				} );
			}
		}
	};



	// Effect 'Fish'
	//-------------------------------------------
	
	// Create plane.
	// Attention! All callbacks must be in a global scope!
	window.trx_addons_image_effects_callback_fish = function( curtains_global, elm, index, total ) {

		var curtains = curtains_global ? curtains_global : null;

		// Common vars
		var mouseIn = false;

		// track the mouse positions to send it to the shaders
		var mousePosition = {
			x: 0,
			y: 0
		};

		var scaleOnHover = elm.getAttribute('data-image-effect-scale') > 0,
			scaleFactor = 0;

		var activeImage = 0;

		// Curtains init
		var plane = null,
			parent = null,
			img_all = elm.querySelectorAll( 'img:not([class*="trx_addons_image_effects_"])' ),
			img = img_all.length > 1
					? elm.querySelector( 'img:not([class*="avatar"]):not([class*="trx_addons_extended_taxonomy_img"])' )
					: elm.querySelector( 'img' );

		if ( img ) {
			if ( img_all.length > 1 ) {
				jQuery( img ).wrap( '<div class="trx_addons_image_effects_holder"></div>' );
			}
			parent = img.parentNode;
			if ( img_all.length == 1 ) {
				parent.classList.add('trx_addons_image_effects_holder');
			}
//			img.setAttribute('crossorigin', 'anonymous');
			img.setAttribute('data-sampler', 'swapTexture');
			if ( img.getAttribute( 'decoding' ) == 'async' ) {
				img.setAttribute( 'decoding', 'sync' );
			}
			var swap_url = elm.getAttribute('data-image-effect-swap-image');
			if ( swap_url ) {
				var swap_img = document.createElement("img");
//				swap_img.setAttribute('crossorigin', 'anonymous');
				swap_img.setAttribute('src', swap_url);
				swap_img.setAttribute('data-sampler', 'swap2Texture');
				if ( swap_img.getAttribute( 'decoding' ) == 'async' ) {
					swap_img.setAttribute( 'decoding', 'sync' );
				}
					swap_img.classList.add('trx_addons_image_effects_swap_image');
				parent.appendChild(swap_img);
				$document.on('action.after_add_content', function(e, cont) {
					cont.find( '.trx_addons_image_effects_swap_image' ).remove();
				});
			}
			var displacement_url = elm.getAttribute('data-image-effect-displacement');
			if ( displacement_url ) {
				var displacement_img = document.createElement("img");
//				displacement_img.setAttribute('crossorigin', 'anonymous');
				displacement_img.setAttribute('src', displacement_url);
				displacement_img.setAttribute('data-sampler', 'swapDisplacement');
				if ( displacement_img.getAttribute( 'decoding' ) == 'async' ) {
					displacement_img.setAttribute( 'decoding', 'sync' );
				}
					displacement_img.classList.add('trx_addons_image_effects_swap_displacement');
				parent.appendChild(displacement_img);
				$document.on('action.after_add_content', function(e, cont) {
					cont.find( '.trx_addons_image_effects_swap_displacement' ).remove();
				});
			}
			if ( ! globalCanvas ) {
				curtains = create_canvas(parent);
				if ( curtains ) jQuery(elm).data('curtains', curtains);
			}
			if ( curtains ) {
				if ( ! permanentDrawing ) curtains.disableDrawing();
				plane = curtains.addPlane( parent, get_params( elm, img, parent ) );
				if ( plane ) {
					jQuery(elm).data('curtains-plane', plane);
					handle_plane( plane );
				}
			}
		}

		// Return plane params
		function get_params() {
			var vs = `
				#ifdef GL_ES
					precision mediump float;
				#endif

				// default mandatory variables
				attribute vec3 aVertexPosition;
				attribute vec2 aTextureCoord;

				uniform mat4 uMVMatrix;
				uniform mat4 uPMatrix;

				// our texture matrices
				// notice how it matches our data-sampler attributes + "Matrix"
				uniform mat4 swapTextureMatrix;
				uniform mat4 swap2TextureMatrix;

				// varying variables
				varying vec3 vVertexPosition;

				// our displacement texture will use original texture coords attributes
				varying vec2 vTextureCoord;

				// our image will use texture coords based on their texture matrices
				varying vec2 vSwapTextureCoord;
				varying vec2 vSwap2TextureCoord;

				// custom uniforms
				uniform float uTime;

				void main() {
					vec3 vertexPosition = aVertexPosition;

					gl_Position = uPMatrix * uMVMatrix * vec4(vertexPosition, 1.0);

					// varying variables
					// texture coords attributes because we want our displacement texture to be contained
					vTextureCoord = aTextureCoord;
					// our image texture coords based on their texture matrices
					vSwapTextureCoord = (swapTextureMatrix * vec4(aTextureCoord, 0.0, 1.0)).xy;
					vSwap2TextureCoord = (swap2TextureMatrix * vec4(aTextureCoord, 0.0, 1.0)).xy;
					// vertex position as usual
					vVertexPosition = vertexPosition;
				}
			`;
			
			var fs = `
				#ifdef GL_ES
					precision mediump float;
				#endif

				// all our varying variables
				varying vec3 vVertexPosition;
				varying vec2 vTextureCoord;
				varying vec2 vSwapTextureCoord;
				varying vec2 vSwap2TextureCoord;

				// custom uniforms
				uniform float uPR;
				uniform float uScale;
				uniform float uEffect;
				uniform float uTime;

				uniform vec2 uRes;
				uniform vec2 uMousePosition;

				// our textures samplers
				// notice how it matches our data-sampler attributes
				uniform sampler2D swapTexture;
				uniform sampler2D swap2Texture;
				uniform sampler2D swapDisplacement;

				float circle( in vec2 _st, in float _radius, in float blurriness ) {
					vec2 dist = _st;
					return 1. - smoothstep( _radius - ( _radius * blurriness ), _radius + ( _radius * blurriness ), dot( dist, dist ) * 4.0 );
				}

				void main( void ) {
					// our texture coords
					vec2 textureCoords = vTextureCoord;

					//vec2 st = textureCoords - vec2(0.5);
					// Manage the device ratio
					vec2 res = uRes * uPR;
					vec2 st = gl_FragCoord.xy / res.xy - vec2(0.5);
					// tip: use the following formula to keep the good ratio of your coordinates
					st.y *= uRes.y / uRes.x;
					
					vec2 mouse = uMousePosition * -0.5;
					// tip2: do the same for your mouse
					mouse.y *= uRes.y / uRes.x;
					//mouse *= -1.;

					vec2 circlePos = st + mouse;
					float c = circle( circlePos, 0.3 * uScale, 2. );

					// our displacement texture
					vec4 displacementTexture = texture2D(swapDisplacement, textureCoords);

					// our displacement factor is a float varying from 1 to 0 based on the timer
					float displacementFactor = ( 1.0 - (cos(uTime / (60.0 / 3.141592)) + 1.0) / 2.0 * uEffect ) * c;

					// the effect factor will tell which way we want to displace our pixels
					// the farther from the center of the videos, the stronger it will be
					vec2 effectFactor = vec2( (textureCoords.x - 0.5) * 0.75 * uEffect, (textureCoords.y - 0.5) * 0.75 * uEffect );

					// calculate our displaced coordinates of the first video
					vec2 firstDisplacementCoords = vec2(vSwapTextureCoord.x - displacementFactor * (displacementTexture.r * effectFactor.x), vSwapTextureCoord.y - displacementFactor * (displacementTexture.r * effectFactor.y));
					// opposite displacement effect on the second video
					vec2 secondDisplacementCoords = vec2(vSwap2TextureCoord.x - (1.0 - displacementFactor) * (displacementTexture.r * effectFactor.x), vSwap2TextureCoord.y - (1.0 - displacementFactor) * (displacementTexture.r * effectFactor.y));

					// apply the textures
					vec4 firstDistortedColor = texture2D(swapTexture, firstDisplacementCoords);
					vec4 secondDistortedColor = texture2D(swap2Texture, secondDisplacementCoords);

					// blend both textures based on our displacement factor
					vec4 finalColor = mix(firstDistortedColor, secondDistortedColor, displacementFactor);

					// handling premultiplied alpha
					finalColor = vec4(finalColor.rgb * finalColor.a, finalColor.a);

					// apply our shader
					gl_FragColor = finalColor;
				}
			`;
			return {
				vertexShader: vs,		// our vertex shader ID
				fragmentShader: fs,		// our fragment shader ID
//				widthSegments: 10,
//				heightSegments: 10,
				imageCover: false,		// our displacement texture has to fit the plane
				uniforms: {				// variables passed to shaders
					mousePosition: { // our mouse position
						name: "uMousePosition",
						type: "2f",
						value: [ mousePosition.x, mousePosition.y ]
					},
					imageResolution: {
						name: "uRes",
						type: "2f",
						value: [ img.clientWidth, img.clientHeight ]
					},
					pixelRatio: {
						name: "uPR",
						type: "1f",
						value: window.devicePixelRatio.toFixed(1)
					},
					scaleFactor: {
						name: "uScale",
						type: "1f",
						value: 0
					},
					useEffect: {
						name: "uEffect",
						type: "1f",
						value: displacement_url != '' ? 1 : 0
					},
					time: {
						name: "uTime",
						type: "1f",
						value: 0
					}
				}
			};
		}

		// handle plane
		function handle_plane( plane ) {
			plane
				.onLoading(function() {
//					console.log(plane.loadingManager.sourcesLoaded);
				})
				.onReady(function() {
//					console.log('Plane '+index+' of '+total+' is ready');
					// first render plane
					if ( ! permanentDrawing ) curtains.needRender();
					// init tweens
					plane.tweenScale = null;
					// now that our plane is ready we can listen to mouse move event
					function mouse_move(e) {
						if ( ! mouseIn ) {
							mouse_enter();
						}
						handle_movement(e, plane);
					}
					function mouse_enter() {
						if ( ! mouseIn ) {
							mouseIn = true;
							activeImage = 1;
							change_scale( 1 );
						}
					}
					function mouse_leave() {
						if ( mouseIn ) {
							mouseIn = false;
							activeImage = 0;
							change_scale( 0 );
						}
					}
					elm.addEventListener("mousemove",  mouse_move );
					elm.addEventListener("touchmove",  mouse_move );
					elm.addEventListener("mouseenter", mouse_enter );
					elm.addEventListener("touchstart", mouse_enter );
					elm.addEventListener("mouseleave", mouse_leave );
					elm.addEventListener("touchend",   mouse_leave );
				})
				.onRender(function() {
					plane.uniforms.time.value = activeImage == 1 ? Math.min(60, plane.uniforms.time.value + 1) : Math.max(0, plane.uniforms.time.value - 1);
				})
				.onAfterResize(function() {
//					console.log('Plane '+index+' of '+total+' is resized');
				});

			// Change scale
			function change_scale( to ) {
				if ( plane.tweenScale ) {
					trx_addons_tween_stop( plane.tweenScale );
				}
				if ( ! permanentDrawing && to == 1 ) {
					curtains.enableDrawing();
				}
				plane.tweenScale = trx_addons_tween_value( {
					start: scaleFactor,
					end: to,
					time: 1.25,
					callbacks: {
						onUpdate: function(value) {
							scaleFactor = value;
							plane.uniforms.scaleFactor.value = value;
							if ( scaleOnHover ) {
								plane.textures && plane.textures[0].setScale(1 + value / 12, 1 + value / 12);
							}
						},
						onComplete: function() {
							trx_addons_tween_stop( plane.tweenScale );
							plane.tweenScale = null;
							if ( ! permanentDrawing && to == 0 ) {
								curtains.disableDrawing();
							}
						}
					}
				} );
			}
		}

		// handle the mouse move event
		function handle_movement(e, plane) {

			var mouse = get_mouse_position_from_event( e );

			// lerp the mouse position a bit to smoothen the overall effect
			mousePosition.x = trx_addons_lerp(mousePosition.x, mouse.x, 0.3);
			mousePosition.y = trx_addons_lerp(mousePosition.y, mouse.y, 0.3);

			// convert our mouse/touch position to coordinates relative to the vertices of the plane
			var mouseCoords = globalCanvas
								? plane.mouseToPlaneCoords(mousePosition.x, mousePosition.y)
								: mouse_to_plane_coords( plane, mousePosition );
			

			// update our mouse position uniform
			plane.uniforms.mousePosition.value = [mouseCoords.x, mouseCoords.y];
		}
	};



	// Effect 'Blot'
	//-------------------------------------------
	
	// Create plane.
	// Attention! All callbacks must be in a global scope!
	window.trx_addons_image_effects_callback_blot = function( curtains_global, elm, index, total ) {

		var curtains = curtains_global ? curtains_global : null;

		// Common vars
		var mouseIn = false;

		// track the mouse positions to send it to the shaders
		var mousePosition = {
			x: 0,
			y: 0
		};

		var scaleOnHover = elm.getAttribute('data-image-effect-scale') > 0,
			scaleFactor = 0,
			tintColor = elm.getAttribute('data-image-effect-tint-color') || '';


		var effectStrength = Math.max( 5.0, Math.min( 50.0, elm.getAttribute('data-image-effect-strength') || 30.0 ) );
		var wavesDirection = Math.max(0.0, Math.min(1.0, elm.getAttribute('data-image-effect-waves-direction') ) );

		var activeImage = 0;

		// Curtains init
		var plane = null,
			parent = null,
			img_all = elm.querySelectorAll( 'img:not([class*="trx_addons_image_effects_"])' ),
			img = img_all.length > 1
					? elm.querySelector( 'img:not([class*="avatar"]):not([class*="trx_addons_extended_taxonomy_img"])' )
					: elm.querySelector( 'img' );

		if ( img ) {
			if ( img_all.length > 1 ) {
				jQuery( img ).wrap( '<div class="trx_addons_image_effects_holder"></div>' );
			}
			parent = img.parentNode;
			if ( img_all.length == 1 ) {
				parent.classList.add('trx_addons_image_effects_holder');
			}
//			img.setAttribute('crossorigin', 'anonymous');
			img.setAttribute('data-sampler', 'swapTexture');
			if ( img.getAttribute( 'decoding' ) == 'async' ) {
				img.setAttribute( 'decoding', 'sync' );
			}
			var swap_url = elm.getAttribute('data-image-effect-swap-image');
			if ( swap_url ) {
				var swap_img = document.createElement("img");
//				swap_img.setAttribute('crossorigin', 'anonymous');
				swap_img.setAttribute('src', swap_url);
				swap_img.setAttribute('data-sampler', 'swap2Texture');
				if ( swap_img.getAttribute( 'decoding' ) == 'async' ) {
					swap_img.setAttribute( 'decoding', 'sync' );
				}
					swap_img.classList.add('trx_addons_image_effects_swap_image');
				parent.appendChild(swap_img);
				$document.on('action.after_add_content', function(e, cont) {
					cont.find( '.trx_addons_image_effects_swap_image' ).remove();
				});
			}
			if ( ! globalCanvas ) {
				curtains = create_canvas(parent);
				if ( curtains ) jQuery(elm).data('curtains', curtains);
			}
			if ( curtains ) {
				if ( ! permanentDrawing ) curtains.disableDrawing();
				plane = curtains.addPlane( parent, get_params( elm, img, parent ) );
				if ( plane ) {
					jQuery(elm).data('curtains-plane', plane);
					handle_plane( plane );
				}
			}
		}

		// Return plane params
		function get_params() {
			var vs = `
				#ifdef GL_ES
					precision mediump float;
				#endif

				// default mandatory variables
				attribute vec3 aVertexPosition;
				attribute vec2 aTextureCoord;

				uniform mat4 uPMatrix;
				uniform mat4 uMVMatrix;

				// our texture matrices
				// notice how it matches our data-sampler attributes + "Matrix"
				uniform mat4 swapTextureMatrix;
				uniform mat4 swap2TextureMatrix;

				// our displacement texture will use original texture coords attributes
				varying vec2 vTextureCoord;

				// our image will use texture coords based on their texture matrices
				varying vec2 vSwapTextureCoord;
				varying vec2 vSwap2TextureCoord;

				void main() {
					// texture coords attributes because we want our displacement texture to be contained
					// our image texture coords based on their texture matrices
					vTextureCoord = aTextureCoord;
					vSwapTextureCoord = (swapTextureMatrix * vec4(aTextureCoord, 0.0, 1.0)).xy;
					vSwap2TextureCoord = (swap2TextureMatrix * vec4(aTextureCoord, 0.0, 1.0)).xy;

					gl_Position = uPMatrix * uMVMatrix * vec4(aVertexPosition, 1.0);
				}
			`;

			var fs = `
				#ifdef GL_ES
					precision mediump float;
				#endif

				// all our varying variables
				//varying vec3 vVertexPosition;
				varying vec2 vTextureCoord;
				varying vec2 vSwapTextureCoord;
				varying vec2 vSwap2TextureCoord;

				// custom uniforms
				uniform float uPR;
				uniform float uScale;
				uniform float uTint;
				uniform float uWavesTime;
				uniform float uTime;

				uniform vec2 uRes;
				uniform vec2 uMousePosition;
				uniform vec3 uColor;

				// our textures samplers
				// notice how it matches our data-sampler attributes
				uniform sampler2D swapTexture;
				uniform sampler2D swap2Texture;

				uniform float uEffectStrength;	// 5.0 - 50.0 - waves amplitude
				uniform float uWavesDirection;	// 0 - horizontal, 1 - vertical

				// noise 2d generator
				//---------------------------------------------------
				vec3 permute3(vec3 x) {
					return mod((x*34.0+1.0)*x, 289.0);
				}
				float snoise2(vec2 v) {
					const vec4 C = vec4(0.211325, 0.366025, -0.57735, 0.02439);
					vec2 i = floor(v + dot(v, C.yy)),
						 x0 = v - i + dot(i, C.xx),
						 i1;
					i1 = x0.x > x0.y ? vec2(1.0, 0.0) : vec2(0.0,1.0);
					vec4 x12 = x0.xyxy + C.xxzz;
					x12.xy -= i1,
					i = mod(i, 289.0);
					vec3 p = permute3(permute3(i.y + vec3(0.0, i1.y, 1.0)) + i.x + vec3(0.0,i1.x, 1.0)),
						 m = max(0.5 - vec3(dot(x0, x0), dot(x12.xy, x12.xy), dot(x12.zw, x12.zw)), 0.0);
					m = m * m, m = m * m;
					vec3 x = 2.0 * fract(p * C.www) - 1.0,
						 h = abs(x) - 0.5,
						 ox = floor(x + 0.5),
						 a0 = x - ox;
					m *= 1.792843 - 0.853735 * (a0 * a0 + h * h);
					vec3 g;
					g.x = a0.x * x0.x + h.x * x0.y,
					g.yz = a0.yz * x12.xz + h.yz * x12.yw;
					return 130.0 * dot(m, g);
				}

				// noise 3d generator
				//-------------------------------------------
				vec3 mod289(vec3 x) {
					return x - floor(x * (1.0 / 289.0)) * 289.0;
				}
				vec4 mod289(vec4 x) {
					return x - floor(x * (1.0 / 289.0)) * 289.0;
				}
				vec4 permute4(vec4 x) {
					return mod289(((x*34.0)+1.0)*x);
				}
				vec4 taylorInvSqrt(vec4 r) {
					return 1.79284291400159 - 0.85373472095314 * r;
				}
				float snoise3(vec3 v) {
					const vec2  C = vec2(1.0/6.0, 1.0/3.0) ;
					const vec4  D = vec4(0.0, 0.5, 1.0, 2.0);
					// First corner
					vec3 i  = floor(v + dot(v, C.yyy) );
					vec3 x0 =   v - i + dot(i, C.xxx) ;
					// Other corners
					vec3 g = step(x0.yzx, x0.xyz);
					vec3 l = 1.0 - g;
					vec3 i1 = min( g.xyz, l.zxy );
					vec3 i2 = max( g.xyz, l.zxy );

					//   x0 = x0 - 0.0 + 0.0 * C.xxx;
					//   x1 = x0 - i1  + 1.0 * C.xxx;
					//   x2 = x0 - i2  + 2.0 * C.xxx;
					//   x3 = x0 - 1.0 + 3.0 * C.xxx;
					vec3 x1 = x0 - i1 + C.xxx;
					vec3 x2 = x0 - i2 + C.yyy; // 2.0*C.x = 1/3 = C.y
					vec3 x3 = x0 - D.yyy;      // -1.0+3.0*C.x = -0.5 = -D.y

					// Permutations
					i = mod289(i); 
					vec4 p = permute4( permute4( permute4( 
					         i.z + vec4(0.0, i1.z, i2.z, 1.0 ))
					       + i.y + vec4(0.0, i1.y, i2.y, 1.0 )) 
					       + i.x + vec4(0.0, i1.x, i2.x, 1.0 ));

					// Gradients: 7x7 points over a square, mapped onto an octahedron.
					// The ring size 17*17 = 289 is close to a multiple of 49 (49*6 = 294)
					float n_ = 0.142857142857; // 1.0/7.0
					vec3  ns = n_ * D.wyz - D.xzx;

					vec4 j = p - 49.0 * floor(p * ns.z * ns.z);  //  mod(p,7*7)

					vec4 x_ = floor(j * ns.z);
					vec4 y_ = floor(j - 7.0 * x_ );    // mod(j,N)

					vec4 x = x_ *ns.x + ns.yyyy;
					vec4 y = y_ *ns.x + ns.yyyy;
					vec4 h = 1.0 - abs(x) - abs(y);

					vec4 b0 = vec4( x.xy, y.xy );
					vec4 b1 = vec4( x.zw, y.zw );

					//vec4 s0 = vec4(lessThan(b0,0.0))*2.0 - 1.0;
					//vec4 s1 = vec4(lessThan(b1,0.0))*2.0 - 1.0;
					vec4 s0 = floor(b0)*2.0 + 1.0;
					vec4 s1 = floor(b1)*2.0 + 1.0;
					vec4 sh = -step(h, vec4(0.0));

					vec4 a0 = b0.xzyw + s0.xzyw*sh.xxyy ;
					vec4 a1 = b1.xzyw + s1.xzyw*sh.zzww ;

					vec3 p0 = vec3(a0.xy,h.x);
					vec3 p1 = vec3(a0.zw,h.y);
					vec3 p2 = vec3(a1.xy,h.z);
					vec3 p3 = vec3(a1.zw,h.w);

					//Normalise gradients
					vec4 norm = taylorInvSqrt(vec4(dot(p0,p0), dot(p1,p1), dot(p2, p2), dot(p3,p3)));
					p0 *= norm.x;
					p1 *= norm.y;
					p2 *= norm.z;
					p3 *= norm.w;

					// Mix final noise value
					vec4 m = max(0.6 - vec4(dot(x0,x0), dot(x1,x1), dot(x2,x2), dot(x3,x3)), 0.0);
					m = m * m;
					return 42.0 * dot( m*m, vec4( dot(p0,x0), dot(p1,x1), 
					                            dot(p2,x2), dot(p3,x3) ) );
				}

				// circle
				//-------------------------------------------
				float circle( in vec2 _st, in float _radius, in float blurriness ) {
					vec2 dist = _st;
					return 1. - smoothstep( _radius - ( _radius * blurriness ), _radius + ( _radius * blurriness ), dot( dist, dist ) * 4.0 );
				}

				void main( void ) {
					vec2 v_uv = vTextureCoord;
					vec2 v_sv = vSwapTextureCoord;

					// Manage the device ratio
					vec2 res = uRes * uPR;
					vec2 st = gl_FragCoord.xy / res.xy - vec2(0.5);
					// tip: use the following formula to keep the good ratio of your coordinates
					st.y *= uRes.y / uRes.x;
					
					vec2 mouse = uMousePosition * -0.5;
					// tip2: do the same for your mouse
					mouse.y *= uRes.y / uRes.x;
					//mouse *= -1.;

					vec2 circlePos = st + mouse;
					// float c = circle( circlePos, 0.3 * uScale, 2.0 ) * 2.5;
					float c = circle( circlePos, 0.3 * uScale, 2.5 ) * 2.25;

					float offx = v_uv.x + sin( v_uv.y + uTime * 0.1 );
					float offy = v_uv.y - uTime * 0.1 - cos( uTime * 0.001 ) * 0.01;
					float n = snoise3( vec3( offx, offy, uTime * 0.1 ) * 8.0 ) - 1.0;

					float finalMask = smoothstep( 0.4, 0.5, n + pow( c, 2.0 ) );

					// Add waves to the first image
					const float PI = 3.141592;

					v_sv.x += (
								sin(v_sv.x * 10.0 * ( 2.0 - uWavesDirection ) + ((uWavesTime * (PI / 3.0)) * 0.031))
								+ sin(v_sv.y * 10.0 * ( 2.0 - uWavesDirection ) + ((uWavesTime * (PI / 2.489)) * 0.017))
								) / uEffectStrength / ( 2.5 + 1.5 * uWavesDirection ) * uScale;	// * 0.0075;

					v_sv.y += (
								sin(v_sv.y * 20.0 / ( 2.0 - uWavesDirection ) + ((uWavesTime * (PI / 2.023)) * 0.023))
								+ sin(v_sv.x * 20.0 / ( 2.0 - uWavesDirection ) + ((uWavesTime * (PI / 3.1254)) * 0.037))
								) / uEffectStrength / ( 2.5 + 1.5 * ( 1.0 - uWavesDirection ) ) * uScale;	// * 0.0125;

					vec4 imageColor = texture2D( swapTexture, v_sv );

					// Add tint the second image
					vec4 hoverColor = texture2D( swap2Texture, vSwap2TextureCoord );
					vec4 tint = vec4( uColor.r / 255.0, uColor.g / 255.0, uColor.b / 255.0, 1.0 );
					hoverColor = uTint > 0.0 ? mix( hoverColor, tint, 0.5) : hoverColor;

					gl_FragColor = mix( imageColor, hoverColor, finalMask );
				}
			`;

			return {
				vertexShader: vs,		// our vertex shader ID
				fragmentShader: fs,		// our fragment shader ID
//				widthSegments: 10,
//				heightSegments: 10,
				imageCover: false,		// our displacement texture has to fit the plane
				uniforms: {				// variables passed to shaders
					mousePosition: { // our mouse position
						name: "uMousePosition",
						type: "2f",
						value: [ mousePosition.x, mousePosition.y ]
					},
					imageResolution: {
						name: "uRes",
						type: "2f",
						value: [ img.clientWidth, img.clientHeight ]
					},
					pixelRatio: {
						name: "uPR",
						type: "1f",
						value: window.devicePixelRatio.toFixed(1)
					},
					scaleFactor: {
						name: "uScale",
						type: "1f",
						value: 0
					},
					color: {
						name: "uColor",
						type: "3f",
						value: tintColor ? trx_addons_rgb2components( tintColor ) : [0, 0, 0]
					},
					useColor: {
						name: "uTint",
						type: "1f",
						value: tintColor ? 1 : 0
					},
					effectStrength: {
						name: "uEffectStrength",
						type: "1f",
						value: effectStrength
					},
					wavesDirection: {
						name: "uWavesDirection",
						type: "1f",
						value: wavesDirection
					},
					wavesTime: {
						name: "uWavesTime",
						type: "1f",
						value: 0
					},
					time: {
						name: "uTime",
						type: "1f",
						value: 0
					}
				}
			};
		}

		// handle plane
		function handle_plane( plane ) {
			plane
				.onLoading(function() {
//					console.log(plane.loadingManager.sourcesLoaded);
				})
				.onReady(function() {
//					console.log('Plane '+index+' of '+total+' is ready');
					// first render plane
					if ( ! permanentDrawing ) curtains.needRender();
					// init tweens
					plane.tweenScale = null;
					// now that our plane is ready we can listen to mouse move event
					function mouse_move(e) {
						if ( ! mouseIn ) {
							mouse_enter();
						}
						handle_movement(e, plane);
					}
					function mouse_enter() {
						if ( ! mouseIn ) {
							mouseIn = true;
							activeImage = 1;
							change_scale( 1 );
						}
					}
					function mouse_leave() {
						if ( mouseIn ) {
							mouseIn = false;
							activeImage = 0;
							change_scale( 0 );
						}
					}
					elm.addEventListener("mousemove",  mouse_move );
					elm.addEventListener("touchmove",  mouse_move );
					elm.addEventListener("mouseenter", mouse_enter );
					elm.addEventListener("touchstart", mouse_enter );
					elm.addEventListener("mouseleave", mouse_leave );
					elm.addEventListener("touchend",   mouse_leave );
				})
				.onRender(function() {
					plane.uniforms.time.value += 0.01;
					plane.uniforms.wavesTime.value++;
				})
				.onAfterResize(function() {
//					console.log('Plane '+index+' of '+total+' is resized');
				});

			// Change scale
			function change_scale( to ) {
				if ( plane.tweenScale ) {
					trx_addons_tween_stop( plane.tweenScale );
				}
				if ( ! permanentDrawing && to == 1 ) {
					curtains.enableDrawing();
				}
				plane.tweenScale = trx_addons_tween_value( {
					start: scaleFactor,
					end: to,
					time: 0.6,
					callbacks: {
						onUpdate: function(value) {
							scaleFactor = value;
							plane.uniforms.scaleFactor.value = value;
							if ( scaleOnHover ) {
								plane.textures && plane.textures[0].setScale(1 + value / 12, 1 + value / 12);
							}
						},
						onComplete: function() {
							trx_addons_tween_stop( plane.tweenScale );
							plane.tweenScale = null;
							if ( ! permanentDrawing && to == 0 ) {
								curtains.disableDrawing();
							}
						}
					}
				} );
			}
		}

		// handle the mouse move event
		function handle_movement(e, plane) {

			var mouse = get_mouse_position_from_event( e );

			// lerp the mouse position a bit to smoothen the overall effect
			mousePosition.x = trx_addons_lerp(mousePosition.x, mouse.x, 0.3);
			mousePosition.y = trx_addons_lerp(mousePosition.y, mouse.y, 0.3);

			// convert our mouse/touch position to coordinates relative to the vertices of the plane
			var mouseCoords = globalCanvas
								? plane.mouseToPlaneCoords(mousePosition.x, mousePosition.y)
								: mouse_to_plane_coords( plane, mousePosition );

			// update our mouse position uniform
			plane.uniforms.mousePosition.value = [mouseCoords.x, mouseCoords.y];
		}
	};



	// Effect 'Scroller'
	//-------------------------------------------
	
	// Create plane.
	// Attention! All callbacks must be in a global scope!
	window.trx_addons_image_effects_callback_scroller = function( curtains_global, elm, index, total ) {

		var curtains = curtains_global ? curtains_global : null;

		var mouseIn = false;

		var scaleOnHover = elm.getAttribute('data-image-effect-scale') > 0,
			scaleFactor = 0;

		var scrollDirection = 0,
			scrollY = -1;

		var effectStrength = 60 - Math.max( 5.0, Math.min( 50.0, elm.getAttribute('data-image-effect-strength') || 30 ) ),
			effectDirection = elm.getAttribute('data-image-effect-waves-direction') || 0;

		var plane = null,
			parent = null,
			img_all = elm.querySelectorAll( 'img:not([class*="trx_addons_image_effects_"])' ),
			img = img_all.length > 1
					? elm.querySelector( 'img:not([class*="avatar"]):not([class*="trx_addons_extended_taxonomy_img"])' )
					: elm.querySelector( 'img' );

		if ( img ) {
			if ( img_all.length > 1 ) {
				jQuery( img ).wrap( '<div class="trx_addons_image_effects_holder"></div>' );
			}
			parent = img.parentNode;
			if ( img_all.length == 1 ) {
				parent.classList.add('trx_addons_image_effects_holder');
			}
//			img.setAttribute('crossorigin', 'anonymous');
			img.setAttribute('data-sampler', 'scrollerTexture');
			if ( img.getAttribute( 'decoding' ) == 'async' ) {
				img.setAttribute( 'decoding', 'sync' );
			}
			if ( ! globalCanvas ) {
				curtains = create_canvas(parent);
				if ( curtains ) jQuery(elm).data('curtains', curtains);
			}
			if ( curtains ) {
				plane = curtains.addPlane( parent, get_params( elm, img, parent ) );
				if ( plane ) {
					jQuery(elm).data('curtains-plane', plane);
					handle_plane( plane );
				}
			}
		}

		// Return plane params
		function get_params( elm, img, parent ) {

			var vs = `
				#ifdef GL_ES
					precision mediump float;
				#endif

				attribute vec3 aVertexPosition;
				attribute vec2 aTextureCoord;

				uniform mat4 uMVMatrix, uPMatrix;

				uniform float uScrollSpeed;
				uniform float uEffectStrength;
				uniform float uEffectDirection;
				uniform float uPadding;

				// our texture matrices
				// notice how it matches our data-sampler attributes + "Matrix"
				uniform mat4 scrollerTextureMatrix;

				// if you want to pass your vertex and texture coords to the fragment shader
				varying vec3 vVertexPosition;
				varying vec2 vScrollerTextureCoord;

				void main(){
					vec3 vertexPosition = aVertexPosition;
					if ( uEffectDirection > 0.0 ) {
						// Vertical wave
						vertexPosition.x += sin( ( vertexPosition.y + 1.0 ) * 3.141592 ) * sin( uScrollSpeed * 3.141592 ) * 0.05 * ( uEffectStrength / 30.0 );
					} else {
						// Horizontal wave
						vertexPosition.y += sin( ( vertexPosition.x + 1.0 ) / 2.0 * 3.141592 ) * sin( uScrollSpeed * 3.141592 ) * 0.05 * ( uEffectStrength / 30.0 );
					}
					vVertexPosition = vertexPosition;
					gl_Position = uPMatrix * uMVMatrix * vec4( vertexPosition, 1.0 + uPadding * ( uEffectStrength / 30.0 ) );

					vScrollerTextureCoord = ( scrollerTextureMatrix * vec4( aTextureCoord, 0.0, 1.0 ) ).xy;
				}
			`;
			var fs = `
				#ifdef GL_ES
					precision mediump float;
				#endif

				// all our varying variables
				varying vec2 vScrollerTextureCoord;

				uniform sampler2D scrollerTexture;

				void main(){
					vec2 textureCoord = vScrollerTextureCoord;
					gl_FragColor = texture2D(scrollerTexture, textureCoord);
				}
			`;

			return {
				vertexShader: vs,
				fragmentShader: fs,
				widthSegments: 10,
				heightSegments: 10,
				uniforms: {
					padding: {
						name: "uPadding",
						type: "1f",
						value: trx_addons_apply_filters( 'trx_addons_filter_image_effects_padding', 0.05, 'scroller' )
					},
					effectStrength: {
						name: "uEffectStrength",
						type: "1f",
						value: effectStrength
					},
					effectDirection: {
						name: "uEffectDirection",
						type: "1f",
						value: effectDirection
					},
					scrollSpeed: {
						name: "uScrollSpeed",
						type: "1f",
						value: 0
					}
				}
			};
		}

		// handle plane
		function handle_plane( plane ) {
			plane
				.onReady(function() {
//					console.log('Plane '+index+' of '+total+' is ready');
					// init tweens
					plane.tween = null;
					plane.tweenScale = null;
					var scrollBusy = false,
						clear_scroll_busy = trx_addons_throttle( function() {
							scrollBusy = false;
						}, 300, true );

					function scroll_get() {
						return ( typeof window.scrollY != 'undefined' ? window.scrollY : window.pageYOffset ) || 0;
					}
					// now that our plane is ready we can listen to mouse move event
					function scroll_start(e) {
						clear_scroll_busy();
						if ( scrollY < 0 ) {
							scrollY = scroll_get();
						} else if ( ! scrollDirection ) {
							var scrollNew = scroll_get();
							scrollDirection = scrollNew > scrollY ? 1 : -1;
							scrollBusy = true;
							change_scroll( 1 );
						}
					}
					window.addEventListener("scroll",  scroll_start );
					// now that our plane is ready we can listen to mouse move event
					function mouse_move(e) {
						if ( ! mouseIn ) {
							mouse_enter();
						}
					}
					function mouse_enter() {
						if ( ! mouseIn ) {
							mouseIn = true;
							change_scale( 1 );
						}
					}
					function mouse_leave() {
						if ( mouseIn ) {
							mouseIn = false;
							change_scale( 0 );
						}
					}
					elm.addEventListener("mousemove",  mouse_move );
					elm.addEventListener("touchmove",  mouse_move );
					elm.addEventListener("mouseenter", mouse_enter );
					elm.addEventListener("touchstart", mouse_enter );
					elm.addEventListener("mouseleave", mouse_leave );
					elm.addEventListener("touchend",   mouse_leave );
				})
				.onRender(function() {
					//plane.uniforms.time.value++;
				});
		}

		// Change wave force value
		function change_scroll( to ) {
			if ( plane.tween ) {
				trx_addons_tween_stop( plane.tween );
			}
			plane.tween = trx_addons_tween_value( {
				start: plane.uniforms.scrollSpeed.value,
				end: to,
				time: 1.5,
				callbacks: {
					onUpdate: function(value) {
						plane.uniforms.scrollSpeed.value = value * scrollDirection;
					},
					onComplete: function() {
						scrollDirection = 0;
						scrollY = -1;
						plane.uniforms.scrollSpeed.value = 0;
						trx_addons_tween_stop( plane.tween );
						plane.tween = null;
					}
				}
			} );
		}

		// Change scale
		function change_scale( to ) {
			if ( plane.tweenScale ) {
				trx_addons_tween_stop( plane.tweenScale );
			}
			if ( ! permanentDrawing && to == 1 ) {
				curtains.enableDrawing();
			}
			plane.tweenScale = trx_addons_tween_value( {
				start: scaleFactor,
				end: to,
				time: 1.0,
				callbacks: {
					onUpdate: function(value) {
						scaleFactor = value;
						if ( scaleOnHover ) {
							plane.textures && plane.textures[0].setScale(1 + value / 12, 1 + value / 12);
						}
					},
					onComplete: function() {
						trx_addons_tween_stop( plane.tweenScale );
						plane.tweenScale = null;
					}
				}
			} );
		}
	};

})();</script>
<script id="elementor-webpack-runtime-js">/*! elementor - v3.31.0 - 11-08-2025 */
(()=>{"use strict";var e,r,_,t,n,a={},i={};function __webpack_require__(e){var r=i[e];if(void 0!==r)return r.exports;var _=i[e]={exports:{}};return a[e].call(_.exports,_,_.exports,__webpack_require__),_.exports}__webpack_require__.m=a,e=[],__webpack_require__.O=(r,_,t,n)=>{if(!_){var a=1/0;for(o=0;o<e.length;o++){for(var[_,t,n]=e[o],i=!0,c=0;c<_.length;c++)(!1&n||a>=n)&&Object.keys(__webpack_require__.O).every(e=>__webpack_require__.O[e](_[c]))?_.splice(c--,1):(i=!1,n<a&&(a=n));if(i){e.splice(o--,1);var b=t();void 0!==b&&(r=b)}}return r}n=n||0;for(var o=e.length;o>0&&e[o-1][2]>n;o--)e[o]=e[o-1];e[o]=[_,t,n]},_=Object.getPrototypeOf?e=>Object.getPrototypeOf(e):e=>e.__proto__,__webpack_require__.t=function(e,t){if(1&t&&(e=this(e)),8&t)return e;if("object"==typeof e&&e){if(4&t&&e.__esModule)return e;if(16&t&&"function"==typeof e.then)return e}var n=Object.create(null);__webpack_require__.r(n);var a={};r=r||[null,_({}),_([]),_(_)];for(var i=2&t&&e;"object"==typeof i&&!~r.indexOf(i);i=_(i))Object.getOwnPropertyNames(i).forEach(r=>a[r]=()=>e[r]);return a.default=()=>e,__webpack_require__.d(n,a),n},__webpack_require__.d=(e,r)=>{for(var _ in r)__webpack_require__.o(r,_)&&!__webpack_require__.o(e,_)&&Object.defineProperty(e,_,{enumerable:!0,get:r[_]})},__webpack_require__.f={},__webpack_require__.e=e=>Promise.all(Object.keys(__webpack_require__.f).reduce((r,_)=>(__webpack_require__.f[_](e,r),r),[])),__webpack_require__.u=e=>216===e?"lightbox.408665be3d65f6ab17f0.bundle.min.js":30===e?"text-path.ebcd5a983a56266562f3.bundle.min.js":131===e?"accordion.28788e18d1d35c23f450.bundle.min.js":707===e?"alert.42cc1d522ef5c60bf874.bundle.min.js":457===e?"counter.12335f45aaa79d244f24.bundle.min.js":234===e?"progress.0ea083b809812c0e3aa1.bundle.min.js":575===e?"tabs.1a165c2a54522842b0f1.bundle.min.js":775===e?"toggle.f7afe5f9f0f912b34b22.bundle.min.js":180===e?"video.87291d1f5076f8939c18.bundle.min.js":177===e?"image-carousel.6167d20b95b33386757b.bundle.min.js":212===e?"text-editor.abc8f59c62f2820dc25a.bundle.min.js":211===e?"wp-audio.c9624cb6e5dc9de86abd.bundle.min.js":215===e?"nested-tabs.a542ad943214eb6c3ed8.bundle.min.js":915===e?"nested-accordion.a29d85d5aa492aef7142.bundle.min.js":1===e?"contact-buttons.d999c7d620ad8d4132c6.bundle.min.js":336===e?"floating-bars.a3070326b4333354cbd7.bundle.min.js":557===e?"shared-frontend-handlers.4c8abccc3e268b0767b2.bundle.min.js":396===e?"shared-editor-handlers.a182e3f9ce3b8b1e4b74.bundle.min.js":768===e?"container-editor-handlers.e7ee82232887ec8b73b7.bundle.min.js":77===e?"section-frontend-handlers.d85ab872da118940910d.bundle.min.js":220===e?"section-editor-handlers.c420276353ec5aba196e.bundle.min.js":304===e?"nested-title-keyboard-handler.fc9d01c2cd0ef46d20fd.bundle.min.js":void 0,__webpack_require__.g=function(){if("object"==typeof globalThis)return globalThis;try{return this||new Function("return this")()}catch(e){if("object"==typeof window)return window}}(),__webpack_require__.o=(e,r)=>Object.prototype.hasOwnProperty.call(e,r),t={},n="elementorFrontend:",__webpack_require__.l=(e,r,_,a)=>{if(t[e])t[e].push(r);else{var i,c;if(void 0!==_)for(var b=document.getElementsByTagName("script"),o=0;o<b.length;o++){var u=b[o];if(u.getAttribute("src")==e||u.getAttribute("data-webpack")==n+_){i=u;break}}i||(c=!0,(i=document.createElement("script")).charset="utf-8",i.timeout=120,__webpack_require__.nc&&i.setAttribute("nonce",__webpack_require__.nc),i.setAttribute("data-webpack",n+_),i.src=e),t[e]=[r];var onScriptComplete=(r,_)=>{i.onerror=i.onload=null,clearTimeout(d);var n=t[e];if(delete t[e],i.parentNode&&i.parentNode.removeChild(i),n&&n.forEach(e=>e(_)),r)return r(_)},d=setTimeout(onScriptComplete.bind(null,void 0,{type:"timeout",target:i}),12e4);i.onerror=onScriptComplete.bind(null,i.onerror),i.onload=onScriptComplete.bind(null,i.onload),c&&document.head.appendChild(i)}},__webpack_require__.r=e=>{"undefined"!=typeof Symbol&&Symbol.toStringTag&&Object.defineProperty(e,Symbol.toStringTag,{value:"Module"}),Object.defineProperty(e,"__esModule",{value:!0})},(()=>{var e;__webpack_require__.g.importScripts&&(e=__webpack_require__.g.location+"");var r=__webpack_require__.g.document;if(!e&&r&&(r.currentScript&&"SCRIPT"===r.currentScript.tagName.toUpperCase()&&(e=r.currentScript.src),!e)){var _=r.getElementsByTagName("script");if(_.length)for(var t=_.length-1;t>-1&&(!e||!/^http(s?):/.test(e));)e=_[t--].src}if(!e)throw new Error("Automatic publicPath is not supported in this browser");e=e.replace(/^blob:/,"").replace(/#.*$/,"").replace(/\?.*$/,"").replace(/\/[^\/]+$/,"/"),__webpack_require__.p=e})(),(()=>{var e={76:0};__webpack_require__.f.j=(r,_)=>{var t=__webpack_require__.o(e,r)?e[r]:void 0;if(0!==t)if(t)_.push(t[2]);else if(76!=r){var n=new Promise((_,n)=>t=e[r]=[_,n]);_.push(t[2]=n);var a=__webpack_require__.p+__webpack_require__.u(r),i=new Error;__webpack_require__.l(a,_=>{if(__webpack_require__.o(e,r)&&(0!==(t=e[r])&&(e[r]=void 0),t)){var n=_&&("load"===_.type?"missing":_.type),a=_&&_.target&&_.target.src;i.message="Loading chunk "+r+" failed.\n("+n+": "+a+")",i.name="ChunkLoadError",i.type=n,i.request=a,t[1](i)}},"chunk-"+r,r)}else e[r]=0},__webpack_require__.O.j=r=>0===e[r];var webpackJsonpCallback=(r,_)=>{var t,n,[a,i,c]=_,b=0;if(a.some(r=>0!==e[r])){for(t in i)__webpack_require__.o(i,t)&&(__webpack_require__.m[t]=i[t]);if(c)var o=c(__webpack_require__)}for(r&&r(_);b<a.length;b++)n=a[b],__webpack_require__.o(e,n)&&e[n]&&e[n][0](),e[n]=0;return __webpack_require__.O(o)},r=self.webpackChunkelementorFrontend=self.webpackChunkelementorFrontend||[];r.forEach(webpackJsonpCallback.bind(null,0)),r.push=webpackJsonpCallback.bind(null,r.push.bind(r))})()})();</script>
<script id="elementor-frontend-modules-js">/*! elementor - v3.31.0 - 11-08-2025 */
(self.webpackChunkelementorFrontend=self.webpackChunkelementorFrontend||[]).push([[941],{1:(e,t,r)=>{"use strict";var n=r(5578),i=r(7255),s=r(5755),o=r(1866),a=r(6029),c=r(5022),l=n.Symbol,u=i("wks"),p=c?l.for||l:l&&l.withoutSetter||o;e.exports=function(e){return s(u,e)||(u[e]=a&&s(l,e)?l[e]:p("Symbol."+e)),u[e]}},41:e=>{"use strict";e.exports=function(e){return{iterator:e,next:e.next,done:!1}}},169:(e,t,r)=>{"use strict";var n=r(4762),i=r(8473),s=r(1483),o=r(5755),a=r(382),c=r(2048).CONFIGURABLE,l=r(7268),u=r(4483),p=u.enforce,d=u.get,h=String,f=Object.defineProperty,g=n("".slice),m=n("".replace),v=n([].join),y=a&&!i(function(){return 8!==f(function(){},"length",{value:8}).length}),w=String(String).split("String"),b=e.exports=function(e,t,r){"Symbol("===g(h(t),0,7)&&(t="["+m(h(t),/^Symbol\(([^)]*)\).*$/,"$1")+"]"),r&&r.getter&&(t="get "+t),r&&r.setter&&(t="set "+t),(!o(e,"name")||c&&e.name!==t)&&(a?f(e,"name",{value:t,configurable:!0}):e.name=t),y&&r&&o(r,"arity")&&e.length!==r.arity&&f(e,"length",{value:r.arity});try{r&&o(r,"constructor")&&r.constructor?a&&f(e,"prototype",{writable:!1}):e.prototype&&(e.prototype=void 0)}catch(e){}var n=p(e);return o(n,"source")||(n.source=v(w,"string"==typeof t?t:"")),e};Function.prototype.toString=b(function toString(){return s(this)&&d(this).source||l(this)},"toString")},274:(e,t,r)=>{"use strict";var n=r(8473);e.exports=!n(function(){var e=function(){}.bind();return"function"!=typeof e||e.hasOwnProperty("prototype")})},348:(e,t,r)=>{"use strict";var n=r(1807),i=r(1483),s=r(1704),o=TypeError;e.exports=function(e,t){var r,a;if("string"===t&&i(r=e.toString)&&!s(a=n(r,e)))return a;if(i(r=e.valueOf)&&!s(a=n(r,e)))return a;if("string"!==t&&i(r=e.toString)&&!s(a=n(r,e)))return a;throw new o("Can't convert object to primitive value")}},382:(e,t,r)=>{"use strict";var n=r(8473);e.exports=!n(function(){return 7!==Object.defineProperty({},1,{get:function(){return 7}})[1]})},641:(e,t,r)=>{"use strict";r(5724),r(4846),r(7458),r(9655);const Module=function(){const e=jQuery,t=arguments,r=this,n={};let i;this.getItems=function(e,t){if(t){const r=t.split("."),n=r.splice(0,1);if(!r.length)return e[n];if(!e[n])return;return this.getItems(e[n],r.join("."))}return e},this.getSettings=function(e){return this.getItems(i,e)},this.setSettings=function(t,n,s){if(s||(s=i),"object"==typeof t)return e.extend(s,t),r;const o=t.split("."),a=o.splice(0,1);return o.length?(s[a]||(s[a]={}),r.setSettings(o.join("."),n,s[a])):(s[a]=n,r)},this.getErrorMessage=function(e,t){let r;if("forceMethodImplementation"===e)r=`The method '${t}' must to be implemented in the inheritor child.`;else r="An error occurs";return r},this.forceMethodImplementation=function(e){throw new Error(this.getErrorMessage("forceMethodImplementation",e))},this.on=function(t,i){if("object"==typeof t)return e.each(t,function(e){r.on(e,this)}),r;return t.split(" ").forEach(function(e){n[e]||(n[e]=[]),n[e].push(i)}),r},this.off=function(e,t){if(!n[e])return r;if(!t)return delete n[e],r;const i=n[e].indexOf(t);return-1!==i&&(delete n[e][i],n[e]=n[e].filter(e=>e)),r},this.trigger=function(t){const i="on"+t[0].toUpperCase()+t.slice(1),s=Array.prototype.slice.call(arguments,1);r[i]&&r[i].apply(r,s);const o=n[t];return o?(e.each(o,function(e,t){t.apply(r,s)}),r):r},r.__construct.apply(r,t),e.each(r,function(e){const t=r[e];"function"==typeof t&&(r[e]=function(){return t.apply(r,arguments)})}),function(){i=r.getDefaultSettings();const n=t[0];n&&e.extend(!0,i,n)}(),r.trigger("init")};Module.prototype.__construct=function(){},Module.prototype.getDefaultSettings=function(){return{}},Module.prototype.getConstructorID=function(){return this.constructor.name},Module.extend=function(e){const t=jQuery,r=this,child=function(){return r.apply(this,arguments)};return t.extend(child,r),(child.prototype=Object.create(t.extend({},r.prototype,e))).constructor=child,child.__super__=r.prototype,child},e.exports=Module},670:(e,t,r)=>{"use strict";var n=r(382),i=r(5835),s=r(7738);e.exports=function(e,t,r){n?i.f(e,t,s(0,r)):e[t]=r}},751:(e,t,r)=>{"use strict";Object.defineProperty(t,"__esModule",{value:!0}),t.default=void 0,r(5724),r(4846),r(9655);class InstanceType{static[Symbol.hasInstance](e){let t=super[Symbol.hasInstance](e);if(e&&!e.constructor.getInstanceType)return t;if(e&&(e.instanceTypes||(e.instanceTypes=[]),t||this.getInstanceType()===e.constructor.getInstanceType()&&(t=!0),t)){const t=this.getInstanceType===InstanceType.getInstanceType?"BaseInstanceType":this.getInstanceType();-1===e.instanceTypes.indexOf(t)&&e.instanceTypes.push(t)}return!t&&e&&(t=e.instanceTypes&&Array.isArray(e.instanceTypes)&&-1!==e.instanceTypes.indexOf(this.getInstanceType())),t}static getInstanceType(){elementorModules.ForceMethodImplementation()}constructor(){let e=new.target;const t=[];for(;e.__proto__&&e.__proto__.name;)t.push(e.__proto__),e=e.__proto__;t.reverse().forEach(e=>this instanceof e)}}t.default=InstanceType},1091:e=>{"use strict";var t=TypeError;e.exports=function(e){if(e>9007199254740991)throw t("Maximum allowed index exceeded");return e}},1265:(e,t,r)=>{"use strict";var n=r(6784);Object.defineProperty(t,"__esModule",{value:!0}),t.default=void 0;var i=n(r(641)),s=n(r(2425)),o=n(r(2946)),a=n(r(3980)),c=n(r(2970)),l=n(r(8685));t.default=window.elementorModules={Module:i.default,ViewModule:s.default,ArgsObject:o.default,ForceMethodImplementation:l.default,utils:{Masonry:a.default,Scroll:c.default}}},1278:(e,t,r)=>{"use strict";var n=r(4762),i=n({}.toString),s=n("".slice);e.exports=function(e){return s(i(e),8,-1)}},1409:(e,t,r)=>{"use strict";var n=r(5578),i=r(1483);e.exports=function(e,t){return arguments.length<2?(r=n[e],i(r)?r:void 0):n[e]&&n[e][t];var r}},1423:(e,t,r)=>{"use strict";var n=r(1409),i=r(1483),s=r(4815),o=r(5022),a=Object;e.exports=o?function(e){return"symbol"==typeof e}:function(e){var t=n("Symbol");return i(t)&&s(t.prototype,a(e))}},1483:e=>{"use strict";var t="object"==typeof document&&document.all;e.exports=void 0===t&&void 0!==t?function(e){return"function"==typeof e||e===t}:function(e){return"function"==typeof e}},1506:(e,t,r)=>{"use strict";var n=r(2914),i=r(1807),s=r(2293),o=r(8761),a=r(5299),c=r(6960),l=r(4815),u=r(4887),p=r(6665),d=r(6721),h=TypeError,Result=function(e,t){this.stopped=e,this.result=t},f=Result.prototype;e.exports=function(e,t,r){var g,m,v,y,w,b,S,x=r&&r.that,E=!(!r||!r.AS_ENTRIES),I=!(!r||!r.IS_RECORD),C=!(!r||!r.IS_ITERATOR),_=!(!r||!r.INTERRUPTED),O=n(t,x),stop=function(e){return g&&d(g,"normal"),new Result(!0,e)},callFn=function(e){return E?(s(e),_?O(e[0],e[1],stop):O(e[0],e[1])):_?O(e,stop):O(e)};if(I)g=e.iterator;else if(C)g=e;else{if(!(m=p(e)))throw new h(o(e)+" is not iterable");if(a(m)){for(v=0,y=c(e);y>v;v++)if((w=callFn(e[v]))&&l(f,w))return w;return new Result(!1)}g=u(e,m)}for(b=I?e.next:g.next;!(S=i(b,g)).done;){try{w=callFn(S.value)}catch(e){d(g,"throw",e)}if("object"==typeof w&&w&&l(f,w))return w}return new Result(!1)}},1507:e=>{"use strict";e.exports={}},1703:e=>{"use strict";var t=Math.ceil,r=Math.floor;e.exports=Math.trunc||function trunc(e){var n=+e;return(n>0?r:t)(n)}},1704:(e,t,r)=>{"use strict";var n=r(1483);e.exports=function(e){return"object"==typeof e?null!==e:n(e)}},1799:(e,t,r)=>{"use strict";var n=r(382),i=r(8473),s=r(3145);e.exports=!n&&!i(function(){return 7!==Object.defineProperty(s("div"),"a",{get:function(){return 7}}).a})},1807:(e,t,r)=>{"use strict";var n=r(274),i=Function.prototype.call;e.exports=n?i.bind(i):function(){return i.apply(i,arguments)}},1831:(e,t,r)=>{"use strict";var n=r(9557),i=r(5578),s=r(2095),o="__core-js_shared__",a=e.exports=i[o]||s(o,{});(a.versions||(a.versions=[])).push({version:"3.43.0",mode:n?"pure":"global",copyright:"© 2014-2025 Denis Pushkarev (zloirock.ru)",license:"https://github.com/zloirock/core-js/blob/v3.43.0/LICENSE",source:"https://github.com/zloirock/core-js"})},1851:(e,t,r)=>{"use strict";var n,i,s,o=r(8473),a=r(1483),c=r(1704),l=r(5290),u=r(3181),p=r(7914),d=r(1),h=r(9557),f=d("iterator"),g=!1;[].keys&&("next"in(s=[].keys())?(i=u(u(s)))!==Object.prototype&&(n=i):g=!0),!c(n)||o(function(){var e={};return n[f].call(e)!==e})?n={}:h&&(n=l(n)),a(n[f])||p(n,f,function(){return this}),e.exports={IteratorPrototype:n,BUGGY_SAFARI_ITERATORS:g}},1866:(e,t,r)=>{"use strict";var n=r(4762),i=0,s=Math.random(),o=n(1.1.toString);e.exports=function(e){return"Symbol("+(void 0===e?"":e)+")_"+o(++i+s,36)}},1975:(e,t,r)=>{"use strict";var n=r(8612),i=r(1807),s=r(8120),o=r(2293),a=r(41),c=r(8660),l=r(8901),u=r(9557),p=r(6721),d=r(7486),h=r(5267),f=!u&&!d("filter",function(){}),g=!u&&!f&&h("filter",TypeError),m=u||f||g,v=c(function(){for(var e,t,r=this.iterator,n=this.predicate,s=this.next;;){if(e=o(i(s,r)),this.done=!!e.done)return;if(t=e.value,l(r,n,[t,this.counter++],!0))return t}});n({target:"Iterator",proto:!0,real:!0,forced:m},{filter:function filter(e){o(this);try{s(e)}catch(e){p(this,"throw",e)}return g?i(g,this,e):new v(a(this),{predicate:e})}})},1983:(e,t,r)=>{"use strict";var n=r(6721);e.exports=function(e,t,r){for(var i=e.length-1;i>=0;i--)if(void 0!==e[i])try{r=n(e[i].iterator,t,r)}catch(e){t="throw",r=e}if("throw"===t)throw r;return r}},2048:(e,t,r)=>{"use strict";var n=r(382),i=r(5755),s=Function.prototype,o=n&&Object.getOwnPropertyDescriptor,a=i(s,"name"),c=a&&"something"===function something(){}.name,l=a&&(!n||n&&o(s,"name").configurable);e.exports={EXISTS:a,PROPER:c,CONFIGURABLE:l}},2095:(e,t,r)=>{"use strict";var n=r(5578),i=Object.defineProperty;e.exports=function(e,t){try{i(n,e,{value:t,configurable:!0,writable:!0})}catch(r){n[e]=t}return t}},2121:(e,t,r)=>{"use strict";var n=r(4762),i=r(8473),s=r(1278),o=Object,a=n("".split);e.exports=i(function(){return!o("z").propertyIsEnumerable(0)})?function(e){return"String"===s(e)?a(e,""):o(e)}:o},2278:(e,t,r)=>{"use strict";var n=r(6742),i=r(4741).concat("length","prototype");t.f=Object.getOwnPropertyNames||function getOwnPropertyNames(e){return n(e,i)}},2293:(e,t,r)=>{"use strict";var n=r(1704),i=String,s=TypeError;e.exports=function(e){if(n(e))return e;throw new s(i(e)+" is not an object")}},2313:(e,t,r)=>{"use strict";var n=r(7914);e.exports=function(e,t,r){for(var i in t)n(e,i,t[i],r);return e}},2347:(e,t,r)=>{"use strict";var n=r(3312),i=Object;e.exports=function(e){return i(n(e))}},2355:(e,t,r)=>{"use strict";var n=r(1807),i=r(1704),s=r(1423),o=r(2564),a=r(348),c=r(1),l=TypeError,u=c("toPrimitive");e.exports=function(e,t){if(!i(e)||s(e))return e;var r,c=o(e,u);if(c){if(void 0===t&&(t="default"),r=n(c,e,t),!i(r)||s(r))return r;throw new l("Can't convert object to primitive value")}return void 0===t&&(t="number"),a(e,t)}},2425:(e,t,r)=>{"use strict";var n=r(6784);Object.defineProperty(t,"__esModule",{value:!0}),t.default=void 0;var i=n(r(641));t.default=i.default.extend({elements:null,getDefaultElements:()=>({}),bindEvents(){},onInit(){this.initElements(),this.bindEvents()},initElements(){this.elements=this.getDefaultElements()}})},2564:(e,t,r)=>{"use strict";var n=r(8120),i=r(5983);e.exports=function(e,t){var r=e[t];return i(r)?void 0:n(r)}},2811:(e,t,r)=>{"use strict";var n=r(1409);e.exports=n("document","documentElement")},2890:(e,t,r)=>{"use strict";Object.defineProperty(t,"__esModule",{value:!0}),t.default=void 0,r(4846),r(6211);class _default extends elementorModules.ViewModule{getDefaultSettings(){return{selectors:{elements:".elementor-element",nestedDocumentElements:".elementor .elementor-element"},classes:{editMode:"elementor-edit-mode"}}}getDefaultElements(){const e=this.getSettings("selectors");return{$elements:this.$element.find(e.elements).not(this.$element.find(e.nestedDocumentElements))}}getDocumentSettings(e){let t;if(this.isEdit){t={};const e=elementor.settings.page.model;jQuery.each(e.getActiveControls(),r=>{t[r]=e.attributes[r]})}else t=this.$element.data("elementor-settings")||{};return this.getItems(t,e)}runElementsHandlers(){this.elements.$elements.each((e,t)=>setTimeout(()=>elementorFrontend.elementsHandler.runReadyTrigger(t)))}onInit(){this.$element=this.getSettings("$element"),super.onInit(),this.isEdit=this.$element.hasClass(this.getSettings("classes.editMode")),this.isEdit?elementor.on("document:loaded",()=>{elementor.settings.page.model.on("change",this.onSettingsChange.bind(this))}):this.runElementsHandlers()}onSettingsChange(){}}t.default=_default},2914:(e,t,r)=>{"use strict";var n=r(3786),i=r(8120),s=r(274),o=n(n.bind);e.exports=function(e,t){return i(e),void 0===t?e:s?o(e,t):function(){return e.apply(t,arguments)}}},2946:(e,t,r)=>{"use strict";var n=r(6784);Object.defineProperty(t,"__esModule",{value:!0}),t.default=void 0;var i=n(r(751)),s=n(r(5213));class ArgsObject extends i.default{static getInstanceType(){return"ArgsObject"}constructor(e){super(),this.args=e}requireArgument(e){let t=arguments.length>1&&void 0!==arguments[1]?arguments[1]:this.args;if(!Object.prototype.hasOwnProperty.call(t,e))throw Error(`${e} is required.`)}requireArgumentType(e,t){let r=arguments.length>2&&void 0!==arguments[2]?arguments[2]:this.args;if(this.requireArgument(e,r),typeof r[e]!==t)throw Error(`${e} invalid type: ${t}.`)}requireArgumentInstance(e,t){let r=arguments.length>2&&void 0!==arguments[2]?arguments[2]:this.args;if(this.requireArgument(e,r),!(r[e]instanceof t||(0,s.default)(r[e],t)))throw Error(`${e} invalid instance.`)}requireArgumentConstructor(e,t){let r=arguments.length>2&&void 0!==arguments[2]?arguments[2]:this.args;if(this.requireArgument(e,r),r[e].constructor.toString()!==t.prototype.constructor.toString())throw Error(`${e} invalid constructor type.`)}}t.default=ArgsObject},2970:(e,t,r)=>{"use strict";Object.defineProperty(t,"__esModule",{value:!0}),t.default=void 0,r(5724);t.default=class Scroll{static scrollObserver(e){let t=0;const r={root:e.root||null,rootMargin:e.offset||"0px",threshold:function(){let e=arguments.length>0&&void 0!==arguments[0]?arguments[0]:0;const t=[];if(e>0&&e<=100){const r=100/e;for(let e=0;e<=100;e+=r)t.push(e/100)}else t.push(0);return t}(e.sensitivity)};return new IntersectionObserver(function handleIntersect(r){const n=r[0].boundingClientRect.y,i=r[0].isIntersecting,s=n<t?"down":"up",o=Math.abs(parseFloat((100*r[0].intersectionRatio).toFixed(2)));e.callback({sensitivity:e.sensitivity,isInViewport:i,scrollPercentage:o,intersectionScrollDirection:s}),t=n},r)}static getElementViewportPercentage(e){let t=arguments.length>1&&void 0!==arguments[1]?arguments[1]:{};const r=e[0].getBoundingClientRect(),n=t.start||0,i=t.end||0,s=window.innerHeight*n/100,o=window.innerHeight*i/100,a=r.top-window.innerHeight,c=0-a+s,l=r.top+s+e.height()-a+o,u=Math.max(0,Math.min(c/l,1));return parseFloat((100*u).toFixed(2))}static getPageScrollPercentage(){let e=arguments.length>0&&void 0!==arguments[0]?arguments[0]:{},t=arguments.length>1?arguments[1]:void 0;const r=e.start||0,n=e.end||0,i=t||document.documentElement.scrollHeight-document.documentElement.clientHeight,s=i*r/100,o=i+s+i*n/100;return(document.documentElement.scrollTop+document.body.scrollTop+s)/o*100}}},3005:(e,t,r)=>{"use strict";var n=r(1703);e.exports=function(e){var t=+e;return t!=t||0===t?0:n(t)}},3145:(e,t,r)=>{"use strict";var n=r(5578),i=r(1704),s=n.document,o=i(s)&&i(s.createElement);e.exports=function(e){return o?s.createElement(e):{}}},3181:(e,t,r)=>{"use strict";var n=r(5755),i=r(1483),s=r(2347),o=r(5409),a=r(9441),c=o("IE_PROTO"),l=Object,u=l.prototype;e.exports=a?l.getPrototypeOf:function(e){var t=s(e);if(n(t,c))return t[c];var r=t.constructor;return i(r)&&t instanceof r?r.prototype:t instanceof l?u:null}},3242:(e,t,r)=>{"use strict";var n=r(8612),i=r(1807),s=r(1506),o=r(8120),a=r(2293),c=r(41),l=r(6721),u=r(5267)("find",TypeError);n({target:"Iterator",proto:!0,real:!0,forced:u},{find:function find(e){a(this);try{o(e)}catch(e){l(this,"throw",e)}if(u)return i(u,this,e);var t=c(this),r=0;return s(t,function(t,n){if(e(t,r++))return n(t)},{IS_RECORD:!0,INTERRUPTED:!0}).result}})},3312:(e,t,r)=>{"use strict";var n=r(5983),i=TypeError;e.exports=function(e){if(n(e))throw new i("Can't call method on "+e);return e}},3392:(e,t,r)=>{"use strict";var n=r(3005),i=Math.max,s=Math.min;e.exports=function(e,t){var r=n(e);return r<0?i(r+t,0):s(r,t)}},3617:(e,t,r)=>{"use strict";var n=r(8612),i=r(5578),s=r(6021),o=r(2293),a=r(1483),c=r(3181),l=r(3864),u=r(670),p=r(8473),d=r(5755),h=r(1),f=r(1851).IteratorPrototype,g=r(382),m=r(9557),v="constructor",y="Iterator",w=h("toStringTag"),b=TypeError,S=i[y],x=m||!a(S)||S.prototype!==f||!p(function(){S({})}),E=function Iterator(){if(s(this,f),c(this)===f)throw new b("Abstract class Iterator not directly constructable")},defineIteratorPrototypeAccessor=function(e,t){g?l(f,e,{configurable:!0,get:function(){return t},set:function(t){if(o(this),this===f)throw new b("You can't redefine this property");d(this,e)?this[e]=t:u(this,e,t)}}):f[e]=t};d(f,w)||defineIteratorPrototypeAccessor(w,y),!x&&d(f,v)&&f[v]!==Object||defineIteratorPrototypeAccessor(v,E),E.prototype=f,n({global:!0,constructor:!0,forced:x},{Iterator:E})},3658:(e,t,r)=>{"use strict";var n=r(6742),i=r(4741);e.exports=Object.keys||function keys(e){return n(e,i)}},3786:(e,t,r)=>{"use strict";var n=r(1278),i=r(4762);e.exports=function(e){if("Function"===n(e))return i(e)}},3815:(e,t,r)=>{"use strict";var n=r(2355),i=r(1423);e.exports=function(e){var t=n(e,"string");return i(t)?t:t+""}},3864:(e,t,r)=>{"use strict";var n=r(169),i=r(5835);e.exports=function(e,t,r){return r.get&&n(r.get,t,{getter:!0}),r.set&&n(r.set,t,{setter:!0}),i.f(e,t,r)}},3896:(e,t,r)=>{"use strict";var n=r(382),i=r(8473);e.exports=n&&i(function(){return 42!==Object.defineProperty(function(){},"prototype",{value:42,writable:!1}).prototype})},3980:(e,t,r)=>{"use strict";var n=r(6784);Object.defineProperty(t,"__esModule",{value:!0}),t.default=void 0,r(5724);var i=n(r(2425));t.default=i.default.extend({getDefaultSettings:()=>({container:null,items:null,columnsCount:3,verticalSpaceBetween:30}),getDefaultElements(){return{$container:jQuery(this.getSettings("container")),$items:jQuery(this.getSettings("items"))}},run(){var e=[],t=this.elements.$container.position().top,r=this.getSettings(),n=r.columnsCount;t+=parseInt(this.elements.$container.css("margin-top"),10),this.elements.$items.each(function(i){var s=Math.floor(i/n),o=jQuery(this),a=o[0].getBoundingClientRect().height+r.verticalSpaceBetween;if(s){var c=o.position(),l=i%n,u=c.top-t-e[l];u-=parseInt(o.css("margin-top"),10),u*=-1,o.css("margin-top",u+"px"),e[l]+=a}else e.push(a)})}})},4338:(e,t,r)=>{"use strict";var n={};n[r(1)("toStringTag")]="z",e.exports="[object z]"===String(n)},4347:(e,t)=>{"use strict";t.f=Object.getOwnPropertySymbols},4483:(e,t,r)=>{"use strict";var n,i,s,o=r(4644),a=r(5578),c=r(1704),l=r(9037),u=r(5755),p=r(1831),d=r(5409),h=r(1507),f="Object already initialized",g=a.TypeError,m=a.WeakMap;if(o||p.state){var v=p.state||(p.state=new m);v.get=v.get,v.has=v.has,v.set=v.set,n=function(e,t){if(v.has(e))throw new g(f);return t.facade=e,v.set(e,t),t},i=function(e){return v.get(e)||{}},s=function(e){return v.has(e)}}else{var y=d("state");h[y]=!0,n=function(e,t){if(u(e,y))throw new g(f);return t.facade=e,l(e,y,t),t},i=function(e){return u(e,y)?e[y]:{}},s=function(e){return u(e,y)}}e.exports={set:n,get:i,has:s,enforce:function(e){return s(e)?i(e):n(e,{})},getterFor:function(e){return function(t){var r;if(!c(t)||(r=i(t)).type!==e)throw new g("Incompatible receiver, "+e+" required");return r}}}},4644:(e,t,r)=>{"use strict";var n=r(5578),i=r(1483),s=n.WeakMap;e.exports=i(s)&&/native code/.test(String(s))},4741:e=>{"use strict";e.exports=["constructor","hasOwnProperty","isPrototypeOf","propertyIsEnumerable","toLocaleString","toString","valueOf"]},4762:(e,t,r)=>{"use strict";var n=r(274),i=Function.prototype,s=i.call,o=n&&i.bind.bind(s,s);e.exports=n?o:function(e){return function(){return s.apply(e,arguments)}}},4815:(e,t,r)=>{"use strict";var n=r(4762);e.exports=n({}.isPrototypeOf)},4846:(e,t,r)=>{"use strict";r(3617)},4887:(e,t,r)=>{"use strict";var n=r(1807),i=r(8120),s=r(2293),o=r(8761),a=r(6665),c=TypeError;e.exports=function(e,t){var r=arguments.length<2?a(e):t;if(i(r))return s(n(r,e));throw new c(o(e)+" is not iterable")}},4914:(e,t,r)=>{"use strict";var n=r(1278);e.exports=Array.isArray||function isArray(e){return"Array"===n(e)}},4946:(e,t,r)=>{"use strict";var n=r(6784),i=n(r(1265)),s=n(r(2890)),o=n(r(7955)),a=n(r(8140)),c=n(r(7224)),l=n(r(5633)),u=n(r(9603));i.default.frontend={Document:s.default,tools:{StretchElement:o.default},handlers:{Base:c.default,StretchedElement:a.default,SwiperBase:l.default,CarouselBase:u.default}}},4961:(e,t,r)=>{"use strict";var n=r(382),i=r(1807),s=r(7611),o=r(7738),a=r(5599),c=r(3815),l=r(5755),u=r(1799),p=Object.getOwnPropertyDescriptor;t.f=n?p:function getOwnPropertyDescriptor(e,t){if(e=a(e),t=c(t),u)try{return p(e,t)}catch(e){}if(l(e,t))return o(!i(s.f,e,t),e[t])}},5022:(e,t,r)=>{"use strict";var n=r(6029);e.exports=n&&!Symbol.sham&&"symbol"==typeof Symbol.iterator},5213:(e,t)=>{"use strict";Object.defineProperty(t,"__esModule",{value:!0}),t.default=void 0;t.default=(e,t)=>{t=Array.isArray(t)?t:[t];for(const r of t)if(e.constructor.name===r.prototype[Symbol.toStringTag])return!0;return!1}},5247:e=>{"use strict";e.exports=function(e,t){return{value:e,done:t}}},5267:(e,t,r)=>{"use strict";var n=r(5578);e.exports=function(e,t){var r=n.Iterator,i=r&&r.prototype,s=i&&i[e],o=!1;if(s)try{s.call({next:function(){return{done:!0}},return:function(){o=!0}},-1)}catch(e){e instanceof t||(o=!1)}if(!o)return s}},5290:(e,t,r)=>{"use strict";var n,i=r(2293),s=r(5799),o=r(4741),a=r(1507),c=r(2811),l=r(3145),u=r(5409),p="prototype",d="script",h=u("IE_PROTO"),EmptyConstructor=function(){},scriptTag=function(e){return"<"+d+">"+e+"</"+d+">"},NullProtoObjectViaActiveX=function(e){e.write(scriptTag("")),e.close();var t=e.parentWindow.Object;return e=null,t},NullProtoObject=function(){try{n=new ActiveXObject("htmlfile")}catch(e){}var e,t,r;NullProtoObject="undefined"!=typeof document?document.domain&&n?NullProtoObjectViaActiveX(n):(t=l("iframe"),r="java"+d+":",t.style.display="none",c.appendChild(t),t.src=String(r),(e=t.contentWindow.document).open(),e.write(scriptTag("document.F=Object")),e.close(),e.F):NullProtoObjectViaActiveX(n);for(var i=o.length;i--;)delete NullProtoObject[p][o[i]];return NullProtoObject()};a[h]=!0,e.exports=Object.create||function create(e,t){var r;return null!==e?(EmptyConstructor[p]=i(e),r=new EmptyConstructor,EmptyConstructor[p]=null,r[h]=e):r=NullProtoObject(),void 0===t?r:s.f(r,t)}},5299:(e,t,r)=>{"use strict";var n=r(1),i=r(6775),s=n("iterator"),o=Array.prototype;e.exports=function(e){return void 0!==e&&(i.Array===e||o[s]===e)}},5409:(e,t,r)=>{"use strict";var n=r(7255),i=r(1866),s=n("keys");e.exports=function(e){return s[e]||(s[e]=i(e))}},5578:function(e,t,r){"use strict";var check=function(e){return e&&e.Math===Math&&e};e.exports=check("object"==typeof globalThis&&globalThis)||check("object"==typeof window&&window)||check("object"==typeof self&&self)||check("object"==typeof r.g&&r.g)||check("object"==typeof this&&this)||function(){return this}()||Function("return this")()},5599:(e,t,r)=>{"use strict";var n=r(2121),i=r(3312);e.exports=function(e){return n(i(e))}},5633:(e,t,r)=>{"use strict";var n=r(6784);Object.defineProperty(t,"__esModule",{value:!0}),t.default=void 0;var i=n(r(7224));class SwiperHandlerBase extends i.default{getInitialSlide(){const e=this.getEditSettings();return e.activeItemIndex?e.activeItemIndex-1:0}getSlidesCount(){return this.elements.$slides.length}togglePauseOnHover(e){e?this.elements.$swiperContainer.on({mouseenter:()=>{this.swiper.autoplay.stop()},mouseleave:()=>{this.swiper.autoplay.start()}}):this.elements.$swiperContainer.off("mouseenter mouseleave")}handleKenBurns(){const e=this.getSettings();this.$activeImageBg&&this.$activeImageBg.removeClass(e.classes.kenBurnsActive),this.activeItemIndex=this.swiper?this.swiper.activeIndex:this.getInitialSlide(),this.swiper?this.$activeImageBg=jQuery(this.swiper.slides[this.activeItemIndex]).children("."+e.classes.slideBackground):this.$activeImageBg=jQuery(this.elements.$slides[0]).children("."+e.classes.slideBackground),this.$activeImageBg.addClass(e.classes.kenBurnsActive)}}t.default=SwiperHandlerBase},5724:(e,t,r)=>{"use strict";var n=r(8612),i=r(2347),s=r(6960),o=r(9273),a=r(1091);n({target:"Array",proto:!0,arity:1,forced:r(8473)(function(){return 4294967297!==[].push.call({length:4294967296},1)})||!function(){try{Object.defineProperty([],"length",{writable:!1}).push()}catch(e){return e instanceof TypeError}}()},{push:function push(e){var t=i(this),r=s(t),n=arguments.length;a(r+n);for(var c=0;c<n;c++)t[r]=arguments[c],r++;return o(t,r),r}})},5755:(e,t,r)=>{"use strict";var n=r(4762),i=r(2347),s=n({}.hasOwnProperty);e.exports=Object.hasOwn||function hasOwn(e,t){return s(i(e),t)}},5799:(e,t,r)=>{"use strict";var n=r(382),i=r(3896),s=r(5835),o=r(2293),a=r(5599),c=r(3658);t.f=n&&!i?Object.defineProperties:function defineProperties(e,t){o(e);for(var r,n=a(t),i=c(t),l=i.length,u=0;l>u;)s.f(e,r=i[u++],n[r]);return e}},5835:(e,t,r)=>{"use strict";var n=r(382),i=r(1799),s=r(3896),o=r(2293),a=r(3815),c=TypeError,l=Object.defineProperty,u=Object.getOwnPropertyDescriptor,p="enumerable",d="configurable",h="writable";t.f=n?s?function defineProperty(e,t,r){if(o(e),t=a(t),o(r),"function"==typeof e&&"prototype"===t&&"value"in r&&h in r&&!r[h]){var n=u(e,t);n&&n[h]&&(e[t]=r.value,r={configurable:d in r?r[d]:n[d],enumerable:p in r?r[p]:n[p],writable:!1})}return l(e,t,r)}:l:function defineProperty(e,t,r){if(o(e),t=a(t),o(r),i)try{return l(e,t,r)}catch(e){}if("get"in r||"set"in r)throw new c("Accessors not supported");return"value"in r&&(e[t]=r.value),e}},5983:e=>{"use strict";e.exports=function(e){return null==e}},6021:(e,t,r)=>{"use strict";var n=r(4815),i=TypeError;e.exports=function(e,t){if(n(t,e))return e;throw new i("Incorrect invocation")}},6029:(e,t,r)=>{"use strict";var n=r(6477),i=r(8473),s=r(5578).String;e.exports=!!Object.getOwnPropertySymbols&&!i(function(){var e=Symbol("symbol detection");return!s(e)||!(Object(e)instanceof Symbol)||!Symbol.sham&&n&&n<41})},6145:(e,t,r)=>{"use strict";var n=r(4338),i=r(1483),s=r(1278),o=r(1)("toStringTag"),a=Object,c="Arguments"===s(function(){return arguments}());e.exports=n?s:function(e){var t,r,n;return void 0===e?"Undefined":null===e?"Null":"string"==typeof(r=function(e,t){try{return e[t]}catch(e){}}(t=a(e),o))?r:c?s(t):"Object"===(n=s(t))&&i(t.callee)?"Arguments":n}},6211:(e,t,r)=>{"use strict";r(3242)},6281:(e,t,r)=>{"use strict";var n=r(8612),i=r(6651).includes,s=r(8473),o=r(7095);n({target:"Array",proto:!0,forced:s(function(){return!Array(1).includes()})},{includes:function includes(e){return i(this,e,arguments.length>1?arguments[1]:void 0)}}),o("includes")},6477:(e,t,r)=>{"use strict";var n,i,s=r(5578),o=r(9461),a=s.process,c=s.Deno,l=a&&a.versions||c&&c.version,u=l&&l.v8;u&&(i=(n=u.split("."))[0]>0&&n[0]<4?1:+(n[0]+n[1])),!i&&o&&(!(n=o.match(/Edge\/(\d+)/))||n[1]>=74)&&(n=o.match(/Chrome\/(\d+)/))&&(i=+n[1]),e.exports=i},6651:(e,t,r)=>{"use strict";var n=r(5599),i=r(3392),s=r(6960),createMethod=function(e){return function(t,r,o){var a=n(t),c=s(a);if(0===c)return!e&&-1;var l,u=i(o,c);if(e&&r!=r){for(;c>u;)if((l=a[u++])!=l)return!0}else for(;c>u;u++)if((e||u in a)&&a[u]===r)return e||u||0;return!e&&-1}};e.exports={includes:createMethod(!0),indexOf:createMethod(!1)}},6665:(e,t,r)=>{"use strict";var n=r(6145),i=r(2564),s=r(5983),o=r(6775),a=r(1)("iterator");e.exports=function(e){if(!s(e))return i(e,a)||i(e,"@@iterator")||o[n(e)]}},6721:(e,t,r)=>{"use strict";var n=r(1807),i=r(2293),s=r(2564);e.exports=function(e,t,r){var o,a;i(e);try{if(!(o=s(e,"return"))){if("throw"===t)throw r;return r}o=n(o,e)}catch(e){a=!0,o=e}if("throw"===t)throw r;if(a)throw o;return i(o),r}},6726:(e,t,r)=>{"use strict";var n=r(5755),i=r(9497),s=r(4961),o=r(5835);e.exports=function(e,t,r){for(var a=i(t),c=o.f,l=s.f,u=0;u<a.length;u++){var p=a[u];n(e,p)||r&&n(r,p)||c(e,p,l(t,p))}}},6742:(e,t,r)=>{"use strict";var n=r(4762),i=r(5755),s=r(5599),o=r(6651).indexOf,a=r(1507),c=n([].push);e.exports=function(e,t){var r,n=s(e),l=0,u=[];for(r in n)!i(a,r)&&i(n,r)&&c(u,r);for(;t.length>l;)i(n,r=t[l++])&&(~o(u,r)||c(u,r));return u}},6775:e=>{"use strict";e.exports={}},6784:e=>{e.exports=function _interopRequireDefault(e){return e&&e.__esModule?e:{default:e}},e.exports.__esModule=!0,e.exports.default=e.exports},6960:(e,t,r)=>{"use strict";var n=r(8324);e.exports=function(e){return n(e.length)}},7095:(e,t,r)=>{"use strict";var n=r(1),i=r(5290),s=r(5835).f,o=n("unscopables"),a=Array.prototype;void 0===a[o]&&s(a,o,{configurable:!0,value:i(null)}),e.exports=function(e){a[o][e]=!0}},7224:(e,t,r)=>{"use strict";r(5724),r(4846),r(7458),r(6211),r(9655),e.exports=elementorModules.ViewModule.extend({$element:null,editorListeners:null,onElementChange:null,onEditSettingsChange:null,onPageSettingsChange:null,isEdit:null,__construct(e){this.isActive(e)&&(this.$element=e.$element,this.isEdit=this.$element.hasClass("elementor-element-edit-mode"),this.isEdit&&this.addEditorListeners())},isActive:()=>!0,isElementInTheCurrentDocument(){return!!elementorFrontend.isEditMode()&&elementor.documents.currentDocument.id.toString()===this.$element[0].closest(".elementor").dataset.elementorId},findElement(e){var t=this.$element;return t.find(e).filter(function(){return jQuery(this).parent().closest(".elementor-element").is(t)})},getUniqueHandlerID(e,t){return e||(e=this.getModelCID()),t||(t=this.$element),e+t.attr("data-element_type")+this.getConstructorID()},initEditorListeners(){var e=this;if(e.editorListeners=[{event:"element:destroy",to:elementor.channels.data,callback(t){t.cid===e.getModelCID()&&e.onDestroy()}}],e.onElementChange){const t=e.getWidgetType()||e.getElementType();let r="change";"global"!==t&&(r+=":"+t),e.editorListeners.push({event:r,to:elementor.channels.editor,callback(t,r){e.getUniqueHandlerID(r.model.cid,r.$el)===e.getUniqueHandlerID()&&e.onElementChange(t.model.get("name"),t,r)}})}e.onEditSettingsChange&&e.editorListeners.push({event:"change:editSettings",to:elementor.channels.editor,callback(t,r){if(r.model.cid!==e.getModelCID())return;const n=Object.keys(t.changed)[0];e.onEditSettingsChange(n,t.changed[n])}}),["page"].forEach(function(t){var r="on"+t[0].toUpperCase()+t.slice(1)+"SettingsChange";e[r]&&e.editorListeners.push({event:"change",to:elementor.settings[t].model,callback(t){e[r](t.changed)}})})},getEditorListeners(){return this.editorListeners||this.initEditorListeners(),this.editorListeners},addEditorListeners(){var e=this.getUniqueHandlerID();this.getEditorListeners().forEach(function(t){elementorFrontend.addListenerOnce(e,t.event,t.callback,t.to)})},removeEditorListeners(){var e=this.getUniqueHandlerID();this.getEditorListeners().forEach(function(t){elementorFrontend.removeListeners(e,t.event,null,t.to)})},getElementType(){return this.$element.data("element_type")},getWidgetType(){const e=this.$element.data("widget_type");if(e)return e.split(".")[0]},getID(){return this.$element.data("id")},getModelCID(){return this.$element.data("model-cid")},getElementSettings(e){let t={};const r=this.getModelCID();if(this.isEdit&&r){const e=elementorFrontend.config.elements.data[r],n=e.attributes;let i=n.widgetType||n.elType;n.isInner&&(i="inner-"+i);let s=elementorFrontend.config.elements.keys[i];s||(s=elementorFrontend.config.elements.keys[i]=[],jQuery.each(e.controls,(e,t)=>{(t.frontend_available||t.editor_available)&&s.push(e)})),jQuery.each(e.getActiveControls(),function(e){if(-1!==s.indexOf(e)){let r=n[e];r.toJSON&&(r=r.toJSON()),t[e]=r}})}else t=this.$element.data("settings")||{};return this.getItems(t,e)},getEditSettings(e){var t={};return this.isEdit&&(t=elementorFrontend.config.elements.editSettings[this.getModelCID()].attributes),this.getItems(t,e)},getCurrentDeviceSetting(e){return elementorFrontend.getCurrentDeviceSetting(this.getElementSettings(),e)},onInit(){this.isActive(this.getSettings())&&elementorModules.ViewModule.prototype.onInit.apply(this,arguments)},onDestroy(){this.isEdit&&this.removeEditorListeners(),this.unbindEvents&&this.unbindEvents()}})},7255:(e,t,r)=>{"use strict";var n=r(1831);e.exports=function(e,t){return n[e]||(n[e]=t||{})}},7268:(e,t,r)=>{"use strict";var n=r(4762),i=r(1483),s=r(1831),o=n(Function.toString);i(s.inspectSource)||(s.inspectSource=function(e){return o(e)}),e.exports=s.inspectSource},7458:(e,t,r)=>{"use strict";r(1975)},7486:e=>{"use strict";e.exports=function(e,t){var r="function"==typeof Iterator&&Iterator.prototype[e];if(r)try{r.call({next:null},t).next()}catch(e){return!0}}},7611:(e,t)=>{"use strict";var r={}.propertyIsEnumerable,n=Object.getOwnPropertyDescriptor,i=n&&!r.call({1:2},1);t.f=i?function propertyIsEnumerable(e){var t=n(this,e);return!!t&&t.enumerable}:r},7738:e=>{"use strict";e.exports=function(e,t){return{enumerable:!(1&e),configurable:!(2&e),writable:!(4&e),value:t}}},7914:(e,t,r)=>{"use strict";var n=r(1483),i=r(5835),s=r(169),o=r(2095);e.exports=function(e,t,r,a){a||(a={});var c=a.enumerable,l=void 0!==a.name?a.name:t;if(n(r)&&s(r,l,a),a.global)c?e[t]=r:o(t,r);else{try{a.unsafe?e[t]&&(c=!0):delete e[t]}catch(e){}c?e[t]=r:i.f(e,t,{value:r,enumerable:!1,configurable:!a.nonConfigurable,writable:!a.nonWritable})}return e}},7955:e=>{"use strict";e.exports=elementorModules.ViewModule.extend({getDefaultSettings:()=>({element:null,direction:elementorFrontend.config.is_rtl?"right":"left",selectors:{container:window},considerScrollbar:!1,cssOutput:"inline"}),getDefaultElements(){return{$element:jQuery(this.getSettings("element"))}},stretch(){const e=this.getSettings();let t;try{t=jQuery(e.selectors.container)}catch(e){}t&&t.length||(t=jQuery(this.getDefaultSettings().selectors.container)),this.reset();var r=this.elements.$element,n=t.innerWidth(),i=r.offset().left,s="fixed"===r.css("position"),o=s?0:i,a=window===t[0];if(!a){var c=t.offset().left;s&&(o=c),i>c&&(o=i-c)}if(e.considerScrollbar&&a){o-=window.innerWidth-n}s||(elementorFrontend.config.is_rtl&&(o=n-(r.outerWidth()+o)),o=-o),e.margin&&(o+=e.margin);var l={};let u=n;e.margin&&(u-=2*e.margin),l.width=u+"px",l[e.direction]=o+"px","variables"!==e.cssOutput?r.css(l):this.applyCssVariables(r,l)},reset(){const e={},t=this.getSettings(),r=this.elements.$element;"variables"!==t.cssOutput?(e.width="",e[t.direction]="",r.css(e)):this.resetCssVariables(r)},applyCssVariables(e,t){e.css("--stretch-width",t.width),t.left?e.css("--stretch-left",t.left):e.css("--stretch-right",t.right)},resetCssVariables(e){e.css({"--stretch-width":"","--stretch-left":"","--stretch-right":""})}})},8120:(e,t,r)=>{"use strict";var n=r(1483),i=r(8761),s=TypeError;e.exports=function(e){if(n(e))return e;throw new s(i(e)+" is not a function")}},8140:(e,t,r)=>{"use strict";var n=r(6784);Object.defineProperty(t,"__esModule",{value:!0}),t.default=void 0,r(4846),r(6211);var i=n(r(7224));class StretchedElement extends i.default{getStretchedClass(){return"e-stretched"}getStretchSettingName(){return"stretch_element"}getStretchActiveValue(){return"yes"}bindEvents(){const e=this.getUniqueHandlerID();elementorFrontend.addListenerOnce(e,"resize",this.stretch),elementorFrontend.addListenerOnce(e,"sticky:stick",this.stretch,this.$element),elementorFrontend.addListenerOnce(e,"sticky:unstick",this.stretch,this.$element),elementorFrontend.isEditMode()&&(this.onKitChangeStretchContainerChange=this.onKitChangeStretchContainerChange.bind(this),elementor.channels.editor.on("kit:change:stretchContainer",this.onKitChangeStretchContainerChange))}unbindEvents(){elementorFrontend.removeListeners(this.getUniqueHandlerID(),"resize",this.stretch),elementorFrontend.isEditMode()&&elementor.channels.editor.off("kit:change:stretchContainer",this.onKitChangeStretchContainerChange)}isActive(e){return elementorFrontend.isEditMode()||e.$element.hasClass(this.getStretchedClass())}getStretchElementForConfig(){let e=arguments.length>0&&void 0!==arguments[0]?arguments[0]:null;return e?this.$element.find(e):this.$element}getStretchElementConfig(){return{element:this.getStretchElementForConfig(),selectors:{container:this.getStretchContainer()},considerScrollbar:elementorFrontend.isEditMode()&&elementorFrontend.config.is_rtl}}initStretch(){this.stretch=this.stretch.bind(this),this.stretchElement=new elementorModules.frontend.tools.StretchElement(this.getStretchElementConfig())}getStretchContainer(){return elementorFrontend.getKitSettings("stretched_section_container")||window}isStretchSettingEnabled(){return this.getElementSettings(this.getStretchSettingName())===this.getStretchActiveValue()}stretch(){this.isStretchSettingEnabled()&&this.stretchElement.stretch()}onInit(){this.isActive(this.getSettings())&&(this.initStretch(),super.onInit(...arguments),this.stretch())}onElementChange(e){this.getStretchSettingName()===e&&(this.isStretchSettingEnabled()?this.stretch():this.stretchElement.reset())}onKitChangeStretchContainerChange(){this.stretchElement.setSettings("selectors.container",this.getStretchContainer()),this.stretch()}}t.default=StretchedElement},8324:(e,t,r)=>{"use strict";var n=r(3005),i=Math.min;e.exports=function(e){var t=n(e);return t>0?i(t,9007199254740991):0}},8473:e=>{"use strict";e.exports=function(e){try{return!!e()}catch(e){return!0}}},8612:(e,t,r)=>{"use strict";var n=r(5578),i=r(4961).f,s=r(9037),o=r(7914),a=r(2095),c=r(6726),l=r(8730);e.exports=function(e,t){var r,u,p,d,h,f=e.target,g=e.global,m=e.stat;if(r=g?n:m?n[f]||a(f,{}):n[f]&&n[f].prototype)for(u in t){if(d=t[u],p=e.dontCallGetSet?(h=i(r,u))&&h.value:r[u],!l(g?u:f+(m?".":"#")+u,e.forced)&&void 0!==p){if(typeof d==typeof p)continue;c(d,p)}(e.sham||p&&p.sham)&&s(d,"sham",!0),o(r,u,d,e)}}},8660:(e,t,r)=>{"use strict";var n=r(1807),i=r(5290),s=r(9037),o=r(2313),a=r(1),c=r(4483),l=r(2564),u=r(1851).IteratorPrototype,p=r(5247),d=r(6721),h=r(1983),f=a("toStringTag"),g="IteratorHelper",m="WrapForValidIterator",v="normal",y="throw",w=c.set,createIteratorProxyPrototype=function(e){var t=c.getterFor(e?m:g);return o(i(u),{next:function next(){var r=t(this);if(e)return r.nextHandler();if(r.done)return p(void 0,!0);try{var n=r.nextHandler();return r.returnHandlerResult?n:p(n,r.done)}catch(e){throw r.done=!0,e}},return:function(){var r=t(this),i=r.iterator;if(r.done=!0,e){var s=l(i,"return");return s?n(s,i):p(void 0,!0)}if(r.inner)try{d(r.inner.iterator,v)}catch(e){return d(i,y,e)}if(r.openIters)try{h(r.openIters,v)}catch(e){return d(i,y,e)}return i&&d(i,v),p(void 0,!0)}})},b=createIteratorProxyPrototype(!0),S=createIteratorProxyPrototype(!1);s(S,f,"Iterator Helper"),e.exports=function(e,t,r){var n=function Iterator(n,i){i?(i.iterator=n.iterator,i.next=n.next):i=n,i.type=t?m:g,i.returnHandlerResult=!!r,i.nextHandler=e,i.counter=0,i.done=!1,w(this,i)};return n.prototype=t?b:S,n}},8685:(e,t,r)=>{"use strict";Object.defineProperty(t,"__esModule",{value:!0}),t.default=t.ForceMethodImplementation=void 0,r(6281);class ForceMethodImplementation extends Error{constructor(){let e=arguments.length>0&&void 0!==arguments[0]?arguments[0]:{},t=arguments.length>1&&void 0!==arguments[1]?arguments[1]:{};super(`${e.isStatic?"static ":""}${e.fullName}() should be implemented, please provide '${e.functionName||e.fullName}' functionality.`,t),Object.keys(t).length&&console.error(t),Error.captureStackTrace(this,ForceMethodImplementation)}}t.ForceMethodImplementation=ForceMethodImplementation;t.default=e=>{const t=Error().stack.split("\n")[2].trim(),r=t.startsWith("at new")?"constructor":t.split(" ")[1],n={};if(n.functionName=r,n.fullName=r,n.functionName.includes(".")){const e=n.functionName.split(".");n.className=e[0],n.functionName=e[1]}else n.isStatic=!0;throw new ForceMethodImplementation(n,e)}},8730:(e,t,r)=>{"use strict";var n=r(8473),i=r(1483),s=/#|\.prototype\./,isForced=function(e,t){var r=a[o(e)];return r===l||r!==c&&(i(t)?n(t):!!t)},o=isForced.normalize=function(e){return String(e).replace(s,".").toLowerCase()},a=isForced.data={},c=isForced.NATIVE="N",l=isForced.POLYFILL="P";e.exports=isForced},8761:e=>{"use strict";var t=String;e.exports=function(e){try{return t(e)}catch(e){return"Object"}}},8901:(e,t,r)=>{"use strict";var n=r(2293),i=r(6721);e.exports=function(e,t,r,s){try{return s?t(n(r)[0],r[1]):t(r)}catch(t){i(e,"throw",t)}}},9037:(e,t,r)=>{"use strict";var n=r(382),i=r(5835),s=r(7738);e.exports=n?function(e,t,r){return i.f(e,t,s(1,r))}:function(e,t,r){return e[t]=r,e}},9273:(e,t,r)=>{"use strict";var n=r(382),i=r(4914),s=TypeError,o=Object.getOwnPropertyDescriptor,a=n&&!function(){if(void 0!==this)return!0;try{Object.defineProperty([],"length",{writable:!1}).length=1}catch(e){return e instanceof TypeError}}();e.exports=a?function(e,t){if(i(e)&&!o(e,"length").writable)throw new s("Cannot set read only .length");return e.length=t}:function(e,t){return e.length=t}},9441:(e,t,r)=>{"use strict";var n=r(8473);e.exports=!n(function(){function F(){}return F.prototype.constructor=null,Object.getPrototypeOf(new F)!==F.prototype})},9461:(e,t,r)=>{"use strict";var n=r(5578).navigator,i=n&&n.userAgent;e.exports=i?String(i):""},9497:(e,t,r)=>{"use strict";var n=r(1409),i=r(4762),s=r(2278),o=r(4347),a=r(2293),c=i([].concat);e.exports=n("Reflect","ownKeys")||function ownKeys(e){var t=s.f(a(e)),r=o.f;return r?c(t,r(e)):t}},9557:e=>{"use strict";e.exports=!1},9603:(e,t,r)=>{"use strict";var n=r(6784);Object.defineProperty(t,"__esModule",{value:!0}),t.default=void 0,r(4846),r(6211),r(9655);var i=n(r(5633));class CarouselHandlerBase extends i.default{getDefaultSettings(){return{selectors:{carousel:".swiper",swiperWrapper:".swiper-wrapper",slideContent:".swiper-slide",swiperArrow:".elementor-swiper-button",paginationWrapper:".swiper-pagination",paginationBullet:".swiper-pagination-bullet",paginationBulletWrapper:".swiper-pagination-bullets"}}}getDefaultElements(){const e=this.getSettings("selectors"),t={$swiperContainer:this.$element.find(e.carousel),$swiperWrapper:this.$element.find(e.swiperWrapper),$swiperArrows:this.$element.find(e.swiperArrow),$paginationWrapper:this.$element.find(e.paginationWrapper),$paginationBullets:this.$element.find(e.paginationBullet),$paginationBulletWrapper:this.$element.find(e.paginationBulletWrapper)};return t.$slides=t.$swiperContainer.find(e.slideContent),t}getSwiperSettings(){const e=this.getElementSettings(),t=+e.slides_to_show||3,r=1===t,n=elementorFrontend.config.responsive.activeBreakpoints,i={mobile:1,tablet:r?1:2},s={slidesPerView:t,loop:"yes"===e.infinite,speed:e.speed,handleElementorBreakpoints:!0,breakpoints:{}};let o=t;Object.keys(n).reverse().forEach(t=>{const r=i[t]?i[t]:o;s.breakpoints[n[t].value]={slidesPerView:+e["slides_to_show_"+t]||r,slidesPerGroup:+e["slides_to_scroll_"+t]||1},e.image_spacing_custom&&(s.breakpoints[n[t].value].spaceBetween=this.getSpaceBetween(t)),o=+e["slides_to_show_"+t]||r}),"yes"===e.autoplay&&(s.autoplay={delay:e.autoplay_speed,disableOnInteraction:"yes"===e.pause_on_interaction}),r?(s.effect=e.effect,"fade"===e.effect&&(s.fadeEffect={crossFade:!0})):s.slidesPerGroup=+e.slides_to_scroll||1,e.image_spacing_custom&&(s.spaceBetween=this.getSpaceBetween());const a="arrows"===e.navigation||"both"===e.navigation,c="dots"===e.navigation||"both"===e.navigation||e.pagination;return a&&(s.navigation={prevEl:".elementor-swiper-button-prev",nextEl:".elementor-swiper-button-next"}),c&&(s.pagination={el:`.elementor-element-${this.getID()} .swiper-pagination`,type:e.pagination?e.pagination:"bullets",clickable:!0,renderBullet:(e,t)=>`<span class="${t}" role="button" tabindex="0" data-bullet-index="${e}" aria-label="${elementorFrontend.config.i18n.a11yCarouselPaginationBulletMessage} ${e+1}"></span>`}),"yes"===e.lazyload&&(s.lazy={loadPrevNext:!0,loadPrevNextAmount:1}),s.a11y={enabled:!0,prevSlideMessage:elementorFrontend.config.i18n.a11yCarouselPrevSlideMessage,nextSlideMessage:elementorFrontend.config.i18n.a11yCarouselNextSlideMessage,firstSlideMessage:elementorFrontend.config.i18n.a11yCarouselFirstSlideMessage,lastSlideMessage:elementorFrontend.config.i18n.a11yCarouselLastSlideMessage},s.on={slideChange:()=>{this.a11ySetPaginationTabindex(),this.handleElementHandlers(),this.a11ySetSlideAriaHidden()},init:()=>{this.a11ySetPaginationTabindex(),this.a11ySetSlideAriaHidden("initialisation")}},this.applyOffsetSettings(e,s,t),s}getOffsetWidth(){const e=elementorFrontend.getCurrentDeviceMode();return elementorFrontend.utils.controls.getResponsiveControlValue(this.getElementSettings(),"offset_width","size",e)||0}applyOffsetSettings(e,t,r){const n=e.offset_sides;if(!(elementorFrontend.isEditMode()&&"NestedCarousel"===this.constructor.name)&&n&&"none"!==n)switch(n){case"right":this.forceSliderToShowNextSlideWhenOnLast(t,r),this.addClassToSwiperContainer("offset-right");break;case"left":this.addClassToSwiperContainer("offset-left");break;case"both":this.forceSliderToShowNextSlideWhenOnLast(t,r),this.addClassToSwiperContainer("offset-both")}}forceSliderToShowNextSlideWhenOnLast(e,t){e.slidesPerView=t+.001}addClassToSwiperContainer(e){this.getDefaultElements().$swiperContainer[0].classList.add(e)}async onInit(){if(super.onInit(...arguments),!this.elements.$swiperContainer.length||2>this.elements.$slides.length)return;await this.initSwiper();"yes"===this.getElementSettings().pause_on_hover&&this.togglePauseOnHover(!0)}async initSwiper(){const e=elementorFrontend.utils.swiper;this.swiper=await new e(this.elements.$swiperContainer,this.getSwiperSettings()),this.elements.$swiperContainer.data("swiper",this.swiper)}bindEvents(){this.elements.$swiperArrows.on("keydown",this.onDirectionArrowKeydown.bind(this)),this.elements.$paginationWrapper.on("keydown",".swiper-pagination-bullet",this.onDirectionArrowKeydown.bind(this)),this.elements.$swiperContainer.on("keydown",".swiper-slide",this.onDirectionArrowKeydown.bind(this)),this.$element.find(":focusable").on("focus",this.onFocusDisableAutoplay.bind(this)),elementorFrontend.elements.$window.on("resize",this.getSwiperSettings.bind(this))}unbindEvents(){this.elements.$swiperArrows.off(),this.elements.$paginationWrapper.off(),this.elements.$swiperContainer.off(),this.$element.find(":focusable").off(),elementorFrontend.elements.$window.off("resize")}onDirectionArrowKeydown(e){const t=elementorFrontend.config.is_rtl,r=e.originalEvent.code,n=t?"ArrowLeft":"ArrowRight";if(!(-1!==["ArrowLeft","ArrowRight"].indexOf(r)))return!0;(t?"ArrowRight":"ArrowLeft")===r?this.swiper.slidePrev():n===r&&this.swiper.slideNext()}onFocusDisableAutoplay(){this.swiper.autoplay.stop()}updateSwiperOption(e){const t=this.getElementSettings()[e],r=this.swiper.params;switch(e){case"autoplay_speed":r.autoplay.delay=t;break;case"speed":r.speed=t}this.swiper.update()}getChangeableProperties(){return{pause_on_hover:"pauseOnHover",autoplay_speed:"delay",speed:"speed",arrows_position:"arrows_position"}}onElementChange(e){if(0===e.indexOf("image_spacing_custom"))return void this.updateSpaceBetween(e);if(this.getChangeableProperties()[e])if("pause_on_hover"===e){const e=this.getElementSettings("pause_on_hover");this.togglePauseOnHover("yes"===e)}else this.updateSwiperOption(e)}onEditSettingsChange(e){"activeItemIndex"===e&&this.swiper.slideToLoop(this.getEditSettings("activeItemIndex")-1)}getSpaceBetween(){let e=arguments.length>0&&void 0!==arguments[0]?arguments[0]:null;const t=elementorFrontend.utils.controls.getResponsiveControlValue(this.getElementSettings(),"image_spacing_custom","size",e);return Number(t)||0}updateSpaceBetween(e){const t=e.match("image_spacing_custom_(.*)"),r=t?t[1]:"desktop",n=this.getSpaceBetween(r);"desktop"!==r&&(this.swiper.params.breakpoints[elementorFrontend.config.responsive.activeBreakpoints[r].value].spaceBetween=n),this.swiper.params.spaceBetween=n,this.swiper.update()}getPaginationBullets(){let e=arguments.length>0&&void 0!==arguments[0]?arguments[0]:"array";const t=this.$element.find(this.getSettings("selectors").paginationBullet);return"array"===e?Array.from(t):t}a11ySetPaginationTabindex(){const e=this.swiper?.params?.pagination.bulletClass,t=this.swiper?.params?.pagination.bulletActiveClass;this.getPaginationBullets().forEach(e=>{e.classList?.contains(t)||e.removeAttribute("tabindex")});const r="ArrowLeft"===event?.code||"ArrowRight"===event?.code;event?.target?.classList?.contains(e)&&r&&this.$element.find(`.${t}`).trigger("focus")}getSwiperWrapperTranformXValue(){let e=this.elements.$swiperWrapper[0]?.style.transform;return e=e.replace("translate3d(",""),e=e.split(","),e=parseInt(e[0].replace("px","")),e||0}a11ySetSlideAriaHidden(){if("number"!=typeof("initialisation"===(arguments.length>0&&void 0!==arguments[0]?arguments[0]:"")?0:this.swiper?.activeIndex))return;const e=this.getSwiperWrapperTranformXValue(),t=this.elements.$swiperWrapper[0].clientWidth;this.elements.$swiperContainer.find(this.getSettings("selectors").slideContent).each((r,n)=>{0<=n.offsetLeft+e&&t>n.offsetLeft+e?(n.removeAttribute("aria-hidden"),n.removeAttribute("inert")):(n.setAttribute("aria-hidden",!0),n.setAttribute("inert",""))})}handleElementHandlers(){}}t.default=CarouselHandlerBase},9655:(e,t,r)=>{"use strict";r(9930)},9930:(e,t,r)=>{"use strict";var n=r(8612),i=r(1807),s=r(1506),o=r(8120),a=r(2293),c=r(41),l=r(6721),u=r(5267)("forEach",TypeError);n({target:"Iterator",proto:!0,real:!0,forced:u},{forEach:function forEach(e){a(this);try{o(e)}catch(e){l(this,"throw",e)}if(u)return i(u,this,e);var t=c(this),r=0;s(t,function(t){e(t,r++)},{IS_RECORD:!0})}})}},e=>{var t;t=4946,e(e.s=t)}]);</script>
<script id="jquery-ui-core-js-before">
jQuery.uiBackCompat = true;
//# sourceURL=jquery-ui-core-js-before
</script>
<script id="jquery-ui-core-js">/*! jQuery UI - v1.14.2 - 2026-07-15
* https://jqueryui.com
* Includes: widget.js, position.js, data.js, disable-selection.js, focusable.js, form-reset-mixin.js, jquery-patch.js, keycode.js, labels.js, scroll-parent.js, tabbable.js, unique-id.js
* Copyright OpenJS Foundation and other contributors; Licensed MIT */
!function(t){"use strict";"function"==typeof define&&define.amd?define(["jquery"],t):t(jQuery)}(function(x){"use strict";x.ui=x.ui||{};x.ui.version="1.14.2";
/*!
 * jQuery UI Widget 1.14.2
 * https://jqueryui.com
 *
 * Copyright OpenJS Foundation and other contributors
 * Released under the MIT license.
 * https://jquery.org/license
 */var o,n,W,C,s,r,l,a,h,i,f=0,c=Array.prototype.hasOwnProperty,u=Array.prototype.slice;x.cleanData=(o=x.cleanData,function(t){for(var e,i,n=0;null!=(i=t[n]);n++)(e=x._data(i,"events"))&&e.remove&&x(i).triggerHandler("remove");o(t)}),x.widget=function(t,i,e){var n,o,s,r,l={},a=t.split(".")[0];return"__proto__"===(t=t.split(".")[1])||"constructor"===t?x.error("Invalid widget name: "+t):(r=a+"-"+t,e||(e=i,i=x.Widget),Array.isArray(e)&&(e=x.extend.apply(null,[{}].concat(e))),x.expr.pseudos[r.toLowerCase()]=function(t){return!!x.data(t,r)},x[a]=x[a]||{},n=x[a][t],o=x[a][t]=function(t,e){if(!this||!this._createWidget)return new o(t,e);arguments.length&&this._createWidget(t,e)},x.extend(o,n,{version:e.version,_proto:x.extend({},e),_childConstructors:[]}),(s=new i).options=x.widget.extend({},s.options),x.each(e,function(e,n){function o(){return i.prototype[e].apply(this,arguments)}function s(t){return i.prototype[e].apply(this,t)}l[e]="function"!=typeof n?n:function(){var t,e=this._super,i=this._superApply;return this._super=o,this._superApply=s,t=n.apply(this,arguments),this._super=e,this._superApply=i,t}}),o.prototype=x.widget.extend(s,{widgetEventPrefix:n&&s.widgetEventPrefix||t},l,{constructor:o,namespace:a,widgetName:t,widgetFullName:r}),n?(x.each(n._childConstructors,function(t,e){var i=e.prototype;x.widget(i.namespace+"."+i.widgetName,o,e._proto)}),delete n._childConstructors):i._childConstructors.push(o),x.widget.bridge(t,o),o)},x.widget.extend=function(t){for(var e,i,n=u.call(arguments,1),o=0,s=n.length;o<s;o++)for(e in n[o])i=n[o][e],c.call(n[o],e)&&void 0!==i&&(x.isPlainObject(i)?t[e]=x.isPlainObject(t[e])?x.widget.extend({},t[e],i):x.widget.extend({},i):t[e]=i);return t},x.widget.bridge=function(s,e){var r=e.prototype.widgetFullName||s;x.fn[s]=function(i){var t="string"==typeof i,n=u.call(arguments,1),o=this;return t?this.length||"instance"!==i?this.each(function(){var t,e=x.data(this,r);return"instance"===i?(o=e,!1):e?"function"!=typeof e[i]||"_"===i.charAt(0)?x.error("no such method '"+i+"' for "+s+" widget instance"):(t=e[i].apply(e,n))!==e&&void 0!==t?(o=t&&t.jquery?o.pushStack(t.get()):t,!1):void 0:x.error("cannot call methods on "+s+" prior to initialization; attempted to call method '"+i+"'")}):o=void 0:(n.length&&(i=x.widget.extend.apply(null,[i].concat(n))),this.each(function(){var t=x.data(this,r);t?(t.option(i||{}),t._init&&t._init()):x.data(this,r,new e(i,this))})),o}},x.Widget=function(){},x.Widget._childConstructors=[],x.Widget.prototype={widgetName:"widget",widgetEventPrefix:"",defaultElement:"<div>",options:{classes:{},disabled:!1,create:null},_createWidget:function(t,e){e=x(e||this.defaultElement||this)[0],this.element=x(e),this.uuid=f++,this.eventNamespace="."+this.widgetName+this.uuid,this.bindings=x(),this.hoverable=x(),this.focusable=x(),this.classesElementLookup={},e!==this&&(x.data(e,this.widgetFullName,this),this._on(!0,this.element,{remove:function(t){t.target===e&&this.destroy()}}),this.document=x(e.style?e.ownerDocument:e.document||e),this.window=x(this.document[0].defaultView||this.document[0].parentWindow)),this.options=x.widget.extend({},this.options,this._getCreateOptions(),t),this._create(),this.options.disabled&&this._setOptionDisabled(this.options.disabled),this._trigger("create",null,this._getCreateEventData()),this._init()},_getCreateOptions:function(){return{}},_getCreateEventData:x.noop,_create:x.noop,_init:x.noop,destroy:function(){var i=this;this._destroy(),x.each(this.classesElementLookup,function(t,e){i._removeClass(e,t)}),this.element.off(this.eventNamespace).removeData(this.widgetFullName),this.widget().off(this.eventNamespace).removeAttr("aria-disabled"),this.bindings.off(this.eventNamespace)},_destroy:x.noop,widget:function(){return this.element},option:function(t,e){var i,n,o,s=t;if(0===arguments.length)return x.widget.extend({},this.options);if("string"==typeof t)if(s={},t=(i=t.split(".")).shift(),i.length){for(n=s[t]=x.widget.extend({},this.options[t]),o=0;o<i.length-1;o++)n[i[o]]=n[i[o]]||{},n=n[i[o]];if(t=i.pop(),1===arguments.length)return void 0===n[t]?null:n[t];n[t]=e}else{if(1===arguments.length)return void 0===this.options[t]?null:this.options[t];s[t]=e}return this._setOptions(s),this},_setOptions:function(t){for(var e in t)this._setOption(e,t[e]);return this},_setOption:function(t,e){return"classes"===t&&this._setOptionClasses(e),this.options[t]=e,"disabled"===t&&this._setOptionDisabled(e),this},_setOptionClasses:function(t){var e,i,n;for(e in t)n=this.classesElementLookup[e],t[e]!==this.options.classes[e]&&n&&n.length&&(i=x(n.get()),this._removeClass(n,e),i.addClass(this._classes({element:i,keys:e,classes:t,add:!0})))},_setOptionDisabled:function(t){this._toggleClass(this.widget(),this.widgetFullName+"-disabled",null,!!t),t&&(this._removeClass(this.hoverable,null,"ui-state-hover"),this._removeClass(this.focusable,null,"ui-state-focus"))},enable:function(){return this._setOptions({disabled:!1})},disable:function(){return this._setOptions({disabled:!0})},_classes:function(o){var s=[],r=this;function t(t,e){for(var i,n=0;n<t.length;n++)i=r.classesElementLookup[t[n]]||x(),i=o.add?(function(){var i=[];o.element.each(function(t,e){x.map(r.classesElementLookup,function(t){return t}).some(function(t){return t.is(e)})||i.push(e)}),r._on(x(i),{remove:"_untrackClassesElement"})}(),x(x.uniqueSort(i.get().concat(o.element.get())))):x(i.not(o.element).get()),r.classesElementLookup[t[n]]=i,s.push(t[n]),e&&o.classes[t[n]]&&s.push(o.classes[t[n]])}return(o=x.extend({element:this.element,classes:this.options.classes||{}},o)).keys&&t(o.keys.match(/\S+/g)||[],!0),o.extra&&t(o.extra.match(/\S+/g)||[]),s.join(" ")},_untrackClassesElement:function(i){var n=this;x.each(n.classesElementLookup,function(t,e){-1!==x.inArray(i.target,e)&&(n.classesElementLookup[t]=x(e.not(i.target).get()))}),this._off(x(i.target))},_removeClass:function(t,e,i){return this._toggleClass(t,e,i,!1)},_addClass:function(t,e,i){return this._toggleClass(t,e,i,!0)},_toggleClass:function(t,e,i,n){var o="string"==typeof t||null===t,e={extra:o?e:i,keys:o?t:e,element:o?this.element:t,add:n="boolean"==typeof n?n:i};return e.element.toggleClass(this._classes(e),n),this},_on:function(o,s,t){var r,l=this;"boolean"!=typeof o&&(t=s,s=o,o=!1),t?(s=r=x(s),this.bindings=this.bindings.add(s)):(t=s,s=this.element,r=this.widget()),x.each(t,function(t,e){function i(){if(o||!0!==l.options.disabled&&!x(this).hasClass("ui-state-disabled"))return("string"==typeof e?l[e]:e).apply(l,arguments)}"string"!=typeof e&&(i.guid=e.guid=e.guid||i.guid||x.guid++);var t=t.match(/^([\w:-]*)\s*(.*)$/),n=t[1]+l.eventNamespace,t=t[2];t?r.on(n,t,i):s.on(n,i)})},_off:function(t,e){e=(e||"").split(" ").join(this.eventNamespace+" ")+this.eventNamespace,t.off(e),this.bindings=x(this.bindings.not(t).get()),this.focusable=x(this.focusable.not(t).get()),this.hoverable=x(this.hoverable.not(t).get())},_delay:function(t,e){var i=this;return setTimeout(function(){return("string"==typeof t?i[t]:t).apply(i,arguments)},e||0)},_hoverable:function(t){this.hoverable=this.hoverable.add(t),this._on(t,{mouseenter:function(t){this._addClass(x(t.currentTarget),null,"ui-state-hover")},mouseleave:function(t){this._removeClass(x(t.currentTarget),null,"ui-state-hover")}})},_focusable:function(t){this.focusable=this.focusable.add(t),this._on(t,{focusin:function(t){this._addClass(x(t.currentTarget),null,"ui-state-focus")},focusout:function(t){this._removeClass(x(t.currentTarget),null,"ui-state-focus")}})},_trigger:function(t,e,i){var n,o,s=this.options[t];if(i=i||{},(e=x.Event(e)).type=(t===this.widgetEventPrefix?t:this.widgetEventPrefix+t).toLowerCase(),e.target=this.element[0],o=e.originalEvent)for(n in o)n in e||(e[n]=o[n]);return this.element.trigger(e,i),!("function"==typeof s&&!1===s.apply(this.element[0],[e].concat(i))||e.isDefaultPrevented())}},x.each({show:"fadeIn",hide:"fadeOut"},function(s,r){x.Widget.prototype["_"+s]=function(e,t,i){var n,o=(t="string"==typeof t?{effect:t}:t)?!0!==t&&"number"!=typeof t&&t.effect||r:s;"number"==typeof(t=t||{})?t={duration:t}:!0===t&&(t={}),n=!x.isEmptyObject(t),t.complete=i,t.delay&&e.delay(t.delay),n&&x.effects&&x.effects.effect[o]?e[s](t):o!==s&&e[o]?e[o](t.duration,t.easing,i):e.queue(function(t){x(this)[s](),i&&i.call(e[0]),t()})}}),x.widget;function E(t,e,i){return[parseFloat(t[0])*(h.test(t[0])?e/100:1),parseFloat(t[1])*(h.test(t[1])?i/100:1)]}function P(t,e){return parseInt(x.css(t,e),10)||0}function H(t){return null!=t&&t===t.window}
/*!
 * jQuery UI Position 1.14.2
 * https://jqueryui.com
 *
 * Copyright OpenJS Foundation and other contributors
 * Released under the MIT license.
 * https://jquery.org/license
 *
 * https://api.jqueryui.com/position/
 */
W=Math.max,C=Math.abs,s=/left|center|right/,r=/top|center|bottom/,l=/[\+\-]\d+(\.[\d]+)?%?/,a=/^\w+/,h=/%$/,i=x.fn.position,x.position={scrollbarWidth:function(){var t,e,i;return void 0!==n?n:(i=(e=x("<div style='display:block;position:absolute;width:200px;height:200px;overflow:hidden;'><div style='height:300px;width:auto;'></div></div>")).children()[0],x("body").append(e),t=i.offsetWidth,e.css("overflow","scroll"),t===(i=i.offsetWidth)&&(i=e[0].clientWidth),e.remove(),n=t-i)},getScrollInfo:function(t){var e=t.isWindow||t.isDocument?"":t.element.css("overflow-x"),i=t.isWindow||t.isDocument?"":t.element.css("overflow-y"),e="scroll"===e||"auto"===e&&t.width<t.element[0].scrollWidth;return{width:"scroll"===i||"auto"===i&&t.height<t.element[0].scrollHeight?x.position.scrollbarWidth():0,height:e?x.position.scrollbarWidth():0}},getWithinInfo:function(t){var e=x(t||window),i=H(e[0]),n=!!e[0]&&9===e[0].nodeType;return{element:e,isWindow:i,isDocument:n,offset:!i&&!n?x(t).offset():{left:0,top:0},scrollLeft:e.scrollLeft(),scrollTop:e.scrollTop(),width:e.outerWidth(),height:e.outerHeight()}}},x.fn.position=function(c){var u,d,p,g,m,v,w,y,b,_,t,e;return c&&c.of?(v="string"==typeof(c=x.extend({},c)).of?x(document).find(c.of):x(c.of),w=x.position.getWithinInfo(c.within),y=x.position.getScrollInfo(w),b=(c.collision||"flip").split(" "),_={},e=9===(e=(t=v)[0]).nodeType?{width:t.width(),height:t.height(),offset:{top:0,left:0}}:H(e)?{width:t.width(),height:t.height(),offset:{top:t.scrollTop(),left:t.scrollLeft()}}:e.preventDefault?{width:0,height:0,offset:{top:e.pageY,left:e.pageX}}:{width:t.outerWidth(),height:t.outerHeight(),offset:t.offset()},v[0].preventDefault&&(c.at="left top"),d=e.width,p=e.height,m=x.extend({},g=e.offset),x.each(["my","at"],function(){var t,e,i=(c[this]||"").split(" ");(i=1===i.length?s.test(i[0])?i.concat(["center"]):r.test(i[0])?["center"].concat(i):["center","center"]:i)[0]=s.test(i[0])?i[0]:"center",i[1]=r.test(i[1])?i[1]:"center",t=l.exec(i[0]),e=l.exec(i[1]),_[this]=[t?t[0]:0,e?e[0]:0],c[this]=[a.exec(i[0])[0],a.exec(i[1])[0]]}),1===b.length&&(b[1]=b[0]),"right"===c.at[0]?m.left+=d:"center"===c.at[0]&&(m.left+=d/2),"bottom"===c.at[1]?m.top+=p:"center"===c.at[1]&&(m.top+=p/2),u=E(_.at,d,p),m.left+=u[0],m.top+=u[1],this.each(function(){var i,t,r=x(this),l=r.outerWidth(),a=r.outerHeight(),e=P(this,"marginLeft"),n=P(this,"marginTop"),o=l+e+P(this,"marginRight")+y.width,s=a+n+P(this,"marginBottom")+y.height,h=x.extend({},m),f=E(_.my,r.outerWidth(),r.outerHeight());"right"===c.my[0]?h.left-=l:"center"===c.my[0]&&(h.left-=l/2),"bottom"===c.my[1]?h.top-=a:"center"===c.my[1]&&(h.top-=a/2),h.left+=f[0],h.top+=f[1],i={marginLeft:e,marginTop:n},x.each(["left","top"],function(t,e){x.ui.position[b[t]]&&x.ui.position[b[t]][e](h,{targetWidth:d,targetHeight:p,elemWidth:l,elemHeight:a,collisionPosition:i,collisionWidth:o,collisionHeight:s,offset:[u[0]+f[0],u[1]+f[1]],my:c.my,at:c.at,within:w,elem:r})}),c.using&&(t=function(t){var e=g.left-h.left,i=e+d-l,n=g.top-h.top,o=n+p-a,s={target:{element:v,left:g.left,top:g.top,width:d,height:p},element:{element:r,left:h.left,top:h.top,width:l,height:a},horizontal:i<0?"left":0<e?"right":"center",vertical:o<0?"top":0<n?"bottom":"middle"};d<l&&C(e+i)<d&&(s.horizontal="center"),p<a&&C(n+o)<p&&(s.vertical="middle"),W(C(e),C(i))>W(C(n),C(o))?s.important="horizontal":s.important="vertical",c.using.call(this,t,s)}),r.offset(x.extend(h,{using:t}))})):i.apply(this,arguments)},x.ui.position={fit:{left:function(t,e){var i,n=e.within,o=n.isWindow?n.scrollLeft:n.offset.left,n=n.width,s=t.left-e.collisionPosition.marginLeft,r=o-s,l=s+e.collisionWidth-n-o;n<e.collisionWidth?0<r&&l<=0?(i=t.left+r+e.collisionWidth-n-o,t.left+=r-i):t.left=!(0<l&&r<=0)&&l<r?o+n-e.collisionWidth:o:0<r?t.left+=r:0<l?t.left-=l:t.left=W(t.left-s,t.left)},top:function(t,e){var i,n=e.within,n=n.isWindow?n.scrollTop:n.offset.top,o=e.within.height,s=t.top-e.collisionPosition.marginTop,r=n-s,l=s+e.collisionHeight-o-n;o<e.collisionHeight?0<r&&l<=0?(i=t.top+r+e.collisionHeight-o-n,t.top+=r-i):t.top=!(0<l&&r<=0)&&l<r?n+o-e.collisionHeight:n:0<r?t.top+=r:0<l?t.top-=l:t.top=W(t.top-s,t.top)}},flip:{left:function(t,e){var i=e.within,n=i.offset.left+i.scrollLeft,o=i.width,i=i.isWindow?i.scrollLeft:i.offset.left,s=t.left-e.collisionPosition.marginLeft,r=s-i,s=s+e.collisionWidth-o-i,l="left"===e.my[0]?-e.elemWidth:"right"===e.my[0]?e.elemWidth:0,a="left"===e.at[0]?e.targetWidth:"right"===e.at[0]?-e.targetWidth:0,h=-2*e.offset[0];r<0?((o=t.left+l+a+h+e.collisionWidth-o-n)<0||o<C(r))&&(t.left+=l+a+h):0<s&&(0<(n=t.left-e.collisionPosition.marginLeft+l+a+h-i)||C(n)<s)&&(t.left+=l+a+h)},top:function(t,e){var i=e.within,n=i.offset.top+i.scrollTop,o=i.height,i=i.isWindow?i.scrollTop:i.offset.top,s=t.top-e.collisionPosition.marginTop,r=s-i,s=s+e.collisionHeight-o-i,l="top"===e.my[1]?-e.elemHeight:"bottom"===e.my[1]?e.elemHeight:0,a="top"===e.at[1]?e.targetHeight:"bottom"===e.at[1]?-e.targetHeight:0,h=-2*e.offset[1];r<0?((o=t.top+l+a+h+e.collisionHeight-o-n)<0||o<C(r))&&(t.top+=l+a+h):0<s&&(0<(n=t.top-e.collisionPosition.marginTop+l+a+h-i)||C(n)<s)&&(t.top+=l+a+h)}},flipfit:{left:function(){x.ui.position.flip.left.apply(this,arguments),x.ui.position.fit.left.apply(this,arguments)},top:function(){x.ui.position.flip.top.apply(this,arguments),x.ui.position.fit.top.apply(this,arguments)}}};var t,e;
/*!
 * jQuery UI :data 1.14.2
 * https://jqueryui.com
 *
 * Copyright OpenJS Foundation and other contributors
 * Released under the MIT license.
 * https://jquery.org/license
 */x.ui.position,x.extend(x.expr.pseudos,{data:x.expr.createPseudo(function(e){return function(t){return!!x.data(t,e)}})}),x.fn.extend({disableSelection:(t="onselectstart"in document.createElement("div")?"selectstart":"mousedown",function(){return this.on(t+".ui-disableSelection",function(t){t.preventDefault()})}),enableSelection:function(){return this.off(".ui-disableSelection")}}),
/*!
 * jQuery UI Focusable 1.14.2
 * https://jqueryui.com
 *
 * Copyright OpenJS Foundation and other contributors
 * Released under the MIT license.
 * https://jquery.org/license
 */
x.ui.focusable=function(t,e){var i,n,o,s=t.nodeName.toLowerCase();return"area"===s?(o=(i=t.parentNode).name,!(!t.href||!o||"map"!==i.nodeName.toLowerCase())&&0<(i=x("img[usemap='#"+o+"']")).length&&i.is(":visible")):(/^(input|select|textarea|button|object)$/.test(s)?(n=!t.disabled)&&(o=x(t).closest("fieldset")[0])&&(n=!o.disabled):n="a"===s&&t.href||e,n&&x(t).is(":visible")&&"visible"===x(t).css("visibility"))},x.extend(x.expr.pseudos,{focusable:function(t){return x.ui.focusable(t,null!=x.attr(t,"tabindex"))}}),x.ui.focusable,x.ui.formResetMixin={_formResetHandler:function(){var e=x(this);setTimeout(function(){var t=e.data("ui-form-reset-instances");x.each(t,function(){this.refresh()})})},_bindFormResetHandler:function(){var t;this.form=x(this.element.prop("form")),this.form.length&&((t=this.form.data("ui-form-reset-instances")||[]).length||this.form.on("reset.ui-form-reset",this._formResetHandler),t.push(this),this.form.data("ui-form-reset-instances",t))},_unbindFormResetHandler:function(){var t;this.form.length&&((t=this.form.data("ui-form-reset-instances")).splice(x.inArray(this,t),1),t.length?this.form.data("ui-form-reset-instances",t):this.form.removeData("ui-form-reset-instances").off("reset.ui-form-reset"))}},
/*!
 * jQuery UI Legacy jQuery Core patches 1.14.2
 * https://jqueryui.com
 *
 * Copyright OpenJS Foundation and other contributors
 * Released under the MIT license.
 * https://jquery.org/license
 *
 */
x.escapeSelector||(x.escapeSelector=function(t){return CSS.escape(t+"")}),x.fn.even&&x.fn.odd||x.fn.extend({even:function(){return this.filter(function(t){return t%2==0})},odd:function(){return this.filter(function(t){return t%2==1})}}),x.ui.keyCode={BACKSPACE:8,COMMA:188,DELETE:46,DOWN:40,END:35,ENTER:13,ESCAPE:27,HOME:36,LEFT:37,PAGE_DOWN:34,PAGE_UP:33,PERIOD:190,RIGHT:39,SPACE:32,TAB:9,UP:38},x.fn.labels=function(){var t,e,i;return this.length?this[0].labels&&this[0].labels.length?this.pushStack(this[0].labels):(e=this.eq(0).parents("label"),(t=this.attr("id"))&&(i=(i=this.eq(0).parents().last()).add((i.length?i:this).siblings()),t="label[for='"+CSS.escape(t)+"']",e=e.add(i.find(t).addBack(t))),this.pushStack(e)):this.pushStack([])},x.fn.scrollParent=function(t){var e=this.css("position"),i="absolute"===e,n=t?/(auto|scroll|hidden)/:/(auto|scroll)/,t=this.parents().filter(function(){var t=x(this);return(!i||"static"!==t.css("position"))&&n.test(t.css("overflow")+t.css("overflow-y")+t.css("overflow-x"))}).eq(0);return"fixed"!==e&&t.length?t:x(this[0].ownerDocument||document)},x.extend(x.expr.pseudos,{tabbable:function(t){var e=x.attr(t,"tabindex"),i=null!=e;return(!i||0<=e)&&x.ui.focusable(t,i)}}),x.fn.extend({uniqueId:(e=0,function(){return this.each(function(){this.id||(this.id="ui-id-"+ ++e)})}),removeUniqueId:function(){return this.each(function(){/^ui-id-\d+$/.test(this.id)&&x(this).removeAttr("id")})}});x.ui.plugin={add:function(t,e,i){var n,o=x.ui[t].prototype;for(n in i)o.plugins[n]=o.plugins[n]||[],o.plugins[n].push([e,i[n]])},call:function(t,e,i,n){var o,s=t.plugins[e];if(s&&(n||t.element[0].parentNode&&11!==t.element[0].parentNode.nodeType))for(o=0;o<s.length;o++)t.options[s[o][0]]&&s[o][1].apply(t.element,i)}}});</script>
<script id="elementor-frontend-js-before">
var elementorFrontendConfig = {"environmentMode":{"edit":false,"wpPreview":false,"isScriptDebug":false},"i18n":{"shareOnFacebook":"Share on Facebook","shareOnTwitter":"Share on Twitter","pinIt":"Pin it","download":"Download","downloadImage":"Download image","fullscreen":"Fullscreen","zoom":"Zoom","share":"Share","playVideo":"Play Video","previous":"Previous","next":"Next","close":"Close","a11yCarouselPrevSlideMessage":"Previous slide","a11yCarouselNextSlideMessage":"Next slide","a11yCarouselFirstSlideMessage":"This is the first slide","a11yCarouselLastSlideMessage":"This is the last slide","a11yCarouselPaginationBulletMessage":"Go to slide"},"is_rtl":false,"breakpoints":{"xs":0,"sm":480,"md":768,"lg":1280,"xl":1440,"xxl":1600},"responsive":{"breakpoints":{"mobile":{"label":"Mobile Portrait","value":767,"default_value":767,"direction":"max","is_enabled":true},"mobile_extra":{"label":"Mobile Landscape","value":880,"default_value":880,"direction":"max","is_enabled":false},"tablet":{"label":"Tablet Portrait","value":1279,"default_value":1024,"direction":"max","is_enabled":true},"tablet_extra":{"label":"Tablet Landscape","value":1200,"default_value":1200,"direction":"max","is_enabled":false},"laptop":{"label":"Laptop","value":1366,"default_value":1366,"direction":"max","is_enabled":false},"widescreen":{"label":"Widescreen","value":2400,"default_value":2400,"direction":"min","is_enabled":false}},"hasCustomBreakpoints":true},"version":"3.31.2","is_static":false,"experimentalFeatures":{"e_element_cache":true,"home_screen":true,"global_classes_should_enforce_capabilities":true,"e_variables":true,"cloud-library":true,"e_opt_in_v4_page":true},"urls":{"assets":"https:\/\/manoir.themerex.net\/wp-content\/plugins\/elementor\/assets\/","ajaxurl":"https:\/\/manoir.themerex.net\/wp-admin\/admin-ajax.php","uploadUrl":"https:\/\/manoir.themerex.net\/wp-content\/uploads"},"nonces":{"floatingButtonsClickTracking":"8ed50a0563"},"swiperClass":"swiper","settings":{"page":[],"editorPreferences":[]},"kit":{"stretched_section_container":".page_wrap","viewport_tablet":1279,"active_breakpoints":["viewport_mobile","viewport_tablet"],"global_image_lightbox":"yes","lightbox_enable_counter":"yes","lightbox_enable_fullscreen":"yes","lightbox_enable_zoom":"yes","lightbox_enable_share":"yes","lightbox_title_src":"title","lightbox_description_src":"description"},"post":{"id":22623,"title":"Residency%20Showcase%20%E2%80%93%20Manoir","excerpt":"","featuredImage":false}};
//# sourceURL=elementor-frontend-js-before
</script>
<script id="elementor-frontend-js">/*! elementor - v3.31.0 - 11-08-2025 */
"use strict";(self.webpackChunkelementorFrontend=self.webpackChunkelementorFrontend||[]).push([[313],{607:(e,t)=>{Object.defineProperty(t,"__esModule",{value:!0}),t.default=void 0;t.default=class Controls{getControlValue(e,t,n){let r;return r="object"==typeof e[t]&&n?e[t][n]:e[t],r}getResponsiveControlValue(e,t){let n=arguments.length>2&&void 0!==arguments[2]?arguments[2]:"";const r=(arguments.length>3&&void 0!==arguments[3]?arguments[3]:null)||elementorFrontend.getCurrentDeviceMode(),o=this.getControlValue(e,t,n);if("widescreen"===r){const r=this.getControlValue(e,`${t}_widescreen`,n);return r||0===r?r:o}const i=elementorFrontend.breakpoints.getActiveBreakpointsList({withDesktop:!0});let s=r,a=i.indexOf(r),l="";for(;a<=i.length;){if("desktop"===s){l=o;break}const r=`${t}_${s}`,d=this.getControlValue(e,r,n);if(d||0===d){l=d;break}a++,s=i[a]}return l}}},680:(e,t,n)=>{var r=n(4762),o=n(8120);e.exports=function(e,t,n){try{return r(o(Object.getOwnPropertyDescriptor(e,t)[n]))}catch(e){}}},735:(e,t,n)=>{var r=n(1704);e.exports=function(e){return r(e)||null===e}},1780:e=>{e.exports={IndexSizeError:{s:"INDEX_SIZE_ERR",c:1,m:1},DOMStringSizeError:{s:"DOMSTRING_SIZE_ERR",c:2,m:0},HierarchyRequestError:{s:"HIERARCHY_REQUEST_ERR",c:3,m:1},WrongDocumentError:{s:"WRONG_DOCUMENT_ERR",c:4,m:1},InvalidCharacterError:{s:"INVALID_CHARACTER_ERR",c:5,m:1},NoDataAllowedError:{s:"NO_DATA_ALLOWED_ERR",c:6,m:0},NoModificationAllowedError:{s:"NO_MODIFICATION_ALLOWED_ERR",c:7,m:1},NotFoundError:{s:"NOT_FOUND_ERR",c:8,m:1},NotSupportedError:{s:"NOT_SUPPORTED_ERR",c:9,m:1},InUseAttributeError:{s:"INUSE_ATTRIBUTE_ERR",c:10,m:1},InvalidStateError:{s:"INVALID_STATE_ERR",c:11,m:1},SyntaxError:{s:"SYNTAX_ERR",c:12,m:1},InvalidModificationError:{s:"INVALID_MODIFICATION_ERR",c:13,m:1},NamespaceError:{s:"NAMESPACE_ERR",c:14,m:1},InvalidAccessError:{s:"INVALID_ACCESS_ERR",c:15,m:1},ValidationError:{s:"VALIDATION_ERR",c:16,m:0},TypeMismatchError:{s:"TYPE_MISMATCH_ERR",c:17,m:1},SecurityError:{s:"SECURITY_ERR",c:18,m:1},NetworkError:{s:"NETWORK_ERR",c:19,m:1},AbortError:{s:"ABORT_ERR",c:20,m:1},URLMismatchError:{s:"URL_MISMATCH_ERR",c:21,m:1},QuotaExceededError:{s:"QUOTA_EXCEEDED_ERR",c:22,m:1},TimeoutError:{s:"TIMEOUT_ERR",c:23,m:1},InvalidNodeTypeError:{s:"INVALID_NODE_TYPE_ERR",c:24,m:1},DataCloneError:{s:"DATA_CLONE_ERR",c:25,m:1}}},1953:(e,t,n)=>{var r=n(680),o=n(1704),i=n(3312),s=n(3852);e.exports=Object.setPrototypeOf||("__proto__"in{}?function(){var e,t=!1,n={};try{(e=r(Object.prototype,"__proto__","set"))(n,[]),t=n instanceof Array}catch(e){}return function setPrototypeOf(n,r){return i(n),s(r),o(n)?(t?e(n,r):n.__proto__=r,n):n}}():void 0)},2126:(e,t,n)=>{Object.defineProperty(t,"__esModule",{value:!0}),t.default=void 0;var r=n(3002);t.default=[()=>n.e(77).then(n.bind(n,2439)),()=>n.e(557).then(n.bind(n,628)),()=>n.e(557).then(n.bind(n,3031)),(0,r.createEditorHandler)(()=>n.e(396).then(n.bind(n,9956))),(0,r.createEditorHandler)(()=>n.e(220).then(n.bind(n,3243)))]},2429:(e,t,n)=>{var r=n(1483),o=n(1704),i=n(1953);e.exports=function(e,t,n){var s,a;return i&&r(s=t.constructor)&&s!==n&&o(a=s.prototype)&&a!==n.prototype&&i(e,a),e}},3002:(e,t)=>{Object.defineProperty(t,"__esModule",{value:!0}),t.createEditorHandler=function createEditorHandler(e){return()=>new Promise(t=>{elementorFrontend.isEditMode()&&e().then(t)})}},3126:(e,t,n)=>{var r=n(6784);Object.defineProperty(t,"__esModule",{value:!0}),t.default=void 0;var o=r(n(8427));class VimeoLoader extends o.default{getApiURL(){return"https://player.vimeo.com/api/player.js"}getURLRegex(){return/^(?:https?:\/\/)?(?:www|player\.)?(?:vimeo\.com\/)?(?:video\/|external\/)?(\d+)([^.?&#"'>]?)/}isApiLoaded(){return window.Vimeo}getApiObject(){return Vimeo}getAutoplayURL(e){const t=e.match(/#t=[^&]*/);return e.replace(t[0],"")+t}}t.default=VimeoLoader},3582:(e,t,n)=>{Object.defineProperty(t,"__esModule",{value:!0}),t.default=void 0,n(6409);class _default extends elementorModules.ViewModule{getDefaultSettings(){return{selectors:{links:'a[href^="%23elementor-action"], a[href^="#elementor-action"]'}}}bindEvents(){elementorFrontend.elements.$document.on("click",this.getSettings("selectors.links"),this.runLinkAction.bind(this))}initActions(){this.actions={lightbox:async e=>{const t=await elementorFrontend.utils.lightbox;e.slideshow?t.openSlideshow(e.slideshow,e.url):(e.id&&(e.type="image"),t.showModal(e))}}}addAction(e,t){this.actions[e]=t}runAction(e){e=decodeURI(e);const t=(e=decodeURIComponent(e)).match(/action=(.+?)&/);if(!t)return;const n=this.actions[t[1]];if(!n)return;let r={};const o=e.match(/settings=(.+)/);o&&(r=JSON.parse(atob(o[1]))),r.previousEvent=event;for(var i=arguments.length,s=new Array(i>1?i-1:0),a=1;a<i;a++)s[a-1]=arguments[a];n(r,...s)}runLinkAction(e){e.preventDefault(),this.runAction(jQuery(e.currentTarget).attr("href"),e)}runHashAction(){if(!location.hash)return;const e=document.querySelector(`[data-e-action-hash="${location.hash}"], a[href*="${location.hash}"]`);e&&this.runAction(e.getAttribute("data-e-action-hash"))}createActionHash(e,t){return encodeURIComponent(`#elementor-action:action=${e}&settings=${btoa(JSON.stringify(t))}`)}onInit(){super.onInit(),this.initActions(),elementorFrontend.on("components:init",this.runHashAction.bind(this))}}t.default=_default},3678:(e,t,n)=>{Object.defineProperty(t,"__esModule",{value:!0}),t.default=void 0;var r=n(3002);t.default=[()=>n.e(557).then(n.bind(n,628)),()=>n.e(557).then(n.bind(n,3031)),(0,r.createEditorHandler)(()=>n.e(396).then(n.bind(n,9956))),(0,r.createEditorHandler)(()=>n.e(768).then(n.bind(n,8847))),(0,r.createEditorHandler)(()=>n.e(768).then(n.bind(n,3323)))]},3852:(e,t,n)=>{var r=n(735),o=String,i=TypeError;e.exports=function(e){if(r(e))return e;throw new i("Can't set "+o(e)+" as a prototype")}},3991:(e,t,n)=>{var r=n(8612),o=n(1807),i=n(8120),s=n(2293),a=n(41),l=n(8660),d=n(8901),c=n(6721),u=n(7486),h=n(5267),m=n(9557),f=!m&&!u("map",function(){}),g=!m&&!f&&h("map",TypeError),p=m||f||g,v=l(function(){var e=this.iterator,t=s(o(this.next,e));if(!(this.done=!!t.done))return d(e,this.mapper,[t.value,this.counter++],!0)});r({target:"Iterator",proto:!0,real:!0,forced:p},{map:function map(e){s(this);try{i(e)}catch(e){c(this,"throw",e)}return g?o(g,this,e):new v(a(this),{mapper:e})}})},4047:(e,t,n)=>{var r=n(6784);Object.defineProperty(t,"__esModule",{value:!0}),t.default=void 0;var o=r(n(2890));class _default extends elementorModules.ViewModule{constructor(){super(...arguments),this.documents={},this.initDocumentClasses(),this.attachDocumentsClasses()}getDefaultSettings(){return{selectors:{document:".elementor"}}}getDefaultElements(){const e=this.getSettings("selectors");return{$documents:jQuery(e.document)}}initDocumentClasses(){this.documentClasses={base:o.default},elementorFrontend.hooks.doAction("elementor/frontend/documents-manager/init-classes",this)}addDocumentClass(e,t){this.documentClasses[e]=t}attachDocumentsClasses(){this.elements.$documents.each((e,t)=>this.attachDocumentClass(jQuery(t)))}attachDocumentClass(e){const t=e.data(),n=t.elementorId,r=t.elementorType,o=this.documentClasses[r]||this.documentClasses.base;this.documents[n]=new o({$element:e,id:n})}}t.default=_default},4252:(e,t,n)=>{Object.defineProperty(t,"__esModule",{value:!0}),t.default=void 0,n(4846),n(6211);class LightboxManager extends elementorModules.ViewModule{static getLightbox(){const e=new Promise(e=>{n.e(216).then(n.t.bind(n,3942,23)).then(t=>{let{default:n}=t;return e(new n)})}),t=elementorFrontend.utils.assetsLoader.load("script","dialog"),r=elementorFrontend.utils.assetsLoader.load("style","dialog"),o=elementorFrontend.utils.assetsLoader.load("script","share-link"),i=elementorFrontend.utils.assetsLoader.load("style","swiper"),s=elementorFrontend.utils.assetsLoader.load("style","e-lightbox");return Promise.all([e,t,r,o,i,s]).then(()=>e)}getDefaultSettings(){return{selectors:{links:"a, [data-elementor-lightbox]",slideshow:"[data-elementor-lightbox-slideshow]"}}}getDefaultElements(){return{$links:jQuery(this.getSettings("selectors.links")),$slideshow:jQuery(this.getSettings("selectors.slideshow"))}}isLightboxLink(e){if("a"===e.tagName.toLowerCase()&&(e.hasAttribute("download")||!/^[^?]+\.(png|jpe?g|gif|svg|webp|avif)(\?.*)?$/i.test(e.href))&&!e.dataset.elementorLightboxVideo)return!1;const t=elementorFrontend.getKitSettings("global_image_lightbox"),n=e.dataset.elementorOpenLightbox;return"yes"===n||t&&"no"!==n}isLightboxSlideshow(){return 0!==this.elements.$slideshow.length}async onLinkClick(e){const t=e.currentTarget,n=jQuery(e.target),r=elementorFrontend.isEditMode(),o=r&&elementor.$previewContents.find("body").hasClass("elementor-editor__ui-state__color-picker"),i=!!n.closest(".elementor-edit-area").length;if(!this.isLightboxLink(t))return void(r&&i&&e.preventDefault());if(e.preventDefault(),r&&!elementor.getPreferences("lightbox_in_editor"))return;if(o)return;(await LightboxManager.getLightbox()).createLightbox(t)}bindEvents(){elementorFrontend.elements.$document.on("click",this.getSettings("selectors.links"),e=>this.onLinkClick(e))}onInit(){super.onInit(...arguments),elementorFrontend.isEditMode()||this.maybeActivateLightboxOnLink()}maybeActivateLightboxOnLink(){this.elements.$links.each((e,t)=>{if(this.isLightboxLink(t))return LightboxManager.getLightbox(),!1})}}t.default=LightboxManager},4364:(e,t,n)=>{n(3991)},4799:(e,t)=>{Object.defineProperty(t,"__esModule",{value:!0}),t.default=t.Events=void 0;class Events{static dispatch(e,t){let n=arguments.length>2&&void 0!==arguments[2]?arguments[2]:null,r=arguments.length>3&&void 0!==arguments[3]?arguments[3]:null;e=e instanceof jQuery?e[0]:e,r&&e.dispatchEvent(new CustomEvent(r,{detail:n})),e.dispatchEvent(new CustomEvent(t,{detail:n}))}}t.Events=Events;t.default=Events},4901:(e,t,n)=>{Object.defineProperty(t,"__esModule",{value:!0}),t.default=void 0,n(4846),n(9655);t.default=class SwiperHandler{constructor(e,t){return this.config=t,this.config.breakpoints&&(this.config=this.adjustConfig(t)),e instanceof jQuery&&(e=e[0]),e.closest(".elementor-widget-wrap")?.classList.add("e-swiper-container"),e.closest(".elementor-widget")?.classList.add("e-widget-swiper"),new Promise(t=>{"undefined"!=typeof Swiper?("function"==typeof Swiper&&void 0===window.Swiper&&(window.Swiper=Swiper),t(this.createSwiperInstance(e,this.config))):elementorFrontend.utils.assetsLoader.load("script","swiper").then(()=>t(this.createSwiperInstance(e,this.config)))})}createSwiperInstance(e,t){const n=window.Swiper;return n.prototype.adjustConfig=this.adjustConfig,new n(e,t)}adjustConfig(e){if(!e.handleElementorBreakpoints)return e;const t=elementorFrontend.config.responsive.activeBreakpoints,n=elementorFrontend.breakpoints.getBreakpointValues();return Object.keys(e.breakpoints).forEach(r=>{const o=parseInt(r);let i;if(o===t.mobile.value||o+1===t.mobile.value)i=0;else if(!t.widescreen||o!==t.widescreen.value&&o+1!==t.widescreen.value){const e=n.findIndex(e=>o===e||o+1===e);i=n[e-1]}else i=o;e.breakpoints[i]=e.breakpoints[r],e.breakpoints[r]={slidesPerView:e.slidesPerView,slidesPerGroup:e.slidesPerGroup?e.slidesPerGroup:1}}),e}}},4970:(e,t)=>{Object.defineProperty(t,"__esModule",{value:!0}),t.default=void 0;class GlobalHandler extends elementorModules.frontend.handlers.Base{getWidgetType(){return"global"}animate(){const e=this.$element,t=this.getAnimation();if("none"===t)return void e.removeClass("elementor-invisible");const n=this.getElementSettings(),r=n._animation_delay||n.animation_delay||0;e.removeClass(t),this.currentAnimation&&e.removeClass(this.currentAnimation),this.currentAnimation=t,setTimeout(()=>{e.removeClass("elementor-invisible").addClass("animated "+t)},r)}getAnimation(){return this.getCurrentDeviceSetting("animation")||this.getCurrentDeviceSetting("_animation")}onInit(){if(super.onInit(...arguments),this.getAnimation()){const e=elementorModules.utils.Scroll.scrollObserver({callback:t=>{t.isInViewport&&(this.animate(),e.unobserve(this.$element[0]))}});e.observe(this.$element[0])}}onElementChange(e){/^_?animation/.test(e)&&this.animate()}}t.default=e=>{elementorFrontend.elementsHandler.addHandler(GlobalHandler,{$element:e})}},5073:(e,t,n)=>{var r=n(6784);Object.defineProperty(t,"__esModule",{value:!0}),t.default=void 0;var o=r(n(8427));class YoutubeLoader extends o.default{getApiURL(){return"https://www.youtube.com/iframe_api"}getURLRegex(){return/^(?:https?:\/\/)?(?:www\.)?(?:m\.)?(?:youtu\.be\/|youtube\.com\/(?:(?:watch)?\?(?:.*&)?vi?=|(?:embed|v|vi|user|shorts)\/))([^?&"'>]+)/}isApiLoaded(){return window.YT&&YT.loaded}getApiObject(){return YT}}t.default=YoutubeLoader},5115:(e,t)=>{Object.defineProperty(t,"__esModule",{value:!0}),t.default=void 0;const matchUserAgent=e=>n.indexOf(e)>=0,n=navigator.userAgent,r=!!window.opr&&!!opr.addons||!!window.opera||matchUserAgent(" OPR/"),o=matchUserAgent("Firefox"),i=/^((?!chrome|android).)*safari/i.test(n)||/constructor/i.test(window.HTMLElement)||"[object SafariRemoteNotification]"===(!window.safari||"undefined"!=typeof safari&&safari.pushNotification).toString(),s=/Trident|MSIE/.test(n)&&!!document.documentMode,a=!s&&!!window.StyleMedia||matchUserAgent("Edg"),l=!!window.chrome&&matchUserAgent("Chrome")&&!(a||r),d=matchUserAgent("Chrome")&&!!window.CSS,c=matchUserAgent("AppleWebKit")&&!d,u={isTouchDevice:"ontouchstart"in window||navigator.maxTouchPoints>0||navigator.msMaxTouchPoints>0,appleWebkit:c,blink:d,chrome:l,edge:a,firefox:o,ie:s,mac:matchUserAgent("Macintosh"),opera:r,safari:i,webkit:matchUserAgent("AppleWebKit")};t.default=u},5896:(e,t,n)=>{Object.defineProperty(t,"__esModule",{value:!0}),t.default=void 0,n(5724),n(4846),n(9655),n(4364);class Breakpoints extends elementorModules.Module{constructor(e){super(),this.responsiveConfig=e}getActiveBreakpointsList(){let e=arguments.length>0&&void 0!==arguments[0]?arguments[0]:{};e={largeToSmall:!1,withDesktop:!1,...e};const t=Object.keys(this.responsiveConfig.activeBreakpoints);if(e.withDesktop){const e=-1===t.indexOf("widescreen")?t.length:t.length-1;t.splice(e,0,"desktop")}return e.largeToSmall&&t.reverse(),t}getBreakpointValues(){const{activeBreakpoints:e}=this.responsiveConfig,t=[];return Object.values(e).forEach(e=>{t.push(e.value)}),t}getDesktopPreviousDeviceKey(){let e="";const{activeBreakpoints:t}=this.responsiveConfig,n=Object.keys(t),r=n.length;return e="min"===t[n[r-1]].direction?n[r-2]:n[r-1],e}getDesktopMinPoint(){const{activeBreakpoints:e}=this.responsiveConfig;return e[this.getDesktopPreviousDeviceKey()].value+1}getDeviceMinBreakpoint(e){if("desktop"===e)return this.getDesktopMinPoint();const{activeBreakpoints:t}=this.responsiveConfig,n=Object.keys(t);let r;if(n[0]===e)r=320;else if("widescreen"===e)r=t[e]?t[e].value:this.responsiveConfig.breakpoints.widescreen;else{const o=n.indexOf(e);r=t[n[o-1]].value+1}return r}getActiveMatchRegex(){return new RegExp(this.getActiveBreakpointsList().map(e=>"_"+e).join("|")+"$")}}t.default=Breakpoints},5956:(e,t,n)=>{n(5724);e.exports=function(){var e,t=Array.prototype.slice,n={actions:{},filters:{}};function _removeHook(e,t,r,o){var i,s,a;if(n[e][t])if(r)if(i=n[e][t],o)for(a=i.length;a--;)(s=i[a]).callback===r&&s.context===o&&i.splice(a,1);else for(a=i.length;a--;)i[a].callback===r&&i.splice(a,1);else n[e][t]=[]}function _addHook(e,t,r,o,i){var s={callback:r,priority:o,context:i},a=n[e][t];if(a){var l=!1;if(jQuery.each(a,function(){if(this.callback===r)return l=!0,!1}),l)return;a.push(s),a=function _hookInsertSort(e){for(var t,n,r,o=1,i=e.length;o<i;o++){for(t=e[o],n=o;(r=e[n-1])&&r.priority>t.priority;)e[n]=e[n-1],--n;e[n]=t}return e}(a)}else a=[s];n[e][t]=a}function _runHook(e,t,r){var o,i,s=n[e][t];if(!s)return"filters"===e&&r[0];if(i=s.length,"filters"===e)for(o=0;o<i;o++)r[0]=s[o].callback.apply(s[o].context,r);else for(o=0;o<i;o++)s[o].callback.apply(s[o].context,r);return"filters"!==e||r[0]}return e={removeFilter:function removeFilter(t,n){return"string"==typeof t&&_removeHook("filters",t,n),e},applyFilters:function applyFilters(){var n=t.call(arguments),r=n.shift();return"string"==typeof r?_runHook("filters",r,n):e},addFilter:function addFilter(t,n,r,o){return"string"==typeof t&&"function"==typeof n&&_addHook("filters",t,n,r=parseInt(r||10,10),o),e},removeAction:function removeAction(t,n){return"string"==typeof t&&_removeHook("actions",t,n),e},doAction:function doAction(){var n=t.call(arguments),r=n.shift();return"string"==typeof r&&_runHook("actions",r,n),e},addAction:function addAction(t,n,r,o){return"string"==typeof t&&"function"==typeof n&&_addHook("actions",t,n,r=parseInt(r||10,10),o),e}},e}},6261:(e,t,n)=>{var r=n(6145),o=String;e.exports=function(e){if("Symbol"===r(e))throw new TypeError("Cannot convert a Symbol value to a string");return o(e)}},6409:(e,t,n)=>{var r=n(8612),o=n(5578),i=n(1409),s=n(7738),a=n(5835).f,l=n(5755),d=n(6021),c=n(2429),u=n(7969),h=n(1780),m=n(8223),f=n(382),g=n(9557),p="DOMException",v=i("Error"),y=i(p),b=function DOMException(){d(this,w);var e=arguments.length,t=u(e<1?void 0:arguments[0]),n=u(e<2?void 0:arguments[1],"Error"),r=new y(t,n),o=new v(t);return o.name=p,a(r,"stack",s(1,m(o.stack,1))),c(r,this,b),r},w=b.prototype=y.prototype,_="stack"in new v(p),E="stack"in new y(1,2),k=y&&f&&Object.getOwnPropertyDescriptor(o,p),A=!(!k||k.writable&&k.configurable),S=_&&!A&&!E;r({global:!0,constructor:!0,forced:g||S},{DOMException:S?b:y});var M=i(p),C=M.prototype;if(C.constructor!==M)for(var L in g||a(C,"constructor",s(1,M)),h)if(l(h,L)){var D=h[L],R=D.s;l(M,R)||a(M,R,s(6,D.c))}},7248:(e,t,n)=>{var r=n(6784);n(4846),n(9655);var o=r(n(4970)),i=r(n(3678)),s=r(n(2126)),a=r(n(8891));e.exports=function(e){var t=this;const r={};this.elementsHandlers={"accordion.default":()=>n.e(131).then(n.bind(n,9675)),"alert.default":()=>n.e(707).then(n.bind(n,7243)),"counter.default":()=>n.e(457).then(n.bind(n,3905)),"progress.default":()=>n.e(234).then(n.bind(n,9754)),"tabs.default":()=>n.e(575).then(n.bind(n,3485)),"toggle.default":()=>n.e(775).then(n.bind(n,3049)),"video.default":()=>n.e(180).then(n.bind(n,3774)),"image-carousel.default":()=>n.e(177).then(n.bind(n,4315)),"text-editor.default":()=>n.e(212).then(n.bind(n,5362)),"wp-widget-media_audio.default":()=>n.e(211).then(n.bind(n,2793)),container:i.default,section:s.default,column:a.default},elementorFrontendConfig.experimentalFeatures["nested-elements"]&&(this.elementsHandlers["nested-tabs.default"]=()=>n.e(215).then(n.bind(n,4328))),elementorFrontendConfig.experimentalFeatures["nested-elements"]&&(this.elementsHandlers["nested-accordion.default"]=()=>n.e(915).then(n.bind(n,8216))),elementorFrontendConfig.experimentalFeatures.container&&(this.elementsHandlers["contact-buttons.default"]=()=>n.e(1).then(n.bind(n,6285)),this.elementsHandlers["floating-bars-var-1.default"]=()=>n.e(336).then(n.bind(n,5199)));const addElementsHandlers=()=>{e.each(this.elementsHandlers,(e,t)=>{const n=e.split(".");e=n[0];const r=n[1]||null;this.attachHandler(e,t,r)})},isClassHandler=e=>e.prototype?.getUniqueHandlerID;this.addHandler=function(t,n){const o=n.$element.data("model-cid");let i;if(o){i=t.prototype.getConstructorID(),r[o]||(r[o]={});const e=r[o][i];e&&e.onDestroy()}const s=new t(n);elementorFrontend.hooks.doAction(`frontend/element_handler_ready/${n.elementName}`,n.$element,e),o&&(r[o][i]=s)},this.attachHandler=(e,n,r)=>{Array.isArray(n)||(n=[n]),n.forEach(n=>function(e,n){let r=arguments.length>2&&void 0!==arguments[2]?arguments[2]:"default";r=r?"."+r:"";const o=e+r;elementorFrontend.hooks.addAction(`frontend/element_ready/${o}`,e=>{if(isClassHandler(n))t.addHandler(n,{$element:e,elementName:o},!0);else{const r=n();if(!r)return;r instanceof Promise?r.then(n=>{let{default:r}=n;t.addHandler(r,{$element:e,elementName:o},!0)}):t.addHandler(r,{$element:e,elementName:o},!0)}})}(e,n,r))},this.getHandler=function(e){const t=this.elementsHandlers[e];return isClassHandler(t)?t:new Promise(e=>{t().then(t=>{let{default:n}=t;e(n)})})},this.getHandlers=function(e){return elementorDevTools.deprecation.deprecated("getHandlers","3.1.0","elementorFrontend.elementsHandler.getHandler"),e?this.getHandler(e):this.elementsHandlers},this.runReadyTrigger=function(t){const n=!!t.closest('[data-delay-child-handlers="true"]')&&0!==t.closest('[data-delay-child-handlers="true"]').length;if(elementorFrontend.config.is_static||n)return;const r=jQuery(t),o=r.attr("data-element_type");if(o&&(elementorFrontend.hooks.doAction("frontend/element_ready/global",r,e),elementorFrontend.hooks.doAction(`frontend/element_ready/${o}`,r,e),"widget"===o)){const t=r.attr("data-widget_type");elementorFrontend.hooks.doAction(`frontend/element_ready/${t}`,r,e)}},this.init=()=>{elementorFrontend.hooks.addAction("frontend/element_ready/global",o.default),addElementsHandlers()}}},7603:(e,t,n)=>{var r=n(6784);n(4846),n(6211),n(9655),n(8309);var o=r(n(4047)),i=r(n(8767)),s=r(n(5115)),a=r(n(5073)),l=r(n(3126)),d=r(n(8427)),c=r(n(3582)),u=r(n(4901)),h=r(n(4252)),m=r(n(8422)),f=r(n(5896)),g=r(n(4799)),p=r(n(7842)),v=r(n(607)),y=r(n(9807)),b=n(7672);const w=n(5956),_=n(7248);class Frontend extends elementorModules.ViewModule{constructor(){super(...arguments),this.config=elementorFrontendConfig,this.config.legacyMode={get elementWrappers(){return elementorFrontend.isEditMode()&&window.top.elementorDevTools.deprecation.deprecated("elementorFrontend.config.legacyMode.elementWrappers","3.1.0"),!1}},this.populateActiveBreakpointsConfig()}get Module(){return this.isEditMode()&&parent.elementorDevTools.deprecation.deprecated("elementorFrontend.Module","2.5.0","elementorModules.frontend.handlers.Base"),elementorModules.frontend.handlers.Base}getDefaultSettings(){return{selectors:{elementor:".elementor",adminBar:"#wpadminbar"}}}getDefaultElements(){const e={window,$window:jQuery(window),$document:jQuery(document),$head:jQuery(document.head),$body:jQuery(document.body),$deviceMode:jQuery("<span>",{id:"elementor-device-mode",class:"elementor-screen-only"})};return e.$body.append(e.$deviceMode),e}bindEvents(){this.elements.$window.on("resize",()=>this.setDeviceModeData())}getElements(e){return this.getItems(this.elements,e)}getPageSettings(e){const t=this.isEditMode()?elementor.settings.page.model.attributes:this.config.settings.page;return this.getItems(t,e)}getGeneralSettings(e){return this.isEditMode()&&parent.elementorDevTools.deprecation.deprecated("getGeneralSettings()","3.0.0","getKitSettings() and remove the `elementor_` prefix"),this.getKitSettings(`elementor_${e}`)}getKitSettings(e){return this.getItems(this.config.kit,e)}getCurrentDeviceMode(){return getComputedStyle(this.elements.$deviceMode[0],":after").content.replace(/"/g,"")}getDeviceSetting(e,t,n){if("widescreen"===e)return this.getWidescreenSetting(t,n);const r=elementorFrontend.breakpoints.getActiveBreakpointsList({largeToSmall:!0,withDesktop:!0});let o=r.indexOf(e);for(;o>0;){const e=t[n+"_"+r[o]];if(e||0===e)return e;o--}return t[n]}getWidescreenSetting(e,t){const n=t+"_widescreen";let r;return r=e[n]?e[n]:e[t],r}getCurrentDeviceSetting(e,t){return this.getDeviceSetting(elementorFrontend.getCurrentDeviceMode(),e,t)}isEditMode(){return this.config.environmentMode.edit}isWPPreviewMode(){return this.config.environmentMode.wpPreview}initDialogsManager(){let e;this.getDialogsManager=()=>(e||(e=new DialogsManager.Instance),e)}initOnReadyComponents(){this.utils={youtube:new a.default,vimeo:new l.default,baseVideoLoader:new d.default,get lightbox(){return h.default.getLightbox()},urlActions:new c.default,swiper:u.default,environment:s.default,assetsLoader:new m.default,escapeHTML:b.escapeHTML,events:g.default,controls:new v.default,anchor_scroll_margin:new y.default},this.modules={StretchElement:elementorModules.frontend.tools.StretchElement,Masonry:elementorModules.utils.Masonry},this.elementsHandler.init(),this.isEditMode()?elementor.once("document:loaded",()=>this.onDocumentLoaded()):this.onDocumentLoaded()}initOnReadyElements(){this.elements.$wpAdminBar=this.elements.$document.find(this.getSettings("selectors.adminBar"))}addUserAgentClasses(){for(const[e,t]of Object.entries(s.default))t&&this.elements.$body.addClass("e--ua-"+e)}setDeviceModeData(){this.elements.$body.attr("data-elementor-device-mode",this.getCurrentDeviceMode())}addListenerOnce(e,t,n,r){if(r||(r=this.elements.$window),this.isEditMode())if(this.removeListeners(e,t,r),r instanceof jQuery){const o=t+"."+e;r.on(o,n)}else r.on(t,n,e);else r.on(t,n)}removeListeners(e,t,n,r){if(r||(r=this.elements.$window),r instanceof jQuery){const o=t+"."+e;r.off(o,n)}else r.off(t,n,e)}debounce(e,t){let n;return function(){const r=this,o=arguments,i=!n;clearTimeout(n),n=setTimeout(()=>{n=null,e.apply(r,o)},t),i&&e.apply(r,o)}}muteMigrationTraces(){jQuery.migrateMute=!0,jQuery.migrateTrace=!1}initModules(){const e={shapes:p.default};elementorFrontend.trigger("elementor/modules/init:before"),elementorFrontend.trigger("elementor/modules/init/before"),Object.entries(e).forEach(e=>{let[t,n]=e;this.modulesHandlers[t]=new n})}populateActiveBreakpointsConfig(){this.config.responsive.activeBreakpoints={},Object.entries(this.config.responsive.breakpoints).forEach(e=>{let[t,n]=e;n.is_enabled&&(this.config.responsive.activeBreakpoints[t]=n)})}init(){this.hooks=new w,this.breakpoints=new f.default(this.config.responsive),this.storage=new i.default,this.elementsHandler=new _(jQuery),this.modulesHandlers={},this.addUserAgentClasses(),this.setDeviceModeData(),this.initDialogsManager(),this.isEditMode()&&this.muteMigrationTraces(),g.default.dispatch(this.elements.$window,"elementor/frontend/init"),this.initModules(),this.initOnReadyElements(),this.initOnReadyComponents()}onDocumentLoaded(){this.documentsManager=new o.default,this.trigger("components:init"),new h.default}}window.elementorFrontend=new Frontend,elementorFrontend.isEditMode()||jQuery(()=>elementorFrontend.init())},7672:(e,t)=>{Object.defineProperty(t,"__esModule",{value:!0}),t.isScrollSnapActive=t.escapeHTML=void 0;t.escapeHTML=e=>{const t={"&":"&amp;","<":"&lt;",">":"&gt;","'":"&#39;",'"':"&quot;"};return e.replace(/[&<>'"]/g,e=>t[e]||e)};t.isScrollSnapActive=()=>"yes"===(elementorFrontend.isEditMode()?elementor.settings.page.model.attributes?.scroll_snap:elementorFrontend.config.settings.page?.scroll_snap)},7842:(e,t,n)=>{Object.defineProperty(t,"__esModule",{value:!0}),t.default=void 0;class _default extends elementorModules.Module{constructor(){super(),elementorFrontend.elementsHandler.attachHandler("text-path",()=>n.e(30).then(n.bind(n,241)))}}t.default=_default},7969:(e,t,n)=>{var r=n(6261);e.exports=function(e,t){return void 0===e?arguments.length<2?"":t:r(e)}},8223:(e,t,n)=>{var r=n(4762),o=Error,i=r("".replace),s=String(new o("zxcasd").stack),a=/\n\s*at [^:]*:[^\n]*/,l=a.test(s);e.exports=function(e,t){if(l&&"string"==typeof e&&!o.prepareStackTrace)for(;t--;)e=i(e,a,"");return e}},8309:(e,t,n)=>{n.p=elementorFrontendConfig.urls.assets+"js/"},8422:(e,t)=>{Object.defineProperty(t,"__esModule",{value:!0}),t.default=void 0;class AssetsLoader{getScriptElement(e){const t=document.createElement("script");return t.src=e,t}getStyleElement(e){const t=document.createElement("link");return t.rel="stylesheet",t.href=e,t}load(e,t){const n=AssetsLoader.assets[e][t];return n.loader||(n.loader=this.isAssetLoaded(n,e)?Promise.resolve(!0):this.loadAsset(n,e)),n.loader}isAssetLoaded(e,t){const n="script"===t?`script[src="${e.src}"]`:`link[href="${e.src}"]`;return!!document.querySelectorAll(n)?.length}loadAsset(e,t){return new Promise(n=>{const r="style"===t?this.getStyleElement(e.src):this.getScriptElement(e.src);r.onload=()=>n(!0),this.appendAsset(e,r)})}appendAsset(e,t){const n=document.querySelector(e.before);if(n)return void n.insertAdjacentElement("beforebegin",t);const r="head"===e.parent?e.parent:"body";document[r].appendChild(t)}}t.default=AssetsLoader;const n=elementorFrontendConfig.urls.assets,r=elementorFrontendConfig.environmentMode.isScriptDebug?"":".min",o=elementorFrontendConfig.version;AssetsLoader.assets={script:{dialog:{src:`${n}lib/dialog/dialog${r}.js?ver=4.9.3`},"share-link":{src:`${n}lib/share-link/share-link${r}.js?ver=${o}`},swiper:{src:`${n}lib/swiper/v8/swiper${r}.js?ver=8.4.5`}},style:{swiper:{src:`${n}lib/swiper/v8/css/swiper${r}.css?ver=8.4.5`,parent:"head"},"e-lightbox":{src:elementorFrontendConfig?.responsive?.hasCustomBreakpoints?`${elementorFrontendConfig.urls.uploadUrl}/elementor/css/custom-lightbox.min.css?ver=${o}`:`${n}css/conditionals/lightbox${r}.css?ver=${o}`},dialog:{src:`${n}css/conditionals/dialog${r}.css?ver=${o}`,parent:"head",before:"#elementor-frontend-css"}}}},8427:(e,t)=>{Object.defineProperty(t,"__esModule",{value:!0}),t.default=void 0;class BaseLoader extends elementorModules.ViewModule{getDefaultSettings(){return{isInserted:!1,selectors:{firstScript:"script:first"}}}getDefaultElements(){return{$firstScript:jQuery(this.getSettings("selectors.firstScript"))}}insertAPI(){this.elements.$firstScript.before(jQuery("\x3cscript\x3e",{src:this.getApiURL()})),this.setSettings("isInserted",!0)}getVideoIDFromURL(e){const t=e.match(this.getURLRegex());return t&&t[1]}onApiReady(e){this.getSettings("isInserted")||this.insertAPI(),this.isApiLoaded()?e(this.getApiObject()):setTimeout(()=>{this.onApiReady(e)},350)}getAutoplayURL(e){return e.replace("&autoplay=0","")+"&autoplay=1"}}t.default=BaseLoader},8767:(e,t,n)=>{Object.defineProperty(t,"__esModule",{value:!0}),t.default=void 0,n(4846),n(9655);class _default extends elementorModules.Module{get(e,t){let n;t=t||{};try{n=t.session?sessionStorage:localStorage}catch(t){return e?void 0:{}}let r=n.getItem("elementor");r=r?JSON.parse(r):{},r.__expiration||(r.__expiration={});const o=r.__expiration;let i=[];e?o[e]&&(i=[e]):i=Object.keys(o);let s=!1;return i.forEach(e=>{new Date(o[e])<new Date&&(delete r[e],delete o[e],s=!0)}),s&&this.save(r,t.session),e?r[e]:r}set(e,t,n){n=n||{};const r=this.get(null,n);if(r[e]=t,n.lifetimeInSeconds){const t=new Date;t.setTime(t.getTime()+1e3*n.lifetimeInSeconds),r.__expiration[e]=t.getTime()}this.save(r,n.session)}save(e,t){let n;try{n=t?sessionStorage:localStorage}catch(e){return}n.setItem("elementor",JSON.stringify(e))}}t.default=_default},8891:(e,t,n)=>{Object.defineProperty(t,"__esModule",{value:!0}),t.default=void 0;t.default=[()=>n.e(557).then(n.bind(n,628))]},9807:(e,t,n)=>{Object.defineProperty(t,"__esModule",{value:!0}),t.default=void 0,n(5724),n(4846),n(7458),n(9655);class _default extends elementorModules.ViewModule{getDefaultSettings(){return{selectors:{links:'.elementor-element a[href*="#"]',stickyElements:".elementor-element.elementor-sticky"}}}onInit(){this.observeStickyElements(()=>{this.initializeStickyAndAnchorTracking()})}observeStickyElements(e){new MutationObserver(t=>{for(const n of t)("childList"===n.type||"attributes"===n.type&&n.target.classList.contains("elementor-sticky"))&&e()}).observe(document.body,{childList:!0,subtree:!0,attributes:!0,attributeFilter:["class","style"]})}initializeStickyAndAnchorTracking(){const e=this.getAllAnchorLinks(),t=this.getAllStickyElements(),n=[];!t.length>0&&!e.length>0||(this.trackStickyElements(t,n),this.trackAnchorLinks(e,n),this.organizeStickyAndAnchors(n))}trackAnchorLinks(e,t){e.forEach(e=>{const n=this.getAnchorTarget(e),r=this.getScrollPosition(n);t.push({element:n,type:"anchor",scrollPosition:r})})}trackStickyElements(e,t){e.forEach(e=>{const n=this.getElementSettings(e);if(!n||!n.sticky_anchor_link_offset)return;const{sticky_anchor_link_offset:r}=n;if(0===r)return;const o=this.getScrollPosition(e);t.push({scrollMarginTop:r,type:"sticky",scrollPosition:o})})}organizeStickyAndAnchors(e){const t=this.filterAndSortElementsByType(e,"sticky"),n=this.filterAndSortElementsByType(e,"anchor");t.forEach((e,r)=>{this.defineCurrentStickyRange(e,r,t,n)})}defineCurrentStickyRange(e,t,n,r){const o=t+1<n.length?n[t+1].scrollPosition:1/0;e.anchor=r.filter(t=>{const n=t.scrollPosition>e.scrollPosition&&t.scrollPosition<o;return n&&(t.element.style.scrollMarginTop=`${e.scrollMarginTop}px`),n})}getScrollPosition(e){let t=0;for(;e;)t+=e.offsetTop,e=e.offsetParent;return t}getAllStickyElements(){const e=document.querySelectorAll(this.getSettings("selectors.stickyElements"));return Array.from(e).filter((e,t,n)=>t===n.findIndex(t=>t.getAttribute("data-id")===e.getAttribute("data-id")))}getAllAnchorLinks(){const e=document.querySelectorAll(this.getSettings("selectors.links"));return Array.from(e).filter((e,t,n)=>t===n.findIndex(t=>t.getAttribute("href")===e.getAttribute("href")))}filterAndSortElementsByType(e,t){return e.filter(e=>t===e.type).sort((e,t)=>e.scrollPosition-t.scrollPosition)}isValidSelector(e){return/^#[A-Za-z_][\w-]*$/.test(e)}getAnchorTarget(e){const t=e?.hash;return this.isValidSelector(t)?document.querySelector(t):null}getElementSettings(e){return JSON.parse(e.getAttribute("data-settings"))}}t.default=_default}},e=>{e.O(0,[941],()=>{return t=7603,e(e.s=t);var t});e.O()}]);</script><span id="elementor-device-mode" class="elementor-screen-only"></span>
<script id="manoir-init-js-extra">
var MANOIR_STORAGE = {"ajax_url":"https://manoir.themerex.net/wp-admin/admin-ajax.php","ajax_nonce":"6aa76ef4e1","home_url":"https://manoir.themerex.net","theme_url":"https://manoir.themerex.net/wp-content/themes/manoir/","site_scheme":"scheme_default","user_logged_in":"","mobile_layout_width":"768","mobile_device":"","mobile_breakpoint_underpanels_off":"768","mobile_breakpoint_fullheight_off":"1025","menu_side_stretch":"","menu_side_icons":"1","background_video":"","use_mediaelements":"1","resize_tag_video":"","resize_tag_iframe":"1","open_full_post":"","which_block_load":"article","admin_mode":"","msg_ajax_error":"Invalid server answer!","msg_i_agree_error":"Please accept the terms of our Privacy Policy.","toggle_title":"Filter by ","msg_copied":"Copied!","alter_link_color":"#D3815D","mc4wp_msg_email_min":"Email address is too short (or empty)","mc4wp_msg_email_max":"Too long email address","button_hover":"default"};
//# sourceURL=manoir-init-js-extra
</script>
<script id="manoir-init-js" defer="defer">/* ATTENTION! This file was generated automatically! Don't change it!!!
----------------------------------------------------------------------- */
 ( function() { "use strict"; var ua = navigator.userAgent.toLowerCase(); if ( ( ua.indexOf( 'webkit' ) > -1 || ua.indexOf( 'opera' ) > -1 || ua.indexOf( 'msie' ) > -1 ) && document.getElementById && window.addEventListener ) { window.addEventListener( 'hashchange', function() { var element = document.getElementById( location.hash.substring( 1 ) ); if ( element ) { if ( ! /^(?:a|select|input|button|textarea)$/i.test( element.nodeName ) ) { element.tabIndex = -1; } element.focus(); } }, false ); } } )(); (function(){ "use strict"; var $window = jQuery( window ), $document = jQuery( document ), $adminbar = jQuery( '#wpadminbar' ), $body = jQuery( 'body' ); if (typeof MANOIR_STORAGE == 'undefined') { window.MANOIR_STORAGE = {}; } window.manoir_storage_get = function(var_name) { return manoir_isset( MANOIR_STORAGE[var_name] ) ? MANOIR_STORAGE[var_name] : ''; }; window.manoir_storage_set = function(var_name, value) { MANOIR_STORAGE[var_name] = value; }; window.manoir_storage_inc = function(var_name) { var value = arguments[1] === undefined ? 1 : arguments[1]; MANOIR_STORAGE[var_name] += value; }; window.manoir_storage_concat = function(var_name, value) { MANOIR_STORAGE[var_name] += '' + value; }; window.manoir_storage_get_array = function(var_name, key) { return manoir_isset( MANOIR_STORAGE[var_name][key] ) ? MANOIR_STORAGE[var_name][key] : ''; }; window.manoir_storage_set_array = function(var_name, key, value) { if ( ! manoir_isset( MANOIR_STORAGE[var_name] )) { MANOIR_STORAGE[var_name] = {}; } MANOIR_STORAGE[var_name][key] = value; }; window.manoir_storage_inc_array = function(var_name, key) { var value = arguments[2] === undefined ? 1 : arguments[2]; MANOIR_STORAGE[var_name][key] += value; }; window.manoir_storage_concat_array = function(var_name, key, value) { MANOIR_STORAGE[var_name][key] += '' + value; }; window.manoir_isset = function(obj) { return typeof(obj) != 'undefined'; }; window.manoir_empty = function(obj) { return typeof(obj) == 'undefined' || (typeof(obj) == 'object' && obj === null) || (typeof(obj) == 'array' && obj.length === 0) || (typeof(obj) == 'string' && manoir_alltrim( obj ) === '') || obj === 0; }; window.manoir_is_array = function(obj) { return typeof(obj) == 'array'; }; window.manoir_is_object = function(obj) { return typeof(obj) == 'object'; }; window.manoir_clone_object = function(obj) { if (obj === null || typeof(obj) != 'object') { return obj; } var temp = {}; for (var key in obj) { temp[key] = manoir_clone_object( obj[key] ); } return temp; }; window.manoir_merge_objects = function(obj1, obj2) { for (var i in obj2) { obj1[i] = obj2[i]; } return obj1; }; window.manoir_array_merge = function(a1, a2) { for (var i in a2) { a1[i] = a2[i]; } return a1; }; window.manoir_array_first_key = function(arr) { var rez = null; for (var i in arr) { rez = i; break; } return rez; }; window.manoir_array_first_value = function(arr) { var rez = null; for (var i in arr) { rez = arr[i]; break; } return rez; }; window.manoir_serialize = function(mixed_val) { var obj_to_array = arguments.length == 1 || argument[1] === true; switch (typeof(mixed_val)) { case "number": if (isNaN( mixed_val ) || ! isFinite( mixed_val )) { return false; } else { return (Math.floor( mixed_val ) == mixed_val ? "i" : "d") + ":" + mixed_val + ";"; } case "string": return "s:" + mixed_val.length + ":\"" + mixed_val + "\";"; case "boolean": return "b:" + (mixed_val ? "1" : "0") + ";"; case "object": if (mixed_val == null) { return "N;"; } else if (mixed_val instanceof Array) { var idxobj = { idx: -1 }; var map = []; for (var i = 0; i < mixed_val.length; i++) { idxobj.idx++; var ser = manoir_serialize( mixed_val[i] ); if (ser) { map.push( manoir_serialize( idxobj.idx ) + ser ); } } return "a:" + mixed_val.length + ":{" + map.join( "" ) + "}"; } else { var class_name = manoir_get_class( mixed_val ); if (class_name == undefined) { return false; } var props = new Array(); for (var prop in mixed_val) { var ser = manoir_serialize( mixed_val[prop] ); if (ser) { props.push( manoir_serialize( prop ) + ser ); } } if (obj_to_array) { return "a:" + props.length + ":{" + props.join( "" ) + "}"; } else { return "O:" + class_name.length + ":\"" + class_name + "\":" + props.length + ":{" + props.join( "" ) + "}"; } } case "undefined": return "N;"; } return false; }; ( function( $ ) { var b64 = "ABCDEFGHIJKLMNOPQRSTUVWXYZabcdefghijklmnopqrstuvwxyz0123456789+/", a256 = '', r64 = [256], r256 = [256], i = 0; var UTF8 = { encode: function(strUni) { var strUtf = strUni .replace( /[\u0080-\u07ff]/g, function(c) { var cc = c.charCodeAt(0); return String.fromCharCode(0xc0 | cc >> 6, 0x80 | cc & 0x3f); } ) .replace( /[\u0800-\uffff]/g, function(c) { var cc = c.charCodeAt(0); return String.fromCharCode(0xe0 | cc >> 12, 0x80 | cc >> 6 & 0x3F, 0x80 | cc & 0x3f); } ); return strUtf; }, decode: function(strUtf) { var strUni = strUtf .replace( /[\u00e0-\u00ef][\u0080-\u00bf][\u0080-\u00bf]/g, function(c) { var cc = ((c.charCodeAt(0) & 0x0f) << 12) | ((c.charCodeAt(1) & 0x3f) << 6) | (c.charCodeAt(2) & 0x3f); return String.fromCharCode(cc); } ) .replace( /[\u00c0-\u00df][\u0080-\u00bf]/g, function(c) { var cc = (c.charCodeAt(0) & 0x1f) << 6 | c.charCodeAt(1) & 0x3f; return String.fromCharCode(cc); } ); return strUni; } }; while( i < 256 ) { var c = String.fromCharCode(i); a256 += c; r256[i] = i; r64[i] = b64.indexOf(c); ++i; } function code(s, discard, alpha, beta, w1, w2) { s = String(s); var buffer = 0, i = 0, length = s.length, result = '', bitsInBuffer = 0; while (i < length) { var c = s.charCodeAt(i); c = c < 256 ? alpha[c] : -1; buffer = (buffer << w1) + c; bitsInBuffer += w1; while (bitsInBuffer >= w2) { bitsInBuffer -= w2; var tmp = buffer >> bitsInBuffer; result += beta.charAt(tmp); buffer ^= tmp << bitsInBuffer; } ++i; } if ( ! discard && bitsInBuffer > 0) { result += beta.charAt(buffer << (w2 - bitsInBuffer)); } return result; } var Plugin = $.manoir_encoder = function(dir, input, encode) { return input ? Plugin[dir](input, encode) : dir ? null : this; }; Plugin.btoa = Plugin.encode = function(plain, utf8encode) { plain = Plugin.raw === false || Plugin.utf8encode || utf8encode ? UTF8.encode(plain) : plain; plain = code(plain, false, r256, b64, 8, 6); return plain + '===='.slice((plain.length % 4) || 4); }; Plugin.atob = Plugin.decode = function(coded, utf8decode) { coded = String(coded).split('='); var i = coded.length; do { --i; coded[i] = code(coded[i], true, r64, a256, 6, 8); } while (i > 0); coded = coded.join(''); return Plugin.raw === false || Plugin.utf8decode || utf8decode ? UTF8.decode(coded) : coded; }; }(jQuery) ); window.manoir_get_class = function(obj) { if (obj instanceof Object && ! (obj instanceof Array) && ! (obj instanceof Function) && obj.constructor) { var arr = obj.constructor.toString().match( /function\s*(\w+)/ ); if (arr && arr.length == 2) { return arr[1]; } } return false; }; window.manoir_debounce = function(func, wait) { var timeout; return function () { var context = this, args = arguments; var later = function later() { timeout = null; func.apply(context, args); }; var callNow = !timeout; clearTimeout(timeout); timeout = setTimeout(later, wait); if (callNow) { func.apply(context, args); } }; }; window.manoir_throttle = function(func, wait, debounce) { var timeout; return function () { var context = this, args = arguments; var throttler = function () { timeout = null; func.apply(context, args); }; if (debounce) clearTimeout(timeout); if (debounce || !timeout) timeout = setTimeout(throttler, wait); }; }; var manoir_observers = {}; window.manoir_create_observer = function( id, obj, callback, args ) { if ( typeof window.trx_addons_create_observer != 'undefined' ) { return trx_addons_create_observer( id, obj, callback, args ); } else if ( typeof window.MutationObserver !== 'undefined' && obj.length > 0 ) { if ( typeof manoir_observers[ id ] == 'undefined' ) { var defa = { attributes: false, childList: true, subtree: true }; if ( args ) { defa = manoir_object_merge( defa, args ); } manoir_observers[ id ] = { observer: new MutationObserver( callback ), obj: obj.get(0) }; manoir_observers[ id ].observer.observe( manoir_observers[ id ].obj, defa ); } return true; } return false; }; window.manoir_remove_observer = function( id ) { if ( typeof window.trx_addons_remove_observer != 'undefined' ) { return trx_addons_remove_observer( id ); } else if ( typeof window.MutationObserver !== 'undefined' ) { if ( typeof manoir_observers[ id ] !== 'undefined' ) { manoir_observers[ id ].observer.disconnect( manoir_observers[ id ].obj ); delete manoir_observers[ id ]; } return true; } return false; }; var filters = {}; window.manoir_add_filter = function( filter, callback, priority ) { if ( typeof window.trx_addons_add_filter != 'undefined' ) { trx_addons_add_filter( filter, callback, priority ); } else if ( typeof wp != 'undefined' && typeof wp.hooks != 'undefined' ) { wp.hooks.addFilter( filter, 'manoir', callback, priority == undefined ? 10 : priority ); } else { if ( ! filters[filter] ) filters[filter] = {}; if ( ! filters[filter][priority] ) filters[filter][priority] = []; filters[filter][priority].push( callback ); } }; window.manoir_apply_filters = function( filter, arg1, arg2, arg3, arg4, arg5, arg6, arg7, arg8, arg9 ) { if ( typeof window.trx_addons_apply_filters != 'undefined' ) { arg1 = trx_addons_apply_filters( filter, arg1, arg2, arg3, arg4, arg5, arg6, arg7, arg8, arg9 ); } else if ( typeof wp != 'undefined' && typeof wp.hooks != 'undefined' && typeof wp.hooks.applyFilters != 'undefined' ) { arg1 = wp.hooks.applyFilters( filter, arg1, arg2, arg3, arg4, arg5, arg6, arg7, arg8, arg9 ); } else if ( typeof filters[filter] == 'object' ) { var keys = Object.keys(filters[filter]).sort(); for (var i=0; i < keys.length; i++ ) { for (var j=0; j < filters[filter][keys[i]].length; j++ ) { if ( typeof filters[filter][keys[i]][j] == 'function' ) { arg1 = filters[filter][keys[i]][j](arg1, arg2, arg3, arg4, arg5, arg6, arg7, arg8, arg9); } } } } return arg1; }; window.manoir_add_action = function( action, callback, priority ) { if ( typeof window.trx_addons_add_action != 'undefined' ) { trx_addons_add_action( action, callback, priority ); } else if ( typeof wp != 'undefined' && typeof wp.hooks != 'undefined' ) { wp.hooks.addAction( action, 'manoir', callback, priority == undefined ? 10 : priority ); } else { manoir_add_filter( action, callback, priority ); } }; window.manoir_do_action = function( action, arg1, arg2, arg3, arg4, arg5, arg6, arg7, arg8, arg9 ) { if ( typeof window.trx_addons_do_action != 'undefined' ) { trx_addons_do_action( action, arg1, arg2, arg3, arg4, arg5, arg6, arg7, arg8, arg9 ); } else if ( typeof wp != 'undefined' && typeof wp.hooks != 'undefined' && typeof wp.hooks.doActions != 'undefined' ) { wp.hooks.doActions( action, arg1, arg2, arg3, arg4, arg5, arg6, arg7, arg8, arg9 ); } else { manoir_apply_filters( action, arg1, arg2, arg3, arg4, arg5, arg6, arg7, arg8, arg9 ); } }; window.manoir_in_list = function(str, list) { var delim = arguments[2] !== undefined ? arguments[2] : '|'; var icase = arguments[3] !== undefined ? arguments[3] : true; var retval = false; if (icase) { if (typeof(str) == 'string') { str = str.toLowerCase(); } list = list.toLowerCase(); } var parts = list.split( delim ); for (var i = 0; i < parts.length; i++) { if (parts[i] == str) { retval = true; break; } } return retval; }; window.manoir_alltrim = function(str) { var dir = arguments[1] !== undefined ? arguments[1] : 'a'; var rez = ''; var i, start = 0, end = str.length - 1; if (dir == 'a' || dir == 'l') { for (i = 0; i < str.length; i++) { if (str.substr( i, 1 ) != ' ') { start = i; break; } } } if (dir == 'a' || dir == 'r') { for (i = str.length - 1; i >= 0; i--) { if (str.substr( i, 1 ) != ' ') { end = i; break; } } } return str.substring( start, end + 1 ); }; window.manoir_ltrim = function(str) { return manoir_alltrim( str, 'l' ); }; window.manoir_rtrim = function(str) { return manoir_alltrim( str, 'r' ); }; window.manoir_padl = function(str, len) { var ch = arguments[2] !== undefined ? arguments[2] : ' '; var rez = str.substr( 0, len ); if (rez.length < len) { for (var i = 0; i < len - str.length; i++) { rez += ch; } } return rez; }; window.manoir_padr = function(str, len) { var ch = arguments[2] !== undefined ? arguments[2] : ' '; var rez = str.substr( 0, len ); if (rez.length < len) { for (var i = 0; i < len - str.length; i++) { rez = ch + rez; } } return rez; }; window.manoir_padc = function(str, len) { var ch = arguments[2] !== undefined ? arguments[2] : ' '; var rez = str.substr( 0, len ); if (rez.length < len) { for (var i = 0; i < Math.floor( (len - str.length) / 2 ); i++) { rez = ch + rez + ch; } } return rez + (rez.length < len ? ch : ''); }; window.manoir_replicate = function(str, num) { var rez = ''; for (var i = 0; i < num; i++) { rez += str; } return rez; }; window.manoir_prepare_macros = function(str) { return str .replace( /\{\{/g, "<i>" ) .replace( /\}\}/g, "</i>" ) .replace( /\(\(/g, "<b>" ) .replace( /\)\)/g, "</b>" ) .replace( /\|\|/g, "<br>" ); }; window.manoir_round_number = function(num) { var precision = arguments[1] !== undefined ? arguments[1] : 0; var p = Math.pow( 10, precision ); return Math.round( num * p ) / p; }; window.manoir_clear_number = function(num) { var precision = arguments[1] !== undefined ? arguments[1] : 0; var defa = arguments[2] !== undefined ? arguments[2] : 0; var res = ''; var decimals = -1; num = "" + num; if (num == "") { num = "" + defa; } for (var i = 0; i < num.length; i++) { if (decimals == 0) { break; } else if (decimals > 0) { decimals--; } var ch = num.substr( i,1 ); if (ch == '.') { if (precision > 0) { res += ch; } decimals = precision; } else if ((ch >= 0 && ch <= 9) || (ch == '-' && i == 0)) { res += ch; } } if (precision > 0 && decimals != 0) { if (decimals == -1) { res += '.'; decimals = precision; } for (i = decimals; i > 0; i--) { res += '0'; } } return res; }; window.manoir_dec2hex = function(n) { return Number( n ).toString( 16 ); }; window.manoir_hex2dec = function(hex) { return parseInt( hex,16 ); }; window.manoir_in_array = function(val, thearray) { var rez = false; for (var i = 0; i < thearray.length - 1; i++) { if (thearray[i] == val) { rez = true; break; } } return rez; }; window.manoir_sort_array = function(thearray) { var caseSensitive = arguments[1] !== undefined ? arguments[1] : false; var tmp = ''; for (var x = 0; x < thearray.length - 1; x++) { for (var y = (x + 1); y < thearray.length; y++) { if (caseSensitive) { if (thearray[x] > thearray[y]) { tmp = thearray[x]; thearray[x] = thearray[y]; thearray[y] = tmp; } } else { if (thearray[x].toLowerCase() > thearray[y].toLowerCase()) { tmp = thearray[x]; thearray[x] = thearray[y]; thearray[y] = tmp; } } } } return thearray; }; window.manoir_parse_date = function(dt) { dt = dt.replace( /\//g, '-' ).replace( /\./g, '-' ).replace( /T/g, ' ' ).split( '+' )[0]; var dt2 = dt.split( ' ' ); var d = dt2[0].split( '-' ); var t = dt2[1].split( ':' ); d.push( t[0], t[1], t[2] ); return d; }; window.manoir_get_date_difference = function(dt1) { var dt2 = arguments[1] !== undefined ? arguments[1] : ''; var short_date = arguments[2] !== undefined ? arguments[2] : true; var sec = arguments[3] !== undefined ? arguments[3] : false; var a1 = manoir_parse_date( dt1 ); dt1 = Date.UTC( a1[0], a1[1], a1[2], a1[3], a1[4], a1[5] ); if (dt2 == '') { dt2 = new Date(); var a2 = [dt2.getFullYear(), dt2.getMonth() + 1, dt2.getDate(), dt2.getHours(), dt2.getMinutes(), dt2.getSeconds()]; } else { var a2 = manoir_parse_date( dt2 ); } dt2 = Date.UTC( a2[0], a2[1], a2[2], a2[3], a2[4], a2[5] ); var diff = Math.round( (dt2 - dt1) / 1000 ); var days = Math.floor( diff / (24 * 3600) ); diff -= days * 24 * 3600; var hours = Math.floor( diff / 3600 ); diff -= hours * 3600; var minutes = Math.floor( diff / 60 ); diff -= minutes * 60; var rez = ''; if (days > 0) { rez += (rez !== '' ? ' ' : '') + days + ' day' + (days > 1 ? 's' : ''); } if (( ! short_date || rez == '') && hours > 0) { rez += (rez !== '' ? ' ' : '') + hours + ' hour' + (hours > 1 ? 's' : ''); } if (( ! short_date || rez == '') && minutes > 0) { rez += (rez !== '' ? ' ' : '') + minutes + ' minute' + (minutes > 1 ? 's' : ''); } if (sec || rez == '') { rez += rez !== '' || sec ? (' ' + diff + ' second' + (diff > 1 ? 's' : '')) : 'less then minute'; } return rez; }; window.manoir_hex2rgb = function(hex) { hex = parseInt( ((hex.indexOf( '#' ) > -1) ? hex.substring( 1 ) : hex), 16 ); return {r: hex >> 16, g: (hex & 0x00FF00) >> 8, b: (hex & 0x0000FF)}; }; window.manoir_hex2rgba = function(hex, alpha) { var rgb = manoir_hex2rgb( hex ); return 'rgba(' + rgb.r + ',' + rgb.g + ',' + rgb.b + ',' + alpha + ')'; }; window.manoir_rgba2hex = function(color, alpha) { var aRGB = color.match( /^rgba?\((\d{1,3}),(\d{1,3}),(\d{1,3})(,(\d{1,3}))?\)$/i ); if ( ! aRGB) { return color; } var rgb = ''; for (var i = 1; i <= 3; i++) { rgb += Math.round( aRGB[i] ).toString( 16 ).replace( /^(.)$/,'0$1' ); } if ( alpha ) { rgb += Math.round( aRGB[5] * 255 ).toString( 16 ).replace( /^(.)$/,'0$1' ); } return '#' + rgb; }; window.manoir_rgb2hex = function(color, alpha) { var aRGB; color = color.replace( /\s/g,"" ).toLowerCase(); if (color == 'rgba(0,0,0,0)' || color == 'rgba(0%,0%,0%,0%)') { color = 'transparent'; } if (color.indexOf( 'rgba(' ) == 0) { aRGB = color.match( /^rgba\((\d{1,3}[%]?),(\d{1,3}[%]?),(\d{1,3}[%]?),(\d{1,3}[%]?)\)$/i ); } else { aRGB = color.match( /^rgb\((\d{1,3}[%]?),(\d{1,3}[%]?),(\d{1,3}[%]?)\)$/i ); } if (aRGB) { color = ''; for (var i = 1; i <= 3; i++) { color += Math.round( (aRGB[i][aRGB[i].length - 1] == "%" ? 2.55 : 1) * parseInt( aRGB[i] ) ).toString( 16 ).replace( /^(.)$/,'0$1' ); } if ( alpha && aRGB[4] !== undefined ) { color += Math.round( aRGB[4] * 255 ).toString( 16 ).replace( /^(.)$/,'0$1' ); } } else { color = color.replace( /^#?([\da-f])([\da-f])([\da-f])$/i, '$1$1$2$2$3$3' ); } return (color.substr( 0,1 ) != '#' ? '#' : '') + color; }; window.manoir_components2hex = function(r,g,b) { return '#' + Number( r ).toString( 16 ).toUpperCase().replace( /^(.)$/,'0$1' ) + Number( g ).toString( 16 ).toUpperCase().replace( /^(.)$/,'0$1' ) + Number( b ).toString( 16 ).toUpperCase().replace( /^(.)$/,'0$1' ); }; window.manoir_rgb2components = function(color) { color = manoir_rgb2hex( color ); var matches = color.match( /^#?([\dabcdef]{2})([\dabcdef]{2})([\dabcdef]{2})$/i ); if ( ! matches) { return false; } for (var i = 1, rgb = new Array( 3 ); i <= 3; i++) { rgb[i - 1] = parseInt( matches[i],16 ); } return rgb; }; window.manoir_hex2hsb = function(hex) { var h = arguments[1] !== undefined ? arguments[1] : 0; var s = arguments[2] !== undefined ? arguments[2] : 0; var b = arguments[3] !== undefined ? arguments[3] : 0; var hsb = manoir_rgb2hsb( manoir_hex2rgb( hex ) ); hsb.h = Math.min( 359, Math.max( 0, hsb.h + h ) ); hsb.s = Math.min( 100, Math.max( 0, hsb.s + s ) ); hsb.b = Math.min( 100, Math.max( 0, hsb.b + b ) ); return hsb; }; window.manoir_hsb2hex = function(hsb) { var rgb = manoir_hsb2rgb( hsb ); return manoir_components2hex( rgb.r, rgb.g, rgb.b ); }; window.manoir_rgb2hsb = function(rgb) { var hsb = {}; hsb.b = Math.max( Math.max( rgb.r,rgb.g ),rgb.b ); hsb.s = (hsb.b <= 0) ? 0 : Math.round( 100 * (hsb.b - Math.min( Math.min( rgb.r,rgb.g ),rgb.b )) / hsb.b ); hsb.b = Math.round( (hsb.b / 255) * 100 ); if ((rgb.r == rgb.g) && (rgb.g == rgb.b)) { hsb.h = 0; } else if (rgb.r >= rgb.g && rgb.g >= rgb.b) { hsb.h = 60 * (rgb.g - rgb.b) / (rgb.r - rgb.b); } else if (rgb.g >= rgb.r && rgb.r >= rgb.b) { hsb.h = 60 + 60 * (rgb.g - rgb.r) / (rgb.g - rgb.b); } else if (rgb.g >= rgb.b && rgb.b >= rgb.r) { hsb.h = 120 + 60 * (rgb.b - rgb.r) / (rgb.g - rgb.r); } else if (rgb.b >= rgb.g && rgb.g >= rgb.r) { hsb.h = 180 + 60 * (rgb.b - rgb.g) / (rgb.b - rgb.r); } else if (rgb.b >= rgb.r && rgb.r >= rgb.g) { hsb.h = 240 + 60 * (rgb.r - rgb.g) / (rgb.b - rgb.g); } else if (rgb.r >= rgb.b && rgb.b >= rgb.g) { hsb.h = 300 + 60 * (rgb.r - rgb.b) / (rgb.r - rgb.g); } else { hsb.h = 0; } hsb.h = Math.round( hsb.h ); return hsb; }; window.manoir_hsb2rgb = function(hsb) { var rgb = {}; var h = Math.round( hsb.h ); var s = Math.round( hsb.s * 255 / 100 ); var v = Math.round( hsb.b * 255 / 100 ); if (s == 0) { rgb.r = rgb.g = rgb.b = v; } else { var t1 = v; var t2 = (255 - s) * v / 255; var t3 = (t1 - t2) * (h % 60) / 60; if (h == 360) { h = 0; } if (h < 60) { rgb.r = t1; rgb.b = t2; rgb.g = t2 + t3; } else if (h < 120) { rgb.g = t1; rgb.b = t2; rgb.r = t1 - t3; } else if (h < 180) { rgb.g = t1; rgb.r = t2; rgb.b = t2 + t3; } else if (h < 240) { rgb.b = t1; rgb.r = t2; rgb.g = t1 - t3; } else if (h < 300) { rgb.b = t1; rgb.g = t2; rgb.r = t2 + t3; } else if (h < 360) { rgb.r = t1; rgb.g = t2; rgb.b = t1 - t3; } else { rgb.r = 0; rgb.g = 0; rgb.b = 0; } } return { r:Math.round( rgb.r ), g:Math.round( rgb.g ), b:Math.round( rgb.b ) }; }; window.manoir_color_picker = function(){ var id = arguments[0] !== undefined ? arguments[0] : "iColorPicker" + Math.round( Math.random() * 1000 ); var colors = arguments[1] !== undefined ? arguments[1] : '#f00,#ff0,#0f0,#0ff,#00f,#f0f,#fff,#ebebeb,#e1e1e1,#d7d7d7,#cccccc,#c2c2c2,#b7b7b7,#acacac,#a0a0a0,#959595,' + '#ee1d24,#fff100,#00a650,#00aeef,#2f3192,#ed008c,#898989,#7d7d7d,#707070,#626262,#555,#464646,#363636,#262626,#111,#000,' + '#f7977a,#fbad82,#fdc68c,#fff799,#c6df9c,#a4d49d,#81ca9d,#7bcdc9,#6ccff7,#7ca6d8,#8293ca,#8881be,#a286bd,#bc8cbf,#f49bc1,#f5999d,' + '#f16c4d,#f68e54,#fbaf5a,#fff467,#acd372,#7dc473,#39b778,#16bcb4,#00bff3,#438ccb,#5573b7,#5e5ca7,#855fa8,#a763a9,#ef6ea8,#f16d7e,' + '#ee1d24,#f16522,#f7941d,#fff100,#8fc63d,#37b44a,#00a650,#00a99e,#00aeef,#0072bc,#0054a5,#2f3192,#652c91,#91278f,#ed008c,#ee105a,' + '#9d0a0f,#a1410d,#a36209,#aba000,#588528,#197b30,#007236,#00736a,#0076a4,#004a80,#003370,#1d1363,#450e61,#62055f,#9e005c,#9d0039,' + '#790000,#7b3000,#7c4900,#827a00,#3e6617,#045f20,#005824,#005951,#005b7e,#003562,#002056,#0c004b,#30004a,#4b0048,#7a0045,#7a0026'; var colorsList = colors.split( ',' ); var tbl = '<table class="colorPickerTable"><thead>'; for (var i = 0; i < colorsList.length; i++) { if (i % 16 == 0) { tbl += (i > 0 ? '</tr>' : '') + '<tr>'; } tbl += '<td style="background-color:' + colorsList[i] + '">&nbsp;</td>'; } tbl += '</tr></thead><tbody>' + '<tr style="height:60px;">' + '<td colspan="8" id="' + id + '_colorPreview" style="vertical-align:middle;text-align:center;border:1px solid #000;background:#fff;">' + '<input style="width:55px;color:#000;border:1px solid rgb(0, 0, 0);padding:5px;background-color:#fff;font:11px Arial, Helvetica, sans-serif;" maxlength="7" />' + '<a href="#" id="' + id + '_moreColors" class="iColorPicker_moreColors"></a>' + '</td>' + '<td colspan="8" id="' + id + '_colorOriginal" style="vertical-align:middle;text-align:center;border:1px solid #000;background:#fff;">' + '<input style="width:55px;color:#000;border:1px solid rgb(0, 0, 0);padding:5px;background-color:#fff;font:11px Arial, Helvetica, sans-serif;" readonly="readonly" />' + '</td>' + '</tr></tbody></table>'; jQuery( document.createElement( "div" ) ) .attr( "id", id ) .css( 'display','none' ) .html( tbl ) .appendTo( "body" ) .addClass( "iColorPickerTable" ) .on( 'mouseover', 'thead td', function(){ var aaa = manoir_rgb2hex( jQuery( this ).css( 'background-color' ) ); jQuery( '#' + id + '_colorPreview' ).css( 'background',aaa ); jQuery( '#' + id + '_colorPreview input' ).val( aaa ); } ) .on( 'keypress', '#' + id + '_colorPreview input', function(key){ var aaa = jQuery( this ).val(); if (aaa.length < 7 && ((key.which >= 48 && key.which <= 57) || (key.which >= 97 && key.which <= 102) || (key.which === 35 || aaa.length === 0))) { aaa += String.fromCharCode( key.which ); } else if (key.which == 8 && aaa.length > 0) { aaa = aaa.substring( 0, aaa.length - 1 ); } else if (key.which === 13 && (aaa.length === 4 || aaa.length === 7)) { var fld = jQuery( '#' + id ).data( 'field' ); var func = jQuery( '#' + id ).data( 'func' ); if (func !== null && func != 'undefined') { func( fld, aaa ); } else { fld.val( aaa ).css( 'backgroundColor', aaa ).trigger( 'change' ); } jQuery( '#' + id + '_Bg' ).fadeOut( 500 ); jQuery( '#' + id ).fadeOut( 500 ); } else { key.preventDefault(); return false; } if (aaa.substr( 0,1 ) === '#' && (aaa.length === 4 || aaa.length === 7)) { jQuery( '#' + id + '_colorPreview' ).css( 'background',aaa ); } return true; } ) .on( 'click', 'thead td', function(e){ var fld = jQuery( '#' + id ).data( 'field' ); var func = jQuery( '#' + id ).data( 'func' ); var aaa = manoir_rgb2hex( jQuery( this ).css( 'background-color' ) ); if (func !== null && func != 'undefined') { func( fld, aaa ); } else { fld.val( aaa ).css( 'backgroundColor', aaa ).trigger( 'change' ); } jQuery( '#' + id + '_Bg' ).fadeOut( 500 ); jQuery( '#' + id ).fadeOut( 500 ); e.preventDefault(); return false; } ) .on( 'click', 'tbody .iColorPicker_moreColors', function(e){ var thead = jQuery( this ).parents( 'table' ).find( 'thead' ); var out = ''; if (thead.hasClass( 'more_colors' )) { for (var i = 0; i < colorsList.length; i++) { if (i % 16 == 0) { out += (i > 0 ? '</tr>' : '') + '<tr>'; } out += '<td style="background-color:' + colorsList[i] + '">&nbsp;</td>'; } thead.removeClass( 'more_colors' ).empty().html( out + '</tr>' ); jQuery( '#' + id + '_colorPreview' ).attr( 'colspan', 8 ); jQuery( '#' + id + '_colorOriginal' ).attr( 'colspan', 8 ); } else { var rgb = [0,0,0], i = 0, j = -1; while (rgb[0] < 0xF || rgb[1] < 0xF || rgb[2] < 0xF) { if (i % 18 === 0) { out += (i > 0 ? '</tr>' : '') + '<tr>'; } i++; out += '<td style="background-color:' + manoir_components2hex( rgb[0] * 16 + rgb[0],rgb[1] * 16 + rgb[1],rgb[2] * 16 + rgb[2] ) + '">&nbsp;</td>'; rgb[2] += 3; if (rgb[2] > 0xF) { rgb[1] += 3; if (rgb[1] > (j === 0 ? 6 : 0xF)) { rgb[0] += 3; if (rgb[0] > 0xF) { if (j === 0) { j = 1; rgb[0] = 0; rgb[1] = 9; rgb[2] = 0; } else { break; } } else { rgb[1] = (j < 1 ? 0 : 9); rgb[2] = 0; } } else { rgb[2] = 0; } } } thead.addClass( 'more_colors' ).empty().html( out + '<td style="background-color:#ffffff" colspan="8">&nbsp;</td></tr>' ); jQuery( '#' + id + '_colorPreview' ).attr( 'colspan', 9 ); jQuery( '#' + id + '_colorOriginal' ).attr( 'colspan', 9 ); } jQuery( '#' + id + ' table.colorPickerTable thead td' ) .css( { 'width':'12px', 'height':'14px', 'border':'1px solid #000', 'cursor':'pointer' } ); e.preventDefault(); return false; } ); jQuery( document.createElement( "div" ) ) .attr( "id", id + "_Bg" ) .on( 'click', function(e) { jQuery( "#" + id + "_Bg" ).fadeOut( 500 ); jQuery( "#" + id ).fadeOut( 500 ); e.preventDefault(); return false; } ) .appendTo( "body" ); jQuery( '#' + id + ' table.colorPickerTable thead td' ) .css( { 'width':'12px', 'height':'14px', 'border':'1px solid #000', 'cursor':'pointer' } ); jQuery( '#' + id + ' table.colorPickerTable' ) .css( {'border-collapse':'collapse'} ); jQuery( '#' + id ) .css( { 'border':'1px solid #ccc', 'background':'#333', 'padding':'5px', 'color':'#fff' } ); jQuery( '#' + id + '_colorPreview' ) .css( {'height':'50px'} ); return id; }; window.manoir_color_picker_show = function(id, fld, func) { if (id === null || id === '') { id = jQuery( '.iColorPickerTable' ).attr( 'id' ); } var eICP = fld.offset(); var w = jQuery( '#' + id ).width(); var h = jQuery( '#' + id ).height(); var l = eICP.left + w < $window.width() - 10 ? eICP.left : $window.width() - 10 - w; var t = eICP.top + fld.outerHeight() + h < $window.scrollTop() + $window.height() - 10 ? eICP.top + fld.outerHeight() : eICP.top - h - 13; jQuery( "#" + id ) .data( {field: fld, func: func} ) .css( { 'top':t + "px", 'left':l + "px", 'position':'absolute', 'z-index':999999 } ) .fadeIn( 500 ); jQuery( "#" + id + "_Bg" ) .css( { 'position':'fixed', 'z-index':999998, 'top':0, 'left':0, 'width':'100%', 'height':'100%' } ) .fadeIn( 500 ); var def = fld.val().substr( 0, 1 ) == '#' ? fld.val() : manoir_rgb2hex( fld.css( 'backgroundColor' ) ); jQuery( '#' + id + '_colorPreview input,#' + id + '_colorOriginal input' ).val( def ); jQuery( '#' + id + '_colorPreview,#' + id + '_colorOriginal' ).css( 'background',def ); }; window.manoir_get_load_fonts_family_string = function( name, family ) { var parts = [ name ]; if ( manoir_alltrim( family ) != '' ) { parts = parts.concat( family.split( ',' ) ); } for( var i = 0; i < parts.length; i++ ) { parts[ i ] = manoir_alltrim( parts[ i ] ); if ( parts[ i ].indexOf( '"' ) < 0 && parts[ i ].indexOf( ' ' ) >= 0 ) { parts[ i ] = '"' + parts[ i ] + '"'; } } return parts.join(','); }; window.manoir_get_class_by_prefix = function(classes, prefix) { var rez = ''; if ( classes ) { classes = classes.split(' '); for (var i=0; i < classes.length; i++) { if (classes[i].indexOf(prefix) >= 0) { rez = classes[i].replace(/[\s]+/g, ''); break; } } } return rez; }; window.manoir_chg_class_by_prefix = function(classes, prefix, new_value) { var chg = false; if ( ! classes ) classes = ''; classes = classes.replace(/[\s]+/g, ' ').split(' '); new_value = new_value.replace(/[\s]+/g, ''); if ( typeof prefix == 'string' ) { prefix = [prefix]; } for (var i=0; i < classes.length; i++) { for (var j = 0; j < prefix.length; j++ ) { if (classes[i].indexOf( prefix[j] ) >= 0) { classes[i] = new_value; chg = true; break; } } if ( chg ) break; } if ( ! chg && new_value ) { if (classes.length == 1 && classes[0] === '') classes[0] = new_value; else classes.push( new_value ); } return classes.join(' '); }; window.manoir_import_inline_styles = function( response ) { if ( ! response ) { return; } var selectors = manoir_apply_filters( 'manoir_filter_spa_inline_css_selectors', [ 'manoir-inline-styles-inline-css', 'trx_addons-inline-styles-inline-css', 'woocommerce-inline-inline-css', 'elementor-frontend-inline-css' ] ); var p1, p2, inline_css, $inline_css_tag; for ( var i = 0; i < selectors.length; i++ ) { p1 = response.indexOf( selectors[i] ); if ( p1 > 0 ) { p1 = response.indexOf( '>', p1 ) + 1; p2 = response.indexOf( '</style>', p1 ), inline_css = response.substring( p1, p2 ), $inline_css_tag = jQuery( '#' + selectors[i] ); if ( $inline_css_tag.length === 0 ) { $body.append( '<style id="' + selectors[i] + '" type="text/css">' + inline_css + '</style>' ); } else { $inline_css_tag.append( inline_css ); } } } }; window.manoir_import_tags_link = function( response ) { var links = response ? response.match( /<link[^>]*rel=['"]stylesheet['"][^>]*id=['"]([^'"]+)['"][^>]*>/g ) : false; if ( links ) { var $head = jQuery( 'head' ); for ( var i = 0; i < links.length; i++ ) { var matches = links[i].match( /<link[^>]*rel=['"]stylesheet['"][^>]*id=['"]([^'"]+)['"][^>]*>/ ); if ( matches && matches.length && matches.length > 1 && matches[1] ) { if ( jQuery( '#' + matches[1].replace('.', '\\.') ).length === 0 ) { $head.prepend( links[i] ); } } } } }; window.manoir_get_cookie = function(name) { var defa = arguments[1] !== undefined ? arguments[1] : null; var start = document.cookie.indexOf( name + '=' ); var len = start + name.length + 1; if (( ! start) && (name != document.cookie.substring( 0, name.length ))) { return defa; } if (start == -1) { return defa; } var end = document.cookie.indexOf( ';', len ); if (end == -1) { end = document.cookie.length; } return unescape( document.cookie.substring( len, end ) ); }; window.manoir_set_cookie = function(name, value) { var expires = arguments[2] !== undefined ? arguments[2] : 0; var path = arguments[3] !== undefined ? arguments[3] : '/'; var domain = arguments[4] !== undefined ? arguments[4] : ''; var secure = arguments[5] !== undefined ? arguments[5] : ''; var samesite = arguments[6] !== undefined ? arguments[6] : 'strict'; var today = new Date(); today.setTime( today.getTime() ); var expires_date = new Date( today.getTime() + (expires * 1) ); document.cookie = encodeURIComponent(name) + '=' + encodeURIComponent( value ) + (expires ? ';expires=' + expires_date.toGMTString() : '') + (path ? ';path=' + path : '') + (domain ? ';domain=' + domain : '') + (secure ? ';secure' : '') + (samesite ? ';samesite=' + samesite : ''); }; window.manoir_del_cookie = function(name) { var path = arguments[1] !== undefined ? arguments[1] : '/'; var domain = arguments[2] !== undefined ? arguments[2] : ''; var secure = arguments[3] !== undefined ? arguments[3] : ''; var samesite = arguments[4] !== undefined ? arguments[4] : 'strict'; if ( manoir_get_cookie( name ) ) { document.cookie = name + '=' + ';expires=Thu, 01-Jan-1970 00:00:01 GMT' + (path ? ';path=' + path : '') + (domain ? ';domain=' + domain : '') + (secure ? ';secure' : '') + (samesite ? ';samesite=' + samesite : ''); } }; window.manoir_is_local_storage_exists = function() { try { return 'localStorage' in window && window['localStorage'] !== null; } catch (e) { return false; } }; window.manoir_get_storage = function(name) { var defa = arguments[1] !== undefined ? arguments[1] : null; var val = null; if (manoir_is_local_storage_exists()) { val = window['localStorage'].getItem(name); if (val === null) val = defa; } else { val = manoir_get_cookie(name, defa); } return val; }; window.manoir_set_storage = function(name, value) { if (manoir_is_local_storage_exists()) window['localStorage'].setItem(name, value); else manoir_set_cookie(name, value, 365 * 24 * 60 * 60 * 1000); }; window.manoir_del_storage = function(name) { if (manoir_is_local_storage_exists()) window['localStorage'].removeItem(name); else manoir_del_cookie(name); }; window.manoir_clear_storage = function() { if (manoir_is_local_storage_exists()) window['localStorage'].clear(); }; window.manoir_clear_listbox = function(box) { for (var i = box.options.length - 1; i >= 0; i--) { box.options[i] = null; } }; window.manoir_add_listbox_item = function(box, val, text) { var item = new Option(); item.value = val; item.text = text; box.options.add( item ); }; window.manoir_del_listbox_item_by_value = function(box, val) { for (var i = 0; i < box.options.length; i++) { if (box.options[i].value == val) { box.options[i] = null; break; } } }; window.manoir_del_listbox_item_by_text = function(box, txt) { for (var i = 0; i < box.options.length; i++) { if (box.options[i].text == txt) { box.options[i] = null; break; } } }; window.manoir_find_listbox_item_by_value = function(box, val) { var idx = -1; for (var i = 0; i < box.options.length; i++) { if (box.options[i].value == val) { idx = i; break; } } return idx; }; window.manoir_find_listbox_item_by_text = function(box, txt) { var idx = -1; for (var i = 0; i < box.options.length; i++) { if (box.options[i].text == txt) { idx = i; break; } } return idx; }; window.manoir_select_listbox_item_by_value = function(box, val) { for (var i = 0; i < box.options.length; i++) { box.options[i].selected = (val == box.options[i].value); } }; window.manoir_select_listbox_item_by_text = function(box, txt) { for (var i = 0; i < box.options.length; i++) { box.options[i].selected = (txt == box.options[i].text); } }; window.manoir_get_listbox_values = function(box) { var delim = arguments[1] !== undefined ? arguments[1] : ','; var str = ''; for (var i = 0; i < box.options.length; i++) { str += (str ? delim : '') + box.options[i].value; } return str; }; window.manoir_get_listbox_texts = function(box) { var delim = arguments[1] !== undefined ? arguments[1] : ','; var str = ''; for (var i = 0; i < box.options.length; i++) { str += (str ? delim : '') + box.options[i].text; } return str; }; window.manoir_sort_listbox = function(box) { var temp_opts = new Array(), temp = new Option(), i, x, y; for (i = 0; i < box.options.length; i++) { temp_opts[i] = box.options[i].clone(); } for (x = 0; x < temp_opts.length - 1; x++) { for (y = (x + 1); y < temp_opts.length; y++) { if (temp_opts[x].text > temp_opts[y].text) { temp = temp_opts[x]; temp_opts[x] = temp_opts[y]; temp_opts[y] = temp; } } } for (i = 0; i < box.options.length; i++) { box.options[i] = temp_opts[i].clone(); } }; window.manoir_get_listbox_selected_index = function(box) { for (var i = 0; i < box.options.length; i++) { if (box.options[i].selected) { return i; } } return -1; }; window.manoir_get_listbox_selected_value = function(box) { for (var i = 0; i < box.options.length; i++) { if (box.options[i].selected) { return box.options[i].value; } } return null; }; window.manoir_get_listbox_selected_text = function(box) { for (var i = 0; i < box.options.length; i++) { if (box.options[i].selected) { return box.options[i].text; } } return null; }; window.manoir_get_listbox_selected_option = function(box) { for (var i = 0; i < box.options.length; i++) { if (box.options[i].selected) { return box.options[i]; } } return null; }; window.manoir_get_radio_value = function(radioGroupObj) { for (var i = 0; i < radioGroupObj.length; i++) { if (radioGroupObj[i].checked) { return radioGroupObj[i].value; } } return null; }; window.manoir_set_radio_checked_by_num = function(radioGroupObj, num) { for (var i = 0; i < radioGroupObj.length; i++) { if (radioGroupObj[i].checked && i != num) { radioGroupObj[i].checked = false; } else if (i == num) { radioGroupObj[i].checked = true; } } }; window.manoir_set_radio_checked_by_value = function(radioGroupObj, val) { for (var i = 0; i < radioGroupObj.length; i++) { if (radioGroupObj[i].checked && radioGroupObj[i].value != val) { radioGroupObj[i].checked = false; } else if (radioGroupObj[i].value == val) { radioGroupObj[i].checked = true; } } }; window.manoir_form_validate = function(form, opt) { var error_msg = ''; form.find( ":input" ).each( function() { if (error_msg !== '' && opt.exit_after_first_error) { return; } for (var i = 0; i < opt.rules.length; i++) { if (jQuery( this ).attr( "name" ) == opt.rules[i].field) { var val = jQuery( this ).val(); var error = false; if (typeof(opt.rules[i].min_length) == 'object') { if (opt.rules[i].min_length.value > 0 && val.length < opt.rules[i].min_length.value) { if (error_msg == '') { jQuery( this ).get( 0 ).focus(); } error_msg += '<p class="error_item">' + (typeof(opt.rules[i].min_length.message) != 'undefined' ? opt.rules[i].min_length.message : opt.error_message_text ) + '</p>'; error = true; } } if (( ! error || ! opt.exit_after_first_error) && typeof(opt.rules[i].max_length) == 'object') { if (opt.rules[i].max_length.value > 0 && val.length > opt.rules[i].max_length.value) { if (error_msg == '') { jQuery( this ).get( 0 ).focus(); } error_msg += '<p class="error_item">' + (typeof(opt.rules[i].max_length.message) != 'undefined' ? opt.rules[i].max_length.message : opt.error_message_text ) + '</p>'; error = true; } } if (( ! error || ! opt.exit_after_first_error) && typeof(opt.rules[i].mask) == 'object') { if (opt.rules[i].mask.value !== '') { var regexp = new RegExp( opt.rules[i].mask.value ); if ( ! regexp.test( val )) { if (error_msg == '') { jQuery( this ).get( 0 ).focus(); } error_msg += '<p class="error_item">' + (typeof(opt.rules[i].mask.message) != 'undefined' ? opt.rules[i].mask.message : opt.error_message_text ) + '</p>'; error = true; } } } if (( ! error || ! opt.exit_after_first_error) && typeof(opt.rules[i].state) == 'object') { if (opt.rules[i].state.value == 'checked' && ! jQuery( this ).get( 0 ).checked) { if (error_msg == '') { jQuery( this ).get( 0 ).focus(); } error_msg += '<p class="error_item">' + (typeof(opt.rules[i].state.message) != 'undefined' ? opt.rules[i].state.message : opt.error_message_text ) + '</p>'; error = true; } } if (( ! error || ! opt.exit_after_first_error) && typeof(opt.rules[i].equal_to) == 'object') { if (opt.rules[i].equal_to.value !== '' && val != jQuery( jQuery( this ).get( 0 ).form[opt.rules[i].equal_to.value] ).val()) { if (error_msg == '') { jQuery( this ).get( 0 ).focus(); } error_msg += '<p class="error_item">' + (typeof(opt.rules[i].equal_to.message) != 'undefined' ? opt.rules[i].equal_to.message : opt.error_message_text ) + '</p>'; error = true; } } if (opt.error_fields_class !== '') { jQuery( this ).toggleClass( opt.error_fields_class, error ); } } } } ); if (error_msg !== '' && opt.error_message_show) { var error_message_box = form.find( ".result" ); if (error_message_box.length == 0) { error_message_box = form.parent().find( ".result" ); } if (error_message_box.length == 0) { form.append( '<div class="result"></div>' ); error_message_box = form.find( ".result" ); } if (opt.error_message_class) { error_message_box.toggleClass( opt.error_message_class, true ); } error_message_box.html( error_msg ).fadeIn(); setTimeout( function() { error_message_box.fadeOut(); }, opt.error_message_time ); } return error_msg !== ''; }; window.trx_addons_document_animate_to_busy = false; window.manoir_document_animate_to = function(id) { var split_animation = true; var speed = arguments.length > 1 ? arguments[1] : -1; var callback = arguments.length > 2 ? arguments[2] : undefined; var oft = ! isNaN( id ) ? Number( id ) : 0, oft2 = -1; var obj = null; if (isNaN( id )) { if ( typeof id == 'object' ) { if ( id.length > 0 ) { obj = id; } else { return; } } else { if ( id.substring(0, 1) != '#' && id.substring(0, 1) != '.' ) { id = '#' + id; } obj = jQuery(id).eq(0); if ( obj.length === 0 ) { return; } } oft = split_animation ? obj.offset().top : Math.max( 0, obj.offset().top - manoir_fixed_rows_height() ); if ( split_animation ) { oft2 = Math.max( 0, oft - manoir_fixed_rows_height() ); } } if (speed < 0) { speed = Math.min( 1000, Math.max( 300, Math.round( Math.abs( ( oft2 < 0 ? oft : oft2 ) - $window.scrollTop() ) / $window.height() * 300 ) ) ); } if (oft2 >= 0) { setTimeout( function() { if (isNaN( id )) { oft = obj.offset().top; } oft2 = Math.max( 0, oft - manoir_fixed_rows_height() ); jQuery( 'body,html' ).stop( true ).animate( {scrollTop: oft2}, Math.floor( speed / 2 ), 'linear', function() { _window_scroll_top = $window.scrollTop(); window.trx_addons_document_animate_to_busy = false; if ( callback ) callback( id, speed ); } ); }, Math.floor( speed / 2 ) ); } else { oft2 = oft; } if ( speed > 0 ) { jQuery( 'body,html' ).stop( true ).animate( { scrollTop: oft2 }, speed, 'linear', function() { _window_scroll_top = $window.scrollTop(); window.trx_addons_document_animate_to_busy = false; if ( callback ) callback( id, speed ); } ); } else { jQuery( 'body,html' ).stop( true ).scrollTop( oft2 ); _window_scroll_top = $window.scrollTop(); window.trx_addons_document_animate_to_busy = false; if ( callback ) callback( id, speed ); } }; var _window_width = $window.width(), _window_height = $window.height(), _window_scroll_top = $window.scrollTop(), _window_scroll_left = $window.scrollLeft(); $window.on( 'resize', function() { _window_width = $window.width(); _window_height = $window.height(); _window_scroll_top = $window.scrollTop(); _window_scroll_left = $window.scrollLeft(); } ); $window.on( 'scroll', function() { _window_scroll_top = $window.scrollTop(); _window_scroll_left = $window.scrollLeft(); } ); window.manoir_window_width = function( val ) { if ( val ) _window_width = val; return _window_width; }; window.manoir_window_height = function( val ) { if ( val ) _window_height = val; return _window_height; }; window.manoir_window_scroll_top = function() { return _window_scroll_top; }; window.manoir_window_scroll_left = function() { return _window_scroll_left; }; var _document_height; var _document_height_first_run = true; var _update_document_height = function( e ) { if ( typeof window.trx_addons_document_height == 'undefined' ) { if ( _document_height_first_run && e && e.namespace == 'init_hidden_elements' ) { _document_height_first_run = false; return; } _document_height = $document.height(); } }; $document.on( 'action.init_hidden_elements action.got_ajax_response', _update_document_height ); $window.on( 'resize', _update_document_height ); window.manoir_document_height = function() { return typeof window.trx_addons_document_height != 'undefined' ? trx_addons_document_height() : _document_height; }; var _adminbar_height = 0; var _update_adminbar_height = function() { if ( typeof window.trx_addons_adminbar_height == 'undefined' ) { _adminbar_height = manoir_adminbar_height_calc(); document.querySelector('html').style.setProperty( '--fixed-rows-height', _adminbar_height + 'px' ); } }; $window.on( 'resize', _update_adminbar_height ); window.manoir_adminbar_height_calc = function() { return manoir_apply_filters( 'manoir_filter_adminbar_height', $adminbar.length === 0 || $adminbar.css( 'display' ) == 'none' || $adminbar.css( 'position' ) == 'absolute' ? 0 : $adminbar.height() ); }; window.manoir_adminbar_height = function() { return typeof window.trx_addons_adminbar_height != 'undefined' ? trx_addons_adminbar_height() : _adminbar_height; }; $document.ready( function() { _update_document_height(); _update_adminbar_height(); } ); window.manoir_fixed_rows_height = function() { var with_admin_bar = arguments.length > 0 ? arguments[0] : true, with_fixed_rows = arguments.length > 1 ? arguments[1] : true; return typeof trx_addons_fixed_rows_height != 'undefined' ? trx_addons_fixed_rows_height( with_admin_bar, with_fixed_rows ) : ( with_admin_bar ? manoir_adminbar_height() : 0 ); }; window.manoir_document_set_location = function( curLoc, state ) { try { history.pushState( state ? state : { url: curLoc }, null, curLoc ); return; } catch ( e ) {} location.href = curLoc; }; window.manoir_add_to_url = function(loc, prm) { var ignore_empty = arguments[2] !== undefined ? arguments[2] : true; var q = loc.indexOf( '?' ); var attr = {}; if (q > 0) { var qq = loc.substr( q + 1 ).split( '&' ); var parts = ''; for (var i = 0; i < qq.length; i++) { var parts = qq[i].split( '=' ); attr[parts[0]] = parts.length > 1 ? parts[1] : ''; } } for (var p in prm) { attr[p] = prm[p]; } loc = (q > 0 ? loc.substr( 0, q ) : loc) + '?'; var i = 0; for (p in attr) { if (ignore_empty && attr[p] == '') { continue; } loc += (i++ > 0 ? '&' : '') + p + '=' + attr[p]; } return loc; }; window.manoir_is_local_link = function(url) { var rez = url !== undefined; if (rez) { var url_pos = url.indexOf( '#' ); if (url_pos == 0 && url.length == 1) { rez = false; } else { if (url_pos < 0) { url_pos = url.length; } var loc = window.location.href; var loc_pos = loc.indexOf( '#' ); if (loc_pos > 0) { loc = loc.substring( 0, loc_pos ); } rez = url_pos == 0; if ( ! rez) { rez = loc == url.substring( 0, url_pos ); } } } return rez; }; window.manoir_is_url = function( url ) { return url.indexOf( '//' ) === 0 || url.indexOf( '://' ) > 0; }; window.manoir_parse_ajax_response = function( response, error_msg = '' ) { var rez = {}; if ( response == '' || response == 0 ) { rez = { error: error_msg || MANOIR_STORAGE['msg_ajax_error'] }; } else if ( typeof response == 'string' ) { try { rez = JSON.parse( response ); } catch (e) { rez = { error: error_msg || MANOIR_STORAGE['msg_ajax_error'] }; console.log( response ); } } else { rez = response; } return rez; }; window.manoir_browser_is_mobile = function() { var check = false; (function(a){if (/(android|bb\d+|meego).+mobile|avantgo|bada\/|blackberry|blazer|compal|elaine|fennec|hiptop|iemobile|ip(hone|od|ad)|iris|kindle|lge |maemo|midp|mmp|mobile.+firefox|netfront|opera m(ob|in)i|palm( os)?|phone|p(ixi|re)\/|plucker|pocket|psp|series(4|6)0|symbian|treo|up\.(browser|link)|vodafone|wap|windows (ce|phone)|xda|xiino/i.test( a ) || /1207|6310|6590|3gso|4thp|50[1-6]i|770s|802s|a wa|abac|ac(er|oo|s\-)|ai(ko|rn)|al(av|ca|co)|amoi|an(ex|ny|yw)|aptu|ar(ch|go)|as(te|us)|attw|au(di|\-m|r |s )|avan|be(ck|ll|nq)|bi(lb|rd)|bl(ac|az)|br(e|v)w|bumb|bw\-(n|u)|c55\/|capi|ccwa|cdm\-|cell|chtm|cldc|cmd\-|co(mp|nd)|craw|da(it|ll|ng)|dbte|dc\-s|devi|dica|dmob|do(c|p)o|ds(12|\-d)|el(49|ai)|em(l2|ul)|er(ic|k0)|esl8|ez([4-7]0|os|wa|ze)|fetc|fly(\-|_)|g1 u|g560|gene|gf\-5|g\-mo|go(\.w|od)|gr(ad|un)|haie|hcit|hd\-(m|p|t)|hei\-|hi(pt|ta)|hp( i|ip)|hs\-c|ht(c(\-| |_|a|g|p|s|t)|tp)|hu(aw|tc)|i\-(20|go|ma)|i230|iac( |\-|\/)|ibro|idea|ig01|ikom|im1k|inno|ipaq|iris|ja(t|v)a|jbro|jemu|jigs|kddi|keji|kgt( |\/)|klon|kpt |kwc\-|kyo(c|k)|le(no|xi)|lg( g|\/(k|l|u)|50|54|\-[a-w])|libw|lynx|m1\-w|m3ga|m50\/|ma(te|ui|xo)|mc(01|21|ca)|m\-cr|me(rc|ri)|mi(o8|oa|ts)|mmef|mo(01|02|bi|de|do|t(\-| |o|v)|zz)|mt(50|p1|v )|mwbp|mywa|n10[0-2]|n20[2-3]|n30(0|2)|n50(0|2|5)|n7(0(0|1)|10)|ne((c|m)\-|on|tf|wf|wg|wt)|nok(6|i)|nzph|o2im|op(ti|wv)|oran|owg1|p800|pan(a|d|t)|pdxg|pg(13|\-([1-8]|c))|phil|pire|pl(ay|uc)|pn\-2|po(ck|rt|se)|prox|psio|pt\-g|qa\-a|qc(07|12|21|32|60|\-[2-7]|i\-)|qtek|r380|r600|raks|rim9|ro(ve|zo)|s55\/|sa(ge|ma|mm|ms|ny|va)|sc(01|h\-|oo|p\-)|sdk\/|se(c(\-|0|1)|47|mc|nd|ri)|sgh\-|shar|sie(\-|m)|sk\-0|sl(45|id)|sm(al|ar|b3|it|t5)|so(ft|ny)|sp(01|h\-|v\-|v )|sy(01|mb)|t2(18|50)|t6(00|10|18)|ta(gt|lk)|tcl\-|tdg\-|tel(i|m)|tim\-|t\-mo|to(pl|sh)|ts(70|m\-|m3|m5)|tx\-9|up(\.b|g1|si)|utst|v400|v750|veri|vi(rg|te)|vk(40|5[0-3]|\-v)|vm40|voda|vulc|vx(52|53|60|61|70|80|81|83|85|98)|w3c(\-| )|webc|whit|wi(g |nc|nw)|wmlb|wonu|x700|yas\-|your|zeto|zte\-/i.test( a.substr( 0,4 ) )) { check = true} })( navigator.userAgent || navigator.vendor || window.opera ); return check; }; window.manoir_browser_is_ios = function( with_mac ) { return navigator.userAgent.match( /iPad|iPhone|iPod/i ) != null || ( with_mac && navigator.userAgent.match( /Macintosh/i ) != null ); }; window.manoir_is_retina = function() { var mediaQuery = '(-webkit-min-device-pixel-ratio: 1.5), (min--moz-device-pixel-ratio: 1.5), (-o-min-device-pixel-ratio: 3/2), (min-resolution: 1.5dppx)'; return (window.devicePixelRatio > 1) || (window.matchMedia && window.matchMedia( mediaQuery ).matches); }; window.manoir_get_file_name = function(path) { path = path.replace( /\\/g, '/' ); var pos = path.lastIndexOf( '/' ); if (pos >= 0) { path = path.substr( pos + 1 ); } return path; }; window.manoir_get_file_ext = function(path) { var pos = path.lastIndexOf( '.' ); path = pos >= 0 ? path.substr( pos + 1 ) : ''; return path; }; window.manoir_is_images_loaded = function(cont) { var complete = true; cont.find( 'img' ).each( function() { if ( ! complete) { return; } var img = jQuery( this ).get( 0 ); if (typeof img.complete == 'boolean') { complete = img.complete; } else if (typeof img.naturalWidth == 'number' && typeof img.naturalHeight == 'number') { complete = ! (this.naturalWidth == 0 && this.naturalHeight == 0); } } ); return complete; }; window.manoir_when_images_loaded = function(cont, callback, max_delay) { if (max_delay === undefined) { max_delay = 3000; } if (max_delay <= 0 || manoir_is_images_loaded( cont )) { callback(); } else { setTimeout( function(){ manoir_when_images_loaded( cont, callback, max_delay - 100 ); }, 100 ); } }; window.dcl === undefined && ( window.dcl = function(s) { console.log(s); } ); window.dcs === undefined && ( window.dcs = function() { console.trace(); } ); window.dcts === undefined && ( window.dcts = function( name ) { console.time( name ? name : 'timer' ); } ); window.dctl === undefined && ( window.dctl = function( name ) { console.timeLog( name ? name : 'timer' ); } ); window.dcte === undefined && ( window.dcte = function( name ) { console.timeEnd( name ? name : 'timer' ); } ); })(); jQuery( document ).ready( function() { "use strict"; var ready_busy = true; var theme_init_counter = 0; var $window = jQuery( window ), $document = jQuery( document ), $body = jQuery( 'body' ); var $body_wrap, $page_wrap, $header, $footer, $menu_side_wrap, $menu_side_logo; var _header_height = 0, _footer_height = 0; var $page_content_wrap, $content, $sidebar, cur_page_title_selector, $cur_page_title_tag, $single_nav_links_fixed, $single_post_info_fixed, $single_post_scrollers, $stretch_width; var $nav_link_infinite; $document.on( 'action.new_post_added', update_jquery_links ); $document.on( 'action.got_ajax_response', update_jquery_links ); $document.on( 'action.init_hidden_elements', update_jquery_links ); var first_run = true; function update_jquery_links(e) { if ( first_run && e && e.namespace == 'init_hidden_elements' ) { first_run = false; return; } $body_wrap = jQuery( '.body_wrap' ), $page_wrap = jQuery( '.page_wrap' ), $header = jQuery( '.top_panel' ), _header_height = $header.length === 0 ? 0 : $header.height(), $footer = jQuery( '.footer_wrap' ), _footer_height = $footer.length === 0 ? 0 : $footer.height(), $menu_side_wrap = jQuery( '.menu_side_wrap' ), $menu_side_logo = $menu_side_wrap.find( '.sc_layouts_logo' ); $page_content_wrap = jQuery( '.page_content_wrap' ); $content = jQuery( '.content' ); $sidebar = jQuery( '.sidebar:not(.sidebar_fixed_placeholder)' ); cur_page_title_selector = manoir_apply_filters( 'manoir_filter_page_title_selector', '.sc_layouts_title_caption, head title' ); $cur_page_title_tag = jQuery( cur_page_title_selector ).eq(0); $nav_link_infinite = jQuery( '.nav-links-infinite' ); $single_nav_links_fixed = jQuery( '.nav-links-single.nav-links-fixed' ); $single_post_info_fixed = jQuery( '.post_info_vertical.post_info_vertical_fixed' ); $single_post_scrollers = jQuery( '.nav-links-single-scroll' ); $stretch_width = jQuery( '.trx-stretch-width' ); } update_jquery_links(); manoir_intersection_observer_init(); manoir_init_actions(); function manoir_init_actions() { if (MANOIR_STORAGE['vc_edit_mode'] && jQuery( '.vc_empty-placeholder' ).length === 0 && theme_init_counter++ < 30) { setTimeout( manoir_init_actions, 200 ); return; } $window.on( 'resize', function() { manoir_resize_actions(); } ); MANOIR_STORAGE['scroll_busy'] = true; $window.on( 'scroll', function() { if (window.requestAnimationFrame) { if ( ! MANOIR_STORAGE['scroll_busy']) { window.requestAnimationFrame( function() { manoir_scroll_actions(); }); MANOIR_STORAGE['scroll_busy'] = true; } } else { manoir_scroll_actions(); } } ); document.documentElement.className = document.documentElement.className.replace( /\bno-js\b/,'js' ); if (document.documentElement.className.indexOf( MANOIR_STORAGE['site_scheme'] ) == -1) { document.documentElement.className += ' ' + MANOIR_STORAGE['site_scheme']; } manoir_ready_actions(); manoir_resize_actions(); manoir_scroll_actions(); } function manoir_ready_actions() { $body .on( 'focus', 'a.manoir_skip_link', function() { if ( ! $body.hasClass( 'show_outline' ) ) { $body.addClass( 'show_outline' ); } } ) .on( 'click', 'a.manoir_skip_link', function() { var id = jQuery(this).attr('href'); jQuery(id).focus(); } ); $body.on( 'keydown', 'a,input,textarea,select,span[tabindex]', function( e ) { if ( 9 == e.which ) { if ( ! $body.hasClass( 'show_outline' ) ) { $body.addClass( 'show_outline' ); } } } ); $document .on( 'keyup', function(e) { if ( e.keyCode == 27 ) { if ( jQuery( '.menu_mobile.opened' ).length == 1 ) { manoir_mobile_menu_close(); e.preventDefault(); return false; } } } ) .on( 'action.trx_addons_inner_links_click', function( e, link_obj, original_e ) { if ( $body.hasClass( 'menu_mobile_opened' ) ) { $body.removeClass( 'menu_mobile_opened' ); manoir_mobile_menu_close( true ); } } ); $document.on( 'action.scroll_manoir', function(e) { manoir_infinite_scroll_in_blog(); } ); $document.on( 'action.scroll_manoir', function(e) { manoir_infinite_scroll_in_single(); } ); if ( $body.hasClass('single') ) { manoir_add_to_read_list( jQuery('.content > article[data-post-id]').data('post-id') ); } $document.on( 'action.init_hidden_elements', function( e, cont ) { var read_list = manoir_get_storage('manoir_post_read'); if ( read_list && read_list.charAt(0) == '[' ) { read_list = JSON.parse( read_list ); for ( var p = 0; p < read_list.length; p++ ) { var read_post = cont.find('[data-post-id="' + read_list[ p ] + '"]'); if ( ! read_post.hasClass('full_post_read') && ! read_post.parent().hasClass('content') ) { read_post.addClass('full_post_read'); } } } } ); if ( location.hash == '#comments' || location.hash == '#respond' ) { var $show_comments_button = jQuery( '.show_comments_button' ); if ( $show_comments_button.length == 1 && ! $show_comments_button.hasClass( 'opened' ) ) { $show_comments_button.trigger( 'click' ); manoir_document_animate_to( location.hash ); } } $document.trigger( 'action.ready_manoir' ); $document.trigger( 'action.prepare_stretch_width' ); $stretch_width = jQuery( '.trx-stretch-width' ); $stretch_width.wrap( '<div class="trx-stretch-width-wrap"></div>' ); $stretch_width.after( '<div class="trx-stretch-width-original"></div>' ); manoir_stretch_width(); $document.on( 'action.init_hidden_elements', manoir_init_post_formats ); $document.on( 'action.init_hidden_elements', manoir_add_toc_to_sidemenu ); $document.trigger( 'action.init_hidden_elements', [$body.eq(0)] ); } function manoir_init_post_formats(e, cont) { manoir_init_menus( cont ); manoir_add_select_container( cont ); manoir_init_bg_video( cont ); manoir_init_tabs( cont ); manoir_init_accordion( cont ); manoir_init_sidebar_control( cont ); manoir_init_masonry( cont ); manoir_init_load_more( cont ); manoir_init_load_single_post( cont ); manoir_init_media_elements( cont ); manoir_init_video_play_button( cont ); manoir_init_comments_button( cont ); manoir_init_comments_links( cont ); manoir_init_checkbox_i_agree( cont ); } function manoir_add_select_container( cont ) { if ( MANOIR_STORAGE['select_container_disabled'] || $body.hasClass( 'wp-admin' ) || $body.hasClass( 'wp-customizer' ) ) { return; } var selector = manoir_apply_filters( 'manoir_filter_select_container_selector', 'select:not(.esg-sorting-select):not([class*="trx_addons_attrib_"]):not(#rating)' ); if ( selector ) { cont.find( selector ).each( function() { var $self = jQuery( this ); if ( $self.css( 'display' ) != 'none' && $self.parents( '.select_container' ).length === 0 && ! $self.next().hasClass( 'select2' ) && ! $self.hasClass( 'select2-hidden-accessible' ) && ! $self.hasClass( 'components-select-control__input' ) ) { var add_class = ''; if ( $self.prop( 'size' ) > 1 ) { add_class += ' select_container_multirows'; } if ( $self.prop( 'multiple' ) ) { add_class += ' select_container_multiple'; } $self.wrap( '<div class="select_container' + add_class + '"></div>' ); if ( $self.parents( manoir_apply_filters( 'manoir_filter_bubble_submit_form', '.widget_categories' ) ).length > 0 ) { $self.parent().get(0).submit = function() { jQuery(this).closest('form').eq(0).submit(); }; } } } ); } } $document.on( 'ajaxComplete', function(e) { setTimeout( function() { manoir_add_select_container( $body ); }, 100 ); } ); function manoir_init_bg_video( cont ) { var $top_panel_with_bg_video = cont.find( '.top_panel.with_bg_video:not(.inited)' ).addClass( 'inited' ); if ( MANOIR_STORAGE['background_video'] && $top_panel_with_bg_video.length > 0 && window.Bideo ) { setTimeout( function() { $top_panel_with_bg_video.prepend( '<video id="background_video" loop muted></video>' ); var bv = new Bideo(); bv.init( { videoEl: document.querySelector( '#background_video' ), container: document.querySelector( '.top_panel' ), resize: true, isMobile: window.matchMedia( '(max-width: 768px)' ).matches, playButton: document.querySelector( '#background_video_play' ), pauseButton: document.querySelector( '#background_video_pause' ), src: [ { src: MANOIR_STORAGE['background_video'], type: 'video/' + manoir_get_file_ext( MANOIR_STORAGE['background_video'] ) } ], onLoad: function () { } } ); }, 10 ); } else if ( jQuery.fn.tubular ) { cont.find( '#background_video:not(.inited)' ).each( function() { var $self = jQuery( this ).addClass( 'inited' ); var youtube_code = $self.data( 'youtube-code' ); if ( youtube_code ) { $self.tubular( { videoId: youtube_code } ); jQuery( '#tubular-player' ).appendTo( $self ).show(); jQuery( '#tubular-container,#tubular-shield' ).remove(); } } ); } } MANOIR_STORAGE['mejs_attempts'] = 0; function manoir_init_media_elements(cont) { var audio_selector = manoir_apply_filters( 'manoir_filter_mediaelements_audio_selector', 'audio:not(.inited):not([src*=".ogg"])' ), video_selector = manoir_apply_filters( 'manoir_filter_mediaelements_video_selector', 'video:not(.inited):not([nocontrols]):not([controls="0"]):not([controls="false"]):not([controls="no"])' ), media_selector = audio_selector + ( audio_selector && video_selector ? ',' : '') + video_selector; if (MANOIR_STORAGE['use_mediaelements'] && cont.find( media_selector ).length > 0) { if ( window.mejs ) { if (window.mejs.MepDefaults) { window.mejs.MepDefaults.enableAutosize = true; } if (window.mejs.MediaElementDefaults) { window.mejs.MediaElementDefaults.enableAutosize = true; } cont.find( 'video.wp-video-shortcode[autoplay],' + 'video.wp-video-shortcode[nocontrols],' + 'video.wp-video-shortcode[controls="0"],' + 'video.wp-video-shortcode[controls="false"],' + 'video.wp-video-shortcode[controls="no"],' + '.wp-block-video > video[autoplay],' + '.wp-block-video > video[nocontrols],' + '.wp-block-video > video[controls="0"],' + '.wp-block-video > video[controls="false"],' + '.wp-block-video > video[controls="no"]' ) .removeClass('wp-video-shortcode'); cont.find( media_selector ).each( function() { var $self = jQuery( this ); if ( $self.hasClass( 'sr7-media' ) || $self.parent().is( 'rs-bgvideo' ) || $self.parents( 'rs-slide,div:hidden,section:hidden,article:hidden' ).length > 0 ) { return; } var not_init_in_containers = manoir_apply_filters( 'manoir_filter_mediaelements_not_init_in_containers', '.mejs-mediaelement' + ',.wp-block-cover' + ',.wp-block-video' + ',.wp-block-media-text' + ',.elementor-background-video-container' + ',.elementor-widget-video' + ',.with_video_autoplay' + ',.slider-slide' + ',.sc_layouts_title' ); if ( ! $self.hasClass( 'no-mejs' ) && ! $self.hasClass( 'no-mediaelement' ) && ! $self.hasClass( 'wp-block-cover__video-background' ) && $self.addClass( 'inited' ).parents( not_init_in_containers ).length === 0 && ( MANOIR_STORAGE['init_all_mediaelements'] || ( ! $self.hasClass( 'wp-audio-shortcode' ) && ! $self.hasClass( 'wp-video-shortcode' ) && ! $self.parent().hasClass( 'wp-playlist' ) ) ) ) { if ( manoir_browser_is_ios( true ) ) { if ( $self.parents( '.cars_page_video_wrap,.properties_page_video_wrap' ).length ) { $self.attr( { 'preload': 'auto' } ); } } var settings = { enableAutosize: true, videoWidth: '100%', videoHeight: '100%', audioWidth: '100%', audioHeight: 40, success: function(mejs) { if ( mejs.pluginType && 'flash' === mejs.pluginType && mejs.attributes ) { mejs.attributes.autoplay && 'false' !== mejs.attributes.autoplay && mejs.addEventListener( 'canplay', function () { mejs.play(); }, false ); mejs.attributes.loop && 'false' !== mejs.attributes.loop && mejs.addEventListener( 'ended', function () { mejs.play(); }, false ); } } }; if ( $self.is( 'video' ) ) { var media_cont = $self.parents('.sc_layouts_popup').eq(0); if ( media_cont.length ) { var w_attr = $self.attr( 'width' ), h_attr = $self.attr( 'height' ), h_cont = manoir_window_height() * 0.75; if ( w_attr && h_attr ) { settings.videoWidth = w_attr * h_cont / h_attr; settings.videoHeight = h_cont; media_cont.parents( '.mfp-content' ).eq(0).css( { 'min-width': 'unset' } ); } } else { if ( false ) { var media_cont = $self.parents('.post_video').eq(0); if ( media_cont.length === 0 ) { media_cont = $self.parents('.video_frame').eq(0); if ( media_cont.length === 0 ) { media_cont = $self.parent(); } } if ( media_cont.length > 0 ) { settings.videoWidth = media_cont.width(); settings.videoHeight = media_cont.height(); } } } } $self.mediaelementplayer( settings ); } } ); } else if ( MANOIR_STORAGE['mejs_attempts']++ < 5 ) { setTimeout( function() { manoir_init_media_elements( cont ); }, 400 ); } } setTimeout( function() { MANOIR_STORAGE['init_all_mediaelements'] = true; }, 1000 ); } function manoir_init_video_play_button( cont ) { cont.find( '.post_featured.with_thumb .post_video_hover:not(.post_video_hover_popup):not(.inited)' ) .addClass( 'inited' ) .on( 'click', function(e) { var $self = jQuery( this ), $post_featured = $self.parents( '.post_featured' ).eq(0).addClass( 'post_video_play' ); if ( typeof trx_addons_insert_video_iframe === 'function' ) { trx_addons_insert_video_iframe( $post_featured.find( '.post_video' ), $self.data('video') ); } else { $post_featured.find( '.post_video' ).html( $self.data( 'video' ) ); } $document.trigger( 'action.init_hidden_elements', [ $post_featured ] ); $window.trigger( 'resize' ); e.preventDefault(); return false; } ) .parents('.post_featured') .on( 'click', function(e) { var $self = jQuery(this); if ( ! $self.hasClass( 'post_video_play' ) && ! jQuery( e.target ).is( 'a' ) && ! jQuery( e.target ).parents( 'a' ).length ) { jQuery(this).find( '.post_video_hover' ).trigger( 'click' ); e.preventDefault(); return false; } } ); } function manoir_init_accordion( cont ) { if (jQuery.ui && jQuery.ui.accordion) { cont.find( '.manoir_accordion:not(.inited)' ).each( function () { var $self = jQuery( this ); var headers = $self.data( 'headers' ) || '.manoir_accordion_title'; var height_style = $self.data( 'height-style' ) || 'content'; var collapsible = $self.data( 'collapsible' ) || false; var init = $self.data( 'active' ); var active = false; if ( isNaN( init ) ) { init = 0; active = $self.find( headers + '[data-active="true"]' ).eq( 0 ); if ( active.length > 0 ) { while ( ! active.parent().hasClass( 'manoir_accordion' ) ) { active = active.parent(); } init = active.index(); if ( isNaN( init ) || init < 0 ) init = 0; } } else { init = Math.max( 0, init ); } $self.addClass( 'inited' ).accordion( { 'active': init, 'collapsible': collapsible, 'header': headers, 'heightStyle': height_style, 'create': function( event, ui ) { if ( ui.panel.length > 0 && ! ready_busy ) { $document.trigger( 'action.create_accordion', [ui.panel] ); $document.trigger( 'action.init_hidden_elements', [ui.panel] ); } else if ( active !== false && active.length > 0 ) { active.find( '>' + headers ).trigger( 'click' ); } }, 'activate': function( event, ui ) { if ( ui.oldPanel.length > 0 && ! ready_busy ) { $document.trigger( 'action.deactivate_accordion', [ui.oldPanel] ); } if ( ui.newPanel.length > 0 && ! ready_busy ) { $document.trigger( 'action.activate_accordion', [ui.newPanel] ); $document.trigger( 'action.init_hidden_elements', [ui.newPanel] ); $window.trigger( 'resize' ); } } } ); } ); } } function manoir_init_tabs( cont ) { if ( jQuery.ui && jQuery.ui.tabs ) { cont.find( '.manoir_tabs:not(.inited)' ).each( function () { var $self = jQuery( this ); var init = $self.data( 'active' ); if ( isNaN( init ) ) { init = 0; var active = $self.find( '> ul > li[data-active="true"]' ).eq( 0 ); if ( active.length > 0 ) { init = active.index(); if (isNaN( init ) || init < 0) { init = 0; } } } else { init = Math.max( 0, init ); } $self.addClass( 'inited' ).tabs( { active: init, show: { effect: 'fadeIn', duration: 300 }, hide: { effect: 'fadeOut', duration: 300 }, create: function( event, ui ) { if ( ui.panel.length > 0 && ! ready_busy ) { $document.trigger( 'action.create_tab', [ui.panel] ); $document.trigger( 'action.init_hidden_elements', [ui.panel] ); } }, activate: function( event, ui ) { if ( ui.oldPanel.length > 0 && ! ready_busy ) { $document.trigger( 'action.deactivate_tab', [ui.oldPanel] ); } if ( ui.newPanel.length > 0 && ! ready_busy ) { $document.trigger( 'action.activate_tab', [ui.newPanel] ); $document.trigger( 'action.init_hidden_elements', [ui.newPanel] ); $window.trigger('resize'); } } } ); if ( $self.hasClass( 'manoir_tabs_ajax' ) ) { $self.on( 'tabsbeforeactivate', function( event, ui ) { if ( ui.newPanel.data( 'need-content' ) ) { manoir_tabs_ajax_content_loader( ui.newPanel, 1, ui.oldPanel ); } } ); $self.on( 'click', '.nav-links a', function(e) { var $self = jQuery( this ); var panel = $self.parents( '.manoir_tabs_content' ); var page = 1; var href = $self.attr( 'href' ); var pos = -1; if ( ( pos = href.lastIndexOf( '/page/' ) ) != -1 ) { page = Number( href.substr( pos + 6 ).replace( "/", "" ) ); if ( ! isNaN( page )) { page = Math.max( 1, page ); } } manoir_tabs_ajax_content_loader( panel, page ); e.preventDefault(); return false; } ); } } ); } } function manoir_tabs_ajax_content_loader(panel, page, oldPanel) { if (panel.html().replace( /\s/g, '' ) === '') { var height = oldPanel === undefined ? panel.height() : oldPanel.height(); if (isNaN( height ) || height < 100) { height = 100; } panel.html( '<div class="manoir_tab_holder" style="min-height:' + height + 'px;"></div>' ); } else { panel.find( '> *' ).addClass( 'manoir_tab_content_remove' ); } panel.data( 'need-content', false ).addClass( 'manoir_loading' ); jQuery.post( MANOIR_STORAGE['ajax_url'], { nonce: MANOIR_STORAGE['ajax_nonce'], action: 'manoir_ajax_get_posts', blog_template: panel.data( 'blog-template' ), blog_style: panel.data( 'blog-style' ), posts_per_page: panel.data( 'posts-per-page' ), cat: panel.data( 'cat' ), parent_cat: panel.data( 'parent-cat' ), post_type: panel.data( 'post-type' ), taxonomy: panel.data( 'taxonomy' ), page: page } ).done( function( response ) { panel.removeClass( 'manoir_loading' ); var rez = manoir_parse_ajax_response( response ); if ( rez.error !== '' ) { panel.html( '<div class="manoir_error">' + rez.error + '</div>' ); } else { if ( rez.css !== '' ) { manoir_import_inline_styles( '<style id="manoir-inline-styles-inline-css">' + rez.css + '</style>' ); } panel .prepend( rez.data ) .fadeIn( function() { if ( false ) { manoir_document_animate_to('#content_skip_link_anchor'); } $document.trigger( 'action.init_hidden_elements', [panel] ); $window.trigger( 'scroll' ); setTimeout( function() { panel .find( '.manoir_tab_holder,.manoir_tab_content_remove' ).remove(); $window.trigger( 'scroll' ); }, 300 ); } ); $document.trigger('action.after_add_content', [panel]); } $document.trigger( 'action.got_ajax_response', { action: 'manoir_ajax_get_posts', result: rez, panel: panel } ); } ); } function manoir_init_load_more( cont ) { cont.find( '.nav-load-more:not(.inited)' ) .addClass( 'inited' ) .on( 'click', function(e) { var more = jQuery( this ); if ( more.data( 'load_more_link_busy' ) ) { return false; } var page = Number( more.data( 'page' ) ); var max_page = Number( more.data( 'max-page' ) ); if ( page >= max_page ) { more.parent().addClass( 'all_items_loaded' ).hide(); return false; } more.data( 'load_more_link_busy', true ) .parent().addClass( 'loading' ); var panel = more.parents( '.manoir_tabs_content' ); if (panel.length === 0) { jQuery.get( location.href, { paged: page + 1 } ).done( function( response ) { manoir_import_inline_styles( response ); manoir_import_tags_link( response ); var $response = jQuery( response ); var $response_posts_container = $response.find('.content .posts_container'); if ( $response_posts_container.length === 0 ) { $response_posts_container = $response.find('.posts_container'); } if ( $response_posts_container.length > 0 ) { manoir_loadmore_add_items( $content.find( '.posts_container' ).eq( 0 ), $response_posts_container.find( '> .masonry_item,' + '> div[class*="column-"],' + '> article' ) ); } $document.trigger( 'action.got_ajax_response', { action: 'load_more_next_page', result: response }); } ); } else { jQuery.post( MANOIR_STORAGE['ajax_url'], { nonce: MANOIR_STORAGE['ajax_nonce'], action: 'manoir_ajax_get_posts', blog_template: panel.data( 'blog-template' ), blog_style: panel.data( 'blog-style' ), posts_per_page: panel.data( 'posts-per-page' ), cat: panel.data( 'cat' ), parent_cat: panel.data( 'parent-cat' ), post_type: panel.data( 'post-type' ), taxonomy: panel.data( 'taxonomy' ), page: page + 1 } ).done( function( response ) { var rez = manoir_parse_ajax_response( response ); if ( rez.error !== '' ) { panel.html( '<div class="manoir_error">' + rez.error + '</div>' ); } else { if ( rez.css !== '' ) { manoir_import_inline_styles( '<style id="manoir-inline-styles-inline-css">' + rez.css + '</style>' ); } manoir_loadmore_add_items( panel.find( '.posts_container' ), jQuery( rez.data ).find( '> .masonry_item,' + '> div[class*="column-"],' + '> article' ) ); } $document.trigger( 'action.got_ajax_response', { action: 'manoir_ajax_get_posts', result: rez, panel: panel }); } ); } function manoir_loadmore_add_items(container, items) { if (container.length > 0 && items.length > 0) { items.addClass( 'just_loaded_items' ); container.append( items ); $document.trigger('action.after_add_content', [container]); var just_loaded_items = container.find( '.just_loaded_items' ); if ( container.hasClass( 'masonry_wrap' ) ) { just_loaded_items.addClass( 'hidden' ); manoir_when_images_loaded( just_loaded_items, function() { just_loaded_items.removeClass( 'hidden' ); container.masonry( 'appended', items ).masonry(); jQuery( '#toc_menu' ).remove(); MANOIR_STORAGE['init_all_mediaelements'] = true; $document.trigger( 'action.init_hidden_elements', [container.parent()] ); } ); } else { just_loaded_items.removeClass( 'just_loaded_items hidden' ); jQuery( '#toc_menu' ).remove(); MANOIR_STORAGE['init_all_mediaelements'] = true; $document.trigger( 'action.init_hidden_elements', [container.parent()] ); } more.data( 'page', page + 1 ).parent().removeClass( 'loading' ); } if ( page + 1 >= max_page ) { more.parent().addClass( 'all_items_loaded' ).hide(); } more.data( 'load_more_link_busy', false ); $window.trigger( 'resize' ); $window.trigger( 'scroll' ); } e.preventDefault(); return false; } ); } function manoir_init_load_single_post( cont ) { cont.find( '.posts_container:not(.inited_open_full_post),.sc_blogger_content.sc_item_posts_container:not(.inited_open_full_post)' ) .addClass( 'inited_open_full_post' ) .on( 'click', 'a', function(e) { var link = jQuery(this), link_url = link.attr( 'href' ), post = link.parents( '.post_item,.sc_blogger_item' ).eq(0), post_url = post.find( '.post_title > a,.entry-title > a' ).attr( 'href' ), posts_container = post.parents('.posts_container,.sc_item_posts_container').eq(0); if ( link_url && post_url && link_url == post_url && ( posts_container.hasClass('open_full_post') || MANOIR_STORAGE['open_full_post'] ) && ! posts_container.hasClass('no_open_full_post') && ! posts_container.hasClass('columns_wrap') && ! posts_container.hasClass('masonry_wrap') && posts_container.find('.sc_blogger_grid_wrap').length === 0 && posts_container.find('.masonry_wrap').length === 0 && posts_container.parents('.wp-block-columns').length === 0 && ( posts_container.parents('.wpb_column').length === 0 || posts_container.parents('.wpb_column').eq(0).hasClass('vc_col-sm-12') ) && ( posts_container.parents('.elementor-column').length === 0 || posts_container.parents('.elementor-column').eq(0).hasClass('elementor-col-100') ) ) { posts_container.find('.full_post_opened').removeClass('full_post_opened').show(); posts_container.find('.full_post_content').remove(); post.addClass('full_post_loading'); jQuery.get( manoir_add_to_url( post_url, { 'action': 'full_post_loading' } ) ).done( function( response ) { if ( response ) { var $response = jQuery( response ); var post_content = $response.find('.content'); if ( post_content.length > 0 ) { var inline_styles = response.match( /<style[^>]*id="trx_addons-inline-styles-inline-css"[^>]*>([^<]*)<\/style>/ ); if ( inline_styles ) { jQuery( '#trx_addons-inline-styles-inline-css' ).append( inline_styles[1] ); } manoir_import_tags_link( response ); var cs = post.offset().top - ( post.parents('.posts_container').length > 0 ? 100 : 200 ); manoir_document_animate_to( cs ); post.after( '<div class="full_post_content">' + '<button class="full_post_close" data-post-url="' + post_url + '"></button>' + post_content.html() + '</div>' ) .removeClass('full_post_loading') .addClass('full_post_opened') .hide() .next().slideDown( 'slow', function() { MANOIR_STORAGE['init_all_mediaelements'] = true; $document.trigger( 'action.init_hidden_elements', [posts_container] ); $window.trigger( 'resize' ); } ); manoir_full_post_read_change_state(); post.next().find('.full_post_close') .on( 'click', function(e) { var content = jQuery(this).parent(), cs = content.offset().top - (content.parents('.posts_container').length > 0 ? 100 : 200), post = content.prev(); content.remove(); manoir_full_post_read_change_state(); post .removeClass('full_post_opened') .slideDown(); manoir_document_animate_to( cs, 0 ); e.preventDefault(); return false; } ); jQuery( '#toc_menu' ).remove(); } $document.trigger( 'action.got_ajax_response', { action: 'full_post_loading', result: response } ); } } ); e.preventDefault(); return false; } } ); } function manoir_infinite_scroll_in_blog() { if ( ! $nav_link_infinite || $nav_link_infinite.length === 0 || $nav_link_infinite.hasClass( 'all_items_loaded' ) ) { return; } var container = $content.find( '> .posts_container,> .blog_archive > .posts_container,> .manoir_tabs > .manoir_tabs_content:visible > .posts_container' ).eq( 0 ); if ( container.length == 1 && container.offset().top + container.height() < manoir_window_scroll_top() + manoir_window_height() * 1.5 ) { $nav_link_infinite.find( 'a' ).trigger( 'click' ); } } function manoir_infinite_scroll_in_single() { if ( $single_post_scrollers.length === 0 ) { return; } var container = MANOIR_STORAGE['which_block_load'] == 'article' ? $content.eq( 0 ) : $page_content_wrap.eq( 0 ), cur_page_link = $single_post_scrollers.length ? $single_post_scrollers.eq(0).data( 'cur-post-link' ) : location.href, cur_page_title = $single_post_scrollers.length ? $single_post_scrollers.eq(0).data( 'cur-post-title' ) : ( $cur_page_title_tag.length ? $cur_page_title_tag.text() : '' ); $single_post_scrollers.each( function() { var inf = jQuery(this), link = inf.data('post-link'), off = inf.offset().top, st = manoir_window_scroll_top(), wh = manoir_window_height(); if ( inf.hasClass('nav-links-single-scroll-loaded') ) { if (link && off < st + wh / 2) { cur_page_link = link; cur_page_title = inf.data('post-title'); } } else if ( ! inf.hasClass('manoir_loading') && link && off < st + wh * 2) { manoir_add_to_read_list( container.find( '.previous_post_content:last-child > article[data-post-id]').data('post-id')); inf.addClass('manoir_loading'); jQuery.get( manoir_add_to_url( link, { 'action': 'prev_post_loading' } ) ).done( function( response ) { manoir_import_inline_styles( response ); manoir_import_tags_link( response ); var $response = jQuery( response ), $response_page_content_wrap = $response.find( '.page_content_wrap' ), $response_content = $response.find( '.content' ), $response_sidebar = $response.find( '.sidebar' ), $response_post_content = MANOIR_STORAGE['which_block_load'] == 'article' ? $response_content : $response_page_content_wrap; if ( $response_post_content.length > 0 ) { var html = $response_post_content.html(), response_body_classes = MANOIR_STORAGE['which_block_load'] == 'article' ? null : response.match(/<body[^>]*class="([^"]*)"/); if ( MANOIR_STORAGE['which_block_load'] == 'wrapper' ) { if ( $response_sidebar.length === 0 && ! response_body_classes && ! $body.hasClass( 'expand_content' ) && ! $body.hasClass( 'narrow_content' ) ) { $response_post_content.find( '.content' ).width( '100%' ); html = $response_post_content.html(); } else if ( $response_sidebar.length > 0 && $body.hasClass( 'narrow_content' ) ) { $response_post_content.find( '.post_item_single.post_type_post' ).width( '100%' ); html = $response_post_content.html(); } } container.append( '<div class="previous_post_content' + ( response_body_classes ? ' ' + response_body_classes[1] : '' ) + ( $response_page_content_wrap.attr( 'data-single-style' ) !== undefined ? ' single_style_' + $response_page_content_wrap.attr( 'data-single-style' ) : '' ) + '">' + html + '</div>' ); inf.removeClass('manoir_loading').addClass( 'nav-links-single-scroll-loaded' ); jQuery( '#toc_menu' ).remove(); MANOIR_STORAGE['init_all_mediaelements'] = true; $document .trigger( 'action.new_post_added', [container] ) .trigger( 'action.init_hidden_elements', [container] ); $window.trigger( 'resize' ); } $document.trigger( 'action.got_ajax_response', { action: 'prev_post_loading', result: response }); } ); } } ); if ( cur_page_link != location.href ) { manoir_document_set_location( cur_page_link ); jQuery( cur_page_title_selector ).html( cur_page_title ); } } function manoir_init_menus( cont ) { if ( $body.hasClass( 'menu_side_present' ) && $menu_side_logo.length && ! $menu_side_logo.hasClass( 'inited_stretch' ) ) { $menu_side_logo.addClass( 'inited_stretch' ); if ( ! manoir_is_images_loaded( $menu_side_logo ) ) { manoir_when_images_loaded( $menu_side_logo, function() { manoir_stretch_sidemenu(); } ); } } var $menus = cont.find( '.sc_layouts_menu:not(.inited_kbd)' ).addClass( 'inited_kbd' ); $menus.find( 'li[class*="image-"]' ).each( function() { var $self = jQuery( this ); var classes = $self.attr( 'class' ).split( ' ' ); var icon = ''; for (var i = 0; i < classes.length; i++) { if (classes[i].indexOf( 'image-' ) >= 0) { icon = classes[i].replace( 'image-', '' ); break; } } if (icon) { $self.find( '>a' ).css( 'background-image', 'url(' + MANOIR_STORAGE['theme_url'] + 'trx_addons/css/icons.png/' + icon + '.png' ); } } ); cont.find( '.menu_side_button:not(.inited)' ) .addClass( 'inited' ) .on( 'click', function( e ) { jQuery( this ).parent().toggleClass( 'opened' ); e.preventDefault(); return false; } ); cont.find( '.menu_mobile:not(.inited_arrows),.sc_layouts_menu_dir_vertical:not(.inited_arrows)' ) .addClass( 'inited_arrows' ) .find( '.menu-item-has-children > a' ) .append( '<span class="open_child_menu"></span>' ).end() .find ( 'a:not([href="#"])' ) .on( 'click', function(e) { if ( ! jQuery( e.target ).hasClass( 'open_child_menu' ) && ! jQuery(this).is( '[data-tab]' ) ) { manoir_mobile_menu_close( jQuery(this).attr( 'href' ).startsWith( '#' ) ); } } ); cont.find( '.menu_mobile:not(.inited_blur)' ) .addClass( 'inited_blur' ) .on( 'keydown', function( e ) { if ( e.key !== 'Tab' ) return; const modal = document.querySelector('.menu_mobile.opened'); if ( ! modal ) return; const focusableElements = Array.from( modal.querySelectorAll('a, [tabindex]') ).filter(el => { return ( ! el.closest('[hidden]') && ! el.hasAttribute('disabled') && el.offsetParent !== null ); } ); if ( focusableElements.length === 0 ) return; const first = focusableElements[0]; const last = focusableElements[focusableElements.length - 1]; const focused = document.activeElement; if ( e.shiftKey ) { if ( focused === first || ! modal.contains( focused ) ) { e.preventDefault(); last.focus(); } } else { if ( focused === last || ! modal.contains( focused ) ) { e.preventDefault(); first.focus(); } } } ); function manoir_mobile_menu_open( $bt ) { var $menu = cont.find( '.menu_mobile' ); $menu .addClass( 'opened' ) .data( 'menu-button', $bt ) .prev( '.menu_mobile_overlay' ).fadeIn(); $body.addClass( 'menu_mobile_opened' ); setTimeout( function() { $menu.find( 'a' ).eq(0).focus(); }, 100 ); $document .trigger( 'action.stop_wheel_handlers' ) .trigger( 'action.mobile_menu_open', [$menu] ); } function manoir_mobile_menu_close( skip_focus ) { var $menu = cont.find( '.menu_mobile' ); $document.trigger( 'action.mobile_menu_close', [$menu] ); setTimeout( function() { $menu .removeClass( 'opened' ) .prev( '.menu_mobile_overlay' ).fadeOut(); $body.removeClass( 'menu_mobile_opened' ); if ( ! skip_focus && $menu.data( 'menu-button' ) ) { $menu.data( 'menu-button' ).eq(0).focus(); } $document.trigger( 'action.start_wheel_handlers' ); }, manoir_apply_filters( 'manoir_filter_mobile_menu_close_timeout', 0, $menu ) ); } cont.find( '.sc_layouts_menu_mobile_button > a:not(.inited_click),.menu_mobile_button:not(.inited_click),.menu_mobile_description:not(.inited_click)' ) .addClass( 'inited_click' ) .on( 'click', function( e ) { var $self = jQuery( this ); if ( $self.parent().hasClass( 'sc_layouts_menu_mobile_button_burger' ) && $self.next().hasClass( 'sc_layouts_menu_popup' ) ) { return; } manoir_mobile_menu_open( $self ); e.preventDefault(); return false; } ); cont.find( '.menu_mobile_overlay:not(.inited_click)' ) .addClass( 'inited_click' ) .on( 'click', function(e){ manoir_mobile_menu_close(); e.preventDefault(); return false; } ); cont.find( '.menu_mobile_close:not(.inited_click)' ) .addClass( 'inited_click' ) .on( 'click', function( e, skip_focus ){ manoir_mobile_menu_close( skip_focus ); e.preventDefault(); return false; } ) .on( 'keyup', function(e) { if (e.keyCode == 13) { if (jQuery( '.menu_mobile.opened' ).length == 1) { manoir_mobile_menu_close(); e.preventDefault(); return false; } } } ) .on( 'focus', function() { if ( ! $body.hasClass( 'menu_mobile_opened' ) ) { jQuery( '#content_skip_link_anchor' ).focus(); } } ); cont.find( '.menu_mobile:not(.inited_click),.sc_layouts_menu_dir_vertical:not([class*="sc_layouts_submenu_"]):not(.inited_click),.sc_layouts_menu.sc_layouts_submenu_dropdown:not(.inited_click)' ) .addClass( 'inited_click' ) .on( 'click', 'li a .open_child_menu,li a', function(e) { var $self = jQuery( this ); var $a = $self.hasClass( 'open_child_menu' ) ? $self.parent() : $self; if ($a.parent().hasClass( 'menu-item-has-children' )) { if ($a.attr( 'href' ) == '#' || $self.hasClass( 'open_child_menu' )) { if ($a.siblings( 'ul:visible' ).length > 0) { $a.siblings( 'ul' ).slideUp().parent().removeClass( 'opened' ); } else { $self.parents( 'li' ).eq(0).siblings( 'li' ).find( 'ul.sub-menu:visible,ul.sc_layouts_submenu:visible' ).slideUp().parent().removeClass( 'opened' ); $a.siblings( 'ul' ).slideDown( function() { var $self = jQuery( this ); if ( ! $self.hasClass( 'layouts_inited' ) && $self.parents( '.menu_mobile' ).length > 0) { $self.addClass( 'layouts_inited' ); $document.trigger( 'action.init_hidden_elements', [$self] ); } } ).parent().addClass( 'opened' ); } } } if ( ! $self.hasClass( 'open_child_menu' ) && $self.parents( '.menu_mobile' ).length > 0 && manoir_is_local_link( $a.attr( 'href' ) )) { jQuery( '.menu_mobile_close' ).trigger( 'click', [true] ); } if ( $self.hasClass( 'open_child_menu' ) || $a.attr( 'href' ) == '#' ) { e.preventDefault(); return false; } } ) .on( 'keyup', 'li a', function(e) { if ( e.keyCode == 9 ) { jQuery(this).find( '.open_child_menu' ).trigger( 'click' ); } } ); if ( ! MANOIR_STORAGE['trx_addons_exist'] || jQuery( '.top_panel.top_panel_default .sc_layouts_menu_default' ).length > 0) { manoir_init_sfmenu( '.sc_layouts_menu:not(.inited):not(.sc_layouts_submenu_dropdown) > ul:not(.inited)' ); jQuery( '.sc_layouts_menu:not(.inited)' ).each( function() { var $self = jQuery( this ); if ( $self.find( '>ul.inited' ).length == 1 ) { $self.addClass( 'inited' ); } } ); $window.trigger( 'scroll' ); } } function manoir_init_sfmenu(selector) { jQuery( selector ).show().each( function() { var $self = jQuery( this ); if ($self.addClass( 'inited' ).parents( '.menu_mobile' ).length > 0) { return; } var animation_in = $self.parent().data( 'animation_in' ); if (animation_in == undefined) { animation_in = "none"; } var animation_out = $self.parent().data( 'animation_out' ); if (animation_out == undefined) { animation_out = "none"; } $self.superfish( { delay: 300, animation: { opacity: 'show' }, animationOut: { opacity: 'hide' }, speed: animation_in != 'none' ? 500 : 200, speedOut: animation_out != 'none' ? 300 : 200, autoArrows: false, dropShadows: false, onBeforeShow: function(ul) { var $self = jQuery( this ), $ul = $self.parents( "ul" ); var par_offset = 0, par_width = 0, ul_width = 0, ul_height = 0; if ( $ul.length > 1 ) { var w = $page_wrap.width(); par_offset = $ul.eq(0).offset().left; par_width = $ul.eq(0).outerWidth(); ul_width = $self.outerWidth(); if (par_offset + par_width + ul_width > w - 20 && par_offset - ul_width > 0) { $self.addClass( 'submenu_left' ); } else { $self.removeClass( 'submenu_left' ); } } if ( $self.parents( '.top_panel' ).length > 0 ) { ul_height = $self.outerHeight(); par_offset = 0; var w_height = manoir_window_height(), row = $self.parents( '.sc_layouts_row' ).eq(0), row_offset = 0, row_height = 0, par = $self.parent(); while (row.length > 0) { row_offset += row.outerHeight(); if (row.hasClass( 'sc_layouts_row_fixed_on' )) { break; } row = row.prev(); } while (par.length > 0) { par_offset += par.position().top + par.parent().position().top; row_height = par.outerHeight(); if (par.position().top === 0) { break; } par = par.parents( 'li' ).eq(0); } if (row_offset + par_offset + ul_height > w_height) { if (par_offset > ul_height) { $self.css( { 'top': 'auto', 'bottom': '-1.4em' } ); } else { $self.css( { 'top': '-' + (par_offset - row_height - 2) + 'px', 'bottom': 'auto' } ); } } } if (animation_in != 'none') { $self.removeClass( 'animated faster ' + animation_out ); $self.addClass( 'animated fast ' + animation_in ); } }, onBeforeHide: function(ul) { if (animation_out != 'none') { var $self = jQuery( this ); $self.removeClass( 'animated fast ' + animation_in ); $self.addClass( 'animated faster ' + animation_out ); } }, onShow: function(ul) { var $self = jQuery( this ); if ( ! $self.hasClass( 'layouts_inited' )) { $self.addClass( 'layouts_inited' ); $document.trigger( 'action.init_hidden_elements', [$self] ); } } } ); } ); } function manoir_add_toc_to_sidemenu() { if ( jQuery( '.menu_side_inner' ).length > 0 && jQuery( '#toc_menu' ).length > 0 ) { jQuery( '#toc_menu' ).appendTo( '.menu_side_inner' ); manoir_stretch_sidemenu(); } } function manoir_init_sidebar_control( cont ) { cont.find( '.sidebar_control:not(.inited)' ) .addClass( 'inited' ) .on( 'click', function( e ) { var $self = jQuery( this ), $parent = $self.parent(); $parent.toggleClass( 'opened' ); if ( $body.hasClass( 'sidebar_small_screen_above' ) ) { var $next = $self.next(); $next.slideToggle(); if ( $parent.hasClass( 'opened' ) ) { setTimeout( function() { $document.trigger( 'action.init_hidden_elements', [$next] ); }, 310 ); } } e.preventDefault(); return false; } ); } function manoir_init_masonry( cont ) { cont.find( manoir_apply_filters( 'manoir_filter_masonry_wrap', '.masonry_wrap' ) ).each( function() { var masonry_wrap = jQuery( this ); if ( masonry_wrap.parents( 'div:hidden,article:hidden' ).length > 0) return; if ( ! masonry_wrap.hasClass( 'inited' ) ) { masonry_wrap.addClass( 'inited' ); manoir_when_images_loaded( masonry_wrap, function() { setTimeout( function() { masonry_wrap.masonry( { itemSelector: manoir_apply_filters( 'manoir_filter_masonry_item', '.masonry_item' ), columnWidth: manoir_apply_filters( 'manoir_filter_masonry_item', '.masonry_item' ), percentPosition: true } ); $window.trigger('resize'); $window.trigger('scroll'); }, manoir_apply_filters( 'manoir_filter_masonry_init', 10 ) ); }); } else { setTimeout( function() { masonry_wrap.masonry(); }, manoir_apply_filters( 'manoir_filter_masonry_reinit', 510 ) ); } } ); } function manoir_init_comments_button( cont ) { cont.find( '.show_comments_button:not(.inited)' ) .addClass( 'inited' ) .on( 'click', function(e) { var bt = jQuery(this); if ( bt.attr( 'href' ) == '#' ) { bt.toggleClass( 'opened' ).text( bt.data( bt.hasClass( 'opened' ) ? 'hide' : 'show' ) ); var $comments_wrap = bt.parent().next(); $comments_wrap.slideToggle( function() { $comments_wrap.toggleClass( 'opened' ); $window.trigger( 'scroll' ); }); e.preventDefault(); return false; } } ); } function manoir_init_comments_links( cont ) { cont.find( 'a[href$="#comments"]:not(.inited),a[href$="#respond"]:not(.inited)' ) .addClass( 'inited' ) .on( 'click', function(e) { var $self = jQuery(this); if ( manoir_is_local_link( $self.attr( 'href') ) ) { var $prev_post_content = $self.parents( '.previous_post_content' ), $comments_wrap = $prev_post_content.length ? $prev_post_content.find( '.comments_wrap' ).eq(0) : jQuery( '.comments_wrap' ).eq(0), $show_comments_button = $comments_wrap.prev().find('.show_comments_button '); if ( $comments_wrap.length ) { if ( $comments_wrap.css( 'display' ) == 'none' ) { if ($show_comments_button.length ) { $show_comments_button.trigger( 'click' ); } } if ($show_comments_button.length ) { manoir_document_animate_to( $show_comments_button.offset().top ); } } } } ); } function manoir_init_checkbox_i_agree( cont ) { var $i_agree = cont.find('input[type="checkbox"][name="i_agree_privacy_policy"]:not(.inited)' + ',input[type="checkbox"][name="gdpr_terms"]:not(.inited)' + ',input[type="checkbox"][name="wpgdprc"]:not(.inited)' + ',input[type="checkbox"][name="AGREE_TO_TERMS"]:not(.inited)' + ',input[type="checkbox"][name="acceptance"]:not(.inited)' ); if ( $i_agree.length > 0 ) { if ( true ) { $i_agree.each( function() { var chk = jQuery( this ), form = chk.parents('form'); chk.addClass( 'inited' ); form.find( 'button,input[type="submit"]' ).on( 'click', function(e) { if ( ! chk.get(0).checked ) { form.find('.trx_addons_message_box').remove(); form.append( '<div class="trx_addons_message_box trx_addons_message_box_error">' + MANOIR_STORAGE['msg_i_agree_error'] + '</div>' ); var error_msg = form.find('.trx_addons_message_box'); error_msg.fadeIn(); setTimeout( function() { error_msg.fadeOut( function() { error_msg.remove(); } ); }, 3000 ); e.preventDefault(); return false; } } ); } ); } else { $i_agree .addClass('inited') .on('change', function(e) { var $self = jQuery(this), $bt = $self.parents('form').find('button,input[type="submit"]'); if ($self.get(0).checked) { $bt.removeAttr('disabled'); } else { $bt.attr('disabled', 'disabled'); } }) .trigger('change'); } } } function manoir_intersection_observer_init() { if ( typeof IntersectionObserver != 'undefined' ) { if ( typeof MANOIR_STORAGE['intersection_observer'] == 'undefined' ) { MANOIR_STORAGE['intersection_observer'] = new IntersectionObserver( function(entries) { entries.forEach( function( entry ) { manoir_intersection_observer_in_out( jQuery(entry.target), entry.isIntersecting || entry.intersectionRatio > 0 ? 'in' : 'out', entry ); } ); }, { root: null, rootMargin: '1px', threshold: 0 } ); } } else { $window.on( 'scroll', function() { if ( typeof MANOIR_STORAGE['intersection_observer_items'] != 'undefined' ) { for ( var i in MANOIR_STORAGE['intersection_observer_items'] ) { if ( ! MANOIR_STORAGE['intersection_observer_items'][i] || MANOIR_STORAGE['intersection_observer_items'][i].length === 0 ) { continue; } var item = MANOIR_STORAGE['intersection_observer_items'][i], item_top = item.offset().top, item_height = item.height(); manoir_intersection_observer_in_out( item, item_top + item_height > manoir_window_scroll_top() && item_top < manoir_window_scroll_top() + manoir_window_height() ? 'in' : 'out' ); } } } ); } window.manoir_intersection_observer_in_out = function( item, state, entry ) { var callback = null; if ( state == 'in' ) { if ( ! item.hasClass( 'manoir_in_viewport' ) ) { item.addClass( 'manoir_in_viewport' ); callback = item.data('trx-addons-intersection-callback'); if ( callback ) { callback( item, true, entry ); } } } else { if ( item.hasClass( 'manoir_in_viewport' ) ) { item.removeClass( 'manoir_in_viewport' ); callback = item.data('trx-addons-intersection-callback'); if ( callback ) { callback( item, false, entry ); } } } }; window.manoir_intersection_observer_add = function( items, callback ) { items.each( function() { var $self = jQuery( this ), id = $self.attr( 'id' ); if ( ! $self.hasClass( 'manoir_intersection_inited' ) ) { if ( ! id ) { id = 'io-' + ( '' + Math.random() ).replace('.', ''); $self.attr( 'id', id ); } $self.addClass( 'manoir_intersection_inited' ); if ( callback ) { $self.data( 'trx-addons-intersection-callback', callback ); } if ( typeof MANOIR_STORAGE['intersection_observer_items'] == 'undefined' ) { MANOIR_STORAGE['intersection_observer_items'] = {}; } MANOIR_STORAGE['intersection_observer_items'][id] = $self; if ( typeof MANOIR_STORAGE['intersection_observer'] !== 'undefined' ) { MANOIR_STORAGE['intersection_observer'].observe( $self.get(0) ); } } } ); }; window.manoir_intersection_observer_remove = function( items ) { items.each( function() { var $self = jQuery( this ), id = $self.attr( 'id' ); if ( $self.hasClass( 'manoir_intersection_inited' ) ) { $self.removeClass( 'manoir_intersection_inited' ); delete MANOIR_STORAGE['intersection_observer_items'][id]; if ( typeof MANOIR_STORAGE['intersection_observer'] !== 'undefined' ) { MANOIR_STORAGE['intersection_observer'].unobserve( $self.get(0) ); } } } ); }; } function manoir_scroll_actions() { $document.trigger( 'action.scroll_manoir' ); manoir_fix_sidebar(); manoir_fix_nav_links(); manoir_fix_share_links(); manoir_shift_under_panels(); manoir_full_post_reading(); MANOIR_STORAGE['scroll_busy'] = false; } function manoir_add_to_read_list(post_id) { if ( post_id > 0 ) { var read_list = manoir_get_storage('manoir_post_read'); if ( read_list && read_list.charAt(0) == '[' ) { read_list = JSON.parse(read_list); } else { read_list = []; } if ( read_list.indexOf(post_id) == -1 ) { read_list.push(post_id); } manoir_set_storage('manoir_post_read', JSON.stringify(read_list)); } } var fpr_bt, fpr_cont, fpr_cs, fpr_ch, fpr_pw; function manoir_full_post_read_change_state() { fpr_bt = jQuery('.full_post_close'); if ( fpr_bt.length == 1 ) { fpr_cont = fpr_bt.parent(); fpr_cs = fpr_cont.offset().top; fpr_ch = fpr_cont.height(); fpr_pw = fpr_bt.find('.full_post_progress'); } } function manoir_full_post_reading() { if ( typeof fpr_bt == 'undefined' ) { manoir_full_post_read_change_state(); } if ( fpr_bt.length == 1 ) { var ws = manoir_window_scroll_top(), wh = manoir_window_height(); if ( ws > fpr_cs ) { if ( ! fpr_pw || fpr_pw.length === 0 ) { fpr_bt.append( '<span class="full_post_progress">' + '<svg viewBox="0 0 50 50">' + '<circle class="full_post_progress_bar" cx="25" cy="25" r="22"></circle>' + '</svg>' + '</span>' ); fpr_pw = fpr_bt.find('.full_post_progress'); } var bar = fpr_pw.find('.full_post_progress_bar'), bar_max = parseFloat( bar.css('stroke-dasharray') ); if ( fpr_cs + fpr_ch > ws + wh ) { var now = fpr_cs + fpr_ch - ( ws + wh ), delta = bar.data('delta'); if ( delta == undefined ) { delta = now; bar.data('delta', delta); } bar.css( 'stroke-dashoffset', Math.min( 1, now / delta ) * bar_max + 'px' ); if ( now / delta < 0.5 ) { var post = fpr_cont.prev(), post_id = post.data('post-id'); post.addClass('full_post_read'); manoir_add_to_read_list(post_id); } } else if ( ! fpr_bt.hasClass('full_post_read_complete') ) { fpr_bt.addClass('full_post_read_complete'); } else if ( fpr_cs + fpr_ch + wh / 3 < ws + wh ) { fpr_bt.trigger( 'click' ); } } else { if ( false && fpr_pw.length !== 0 ) { fpr_pw.remove(); fpr_pw = null; } } } } function manoir_shift_under_panels() { if ($body.hasClass( 'header_position_under' ) && ! manoir_browser_is_mobile()) { if ( $body.hasClass( 'mobile_layout' ) ) { if ( $header.css( 'position' ) == 'fixed' ) { $header.css( { 'position': 'relative', 'left': 'auto', 'top': 'auto', 'width': 'auto', 'transform': 'none', 'zIndex': 3 } ); $header.find( '.top_panel_mask' ).hide(); $page_content_wrap.css( { 'marginTop': 0, 'marginBottom': 0, 'zIndex': 2 } ); $footer.css( { 'position': 'relative', 'left': 'auto', 'bottom': 'auto', 'width': 'auto', 'transform': 'none', 'zIndex': 1 } ); $footer.find( '.top_panel_mask' ).hide(); } return; } var delta = 50; var scroll_offset = manoir_window_scroll_top(); var header_height = _header_height; var shift = ! (/Chrome/.test( navigator.userAgent ) && /Google Inc/.test( navigator.vendor )) || $header.find( '.slider_engine_revo' ).length === 0 ? 0 : 0; var mask = $header.find( '.top_panel_mask' ); var mask_opacity = 0; var css = {}; if (mask.length === 0) { $header.append( '<div class="top_panel_mask"></div>' ); mask = $header.find( '.top_panel_mask' ); } if ( $header.css( 'position' ) !== 'fixed' ) { $page_content_wrap.css( { 'zIndex': 5, 'marginTop': header_height + 'px' } ); $header.css( { 'position': 'fixed', 'left': 0, 'top': manoir_adminbar_height() + 'px', 'width': '100%', 'zIndex': 3 } ); } else { $page_content_wrap.css( 'marginTop', header_height + 'px' ); } if (scroll_offset > 0) { var offset = scroll_offset; if (offset <= header_height) { mask_opacity = Math.max( 0, Math.min( 0.8, (offset - delta) / header_height ) ); if (shift) { $header.css( 'transform', 'translate3d(0px, ' + (-Math.round( offset / shift )) + 'px, 0px)' ); } mask.css( { 'opacity': mask_opacity, 'display': offset === 0 ? 'none' : 'block' } ); } else { if (shift) { $header.css( 'transform', 'translate3d(0px, ' + (-Math.round( offset / shift )) + 'px, 0px)' ); } } } else { if (shift) { $header.css( 'transform', 'none' ); } if (mask.css( 'display' ) != 'none') { mask.css( { 'opacity': 0, 'display': 'none' } ); } } var footer_height = Math.min( _footer_height, manoir_window_height() ); var footer_visible = (scroll_offset + manoir_window_height()) - ( $header.outerHeight() + $page_content_wrap.outerHeight() ); if ( $footer.css( 'position' ) !== 'fixed' ) { $page_content_wrap.css( { 'marginBottom': footer_height + 'px' } ); $footer.css( { 'position': 'fixed', 'left': 0, 'bottom': 0, 'width': '100%', 'zIndex': 2 } ); } else { $page_content_wrap.css( 'marginBottom', footer_height + 'px' ); } if ( footer_visible > 0 ) { if ( $footer.css( 'zIndex' ) == 2 ) { $footer.css( 'zIndex', 4 ); } mask = $footer.find( '.top_panel_mask' ); if (mask.length === 0) { $footer.append( '<div class="top_panel_mask"></div>' ); mask = $footer.find( '.top_panel_mask' ); } if (footer_visible <= footer_height) { mask_opacity = Math.max( 0, Math.min( 0.8, (footer_height - footer_visible) / footer_height ) ); if (shift) { $footer.css( 'transform', 'translate3d(0px, ' + Math.round( (footer_height - footer_visible) / shift ) + 'px, 0px)' ); } mask.css( { 'opacity': mask_opacity, 'display': footer_height - footer_visible <= 0 ? 'none' : 'block' } ); } else { if (shift) { $footer.css( 'transform', 'none' ); } if (mask.css( 'display' ) != 'none') { mask.css( { 'opacity': 0, 'display': 'none' } ); } } } else { if ( $footer.css( 'zIndex' ) == 4 ) { $footer.css( 'zIndex', 2 ); } } } } function manoir_fix_footer() { if ( $body.hasClass( 'header_position_under' ) && ! manoir_browser_is_mobile() ) { if ( $footer.length > 0 ) { var ft_height = $footer.outerHeight( false ), pc = $page_content_wrap, pc_offset = pc.offset().top, pc_height = pc.height(); if ( pc_offset + pc_height + ft_height < manoir_window_height() ) { if ( $footer.css( 'position' ) != 'absolute' ) { $footer.css( { 'position': 'absolute', 'left': 0, 'bottom': 0, 'width' :'100%' } ); } } else { if ( $footer.css( 'position' ) != 'relative' ) { $footer.css( { 'position': 'relative', 'left': 'auto', 'bottom': 'auto' } ); } } } } } function manoir_fix_sidebar(force) { if ( $body.hasClass( 'fixed_blocks_sticky' ) ) { return; } $sidebar.each( function() { var sb = jQuery( this ); var content = sb.siblings( '.content' ); var old_style = ''; if ( content.length == 0 ) { return; } if (content.css( 'float' ) == 'none') { old_style = sb.data( 'old_style' ); if (old_style !== undefined) { sb.attr( 'style', old_style ).removeAttr( 'data-old_style' ); } } else { var sb_height = sb.outerHeight(); var sb_shift = 30; var content_height = content.outerHeight(); var content_top = content.offset().top; var content_shift = content.position().top; if (sb_height < content_height && manoir_window_scroll_top() + manoir_fixed_rows_height() > content_top) { var sb_init = { 'position': 'undefined', 'float': 'none', 'top': 'auto', 'bottom': 'auto', 'marginLeft': '0', 'marginRight': '0' }; if (typeof MANOIR_STORAGE['scroll_offset_last'] == 'undefined') { MANOIR_STORAGE['sb_top_last'] = content_top; MANOIR_STORAGE['scroll_offset_last'] = manoir_window_scroll_top(); MANOIR_STORAGE['scroll_dir_last'] = 1; } var scroll_dir = manoir_window_scroll_top() - MANOIR_STORAGE['scroll_offset_last']; if (scroll_dir === 0) { scroll_dir = MANOIR_STORAGE['scroll_dir_last']; } else { scroll_dir = scroll_dir > 0 ? 1 : -1; } var sb_big = sb_height + sb_shift >= manoir_window_height() - manoir_fixed_rows_height(), sb_top = sb.offset().top; if (sb_top < 0) { sb_top = MANOIR_STORAGE['sb_top_last']; } if (sb_big) { if (scroll_dir != MANOIR_STORAGE['scroll_dir_last'] && sb.css( 'position' ) == 'fixed') { sb_init.position = 'absolute'; sb_init.top = sb_top + content_shift - content_top; } else if (scroll_dir > 0) { if (manoir_window_scroll_top() + manoir_window_height() >= content_top + content_height) { sb_init.position = 'absolute'; sb_init.bottom = 0; } else if (manoir_window_scroll_top() + manoir_window_height() >= (sb.css( 'position' ) == 'absolute' ? sb_top : content_top) + sb_height + sb_shift) { sb_init.position = 'fixed'; sb_init.bottom = sb_shift; } } else { if (manoir_window_scroll_top() + manoir_fixed_rows_height() <= sb_top) { sb_init.position = 'fixed'; sb_init.top = manoir_fixed_rows_height(); } } } else { if (manoir_window_scroll_top() + manoir_fixed_rows_height() >= content_top + content_height - sb_height) { sb_init.position = 'absolute'; sb_init.bottom = 0; } else { sb_init.position = 'fixed'; sb_init.top = manoir_fixed_rows_height(); } } if (force && sb_init.position == 'undefined' && sb.css('position') == 'absolute') { sb_init.position = 'absolute'; if (sb.css('top') != 'auto') { sb_init.top = sb.css('top'); } else { sb_init.bottom = sb.css('bottom'); } } if ( sb_init.position == 'absolute' || sb_init.position == 'undefined' ) { if ( sb_init.top == 'auto' && sb_init.bottom == 'auto' ) { sb_init.top = sb.offset().top; } if ( sb_init.top != 'auto' ) { if ( sb_init.top + sb_height > content_height ) { sb_init.position = 'absolute'; sb_init.top = content_shift + content_height - sb_height; force = true; } if ( sb_init.top + sb_height <= content_shift + content_height && sb_init.top >= manoir_window_scroll_top() + manoir_window_height() ) { sb_init.position = 'fixed'; sb_init.top = 'auto'; sb_init.bottom = sb_shift; force = true; } } } else if ( sb_init.position == 'fixed' ) { if ( sb_init.top == 'auto' && sb_init.bottom == 'auto' && sb.css('top') != 'auto') { sb_init.top = parseFloat( sb.css('top') ); } if ( sb_init.top != 'auto' && manoir_window_scroll_top() + sb_init.top + sb_height > content_top + content_height ) { sb_init.position = 'absolute'; sb_init.top = content_shift + content_height - sb_height; force = true; } } if (sb_init.position != 'undefined') { var style = sb.attr('style'); if (!style) style = ''; if (!sb.prev().hasClass('sidebar_fixed_placeholder')) { sb.css(sb_init); MANOIR_STORAGE['scroll_dir_last'] = 0; sb.before('<div class="sidebar_fixed_placeholder '+sb.attr('class')+'"' + (sb.data('sb') ? ' data-sb="' + sb.data('sb') + '"' : '') + '></div>'); } if ( sb_init.position == 'absolute' && $body.hasClass( 'body_style_fullwide' ) && $body.hasClass( 'sidebar_right' ) ) { sb_init.left = sb.parent().innerWidth() - sb.prev().width() - parseFloat( sb.parent().css( 'paddingLeft' ) ); } else if ( sb_init.position == 'fixed' || $body.hasClass('body_style_fullwide') || $body.hasClass('body_style_fullscreen') ) { sb_init.left = sb.prev().offset().left; } else { sb_init.left = sb.prev().position().left; } sb_init.right = 'auto'; sb_init.width = sb.prev().width() + parseFloat(sb.prev().css('paddingLeft')) + parseFloat(sb.prev().css('paddingRight')); if (force || sb.css('position') != sb_init.position || MANOIR_STORAGE['scroll_dir_last'] != scroll_dir || sb.width() != sb_init.width) { if (sb.data('old_style') === undefined) { sb.attr('data-old_style', style); } sb.css(sb_init); } } MANOIR_STORAGE['sb_top_last'] = sb_top; MANOIR_STORAGE['scroll_offset_last'] = manoir_window_scroll_top(); MANOIR_STORAGE['scroll_dir_last'] = scroll_dir; } else { old_style = sb.data( 'old_style' ); if (old_style !== undefined) { sb.attr( 'style', old_style ).removeAttr( 'data-old_style' ); if (sb.prev().hasClass('sidebar_fixed_placeholder')) { sb.prev().remove(); } } } } } ); } function manoir_fix_nav_links() { if ( $single_nav_links_fixed.length > 0 && $single_nav_links_fixed.css( 'position' ) == 'fixed') { var window_bottom = manoir_window_scroll_top() + manoir_window_height(), article = jQuery('.post_item_single'), article_top = article.length > 0 ? article.offset().top : manoir_window_height(), article_bottom = article_top + ( article.length > 0 ? article.height() * 2 / 3 : 0 ), footer_top = $footer.length > 0 ? $footer.offset().top : 100000; if ( article_bottom < window_bottom && footer_top > window_bottom ) { if ( ! $single_nav_links_fixed.hasClass('nav-links-visible') ) { $single_nav_links_fixed.addClass('nav-links-visible'); } } else { if ( $single_nav_links_fixed.hasClass('nav-links-visible') ) { $single_nav_links_fixed.removeClass('nav-links-visible'); } } } } function manoir_fix_share_links() { if ( $single_post_info_fixed.length > 0 ) { var frh = manoir_fixed_rows_height() + 10, st = manoir_window_scroll_top() + frh; $single_post_info_fixed.each( function() { var share_links = jQuery(this), share_links_top = share_links.offset().top, share_links_left = share_links.offset().left, share_links_height = share_links.height(), share_links_position = share_links.css( 'position' ), article = share_links.parents('.post_content'), article_top = article.offset().top, article_bottom = article_top + article.height(); if ( share_links_position == 'absolute') { if ( st >= article_top && st + share_links_height < article_bottom ) { share_links .data('abs-pos', { 'left': share_links.css('left'), 'top': share_links.css('top')}) .addClass('post_info_vertical_fixed_on') .css({ 'top': frh, 'left': share_links_left }); } } else if ( share_links_position == 'fixed' ) { if ( st < article_top ) { if ( share_links.hasClass( 'post_info_vertical_fixed_on' ) ) { var abs_pos = share_links.data('abs-pos'); share_links .removeClass( 'post_info_vertical_fixed_on' ) .css({ 'top': abs_pos.top, 'left': abs_pos.left }); } } else if ( st + share_links_height >= article_bottom ) { share_links.fadeOut(); } else if ( share_links.css('display') == 'none' ) { share_links.fadeIn(); } } }); } } function manoir_resize_actions(cont) { _header_height = $header.length === 0 ? 0 : $header.height(); _footer_height = $footer.length === 0 ? 0 : $footer.height(); manoir_check_layout(); manoir_fix_sidebar(true); manoir_fix_footer(); manoir_fix_nav_links(); manoir_stretch_width( cont ); manoir_stretch_bg_video(); manoir_vc_row_fullwidth_to_boxed( cont ); manoir_stretch_sidemenu(); manoir_resize_video( cont ); manoir_shift_under_panels(); $document.trigger( 'action.resize_manoir', [cont] ); } function manoir_stretch_sidemenu() { var toc_items = $menu_side_wrap.find( '.toc_menu_item' ); if (toc_items.length === 0) { return; } var toc_items_height = manoir_window_height() - manoir_adminbar_height() - $menu_side_logo.outerHeight() - toc_items.length; var th = Math.floor( toc_items_height / toc_items.length ); var th_add = toc_items_height - th * toc_items.length; if (MANOIR_STORAGE['menu_side_stretch'] && toc_items.length >= 5 && th >= 30) { toc_items.find( ".toc_menu_description,.toc_menu_icon" ).css( { 'height': th + 'px', 'lineHeight': th + 'px' } ); toc_items.eq( 0 ).find( ".toc_menu_description,.toc_menu_icon" ).css( { 'height': (th + th_add) + 'px', 'lineHeight': (th + th_add) + 'px' } ); } } $document.on( 'action.toc_menu_item_active', function() { var toc_menu = $menu_side_wrap.find( '#toc_menu' ); if (toc_menu.length === 0) { return; } var toc_items = toc_menu.find( '.toc_menu_item' ); if (toc_items.length === 0) { return; } var th = toc_items.eq( 0 ).height(), toc_menu_pos = parseFloat( toc_menu.css( 'top' ) ), toc_items_height = toc_items.length * th, menu_side_height = manoir_window_height() - manoir_adminbar_height() - $menu_side_logo.outerHeight() - $menu_side_logo.next( '.toc_menu_item' ).outerHeight(); if ( toc_items_height > menu_side_height ) { var toc_item_active = $menu_side_wrap.find( '.toc_menu_item_active' ).eq( 0 ); if ( toc_item_active.length == 1 ) { var toc_item_active_pos = (toc_item_active.index() + 1) * th; if (toc_menu_pos + toc_item_active_pos > menu_side_height - th) { toc_menu.css( 'top', Math.max( -toc_item_active_pos + 3 * th, menu_side_height - toc_items_height ) ); } else if (toc_menu_pos < 0 && toc_item_active_pos < -toc_menu_pos + 2 * th) { toc_menu.css( 'top', Math.min( -toc_item_active_pos + 3 * th, 0 ) ); } } } else if ( toc_menu_pos < 0 ) { toc_menu.css( 'top', 0 ); } } ); function manoir_check_layout() { var resize = true; if ( $body.hasClass( 'no_layout' ) ) { $body.removeClass( 'no_layout' ); resize = false; } var w = window.innerWidth; if (w == undefined) { w = manoir_window_width() + ( manoir_window_height() < manoir_document_height() || manoir_window_scroll_top() > 0 ? 16 : 0 ); } if ( w < MANOIR_STORAGE['mobile_layout_width'] ) { if ( ! $body.hasClass( 'mobile_layout' )) { $body.removeClass( 'desktop_layout' ).addClass( 'mobile_layout' ); $document.trigger( 'action.switch_to_mobile_layout' ); if (resize) { $window.trigger( 'resize' ); } } } else { if ( ! $body.hasClass( 'desktop_layout' )) { $body.removeClass( 'mobile_layout' ).addClass( 'desktop_layout' ); jQuery( '.menu_mobile' ).removeClass( 'opened' ); jQuery( '.menu_mobile_overlay' ).hide(); $document.trigger( 'action.switch_to_desktop_layout' ); if ( resize ) { $window.trigger( 'resize' ); } } } if (MANOIR_STORAGE['mobile_device'] || manoir_browser_is_mobile()) { $body.addClass( 'mobile_device' ); } } function manoir_stretch_width(cont) { if (cont === undefined) { cont = $body; } $stretch_width.each( function() { var $el = jQuery( this ); var $el_cont = $el.parents( '.page_wrap' ); var $el_cont_offset = 0; if ($el_cont.length === 0) { $el_cont = $window; } else { $el_cont_offset = $el_cont.offset().left; } var $el_full = $el.next( '.trx-stretch-width-original' ); var el_margin_left = parseInt( $el.css( 'margin-left' ), 10 ); var el_margin_right = parseInt( $el.css( 'margin-right' ), 10 ); var offset = $el_cont_offset - $el_full.offset().left - el_margin_left; var width = $el_cont.width(); if ( ! $el.hasClass( 'inited' )) { $el.addClass( 'inited invisible' ); $el.css( { 'position': 'relative', 'box-sizing': 'border-box' } ); } $el.css( { 'left': offset, 'width': $el_cont.width() } ); if ( ! $el.hasClass( 'trx-stretch-content' ) ) { var padding = Math.max( 0, -1 * offset ); var paddingRight = Math.max( 0, width - padding - $el_full.width() + el_margin_left + el_margin_right ); $el.css( { 'padding-left': padding + 'px', 'padding-right': paddingRight + 'px' } ); } $el.removeClass( 'invisible' ); } ); } function manoir_resize_video(cont) { if (cont === undefined) { cont = $body; } cont.find( 'video' ).each( function() { var $self = jQuery( this ); if ( ( ! MANOIR_STORAGE['resize_tag_video'] && $self.parents('.mejs-mediaelement').length === 0 ) || $self.hasClass( 'trx_addons_resize' ) || $self.hasClass( 'trx_addons_noresize' ) || $self.parents( 'div:hidden,section:hidden,article:hidden' ).length > 0 ) { return; } var video = $self.addClass( 'manoir_resize' ).eq( 0 ); var ratio = (video.data( 'ratio' ) !== undefined ? video.data( 'ratio' ).split( ':' ) : [16,9]); ratio = ratio.length != 2 || ratio[0] === 0 || ratio[1] === 0 ? 16 / 9 : ratio[0] / ratio[1]; var mejs_cont = video.parents( '.mejs-video' ).eq(0); var mfp_cont = video.parents( '.mfp-content' ).eq(0); var w_attr = video.data( 'width' ); var h_attr = video.data( 'height' ); if ( ! w_attr || ! h_attr) { w_attr = video.attr( 'width' ); h_attr = video.attr( 'height' ); if ( ! w_attr || ! h_attr) { if ( ( ! w_attr || ! h_attr ) && mejs_cont.length > 0 ) { w_attr = Math.ceil( mejs_cont.width() ); h_attr = Math.ceil( mejs_cont.height() ); } if ( ! w_attr || ! h_attr ) { return; } } video.data( {'width': w_attr, 'height': h_attr} ); } var percent = ('' + w_attr).slice( -1 ) == '%'; w_attr = parseInt( w_attr, 10 ); h_attr = parseInt( h_attr, 10 ); var par = mejs_cont.length > 0 ? mejs_cont.parents('.post_video,.post_featured').eq(0) : video.parents('.post_video,.post_featured').eq(0); if ( ! par.length ) { par = mejs_cont.length > 0 ? mejs_cont.parents('div,section,article').eq(0) : video.parents('div,section,article').eq(0); } var w_real = Math.ceil( Math.min( percent ? 10000 : w_attr, par.width() ) ); if ( mfp_cont.length > 0 ) { w_real = Math.max( mfp_cont.width(), w_real ); } var h_real = Math.ceil( percent ? w_real / ratio : w_real / w_attr * h_attr ); if ( parseInt( video.attr( 'data-last-width' ), 10 ) == w_real ) { return; } if ( percent ) { video.height( h_real ); } else if ( video.parents( '.wp-video-playlist' ).length > 0 ) { if ( mejs_cont.length === 0 ) { video.attr( {'width': w_real, 'height': h_real} ); } } else { video.attr( {'width': w_real, 'height': h_real} ).css( {'width': w_real + 'px', 'height': h_real + 'px'} ); var h_video = video.height(); if ( h_video < h_real ) { w_real = Math.ceil( w_real * h_video / h_real ); h_real = h_video; video.attr( {'width': w_real, 'height': h_real}).css({'width': w_real+'px', 'height': h_real+'px'} ); } if ( mejs_cont.length > 0 ) { manoir_set_mejs_player_dimensions( video, w_real, h_real ); } } video.attr( 'data-last-width', w_real ); } ); if ( MANOIR_STORAGE['resize_tag_iframe'] ) { cont.find( '.video_frame iframe,iframe' ).each( function() { var $self = jQuery( this ); if ( $self.hasClass( 'trx_addons_resize' ) || $self.hasClass( 'trx_addons_noresize' ) || $self.parent().is( 'rs-bgvideo' ) || $self.parents( 'rs-slide' ).length > 0 || $self.addClass( 'manoir_resize' ).parents( 'div:hidden,section:hidden,article:hidden' ).length > 0 || document.fullscreenElement || document.mozFullScreenElement || document.webkitFullscreenElement || document.msFullscreenElement ) { return; } var iframe = $self.eq( 0 ); if (iframe.length === 0 || iframe.attr( 'src' ) === undefined || iframe.attr( 'src' ).indexOf( 'soundcloud' ) > 0) { return; } var w_attr = iframe.attr( 'width' ); var h_attr = iframe.attr( 'height' ); if ( ! w_attr || ! h_attr || w_attr <= manoir_apply_filters( 'manoir_filter_noresize_iframe_width', 325 ) ) { return; } var ratio = iframe.data( 'ratio' ) !== undefined ? iframe.data( 'ratio' ).split( ':' ) : ( iframe.parent().data( 'ratio' ) !== undefined ? iframe.parent().data( 'ratio' ).split( ':' ) : ( iframe.find( '[data-ratio]' ).length > 0 ? iframe.find( '[data-ratio]' ).data( 'ratio' ).split( ':' ) : [w_attr, h_attr] ) ); ratio = ratio.length != 2 || ratio[0] === 0 || ratio[1] === 0 ? 16 / 9 : ratio[0] / ratio[1]; var percent = ( '' + w_attr ).slice( -1 ) == '%'; w_attr = parseInt( w_attr, 10 ); h_attr = parseInt( h_attr, 10 ); var par = iframe.parents( '.post_video,.post_featured' ).eq(0); if ( ! par.length ) { par = iframe.parents( '.mfp-content' ).eq(0); if ( ! par.length ) { par = iframe.parents( 'div,section,article' ).eq(0); } } var contains = iframe.data('contains-in-parent')=='1' || iframe.hasClass('contains-in-parent'), nostretch = iframe.data('no-stretch-to-parent')=='1' || iframe.hasClass('no-stretch-to-parent'), pw = Math.ceil( par.width() ), ph = Math.ceil( par.height() ), w_real = nostretch ? Math.min( w_attr, pw ) : pw, h_real = Math.ceil( percent ? w_real / ratio : w_real / w_attr * h_attr ); if ( contains && par.css( 'position' ) == 'absolute' && h_real > ph) { h_real = ph; w_real = Math.ceil( percent ? h_real * ratio : h_real * w_attr / h_attr ); } if (parseInt( iframe.attr( 'data-last-width' ), 10 ) == w_real) { return; } iframe.css( {'width': w_real + 'px', 'height': h_real + 'px'} ); iframe.attr( 'data-last-width', w_real ); } ); } } function manoir_set_mejs_player_dimensions(video, w, h) { if (mejs) { for (var pl in mejs.players) { if (mejs.players[pl].media.src == video.attr( 'src' )) { if (mejs.players[pl].media.setVideoSize) { mejs.players[pl].media.setVideoSize( w, h ); } else if (mejs.players[pl].media.setSize) { mejs.players[pl].media.setSize( w, h ); } mejs.players[pl].setPlayerSize( w, h ); mejs.players[pl].setControlsSize(); } } } } function manoir_stretch_bg_video() { var video_wrap = jQuery( 'div#background_video,.tourmaster-background-video' ); if (video_wrap.length === 0) { return; } var cont = video_wrap.hasClass( 'tourmaster-background-video' ) ? video_wrap.parent() : video_wrap, w = cont.width(), h = cont.height(), video = video_wrap.find( '>iframe,>video' ); if (w / h < 16 / 9) { w = h / 9 * 16; } else { h = w / 16 * 9; } video .attr( {'width': w, 'height': h} ) .css( {'width': w, 'height': h} ); } $document.on('vc-full-width-row action.before_resize_trx_addons', function(e, container) { manoir_vc_row_fullwidth_to_boxed( jQuery(container) ); }); function manoir_vc_row_fullwidth_to_boxed(cont) { if ( $body.hasClass( 'body_style_boxed' ) || $body.hasClass( 'menu_side_present' ) || parseInt($page_wrap.css('paddingLeft'), 10) > 0 ) { if (cont === undefined || ! cont.hasClass( '.vc_row' ) || ! cont.data( 'vc-full-width' )) { cont = jQuery( '.vc_row[data-vc-full-width="true"]' ); } var rtl = jQuery( 'html' ).attr( 'dir' ) == 'rtl'; var page_wrap_pl = parseInt( $page_wrap.css('paddingLeft'), 10 ); if ( isNaN( page_wrap_pl ) ) { page_wrap_pl = 0; } var page_wrap_pr = parseInt( $page_wrap.css('paddingRight'), 10 ); if ( isNaN( page_wrap_pr ) ) { page_wrap_pr = 0; } var page_wrap_width = $page_wrap.outerWidth() - page_wrap_pl - page_wrap_pr; var content_wrap = $page_content_wrap.find( '.content_wrap' ); var content_wrap_width = content_wrap.width(); var indent = ( page_wrap_width - content_wrap_width ) / 2; cont.each( function() { var $self = jQuery( this ); var mrg = parseInt( $self.css( 'marginLeft' ), 10 ); var stretch_content = $self.attr( 'data-vc-stretch-content' ); var stretch_row = $self.attr( 'data-vc-full-width' ); var in_content = $self.parents( '.content_wrap' ).length > 0; $self.css( { 'width': in_content && ! stretch_content && ! stretch_row ? Math.min( page_wrap_width, content_wrap_width ) : page_wrap_width, 'left': rtl ? 'auto' : ( in_content ? -indent : 0 ) - mrg, 'right': ! rtl ? 'auto' : ( n_content ? -indent : 0 ) - mrg, 'padding-left': stretch_content ? 0 : indent + mrg, 'padding-right': stretch_content ? 0 : indent + mrg } ); } ); } } ready_busy = false; } ); jQuery( document ).on( 'action.init_hidden_elements', function(e, cont) { "use strict"; if (MANOIR_STORAGE['button_hover'] && MANOIR_STORAGE['button_hover'] != 'default') { jQuery( 'button:not(.search_submit):not(.full_post_close):not([class*="sc_button_hover_"]),' + '.sc_form_field button:not([class*="sc_button_hover_"]),' + '.theme_button:not([class*="sc_button_hover_"]),' + '.sc_button:not([class*="sc_button_simple"]):not([class*="sc_button_bordered"]):not([class*="sc_button_hover_"]),' + '.manoir_tabs .manoir_tabs_titles li a:not([class*="sc_button_hover_"]),' + '.post_item .more-link:not([class*="sc_button_hover_"]),' + '.trx_addons_hover_content .trx_addons_hover_links a:not([class*="sc_button_hover_"]),' + '#buddypress a.button:not([class*="sc_button_hover_"])' + '.mptt-navigation-tabs li a:not([class*="sc_button_hover_style_"]),' + '.edd_download_purchase_form .button:not([class*="sc_button_hover_style_"]),' + '.edd-submit.button:not([class*="sc_button_hover_style_"]),' + '.widget_edd_cart_widget .edd_checkout a:not([class*="sc_button_hover_style_"]),' + '.hover_shop_buttons .icons a:not([class*="sc_button_hover_style_"]),' + '.woocommerce #respond input#submit:not([class*="sc_button_hover_"]),' + '.woocommerce .button:not([class*="shop_"]):not([class*="view"]):not([class*="sc_button_hover_"]),' + '.woocommerce-page .button:not([class*="shop_"]):not([class*="view"]):not([class*="sc_button_hover_"])' ).addClass( 'sc_button_hover_just_init sc_button_hover_' + MANOIR_STORAGE['button_hover'] ); if (MANOIR_STORAGE['button_hover'] != 'arrow') { jQuery( 'input[type="submit"]:not([class*="sc_button_hover_"]),' + 'input[type="button"]:not([class*="sc_button_hover_"]),' + '.tagcloud > a:not([class*="sc_button_hover_"]),' + '.vc_tta-accordion .vc_tta-panel-heading .vc_tta-controls-icon:not([class*="sc_button_hover_"]),' + '.vc_tta-color-grey.vc_tta-style-classic .vc_tta-tab > a:not([class*="sc_button_hover_"]),' + '.woocommerce nav.woocommerce-pagination ul li a:not([class*="sc_button_hover_"]),' + '.tribe-events-button:not([class*="sc_button_hover_"]),' + '#tribe-bar-views .tribe-bar-views-list .tribe-bar-views-option a:not([class*="sc_button_hover_"]),' + '.tribe-bar-mini #tribe-bar-views .tribe-bar-views-list .tribe-bar-views-option a:not([class*="sc_button_hover_"]),' + '.tribe-events-cal-links a:not([class*="sc_button_hover_"]),' + '.tribe-events-sub-nav li a:not([class*="sc_button_hover_"]),' + '.isotope_filters_button:not([class*="sc_button_hover_"]),' + '.trx_addons_scroll_to_top:not([class*="sc_button_hover_"]),' + '.sc_promo_modern .sc_promo_link2:not([class*="sc_button_hover_"]),' + '.slider_container .slider_prev:not([class*="sc_button_hover_"]),' + '.slider_container .slider_next:not([class*="sc_button_hover_"]),' + '.sc_slider_controller_titles .slider_controls_wrap > a:not([class*="sc_button_hover_"])' ).addClass( 'sc_button_hover_just_init sc_button_hover_' + MANOIR_STORAGE['button_hover'] ); } jQuery( '.sc_slider_controller_titles .slider_controls_wrap > a:not([class*="sc_button_hover_style_"])' ).addClass( 'sc_button_hover_just_init sc_button_hover_style_default' ); jQuery( '.trx_addons_hover_content .trx_addons_hover_links a:not([class*="sc_button_hover_style_"]),' + '.single-product ul.products li.product .post_data .button:not([class*="sc_button_hover_style_"])' ).addClass( 'sc_button_hover_just_init sc_button_hover_style_inverse' ); jQuery( '.post_item_single .post_content .post_meta .post_share .socials_type_block .social_item .social_icon:not([class*="sc_button_hover_style_"]),' + '.woocommerce #respond input#submit.alt:not([class*="sc_button_hover_style_"]),' + '.woocommerce a.button.alt:not([class*="sc_button_hover_style_"]),' + '.woocommerce button.button.alt:not([class*="sc_button_hover_style_"]),' + '.woocommerce input.button.alt:not([class*="sc_button_hover_style_"])' ).addClass( 'sc_button_hover_just_init sc_button_hover_style_hover' ); jQuery( '.woocommerce .woocommerce-message .button:not([class*="sc_button_hover_style_"]),' + '.woocommerce .woocommerce-info .button:not([class*="sc_button_hover_style_"])' ).addClass( 'sc_button_hover_just_init sc_button_hover_style_alter' ); jQuery( '.sidebar .trx_addons_tabs .trx_addons_tabs_titles li a:not([class*="sc_button_hover_style_"]),' + '.manoir_tabs .manoir_tabs_titles li a:not([class*="sc_button_hover_style_"]),' + '.widget_tag_cloud a:not([class*="sc_button_hover_style_"]),' + '.widget_product_tag_cloud a:not([class*="sc_button_hover_style_"])' ).addClass( 'sc_button_hover_just_init sc_button_hover_style_alterbd' ); jQuery( '.vc_tta-accordion .vc_tta-panel-heading .vc_tta-controls-icon:not([class*="sc_button_hover_style_"]),' + '.vc_tta-color-grey.vc_tta-style-classic .vc_tta-tab > a:not([class*="sc_button_hover_style_"]),' + '.single-product div.product > .woocommerce-tabs .wc-tabs li a:not([class*="sc_button_hover_style_"]),' + '.sc_button.color_style_dark:not([class*="sc_button_simple"]):not([class*="sc_button_hover_style_"]),' + '.slider_prev:not([class*="sc_button_hover_style_"]),' + '.slider_next:not([class*="sc_button_hover_style_"]),' + '.trx_addons_video_player.with_cover .video_hover:not([class*="sc_button_hover_style_"]),' + '.trx_addons_tabs .trx_addons_tabs_titles li a:not([class*="sc_button_hover_style_"])' ).addClass( 'sc_button_hover_just_init sc_button_hover_style_dark' ); jQuery( '.sc_price_item_link:not([class*="sc_button_hover_style_"])' ).addClass( 'sc_button_hover_just_init sc_button_hover_style_extra' ); jQuery( '.sc_button.color_style_link2:not([class*="sc_button_simple"]):not([class*="sc_button_hover_style_"])' ).addClass( 'sc_button_hover_just_init sc_button_hover_style_link2' ); jQuery( '.sc_button.color_style_link3:not([class*="sc_button_simple"]):not([class*="sc_button_hover_style_"])' ).addClass( 'sc_button_hover_just_init sc_button_hover_style_link3' ); jQuery( '.mejs-controls button,' + '.wp-block-navigation__submenu-icon,' + '.mfp-close,' + '.sc_button_bg_image,' + '.sc_layouts_row_type_narrow .sc_button,' + '.tribe-common-c-btn-icon,' + '.tribe-events-c-top-bar__datepicker-button,' + '.tribe-events-calendar-list-nav button,' + '.tribe-events-cal-links .tribe-events-button,' + '.hover_shop_buttons a,' + 'button.pswp__button,' + '.woocommerce-orders-table__cell-order-actions .button' ).removeClass( 'sc_button_hover_' + MANOIR_STORAGE['button_hover'] ); setTimeout( function() { jQuery( '.sc_button_hover_just_init' ).removeClass( 'sc_button_hover_just_init' ); }, 500 ); } jQuery( '.sc_icons_simple .sc_icons_item_description a:not(.underline_hover),' + '.sc_icons_plate .sc_icons_item a.sc_icons_item_more_link:not(.underline_hover),' + '.sc_layouts_title_breadcrumbs .breadcrumbs a:not(.underline_hover)' ).addClass( 'underline_hover' ); jQuery( '.sc_icons_plain .sc_icons_item .sc_icons_item_more_link:not(.underline_hover_reverse),' + '.sc_icons_bordered .sc_icons_item_description a:not(.underline_hover_reverse)' ).addClass( 'underline_hover_reverse' ); jQuery(window).scroll(function() { jQuery( '.underline_anim:not(.underline_do_hover)' ).each( function() { var item = jQuery(this); if ( item.offset().top < jQuery( window ).scrollTop() + jQuery( window ).height() - 80 ) { item.addClass( 'underline_do_hover' ); } } ); }); } ); (function() { "use strict"; jQuery(document) .on( 'action.add_googlemap_styles', manoir_trx_addons_add_googlemap_styles ) .on( 'action.init_hidden_elements', manoir_trx_addons_init ); function manoir_trx_addons_add_googlemap_styles(e) { if (typeof TRX_ADDONS_STORAGE == 'undefined') return; TRX_ADDONS_STORAGE['googlemap_styles']['dark'] = [{"featureType":"all","elementType":"labels.text.fill","stylers":[{"saturation":36},{"color":"#333333"},{"lightness":40}]},{"featureType":"all","elementType":"labels.text.stroke","stylers":[{"visibility":"on"},{"color":"#ffffff"},{"lightness":16}]},{"featureType":"all","elementType":"labels.icon","stylers":[{"visibility":"off"}]},{"featureType":"administrative","elementType":"geometry.fill","stylers":[{"color":"#fefefe"},{"lightness":20}]},{"featureType":"administrative","elementType":"geometry.stroke","stylers":[{"color":"#fefefe"},{"lightness":17},{"weight":1.2}]},{"featureType":"landscape","elementType":"geometry","stylers":[{"lightness":20},{"color":"#13162b"}]},{"featureType":"poi","elementType":"geometry","stylers":[{"color":"#13162b"},{"lightness":21}]},{"featureType":"poi.park","elementType":"geometry","stylers":[{"color":"#5fc6ca"},{"lightness":21}]},{"featureType":"road","elementType":"all","stylers":[{"visibility":"simplified"},{"color":"#cccdd2"}]},{"featureType":"road","elementType":"geometry","stylers":[{"color":"#13162b"}]},{"featureType":"road","elementType":"geometry.fill","stylers":[{"color":"#ff0000"}]},{"featureType":"road.highway","elementType":"geometry.fill","stylers":[{"color":"#13162b"},{"lightness":17}]},{"featureType":"road.highway","elementType":"geometry.stroke","stylers":[{"color":"#ffffff"},{"lightness":29},{"weight":0.2}]},{"featureType":"road.arterial","elementType":"geometry","stylers":[{"color":"#13162b"},{"lightness":18}]},{"featureType":"road.local","elementType":"geometry","stylers":[{"color":"#13162b"},{"lightness":16}]},{"featureType":"transit","elementType":"geometry","stylers":[{"color":"#13162b"},{"lightness":19}]},{"featureType":"water","elementType":"geometry","stylers":[{"color":"#f4f9fc"},{"lightness":17}]}]; } function manoir_trx_addons_init(e, container) { if (arguments.length < 2) { var container = jQuery('body'); } if (container===undefined || container.length === undefined || container.length == 0) { return; } container.find('.sc_countdown_item canvas:not(.inited)').addClass('inited').attr('data-color', MANOIR_STORAGE['alter_link_color']); } })();</script>
<script id="mediaelement-core-js-before">
var mejsL10n = {"language":"en","strings":{"mejs.download-file":"Download File","mejs.install-flash":"You are using a browser that does not have Flash player enabled or installed. Please turn on your Flash player plugin or download the latest version from https://get.adobe.com/flashplayer/","mejs.fullscreen":"Fullscreen","mejs.play":"Play","mejs.pause":"Pause","mejs.time-slider":"Time Slider","mejs.time-help-text":"Use Left/Right Arrow keys to advance one second, Up/Down arrows to advance ten seconds.","mejs.live-broadcast":"Live Broadcast","mejs.volume-help-text":"Use Up/Down Arrow keys to increase or decrease volume.","mejs.unmute":"Unmute","mejs.mute":"Mute","mejs.volume-slider":"Volume Slider","mejs.video-player":"Video Player","mejs.audio-player":"Audio Player","mejs.captions-subtitles":"Captions/Subtitles","mejs.captions-chapters":"Chapters","mejs.none":"None","mejs.afrikaans":"Afrikaans","mejs.albanian":"Albanian","mejs.arabic":"Arabic","mejs.belarusian":"Belarusian","mejs.bulgarian":"Bulgarian","mejs.catalan":"Catalan","mejs.chinese":"Chinese","mejs.chinese-simplified":"Chinese (Simplified)","mejs.chinese-traditional":"Chinese (Traditional)","mejs.croatian":"Croatian","mejs.czech":"Czech","mejs.danish":"Danish","mejs.dutch":"Dutch","mejs.english":"English","mejs.estonian":"Estonian","mejs.filipino":"Filipino","mejs.finnish":"Finnish","mejs.french":"French","mejs.galician":"Galician","mejs.german":"German","mejs.greek":"Greek","mejs.haitian-creole":"Haitian Creole","mejs.hebrew":"Hebrew","mejs.hindi":"Hindi","mejs.hungarian":"Hungarian","mejs.icelandic":"Icelandic","mejs.indonesian":"Indonesian","mejs.irish":"Irish","mejs.italian":"Italian","mejs.japanese":"Japanese","mejs.korean":"Korean","mejs.latvian":"Latvian","mejs.lithuanian":"Lithuanian","mejs.macedonian":"Macedonian","mejs.malay":"Malay","mejs.maltese":"Maltese","mejs.norwegian":"Norwegian","mejs.persian":"Persian","mejs.polish":"Polish","mejs.portuguese":"Portuguese","mejs.romanian":"Romanian","mejs.russian":"Russian","mejs.serbian":"Serbian","mejs.slovak":"Slovak","mejs.slovenian":"Slovenian","mejs.spanish":"Spanish","mejs.swahili":"Swahili","mejs.swedish":"Swedish","mejs.tagalog":"Tagalog","mejs.thai":"Thai","mejs.turkish":"Turkish","mejs.ukrainian":"Ukrainian","mejs.vietnamese":"Vietnamese","mejs.welsh":"Welsh","mejs.yiddish":"Yiddish"}};
//# sourceURL=mediaelement-core-js-before
</script>
<script id="mediaelement-core-js" defer="defer">/*!
 * MediaElement.js
 * http://www.mediaelementjs.com/
 *
 * Wrapper that mimics native HTML5 MediaElement (audio and video)
 * using a variety of technologies (pure JavaScript, Flash, iframe)
 *
 * Copyright 2010-2017, John Dyer (http://j.hn/)
 * License: MIT
 *
 */
!function r(a,s,l){function d(n,e){if(!s[n]){if(!a[n]){var t="function"==typeof require&&require;if(!e&&t)return t(n,!0);if(u)return u(n,!0);var o=new Error("Cannot find module '"+n+"'");throw o.code="MODULE_NOT_FOUND",o}var i=s[n]={exports:{}};a[n][0].call(i.exports,function(e){var t=a[n][1][e];return d(t||e)},i,i.exports,r,a,s,l)}return s[n].exports}for(var u="function"==typeof require&&require,e=0;e<l.length;e++)d(l[e]);return d}({1:[function(e,t,n){},{}],2:[function(i,r,e){(function(e){var t,n=void 0!==e?e:"undefined"!=typeof window?window:{},o=i(1);"undefined"!=typeof document?t=document:(t=n["__GLOBAL_DOCUMENT_CACHE@4"])||(t=n["__GLOBAL_DOCUMENT_CACHE@4"]=o),r.exports=t}).call(this,"undefined"!=typeof global?global:"undefined"!=typeof self?self:"undefined"!=typeof window?window:{})},{1:1}],3:[function(e,n,t){(function(e){var t;t="undefined"!=typeof window?window:void 0!==e?e:"undefined"!=typeof self?self:{},n.exports=t}).call(this,"undefined"!=typeof global?global:"undefined"!=typeof self?self:"undefined"!=typeof window?window:{})},{}],4:[function(e,n,t){!function(e){var t=setTimeout;function o(){}function r(e){if("object"!=typeof this)throw new TypeError("Promises must be constructed via new");if("function"!=typeof e)throw new TypeError("not a function");this._state=0,this._handled=!1,this._value=void 0,this._deferreds=[],d(e,this)}function i(n,o){for(;3===n._state;)n=n._value;0!==n._state?(n._handled=!0,r._immediateFn(function(){var e=1===n._state?o.onFulfilled:o.onRejected;if(null!==e){var t;try{t=e(n._value)}catch(e){return void s(o.promise,e)}a(o.promise,t)}else(1===n._state?a:s)(o.promise,n._value)})):n._deferreds.push(o)}function a(t,e){try{if(e===t)throw new TypeError("A promise cannot be resolved with itself.");if(e&&("object"==typeof e||"function"==typeof e)){var n=e.then;if(e instanceof r)return t._state=3,t._value=e,void l(t);if("function"==typeof n)return void d((o=n,i=e,function(){o.apply(i,arguments)}),t)}t._state=1,t._value=e,l(t)}catch(e){s(t,e)}var o,i}function s(e,t){e._state=2,e._value=t,l(e)}function l(e){2===e._state&&0===e._deferreds.length&&r._immediateFn(function(){e._handled||r._unhandledRejectionFn(e._value)});for(var t=0,n=e._deferreds.length;t<n;t++)i(e,e._deferreds[t]);e._deferreds=null}function d(e,t){var n=!1;try{e(function(e){n||(n=!0,a(t,e))},function(e){n||(n=!0,s(t,e))})}catch(e){if(n)return;n=!0,s(t,e)}}r.prototype.catch=function(e){return this.then(null,e)},r.prototype.then=function(e,t){var n=new this.constructor(o);return i(this,new function(e,t,n){this.onFulfilled="function"==typeof e?e:null,this.onRejected="function"==typeof t?t:null,this.promise=n}(e,t,n)),n},r.all=function(e){var s=Array.prototype.slice.call(e);return new r(function(o,i){if(0===s.length)return o([]);var r=s.length;function a(t,e){try{if(e&&("object"==typeof e||"function"==typeof e)){var n=e.then;if("function"==typeof n)return void n.call(e,function(e){a(t,e)},i)}s[t]=e,0==--r&&o(s)}catch(e){i(e)}}for(var e=0;e<s.length;e++)a(e,s[e])})},r.resolve=function(t){return t&&"object"==typeof t&&t.constructor===r?t:new r(function(e){e(t)})},r.reject=function(n){return new r(function(e,t){t(n)})},r.race=function(i){return new r(function(e,t){for(var n=0,o=i.length;n<o;n++)i[n].then(e,t)})},r._immediateFn="function"==typeof setImmediate&&function(e){setImmediate(e)}||function(e){t(e,0)},r._unhandledRejectionFn=function(e){"undefined"!=typeof console&&console&&console.warn("Possible Unhandled Promise Rejection:",e)},r._setImmediateFn=function(e){r._immediateFn=e},r._setUnhandledRejectionFn=function(e){r._unhandledRejectionFn=e},void 0!==n&&n.exports?n.exports=r:e.Promise||(e.Promise=r)}(this)},{}],5:[function(e,t,n){"use strict";Object.defineProperty(n,"__esModule",{value:!0});var o,a="function"==typeof Symbol&&"symbol"==typeof Symbol.iterator?function(e){return typeof e}:function(e){return e&&"function"==typeof Symbol&&e.constructor===Symbol&&e!==Symbol.prototype?"symbol":typeof e},i=e(7),r=(o=i)&&o.__esModule?o:{default:o},s=e(15),l=e(27);var d={lang:"en",en:s.EN,language:function(){for(var e=arguments.length,t=Array(e),n=0;n<e;n++)t[n]=arguments[n];if(null!=t&&t.length){if("string"!=typeof t[0])throw new TypeError("Language code must be a string value");if(!/^[a-z]{2,3}((\-|_)[a-z]{2})?$/i.test(t[0]))throw new TypeError("Language code must have format 2-3 letters and. optionally, hyphen, underscore followed by 2 more letters");d.lang=t[0],void 0===d[t[0]]?(t[1]=null!==t[1]&&void 0!==t[1]&&"object"===a(t[1])?t[1]:{},d[t[0]]=(0,l.isObjectEmpty)(t[1])?s.EN:t[1]):null!==t[1]&&void 0!==t[1]&&"object"===a(t[1])&&(d[t[0]]=t[1])}return d.lang},t:function(e){var t=1<arguments.length&&void 0!==arguments[1]?arguments[1]:null;if("string"==typeof e&&e.length){var n=void 0,o=void 0,i=d.language(),r=function(e,t,n){return"object"!==(void 0===e?"undefined":a(e))||"number"!=typeof t||"number"!=typeof n?e:[function(){return arguments.length<=1?void 0:arguments[1]},function(){return 1===(arguments.length<=0?void 0:arguments[0])?arguments.length<=1?void 0:arguments[1]:arguments.length<=2?void 0:arguments[2]},function(){return 0===(arguments.length<=0?void 0:arguments[0])||1===(arguments.length<=0?void 0:arguments[0])?arguments.length<=1?void 0:arguments[1]:arguments.length<=2?void 0:arguments[2]},function(){return(arguments.length<=0?void 0:arguments[0])%10==1&&(arguments.length<=0?void 0:arguments[0])%100!=11?arguments.length<=1?void 0:arguments[1]:0!==(arguments.length<=0?void 0:arguments[0])?arguments.length<=2?void 0:arguments[2]:arguments.length<=3?void 0:arguments[3]},function(){return 1===(arguments.length<=0?void 0:arguments[0])||11===(arguments.length<=0?void 0:arguments[0])?arguments.length<=1?void 0:arguments[1]:2===(arguments.length<=0?void 0:arguments[0])||12===(arguments.length<=0?void 0:arguments[0])?arguments.length<=2?void 0:arguments[2]:2<(arguments.length<=0?void 0:arguments[0])&&(arguments.length<=0?void 0:arguments[0])<20?arguments.length<=3?void 0:arguments[3]:arguments.length<=4?void 0:arguments[4]},function(){return 1===(arguments.length<=0?void 0:arguments[0])?arguments.length<=1?void 0:arguments[1]:0===(arguments.length<=0?void 0:arguments[0])||0<(arguments.length<=0?void 0:arguments[0])%100&&(arguments.length<=0?void 0:arguments[0])%100<20?arguments.length<=2?void 0:arguments[2]:arguments.length<=3?void 0:arguments[3]},function(){return(arguments.length<=0?void 0:arguments[0])%10==1&&(arguments.length<=0?void 0:arguments[0])%100!=11?arguments.length<=1?void 0:arguments[1]:2<=(arguments.length<=0?void 0:arguments[0])%10&&((arguments.length<=0?void 0:arguments[0])%100<10||20<=(arguments.length<=0?void 0:arguments[0])%100)?arguments.length<=2?void 0:arguments[2]:[3]},function(){return(arguments.length<=0?void 0:arguments[0])%10==1&&(arguments.length<=0?void 0:arguments[0])%100!=11?arguments.length<=1?void 0:arguments[1]:2<=(arguments.length<=0?void 0:arguments[0])%10&&(arguments.length<=0?void 0:arguments[0])%10<=4&&((arguments.length<=0?void 0:arguments[0])%100<10||20<=(arguments.length<=0?void 0:arguments[0])%100)?arguments.length<=2?void 0:arguments[2]:arguments.length<=3?void 0:arguments[3]},function(){return 1===(arguments.length<=0?void 0:arguments[0])?arguments.length<=1?void 0:arguments[1]:2<=(arguments.length<=0?void 0:arguments[0])&&(arguments.length<=0?void 0:arguments[0])<=4?arguments.length<=2?void 0:arguments[2]:arguments.length<=3?void 0:arguments[3]},function(){return 1===(arguments.length<=0?void 0:arguments[0])?arguments.length<=1?void 0:arguments[1]:2<=(arguments.length<=0?void 0:arguments[0])%10&&(arguments.length<=0?void 0:arguments[0])%10<=4&&((arguments.length<=0?void 0:arguments[0])%100<10||20<=(arguments.length<=0?void 0:arguments[0])%100)?arguments.length<=2?void 0:arguments[2]:arguments.length<=3?void 0:arguments[3]},function(){return(arguments.length<=0?void 0:arguments[0])%100==1?arguments.length<=2?void 0:arguments[2]:(arguments.length<=0?void 0:arguments[0])%100==2?arguments.length<=3?void 0:arguments[3]:(arguments.length<=0?void 0:arguments[0])%100==3||(arguments.length<=0?void 0:arguments[0])%100==4?arguments.length<=4?void 0:arguments[4]:arguments.length<=1?void 0:arguments[1]},function(){return 1===(arguments.length<=0?void 0:arguments[0])?arguments.length<=1?void 0:arguments[1]:2===(arguments.length<=0?void 0:arguments[0])?arguments.length<=2?void 0:arguments[2]:2<(arguments.length<=0?void 0:arguments[0])&&(arguments.length<=0?void 0:arguments[0])<7?arguments.length<=3?void 0:arguments[3]:6<(arguments.length<=0?void 0:arguments[0])&&(arguments.length<=0?void 0:arguments[0])<11?arguments.length<=4?void 0:arguments[4]:arguments.length<=5?void 0:arguments[5]},function(){return 0===(arguments.length<=0?void 0:arguments[0])?arguments.length<=1?void 0:arguments[1]:1===(arguments.length<=0?void 0:arguments[0])?arguments.length<=2?void 0:arguments[2]:2===(arguments.length<=0?void 0:arguments[0])?arguments.length<=3?void 0:arguments[3]:3<=(arguments.length<=0?void 0:arguments[0])%100&&(arguments.length<=0?void 0:arguments[0])%100<=10?arguments.length<=4?void 0:arguments[4]:11<=(arguments.length<=0?void 0:arguments[0])%100?arguments.length<=5?void 0:arguments[5]:arguments.length<=6?void 0:arguments[6]},function(){return 1===(arguments.length<=0?void 0:arguments[0])?arguments.length<=1?void 0:arguments[1]:0===(arguments.length<=0?void 0:arguments[0])||1<(arguments.length<=0?void 0:arguments[0])%100&&(arguments.length<=0?void 0:arguments[0])%100<11?arguments.length<=2?void 0:arguments[2]:10<(arguments.length<=0?void 0:arguments[0])%100&&(arguments.length<=0?void 0:arguments[0])%100<20?arguments.length<=3?void 0:arguments[3]:arguments.length<=4?void 0:arguments[4]},function(){return(arguments.length<=0?void 0:arguments[0])%10==1?arguments.length<=1?void 0:arguments[1]:(arguments.length<=0?void 0:arguments[0])%10==2?arguments.length<=2?void 0:arguments[2]:arguments.length<=3?void 0:arguments[3]},function(){return 11!==(arguments.length<=0?void 0:arguments[0])&&(arguments.length<=0?void 0:arguments[0])%10==1?arguments.length<=1?void 0:arguments[1]:arguments.length<=2?void 0:arguments[2]},function(){return 1===(arguments.length<=0?void 0:arguments[0])?arguments.length<=1?void 0:arguments[1]:2<=(arguments.length<=0?void 0:arguments[0])%10&&(arguments.length<=0?void 0:arguments[0])%10<=4&&((arguments.length<=0?void 0:arguments[0])%100<10||20<=(arguments.length<=0?void 0:arguments[0])%100)?arguments.length<=2?void 0:arguments[2]:arguments.length<=3?void 0:arguments[3]},function(){return 1===(arguments.length<=0?void 0:arguments[0])?arguments.length<=1?void 0:arguments[1]:2===(arguments.length<=0?void 0:arguments[0])?arguments.length<=2?void 0:arguments[2]:8!==(arguments.length<=0?void 0:arguments[0])&&11!==(arguments.length<=0?void 0:arguments[0])?arguments.length<=3?void 0:arguments[3]:arguments.length<=4?void 0:arguments[4]},function(){return 0===(arguments.length<=0?void 0:arguments[0])?arguments.length<=1?void 0:arguments[1]:arguments.length<=2?void 0:arguments[2]},function(){return 1===(arguments.length<=0?void 0:arguments[0])?arguments.length<=1?void 0:arguments[1]:2===(arguments.length<=0?void 0:arguments[0])?arguments.length<=2?void 0:arguments[2]:3===(arguments.length<=0?void 0:arguments[0])?arguments.length<=3?void 0:arguments[3]:arguments.length<=4?void 0:arguments[4]},function(){return 0===(arguments.length<=0?void 0:arguments[0])?arguments.length<=1?void 0:arguments[1]:1===(arguments.length<=0?void 0:arguments[0])?arguments.length<=2?void 0:arguments[2]:arguments.length<=3?void 0:arguments[3]}][n].apply(null,[t].concat(e))};return void 0!==d[i]&&(n=d[i][e],null!==t&&"number"==typeof t&&(o=d[i]["mejs.plural-form"],n=r.apply(null,[n,t,o]))),!n&&d.en&&(n=d.en[e],null!==t&&"number"==typeof t&&(o=d.en["mejs.plural-form"],n=r.apply(null,[n,t,o]))),n=n||e,null!==t&&"number"==typeof t&&(n=n.replace("%1",t)),(0,l.escapeHTML)(n)}return e}};r.default.i18n=d,"undefined"!=typeof mejsL10n&&r.default.i18n.language(mejsL10n.language,mejsL10n.strings),n.default=d},{15:15,27:27,7:7}],6:[function(e,t,n){"use strict";Object.defineProperty(n,"__esModule",{value:!0});var L="function"==typeof Symbol&&"symbol"==typeof Symbol.iterator?function(e){return typeof e}:function(e){return e&&"function"==typeof Symbol&&e.constructor===Symbol&&e!==Symbol.prototype?"symbol":typeof e},F=o(e(3)),j=o(e(2)),I=o(e(7)),M=e(27),O=e(28),D=e(8),R=e(25);function o(e){return e&&e.__esModule?e:{default:e}}var i=function e(t,n,o){var c=this;!function(e,t){if(!(e instanceof t))throw new TypeError("Cannot call a class as a function")}(this,e);var f=this;o=Array.isArray(o)?o:null,f.defaults={renderers:[],fakeNodeName:"mediaelementwrapper",pluginPath:"build/",shimScriptAccess:"sameDomain"},n=Object.assign(f.defaults,n),f.mediaElement=j.default.createElement(n.fakeNodeName);var i=t,r=!1;if("string"==typeof t?f.mediaElement.originalNode=j.default.getElementById(t):i=(f.mediaElement.originalNode=t).id,void 0===f.mediaElement.originalNode||null===f.mediaElement.originalNode)return null;f.mediaElement.options=n,i=i||"mejs_"+Math.random().toString().slice(2),f.mediaElement.originalNode.setAttribute("id",i+"_from_mejs");var a=f.mediaElement.originalNode.tagName.toLowerCase();-1<["video","audio"].indexOf(a)&&!f.mediaElement.originalNode.getAttribute("preload")&&f.mediaElement.originalNode.setAttribute("preload","none"),f.mediaElement.originalNode.parentNode.insertBefore(f.mediaElement,f.mediaElement.originalNode),f.mediaElement.appendChild(f.mediaElement.originalNode);var s=function(t,e){if("https:"===F.default.location.protocol&&0===t.indexOf("http:")&&R.IS_IOS&&-1<I.default.html5media.mediaTypes.indexOf(e)){var n=new XMLHttpRequest;n.onreadystatechange=function(){if(4===this.readyState&&200===this.status){var e=(F.default.URL||F.default.webkitURL).createObjectURL(this.response);return f.mediaElement.originalNode.setAttribute("src",e),e}return t},n.open("GET",t),n.responseType="blob",n.send()}return t},l=void 0;if(null!==o)l=o;else if(null!==f.mediaElement.originalNode)switch(l=[],f.mediaElement.originalNode.nodeName.toLowerCase()){case"iframe":l.push({type:"",src:f.mediaElement.originalNode.getAttribute("src")});break;case"audio":case"video":var d=f.mediaElement.originalNode.children.length,u=f.mediaElement.originalNode.getAttribute("src");if(u){var p=f.mediaElement.originalNode,m=(0,O.formatType)(u,p.getAttribute("type"));l.push({type:m,src:s(u,m)})}for(var h=0;h<d;h++){var v=f.mediaElement.originalNode.children[h];if("source"===v.tagName.toLowerCase()){var g=v.getAttribute("src"),y=(0,O.formatType)(g,v.getAttribute("type"));l.push({type:y,src:s(g,y)})}}}f.mediaElement.id=i,f.mediaElement.renderers={},f.mediaElement.events={},f.mediaElement.promises=[],f.mediaElement.renderer=null,f.mediaElement.rendererName=null,f.mediaElement.changeRenderer=function(e,t){var n=c,o=2<Object.keys(t[0]).length?t[0]:t[0].src;if(void 0!==n.mediaElement.renderer&&null!==n.mediaElement.renderer&&n.mediaElement.renderer.name===e)return n.mediaElement.renderer.pause(),n.mediaElement.renderer.stop&&n.mediaElement.renderer.stop(),n.mediaElement.renderer.show(),n.mediaElement.renderer.setSrc(o),!0;void 0!==n.mediaElement.renderer&&null!==n.mediaElement.renderer&&(n.mediaElement.renderer.pause(),n.mediaElement.renderer.stop&&n.mediaElement.renderer.stop(),n.mediaElement.renderer.hide());var i=n.mediaElement.renderers[e],r=null;if(null!=i)return i.show(),i.setSrc(o),n.mediaElement.renderer=i,n.mediaElement.rendererName=e,!0;for(var a=n.mediaElement.options.renderers.length?n.mediaElement.options.renderers:D.renderer.order,s=0,l=a.length;s<l;s++){var d=a[s];if(d===e){r=D.renderer.renderers[d];var u=Object.assign(r.options,n.mediaElement.options);return(i=r.create(n.mediaElement,u,t)).name=e,n.mediaElement.renderers[r.name]=i,n.mediaElement.renderer=i,n.mediaElement.rendererName=e,i.show(),!0}}return!1},f.mediaElement.setSize=function(e,t){void 0!==f.mediaElement.renderer&&null!==f.mediaElement.renderer&&f.mediaElement.renderer.setSize(e,t)},f.mediaElement.generateError=function(e,t){e=e||"",t=Array.isArray(t)?t:[];var n=(0,M.createEvent)("error",f.mediaElement);n.message=e,n.urls=t,f.mediaElement.dispatchEvent(n),r=!0};var E=I.default.html5media.properties,b=I.default.html5media.methods,S=function(t,e,n,o){var i=t[e];Object.defineProperty(t,e,{get:function(){return n.apply(t,[i])},set:function(e){return i=o.apply(t,[e])}})},x=function(e){if("src"!==e){var t=""+e.substring(0,1).toUpperCase()+e.substring(1),n=function(){return void 0!==f.mediaElement.renderer&&null!==f.mediaElement.renderer&&"function"==typeof f.mediaElement.renderer["get"+t]?f.mediaElement.renderer["get"+t]():null},o=function(e){void 0!==f.mediaElement.renderer&&null!==f.mediaElement.renderer&&"function"==typeof f.mediaElement.renderer["set"+t]&&f.mediaElement.renderer["set"+t](e)};S(f.mediaElement,e,n,o),f.mediaElement["get"+t]=n,f.mediaElement["set"+t]=o}},w=function(){return void 0!==f.mediaElement.renderer&&null!==f.mediaElement.renderer?f.mediaElement.renderer.getSrc():null},P=function(e){var t=[];if("string"==typeof e)t.push({src:e,type:e?(0,O.getTypeFromFile)(e):""});else if("object"===(void 0===e?"undefined":L(e))&&void 0!==e.src){var n=(0,O.absolutizeUrl)(e.src),o=e.type,i=Object.assign(e,{src:n,type:""!==o&&null!=o||!n?o:(0,O.getTypeFromFile)(n)});t.push(i)}else if(Array.isArray(e))for(var r=0,a=e.length;r<a;r++){var s=(0,O.absolutizeUrl)(e[r].src),l=e[r].type,d=Object.assign(e[r],{src:s,type:""!==l&&null!=l||!s?l:(0,O.getTypeFromFile)(s)});t.push(d)}var u=D.renderer.select(t,f.mediaElement.options.renderers.length?f.mediaElement.options.renderers:[]),c=void 0;if(f.mediaElement.paused||null==f.mediaElement.src||""===f.mediaElement.src||(f.mediaElement.pause(),c=(0,M.createEvent)("pause",f.mediaElement),f.mediaElement.dispatchEvent(c)),f.mediaElement.originalNode.src=t[0].src||"",null!==u||!t[0].src)return!(null==t[0].src||""===t[0].src)?f.mediaElement.changeRenderer(u.rendererName,t):null;f.mediaElement.generateError("No renderer found",t)},T=function(e,t){try{if("play"!==e||"native_dash"!==f.mediaElement.rendererName&&"native_hls"!==f.mediaElement.rendererName&&"vimeo_iframe"!==f.mediaElement.rendererName)f.mediaElement.renderer[e](t);else{var n=f.mediaElement.renderer[e](t);n&&"function"==typeof n.then&&n.catch(function(){f.mediaElement.paused&&setTimeout(function(){var e=f.mediaElement.renderer.play();void 0!==e&&e.catch(function(){f.mediaElement.renderer.paused||f.mediaElement.renderer.pause()})},150)})}}catch(e){f.mediaElement.generateError(e,l)}},C=function(o){f.mediaElement[o]=function(){for(var e=arguments.length,t=Array(e),n=0;n<e;n++)t[n]=arguments[n];return void 0!==f.mediaElement.renderer&&null!==f.mediaElement.renderer&&"function"==typeof f.mediaElement.renderer[o]&&(f.mediaElement.promises.length?Promise.all(f.mediaElement.promises).then(function(){T(o,t)}).catch(function(e){f.mediaElement.generateError(e,l)}):T(o,t)),null}};S(f.mediaElement,"src",w,P),f.mediaElement.getSrc=w,f.mediaElement.setSrc=P;for(var k=0,_=E.length;k<_;k++)x(E[k]);for(var N=0,A=b.length;N<A;N++)C(b[N]);return f.mediaElement.addEventListener=function(e,t){f.mediaElement.events[e]=f.mediaElement.events[e]||[],f.mediaElement.events[e].push(t)},f.mediaElement.removeEventListener=function(e,t){if(!e)return f.mediaElement.events={},!0;var n=f.mediaElement.events[e];if(!n)return!0;if(!t)return f.mediaElement.events[e]=[],!0;for(var o=0;o<n.length;o++)if(n[o]===t)return f.mediaElement.events[e].splice(o,1),!0;return!1},f.mediaElement.dispatchEvent=function(e){var t=f.mediaElement.events[e.type];if(t)for(var n=0;n<t.length;n++)t[n].apply(null,[e])},f.mediaElement.destroy=function(){var e=f.mediaElement.originalNode.cloneNode(!0),t=f.mediaElement.parentElement;e.removeAttribute("id"),e.remove(),f.mediaElement.remove(),t.appendChild(e)},l.length&&(f.mediaElement.src=l),f.mediaElement.promises.length?Promise.all(f.mediaElement.promises).then(function(){f.mediaElement.options.success&&f.mediaElement.options.success(f.mediaElement,f.mediaElement.originalNode)}).catch(function(){r&&f.mediaElement.options.error&&f.mediaElement.options.error(f.mediaElement,f.mediaElement.originalNode)}):(f.mediaElement.options.success&&f.mediaElement.options.success(f.mediaElement,f.mediaElement.originalNode),r&&f.mediaElement.options.error&&f.mediaElement.options.error(f.mediaElement,f.mediaElement.originalNode)),f.mediaElement};F.default.MediaElement=i,I.default.MediaElement=i,n.default=i},{2:2,25:25,27:27,28:28,3:3,7:7,8:8}],7:[function(e,t,n){"use strict";Object.defineProperty(n,"__esModule",{value:!0});var o,i=e(3);var r={version:"4.2.17",html5media:{properties:["volume","src","currentTime","muted","duration","paused","ended","buffered","error","networkState","readyState","seeking","seekable","currentSrc","preload","bufferedBytes","bufferedTime","initialTime","startOffsetTime","defaultPlaybackRate","playbackRate","played","autoplay","loop","controls"],readOnlyProperties:["duration","paused","ended","buffered","error","networkState","readyState","seeking","seekable"],methods:["load","play","pause","canPlayType"],events:["loadstart","durationchange","loadedmetadata","loadeddata","progress","canplay","canplaythrough","suspend","abort","error","emptied","stalled","play","playing","pause","waiting","seeking","seeked","timeupdate","ended","ratechange","volumechange"],mediaTypes:["audio/mp3","audio/ogg","audio/oga","audio/wav","audio/x-wav","audio/wave","audio/x-pn-wav","audio/mpeg","audio/mp4","video/mp4","video/webm","video/ogg","video/ogv"]}};((o=i)&&o.__esModule?o:{default:o}).default.mejs=r,n.default=r},{3:3}],8:[function(e,t,n){"use strict";Object.defineProperty(n,"__esModule",{value:!0}),n.renderer=void 0;var o,i="function"==typeof Symbol&&"symbol"==typeof Symbol.iterator?function(e){return typeof e}:function(e){return e&&"function"==typeof Symbol&&e.constructor===Symbol&&e!==Symbol.prototype?"symbol":typeof e},r=function(){function o(e,t){for(var n=0;n<t.length;n++){var o=t[n];o.enumerable=o.enumerable||!1,o.configurable=!0,"value"in o&&(o.writable=!0),Object.defineProperty(e,o.key,o)}}return function(e,t,n){return t&&o(e.prototype,t),n&&o(e,n),e}}(),a=e(7),s=(o=a)&&o.__esModule?o:{default:o};var l=function(){function e(){!function(e,t){if(!(e instanceof t))throw new TypeError("Cannot call a class as a function")}(this,e),this.renderers={},this.order=[]}return r(e,[{key:"add",value:function(e){if(void 0===e.name)throw new TypeError("renderer must contain at least `name` property");this.renderers[e.name]=e,this.order.push(e.name)}},{key:"select",value:function(e){var t=1<arguments.length&&void 0!==arguments[1]?arguments[1]:[],n=t.length;if(t=t.length?t:this.order,!n){var o=[/^(html5|native)/i,/^flash/i,/iframe$/i],i=function(e){for(var t=0,n=o.length;t<n;t++)if(o[t].test(e))return t;return o.length};t.sort(function(e,t){return i(e)-i(t)})}for(var r=0,a=t.length;r<a;r++){var s=t[r],l=this.renderers[s];if(null!=l)for(var d=0,u=e.length;d<u;d++)if("function"==typeof l.canPlayType&&"string"==typeof e[d].type&&l.canPlayType(e[d].type))return{rendererName:l.name,src:e[d].src}}return null}},{key:"order",set:function(e){if(!Array.isArray(e))throw new TypeError("order must be an array of strings.");this._order=e},get:function(){return this._order}},{key:"renderers",set:function(e){if(null!==e&&"object"!==(void 0===e?"undefined":i(e)))throw new TypeError("renderers must be an array of objects.");this._renderers=e},get:function(){return this._renderers}}]),e}(),d=n.renderer=new l;s.default.Renderers=d},{7:7}],9:[function(e,t,n){"use strict";var f=a(e(3)),p=a(e(2)),i=a(e(5)),o=e(16),r=a(o),m=function(e){{if(e&&e.__esModule)return e;var t={};if(null!=e)for(var n in e)Object.prototype.hasOwnProperty.call(e,n)&&(t[n]=e[n]);return t.default=e,t}}(e(25)),h=e(27),v=e(26),g=e(28);function a(e){return e&&e.__esModule?e:{default:e}}Object.assign(o.config,{usePluginFullScreen:!0,fullscreenText:null,useFakeFullscreen:!1}),Object.assign(r.default.prototype,{isFullScreen:!1,isNativeFullScreen:!1,isInIframe:!1,isPluginClickThroughCreated:!1,fullscreenMode:"",containerSizeTimeout:null,buildfullscreen:function(n){if(n.isVideo){n.isInIframe=f.default.location!==f.default.parent.location,n.detectFullscreenMode();var o=this,e=(0,h.isString)(o.options.fullscreenText)?o.options.fullscreenText:i.default.t("mejs.fullscreen"),t=p.default.createElement("div");if(t.className=o.options.classPrefix+"button "+o.options.classPrefix+"fullscreen-button",t.innerHTML='<button type="button" aria-controls="'+o.id+'" title="'+e+'" aria-label="'+e+'" tabindex="0"></button>',o.addControlElement(t,"fullscreen"),t.addEventListener("click",function(){m.HAS_TRUE_NATIVE_FULLSCREEN&&m.IS_FULLSCREEN||n.isFullScreen?n.exitFullScreen():n.enterFullScreen()}),n.fullscreenBtn=t,o.options.keyActions.push({keys:[70],action:function(e,t,n,o){o.ctrlKey||void 0!==e.enterFullScreen&&(e.isFullScreen?e.exitFullScreen():e.enterFullScreen())}}),o.exitFullscreenCallback=function(e){var t=e.which||e.keyCode||0;o.options.enableKeyboard&&27===t&&(m.HAS_TRUE_NATIVE_FULLSCREEN&&m.IS_FULLSCREEN||o.isFullScreen)&&n.exitFullScreen()},o.globalBind("keydown",o.exitFullscreenCallback),o.normalHeight=0,o.normalWidth=0,m.HAS_TRUE_NATIVE_FULLSCREEN){n.globalBind(m.FULLSCREEN_EVENT_NAME,function(){n.isFullScreen&&(m.isFullScreen()?(n.isNativeFullScreen=!0,n.setControlsSize()):(n.isNativeFullScreen=!1,n.exitFullScreen()))})}}},cleanfullscreen:function(e){e.exitFullScreen(),e.globalUnbind("keydown",e.exitFullscreenCallback)},detectFullscreenMode:function(){var e=null!==this.media.rendererName&&/(native|html5)/i.test(this.media.rendererName),t="";return m.HAS_TRUE_NATIVE_FULLSCREEN&&e?t="native-native":m.HAS_TRUE_NATIVE_FULLSCREEN&&!e?t="plugin-native":this.usePluginFullScreen&&m.SUPPORT_POINTER_EVENTS&&(t="plugin-click"),this.fullscreenMode=t},enterFullScreen:function(){var o=this,e=null!==o.media.rendererName&&/(html5|native)/i.test(o.media.rendererName),t=getComputedStyle(o.getElement(o.container));if(o.isVideo)if(!1===o.options.useFakeFullscreen&&(m.IS_IOS||m.IS_SAFARI)&&m.HAS_IOS_FULLSCREEN&&"function"==typeof o.media.originalNode.webkitEnterFullscreen&&o.media.originalNode.canPlayType((0,g.getTypeFromFile)(o.media.getSrc())))o.media.originalNode.webkitEnterFullscreen();else{if((0,v.addClass)(p.default.documentElement,o.options.classPrefix+"fullscreen"),(0,v.addClass)(o.getElement(o.container),o.options.classPrefix+"container-fullscreen"),o.normalHeight=parseFloat(t.height),o.normalWidth=parseFloat(t.width),"native-native"!==o.fullscreenMode&&"plugin-native"!==o.fullscreenMode||(m.requestFullScreen(o.getElement(o.container)),o.isInIframe&&setTimeout(function e(){if(o.isNativeFullScreen){var t=f.default.innerWidth||p.default.documentElement.clientWidth||p.default.body.clientWidth,n=screen.width;.002*n<Math.abs(n-t)?o.exitFullScreen():setTimeout(e,500)}},1e3)),o.getElement(o.container).style.width="100%",o.getElement(o.container).style.height="100%",o.containerSizeTimeout=setTimeout(function(){o.getElement(o.container).style.width="100%",o.getElement(o.container).style.height="100%",o.setControlsSize()},500),e)o.node.style.width="100%",o.node.style.height="100%";else for(var n=o.getElement(o.container).querySelectorAll("embed, object, video"),i=n.length,r=0;r<i;r++)n[r].style.width="100%",n[r].style.height="100%";o.options.setDimensions&&"function"==typeof o.media.setSize&&o.media.setSize(screen.width,screen.height);for(var a=o.getElement(o.layers).children,s=a.length,l=0;l<s;l++)a[l].style.width="100%",a[l].style.height="100%";o.fullscreenBtn&&((0,v.removeClass)(o.fullscreenBtn,o.options.classPrefix+"fullscreen"),(0,v.addClass)(o.fullscreenBtn,o.options.classPrefix+"unfullscreen")),o.setControlsSize(),o.isFullScreen=!0;var d=Math.min(screen.width/o.width,screen.height/o.height),u=o.getElement(o.container).querySelector("."+o.options.classPrefix+"captions-text");u&&(u.style.fontSize=100*d+"%",u.style.lineHeight="normal",o.getElement(o.container).querySelector("."+o.options.classPrefix+"captions-position").style.bottom=(screen.height-o.normalHeight)/2-o.getElement(o.controls).offsetHeight/2+d+15+"px");var c=(0,h.createEvent)("enteredfullscreen",o.getElement(o.container));o.getElement(o.container).dispatchEvent(c)}},exitFullScreen:function(){var e=this,t=null!==e.media.rendererName&&/(native|html5)/i.test(e.media.rendererName);if(e.isVideo){if(clearTimeout(e.containerSizeTimeout),m.HAS_TRUE_NATIVE_FULLSCREEN&&(m.IS_FULLSCREEN||e.isFullScreen)&&m.cancelFullScreen(),(0,v.removeClass)(p.default.documentElement,e.options.classPrefix+"fullscreen"),(0,v.removeClass)(e.getElement(e.container),e.options.classPrefix+"container-fullscreen"),e.options.setDimensions){if(e.getElement(e.container).style.width=e.normalWidth+"px",e.getElement(e.container).style.height=e.normalHeight+"px",t)e.node.style.width=e.normalWidth+"px",e.node.style.height=e.normalHeight+"px";else for(var n=e.getElement(e.container).querySelectorAll("embed, object, video"),o=n.length,i=0;i<o;i++)n[i].style.width=e.normalWidth+"px",n[i].style.height=e.normalHeight+"px";"function"==typeof e.media.setSize&&e.media.setSize(e.normalWidth,e.normalHeight);for(var r=e.getElement(e.layers).children,a=r.length,s=0;s<a;s++)r[s].style.width=e.normalWidth+"px",r[s].style.height=e.normalHeight+"px"}e.fullscreenBtn&&((0,v.removeClass)(e.fullscreenBtn,e.options.classPrefix+"unfullscreen"),(0,v.addClass)(e.fullscreenBtn,e.options.classPrefix+"fullscreen")),e.setControlsSize(),e.isFullScreen=!1;var l=e.getElement(e.container).querySelector("."+e.options.classPrefix+"captions-text");l&&(l.style.fontSize="",l.style.lineHeight="",e.getElement(e.container).querySelector("."+e.options.classPrefix+"captions-position").style.bottom="");var d=(0,h.createEvent)("exitedfullscreen",e.getElement(e.container));e.getElement(e.container).dispatchEvent(d)}}})},{16:16,2:2,25:25,26:26,27:27,28:28,3:3,5:5}],10:[function(e,t,n){"use strict";var c=r(e(2)),o=e(16),i=r(o),f=r(e(5)),p=e(27),m=e(26);function r(e){return e&&e.__esModule?e:{default:e}}Object.assign(o.config,{playText:null,pauseText:null}),Object.assign(i.default.prototype,{buildplaypause:function(e,t,n,o){var i=this,r=i.options,a=(0,p.isString)(r.playText)?r.playText:f.default.t("mejs.play"),s=(0,p.isString)(r.pauseText)?r.pauseText:f.default.t("mejs.pause"),l=c.default.createElement("div");l.className=i.options.classPrefix+"button "+i.options.classPrefix+"playpause-button "+i.options.classPrefix+"play",l.innerHTML='<button type="button" aria-controls="'+i.id+'" title="'+a+'" aria-label="'+s+'" tabindex="0"></button>',l.addEventListener("click",function(){i.paused?i.play():i.pause()});var d=l.querySelector("button");function u(e){"play"===e?((0,m.removeClass)(l,i.options.classPrefix+"play"),(0,m.removeClass)(l,i.options.classPrefix+"replay"),(0,m.addClass)(l,i.options.classPrefix+"pause"),d.setAttribute("title",s),d.setAttribute("aria-label",s)):((0,m.removeClass)(l,i.options.classPrefix+"pause"),(0,m.removeClass)(l,i.options.classPrefix+"replay"),(0,m.addClass)(l,i.options.classPrefix+"play"),d.setAttribute("title",a),d.setAttribute("aria-label",a))}i.addControlElement(l,"playpause"),u("pse"),o.addEventListener("loadedmetadata",function(){-1===o.rendererName.indexOf("flash")&&u("pse")}),o.addEventListener("play",function(){u("play")}),o.addEventListener("playing",function(){u("play")}),o.addEventListener("pause",function(){u("pse")}),o.addEventListener("ended",function(){e.options.loop||((0,m.removeClass)(l,i.options.classPrefix+"pause"),(0,m.removeClass)(l,i.options.classPrefix+"play"),(0,m.addClass)(l,i.options.classPrefix+"replay"),d.setAttribute("title",a),d.setAttribute("aria-label",a))})}})},{16:16,2:2,26:26,27:27,5:5}],11:[function(e,t,n){"use strict";var p=r(e(2)),o=e(16),i=r(o),m=r(e(5)),y=e(25),E=e(30),b=e(26);function r(e){return e&&e.__esModule?e:{default:e}}Object.assign(o.config,{enableProgressTooltip:!0,useSmoothHover:!0,forceLive:!1}),Object.assign(i.default.prototype,{buildprogress:function(h,s,e,d){var u=0,v=!1,c=!1,g=this,t=h.options.autoRewind,n=h.options.enableProgressTooltip?'<span class="'+g.options.classPrefix+'time-float"><span class="'+g.options.classPrefix+'time-float-current">00:00</span><span class="'+g.options.classPrefix+'time-float-corner"></span></span>':"",o=p.default.createElement("div");o.className=g.options.classPrefix+"time-rail",o.innerHTML='<span class="'+g.options.classPrefix+"time-total "+g.options.classPrefix+'time-slider"><span class="'+g.options.classPrefix+'time-buffering"></span><span class="'+g.options.classPrefix+'time-loaded"></span><span class="'+g.options.classPrefix+'time-current"></span><span class="'+g.options.classPrefix+'time-hovered no-hover"></span><span class="'+g.options.classPrefix+'time-handle"><span class="'+g.options.classPrefix+'time-handle-content"></span></span>'+n+"</span>",g.addControlElement(o,"progress"),g.options.keyActions.push({keys:[37,227],action:function(e){if(!isNaN(e.duration)&&0<e.duration){e.isVideo&&(e.showControls(),e.startControlsTimer());var t=e.getElement(e.container).querySelector("."+g.options.classPrefix+"time-total");t&&t.focus();var n=Math.max(e.currentTime-e.options.defaultSeekBackwardInterval(e),0);e.paused||e.pause(),setTimeout(function(){e.setCurrentTime(n)},0),setTimeout(function(){e.play()},0)}}},{keys:[39,228],action:function(e){if(!isNaN(e.duration)&&0<e.duration){e.isVideo&&(e.showControls(),e.startControlsTimer());var t=e.getElement(e.container).querySelector("."+g.options.classPrefix+"time-total");t&&t.focus();var n=Math.min(e.currentTime+e.options.defaultSeekForwardInterval(e),e.duration);e.paused||e.pause(),setTimeout(function(){e.setCurrentTime(n)},0),setTimeout(function(){e.play()},0)}}}),g.rail=s.querySelector("."+g.options.classPrefix+"time-rail"),g.total=s.querySelector("."+g.options.classPrefix+"time-total"),g.loaded=s.querySelector("."+g.options.classPrefix+"time-loaded"),g.current=s.querySelector("."+g.options.classPrefix+"time-current"),g.handle=s.querySelector("."+g.options.classPrefix+"time-handle"),g.timefloat=s.querySelector("."+g.options.classPrefix+"time-float"),g.timefloatcurrent=s.querySelector("."+g.options.classPrefix+"time-float-current"),g.slider=s.querySelector("."+g.options.classPrefix+"time-slider"),g.hovered=s.querySelector("."+g.options.classPrefix+"time-hovered"),g.buffer=s.querySelector("."+g.options.classPrefix+"time-buffering"),g.newTime=0,g.forcedHandlePause=!1,g.setTransformStyle=function(e,t){e.style.transform=t,e.style.webkitTransform=t,e.style.MozTransform=t,e.style.msTransform=t,e.style.OTransform=t},g.buffer.style.display="none";var i=function(e){var t=getComputedStyle(g.total),n=(0,b.offset)(g.total),o=g.total.offsetWidth,i=void 0!==t.webkitTransform?"webkitTransform":void 0!==t.mozTransform?"mozTransform ":void 0!==t.oTransform?"oTransform":void 0!==t.msTransform?"msTransform":"transform",r="WebKitCSSMatrix"in window?"WebKitCSSMatrix":"MSCSSMatrix"in window?"MSCSSMatrix":"CSSMatrix"in window?"CSSMatrix":void 0,a=0,s=0,l=0,d=void 0;if(d=e.originalEvent&&e.originalEvent.changedTouches?e.originalEvent.changedTouches[0].pageX:e.changedTouches?e.changedTouches[0].pageX:e.pageX,g.getDuration()){if(d<n.left?d=n.left:d>o+n.left&&(d=o+n.left),a=(l=d-n.left)/o,g.newTime=a*g.getDuration(),v&&null!==g.getCurrentTime()&&g.newTime.toFixed(4)!==g.getCurrentTime().toFixed(4)&&(g.setCurrentRailHandle(g.newTime),g.updateCurrent(g.newTime)),!y.IS_IOS&&!y.IS_ANDROID){if(l<0&&(l=0),g.options.useSmoothHover&&null!==r&&void 0!==window[r]){var u=new window[r](getComputedStyle(g.handle)[i]).m41,c=l/parseFloat(getComputedStyle(g.total).width)-u/parseFloat(getComputedStyle(g.total).width);g.hovered.style.left=u+"px",g.setTransformStyle(g.hovered,"scaleX("+c+")"),g.hovered.setAttribute("pos",l),0<=c?(0,b.removeClass)(g.hovered,"negative"):(0,b.addClass)(g.hovered,"negative")}if(g.timefloat){var f=g.timefloat.offsetWidth/2,p=mejs.Utils.offset(g.getElement(g.container)),m=getComputedStyle(g.timefloat);s=d-p.left<g.timefloat.offsetWidth?f:d-p.left>=g.getElement(g.container).offsetWidth-f?g.total.offsetWidth-f:l,(0,b.hasClass)(g.getElement(g.container),g.options.classPrefix+"long-video")&&(s+=parseFloat(m.marginLeft)/2+g.timefloat.offsetWidth/2),g.timefloat.style.left=s+"px",g.timefloatcurrent.innerHTML=(0,E.secondsToTimeCode)(g.newTime,h.options.alwaysShowHours,h.options.showTimecodeFrameCount,h.options.framesPerSecond,h.options.secondsDecimalLength,h.options.timeFormat),g.timefloat.style.display="block"}}}else y.IS_IOS||y.IS_ANDROID||!g.timefloat||(s=g.timefloat.offsetWidth+o>=g.getElement(g.container).offsetWidth?g.timefloat.offsetWidth/2:0,g.timefloat.style.left=s+"px",g.timefloat.style.left=s+"px",g.timefloat.style.display="block")},f=function(){1e3<=new Date-u&&g.play()};g.slider.addEventListener("focus",function(){h.options.autoRewind=!1}),g.slider.addEventListener("blur",function(){h.options.autoRewind=t}),g.slider.addEventListener("keydown",function(e){if(1e3<=new Date-u&&(c=g.paused),g.options.enableKeyboard&&g.options.keyActions.length){var t=e.which||e.keyCode||0,n=g.getDuration(),o=h.options.defaultSeekForwardInterval(d),i=h.options.defaultSeekBackwardInterval(d),r=g.getCurrentTime(),a=g.getElement(g.container).querySelector("."+g.options.classPrefix+"volume-slider");if(38===t||40===t){a&&(a.style.display="block"),g.isVideo&&(g.showControls(),g.startControlsTimer());var s=38===t?Math.min(g.volume+.1,1):Math.max(g.volume-.1,0),l=s<=0;return g.setVolume(s),void g.setMuted(l)}switch(a&&(a.style.display="none"),t){case 37:g.getDuration()!==1/0&&(r-=i);break;case 39:g.getDuration()!==1/0&&(r+=o);break;case 36:r=0;break;case 35:r=n;break;case 13:case 32:return void(y.IS_FIREFOX&&(g.paused?g.play():g.pause()));default:return}r=r<0||isNaN(r)?0:n<=r?n:Math.floor(r),u=new Date,c||h.pause(),setTimeout(function(){g.setCurrentTime(r)},0),r<g.getDuration()&&!c&&setTimeout(f,1100),h.showControls(),e.preventDefault(),e.stopPropagation()}});var r=["mousedown","touchstart"];g.slider.addEventListener("dragstart",function(){return!1});for(var a=0,l=r.length;a<l;a++)g.slider.addEventListener(r[a],function(e){if(g.forcedHandlePause=!1,g.getDuration()!==1/0&&(1===e.which||0===e.which)){g.paused||(g.pause(),g.forcedHandlePause=!0),v=!0,i(e);for(var t=["mouseup","touchend"],n=0,o=t.length;n<o;n++)g.getElement(g.container).addEventListener(t[n],function(e){var t=e.target;(t===g.slider||t.closest("."+g.options.classPrefix+"time-slider"))&&i(e)});g.globalBind("mouseup.dur touchend.dur",function(){v&&null!==g.getCurrentTime()&&g.newTime.toFixed(4)!==g.getCurrentTime().toFixed(4)&&(g.setCurrentTime(g.newTime),g.setCurrentRailHandle(g.newTime),g.updateCurrent(g.newTime)),g.forcedHandlePause&&(g.slider.focus(),g.play()),g.forcedHandlePause=!1,v=!1,g.timefloat&&(g.timefloat.style.display="none")})}},!(!y.SUPPORT_PASSIVE_EVENT||"touchstart"!==r[a])&&{passive:!0});g.slider.addEventListener("mouseenter",function(e){e.target===g.slider&&g.getDuration()!==1/0&&(g.getElement(g.container).addEventListener("mousemove",function(e){var t=e.target;(t===g.slider||t.closest("."+g.options.classPrefix+"time-slider"))&&i(e)}),!g.timefloat||y.IS_IOS||y.IS_ANDROID||(g.timefloat.style.display="block"),g.hovered&&!y.IS_IOS&&!y.IS_ANDROID&&g.options.useSmoothHover&&(0,b.removeClass)(g.hovered,"no-hover"))}),g.slider.addEventListener("mouseleave",function(){g.getDuration()!==1/0&&(v||(g.timefloat&&(g.timefloat.style.display="none"),g.hovered&&g.options.useSmoothHover&&(0,b.addClass)(g.hovered,"no-hover")))}),g.broadcastCallback=function(e){var t,n,o,i,r=s.querySelector("."+g.options.classPrefix+"broadcast");if(g.options.forceLive||g.getDuration()===1/0){if(!r&&g.options.forceLive){var a=p.default.createElement("span");a.className=g.options.classPrefix+"broadcast",a.innerText=m.default.t("mejs.live-broadcast"),g.slider.style.display="none",g.rail.appendChild(a)}}else r&&(g.slider.style.display="",r.remove()),h.setProgressRail(e),g.forcedHandlePause||h.setCurrentRail(e),t=g.getCurrentTime(),n=m.default.t("mejs.time-slider"),o=(0,E.secondsToTimeCode)(t,h.options.alwaysShowHours,h.options.showTimecodeFrameCount,h.options.framesPerSecond,h.options.secondsDecimalLength,h.options.timeFormat),i=g.getDuration(),g.slider.setAttribute("role","slider"),g.slider.tabIndex=0,d.paused?(g.slider.setAttribute("aria-label",n),g.slider.setAttribute("aria-valuemin",0),g.slider.setAttribute("aria-valuemax",isNaN(i)?0:i),g.slider.setAttribute("aria-valuenow",t),g.slider.setAttribute("aria-valuetext",o)):(g.slider.removeAttribute("aria-label"),g.slider.removeAttribute("aria-valuemin"),g.slider.removeAttribute("aria-valuemax"),g.slider.removeAttribute("aria-valuenow"),g.slider.removeAttribute("aria-valuetext"))},d.addEventListener("progress",g.broadcastCallback),d.addEventListener("timeupdate",g.broadcastCallback),d.addEventListener("play",function(){g.buffer.style.display="none"}),d.addEventListener("playing",function(){g.buffer.style.display="none"}),d.addEventListener("seeking",function(){g.buffer.style.display=""}),d.addEventListener("seeked",function(){g.buffer.style.display="none"}),d.addEventListener("pause",function(){g.buffer.style.display="none"}),d.addEventListener("waiting",function(){g.buffer.style.display=""}),d.addEventListener("loadeddata",function(){g.buffer.style.display=""}),d.addEventListener("canplay",function(){g.buffer.style.display="none"}),d.addEventListener("error",function(){g.buffer.style.display="none"}),g.getElement(g.container).addEventListener("controlsresize",function(e){g.getDuration()!==1/0&&(h.setProgressRail(e),g.forcedHandlePause||h.setCurrentRail(e))})},cleanprogress:function(e,t,n,o){o.removeEventListener("progress",e.broadcastCallback),o.removeEventListener("timeupdate",e.broadcastCallback),e.rail&&e.rail.remove()},setProgressRail:function(e){var t=this,n=void 0!==e?e.detail.target||e.target:t.media,o=null;n&&n.buffered&&0<n.buffered.length&&n.buffered.end&&t.getDuration()?o=n.buffered.end(n.buffered.length-1)/t.getDuration():n&&void 0!==n.bytesTotal&&0<n.bytesTotal&&void 0!==n.bufferedBytes?o=n.bufferedBytes/n.bytesTotal:e&&e.lengthComputable&&0!==e.total&&(o=e.loaded/e.total),null!==o&&(o=Math.min(1,Math.max(0,o)),t.loaded&&t.setTransformStyle(t.loaded,"scaleX("+o+")"))},setCurrentRailHandle:function(e){this.setCurrentRailMain(this,e)},setCurrentRail:function(){this.setCurrentRailMain(this)},setCurrentRailMain:function(e,t){if(void 0!==e.getCurrentTime()&&e.getDuration()){var n=void 0===t?e.getCurrentTime():t;if(e.total&&e.handle){var o=parseFloat(getComputedStyle(e.total).width),i=Math.round(o*n/e.getDuration()),r=i-Math.round(e.handle.offsetWidth/2);if(r=r<0?0:r,e.setTransformStyle(e.current,"scaleX("+i/o+")"),e.setTransformStyle(e.handle,"translateX("+r+"px)"),e.options.useSmoothHover&&!(0,b.hasClass)(e.hovered,"no-hover")){var a=parseInt(e.hovered.getAttribute("pos"),10),s=(a=isNaN(a)?0:a)/o-r/o;e.hovered.style.left=r+"px",e.setTransformStyle(e.hovered,"scaleX("+s+")"),0<=s?(0,b.removeClass)(e.hovered,"negative"):(0,b.addClass)(e.hovered,"negative")}}}}})},{16:16,2:2,25:25,26:26,30:30,5:5}],12:[function(e,t,n){"use strict";var a=r(e(2)),o=e(16),i=r(o),s=e(30),l=e(26);function r(e){return e&&e.__esModule?e:{default:e}}Object.assign(o.config,{duration:0,timeAndDurationSeparator:"<span> | </span>"}),Object.assign(i.default.prototype,{buildcurrent:function(e,t,n,o){var i=this,r=a.default.createElement("div");r.className=i.options.classPrefix+"time",r.setAttribute("role","timer"),r.setAttribute("aria-live","off"),r.innerHTML='<span class="'+i.options.classPrefix+'currenttime">'+(0,s.secondsToTimeCode)(0,e.options.alwaysShowHours,e.options.showTimecodeFrameCount,e.options.framesPerSecond,e.options.secondsDecimalLength,e.options.timeFormat)+"</span>",i.addControlElement(r,"current"),e.updateCurrent(),i.updateTimeCallback=function(){i.controlsAreVisible&&e.updateCurrent()},o.addEventListener("timeupdate",i.updateTimeCallback)},cleancurrent:function(e,t,n,o){o.removeEventListener("timeupdate",e.updateTimeCallback)},buildduration:function(e,t,n,o){var i=this;if(t.lastChild.querySelector("."+i.options.classPrefix+"currenttime"))t.querySelector("."+i.options.classPrefix+"time").innerHTML+=i.options.timeAndDurationSeparator+'<span class="'+i.options.classPrefix+'duration">'+(0,s.secondsToTimeCode)(i.options.duration,i.options.alwaysShowHours,i.options.showTimecodeFrameCount,i.options.framesPerSecond,i.options.secondsDecimalLength,i.options.timeFormat)+"</span>";else{t.querySelector("."+i.options.classPrefix+"currenttime")&&(0,l.addClass)(t.querySelector("."+i.options.classPrefix+"currenttime").parentNode,i.options.classPrefix+"currenttime-container");var r=a.default.createElement("div");r.className=i.options.classPrefix+"time "+i.options.classPrefix+"duration-container",r.innerHTML='<span class="'+i.options.classPrefix+'duration">'+(0,s.secondsToTimeCode)(i.options.duration,i.options.alwaysShowHours,i.options.showTimecodeFrameCount,i.options.framesPerSecond,i.options.secondsDecimalLength,i.options.timeFormat)+"</span>",i.addControlElement(r,"duration")}i.updateDurationCallback=function(){i.controlsAreVisible&&e.updateDuration()},o.addEventListener("timeupdate",i.updateDurationCallback)},cleanduration:function(e,t,n,o){o.removeEventListener("timeupdate",e.updateDurationCallback)},updateCurrent:function(){var e=this,t=e.getCurrentTime();isNaN(t)&&(t=0);var n=(0,s.secondsToTimeCode)(t,e.options.alwaysShowHours,e.options.showTimecodeFrameCount,e.options.framesPerSecond,e.options.secondsDecimalLength,e.options.timeFormat);5<n.length?(0,l.addClass)(e.getElement(e.container),e.options.classPrefix+"long-video"):(0,l.removeClass)(e.getElement(e.container),e.options.classPrefix+"long-video"),e.getElement(e.controls).querySelector("."+e.options.classPrefix+"currenttime")&&(e.getElement(e.controls).querySelector("."+e.options.classPrefix+"currenttime").innerText=n)},updateDuration:function(){var e=this,t=e.getDuration();void 0!==e.media&&(isNaN(t)||t===1/0||t<0)&&(e.media.duration=e.options.duration=t=0),0<e.options.duration&&(t=e.options.duration);var n=(0,s.secondsToTimeCode)(t,e.options.alwaysShowHours,e.options.showTimecodeFrameCount,e.options.framesPerSecond,e.options.secondsDecimalLength,e.options.timeFormat);5<n.length?(0,l.addClass)(e.getElement(e.container),e.options.classPrefix+"long-video"):(0,l.removeClass)(e.getElement(e.container),e.options.classPrefix+"long-video"),e.getElement(e.controls).querySelector("."+e.options.classPrefix+"duration")&&0<t&&(e.getElement(e.controls).querySelector("."+e.options.classPrefix+"duration").innerHTML=n)}})},{16:16,2:2,26:26,30:30}],13:[function(e,t,n){"use strict";var L=r(e(2)),d=r(e(7)),F=r(e(5)),o=e(16),i=r(o),m=e(30),j=e(27),I=e(26);function r(e){return e&&e.__esModule?e:{default:e}}Object.assign(o.config,{startLanguage:"",tracksText:null,chaptersText:null,tracksAriaLive:!1,hideCaptionsButtonWhenEmpty:!0,toggleCaptionsButtonWhenOnlyOne:!1,slidesSelector:""}),Object.assign(i.default.prototype,{hasChapters:!1,buildtracks:function(o,e,t,n){if(this.findTracks(),o.tracks.length||o.trackFiles&&0!==!o.trackFiles.length){var i=this,r=i.options.tracksAriaLive?' role="log" aria-live="assertive" aria-atomic="false"':"",a=(0,j.isString)(i.options.tracksText)?i.options.tracksText:F.default.t("mejs.captions-subtitles"),s=(0,j.isString)(i.options.chaptersText)?i.options.chaptersText:F.default.t("mejs.captions-chapters"),l=null===o.trackFiles?o.tracks.length:o.trackFiles.length;if(i.domNode.textTracks)for(var d=i.domNode.textTracks.length-1;0<=d;d--)i.domNode.textTracks[d].mode="hidden";i.cleartracks(o),o.captions=L.default.createElement("div"),o.captions.className=i.options.classPrefix+"captions-layer "+i.options.classPrefix+"layer",o.captions.innerHTML='<div class="'+i.options.classPrefix+"captions-position "+i.options.classPrefix+'captions-position-hover"'+r+'><span class="'+i.options.classPrefix+'captions-text"></span></div>',o.captions.style.display="none",t.insertBefore(o.captions,t.firstChild),o.captionsText=o.captions.querySelector("."+i.options.classPrefix+"captions-text"),o.captionsButton=L.default.createElement("div"),o.captionsButton.className=i.options.classPrefix+"button "+i.options.classPrefix+"captions-button",o.captionsButton.innerHTML='<button type="button" aria-controls="'+i.id+'" title="'+a+'" aria-label="'+a+'" tabindex="0"></button><div class="'+i.options.classPrefix+"captions-selector "+i.options.classPrefix+'offscreen"><ul class="'+i.options.classPrefix+'captions-selector-list"><li class="'+i.options.classPrefix+'captions-selector-list-item"><input type="radio" class="'+i.options.classPrefix+'captions-selector-input" name="'+o.id+'_captions" id="'+o.id+'_captions_none" value="none" checked disabled><label class="'+i.options.classPrefix+"captions-selector-label "+i.options.classPrefix+'captions-selected" for="'+o.id+'_captions_none">'+F.default.t("mejs.none")+"</label></li></ul></div>",i.addControlElement(o.captionsButton,"tracks"),o.captionsButton.querySelector("."+i.options.classPrefix+"captions-selector-input").disabled=!1,o.chaptersButton=L.default.createElement("div"),o.chaptersButton.className=i.options.classPrefix+"button "+i.options.classPrefix+"chapters-button",o.chaptersButton.innerHTML='<button type="button" aria-controls="'+i.id+'" title="'+s+'" aria-label="'+s+'" tabindex="0"></button><div class="'+i.options.classPrefix+"chapters-selector "+i.options.classPrefix+'offscreen"><ul class="'+i.options.classPrefix+'chapters-selector-list"></ul></div>';for(var u=0,c=0;c<l;c++){var f=o.tracks[c].kind;o.tracks[c].src.trim()&&("subtitles"===f||"captions"===f?u++:"chapters"!==f||e.querySelector("."+i.options.classPrefix+"chapter-selector")||o.captionsButton.parentNode.insertBefore(o.chaptersButton,o.captionsButton))}o.trackToLoad=-1,o.selectedTrack=null,o.isLoadingTrack=!1;for(var p=0;p<l;p++){var m=o.tracks[p].kind;!o.tracks[p].src.trim()||"subtitles"!==m&&"captions"!==m||o.addTrackButton(o.tracks[p].trackId,o.tracks[p].srclang,o.tracks[p].label)}o.loadNextTrack();var h=["mouseenter","focusin"],v=["mouseleave","focusout"];if(i.options.toggleCaptionsButtonWhenOnlyOne&&1===u)o.captionsButton.addEventListener("click",function(e){var t="none";null===o.selectedTrack&&(t=o.tracks[0].trackId);var n=e.keyCode||e.which;o.setTrack(t,void 0!==n)});else{for(var g=o.captionsButton.querySelectorAll("."+i.options.classPrefix+"captions-selector-label"),y=o.captionsButton.querySelectorAll("input[type=radio]"),E=0,b=h.length;E<b;E++)o.captionsButton.addEventListener(h[E],function(){(0,I.removeClass)(this.querySelector("."+i.options.classPrefix+"captions-selector"),i.options.classPrefix+"offscreen")});for(var S=0,x=v.length;S<x;S++)o.captionsButton.addEventListener(v[S],function(){(0,I.addClass)(this.querySelector("."+i.options.classPrefix+"captions-selector"),i.options.classPrefix+"offscreen")});for(var w=0,P=y.length;w<P;w++)y[w].addEventListener("click",function(e){var t=e.keyCode||e.which;o.setTrack(this.value,void 0!==t)});for(var T=0,C=g.length;T<C;T++)g[T].addEventListener("click",function(e){var t=(0,I.siblings)(this,function(e){return"INPUT"===e.tagName})[0],n=(0,j.createEvent)("click",t);t.dispatchEvent(n),e.preventDefault()});o.captionsButton.addEventListener("keydown",function(e){e.stopPropagation()})}for(var k=0,_=h.length;k<_;k++)o.chaptersButton.addEventListener(h[k],function(){this.querySelector("."+i.options.classPrefix+"chapters-selector-list").children.length&&(0,I.removeClass)(this.querySelector("."+i.options.classPrefix+"chapters-selector"),i.options.classPrefix+"offscreen")});for(var N=0,A=v.length;N<A;N++)o.chaptersButton.addEventListener(v[N],function(){(0,I.addClass)(this.querySelector("."+i.options.classPrefix+"chapters-selector"),i.options.classPrefix+"offscreen")});o.chaptersButton.addEventListener("keydown",function(e){e.stopPropagation()}),o.options.alwaysShowControls?(0,I.addClass)(o.getElement(o.container).querySelector("."+i.options.classPrefix+"captions-position"),i.options.classPrefix+"captions-position-hover"):(o.getElement(o.container).addEventListener("controlsshown",function(){(0,I.addClass)(o.getElement(o.container).querySelector("."+i.options.classPrefix+"captions-position"),i.options.classPrefix+"captions-position-hover")}),o.getElement(o.container).addEventListener("controlshidden",function(){n.paused||(0,I.removeClass)(o.getElement(o.container).querySelector("."+i.options.classPrefix+"captions-position"),i.options.classPrefix+"captions-position-hover")})),n.addEventListener("timeupdate",function(){o.displayCaptions()}),""!==o.options.slidesSelector&&(o.slidesContainer=L.default.querySelectorAll(o.options.slidesSelector),n.addEventListener("timeupdate",function(){o.displaySlides()}))}},cleartracks:function(e){e&&(e.captions&&e.captions.remove(),e.chapters&&e.chapters.remove(),e.captionsText&&e.captionsText.remove(),e.captionsButton&&e.captionsButton.remove(),e.chaptersButton&&e.chaptersButton.remove())},rebuildtracks:function(){var e=this;e.findTracks(),e.buildtracks(e,e.getElement(e.controls),e.getElement(e.layers),e.media)},findTracks:function(){var e=this,t=null===e.trackFiles?e.node.querySelectorAll("track"):e.trackFiles,n=t.length;e.tracks=[];for(var o=0;o<n;o++){var i=t[o],r=i.getAttribute("srclang").toLowerCase()||"",a=e.id+"_track_"+o+"_"+i.getAttribute("kind")+"_"+r;e.tracks.push({trackId:a,srclang:r,src:i.getAttribute("src"),kind:i.getAttribute("kind"),label:i.getAttribute("label")||"",entries:[],isLoaded:!1})}},setTrack:function(e,t){for(var n=this,o=n.captionsButton.querySelectorAll('input[type="radio"]'),i=n.captionsButton.querySelectorAll("."+n.options.classPrefix+"captions-selected"),r=n.captionsButton.querySelector('input[value="'+e+'"]'),a=0,s=o.length;a<s;a++)o[a].checked=!1;for(var l=0,d=i.length;l<d;l++)(0,I.removeClass)(i[l],n.options.classPrefix+"captions-selected");r.checked=!0;for(var u=(0,I.siblings)(r,function(e){return(0,I.hasClass)(e,n.options.classPrefix+"captions-selector-label")}),c=0,f=u.length;c<f;c++)(0,I.addClass)(u[c],n.options.classPrefix+"captions-selected");if("none"===e)n.selectedTrack=null,(0,I.removeClass)(n.captionsButton,n.options.classPrefix+"captions-enabled");else for(var p=0,m=n.tracks.length;p<m;p++){var h=n.tracks[p];if(h.trackId===e){null===n.selectedTrack&&(0,I.addClass)(n.captionsButton,n.options.classPrefix+"captions-enabled"),n.selectedTrack=h,n.captions.setAttribute("lang",n.selectedTrack.srclang),n.displayCaptions();break}}var v=(0,j.createEvent)("captionschange",n.media);v.detail.caption=n.selectedTrack,n.media.dispatchEvent(v),t||setTimeout(function(){n.getElement(n.container).focus()},500)},loadNextTrack:function(){var e=this;e.trackToLoad++,e.trackToLoad<e.tracks.length?(e.isLoadingTrack=!0,e.loadTrack(e.trackToLoad)):(e.isLoadingTrack=!1,e.checkForTracks())},loadTrack:function(e){var t=this,n=t.tracks[e];void 0===n||void 0===n.src&&""===n.src||(0,I.ajax)(n.src,"text",function(e){n.entries="string"==typeof e&&/<tt\s+xml/gi.exec(e)?d.default.TrackFormatParser.dfxp.parse(e):d.default.TrackFormatParser.webvtt.parse(e),n.isLoaded=!0,t.enableTrackButton(n),t.loadNextTrack(),"slides"===n.kind?t.setupSlides(n):"chapters"!==n.kind||t.hasChapters||(t.drawChapters(n),t.hasChapters=!0)},function(){t.removeTrackButton(n.trackId),t.loadNextTrack()})},enableTrackButton:function(e){var t=this,n=e.srclang,o=L.default.getElementById(""+e.trackId);if(o){var i=e.label;""===i&&(i=F.default.t(d.default.language.codes[n])||n),o.disabled=!1;for(var r=(0,I.siblings)(o,function(e){return(0,I.hasClass)(e,t.options.classPrefix+"captions-selector-label")}),a=0,s=r.length;a<s;a++)r[a].innerHTML=i;if(t.options.startLanguage===n){o.checked=!0;var l=(0,j.createEvent)("click",o);o.dispatchEvent(l)}}},removeTrackButton:function(e){var t=L.default.getElementById(""+e);if(t){var n=t.closest("li");n&&n.remove()}},addTrackButton:function(e,t,n){var o=this;""===n&&(n=F.default.t(d.default.language.codes[t])||t),o.captionsButton.querySelector("ul").innerHTML+='<li class="'+o.options.classPrefix+'captions-selector-list-item"><input type="radio" class="'+o.options.classPrefix+'captions-selector-input" name="'+o.id+'_captions" id="'+e+'" value="'+e+'" disabled><label class="'+o.options.classPrefix+'captions-selector-label"for="'+e+'">'+n+" (loading)</label></li>"},checkForTracks:function(){var e=this,t=!1;if(e.options.hideCaptionsButtonWhenEmpty){for(var n=0,o=e.tracks.length;n<o;n++){var i=e.tracks[n].kind;if(("subtitles"===i||"captions"===i)&&e.tracks[n].isLoaded){t=!0;break}}e.captionsButton.style.display=t?"":"none",e.setControlsSize()}},displayCaptions:function(){if(void 0!==this.tracks){var e=this,t=e.selectedTrack;if(null!==t&&t.isLoaded){var n=e.searchTrackPosition(t.entries,e.media.currentTime);if(-1<n){var o=t.entries[n].text;return"function"==typeof e.options.captionTextPreprocessor&&(o=e.options.captionTextPreprocessor(o)),e.captionsText.innerHTML=function(e){var t=L.default.createElement("div");t.innerHTML=e;for(var n=t.getElementsByTagName("script"),o=n.length;o--;)n[o].remove();for(var i=t.getElementsByTagName("*"),r=0,a=i.length;r<a;r++)for(var s=i[r].attributes,l=Array.prototype.slice.call(s),d=0,u=l.length;d<u;d++)l[d].name.startsWith("on")||l[d].value.startsWith("javascript")?i[r].remove():"style"===l[d].name&&i[r].removeAttribute(l[d].name);return t.innerHTML}(o),e.captionsText.className=e.options.classPrefix+"captions-text "+(t.entries[n].identifier||""),e.captions.style.display="",void(e.captions.style.height="0px")}e.captions.style.display="none"}else e.captions.style.display="none"}},setupSlides:function(e){this.slides=e,this.slides.entries.imgs=[this.slides.entries.length],this.showSlide(0)},showSlide:function(e){var i=this,r=this;if(void 0!==r.tracks&&void 0!==r.slidesContainer){var t=r.slides.entries[e].text,n=r.slides.entries[e].imgs;if(void 0===n||void 0===n.fadeIn){var a=L.default.createElement("img");a.src=t,a.addEventListener("load",function(){var e=i,t=(0,I.siblings)(e,function(e){return t(e)});e.style.display="none",r.slidesContainer.innerHTML+=e.innerHTML,(0,I.fadeIn)(r.slidesContainer.querySelector(a));for(var n=0,o=t.length;n<o;n++)(0,I.fadeOut)(t[n],400)}),r.slides.entries[e].imgs=n=a}else if(!(0,I.visible)(n)){var o=(0,I.siblings)(self,function(e){return o(e)});(0,I.fadeIn)(r.slidesContainer.querySelector(n));for(var s=0,l=o.length;s<l;s++)(0,I.fadeOut)(o[s])}}},displaySlides:function(){if(void 0!==this.slides){var e=this.slides,t=this.searchTrackPosition(e.entries,this.media.currentTime);-1<t&&this.showSlide(t)}},drawChapters:function(e){var r=this,t=e.entries.length;if(t){r.chaptersButton.querySelector("ul").innerHTML="";for(var n=0;n<t;n++)r.chaptersButton.querySelector("ul").innerHTML+='<li class="'+r.options.classPrefix+'chapters-selector-list-item" role="menuitemcheckbox" aria-live="polite" aria-disabled="false" aria-checked="false"><input type="radio" class="'+r.options.classPrefix+'captions-selector-input" name="'+r.id+'_chapters" id="'+r.id+"_chapters_"+n+'" value="'+e.entries[n].start+'" disabled><label class="'+r.options.classPrefix+'chapters-selector-label"for="'+r.id+"_chapters_"+n+'">'+e.entries[n].text+"</label></li>";for(var o=r.chaptersButton.querySelectorAll('input[type="radio"]'),i=r.chaptersButton.querySelectorAll("."+r.options.classPrefix+"chapters-selector-label"),a=0,s=o.length;a<s;a++)o[a].disabled=!1,o[a].checked=!1,o[a].addEventListener("click",function(e){var t=r.chaptersButton.querySelectorAll("li"),n=(0,I.siblings)(this,function(e){return(0,I.hasClass)(e,r.options.classPrefix+"chapters-selector-label")})[0];this.checked=!0,this.parentNode.setAttribute("aria-checked",!0),(0,I.addClass)(n,r.options.classPrefix+"chapters-selected"),(0,I.removeClass)(r.chaptersButton.querySelector("."+r.options.classPrefix+"chapters-selected"),r.options.classPrefix+"chapters-selected");for(var o=0,i=t.length;o<i;o++)t[o].setAttribute("aria-checked",!1);void 0===(e.keyCode||e.which)&&setTimeout(function(){r.getElement(r.container).focus()},500),r.media.setCurrentTime(parseFloat(this.value)),r.media.paused&&r.media.play()});for(var l=0,d=i.length;l<d;l++)i[l].addEventListener("click",function(e){var t=(0,I.siblings)(this,function(e){return"INPUT"===e.tagName})[0],n=(0,j.createEvent)("click",t);t.dispatchEvent(n),e.preventDefault()})}},searchTrackPosition:function(e,t){for(var n=0,o=e.length-1,i=void 0,r=void 0,a=void 0;n<=o;){if(r=e[i=n+o>>1].start,a=e[i].stop,r<=t&&t<a)return i;r<t?n=i+1:t<r&&(o=i-1)}return-1}}),d.default.language={codes:{af:"mejs.afrikaans",sq:"mejs.albanian",ar:"mejs.arabic",be:"mejs.belarusian",bg:"mejs.bulgarian",ca:"mejs.catalan",zh:"mejs.chinese","zh-cn":"mejs.chinese-simplified","zh-tw":"mejs.chines-traditional",hr:"mejs.croatian",cs:"mejs.czech",da:"mejs.danish",nl:"mejs.dutch",en:"mejs.english",et:"mejs.estonian",fl:"mejs.filipino",fi:"mejs.finnish",fr:"mejs.french",gl:"mejs.galician",de:"mejs.german",el:"mejs.greek",ht:"mejs.haitian-creole",iw:"mejs.hebrew",hi:"mejs.hindi",hu:"mejs.hungarian",is:"mejs.icelandic",id:"mejs.indonesian",ga:"mejs.irish",it:"mejs.italian",ja:"mejs.japanese",ko:"mejs.korean",lv:"mejs.latvian",lt:"mejs.lithuanian",mk:"mejs.macedonian",ms:"mejs.malay",mt:"mejs.maltese",no:"mejs.norwegian",fa:"mejs.persian",pl:"mejs.polish",pt:"mejs.portuguese",ro:"mejs.romanian",ru:"mejs.russian",sr:"mejs.serbian",sk:"mejs.slovak",sl:"mejs.slovenian",es:"mejs.spanish",sw:"mejs.swahili",sv:"mejs.swedish",tl:"mejs.tagalog",th:"mejs.thai",tr:"mejs.turkish",uk:"mejs.ukrainian",vi:"mejs.vietnamese",cy:"mejs.welsh",yi:"mejs.yiddish"}},d.default.TrackFormatParser={webvtt:{pattern:/^((?:[0-9]{1,2}:)?[0-9]{2}:[0-9]{2}([,.][0-9]{1,3})?) --\> ((?:[0-9]{1,2}:)?[0-9]{2}:[0-9]{2}([,.][0-9]{3})?)(.*)$/,parse:function(e){for(var t=e.split(/\r?\n/),n=[],o=void 0,i=void 0,r=void 0,a=0,s=t.length;a<s;a++){if((o=this.pattern.exec(t[a]))&&a<t.length){for(0<=a-1&&""!==t[a-1]&&(r=t[a-1]),i=t[++a],a++;""!==t[a]&&a<t.length;)i=i+"\n"+t[a],a++;i=null===i?"":i.trim().replace(/(\b(https?|ftp|file):\/\/[-A-Z0-9+&@#\/%?=~_|!:,.;]*[-A-Z0-9+&@#\/%=~_|])/gi,"<a href='$1' target='_blank'>$1</a>"),n.push({identifier:r,start:0===(0,m.convertSMPTEtoSeconds)(o[1])?.2:(0,m.convertSMPTEtoSeconds)(o[1]),stop:(0,m.convertSMPTEtoSeconds)(o[3]),text:i,settings:o[5]})}r=""}return n}},dfxp:{parse:function(e){var t=L.default.adoptNode((new DOMParser).parseFromString(e,"application/xml").documentElement).querySelector("div"),n=t.querySelectorAll("p"),o=L.default.getElementById(t.getAttribute("style")),i=[],r=void 0;if(o){o.removeAttribute("id");var a=o.attributes;if(a.length){r={};for(var s=0,l=a.length;s<l;s++)r[a[s].name.split(":")[1]]=a[s].value}}for(var d=0,u=n.length;d<u;d++){var c=void 0,f={start:null,stop:null,style:null,text:null};if(n[d].getAttribute("begin")&&(f.start=(0,m.convertSMPTEtoSeconds)(n[d].getAttribute("begin"))),!f.start&&n[d-1].getAttribute("end")&&(f.start=(0,m.convertSMPTEtoSeconds)(n[d-1].getAttribute("end"))),n[d].getAttribute("end")&&(f.stop=(0,m.convertSMPTEtoSeconds)(n[d].getAttribute("end"))),!f.stop&&n[d+1].getAttribute("begin")&&(f.stop=(0,m.convertSMPTEtoSeconds)(n[d+1].getAttribute("begin"))),r)for(var p in c="",r)c+=p+": "+r[p]+";";c&&(f.style=c),0===f.start&&(f.start=.2),f.text=n[d].innerHTML.trim().replace(/(\b(https?|ftp|file):\/\/[-A-Z0-9+&@#\/%?=~_| !:, .; ]*[-A-Z0-9+&@#\/%=~_|])/gi,"<a href='$1' target='_blank'>$1</a>"),i.push(f)}return i}}}},{16:16,2:2,26:26,27:27,30:30,5:5,7:7}],14:[function(e,t,n){"use strict";var x=r(e(2)),o=e(16),i=r(o),w=r(e(5)),P=e(25),T=e(27),C=e(26);function r(e){return e&&e.__esModule?e:{default:e}}Object.assign(o.config,{muteText:null,unmuteText:null,allyVolumeControlText:null,hideVolumeOnTouchDevices:!0,audioVolume:"horizontal",videoVolume:"vertical",startVolume:.8}),Object.assign(i.default.prototype,{buildvolume:function(e,t,n,o){if(!P.IS_ANDROID&&!P.IS_IOS||!this.options.hideVolumeOnTouchDevices){var a=this,s=a.isVideo?a.options.videoVolume:a.options.audioVolume,r=(0,T.isString)(a.options.muteText)?a.options.muteText:w.default.t("mejs.mute"),l=(0,T.isString)(a.options.unmuteText)?a.options.unmuteText:w.default.t("mejs.unmute"),i=(0,T.isString)(a.options.allyVolumeControlText)?a.options.allyVolumeControlText:w.default.t("mejs.volume-help-text"),d=x.default.createElement("div");if(d.className=a.options.classPrefix+"button "+a.options.classPrefix+"volume-button "+a.options.classPrefix+"mute",d.innerHTML="horizontal"===s?'<button type="button" aria-controls="'+a.id+'" title="'+r+'" aria-label="'+r+'" tabindex="0"></button>':'<button type="button" aria-controls="'+a.id+'" title="'+r+'" aria-label="'+r+'" tabindex="0"></button><a href="javascript:void(0);" class="'+a.options.classPrefix+'volume-slider" aria-label="'+w.default.t("mejs.volume-slider")+'" aria-valuemin="0" aria-valuemax="100" role="slider" aria-orientation="vertical"><span class="'+a.options.classPrefix+'offscreen">'+i+'</span><div class="'+a.options.classPrefix+'volume-total"><div class="'+a.options.classPrefix+'volume-current"></div><div class="'+a.options.classPrefix+'volume-handle"></div></div></a>',a.addControlElement(d,"volume"),a.options.keyActions.push({keys:[38],action:function(e){var t=e.getElement(e.container).querySelector("."+a.options.classPrefix+"volume-slider");t&&t.matches(":focus")&&(t.style.display="block"),e.isVideo&&(e.showControls(),e.startControlsTimer());var n=Math.min(e.volume+.1,1);e.setVolume(n),0<n&&e.setMuted(!1)}},{keys:[40],action:function(e){var t=e.getElement(e.container).querySelector("."+a.options.classPrefix+"volume-slider");t&&(t.style.display="block"),e.isVideo&&(e.showControls(),e.startControlsTimer());var n=Math.max(e.volume-.1,0);e.setVolume(n),n<=.1&&e.setMuted(!0)}},{keys:[77],action:function(e){var t=e.getElement(e.container).querySelector("."+a.options.classPrefix+"volume-slider");t&&(t.style.display="block"),e.isVideo&&(e.showControls(),e.startControlsTimer()),e.media.muted?e.setMuted(!1):e.setMuted(!0)}}),"horizontal"===s){var u=x.default.createElement("a");u.className=a.options.classPrefix+"horizontal-volume-slider",u.href="javascript:void(0);",u.setAttribute("aria-label",w.default.t("mejs.volume-slider")),u.setAttribute("aria-valuemin",0),u.setAttribute("aria-valuemax",100),u.setAttribute("aria-valuenow",100),u.setAttribute("role","slider"),u.innerHTML+='<span class="'+a.options.classPrefix+'offscreen">'+i+'</span><div class="'+a.options.classPrefix+'horizontal-volume-total"><div class="'+a.options.classPrefix+'horizontal-volume-current"></div><div class="'+a.options.classPrefix+'horizontal-volume-handle"></div></div>',d.parentNode.insertBefore(u,d.nextSibling)}var c=!1,f=!1,p=!1,m="vertical"===s?a.getElement(a.container).querySelector("."+a.options.classPrefix+"volume-slider"):a.getElement(a.container).querySelector("."+a.options.classPrefix+"horizontal-volume-slider"),h="vertical"===s?a.getElement(a.container).querySelector("."+a.options.classPrefix+"volume-total"):a.getElement(a.container).querySelector("."+a.options.classPrefix+"horizontal-volume-total"),v="vertical"===s?a.getElement(a.container).querySelector("."+a.options.classPrefix+"volume-current"):a.getElement(a.container).querySelector("."+a.options.classPrefix+"horizontal-volume-current"),g="vertical"===s?a.getElement(a.container).querySelector("."+a.options.classPrefix+"volume-handle"):a.getElement(a.container).querySelector("."+a.options.classPrefix+"horizontal-volume-handle"),y=function(e){if(null!==e&&!isNaN(e)&&void 0!==e){if(e=Math.max(0,e),0===(e=Math.min(e,1))){(0,C.removeClass)(d,a.options.classPrefix+"mute"),(0,C.addClass)(d,a.options.classPrefix+"unmute");var t=d.firstElementChild;t.setAttribute("title",l),t.setAttribute("aria-label",l)}else{(0,C.removeClass)(d,a.options.classPrefix+"unmute"),(0,C.addClass)(d,a.options.classPrefix+"mute");var n=d.firstElementChild;n.setAttribute("title",r),n.setAttribute("aria-label",r)}var o=100*e+"%",i=getComputedStyle(g);"vertical"===s?(v.style.bottom=0,v.style.height=o,g.style.bottom=o,g.style.marginBottom=-parseFloat(i.height)/2+"px"):(v.style.left=0,v.style.width=o,g.style.left=o,g.style.marginLeft=-parseFloat(i.width)/2+"px")}},E=function(e){var t=(0,C.offset)(h),n=getComputedStyle(h);p=!0;var o=null;if("vertical"===s){var i=parseFloat(n.height);if(o=(i-(e.pageY-t.top))/i,0===t.top||0===t.left)return}else{var r=parseFloat(n.width);o=(e.pageX-t.left)/r}o=Math.max(0,o),o=Math.min(o,1),y(o),a.setMuted(0===o),a.setVolume(o),e.preventDefault(),e.stopPropagation()},b=function(){a.muted?(y(0),(0,C.removeClass)(d,a.options.classPrefix+"mute"),(0,C.addClass)(d,a.options.classPrefix+"unmute")):(y(o.volume),(0,C.removeClass)(d,a.options.classPrefix+"unmute"),(0,C.addClass)(d,a.options.classPrefix+"mute"))};e.getElement(e.container).addEventListener("keydown",function(e){!!e.target.closest("."+a.options.classPrefix+"container")||"vertical"!==s||(m.style.display="none")}),d.addEventListener("mouseenter",function(e){e.target===d&&(m.style.display="block",f=!0,e.preventDefault(),e.stopPropagation())}),d.addEventListener("focusin",function(){m.style.display="block",f=!0}),d.addEventListener("focusout",function(e){e.relatedTarget&&(!e.relatedTarget||e.relatedTarget.matches("."+a.options.classPrefix+"volume-slider"))||"vertical"!==s||(m.style.display="none")}),d.addEventListener("mouseleave",function(){f=!1,c||"vertical"!==s||(m.style.display="none")}),d.addEventListener("focusout",function(){f=!1}),d.addEventListener("keydown",function(e){if(a.options.enableKeyboard&&a.options.keyActions.length){var t=e.which||e.keyCode||0,n=o.volume;switch(t){case 38:n=Math.min(n+.1,1);break;case 40:n=Math.max(0,n-.1);break;default:return!0}c=!1,y(n),o.setVolume(n),e.preventDefault(),e.stopPropagation()}}),d.querySelector("button").addEventListener("click",function(){o.setMuted(!o.muted);var e=(0,T.createEvent)("volumechange",o);o.dispatchEvent(e)}),m.addEventListener("dragstart",function(){return!1}),m.addEventListener("mouseover",function(){f=!0}),m.addEventListener("focusin",function(){m.style.display="block",f=!0}),m.addEventListener("focusout",function(){f=!1,c||"vertical"!==s||(m.style.display="none")}),m.addEventListener("mousedown",function(e){E(e),a.globalBind("mousemove.vol",function(e){var t=e.target;c&&(t===m||t.closest("vertical"===s?"."+a.options.classPrefix+"volume-slider":"."+a.options.classPrefix+"horizontal-volume-slider"))&&E(e)}),a.globalBind("mouseup.vol",function(){c=!1,f||"vertical"!==s||(m.style.display="none")}),c=!0,e.preventDefault(),e.stopPropagation()}),o.addEventListener("volumechange",function(e){var t;c||b(),t=Math.floor(100*o.volume),m.setAttribute("aria-valuenow",t),m.setAttribute("aria-valuetext",t+"%")});var S=!1;o.addEventListener("rendererready",function(){p||setTimeout(function(){S=!0,(0===e.options.startVolume||o.originalNode.muted)&&o.setMuted(!0),o.setVolume(e.options.startVolume),a.setControlsSize()},250)}),o.addEventListener("loadedmetadata",function(){setTimeout(function(){p||S||((0===e.options.startVolume||o.originalNode.muted)&&o.setMuted(!0),0===e.options.startVolume&&(e.options.startVolume=0),o.setVolume(e.options.startVolume),a.setControlsSize()),S=!1},250)}),(0===e.options.startVolume||o.originalNode.muted)&&(o.setMuted(!0),0===e.options.startVolume&&(e.options.startVolume=0),b()),a.getElement(a.container).addEventListener("controlsresize",function(){b()})}}})},{16:16,2:2,25:25,26:26,27:27,5:5}],15:[function(e,t,n){"use strict";Object.defineProperty(n,"__esModule",{value:!0});n.EN={"mejs.plural-form":1,"mejs.download-file":"Download File","mejs.install-flash":"You are using a browser that does not have Flash player enabled or installed. Please turn on your Flash player plugin or download the latest version from https://get.adobe.com/flashplayer/","mejs.fullscreen":"Fullscreen","mejs.play":"Play","mejs.pause":"Pause","mejs.time-slider":"Time Slider","mejs.time-help-text":"Use Left/Right Arrow keys to advance one second, Up/Down arrows to advance ten seconds.","mejs.live-broadcast":"Live Broadcast","mejs.volume-help-text":"Use Up/Down Arrow keys to increase or decrease volume.","mejs.unmute":"Unmute","mejs.mute":"Mute","mejs.volume-slider":"Volume Slider","mejs.video-player":"Video Player","mejs.audio-player":"Audio Player","mejs.captions-subtitles":"Captions/Subtitles","mejs.captions-chapters":"Chapters","mejs.none":"None","mejs.afrikaans":"Afrikaans","mejs.albanian":"Albanian","mejs.arabic":"Arabic","mejs.belarusian":"Belarusian","mejs.bulgarian":"Bulgarian","mejs.catalan":"Catalan","mejs.chinese":"Chinese","mejs.chinese-simplified":"Chinese (Simplified)","mejs.chinese-traditional":"Chinese (Traditional)","mejs.croatian":"Croatian","mejs.czech":"Czech","mejs.danish":"Danish","mejs.dutch":"Dutch","mejs.english":"English","mejs.estonian":"Estonian","mejs.filipino":"Filipino","mejs.finnish":"Finnish","mejs.french":"French","mejs.galician":"Galician","mejs.german":"German","mejs.greek":"Greek","mejs.haitian-creole":"Haitian Creole","mejs.hebrew":"Hebrew","mejs.hindi":"Hindi","mejs.hungarian":"Hungarian","mejs.icelandic":"Icelandic","mejs.indonesian":"Indonesian","mejs.irish":"Irish","mejs.italian":"Italian","mejs.japanese":"Japanese","mejs.korean":"Korean","mejs.latvian":"Latvian","mejs.lithuanian":"Lithuanian","mejs.macedonian":"Macedonian","mejs.malay":"Malay","mejs.maltese":"Maltese","mejs.norwegian":"Norwegian","mejs.persian":"Persian","mejs.polish":"Polish","mejs.portuguese":"Portuguese","mejs.romanian":"Romanian","mejs.russian":"Russian","mejs.serbian":"Serbian","mejs.slovak":"Slovak","mejs.slovenian":"Slovenian","mejs.spanish":"Spanish","mejs.swahili":"Swahili","mejs.swedish":"Swedish","mejs.tagalog":"Tagalog","mejs.thai":"Thai","mejs.turkish":"Turkish","mejs.ukrainian":"Ukrainian","mejs.vietnamese":"Vietnamese","mejs.welsh":"Welsh","mejs.yiddish":"Yiddish"}},{}],16:[function(e,t,n){"use strict";Object.defineProperty(n,"__esModule",{value:!0}),n.config=void 0;var a="function"==typeof Symbol&&"symbol"==typeof Symbol.iterator?function(e){return typeof e}:function(e){return e&&"function"==typeof Symbol&&e.constructor===Symbol&&e!==Symbol.prototype?"symbol":typeof e},o=function(){function o(e,t){for(var n=0;n<t.length;n++){var o=t[n];o.enumerable=o.enumerable||!1,o.configurable=!0,"value"in o&&(o.writable=!0),Object.defineProperty(e,o.key,o)}}return function(e,t,n){return t&&o(e.prototype,t),n&&o(e,n),e}}(),S=r(e(3)),x=r(e(2)),f=r(e(7)),d=r(e(6)),i=r(e(17)),u=r(e(5)),w=e(25),m=e(27),c=e(30),p=e(28),P=function(e){{if(e&&e.__esModule)return e;var t={};if(null!=e)for(var n in e)Object.prototype.hasOwnProperty.call(e,n)&&(t[n]=e[n]);return t.default=e,t}}(e(26));function r(e){return e&&e.__esModule?e:{default:e}}f.default.mepIndex=0,f.default.players={};var s=n.config={poster:"",showPosterWhenEnded:!1,showPosterWhenPaused:!1,defaultVideoWidth:480,defaultVideoHeight:270,videoWidth:-1,videoHeight:-1,defaultAudioWidth:400,defaultAudioHeight:40,defaultSeekBackwardInterval:function(e){return.05*e.getDuration()},defaultSeekForwardInterval:function(e){return.05*e.getDuration()},setDimensions:!0,audioWidth:-1,audioHeight:-1,loop:!1,autoRewind:!0,enableAutosize:!0,timeFormat:"",alwaysShowHours:!1,showTimecodeFrameCount:!1,framesPerSecond:25,alwaysShowControls:!1,hideVideoControlsOnLoad:!1,hideVideoControlsOnPause:!1,clickToPlayPause:!0,controlsTimeoutDefault:1500,controlsTimeoutMouseEnter:2500,controlsTimeoutMouseLeave:1e3,iPadUseNativeControls:!1,iPhoneUseNativeControls:!1,AndroidUseNativeControls:!1,features:["playpause","current","progress","duration","tracks","volume","fullscreen"],useDefaultControls:!1,isVideo:!0,stretching:"auto",classPrefix:"mejs__",enableKeyboard:!0,pauseOtherPlayers:!0,secondsDecimalLength:0,customError:null,keyActions:[{keys:[32,179],action:function(e){w.IS_FIREFOX||(e.paused||e.ended?e.play():e.pause())}}]};f.default.MepDefaults=s;var l=function(){function r(e,t){!function(e,t){if(!(e instanceof t))throw new TypeError("Cannot call a class as a function")}(this,r);var n=this,o="string"==typeof e?x.default.getElementById(e):e;if(!(n instanceof r))return new r(o,t);if(n.node=n.media=o,n.node){if(n.media.player)return n.media.player;if(n.hasFocus=!1,n.controlsAreVisible=!0,n.controlsEnabled=!0,n.controlsTimer=null,n.currentMediaTime=0,n.proxy=null,void 0===t){var i=n.node.getAttribute("data-mejsoptions");t=i?JSON.parse(i):{}}return n.options=Object.assign({},s,t),n.options.loop&&!n.media.getAttribute("loop")?(n.media.loop=!0,n.node.loop=!0):n.media.loop&&(n.options.loop=!0),n.options.timeFormat||(n.options.timeFormat="mm:ss",n.options.alwaysShowHours&&(n.options.timeFormat="hh:mm:ss"),n.options.showTimecodeFrameCount&&(n.options.timeFormat+=":ff")),(0,c.calculateTimeFormat)(0,n.options,n.options.framesPerSecond||25),n.id="mep_"+f.default.mepIndex++,(f.default.players[n.id]=n).init(),n}}return o(r,[{key:"getElement",value:function(e){return e}},{key:"init",value:function(){var n=this,e=Object.assign({},n.options,{success:function(e,t){n._meReady(e,t)},error:function(e){n._handleError(e)}}),t=n.node.tagName.toLowerCase();if(n.isDynamic="audio"!==t&&"video"!==t&&"iframe"!==t,n.isVideo=n.isDynamic?n.options.isVideo:"audio"!==t&&n.options.isVideo,n.mediaFiles=null,n.trackFiles=null,w.IS_IPAD&&n.options.iPadUseNativeControls||w.IS_IPHONE&&n.options.iPhoneUseNativeControls)n.node.setAttribute("controls",!0),w.IS_IPAD&&n.node.getAttribute("autoplay")&&n.play();else if(!n.isVideo&&(n.isVideo||!n.options.features.length&&!n.options.useDefaultControls)||w.IS_ANDROID&&n.options.AndroidUseNativeControls)n.isVideo||n.options.features.length||n.options.useDefaultControls||(n.node.style.display="none");else{n.node.removeAttribute("controls");var o=n.isVideo?u.default.t("mejs.video-player"):u.default.t("mejs.audio-player"),i=x.default.createElement("span");if(i.className=n.options.classPrefix+"offscreen",i.innerText=o,n.media.parentNode.insertBefore(i,n.media),n.container=x.default.createElement("div"),n.getElement(n.container).id=n.id,n.getElement(n.container).className=n.options.classPrefix+"container "+n.options.classPrefix+"container-keyboard-inactive "+n.media.className,n.getElement(n.container).tabIndex=0,n.getElement(n.container).setAttribute("role","application"),n.getElement(n.container).setAttribute("aria-label",o),n.getElement(n.container).innerHTML='<div class="'+n.options.classPrefix+'inner"><div class="'+n.options.classPrefix+'mediaelement"></div><div class="'+n.options.classPrefix+'layers"></div><div class="'+n.options.classPrefix+'controls"></div></div>',n.getElement(n.container).addEventListener("focus",function(e){if(!n.controlsAreVisible&&!n.hasFocus&&n.controlsEnabled){n.showControls(!0);var t=(0,m.isNodeAfter)(e.relatedTarget,n.getElement(n.container))?"."+n.options.classPrefix+"controls ."+n.options.classPrefix+"button:last-child > button":"."+n.options.classPrefix+"playpause-button > button";n.getElement(n.container).querySelector(t).focus()}}),n.node.parentNode.insertBefore(n.getElement(n.container),n.node),n.options.features.length||n.options.useDefaultControls||(n.getElement(n.container).style.background="transparent",n.getElement(n.container).querySelector("."+n.options.classPrefix+"controls").style.display="none"),n.isVideo&&"fill"===n.options.stretching&&!P.hasClass(n.getElement(n.container).parentNode,n.options.classPrefix+"fill-container")){n.outerContainer=n.media.parentNode;var r=x.default.createElement("div");r.className=n.options.classPrefix+"fill-container",n.getElement(n.container).parentNode.insertBefore(r,n.getElement(n.container)),r.appendChild(n.getElement(n.container))}w.IS_ANDROID&&P.addClass(n.getElement(n.container),n.options.classPrefix+"android"),w.IS_IOS&&P.addClass(n.getElement(n.container),n.options.classPrefix+"ios"),w.IS_IPAD&&P.addClass(n.getElement(n.container),n.options.classPrefix+"ipad"),w.IS_IPHONE&&P.addClass(n.getElement(n.container),n.options.classPrefix+"iphone"),P.addClass(n.getElement(n.container),n.isVideo?n.options.classPrefix+"video":n.options.classPrefix+"audio"),n.getElement(n.container).querySelector("."+n.options.classPrefix+"mediaelement").appendChild(n.node),(n.media.player=n).controls=n.getElement(n.container).querySelector("."+n.options.classPrefix+"controls"),n.layers=n.getElement(n.container).querySelector("."+n.options.classPrefix+"layers");var a=n.isVideo?"video":"audio",s=a.substring(0,1).toUpperCase()+a.substring(1);0<n.options[a+"Width"]||-1<n.options[a+"Width"].toString().indexOf("%")?n.width=n.options[a+"Width"]:""!==n.node.style.width&&null!==n.node.style.width?n.width=n.node.style.width:n.node.getAttribute("width")?n.width=n.node.getAttribute("width"):n.width=n.options["default"+s+"Width"],0<n.options[a+"Height"]||-1<n.options[a+"Height"].toString().indexOf("%")?n.height=n.options[a+"Height"]:""!==n.node.style.height&&null!==n.node.style.height?n.height=n.node.style.height:n.node.getAttribute("height")?n.height=n.node.getAttribute("height"):n.height=n.options["default"+s+"Height"],n.initialAspectRatio=n.height>=n.width?n.width/n.height:n.height/n.width,n.setPlayerSize(n.width,n.height),e.pluginWidth=n.width,e.pluginHeight=n.height}if(f.default.MepDefaults=e,new d.default(n.media,e,n.mediaFiles),void 0!==n.getElement(n.container)&&n.options.features.length&&n.controlsAreVisible&&!n.options.hideVideoControlsOnLoad){var l=(0,m.createEvent)("controlsshown",n.getElement(n.container));n.getElement(n.container).dispatchEvent(l)}}},{key:"showControls",value:function(e){var i=this;if(e=void 0===e||e,!i.controlsAreVisible&&i.isVideo){if(e)!function(){P.fadeIn(i.getElement(i.controls),200,function(){P.removeClass(i.getElement(i.controls),i.options.classPrefix+"offscreen");var e=(0,m.createEvent)("controlsshown",i.getElement(i.container));i.getElement(i.container).dispatchEvent(e)});for(var n=i.getElement(i.container).querySelectorAll("."+i.options.classPrefix+"control"),e=function(e,t){P.fadeIn(n[e],200,function(){P.removeClass(n[e],i.options.classPrefix+"offscreen")})},t=0,o=n.length;t<o;t++)e(t)}();else{P.removeClass(i.getElement(i.controls),i.options.classPrefix+"offscreen"),i.getElement(i.controls).style.display="",i.getElement(i.controls).style.opacity=1;for(var t=i.getElement(i.container).querySelectorAll("."+i.options.classPrefix+"control"),n=0,o=t.length;n<o;n++)P.removeClass(t[n],i.options.classPrefix+"offscreen"),t[n].style.display="";var r=(0,m.createEvent)("controlsshown",i.getElement(i.container));i.getElement(i.container).dispatchEvent(r)}i.controlsAreVisible=!0,i.setControlsSize()}}},{key:"hideControls",value:function(e,t){var i=this;if(e=void 0===e||e,!0===t||!(!i.controlsAreVisible||i.options.alwaysShowControls||i.paused&&4===i.readyState&&(!i.options.hideVideoControlsOnLoad&&i.currentTime<=0||!i.options.hideVideoControlsOnPause&&0<i.currentTime)||i.isVideo&&!i.options.hideVideoControlsOnLoad&&!i.readyState||i.ended)){if(e)!function(){P.fadeOut(i.getElement(i.controls),200,function(){P.addClass(i.getElement(i.controls),i.options.classPrefix+"offscreen"),i.getElement(i.controls).style.display="";var e=(0,m.createEvent)("controlshidden",i.getElement(i.container));i.getElement(i.container).dispatchEvent(e)});for(var n=i.getElement(i.container).querySelectorAll("."+i.options.classPrefix+"control"),e=function(e,t){P.fadeOut(n[e],200,function(){P.addClass(n[e],i.options.classPrefix+"offscreen"),n[e].style.display=""})},t=0,o=n.length;t<o;t++)e(t)}();else{P.addClass(i.getElement(i.controls),i.options.classPrefix+"offscreen"),i.getElement(i.controls).style.display="",i.getElement(i.controls).style.opacity=0;for(var n=i.getElement(i.container).querySelectorAll("."+i.options.classPrefix+"control"),o=0,r=n.length;o<r;o++)P.addClass(n[o],i.options.classPrefix+"offscreen"),n[o].style.display="";var a=(0,m.createEvent)("controlshidden",i.getElement(i.container));i.getElement(i.container).dispatchEvent(a)}i.controlsAreVisible=!1}}},{key:"startControlsTimer",value:function(e){var t=this;e=void 0!==e?e:t.options.controlsTimeoutDefault,t.killControlsTimer("start"),t.controlsTimer=setTimeout(function(){t.hideControls(),t.killControlsTimer("hide")},e)}},{key:"killControlsTimer",value:function(){null!==this.controlsTimer&&(clearTimeout(this.controlsTimer),delete this.controlsTimer,this.controlsTimer=null)}},{key:"disableControls",value:function(){this.killControlsTimer(),this.controlsEnabled=!1,this.hideControls(!1,!0)}},{key:"enableControls",value:function(){this.controlsEnabled=!0,this.showControls(!1)}},{key:"_setDefaultPlayer",value:function(){var e=this;e.proxy&&e.proxy.pause(),e.proxy=new i.default(e),e.media.addEventListener("loadedmetadata",function(){0<e.getCurrentTime()&&0<e.currentMediaTime&&(e.setCurrentTime(e.currentMediaTime),w.IS_IOS||w.IS_ANDROID||e.play())})}},{key:"_meReady",value:function(e,t){var n=this,o=t.getAttribute("autoplay"),i=!(null==o||"false"===o),r=null!==e.rendererName&&/(native|html5)/i.test(e.rendererName);if(n.getElement(n.controls)&&n.enableControls(),n.getElement(n.container)&&n.getElement(n.container).querySelector("."+n.options.classPrefix+"overlay-play")&&(n.getElement(n.container).querySelector("."+n.options.classPrefix+"overlay-play").style.display=""),!n.created){if(n.created=!0,n.media=e,n.domNode=t,!(w.IS_ANDROID&&n.options.AndroidUseNativeControls||w.IS_IPAD&&n.options.iPadUseNativeControls||w.IS_IPHONE&&n.options.iPhoneUseNativeControls)){if(!n.isVideo&&!n.options.features.length&&!n.options.useDefaultControls)return i&&r&&n.play(),void(n.options.success&&("string"==typeof n.options.success?S.default[n.options.success](n.media,n.domNode,n):n.options.success(n.media,n.domNode,n)));if(n.featurePosition={},n._setDefaultPlayer(),n.buildposter(n,n.getElement(n.controls),n.getElement(n.layers),n.media),n.buildkeyboard(n,n.getElement(n.controls),n.getElement(n.layers),n.media),n.buildoverlays(n,n.getElement(n.controls),n.getElement(n.layers),n.media),n.options.useDefaultControls){var a=["playpause","current","progress","duration","tracks","volume","fullscreen"];n.options.features=a.concat(n.options.features.filter(function(e){return-1===a.indexOf(e)}))}n.buildfeatures(n,n.getElement(n.controls),n.getElement(n.layers),n.media);var s=(0,m.createEvent)("controlsready",n.getElement(n.container));n.getElement(n.container).dispatchEvent(s),n.setPlayerSize(n.width,n.height),n.setControlsSize(),n.isVideo&&(n.clickToPlayPauseCallback=function(){if(n.options.clickToPlayPause){var e=n.getElement(n.container).querySelector("."+n.options.classPrefix+"overlay-button"),t=e.getAttribute("aria-pressed");n.paused&&t?n.pause():n.paused?n.play():n.pause(),e.setAttribute("aria-pressed",!t),n.getElement(n.container).focus()}},n.createIframeLayer(),n.media.addEventListener("click",n.clickToPlayPauseCallback),!w.IS_ANDROID&&!w.IS_IOS||n.options.alwaysShowControls?(n.getElement(n.container).addEventListener("mouseenter",function(){n.controlsEnabled&&(n.options.alwaysShowControls||(n.killControlsTimer("enter"),n.showControls(),n.startControlsTimer(n.options.controlsTimeoutMouseEnter)))}),n.getElement(n.container).addEventListener("mousemove",function(){n.controlsEnabled&&(n.controlsAreVisible||n.showControls(),n.options.alwaysShowControls||n.startControlsTimer(n.options.controlsTimeoutMouseEnter))}),n.getElement(n.container).addEventListener("mouseleave",function(){n.controlsEnabled&&(n.paused||n.options.alwaysShowControls||n.startControlsTimer(n.options.controlsTimeoutMouseLeave))})):n.node.addEventListener("touchstart",function(){n.controlsAreVisible?n.hideControls(!1):n.controlsEnabled&&n.showControls(!1)},!!w.SUPPORT_PASSIVE_EVENT&&{passive:!0}),n.options.hideVideoControlsOnLoad&&n.hideControls(!1),n.options.enableAutosize&&n.media.addEventListener("loadedmetadata",function(e){var t=void 0!==e?e.detail.target||e.target:n.media;n.options.videoHeight<=0&&!n.domNode.getAttribute("height")&&!n.domNode.style.height&&null!==t&&!isNaN(t.videoHeight)&&(n.setPlayerSize(t.videoWidth,t.videoHeight),n.setControlsSize(),n.media.setSize(t.videoWidth,t.videoHeight))})),n.media.addEventListener("play",function(){for(var e in n.hasFocus=!0,f.default.players)if(f.default.players.hasOwnProperty(e)){var t=f.default.players[e];t.id===n.id||!n.options.pauseOtherPlayers||t.paused||t.ended||!0===t.options.ignorePauseOtherPlayersOption||(t.pause(),t.hasFocus=!1)}w.IS_ANDROID||w.IS_IOS||n.options.alwaysShowControls||!n.isVideo||n.hideControls()}),n.media.addEventListener("ended",function(){if(n.options.autoRewind)try{n.setCurrentTime(0),setTimeout(function(){var e=n.getElement(n.container).querySelector("."+n.options.classPrefix+"overlay-loading");e&&e.parentNode&&(e.parentNode.style.display="none")},20)}catch(e){}"function"==typeof n.media.renderer.stop?n.media.renderer.stop():n.pause(),n.setProgressRail&&n.setProgressRail(),n.setCurrentRail&&n.setCurrentRail(),n.options.loop?n.play():!n.options.alwaysShowControls&&n.controlsEnabled&&n.showControls()}),n.media.addEventListener("loadedmetadata",function(){(0,c.calculateTimeFormat)(n.getDuration(),n.options,n.options.framesPerSecond||25),n.updateDuration&&n.updateDuration(),n.updateCurrent&&n.updateCurrent(),n.isFullScreen||(n.setPlayerSize(n.width,n.height),n.setControlsSize())});var l=null;n.media.addEventListener("timeupdate",function(){isNaN(n.getDuration())||l===n.getDuration()||(l=n.getDuration(),(0,c.calculateTimeFormat)(l,n.options,n.options.framesPerSecond||25),n.updateDuration&&n.updateDuration(),n.updateCurrent&&n.updateCurrent(),n.setControlsSize())}),n.getElement(n.container).addEventListener("click",function(e){P.addClass(e.currentTarget,n.options.classPrefix+"container-keyboard-inactive")}),n.getElement(n.container).addEventListener("focusin",function(e){P.removeClass(e.currentTarget,n.options.classPrefix+"container-keyboard-inactive"),!n.isVideo||w.IS_ANDROID||w.IS_IOS||!n.controlsEnabled||n.options.alwaysShowControls||(n.killControlsTimer("enter"),n.showControls(),n.startControlsTimer(n.options.controlsTimeoutMouseEnter))}),n.getElement(n.container).addEventListener("focusout",function(e){setTimeout(function(){e.relatedTarget&&n.keyboardAction&&!e.relatedTarget.closest("."+n.options.classPrefix+"container")&&(n.keyboardAction=!1,!n.isVideo||n.options.alwaysShowControls||n.paused||n.startControlsTimer(n.options.controlsTimeoutMouseLeave))},0)}),setTimeout(function(){n.setPlayerSize(n.width,n.height),n.setControlsSize()},0),n.globalResizeCallback=function(){n.isFullScreen||w.HAS_TRUE_NATIVE_FULLSCREEN&&x.default.webkitIsFullScreen||n.setPlayerSize(n.width,n.height),n.setControlsSize()},n.globalBind("resize",n.globalResizeCallback)}i&&r&&n.play(),n.options.success&&("string"==typeof n.options.success?S.default[n.options.success](n.media,n.domNode,n):n.options.success(n.media,n.domNode,n))}}},{key:"_handleError",value:function(e,t,n){var o=this,i=o.getElement(o.layers).querySelector("."+o.options.classPrefix+"overlay-play");i&&(i.style.display="none"),o.options.error&&o.options.error(e,t,n),o.getElement(o.container).querySelector("."+o.options.classPrefix+"cannotplay")&&o.getElement(o.container).querySelector("."+o.options.classPrefix+"cannotplay").remove();var r=x.default.createElement("div");r.className=o.options.classPrefix+"cannotplay",r.style.width="100%",r.style.height="100%";var a="function"==typeof o.options.customError?o.options.customError(o.media,o.media.originalNode):o.options.customError,s="";if(!a){var l=o.media.originalNode.getAttribute("poster");if(l&&(s='<img src="'+l+'" alt="'+f.default.i18n.t("mejs.download-file")+'">'),e.message&&(a="<p>"+e.message+"</p>"),e.urls)for(var d=0,u=e.urls.length;d<u;d++){var c=e.urls[d];a+='<a href="'+c.src+'" data-type="'+c.type+'"><span>'+f.default.i18n.t("mejs.download-file")+": "+c.src+"</span></a>"}}a&&o.getElement(o.layers).querySelector("."+o.options.classPrefix+"overlay-error")&&(r.innerHTML=a,o.getElement(o.layers).querySelector("."+o.options.classPrefix+"overlay-error").innerHTML=""+s+r.outerHTML,o.getElement(o.layers).querySelector("."+o.options.classPrefix+"overlay-error").parentNode.style.display="block"),o.controlsEnabled&&o.disableControls()}},{key:"setPlayerSize",value:function(e,t){var n=this;if(!n.options.setDimensions)return!1;switch(void 0!==e&&(n.width=e),void 0!==t&&(n.height=t),n.options.stretching){case"fill":n.isVideo?n.setFillMode():n.setDimensions(n.width,n.height);break;case"responsive":n.setResponsiveMode();break;case"none":n.setDimensions(n.width,n.height);break;default:!0===n.hasFluidMode()?n.setResponsiveMode():n.setDimensions(n.width,n.height)}}},{key:"hasFluidMode",value:function(){var e=this;return-1!==e.height.toString().indexOf("%")||e.node&&e.node.style.maxWidth&&"none"!==e.node.style.maxWidth&&e.node.style.maxWidth!==e.width||e.node&&e.node.currentStyle&&"100%"===e.node.currentStyle.maxWidth}},{key:"setResponsiveMode",value:function(){var o=this,e=function(){for(var t=void 0,n=o.getElement(o.container);n;){try{if(w.IS_FIREFOX&&"html"===n.tagName.toLowerCase()&&S.default.self!==S.default.top&&null!==S.default.frameElement)return S.default.frameElement;t=n.parentElement}catch(e){t=n.parentElement}if(t&&P.visible(t))return t;n=t}return null}(),t=e?getComputedStyle(e,null):getComputedStyle(x.default.body,null),n=o.isVideo?o.node.videoWidth&&0<o.node.videoWidth?o.node.videoWidth:o.node.getAttribute("width")?o.node.getAttribute("width"):o.options.defaultVideoWidth:o.options.defaultAudioWidth,i=o.isVideo?o.node.videoHeight&&0<o.node.videoHeight?o.node.videoHeight:o.node.getAttribute("height")?o.node.getAttribute("height"):o.options.defaultVideoHeight:o.options.defaultAudioHeight,r=function(){if(!o.options.enableAutosize)return o.initialAspectRatio;var e=1;return o.isVideo&&(e=o.node.videoWidth&&0<o.node.videoWidth&&o.node.videoHeight&&0<o.node.videoHeight?o.height>=o.width?o.node.videoWidth/o.node.videoHeight:o.node.videoHeight/o.node.videoWidth:o.initialAspectRatio,(isNaN(e)||e<.01||100<e)&&(e=1)),e}(),a=parseFloat(t.height),s=void 0,l=parseFloat(t.width);if(s=o.isVideo?"100%"===o.height?parseFloat(l*i/n,10):o.height>=o.width?parseFloat(l/r,10):parseFloat(l*r,10):i,isNaN(s)&&(s=a),0<o.getElement(o.container).parentNode.length&&"body"===o.getElement(o.container).parentNode.tagName.toLowerCase()&&(l=S.default.innerWidth||x.default.documentElement.clientWidth||x.default.body.clientWidth,s=S.default.innerHeight||x.default.documentElement.clientHeight||x.default.body.clientHeight),s&&l){o.getElement(o.container).style.width=l+"px",o.getElement(o.container).style.height=s+"px",o.node.style.width="100%",o.node.style.height="100%",o.isVideo&&o.media.setSize&&o.media.setSize(l,s);for(var d=o.getElement(o.layers).children,u=0,c=d.length;u<c;u++)d[u].style.width="100%",d[u].style.height="100%"}}},{key:"setFillMode",value:function(){var e=this,t=S.default.self!==S.default.top&&null!==S.default.frameElement,n=function(){for(var t=void 0,n=e.getElement(e.container);n;){try{if(w.IS_FIREFOX&&"html"===n.tagName.toLowerCase()&&S.default.self!==S.default.top&&null!==S.default.frameElement)return S.default.frameElement;t=n.parentElement}catch(e){t=n.parentElement}if(t&&P.visible(t))return t;n=t}return null}(),o=n?getComputedStyle(n,null):getComputedStyle(x.default.body,null);"none"!==e.node.style.height&&e.node.style.height!==e.height&&(e.node.style.height="auto"),"none"!==e.node.style.maxWidth&&e.node.style.maxWidth!==e.width&&(e.node.style.maxWidth="none"),"none"!==e.node.style.maxHeight&&e.node.style.maxHeight!==e.height&&(e.node.style.maxHeight="none"),e.node.currentStyle&&("100%"===e.node.currentStyle.height&&(e.node.currentStyle.height="auto"),"100%"===e.node.currentStyle.maxWidth&&(e.node.currentStyle.maxWidth="none"),"100%"===e.node.currentStyle.maxHeight&&(e.node.currentStyle.maxHeight="none")),t||parseFloat(o.width)||(n.style.width=e.media.offsetWidth+"px"),t||parseFloat(o.height)||(n.style.height=e.media.offsetHeight+"px"),o=getComputedStyle(n);var i=parseFloat(o.width),r=parseFloat(o.height);e.setDimensions("100%","100%");var a=e.getElement(e.container).querySelector("."+e.options.classPrefix+"poster>img");a&&(a.style.display="");for(var s=e.getElement(e.container).querySelectorAll("object, embed, iframe, video"),l=e.height,d=e.width,u=i,c=l*i/d,f=d*r/l,p=r,m=i<f==!1,h=m?Math.floor(u):Math.floor(f),v=m?Math.floor(c):Math.floor(p),g=m?i+"px":h+"px",y=m?v+"px":r+"px",E=0,b=s.length;E<b;E++)s[E].style.height=y,s[E].style.width=g,e.media.setSize&&e.media.setSize(g,y),s[E].style.marginLeft=Math.floor((i-h)/2)+"px",s[E].style.marginTop=0}},{key:"setDimensions",value:function(e,t){var n=this;e=(0,m.isString)(e)&&-1<e.indexOf("%")?e:parseFloat(e)+"px",t=(0,m.isString)(t)&&-1<t.indexOf("%")?t:parseFloat(t)+"px",n.getElement(n.container).style.width=e,n.getElement(n.container).style.height=t;for(var o=n.getElement(n.layers).children,i=0,r=o.length;i<r;i++)o[i].style.width=e,o[i].style.height=t}},{key:"setControlsSize",value:function(){var t=this;if(P.visible(t.getElement(t.container)))if(t.rail&&P.visible(t.rail)){for(var e=t.total?getComputedStyle(t.total,null):null,n=e?parseFloat(e.marginLeft)+parseFloat(e.marginRight):0,o=getComputedStyle(t.rail),i=parseFloat(o.marginLeft)+parseFloat(o.marginRight),r=0,a=P.siblings(t.rail,function(e){return e!==t.rail}),s=a.length,l=0;l<s;l++)r+=a[l].offsetWidth;r+=n+(0===n?2*i:i)+1,t.getElement(t.container).style.minWidth=r+"px";var d=(0,m.createEvent)("controlsresize",t.getElement(t.container));t.getElement(t.container).dispatchEvent(d)}else{for(var u=t.getElement(t.controls).children,c=0,f=0,p=u.length;f<p;f++)c+=u[f].offsetWidth;t.getElement(t.container).style.minWidth=c+"px"}}},{key:"addControlElement",value:function(e,t){var n=this;if(void 0!==n.featurePosition[t]){var o=n.getElement(n.controls).children[n.featurePosition[t]-1];o.parentNode.insertBefore(e,o.nextSibling)}else{n.getElement(n.controls).appendChild(e);for(var i=n.getElement(n.controls).children,r=0,a=i.length;r<a;r++)if(e===i[r]){n.featurePosition[t]=r;break}}}},{key:"createIframeLayer",value:function(){var t=this;if(t.isVideo&&null!==t.media.rendererName&&-1<t.media.rendererName.indexOf("iframe")&&!x.default.getElementById(t.media.id+"-iframe-overlay")){var e=x.default.createElement("div"),n=x.default.getElementById(t.media.id+"_"+t.media.rendererName);e.id=t.media.id+"-iframe-overlay",e.className=t.options.classPrefix+"iframe-overlay",e.addEventListener("click",function(e){t.options.clickToPlayPause&&(t.paused?t.play():t.pause(),e.preventDefault(),e.stopPropagation())}),n.parentNode.insertBefore(e,n)}}},{key:"resetSize",value:function(){var e=this;setTimeout(function(){e.setPlayerSize(e.width,e.height),e.setControlsSize()},50)}},{key:"setPoster",value:function(e){var t=this;if(t.getElement(t.container)){var n=t.getElement(t.container).querySelector("."+t.options.classPrefix+"poster");n||((n=x.default.createElement("div")).className=t.options.classPrefix+"poster "+t.options.classPrefix+"layer",t.getElement(t.layers).appendChild(n));var o=n.querySelector("img");!o&&e&&((o=x.default.createElement("img")).className=t.options.classPrefix+"poster-img",o.width="100%",o.height="100%",n.style.display="",n.appendChild(o)),e?(o.setAttribute("src",e),n.style.backgroundImage='url("'+e+'")',n.style.display=""):o?(n.style.backgroundImage="none",n.style.display="none",o.remove()):n.style.display="none"}else(w.IS_IPAD&&t.options.iPadUseNativeControls||w.IS_IPHONE&&t.options.iPhoneUseNativeControls||w.IS_ANDROID&&t.options.AndroidUseNativeControls)&&(t.media.originalNode.poster=e)}},{key:"changeSkin",value:function(e){var t=this;t.getElement(t.container).className=t.options.classPrefix+"container "+e,t.setPlayerSize(t.width,t.height),t.setControlsSize()}},{key:"globalBind",value:function(e,n){var o=this.node?this.node.ownerDocument:x.default;if((e=(0,m.splitEvents)(e,this.id)).d)for(var t=e.d.split(" "),i=0,r=t.length;i<r;i++)t[i].split(".").reduce(function(e,t){return o.addEventListener(t,n,!1),t},"");if(e.w)for(var a=e.w.split(" "),s=0,l=a.length;s<l;s++)a[s].split(".").reduce(function(e,t){return S.default.addEventListener(t,n,!1),t},"")}},{key:"globalUnbind",value:function(e,n){var o=this.node?this.node.ownerDocument:x.default;if((e=(0,m.splitEvents)(e,this.id)).d)for(var t=e.d.split(" "),i=0,r=t.length;i<r;i++)t[i].split(".").reduce(function(e,t){return o.removeEventListener(t,n,!1),t},"");if(e.w)for(var a=e.w.split(" "),s=0,l=a.length;s<l;s++)a[s].split(".").reduce(function(e,t){return S.default.removeEventListener(t,n,!1),t},"")}},{key:"buildfeatures",value:function(e,t,n,o){for(var i=0,r=this.options.features.length;i<r;i++){var a=this.options.features[i];if(this["build"+a])try{this["build"+a](e,t,n,o)}catch(e){console.error("error building "+a,e)}}}},{key:"buildposter",value:function(e,t,n,o){var i=this,r=x.default.createElement("div");r.className=i.options.classPrefix+"poster "+i.options.classPrefix+"layer",n.appendChild(r);var a=o.originalNode.getAttribute("poster");""!==e.options.poster&&(a&&w.IS_IOS&&o.originalNode.removeAttribute("poster"),a=e.options.poster),a?i.setPoster(a):null!==i.media.renderer&&"function"==typeof i.media.renderer.getPosterUrl?i.setPoster(i.media.renderer.getPosterUrl()):r.style.display="none",o.addEventListener("play",function(){r.style.display="none"}),o.addEventListener("playing",function(){r.style.display="none"}),e.options.showPosterWhenEnded&&e.options.autoRewind&&o.addEventListener("ended",function(){r.style.display=""}),o.addEventListener("error",function(){r.style.display="none"}),e.options.showPosterWhenPaused&&o.addEventListener("pause",function(){e.ended||(r.style.display="")})}},{key:"buildoverlays",value:function(t,e,n,o){if(t.isVideo){var i=this,r=x.default.createElement("div"),a=x.default.createElement("div"),s=x.default.createElement("div");r.style.display="none",r.className=i.options.classPrefix+"overlay "+i.options.classPrefix+"layer",r.innerHTML='<div class="'+i.options.classPrefix+'overlay-loading"><span class="'+i.options.classPrefix+'overlay-loading-bg-img"></span></div>',n.appendChild(r),a.style.display="none",a.className=i.options.classPrefix+"overlay "+i.options.classPrefix+"layer",a.innerHTML='<div class="'+i.options.classPrefix+'overlay-error"></div>',n.appendChild(a),s.className=i.options.classPrefix+"overlay "+i.options.classPrefix+"layer "+i.options.classPrefix+"overlay-play",s.innerHTML='<div class="'+i.options.classPrefix+'overlay-button" role="button" tabindex="0" aria-label="'+u.default.t("mejs.play")+'" aria-pressed="false"></div>',s.addEventListener("click",function(){if(i.options.clickToPlayPause){var e=i.getElement(i.container).querySelector("."+i.options.classPrefix+"overlay-button"),t=e.getAttribute("aria-pressed");i.paused?i.play():i.pause(),e.setAttribute("aria-pressed",!!t),i.getElement(i.container).focus()}}),s.addEventListener("keydown",function(e){var t=e.keyCode||e.which||0;if(13===t||w.IS_FIREFOX&&32===t){var n=(0,m.createEvent)("click",s);return s.dispatchEvent(n),!1}}),n.appendChild(s),null!==i.media.rendererName&&(/(youtube|facebook)/i.test(i.media.rendererName)&&!(i.media.originalNode.getAttribute("poster")||t.options.poster||"function"==typeof i.media.renderer.getPosterUrl&&i.media.renderer.getPosterUrl())||w.IS_STOCK_ANDROID||i.media.originalNode.getAttribute("autoplay"))&&(s.style.display="none");var l=!1;o.addEventListener("play",function(){s.style.display="none",r.style.display="none",a.style.display="none",l=!1}),o.addEventListener("playing",function(){s.style.display="none",r.style.display="none",a.style.display="none",l=!1}),o.addEventListener("seeking",function(){s.style.display="none",r.style.display="",l=!1}),o.addEventListener("seeked",function(){s.style.display=i.paused&&!w.IS_STOCK_ANDROID?"":"none",r.style.display="none",l=!1}),o.addEventListener("pause",function(){r.style.display="none",w.IS_STOCK_ANDROID||l||(s.style.display=""),l=!1}),o.addEventListener("waiting",function(){r.style.display="",l=!1}),o.addEventListener("loadeddata",function(){r.style.display="",w.IS_ANDROID&&(o.canplayTimeout=setTimeout(function(){if(x.default.createEvent){var e=x.default.createEvent("HTMLEvents");return e.initEvent("canplay",!0,!0),o.dispatchEvent(e)}},300)),l=!1}),o.addEventListener("canplay",function(){r.style.display="none",clearTimeout(o.canplayTimeout),l=!1}),o.addEventListener("error",function(e){i._handleError(e,i.media,i.node),r.style.display="none",s.style.display="none",l=!0}),o.addEventListener("loadedmetadata",function(){i.controlsEnabled||i.enableControls()}),o.addEventListener("keydown",function(e){i.onkeydown(t,o,e),l=!1})}}},{key:"buildkeyboard",value:function(o,e,t,i){var r=this;r.getElement(r.container).addEventListener("keydown",function(){r.keyboardAction=!0}),r.globalKeydownCallback=function(e){var t=x.default.activeElement.closest("."+r.options.classPrefix+"container"),n=r.media.closest("."+r.options.classPrefix+"container");return r.hasFocus=!(!t||!n||t.id!==n.id),r.onkeydown(o,i,e)},r.globalClickCallback=function(e){r.hasFocus=!!e.target.closest("."+r.options.classPrefix+"container")},r.globalBind("keydown",r.globalKeydownCallback),r.globalBind("click",r.globalClickCallback)}},{key:"onkeydown",value:function(e,t,n){if(e.hasFocus&&e.options.enableKeyboard)for(var o=0,i=e.options.keyActions.length;o<i;o++)for(var r=e.options.keyActions[o],a=0,s=r.keys.length;a<s;a++)if(n.keyCode===r.keys[a])return r.action(e,t,n.keyCode,n),n.preventDefault(),void n.stopPropagation();return!0}},{key:"play",value:function(){this.proxy.play()}},{key:"pause",value:function(){this.proxy.pause()}},{key:"load",value:function(){this.proxy.load()}},{key:"setCurrentTime",value:function(e){this.proxy.setCurrentTime(e)}},{key:"getCurrentTime",value:function(){return this.proxy.currentTime}},{key:"getDuration",value:function(){return this.proxy.duration}},{key:"setVolume",value:function(e){this.proxy.volume=e}},{key:"getVolume",value:function(){return this.proxy.getVolume()}},{key:"setMuted",value:function(e){this.proxy.setMuted(e)}},{key:"setSrc",value:function(e){this.controlsEnabled||this.enableControls(),this.proxy.setSrc(e)}},{key:"getSrc",value:function(){return this.proxy.getSrc()}},{key:"canPlayType",value:function(e){return this.proxy.canPlayType(e)}},{key:"remove",value:function(){var l=this,d=l.media.rendererName,u=l.media.originalNode.src;for(var e in l.options.features){var t=l.options.features[e];if(l["clean"+t])try{l["clean"+t](l,l.getElement(l.layers),l.getElement(l.controls),l.media)}catch(e){console.error("error cleaning "+t,e)}}var n=l.node.getAttribute("width"),o=l.node.getAttribute("height");if(n?-1===n.indexOf("%")&&(n+="px"):n="auto",o?-1===o.indexOf("%")&&(o+="px"):o="auto",l.node.style.width=n,l.node.style.height=o,l.setPlayerSize(0,0),l.isDynamic?l.getElement(l.container).parentNode.insertBefore(l.node,l.getElement(l.container)):function(){l.node.setAttribute("controls",!0),l.node.setAttribute("id",l.node.getAttribute("id").replace("_"+d,"").replace("_from_mejs",""));var e=l.getElement(l.container).querySelector("."+l.options.classPrefix+"poster>img");(e&&l.node.setAttribute("poster",e.src),delete l.node.autoplay,l.node.setAttribute("src",""),""!==l.media.canPlayType((0,p.getTypeFromFile)(u))&&l.node.setAttribute("src",u),d&&-1<d.indexOf("iframe"))&&x.default.getElementById(l.media.id+"-iframe-overlay").remove();var i=l.node.cloneNode();if(i.style.display="",l.getElement(l.container).parentNode.insertBefore(i,l.getElement(l.container)),l.node.remove(),l.mediaFiles)for(var t=0,n=l.mediaFiles.length;t<n;t++){var o=x.default.createElement("source");o.setAttribute("src",l.mediaFiles[t].src),o.setAttribute("type",l.mediaFiles[t].type),i.appendChild(o)}if(l.trackFiles)for(var r=function(e,t){var n=l.trackFiles[e],o=x.default.createElement("track");o.kind=n.kind,o.label=n.label,o.srclang=n.srclang,o.src=n.src,i.appendChild(o),o.addEventListener("load",function(){this.mode="showing",i.textTracks[e].mode="showing"})},a=0,s=l.trackFiles.length;a<s;a++)r(a);delete l.node,delete l.mediaFiles,delete l.trackFiles}(),l.media.renderer&&"function"==typeof l.media.renderer.destroy&&l.media.renderer.destroy(),delete f.default.players[l.id],"object"===a(l.getElement(l.container))){var i=l.getElement(l.container).parentNode.querySelector("."+l.options.classPrefix+"offscreen");i&&i.remove(),l.getElement(l.container).remove()}l.globalUnbind("resize",l.globalResizeCallback),l.globalUnbind("keydown",l.globalKeydownCallback),l.globalUnbind("click",l.globalClickCallback),delete l.media.player}},{key:"paused",get:function(){return this.proxy.paused}},{key:"muted",get:function(){return this.proxy.muted},set:function(e){this.setMuted(e)}},{key:"ended",get:function(){return this.proxy.ended}},{key:"readyState",get:function(){return this.proxy.readyState}},{key:"currentTime",set:function(e){this.setCurrentTime(e)},get:function(){return this.getCurrentTime()}},{key:"duration",get:function(){return this.getDuration()}},{key:"volume",set:function(e){this.setVolume(e)},get:function(){return this.getVolume()}},{key:"src",set:function(e){this.setSrc(e)},get:function(){return this.getSrc()}}]),r}();S.default.MediaElementPlayer=l,f.default.MediaElementPlayer=l,n.default=l},{17:17,2:2,25:25,26:26,27:27,28:28,3:3,30:30,5:5,6:6,7:7}],17:[function(e,t,n){"use strict";Object.defineProperty(n,"__esModule",{value:!0});var o,i=function(){function o(e,t){for(var n=0;n<t.length;n++){var o=t[n];o.enumerable=o.enumerable||!1,o.configurable=!0,"value"in o&&(o.writable=!0),Object.defineProperty(e,o.key,o)}}return function(e,t,n){return t&&o(e.prototype,t),n&&o(e,n),e}}(),r=e(3),a=(o=r)&&o.__esModule?o:{default:o};var s=function(){function e(t){return function(e,t){if(!(e instanceof t))throw new TypeError("Cannot call a class as a function")}(this,e),this.media=t.media,this.isVideo=t.isVideo,this.classPrefix=t.options.classPrefix,this.createIframeLayer=function(){return t.createIframeLayer()},this.setPoster=function(e){return t.setPoster(e)},this}return i(e,[{key:"play",value:function(){this.media.play()}},{key:"pause",value:function(){this.media.pause()}},{key:"load",value:function(){this.isLoaded||this.media.load(),this.isLoaded=!0}},{key:"setCurrentTime",value:function(e){this.media.setCurrentTime(e)}},{key:"getCurrentTime",value:function(){return this.media.currentTime}},{key:"getDuration",value:function(){var e=this.media.getDuration();return e===1/0&&this.media.seekable&&this.media.seekable.length&&(e=this.media.seekable.end(0)),e}},{key:"setVolume",value:function(e){this.media.setVolume(e)}},{key:"getVolume",value:function(){return this.media.getVolume()}},{key:"setMuted",value:function(e){this.media.setMuted(e)}},{key:"setSrc",value:function(e){var t=this,n=document.getElementById(t.media.id+"-iframe-overlay");n&&n.remove(),t.media.setSrc(e),t.createIframeLayer(),null!==t.media.renderer&&"function"==typeof t.media.renderer.getPosterUrl&&t.setPoster(t.media.renderer.getPosterUrl())}},{key:"getSrc",value:function(){return this.media.getSrc()}},{key:"canPlayType",value:function(e){return this.media.canPlayType(e)}},{key:"paused",get:function(){return this.media.paused}},{key:"muted",set:function(e){this.setMuted(e)},get:function(){return this.media.muted}},{key:"ended",get:function(){return this.media.ended}},{key:"readyState",get:function(){return this.media.readyState}},{key:"currentTime",set:function(e){this.setCurrentTime(e)},get:function(){return this.getCurrentTime()}},{key:"duration",get:function(){return this.getDuration()}},{key:"remainingTime",get:function(){return this.getDuration()-this.currentTime()}},{key:"volume",set:function(e){this.setVolume(e)},get:function(){return this.getVolume()}},{key:"src",set:function(e){this.setSrc(e)},get:function(){return this.getSrc()}}]),e}();n.default=s,a.default.DefaultPlayer=s},{3:3}],18:[function(e,t,n){"use strict";a(e(3));var o,i=a(e(7)),r=a(e(16));function a(e){return e&&e.__esModule?e:{default:e}}"undefined"!=typeof jQuery?i.default.$=jQuery:"undefined"!=typeof Zepto?i.default.$=Zepto:"undefined"!=typeof ender&&(i.default.$=ender),void 0!==(o=i.default.$)&&(o.fn.mediaelementplayer=function(e){return!1===e?this.each(function(){var e=o(this).data("mediaelementplayer");e&&e.remove(),o(this).removeData("mediaelementplayer")}):this.each(function(){o(this).data("mediaelementplayer",new r.default(this,e))}),this},o(document).ready(function(){o("."+i.default.MepDefaults.classPrefix+"player").mediaelementplayer()}))},{16:16,3:3,7:7}],19:[function(e,t,n){"use strict";var b="function"==typeof Symbol&&"symbol"==typeof Symbol.iterator?function(e){return typeof e}:function(e){return e&&"function"==typeof Symbol&&e.constructor===Symbol&&e!==Symbol.prototype?"symbol":typeof e},S=a(e(3)),x=a(e(7)),w=e(8),P=e(27),o=e(28),i=e(25),r=e(26);function a(e){return e&&e.__esModule?e:{default:e}}var T={promise:null,load:function(e){return"undefined"!=typeof dashjs?T.promise=new Promise(function(e){e()}).then(function(){T._createPlayer(e)}):(e.options.path="string"==typeof e.options.path?e.options.path:"https://cdn.dashjs.org/latest/dash.all.min.js",T.promise=T.promise||(0,r.loadScript)(e.options.path),T.promise.then(function(){T._createPlayer(e)})),T.promise},_createPlayer:function(e){var t=dashjs.MediaPlayer().create();return S.default["__ready__"+e.id](t),t}},s={name:"native_dash",options:{prefix:"native_dash",dash:{path:"https://cdn.dashjs.org/latest/dash.all.min.js",debug:!1,drm:{},robustnessLevel:""}},canPlayType:function(e){return i.HAS_MSE&&-1<["application/dash+xml"].indexOf(e.toLowerCase())},create:function(s,l,e){var t=s.originalNode,r=s.id+"_"+l.prefix,a=t.autoplay,n=t.children,d=null,u=null;t.removeAttribute("type");for(var o=0,i=n.length;o<i;o++)n[o].removeAttribute("type");d=t.cloneNode(!0),l=Object.assign(l,s.options);for(var c=x.default.html5media.properties,f=x.default.html5media.events.concat(["click","mouseover","mouseout"]).filter(function(e){return"error"!==e}),p=function(e){var t=(0,P.createEvent)(e.type,s);s.dispatchEvent(t)},m=function(i){var e=""+i.substring(0,1).toUpperCase()+i.substring(1);d["get"+e]=function(){return null!==u?d[i]:null},d["set"+e]=function(e){if(-1===x.default.html5media.readOnlyProperties.indexOf(i))if("src"===i){var t="object"===(void 0===e?"undefined":b(e))&&e.src?e.src:e;if(d[i]=t,null!==u){u.reset();for(var n=0,o=f.length;n<o;n++)d.removeEventListener(f[n],p);u=T._createPlayer({options:l.dash,id:r}),e&&"object"===(void 0===e?"undefined":b(e))&&"object"===b(e.drm)&&(u.setProtectionData(e.drm),(0,P.isString)(l.dash.robustnessLevel)&&l.dash.robustnessLevel&&u.getProtectionController().setRobustnessLevel(l.dash.robustnessLevel)),u.attachSource(t),a&&u.play()}}else d[i]=e}},h=0,v=c.length;h<v;h++)m(c[h]);if(S.default["__ready__"+r]=function(e){s.dashPlayer=u=e;for(var t,n=dashjs.MediaPlayer.events,o=0,i=f.length;o<i;o++)"loadedmetadata"===(t=f[o])&&(u.initialize(),u.attachView(d),u.setAutoPlay(!1),"object"!==b(l.dash.drm)||x.default.Utils.isObjectEmpty(l.dash.drm)||(u.setProtectionData(l.dash.drm),(0,P.isString)(l.dash.robustnessLevel)&&l.dash.robustnessLevel&&u.getProtectionController().setRobustnessLevel(l.dash.robustnessLevel)),u.attachSource(d.getSrc())),d.addEventListener(t,p);var r=function(e){if("error"===e.type.toLowerCase())s.generateError(e.message,d.src),console.error(e);else{var t=(0,P.createEvent)(e.type,s);t.data=e,s.dispatchEvent(t)}};for(var a in n)n.hasOwnProperty(a)&&u.on(n[a],function(e){return r(e)})},e&&0<e.length)for(var g=0,y=e.length;g<y;g++)if(w.renderer.renderers[l.prefix].canPlayType(e[g].type)){d.setAttribute("src",e[g].src),void 0!==e[g].drm&&(l.dash.drm=e[g].drm);break}d.setAttribute("id",r),t.parentNode.insertBefore(d,t),t.autoplay=!1,t.style.display="none",d.setSize=function(e,t){return d.style.width=e+"px",d.style.height=t+"px",d},d.hide=function(){return d.pause(),d.style.display="none",d},d.show=function(){return d.style.display="",d},d.destroy=function(){null!==u&&u.reset()};var E=(0,P.createEvent)("rendererready",d);return s.dispatchEvent(E),s.promises.push(T.load({options:l.dash,id:r})),d}};o.typeChecks.push(function(e){return~e.toLowerCase().indexOf(".mpd")?"application/dash+xml":null}),w.renderer.add(s)},{25:25,26:26,27:27,28:28,3:3,7:7,8:8}],20:[function(e,t,n){"use strict";Object.defineProperty(n,"__esModule",{value:!0}),n.PluginDetector=void 0;var d="function"==typeof Symbol&&"symbol"==typeof Symbol.iterator?function(e){return typeof e}:function(e){return e&&"function"==typeof Symbol&&e.constructor===Symbol&&e!==Symbol.prototype?"symbol":typeof e},C=o(e(3)),k=o(e(2)),_=o(e(7)),N=o(e(5)),A=e(8),L=e(27),F=e(25),j=e(28);function o(e){return e&&e.__esModule?e:{default:e}}var r=n.PluginDetector={plugins:[],hasPluginVersion:function(e,t){var n=r.plugins[e];return t[1]=t[1]||0,t[2]=t[2]||0,n[0]>t[0]||n[0]===t[0]&&n[1]>t[1]||n[0]===t[0]&&n[1]===t[1]&&n[2]>=t[2]},addPlugin:function(e,t,n,o,i){r.plugins[e]=r.detectPlugin(t,n,o,i)},detectPlugin:function(e,t,n,o){var i=[0,0,0],r=void 0,a=void 0;if(null!==F.NAV.plugins&&void 0!==F.NAV.plugins&&"object"===d(F.NAV.plugins[e])){if((r=F.NAV.plugins[e].description)&&(void 0===F.NAV.mimeTypes||!F.NAV.mimeTypes[t]||F.NAV.mimeTypes[t].enabledPlugin))for(var s=0,l=(i=r.replace(e,"").replace(/^\s+/,"").replace(/\sr/gi,".").split(".")).length;s<l;s++)i[s]=parseInt(i[s].match(/\d+/),10)}else if(void 0!==C.default.ActiveXObject)try{(a=new ActiveXObject(n))&&(i=o(a))}catch(e){}return i}};r.addPlugin("flash","Shockwave Flash","application/x-shockwave-flash","ShockwaveFlash.ShockwaveFlash",function(e){var t=[],n=e.GetVariable("$version");return n&&(n=n.split(" ")[1].split(","),t=[parseInt(n[0],10),parseInt(n[1],10),parseInt(n[2],10)]),t});var i={create:function(e,t,n){var r={},o=!1;r.options=t,r.id=e.id+"_"+r.options.prefix,r.mediaElement=e,r.flashState={},r.flashApi=null,r.flashApiStack=[];for(var i=_.default.html5media.properties,a=function(t){r.flashState[t]=null;var e=""+t.substring(0,1).toUpperCase()+t.substring(1);r["get"+e]=function(){if(null!==r.flashApi){if("function"==typeof r.flashApi["get_"+t]){var e=r.flashApi["get_"+t]();return"buffered"===t?{start:function(){return 0},end:function(){return e},length:1}:e}return null}return null},r["set"+e]=function(e){if("src"===t&&(e=(0,j.absolutizeUrl)(e)),null!==r.flashApi&&void 0!==r.flashApi["set_"+t])try{r.flashApi["set_"+t](e)}catch(e){}else r.flashApiStack.push({type:"set",propName:t,value:e})}},s=0,l=i.length;s<l;s++)a(i[s]);var d=_.default.html5media.methods,u=function(e){r[e]=function(){if(o)if(null!==r.flashApi){if(r.flashApi["fire_"+e])try{r.flashApi["fire_"+e]()}catch(e){}}else r.flashApiStack.push({type:"call",methodName:e})}};d.push("stop");for(var c=0,f=d.length;c<f;c++)u(d[c]);for(var p=["rendererready"],m=0,h=p.length;m<h;m++){var v=(0,L.createEvent)(p[m],r);e.dispatchEvent(v)}C.default["__ready__"+r.id]=function(){if(r.flashReady=!0,r.flashApi=k.default.getElementById("__"+r.id),r.flashApiStack.length)for(var e=0,t=r.flashApiStack.length;e<t;e++){var n=r.flashApiStack[e];if("set"===n.type){var o=n.propName,i=""+o.substring(0,1).toUpperCase()+o.substring(1);r["set"+i](n.value)}else"call"===n.type&&r[n.methodName]()}},C.default["__event__"+r.id]=function(e,t){var n=(0,L.createEvent)(e,r);if(t)try{n.data=JSON.parse(t),n.details.data=JSON.parse(t)}catch(e){n.message=t}r.mediaElement.dispatchEvent(n)},r.flashWrapper=k.default.createElement("div"),-1===["always","sameDomain"].indexOf(r.options.shimScriptAccess)&&(r.options.shimScriptAccess="sameDomain");var g=e.originalNode.autoplay,y=["uid="+r.id,"autoplay="+g,"allowScriptAccess="+r.options.shimScriptAccess,"preload="+(e.originalNode.getAttribute("preload")||"")],E=null!==e.originalNode&&"video"===e.originalNode.tagName.toLowerCase(),b=E?e.originalNode.height:1,S=E?e.originalNode.width:1;e.originalNode.getAttribute("src")&&y.push("src="+e.originalNode.getAttribute("src")),!0===r.options.enablePseudoStreaming&&(y.push("pseudostreamstart="+r.options.pseudoStreamingStartQueryParam),y.push("pseudostreamtype="+r.options.pseudoStreamingType)),r.options.streamDelimiter&&y.push("streamdelimiter="+encodeURIComponent(r.options.streamDelimiter)),r.options.proxyType&&y.push("proxytype="+r.options.proxyType),e.appendChild(r.flashWrapper),e.originalNode.style.display="none";var x=[];if(F.IS_IE||F.IS_EDGE){var w=k.default.createElement("div");r.flashWrapper.appendChild(w),x=F.IS_EDGE?['type="application/x-shockwave-flash"','data="'+r.options.pluginPath+r.options.filename+'"','id="__'+r.id+'"','width="'+S+'"','height="'+b+"'\""]:['classid="clsid:D27CDB6E-AE6D-11cf-96B8-444553540000"','codebase="//download.macromedia.com/pub/shockwave/cabs/flash/swflash.cab"','id="__'+r.id+'"','width="'+S+'"','height="'+b+'"'],E||x.push('style="clip: rect(0 0 0 0); position: absolute;"'),w.outerHTML="<object "+x.join(" ")+'><param name="movie" value="'+r.options.pluginPath+r.options.filename+"?x="+new Date+'" /><param name="flashvars" value="'+y.join("&amp;")+'" /><param name="quality" value="high" /><param name="bgcolor" value="#000000" /><param name="wmode" value="transparent" /><param name="allowScriptAccess" value="'+r.options.shimScriptAccess+'" /><param name="allowFullScreen" value="true" /><div>'+N.default.t("mejs.install-flash")+"</div></object>"}else x=['id="__'+r.id+'"','name="__'+r.id+'"','play="true"','loop="false"','quality="high"','bgcolor="#000000"','wmode="transparent"','allowScriptAccess="'+r.options.shimScriptAccess+'"','allowFullScreen="true"','type="application/x-shockwave-flash"','pluginspage="//www.macromedia.com/go/getflashplayer"','src="'+r.options.pluginPath+r.options.filename+'"','flashvars="'+y.join("&")+'"'],E?(x.push('width="'+S+'"'),x.push('height="'+b+'"')):x.push('style="position: fixed; left: -9999em; top: -9999em;"'),r.flashWrapper.innerHTML="<embed "+x.join(" ")+">";if(r.flashNode=r.flashWrapper.lastChild,r.hide=function(){o=!1,E&&(r.flashNode.style.display="none")},r.show=function(){o=!0,E&&(r.flashNode.style.display="")},r.setSize=function(e,t){r.flashNode.style.width=e+"px",r.flashNode.style.height=t+"px",null!==r.flashApi&&"function"==typeof r.flashApi.fire_setSize&&r.flashApi.fire_setSize(e,t)},r.destroy=function(){r.flashNode.remove()},n&&0<n.length)for(var P=0,T=n.length;P<T;P++)if(A.renderer.renderers[t.prefix].canPlayType(n[P].type)){r.setSrc(n[P].src);break}return r}};if(r.hasPluginVersion("flash",[10,0,0])){j.typeChecks.push(function(e){return(e=e.toLowerCase()).startsWith("rtmp")?~e.indexOf(".mp3")?"audio/rtmp":"video/rtmp":/\.og(a|g)/i.test(e)?"audio/ogg":~e.indexOf(".m3u8")?"application/x-mpegURL":~e.indexOf(".mpd")?"application/dash+xml":~e.indexOf(".flv")?"video/flv":null});var a={name:"flash_video",options:{prefix:"flash_video",filename:"mediaelement-flash-video.swf",enablePseudoStreaming:!1,pseudoStreamingStartQueryParam:"start",pseudoStreamingType:"byte",proxyType:"",streamDelimiter:""},canPlayType:function(e){return~["video/mp4","video/rtmp","audio/rtmp","rtmp/mp4","audio/mp4","video/flv","video/x-flv"].indexOf(e.toLowerCase())},create:i.create};A.renderer.add(a);var s={name:"flash_hls",options:{prefix:"flash_hls",filename:"mediaelement-flash-video-hls.swf"},canPlayType:function(e){return~["application/x-mpegurl","application/vnd.apple.mpegurl","audio/mpegurl","audio/hls","video/hls"].indexOf(e.toLowerCase())},create:i.create};A.renderer.add(s);var l={name:"flash_dash",options:{prefix:"flash_dash",filename:"mediaelement-flash-video-mdash.swf"},canPlayType:function(e){return~["application/dash+xml"].indexOf(e.toLowerCase())},create:i.create};A.renderer.add(l);var u={name:"flash_audio",options:{prefix:"flash_audio",filename:"mediaelement-flash-audio.swf"},canPlayType:function(e){return~["audio/mp3"].indexOf(e.toLowerCase())},create:i.create};A.renderer.add(u);var c={name:"flash_audio_ogg",options:{prefix:"flash_audio_ogg",filename:"mediaelement-flash-audio-ogg.swf"},canPlayType:function(e){return~["audio/ogg","audio/oga","audio/ogv"].indexOf(e.toLowerCase())},create:i.create};A.renderer.add(c)}},{2:2,25:25,27:27,28:28,3:3,5:5,7:7,8:8}],21:[function(e,t,n){"use strict";var y="function"==typeof Symbol&&"symbol"==typeof Symbol.iterator?function(e){return typeof e}:function(e){return e&&"function"==typeof Symbol&&e.constructor===Symbol&&e!==Symbol.prototype?"symbol":typeof e},E=a(e(3)),b=a(e(7)),S=e(8),x=e(27),o=e(25),i=e(28),r=e(26);function a(e){return e&&e.__esModule?e:{default:e}}var w={promise:null,load:function(e){return"undefined"!=typeof flvjs?w.promise=new Promise(function(e){e()}).then(function(){w._createPlayer(e)}):(e.options.path="string"==typeof e.options.path?e.options.path:"https://cdn.jsdelivr.net/npm/flv.js@latest",w.promise=w.promise||(0,r.loadScript)(e.options.path),w.promise.then(function(){w._createPlayer(e)})),w.promise},_createPlayer:function(e){flvjs.LoggingControl.enableDebug=e.options.debug,flvjs.LoggingControl.enableVerbose=e.options.debug;var t=flvjs.createPlayer(e.options,e.configs);return E.default["__ready__"+e.id](t),t}},s={name:"native_flv",options:{prefix:"native_flv",flv:{path:"https://cdn.jsdelivr.net/npm/flv.js@latest",cors:!0,debug:!1}},canPlayType:function(e){return o.HAS_MSE&&-1<["video/x-flv","video/flv"].indexOf(e.toLowerCase())},create:function(s,a,e){var t=s.originalNode,l=s.id+"_"+a.prefix,d=null,u=null;d=t.cloneNode(!0),a=Object.assign(a,s.options);for(var n=b.default.html5media.properties,c=b.default.html5media.events.concat(["click","mouseover","mouseout"]).filter(function(e){return"error"!==e}),f=function(e){var t=(0,x.createEvent)(e.type,s);s.dispatchEvent(t)},o=function(r){var e=""+r.substring(0,1).toUpperCase()+r.substring(1);d["get"+e]=function(){return null!==u?d[r]:null},d["set"+e]=function(e){if(-1===b.default.html5media.readOnlyProperties.indexOf(r))if("src"===r){if(d[r]="object"===(void 0===e?"undefined":y(e))&&e.src?e.src:e,null!==u){var t={type:"flv"};t.url=e,t.cors=a.flv.cors,t.debug=a.flv.debug,t.path=a.flv.path;var n=a.flv.configs;u.destroy();for(var o=0,i=c.length;o<i;o++)d.removeEventListener(c[o],f);(u=w._createPlayer({options:t,configs:n,id:l})).attachMediaElement(d),u.load()}}else d[r]=e}},i=0,r=n.length;i<r;i++)o(n[i]);if(E.default["__ready__"+l]=function(e){s.flvPlayer=u=e;for(var t,i=flvjs.Events,n=0,o=c.length;n<o;n++)"loadedmetadata"===(t=c[n])&&(u.unload(),u.detachMediaElement(),u.attachMediaElement(d),u.load()),d.addEventListener(t,f);var r=function(o){i.hasOwnProperty(o)&&u.on(i[o],function(){for(var e=arguments.length,t=Array(e),n=0;n<e;n++)t[n]=arguments[n];return function(e,t){if("error"===e){var n=t[0]+": "+t[1]+" "+t[2].msg;s.generateError(n,d.src)}else{var o=(0,x.createEvent)(e,s);o.data=t,s.dispatchEvent(o)}}(i[o],t)})};for(var a in i)r(a)},e&&0<e.length)for(var p=0,m=e.length;p<m;p++)if(S.renderer.renderers[a.prefix].canPlayType(e[p].type)){d.setAttribute("src",e[p].src);break}d.setAttribute("id",l),t.parentNode.insertBefore(d,t),t.autoplay=!1,t.style.display="none";var h={type:"flv"};h.url=d.src,h.cors=a.flv.cors,h.debug=a.flv.debug,h.path=a.flv.path;var v=a.flv.configs;d.setSize=function(e,t){return d.style.width=e+"px",d.style.height=t+"px",d},d.hide=function(){return null!==u&&u.pause(),d.style.display="none",d},d.show=function(){return d.style.display="",d},d.destroy=function(){null!==u&&u.destroy()};var g=(0,x.createEvent)("rendererready",d);return s.dispatchEvent(g),s.promises.push(w.load({options:h,configs:v,id:l})),d}};i.typeChecks.push(function(e){return~e.toLowerCase().indexOf(".flv")?"video/flv":null}),S.renderer.add(s)},{25:25,26:26,27:27,28:28,3:3,7:7,8:8}],22:[function(e,t,n){"use strict";var y="function"==typeof Symbol&&"symbol"==typeof Symbol.iterator?function(e){return typeof e}:function(e){return e&&"function"==typeof Symbol&&e.constructor===Symbol&&e!==Symbol.prototype?"symbol":typeof e},E=a(e(3)),b=a(e(7)),S=e(8),x=e(27),o=e(25),i=e(28),r=e(26);function a(e){return e&&e.__esModule?e:{default:e}}var w={promise:null,load:function(e){return"undefined"!=typeof Hls?w.promise=new Promise(function(e){e()}).then(function(){w._createPlayer(e)}):(e.options.path="string"==typeof e.options.path?e.options.path:"https://cdn.jsdelivr.net/npm/hls.js@latest",w.promise=w.promise||(0,r.loadScript)(e.options.path),w.promise.then(function(){w._createPlayer(e)})),w.promise},_createPlayer:function(e){var t=new Hls(e.options);return E.default["__ready__"+e.id](t),t}},s={name:"native_hls",options:{prefix:"native_hls",hls:{path:"https://cdn.jsdelivr.net/npm/hls.js@latest",autoStartLoad:!1,debug:!1}},canPlayType:function(e){return o.HAS_MSE&&-1<["application/x-mpegurl","application/vnd.apple.mpegurl","audio/mpegurl","audio/hls","video/hls"].indexOf(e.toLowerCase())},create:function(d,i,u){var e=d.originalNode,r=d.id+"_"+i.prefix,t=e.getAttribute("preload"),n=e.autoplay,c=null,f=null,p=0,m=u.length;f=e.cloneNode(!0),(i=Object.assign(i,d.options)).hls.autoStartLoad=t&&"none"!==t||n;for(var o=b.default.html5media.properties,h=b.default.html5media.events.concat(["click","mouseover","mouseout"]).filter(function(e){return"error"!==e}),v=function(e){var t=(0,x.createEvent)(e.type,d);d.dispatchEvent(t)},a=function(o){var e=""+o.substring(0,1).toUpperCase()+o.substring(1);f["get"+e]=function(){return null!==c?f[o]:null},f["set"+e]=function(e){if(-1===b.default.html5media.readOnlyProperties.indexOf(o))if("src"===o){if(f[o]="object"===(void 0===e?"undefined":y(e))&&e.src?e.src:e,null!==c){c.destroy();for(var t=0,n=h.length;t<n;t++)f.removeEventListener(h[t],v);(c=w._createPlayer({options:i.hls,id:r})).loadSource(e),c.attachMedia(f)}}else f[o]=e}},s=0,l=o.length;s<l;s++)a(o[s]);if(E.default["__ready__"+r]=function(e){d.hlsPlayer=c=e;for(var i=Hls.Events,t=function(e){if("loadedmetadata"===e){var t=d.originalNode.src;c.detachMedia(),c.loadSource(t),c.attachMedia(f)}f.addEventListener(e,v)},n=0,o=h.length;n<o;n++)t(h[n]);var s=void 0,l=void 0,r=function(o){i.hasOwnProperty(o)&&c.on(i[o],function(){for(var e=arguments.length,t=Array(e),n=0;n<e;n++)t[n]=arguments[n];return function(e,t){if("hlsError"===e&&(console.warn(t),(t=t[1]).fatal))switch(t.type){case"mediaError":var n=(new Date).getTime();if(!s||3e3<n-s)s=(new Date).getTime(),c.recoverMediaError();else if(!l||3e3<n-l)l=(new Date).getTime(),console.warn("Attempting to swap Audio Codec and recover from media error"),c.swapAudioCodec(),c.recoverMediaError();else{var o="Cannot recover, last media error recovery failed";d.generateError(o,f.src),console.error(o)}break;case"networkError":if("manifestLoadError"===t.details)if(p<m&&void 0!==u[p+1])f.setSrc(u[p++].src),f.load(),f.play();else{var i="Network error";d.generateError(i,u),console.error(i)}else{var r="Network error";d.generateError(r,u),console.error(r)}break;default:c.destroy()}else{var a=(0,x.createEvent)(e,d);a.data=t,d.dispatchEvent(a)}}(i[o],t)})};for(var a in i)r(a)},0<m)for(;p<m;p++)if(S.renderer.renderers[i.prefix].canPlayType(u[p].type)){f.setAttribute("src",u[p].src);break}"auto"===t||n||(f.addEventListener("play",function(){null!==c&&c.startLoad()}),f.addEventListener("pause",function(){null!==c&&c.stopLoad()})),f.setAttribute("id",r),e.parentNode.insertBefore(f,e),e.autoplay=!1,e.style.display="none",f.setSize=function(e,t){return f.style.width=e+"px",f.style.height=t+"px",f},f.hide=function(){return f.pause(),f.style.display="none",f},f.show=function(){return f.style.display="",f},f.destroy=function(){null!==c&&(c.stopLoad(),c.destroy())};var g=(0,x.createEvent)("rendererready",f);return d.dispatchEvent(g),d.promises.push(w.load({options:i.hls,id:r})),f}};i.typeChecks.push(function(e){return~e.toLowerCase().indexOf(".m3u8")?"application/x-mpegURL":null}),S.renderer.add(s)},{25:25,26:26,27:27,28:28,3:3,7:7,8:8}],23:[function(e,t,n){"use strict";var o=r(e(3)),g=r(e(2)),y=r(e(7)),E=e(8),b=e(27),i=e(25);function r(e){return e&&e.__esModule?e:{default:e}}var a={name:"html5",options:{prefix:"html5"},canPlayType:function(e){var t=g.default.createElement("video");return i.IS_ANDROID&&/\/mp(3|4)$/i.test(e)||~["application/x-mpegurl","vnd.apple.mpegurl","audio/mpegurl","audio/hls","video/hls"].indexOf(e.toLowerCase())&&i.SUPPORTS_NATIVE_HLS?"yes":t.canPlayType?t.canPlayType(e.toLowerCase()).replace(/no/,""):""},create:function(n,e,t){var o=n.id+"_"+e.prefix,i=!1,r=null;void 0===n.originalNode||null===n.originalNode?(r=g.default.createElement("audio"),n.appendChild(r)):r=n.originalNode,r.setAttribute("id",o);for(var a=y.default.html5media.properties,s=function(t){var e=""+t.substring(0,1).toUpperCase()+t.substring(1);r["get"+e]=function(){return r[t]},r["set"+e]=function(e){-1===y.default.html5media.readOnlyProperties.indexOf(t)&&(r[t]=e)}},l=0,d=a.length;l<d;l++)s(a[l]);for(var u,c=y.default.html5media.events.concat(["click","mouseover","mouseout"]).filter(function(e){return"error"!==e}),f=0,p=c.length;f<p;f++)u=c[f],r.addEventListener(u,function(e){if(i){var t=(0,b.createEvent)(e.type,e.target);n.dispatchEvent(t)}});r.setSize=function(e,t){return r.style.width=e+"px",r.style.height=t+"px",r},r.hide=function(){return i=!1,r.style.display="none",r},r.show=function(){return i=!0,r.style.display="",r};var m=0,h=t.length;if(0<h)for(;m<h;m++)if(E.renderer.renderers[e.prefix].canPlayType(t[m].type)){r.setAttribute("src",t[m].src);break}r.addEventListener("error",function(e){e&&e.target&&e.target.error&&4===e.target.error.code&&i&&(m<h&&void 0!==t[m+1]?(r.src=t[m++].src,r.load(),r.play()):n.generateError("Media error: Format(s) not supported or source(s) not found",t))});var v=(0,b.createEvent)("rendererready",r);return n.dispatchEvent(v),r}};o.default.HtmlMediaElement=y.default.HtmlMediaElement=a,E.renderer.add(a)},{2:2,25:25,27:27,3:3,7:7,8:8}],24:[function(e,t,n){"use strict";var w=a(e(3)),P=a(e(2)),T=a(e(7)),o=e(8),C=e(27),i=e(28),r=e(26);function a(e){return e&&e.__esModule?e:{default:e}}var k={isIframeStarted:!1,isIframeLoaded:!1,iframeQueue:[],enqueueIframe:function(e){k.isLoaded="undefined"!=typeof YT&&YT.loaded,k.isLoaded?k.createIframe(e):(k.loadIframeApi(),k.iframeQueue.push(e))},loadIframeApi:function(){k.isIframeStarted||((0,r.loadScript)("https://www.youtube.com/player_api"),k.isIframeStarted=!0)},iFrameReady:function(){for(k.isLoaded=!0,k.isIframeLoaded=!0;0<k.iframeQueue.length;){var e=k.iframeQueue.pop();k.createIframe(e)}},createIframe:function(e){return new YT.Player(e.containerId,e)},getYouTubeId:function(e){var t="";return 0<e.indexOf("?")?""===(t=k.getYouTubeIdFromParam(e))&&(t=k.getYouTubeIdFromUrl(e)):t=k.getYouTubeIdFromUrl(e),(t=t.substring(t.lastIndexOf("/")+1).split("?"))[0]},getYouTubeIdFromParam:function(e){if(null==e||!e.trim().length)return null;for(var t=e.split("?")[1].split("&"),n="",o=0,i=t.length;o<i;o++){var r=t[o].split("=");if("v"===r[0]){n=r[1];break}}return n},getYouTubeIdFromUrl:function(e){return null!=e&&e.trim().length?(e=e.split("?")[0]).substring(e.lastIndexOf("/")+1):null},getYouTubeNoCookieUrl:function(e){if(null==e||!e.trim().length||-1===e.indexOf("//www.youtube"))return e;var t=e.split("/");return t[2]=t[2].replace(".com","-nocookie.com"),t.join("/")}},s={name:"youtube_iframe",options:{prefix:"youtube_iframe",youtube:{autoplay:0,controls:0,disablekb:1,end:0,loop:0,modestbranding:0,playsinline:0,rel:0,showinfo:0,start:0,iv_load_policy:3,nocookie:!1,imageQuality:null}},canPlayType:function(e){return~["video/youtube","video/x-youtube"].indexOf(e.toLowerCase())},create:function(m,n,o){var h={},v=[],g=null,r=!0,a=!1,y=null;h.options=n,h.id=m.id+"_"+n.prefix,h.mediaElement=m;for(var e=T.default.html5media.properties,t=function(i){var e=""+i.substring(0,1).toUpperCase()+i.substring(1);h["get"+e]=function(){if(null!==g){switch(i){case"currentTime":return g.getCurrentTime();case"duration":return g.getDuration();case"volume":return g.getVolume()/100;case"playbackRate":return g.getPlaybackRate();case"paused":return r;case"ended":return a;case"muted":return g.isMuted();case"buffered":var e=g.getVideoLoadedFraction(),t=g.getDuration();return{start:function(){return 0},end:function(){return e*t},length:1};case"src":return g.getVideoUrl();case"readyState":return 4}return null}return null},h["set"+e]=function(e){if(null!==g)switch(i){case"src":var t="string"==typeof e?e:e[0].src,n=k.getYouTubeId(t);m.originalNode.autoplay?g.loadVideoById(n):g.cueVideoById(n);break;case"currentTime":g.seekTo(e);break;case"muted":e?g.mute():g.unMute(),setTimeout(function(){var e=(0,C.createEvent)("volumechange",h);m.dispatchEvent(e)},50);break;case"volume":e,g.setVolume(100*e),setTimeout(function(){var e=(0,C.createEvent)("volumechange",h);m.dispatchEvent(e)},50);break;case"playbackRate":g.setPlaybackRate(e),setTimeout(function(){var e=(0,C.createEvent)("ratechange",h);m.dispatchEvent(e)},50);break;case"readyState":var o=(0,C.createEvent)("canplay",h);m.dispatchEvent(o)}else v.push({type:"set",propName:i,value:e})}},i=0,s=e.length;i<s;i++)t(e[i]);for(var l=T.default.html5media.methods,d=function(e){h[e]=function(){if(null!==g)switch(e){case"play":return r=!1,g.playVideo();case"pause":return r=!0,g.pauseVideo();case"load":return null}else v.push({type:"call",methodName:e})}},u=0,c=l.length;u<c;u++)d(l[u]);var f=P.default.createElement("div");f.id=h.id,h.options.youtube.nocookie&&(m.originalNode.src=k.getYouTubeNoCookieUrl(o[0].src)),m.originalNode.parentNode.insertBefore(f,m.originalNode),m.originalNode.style.display="none";var p="audio"===m.originalNode.tagName.toLowerCase(),E=p?"1":m.originalNode.height,b=p?"1":m.originalNode.width,S=k.getYouTubeId(o[0].src),x={id:h.id,containerId:f.id,videoId:S,height:E,width:b,host:h.options.youtube&&h.options.youtube.nocookie?"https://www.youtube-nocookie.com":void 0,playerVars:Object.assign({controls:0,rel:0,disablekb:1,showinfo:0,modestbranding:0,html5:1,iv_load_policy:3},h.options.youtube),origin:w.default.location.host,events:{onReady:function(e){if(m.youTubeApi=g=e.target,m.youTubeState={paused:!0,ended:!1},v.length)for(var t=0,n=v.length;t<n;t++){var o=v[t];if("set"===o.type){var i=o.propName,r=""+i.substring(0,1).toUpperCase()+i.substring(1);h["set"+r](o.value)}else"call"===o.type&&h[o.methodName]()}y=g.getIframe(),m.originalNode.muted&&g.mute();for(var a=["mouseover","mouseout"],s=function(e){var t=(0,C.createEvent)(e.type,h);m.dispatchEvent(t)},l=0,d=a.length;l<d;l++)y.addEventListener(a[l],s,!1);for(var u=["rendererready","loadedmetadata","loadeddata","canplay"],c=0,f=u.length;c<f;c++){var p=(0,C.createEvent)(u[c],h);m.dispatchEvent(p)}},onStateChange:function(e){var t=[];switch(e.data){case-1:t=["loadedmetadata"],r=!0,a=!1;break;case 0:t=["ended"],r=!1,a=!h.options.youtube.loop,h.options.youtube.loop||h.stopInterval();break;case 1:t=["play","playing"],a=r=!1,h.startInterval();break;case 2:t=["pause"],r=!0,a=!1,h.stopInterval();break;case 3:t=["progress"],a=!1;break;case 5:t=["loadeddata","loadedmetadata","canplay"],r=!0,a=!1}for(var n=0,o=t.length;n<o;n++){var i=(0,C.createEvent)(t[n],h);m.dispatchEvent(i)}},onError:function(e){return function(e){var t="";switch(e.data){case 2:t="The request contains an invalid parameter value. Verify that video ID has 11 characters and that contains no invalid characters, such as exclamation points or asterisks.";break;case 5:t="The requested content cannot be played in an HTML5 player or another error related to the HTML5 player has occurred.";break;case 100:t="The video requested was not found. Either video has been removed or has been marked as private.";break;case 101:case 105:t="The owner of the requested video does not allow it to be played in embedded players.";break;default:t="Unknown error."}m.generateError("Code "+e.data+": "+t,o)}(e)}}};return(p||m.originalNode.hasAttribute("playsinline"))&&(x.playerVars.playsinline=1),m.originalNode.controls&&(x.playerVars.controls=1),m.originalNode.autoplay&&(x.playerVars.autoplay=1),m.originalNode.loop&&(x.playerVars.loop=1),(x.playerVars.loop&&1===parseInt(x.playerVars.loop,10)||-1<m.originalNode.src.indexOf("loop="))&&!x.playerVars.playlist&&-1===m.originalNode.src.indexOf("playlist=")&&(x.playerVars.playlist=k.getYouTubeId(m.originalNode.src)),k.enqueueIframe(x),h.onEvent=function(e,t,n){null!=n&&(m.youTubeState=n)},h.setSize=function(e,t){null!==g&&g.setSize(e,t)},h.hide=function(){h.stopInterval(),h.pause(),y&&(y.style.display="none")},h.show=function(){y&&(y.style.display="")},h.destroy=function(){g.destroy()},h.interval=null,h.startInterval=function(){h.interval=setInterval(function(){var e=(0,C.createEvent)("timeupdate",h);m.dispatchEvent(e)},250)},h.stopInterval=function(){h.interval&&clearInterval(h.interval)},h.getPosterUrl=function(){var e=n.youtube.imageQuality,t=k.getYouTubeId(m.originalNode.src);return e&&-1<["default","hqdefault","mqdefault","sddefault","maxresdefault"].indexOf(e)&&t?"https://img.youtube.com/vi/"+t+"/"+e+".jpg":""},h}};w.default.onYouTubePlayerAPIReady=function(){k.iFrameReady()},i.typeChecks.push(function(e){return/\/\/(www\.youtube|youtu\.?be)/i.test(e)?"video/x-youtube":null}),o.renderer.add(s)},{2:2,26:26,27:27,28:28,3:3,7:7,8:8}],25:[function(e,t,n){"use strict";Object.defineProperty(n,"__esModule",{value:!0}),n.cancelFullScreen=n.requestFullScreen=n.isFullScreen=n.FULLSCREEN_EVENT_NAME=n.HAS_NATIVE_FULLSCREEN_ENABLED=n.HAS_TRUE_NATIVE_FULLSCREEN=n.HAS_IOS_FULLSCREEN=n.HAS_MS_NATIVE_FULLSCREEN=n.HAS_MOZ_NATIVE_FULLSCREEN=n.HAS_WEBKIT_NATIVE_FULLSCREEN=n.HAS_NATIVE_FULLSCREEN=n.SUPPORTS_NATIVE_HLS=n.SUPPORT_PASSIVE_EVENT=n.SUPPORT_POINTER_EVENTS=n.HAS_MSE=n.IS_STOCK_ANDROID=n.IS_SAFARI=n.IS_FIREFOX=n.IS_CHROME=n.IS_EDGE=n.IS_IE=n.IS_ANDROID=n.IS_IOS=n.IS_IPOD=n.IS_IPHONE=n.IS_IPAD=n.UA=n.NAV=void 0;var i=a(e(3)),r=a(e(2)),o=a(e(7));function a(e){return e&&e.__esModule?e:{default:e}}for(var s=n.NAV=i.default.navigator,l=n.UA=s.userAgent.toLowerCase(),d=n.IS_IPAD=/ipad/i.test(l)&&!i.default.MSStream,u=n.IS_IPHONE=/iphone/i.test(l)&&!i.default.MSStream,c=n.IS_IPOD=/ipod/i.test(l)&&!i.default.MSStream,f=(n.IS_IOS=/ipad|iphone|ipod/i.test(l)&&!i.default.MSStream,n.IS_ANDROID=/android/i.test(l)),p=n.IS_IE=/(trident|microsoft)/i.test(s.appName),m=(n.IS_EDGE="msLaunchUri"in s&&!("documentMode"in r.default)),h=n.IS_CHROME=/chrome/i.test(l),v=n.IS_FIREFOX=/firefox/i.test(l),g=n.IS_SAFARI=/safari/i.test(l)&&!h,y=n.IS_STOCK_ANDROID=/^mozilla\/\d+\.\d+\s\(linux;\su;/i.test(l),E=(n.HAS_MSE="MediaSource"in i.default),b=n.SUPPORT_POINTER_EVENTS=function(){var e=r.default.createElement("x"),t=r.default.documentElement,n=i.default.getComputedStyle;if(!("pointerEvents"in e.style))return!1;e.style.pointerEvents="auto",e.style.pointerEvents="x",t.appendChild(e);var o=n&&"auto"===(n(e,"")||{}).pointerEvents;return e.remove(),!!o}(),S=n.SUPPORT_PASSIVE_EVENT=function(){var e=!1;try{var t=Object.defineProperty({},"passive",{get:function(){e=!0}});i.default.addEventListener("test",null,t)}catch(e){}return e}(),x=["source","track","audio","video"],w=void 0,P=0,T=x.length;P<T;P++)w=r.default.createElement(x[P]);var C=n.SUPPORTS_NATIVE_HLS=g||p&&/edge/i.test(l),k=void 0!==w.webkitEnterFullscreen,_=void 0!==w.requestFullscreen;k&&/mac os x 10_5/i.test(l)&&(k=_=!1);var N=void 0!==w.webkitRequestFullScreen,A=void 0!==w.mozRequestFullScreen,L=void 0!==w.msRequestFullscreen,F=N||A||L,j=F,I="",M=void 0,O=void 0,D=void 0;A?j=r.default.mozFullScreenEnabled:L&&(j=r.default.msFullscreenEnabled),h&&(k=!1),F&&(N?I="webkitfullscreenchange":A?I="fullscreenchange":L&&(I="MSFullscreenChange"),n.isFullScreen=M=function(){return A?r.default.mozFullScreen:N?r.default.webkitIsFullScreen:L?null!==r.default.msFullscreenElement:void 0},n.requestFullScreen=O=function(e){N?e.webkitRequestFullScreen():A?e.mozRequestFullScreen():L&&e.msRequestFullscreen()},n.cancelFullScreen=D=function(){N?r.default.webkitCancelFullScreen():A?r.default.mozCancelFullScreen():L&&r.default.msExitFullscreen()});var R=n.HAS_NATIVE_FULLSCREEN=_,V=n.HAS_WEBKIT_NATIVE_FULLSCREEN=N,H=n.HAS_MOZ_NATIVE_FULLSCREEN=A,U=n.HAS_MS_NATIVE_FULLSCREEN=L,q=n.HAS_IOS_FULLSCREEN=k,B=n.HAS_TRUE_NATIVE_FULLSCREEN=F,z=n.HAS_NATIVE_FULLSCREEN_ENABLED=j,W=n.FULLSCREEN_EVENT_NAME=I;n.isFullScreen=M,n.requestFullScreen=O,n.cancelFullScreen=D,o.default.Features=o.default.Features||{},o.default.Features.isiPad=d,o.default.Features.isiPod=c,o.default.Features.isiPhone=u,o.default.Features.isiOS=o.default.Features.isiPhone||o.default.Features.isiPad,o.default.Features.isAndroid=f,o.default.Features.isIE=p,o.default.Features.isEdge=m,o.default.Features.isChrome=h,o.default.Features.isFirefox=v,o.default.Features.isSafari=g,o.default.Features.isStockAndroid=y,o.default.Features.hasMSE=E,o.default.Features.supportsNativeHLS=C,o.default.Features.supportsPointerEvents=b,o.default.Features.supportsPassiveEvent=S,o.default.Features.hasiOSFullScreen=q,o.default.Features.hasNativeFullscreen=R,o.default.Features.hasWebkitNativeFullScreen=V,o.default.Features.hasMozNativeFullScreen=H,o.default.Features.hasMsNativeFullScreen=U,o.default.Features.hasTrueNativeFullScreen=B,o.default.Features.nativeFullScreenEnabled=z,o.default.Features.fullScreenEventName=W,o.default.Features.isFullScreen=M,o.default.Features.requestFullScreen=O,o.default.Features.cancelFullScreen=D},{2:2,3:3,7:7}],26:[function(e,t,n){"use strict";Object.defineProperty(n,"__esModule",{value:!0}),n.removeClass=n.addClass=n.hasClass=void 0,n.loadScript=a,n.offset=s,n.toggleClass=h,n.fadeOut=v,n.fadeIn=g,n.siblings=y,n.visible=E,n.ajax=b;var l=r(e(3)),i=r(e(2)),o=r(e(7));function r(e){return e&&e.__esModule?e:{default:e}}function a(o){return new Promise(function(e,t){var n=i.default.createElement("script");n.src=o,n.async=!0,n.onload=function(){n.remove(),e()},n.onerror=function(){n.remove(),t()},i.default.head.appendChild(n)})}function s(e){var t=e.getBoundingClientRect(),n=l.default.pageXOffset||i.default.documentElement.scrollLeft,o=l.default.pageYOffset||i.default.documentElement.scrollTop;return{top:t.top+o,left:t.left+n}}var d=void 0,u=void 0,c=void 0;"classList"in i.default.documentElement?(d=function(e,t){return void 0!==e.classList&&e.classList.contains(t)},u=function(e,t){return e.classList.add(t)},c=function(e,t){return e.classList.remove(t)}):(d=function(e,t){return new RegExp("\\b"+t+"\\b").test(e.className)},u=function(e,t){f(e,t)||(e.className+=" "+t)},c=function(e,t){e.className=e.className.replace(new RegExp("\\b"+t+"\\b","g"),"")});var f=n.hasClass=d,p=n.addClass=u,m=n.removeClass=c;function h(e,t){f(e,t)?m(e,t):p(e,t)}function v(i){var r=1<arguments.length&&void 0!==arguments[1]?arguments[1]:400,a=arguments[2];i.style.opacity||(i.style.opacity=1);var s=null;l.default.requestAnimationFrame(function e(t){var n=t-(s=s||t),o=parseFloat(1-n/r,2);i.style.opacity=o<0?0:o,r<n?a&&"function"==typeof a&&a():l.default.requestAnimationFrame(e)})}function g(i){var r=1<arguments.length&&void 0!==arguments[1]?arguments[1]:400,a=arguments[2];i.style.opacity||(i.style.opacity=0);var s=null;l.default.requestAnimationFrame(function e(t){var n=t-(s=s||t),o=parseFloat(n/r,2);i.style.opacity=1<o?1:o,r<n?a&&"function"==typeof a&&a():l.default.requestAnimationFrame(e)})}function y(e,t){var n=[];for(e=e.parentNode.firstChild;t&&!t(e)||n.push(e),e=e.nextSibling;);return n}function E(e){return void 0!==e.getClientRects&&"function"===e.getClientRects?!!(e.offsetWidth||e.offsetHeight||e.getClientRects().length):!(!e.offsetWidth&&!e.offsetHeight)}function b(e,t,n,o){var i=l.default.XMLHttpRequest?new XMLHttpRequest:new ActiveXObject("Microsoft.XMLHTTP"),r="application/x-www-form-urlencoded; charset=UTF-8",a=!1,s="*/".concat("*");switch(t){case"text":r="text/plain";break;case"json":r="application/json, text/javascript";break;case"html":r="text/html";break;case"xml":r="application/xml, text/xml"}"application/x-www-form-urlencoded"!==r&&(s=r+", */*; q=0.01"),i&&(i.open("GET",e,!0),i.setRequestHeader("Accept",s),i.onreadystatechange=function(){if(!a&&4===i.readyState)if(200===i.status){a=!0;var e=void 0;switch(t){case"json":e=JSON.parse(i.responseText);break;case"xml":e=i.responseXML;break;default:e=i.responseText}n(e)}else"function"==typeof o&&o(i.status)},i.send())}o.default.Utils=o.default.Utils||{},o.default.Utils.offset=s,o.default.Utils.hasClass=f,o.default.Utils.addClass=p,o.default.Utils.removeClass=m,o.default.Utils.toggleClass=h,o.default.Utils.fadeIn=g,o.default.Utils.fadeOut=v,o.default.Utils.siblings=y,o.default.Utils.visible=E,o.default.Utils.ajax=b,o.default.Utils.loadScript=a},{2:2,3:3,7:7}],27:[function(e,t,n){"use strict";Object.defineProperty(n,"__esModule",{value:!0}),n.escapeHTML=a,n.debounce=s,n.isObjectEmpty=l,n.splitEvents=d,n.createEvent=u,n.isNodeAfter=c,n.isString=f;var o,i=e(7),r=(o=i)&&o.__esModule?o:{default:o};function a(e){if("string"!=typeof e)throw new Error("Argument passed must be a string");var t={"&":"&amp;","<":"&lt;",">":"&gt;",'"':"&quot;"};return e.replace(/[&<>"]/g,function(e){return t[e]})}function s(o,i){var r=this,a=arguments,s=2<arguments.length&&void 0!==arguments[2]&&arguments[2];if("function"!=typeof o)throw new Error("First argument must be a function");if("number"!=typeof i)throw new Error("Second argument must be a numeric value");var l=void 0;return function(){var e=r,t=a,n=s&&!l;clearTimeout(l),l=setTimeout(function(){l=null,s||o.apply(e,t)},i),n&&o.apply(e,t)}}function l(e){return Object.getOwnPropertyNames(e).length<=0}function d(e,n){var o=/^((after|before)print|(before)?unload|hashchange|message|o(ff|n)line|page(hide|show)|popstate|resize|storage)\b/,i={d:[],w:[]};return(e||"").split(" ").forEach(function(e){var t=e+(n?"."+n:"");t.startsWith(".")?(i.d.push(t),i.w.push(t)):i[o.test(e)?"w":"d"].push(t)}),i.d=i.d.join(" "),i.w=i.w.join(" "),i}function u(e,t){if("string"!=typeof e)throw new Error("Event name must be a string");var n=e.match(/([a-z]+\.([a-z]+))/i),o={target:t};return null!==n&&(e=n[1],o.namespace=n[2]),new window.CustomEvent(e,{detail:o})}function c(e,t){return!!(e&&t&&2&e.compareDocumentPosition(t))}function f(e){return"string"==typeof e}r.default.Utils=r.default.Utils||{},r.default.Utils.escapeHTML=a,r.default.Utils.debounce=s,r.default.Utils.isObjectEmpty=l,r.default.Utils.splitEvents=d,r.default.Utils.createEvent=u,r.default.Utils.isNodeAfter=c,r.default.Utils.isString=f},{7:7}],28:[function(e,t,n){"use strict";Object.defineProperty(n,"__esModule",{value:!0}),n.typeChecks=void 0,n.absolutizeUrl=l,n.formatType=d,n.getMimeFromType=u,n.getTypeFromFile=c,n.getExtension=f,n.normalizeExtension=p;var o,i=e(7),r=(o=i)&&o.__esModule?o:{default:o},a=e(27);var s=n.typeChecks=[];function l(e){if("string"!=typeof e)throw new Error("`url` argument must be a string");var t=document.createElement("div");return t.innerHTML='<a href="'+(0,a.escapeHTML)(e)+'">x</a>',t.firstChild.href}function d(e){var t=1<arguments.length&&void 0!==arguments[1]?arguments[1]:"";return e&&!t?c(e):t}function u(e){if("string"!=typeof e)throw new Error("`type` argument must be a string");return e&&-1<e.indexOf(";")?e.substr(0,e.indexOf(";")):e}function c(e){if("string"!=typeof e)throw new Error("`url` argument must be a string");for(var t=0,n=s.length;t<n;t++){var o=s[t](e);if(o)return o}var i=p(f(e)),r="video/mp4";return i&&(~["mp4","m4v","ogg","ogv","webm","flv","mpeg"].indexOf(i)?r="video/"+i:"mov"===i?r="video/quicktime":~["mp3","oga","wav","mid","midi"].indexOf(i)&&(r="audio/"+i)),r}function f(e){if("string"!=typeof e)throw new Error("`url` argument must be a string");var t=e.split("?")[0].split("\\").pop().split("/").pop();return~t.indexOf(".")?t.substring(t.lastIndexOf(".")+1):""}function p(e){if("string"!=typeof e)throw new Error("`extension` argument must be a string");switch(e){case"mp4":case"m4v":return"mp4";case"webm":case"webma":case"webmv":return"webm";case"ogg":case"oga":case"ogv":return"ogg";default:return e}}r.default.Utils=r.default.Utils||{},r.default.Utils.typeChecks=s,r.default.Utils.absolutizeUrl=l,r.default.Utils.formatType=d,r.default.Utils.getMimeFromType=u,r.default.Utils.getTypeFromFile=c,r.default.Utils.getExtension=f,r.default.Utils.normalizeExtension=p},{27:27,7:7}],29:[function(e,t,n){"use strict";var o,i=a(e(2)),r=a(e(4));function a(e){return e&&e.__esModule?e:{default:e}}if([Element.prototype,CharacterData.prototype,DocumentType.prototype].forEach(function(e){e.hasOwnProperty("remove")||Object.defineProperty(e,"remove",{configurable:!0,enumerable:!0,writable:!0,value:function(){this.parentNode.removeChild(this)}})}),function(){if("function"==typeof window.CustomEvent)return;function e(e,t){t=t||{bubbles:!1,cancelable:!1,detail:void 0};var n=i.default.createEvent("CustomEvent");return n.initCustomEvent(e,t.bubbles,t.cancelable,t.detail),n}e.prototype=window.Event.prototype,window.CustomEvent=e}(),"function"!=typeof Object.assign&&(Object.assign=function(e){if(null==e)throw new TypeError("Cannot convert undefined or null to object");for(var t=Object(e),n=1,o=arguments.length;n<o;n++){var i=arguments[n];if(null!==i)for(var r in i)Object.prototype.hasOwnProperty.call(i,r)&&(t[r]=i[r])}return t}),String.prototype.startsWith||(String.prototype.startsWith=function(e,t){return t=t||0,this.substr(t,e.length)===e}),Element.prototype.matches||(Element.prototype.matches=Element.prototype.matchesSelector||Element.prototype.mozMatchesSelector||Element.prototype.msMatchesSelector||Element.prototype.oMatchesSelector||Element.prototype.webkitMatchesSelector||function(e){for(var t=(this.document||this.ownerDocument).querySelectorAll(e),n=t.length-1;0<=--n&&t.item(n)!==this;);return-1<n}),window.Element&&!Element.prototype.closest&&(Element.prototype.closest=function(e){var t=(this.document||this.ownerDocument).querySelectorAll(e),n=void 0,o=this;do{for(n=t.length;0<=--n&&t.item(n)!==o;);}while(n<0&&(o=o.parentElement));return o}),function(){for(var i=0,e=["ms","moz","webkit","o"],t=0;t<e.length&&!window.requestAnimationFrame;++t)window.requestAnimationFrame=window[e[t]+"RequestAnimationFrame"],window.cancelAnimationFrame=window[e[t]+"CancelAnimationFrame"]||window[e[t]+"CancelRequestAnimationFrame"];window.requestAnimationFrame||(window.requestAnimationFrame=function(e){var t=(new Date).getTime(),n=Math.max(0,16-(t-i)),o=window.setTimeout(function(){e(t+n)},n);return i=t+n,o}),window.cancelAnimationFrame||(window.cancelAnimationFrame=function(e){clearTimeout(e)})}(),/firefox/i.test(navigator.userAgent)){var s=window.getComputedStyle;window.getComputedStyle=function(e,t){var n=s(e,t);return null===n?{getPropertyValue:function(){}}:n}}window.Promise||(window.Promise=r.default),(o=window.Node||window.Element)&&o.prototype&&null===o.prototype.children&&Object.defineProperty(o.prototype,"children",{get:function(){for(var e=0,t=void 0,n=this.childNodes,o=[];t=n[e++];)1===t.nodeType&&o.push(t);return o}})},{2:2,4:4}],30:[function(e,t,n){"use strict";Object.defineProperty(n,"__esModule",{value:!0}),n.isDropFrame=C,n.secondsToTimeCode=a,n.timeCodeToSeconds=s,n.calculateTimeFormat=l,n.convertSMPTEtoSeconds=d;var o,i=e(7),r=(o=i)&&o.__esModule?o:{default:o};function C(){return!((0<arguments.length&&void 0!==arguments[0]?arguments[0]:25)%1==0)}function a(e){var t=1<arguments.length&&void 0!==arguments[1]&&arguments[1],n=2<arguments.length&&void 0!==arguments[2]&&arguments[2],o=3<arguments.length&&void 0!==arguments[3]?arguments[3]:25,i=4<arguments.length&&void 0!==arguments[4]?arguments[4]:0,r=5<arguments.length&&void 0!==arguments[5]?arguments[5]:"hh:mm:ss";e=!e||"number"!=typeof e||e<0?0:e;var a=Math.round(.066666*o),s=Math.round(o),l=24*Math.round(3600*o),d=Math.round(600*o),u=C(o)?";":":",c=void 0,f=void 0,p=void 0,m=void 0,h=Math.round(e*o);if(C(o)){h<0&&(h=l+h);var v=(h%=l)%d;h+=9*a*Math.floor(h/d),a<v&&(h+=a*Math.floor((v-a)/Math.round(60*s-a)));var g=Math.floor(h/s);c=Math.floor(Math.floor(g/60)/60),f=Math.floor(g/60)%60,p=n?g%60:Math.floor(h/s%60).toFixed(i)}else c=Math.floor(e/3600)%24,f=Math.floor(e/60)%60,p=n?Math.floor(e%60):Math.floor(e%60).toFixed(i);c=c<=0?0:c,p=60===(p=p<=0?0:p)?0:p,f=60===(f=f<=0?0:f)?0:f;for(var y=r.split(":"),E={},b=0,S=y.length;b<S;++b){for(var x="",w=0,P=y[b].length;w<P;w++)x.indexOf(y[b][w])<0&&(x+=y[b][w]);~["f","s","m","h"].indexOf(x)&&(E[x]=y[b].length)}var T=t||0<c?(c<10&&1<E.h?"0"+c:c)+":":"";return T+=(f<10&&1<E.m?"0"+f:f)+":",T+=""+(p<10&&1<E.s?"0"+p:p),n&&(T+=(m=(m=(h%s).toFixed(0))<=0?0:m)<10&&E.f?u+"0"+m:""+u+m),T}function s(e){var t=1<arguments.length&&void 0!==arguments[1]?arguments[1]:25;if("string"!=typeof e)throw new TypeError("Time must be a string");if(0<e.indexOf(";")&&(e=e.replace(";",":")),!/\d{2}(\:\d{2}){0,3}/i.test(e))throw new TypeError("Time code must have the format `00:00:00`");var n=e.split(":"),o=void 0,i=0,r=0,a=0,s=0,l=0,d=Math.round(.066666*t),u=Math.round(t),c=3600*u,f=60*u;switch(n.length){default:case 1:a=parseInt(n[0],10);break;case 2:r=parseInt(n[0],10),a=parseInt(n[1],10);break;case 3:i=parseInt(n[0],10),r=parseInt(n[1],10),a=parseInt(n[2],10);break;case 4:i=parseInt(n[0],10),r=parseInt(n[1],10),a=parseInt(n[2],10),s=parseInt(n[3],10)}return o=C(t)?c*i+f*r+u*a+s-d*((l=60*i+r)-Math.floor(l/10)):(c*i+f*r+t*a+s)/t,parseFloat(o.toFixed(3))}function l(e,t){var n=2<arguments.length&&void 0!==arguments[2]?arguments[2]:25;e=!e||"number"!=typeof e||e<0?0:e;for(var o=Math.floor(e/3600)%24,i=Math.floor(e/60)%60,r=Math.floor(e%60),a=[[Math.floor((e%1*n).toFixed(3)),"f"],[r,"s"],[i,"m"],[o,"h"]],s=t.timeFormat,l=s[1]===s[0],d=l?2:1,u=s.length<d?s[d]:":",c=s[0],f=!1,p=0,m=a.length;p<m;p++)if(~s.indexOf(a[p][1]))f=!0;else if(f){for(var h=!1,v=p;v<m;v++)if(0<a[v][0]){h=!0;break}if(!h)break;l||(s=c+s),s=a[p][1]+u+s,l&&(s=a[p][1]+s),c=a[p][1]}t.timeFormat=s}function d(e){if("string"!=typeof e)throw new TypeError("Argument must be a string value");for(var t=~(e=e.replace(",",".")).indexOf(".")?e.split(".")[1].length:0,n=0,o=1,i=0,r=(e=e.split(":").reverse()).length;i<r;i++)o=1,0<i&&(o=Math.pow(60,i)),n+=Number(e[i])*o;return Number(n.toFixed(t))}r.default.Utils=r.default.Utils||{},r.default.Utils.secondsToTimeCode=a,r.default.Utils.timeCodeToSeconds=s,r.default.Utils.calculateTimeFormat=l,r.default.Utils.convertSMPTEtoSeconds=d},{7:7}]},{},[29,6,5,15,23,20,19,21,22,24,16,18,17,9,10,11,12,13,14]);</script>
<script id="mediaelement-migrate-js" defer="defer">!function(a){void 0===mejs.plugins&&(mejs.plugins={},mejs.plugins.silverlight=[],mejs.plugins.silverlight.push({types:[]})),mejs.HtmlMediaElementShim=mejs.HtmlMediaElementShim||{getTypeFromFile:mejs.Utils.getTypeFromFile},void 0===mejs.MediaFeatures&&(mejs.MediaFeatures=mejs.Features),void 0===mejs.Utility&&(mejs.Utility=mejs.Utils);var e=MediaElementPlayer.prototype.init,t=(MediaElementPlayer.prototype.init=function(){this.options.classPrefix="mejs-",this.$media=this.$node=a(this.node),e.call(this)},MediaElementPlayer.prototype._meReady);MediaElementPlayer.prototype._meReady=function(){this.container=a(this.container),this.controls=a(this.controls),this.layers=a(this.layers),t.apply(this,arguments)},MediaElementPlayer.prototype.getElement=function(e){return void 0!==a&&e instanceof a?e[0]:e},MediaElementPlayer.prototype.buildfeatures=function(e,t,i,s){for(var l=["playpause","current","progress","duration","tracks","volume","fullscreen"],r=0,n=this.options.features.length;r<n;r++){var o=this.options.features[r];if(this["build"+o])try{-1===l.indexOf(o)?this["build"+o](e,a(t),a(i),s):this["build"+o](e,t,i,s)}catch(e){console.error("error building "+o,e)}}}}((window,jQuery));</script>
<script id="mediaelement-js-extra">
var _wpmejsSettings = {"pluginPath":"/wp-includes/js/mediaelement/","classPrefix":"mejs-","stretching":"responsive","audioShortcodeLibrary":"mediaelement","videoShortcodeLibrary":"mediaelement"};
//# sourceURL=mediaelement-js-extra
</script>
<script id="wp-mediaelement-js" defer="defer">!function(e,n){e.wp=e.wp||{},e.wp.mediaelement=new function(){var t={};return{initialize:function(){var e=[];(t="undefined"!=typeof _wpmejsSettings?n.extend(!0,{},_wpmejsSettings):t).classPrefix="mejs-",t.success=t.success||function(e){var t,n;e.rendererName&&-1!==e.rendererName.indexOf("flash")&&(t=e.attributes.autoplay&&"false"!==e.attributes.autoplay,n=e.attributes.loop&&"false"!==e.attributes.loop,t&&e.addEventListener("canplay",function(){e.play()},!1),n)&&e.addEventListener("ended",function(){e.play()},!1)},t.customError=function(e,t){if(-1!==e.rendererName.indexOf("flash")||-1!==e.rendererName.indexOf("flv"))return'<a href="'+t.src+'">'+mejsL10n.strings["mejs.download-file"]+"</a>"},void 0!==t.videoShortcodeLibrary&&"mediaelement"!==t.videoShortcodeLibrary||e.push(".wp-video-shortcode"),void 0!==t.audioShortcodeLibrary&&"mediaelement"!==t.audioShortcodeLibrary||e.push(".wp-audio-shortcode"),e.length&&n(e.join(", ")).not(".mejs-container").filter(function(){return!n(this).parent().hasClass("mejs-mediaelement")}).mediaelementplayer(t)}}},n(e.wp.mediaelement.initialize)}(window,jQuery);</script>
<script id="manoir-skin-default-js" defer="defer">/* global jQuery, MANOIR_STORAGE */

(function() {
	"use strict";

	function manoir_skin_post_header_init() {
		var header = jQuery('.post_header_wrap_style_style-1.with_featured_image, .post_header_wrap_style_style-2.with_featured_image');
		header.find('.post_featured').css('min-height', 0);

		if ( jQuery(header).find('.post_featured.with_gallery').length > 0 ) {
			return;
		}
		if ( jQuery(header).find('.post_featured.with_thumb.post_featured_bg.with_video').length > 0 ) {
			return;
		}

		header.each(function() {
			var self = jQuery(this);
			var image_h = self.find('.post_featured').outerHeight();
			var info_h = self.find('.post_header').outerHeight();
			var x = 180;
			if ( jQuery('body').hasClass('mobile_layout') ) {
				x = 100;
			}

			info_h = info_h + x;
			if ( info_h >= image_h ) {
				self.find('.post_featured').css('min-height', info_h);
			}
		});
	}

	manoir_add_filter( 'trx_addons_filter_skills_pie_options', function(opt) {
		opt.animateScale = false;
		return opt;
	} );

	manoir_add_filter( 'manoir_filter_select_container_selector', function(selector) {
		selector = selector + ':not([name*="paid-service"])';
		return selector;
	} );


	if ( typeof TRX_ADDONS_STORAGE != 'undefined' && TRX_ADDONS_STORAGE['mouse_helper'] > 0 && TRX_ADDONS_STORAGE['mouse_helper_in_swiper_slider'] > 0 ) {
		if (jQuery('body').find('.slider_container.slider_swiper:not(.go)').length > 0) {
			jQuery('body').find('.slider_container.slider_swiper:not(.go)').each(function () {
				jQuery(this).addClass('go');
				var check_helper = jQuery(this).closest('.elementor-widget').data('mouse-helper');
				if(!check_helper) {					
					jQuery(this).attr('data-mouse-helper-hide-cursor', '1');
					jQuery(this).attr('data-mouse-helper', 'hover');
					jQuery(this).attr('data-mouse-helper-centered', '1');
					jQuery(this).attr('data-mouse-helper-magnet', '0');
					jQuery(this).attr('data-mouse-helper-bg-color', 'rgba(0, 0, 0, 1)');
					jQuery(this).attr('data-mouse-helper-mode', 'normal');
					jQuery(this).attr('data-mouse-helper-axis', 'xy');
					jQuery(this).attr('data-mouse-helper-delay', '8');
					jQuery(this).attr('data-mouse-helper-text-round', '0');
					jQuery(this).attr('data-mouse-helper-layout', '<div class=custom-helper><span></span></div>');
					if(jQuery(this).hasClass('slider_direction_vertical')) {
						jQuery(this).attr('data-mouse-helper-class', 'direction_vertical');
					}
				}
			});
		}
	}

	// Create Swiper Controls - Title
	function skin_blogger_controls_title() {
		if (jQuery('body').find('.sc_slider_controls:not(.go)').length > 0) {
			jQuery('body').find('.sc_slider_controls:not(.go)')
				.each(function () {
					var controls = jQuery(this).addClass('go'),
						slider_id = controls.data('slider-id'),
						pagination_style = controls.data('pagination-style');
					if (!slider_id) return;
					slider_id = jQuery('#' + slider_id + ' .slider_swiper').attr('id');
					if (!slider_id) return;

					// Add pagination
					var s = typeof TRX_ADDONS_STORAGE['swipers'] != 'undefined' && typeof TRX_ADDONS_STORAGE['swipers'][slider_id] != 'undefined' ? TRX_ADDONS_STORAGE['swipers'][slider_id] : false,
						slides = jQuery('#' + slider_id + ' .swiper-slide'),
						spv = s
							? (s.params.loop
									? s.loopedSlides
									: 0
							)
							: 0;
					if (pagination_style == 'title') {
						var html = '';
						slides.each(function (idx) {
							var slide = jQuery(this);
							if (idx < spv || idx >= slides.length - spv) return;
							var title = (slide.data('title')
									? slide.data('title')
									: slide.find('[class*="_item_title"]').text()
							);
							html += '<span class="slider_pagination_bullet swiper-pagination-bullet" data-slide-number="' + (s ? jQuery(this).data('slide-number') : idx) + '">' + title + '</span>';
						});
						controls.find('.slider_pagination_wrap').html(html);

						jQuery('#' + slider_id).on('slider_init slide_change_start', function (e) {
							if (TRX_ADDONS_STORAGE['swipers'][slider_id]) {
								var s = TRX_ADDONS_STORAGE['swipers'][slider_id];
								var current = jQuery(s.slides[s.activeIndex]).data('slide-number') + 1,
									total = s.params.loop ? Math.ceil((s.slides.length - s.loopedSlides * 2) / s.params.slidesPerGroup) : s.snapGrid.length;
								if (total > 0) {
									controls.find('.slider_pagination_bullet')
										.removeClass('slider_pagination_bullet_active swiper-pagination-bullet-active')
										.eq(current - 1)
										.addClass('slider_pagination_bullet_active swiper-pagination-bullet-active');
								}
							}
						});
					}
				});
		}
	}


	// Init skin-specific actions on first run
	// Attention! Don't forget to add the class "inited" and check it to prevent re-initialize the elements

	// Change param "slides per" in exactly sliders
	manoir_add_filter( 'trx_addons_filter_slider_init_args', function( $param, $init ) {
		if( $init.parents('.slider_width_auto').length > 0 && ( $init.parents('.sc_portfolio_extra').length > 0 || $init.parents('.sc_portfolio_default').length > 0 ) ) {
			$param.slidesPerView = 'auto';
		}
		return $param;
	} );


	// Toggle for Filter
	function skin_blogger_toggle_filter_add_element() {
		if ( jQuery('.content').find(".sc_style_toggle").length > 0 ) {
			jQuery(" .sc_style_toggle").each(function() {
				var toggle_title = MANOIR_STORAGE['toggle_title'];
				jQuery(this).find('.sc_item_filters').append('<div class="title_wrap"><span class="toggle_title"></span><span class="active_tab"></span></div>');
				jQuery(this).find('.sc_item_filters .sc_item_filters_tabs').wrap('<div class="list_wrap"></div>');
				jQuery(this).find('.sc_item_filters .toggle_title').text(toggle_title);

				jQuery(this).find('span.active_tab')
					.mouseenter( function() {
							jQuery(this).parents('.sc_item_filters').find('.sc_item_filters_tabs').addClass('active');
						}
					);
				jQuery(this).find('.sc_blogger_filters')
					.mouseleave( function() {
							jQuery(this).find('.sc_item_filters_tabs').removeClass('active');
						}
					);
			})
		}
	}
	function skin_blogger_toggle_filter_upd_value() {
		if ( jQuery('.content').find(".sc_style_toggle").length > 0 ) {
			jQuery(" .sc_style_toggle").each(function() {
				var text = jQuery(this).find('.sc_item_filters .sc_item_filters_tabs .sc_item_filters_tabs_active a').text();
				jQuery(this).find('.sc_item_filters .active_tab').text(text);
			})
		}
	}
	function skin_add_custom_width_filter_list() {
		if ( jQuery('.content').find(".sc_style_toggle").length > 0 ) {
			jQuery('.sc_style_toggle .sc_item_filters_wrap .sc_item_filters').each(function() {
				var check_element = jQuery(this).find('.list_wrap');
				var width = jQuery(this).find( '.title_wrap' ).outerWidth();
				jQuery(check_element).css('width', 'calc(100% - ' + (width + 10) + 'px)');
			})
		}
	}
	// Move title with cursor
	function mousemove_for_portfolio_small() {
		if (jQuery( window ).width() > 1279 ) {
			if ( jQuery('.content').find(".sc_blogger_lay_portfolio_grid_grid_style_7").length > 0 ) {
				jQuery(".sc_blogger_lay_portfolio_grid_grid_style_7 .sc_blogger_item").each(function() {
					let $Target = jQuery(this);
					let $TargetInner = $Target.find('.post_info_bl');
					$Target.mousemove(function(event){
						let y = event.pageY - $Target.offset().top + 20;
						let x = event.pageX - $Target.offset().left + 20;
						$TargetInner.css({'top': y,'left': x,'bottom': "auto",'right': "auto",'opacity': 1});

					})
					.mouseleave(function() {
						$TargetInner.css({'top': 'auto','left': 30,'bottom': 30,'right': "auto",'opacity': 0});
					});
				});
			}
		}
	}
	// Add wrap in portfolio style
	function add_portfolio_image_wrap() {
		if ( jQuery('.content').find(".sc_blogger_lay_portfolio_grid_grid_style_7").length > 0 ) {
			var $item = jQuery(".sc_blogger_lay_portfolio_grid_grid_style_7 .sc_blogger_item:not(.inited_item)");
			$item.each(function() {
				jQuery(this).addClass('inited_item');
				jQuery(this).find(".bg_in").wrap('<div class="bg_in_wrap"></div>');
			});
		}

		if ( jQuery('.content').find(".sc_blogger_lay_portfolio_grid_grid_style_9").length > 0 ) {
			var $item = jQuery(".sc_blogger_lay_portfolio_grid_grid_style_9 .sc_blogger_item:not(.inited_item)");
			$item.each(function() {
				jQuery(this).addClass('inited_item');
				jQuery(this).find(".bg_in").wrap('<div class="bg_in_wrap"></div>');
			});
		}
	}
	// Move title with cursor
	function mousemove_for_portfolio_large() {
		if (jQuery( window ).width() > 1279 ) {
			if ( jQuery('.content').find(".sc_blogger_lay_portfolio_grid_grid_style_9").length > 0 ) {
				jQuery(".sc_blogger_lay_portfolio_grid_grid_style_9 .sc_blogger_item").each(function() {
					let $Target = jQuery(this);
					let $TargetInner = $Target.find('.post_info_bl');
					$Target.mousemove(function(event){
						let y = event.pageY - $Target.offset().top + 20;
						let x = event.pageX - $Target.offset().left + 20;
						$TargetInner.css({'top': y,'left': x,'bottom': "auto",'right': "auto",'opacity': 1 });
					})
						.mouseleave(function() {
							$TargetInner.css({'top': "auto",'left': 30,'bottom': 30,'right': "auto",'opacity': 0 });
						});
				});
			}
		}
	}
	/* Add image background on wrap in portfolio Stretch */
	function background_image_portfolio_stretch() {
		if ( jQuery('.content').find(".sc_blogger_portmodern").length > 0 ) {

            jQuery(".sc_blogger_portmodern .sc_blogger_item .sc_blogger_item_title").on( 'mouseover', function() {
                jQuery(this).addClass('active_item');
                jQuery(this).parents('.sc_blogger_content').addClass('active_items');
            }).on( 'mouseleave', function() {
                jQuery(this).removeClass('active_item');
		jQuery(this).parents('.sc_blogger_content').removeClass('active_items');
            });
			if (jQuery( window ).width() > 1279 ) {
				jQuery(".sc_blogger_portmodern .sc_blogger_item:not(.inited_item)").each(function() {
					let $Target = jQuery(this).addClass('inited_item');
					let $TargetInner = $Target.find('.sc_blogger_item_title');
					let $TargetInnerId = $TargetInner.data('item-id');
					let $TargetInnerImg = $TargetInner.data('item-image');
					if ( $TargetInnerImg ) {
						var obj = new Image();
						obj.src = $TargetInnerImg;
					}
					let $WrapImage = jQuery( this ).parents(".sc_blogger_portmodern").find(".decor_image_wrap");

					if( jQuery($WrapImage).find('#' + $TargetInnerId ).length <= 0 ) {
						jQuery($WrapImage).append('<div id="' + $TargetInnerId + '" class="image_item" ></div>');
						jQuery($TargetInner).on('mouseover', function() {
							let $NewTarget = jQuery( this ).parents(".sc_blogger_portmodern").find(".decor_image_wrap");
							jQuery($NewTarget).find('div#' + $TargetInnerId + '').css({'background-image': 'url(' + $TargetInnerImg + ')'});
						})
					}
				});
			}

			jQuery(".sc_blogger_portmodern .sc_blogger_item").each(function() {
				let $Target = jQuery(this);
				let $TargetInner = $Target.find('.sc_blogger_item_title');
				let $TargetInnerId = $TargetInner.data('item-id');
				let $WrapImage = jQuery( this ).parents(".sc_blogger_portmodern").find(".decor_image_wrap");
				jQuery($TargetInner).on('mouseover', function() {
					jQuery($WrapImage).find('div#' + $TargetInnerId + '').addClass('active_image')
				}).on( 'mouseleave', function() {
					let $WrapImage = jQuery( this ).parents(".sc_blogger_portmodern").find(".image_item");
					jQuery($WrapImage).removeClass('active_image');
				});
			});

			jQuery(".sc_blogger_portmodern .sc_blogger_item").each(function() {
				//jQuery(this).addClass('inited_description');
				jQuery(this).find(".sc_blogger_item_title").on( 'click', function() {
					let $eachTitleItem = jQuery( this ).parents(".sc_blogger_portmodern").find(".sc_blogger_item").find(".sc_blogger_item_title");
					let $WrapPreview = jQuery( this ).parents(".sc_blogger_portmodern").find(".portfolio_preview");
					let $PreviewDescription = jQuery($WrapPreview).find(".portfolio_description");
					let $PreviewImage = jQuery($WrapPreview).find(".portfolio_image");
					let $PreviewClose = jQuery($WrapPreview).find(".close");
					let $TargetInnerDetails = jQuery( this ).data('details');
					let $TargetInnerImg = jQuery( this ).data('item-image');
					$PreviewImage.css({'background-image': 'url(' + $TargetInnerImg + ')'});
					$PreviewDescription.html($TargetInnerDetails);
					jQuery($eachTitleItem).addClass('anim_fade');
					jQuery($WrapPreview).addClass('portfolio_preview_show');

					if( $WrapPreview.hasClass('portfolio_preview_show') ) {
						jQuery('html').addClass('portfolio_preview_opened');
						$PreviewClose.on('click', function() {
							jQuery('html').removeClass('portfolio_preview_opened');
							jQuery($eachTitleItem).removeClass('anim_fade');
							jQuery($WrapPreview).removeClass('portfolio_preview_show');
							jQuery($PreviewDescription).empty();
						});
						jQuery( window ).on( 'keyup', function(e) {
								if (e.keyCode === 27) {
									jQuery('html').removeClass('portfolio_preview_opened');
									jQuery($WrapPreview).removeClass('portfolio_preview_show');
									jQuery($eachTitleItem).removeClass('anim_fade');
									jQuery($PreviewDescription).empty();
								}
						});
					}

					//jQuery(document).trigger( 'action.init_hidden_elements', [$WrapPreview] );

					// Socials share
					//----------------------------------------------
					var $share_items = $PreviewDescription.find('.socials_share .social_items:not(.inited)');
					if ($share_items.length > 0) {
						$share_items
							.addClass('inited')
							.on('click', '.social_item_popup', function(e) {
								var url = jQuery(this).data('link');
								window.open(url, '_blank', 'scrollbars=0, resizable=1, menubar=0, left=100, top=100, width=480, height=400, toolbar=0, status=0');
								e.preventDefault();
								return false;
							})
							.on('click', '.social_item[data-copy-link-url]', function(e) {
								var $self = jQuery(this),
									url = $self.data('copy-link-url');
								if ( url != '' ) {
									trx_addons_copy_to_clipboard( url );
									var msg = $self.data('message') ? $self.data('message') : MANOIR_STORAGE['msg_copied'];
									if ( msg ) {
										$self.attr('data-tooltip-text', msg);
										setTimeout( function() {
											$self.removeAttr('data-tooltip-text');
										}, 3000 );
									}
								}
								e.preventDefault();
								return false;
							});
					}
				});
			});
		}
	}
	// Audio
	function manoir_skin_audio_init() {
		jQuery('[class*="single_style_style-"]:not(.single_style_style-1):not(.single_style_style-3) .post_header_wrap_in_header .post_featured.with_audio.with_thumb:not(.audio_inited)').addClass('audio_inited').each(function() {
			var featured = jQuery(this);
			var audio_wrap = featured.find('.post_audio');
			var btn = jQuery('<div class="post_audio_btn"></div>');
			featured.prepend(btn);
			btn.on('click', function() {				
				audio_wrap.toggleClass('show');
				audio_wrap.find('.mejs-playpause-button').click();			
			});
		});
	}


	jQuery( window ).on('load',function() {

		// Audio
		manoir_skin_audio_init();

		// Toggle for Filter
		skin_add_custom_width_filter_list();

		// Add image background on wrap in portfolio Stretch
		background_image_portfolio_stretch();

		manoir_skin_post_header_init();

	});

	jQuery( document ).on(
		'action.ready_manoir', function() {
			extra_margin_top_video_popup_button();
			// Move title with cursor
			mousemove_for_portfolio_large();
			mousemove_for_portfolio_small();

			// Toggle for Filter
			skin_blogger_toggle_filter_add_element();

			skin_blogger_controls_title();

			// Anim for 404 page
			if ( typeof window.TweenMax != 'undefined' ) {
				if (jQuery('.post_item_404').length > 0) {
					var $layer_1 = jQuery('.post_item_404 .svg-1'),
						$layer_2 = jQuery('.post_item_404 .svg-2'),
						$layer_3 = jQuery('.post_item_404 .svg-3'),
						$layer_4 = jQuery('.post_item_404 .svg-4'),
						$container = jQuery('.error404 .page_content_wrap'),
						container_w = $container.width(),
						container_h = $container.height();

					if ($layer_1.length > 0 || $layer_2.length > 0 || $layer_3.length > 0 || $layer_4.length > 0) {
						jQuery(window).on('mousemove.parallax', function (event) {
							var pos_x = event.pageX,
								pos_y = event.pageY,
								left = 0,
								top = 0;
							left = container_w / 2 - pos_x;
							top = container_h / 2 - pos_y;
							if ($layer_1.length > 0) {
								TweenMax.to(
									$layer_1,
									1,
									{
										css: {
											transform: 'translateX(' + left / 25 + 'px) translateY(' + top / 25 + 'px)'
										},
										ease: Power2.easeOut,
										overwrite: 'all' //'none'
									}
								);
							}
							if ($layer_2.length > 0) {
								TweenMax.to(
									$layer_2,
									1,
									{
										css: {
											transform: 'translateX(' + left / 35 + 'px) translateY(' + top / 35 + 'px)'
										},
										ease: Power2.easeOut,
										overwrite: 'all'
									}
								);
							}
							if ($layer_3.length > 0) {
								TweenMax.to(
									$layer_3,
									1,
									{
										css: {
											transform: 'translateX(' + left / 55 + 'px) translateY(' + top / 55 + 'px)'
										},
										ease: Power2.easeOut,
										overwrite: 'all' //'none'
									}
								);
							}
							if ($layer_4.length > 0) {
								TweenMax.to(
									$layer_4,
									1,
									{
										css: {
											transform: 'translateX(' + left / 70 + 'px) translateY(' + top / 70 + 'px)'
										},
										ease: Power2.easeOut,
										overwrite: 'all' //'none'
									}
								);
							}
						});
					}
				}
			}

			// for woo tinv
			if(jQuery('.woocommerce-product-gallery__wrapper > .tinv-wraper').length > 0) {
				var tinv = jQuery('.woocommerce-product-gallery__wrapper > .tinv-wraper');
				jQuery('.woocommerce-product-gallery__wrapper').after(tinv);
			}

			//Tilt 3d hover for Class - VanillaTiltHover
			if (jQuery( '.VanillaTiltHover' ).length > 0) {
				VanillaTilt.init(document.querySelectorAll('.VanillaTiltHover'), {
					max: 8,
					speed: 1000,
					scale: 1.05,
					transition: true,
					easing: 'cubic-bezier(.03,.98,.52,.99)',
					perspective: 1200,
				});
			}
			//Tilt 3d hover for teams
			if (jQuery( '.start-inner-3d' ).length > 0) {
				VanillaTilt.init(document.querySelectorAll('.start-inner-3d'), {
					max: 5,
					speed: 1000,
					scale: 1,
					transition: true,
					easing: 'cubic-bezier(.03,.98,.52,.99)',
					perspective: 1500,
				});
			}

            //Tilt 3d hover
	        if (jQuery( '.tilt_action' ).length > 0) {
                VanillaTilt.init(document.querySelectorAll('.tilt_action'), {
                    max: 8,
                    speed: 1000,
                    scale: 1.05,
                    transition: true,
                    easing: 'cubic-bezier(.03,.98,.52,.99)',
                    perspective: 1400,
                });
            }

			//Tilt 3d hover for cat list
			if (jQuery( '.tilt_action_cat_list' ).length > 0) {
				VanillaTilt.init(document.querySelectorAll('.tilt_action_cat_list'), {
					max: 8,
					speed: 1500,
					scale: 1.02,
					transition: true,
					easing: 'cubic-bezier(.03,.98,.52,.99)',
					perspective: 2400,
				});
			}

            // Process Tribe Events view after it was reloaded by AJAX
			jQuery('.tribe-events-view').on( 'beforeAjaxComplete.tribeEvents beforeAjaxSuccess.tribeEvents beforeAjaxError.tribeEvents', manoir_tribe_events_after_ajax );
			function manoir_tribe_events_after_ajax( jqXHR, textStatus ) {
				setTimeout( function() {
					// Set up event handler again because .tribe-events-view was recreated after AJAX
					jQuery('.tribe-events-view').on( 'beforeAjaxComplete.tribeEvents beforeAjaxSuccess.tribeEvents beforeAjaxError.tribeEvents', manoir_tribe_events_after_ajax );
					// ToDo: Any actions after the Tribe Events View is reloaded

				}, 10 );
			}

			jQuery('.wpcf7-submit').wrap("<span class='wpcf7-submit-style'></span>").after("<span class='submit-style-in'></span>");

			// style line
			if (jQuery( 'div.wpcf7 .style-line .wpcf7-form-control-wrap' ).length > 0) {
				jQuery( 'div.wpcf7 .style-line .wpcf7-form-control-wrap' ).each(
					function () {
						jQuery(this).append('<span class="line"></span>');
					}
				);
			}

			function textarea_auto_height(txt) {
				var hiddenDiv = jQuery(document.createElement('div')),
					content = null;
				txt.addClass('noscroll');
				hiddenDiv.addClass('hiddendiv');
				txt.after(hiddenDiv);
				if(txt.val()) {
					hiddenDiv.html(txt.val());
					txt.animate({ 'height' : hiddenDiv.outerHeight()
					},800);
				}
				txt.bind('keyup', function() {
					content = txt.val();
					content = content.replace(/\n/g, '<br>');
					hiddenDiv.html(content);
					txt.animate({ 'height' : hiddenDiv.outerHeight()
					},50);
				});
			}

			if (jQuery( 'div.wpcf7 .form-style-2 textarea' ).length > 0) {
				jQuery( 'div.wpcf7 .form-style-2 textarea' ).each(
					function () {
						textarea_auto_height(jQuery(this));
					});
			}

			// mc4wp - id
			if (jQuery( '.mc4wp-form-fields' ).length > 0) {
				var count_mc4wp = 1;
				jQuery( '.mc4wp-form-fields' ).each(
					function () {
						jQuery(this).find('input[type="checkbox"]').each(
							function () {
								var id = jQuery(this).attr( 'id' );
								if(id) {}
								else {
									id = 'go';
								}
								jQuery(this).attr('id', id + count_mc4wp);
								jQuery(this).next('label').attr('for', id + count_mc4wp);
								count_mc4wp++;
							});
					});
			}

			function mc4wpGO(form) {
				jQuery(form).each(function () {

					var form = jQuery(this),
						btn = form.find('button, input[type="submit"], input[type="button"]');
					var $i_agree = form.find('input[type="checkbox"][name="i_agree_privacy_policy"]:not(.inited)'
						+ ',input[type="checkbox"][name="gdpr_terms"]:not(.inited)'
						+ ',input[type="checkbox"][name="wpgdprc"]:not(.inited)'
						+ ',input[type="checkbox"][name="AGREE_TO_TERMS"]:not(.inited)'
					);
					form.addClass('inited_validation');

					if ( $i_agree.length > 0 ) {
						$i_agree.addClass( 'inited' );
					}

					btn.on( 'click', function(e) {
						form.find('.trx_addons_message_box').remove();

						if ( $i_agree.length > 0 ) {
							if ( ! $i_agree.get(0).checked ) {
								form.append( '<div class="trx_addons_message_box trx_addons_message_box_error">' + MANOIR_STORAGE['msg_i_agree_error'] + '</div>' );
								var error_msg = form.find('.trx_addons_message_box');
								error_msg.fadeIn(600);
								setTimeout( function() {
									error_msg.fadeOut( 600, function() {error_msg = form.find('.trx_addons_message_box');
										error_msg.remove();
									} );
								}, 3000 );

								e.preventDefault();
								return false;
							}
						}

						var rez = manoir_form_validate(form, {
							error_message_show: true,
							error_message_time: 3000,
							error_message_class: 'trx_addons_message_box trx_addons_message_box_error',
							error_message_text: 'Global error text',
							error_fields_class: 'mc4wp_error_field',
							exit_after_first_error: true,
							rules: [
								{
									field: 'EMAIL',
									min_length: {value: 7, message: MANOIR_STORAGE['mc4wp_msg_email_min']},
									max_length: {value: 60, message: MANOIR_STORAGE['mc4wp_msg_email_max']},
									mask: {
										value: '^([a-zA-Z0-9_\\-]+\\.)*[a-zA-Z0-9_\\-]+@[a-zA-Z0-9_\\-]+(\\.[a-zA-Z0-9_\\-]+)*\\.[a-zA-Z]{2,6}$',
										message: 'Invalid email address'
									}
								},
							]
						});

						if (!rez) {
							jQuery(form).submit();
						}
						else {
							e.preventDefault();
							return rez;
						}

					});
				});
			}
			mc4wpGO(jQuery(".mc4wp-form:not(.inited_validation)"));

			var $document = jQuery(document),
				body = jQuery('body');

			// Open/Close mobile menu
			$document.on( 'action.mobile_menu_open', function(e, $menu) {
				$menu.find( '.menu_mobile_widgets_area a[href*="mailto"]').addClass( 'underline_anim' );
                setTimeout(
                    function() {
                        $menu.find( '.menu_mobile_widgets_area a[href*="mailto"]' ).addClass( 'underline_do_hover' );
                    }, 600
                );
			} );
			$document.on( 'action.mobile_menu_close', function(e, $menu) {
				$menu.addClass( 'out_anim' );
                setTimeout( function () {
                    $menu.removeClass('out_anim');
					jQuery('.menu_mobile_widgets_area a[href*="mailto"]').removeClass('underline_do_hover');
                }, 1000);
			} );
			manoir_add_filter( 'manoir_filter_mobile_menu_close_timeout', function( timeout, $menu ) {
				return 1000;
			} );

            // Open/Close panel menu
			// Prepare links to panel
            body.find('.sc_layouts_panel_menu:not(.inited)').each( function() {
				var self = jQuery(this),
					id = self.attr('id');
				if (!id) return;
				var link = jQuery('a[href="#'+id+'"]');
				if (link.length === 0) {
					body.append('<a href="#'+id+'" class="trx_addons_hidden"></a>');
					link = jQuery('a[href="#'+id+'"]');
				}
				link.addClass('trx_addons_panel_menu_link');
			});

            // Display panel on click on the panel link
            function manoir_skin_open_panel( id ) {
                var $panel = jQuery( '#' + id ).addClass( 'opened' );
                $panel.prev('.sc_layouts_panel_menu_overlay' ).fadeIn();
                $panel.find( '[class*="trx_addons_title_with_link"] > a:not(.underline_anim)' ).addClass( 'underline_anim' );
                setTimeout(
                    function() {
                        $panel.find( '[class*="trx_addons_title_with_link"] > a.underline_anim' ).addClass( 'underline_do_hover' );
                    }, 600
                );
                body.addClass( 'sc_layouts_panel_menu_opened' );
                $document.trigger( 'action.stop_wheel_handlers' );
            }

            jQuery( '.trx_addons_panel_menu_link:not(.panel_inited)' )
				.addClass( 'panel_inited' )
				.on( 'click', function(e) {
					manoir_skin_open_panel( jQuery(this).attr('href').substring(1) );
					e.preventDefault();
					return false;
				});

            // Close panel
            function manoir_skin_close_panel() {

               var $panel = jQuery( '.sc_layouts_panel_menu.opened' ).addClass( 'out_anim' );

                jQuery( '.sc_layouts_panel_menu_close' ).parents( 'sc_layouts_panel_menu' ).addClass( 'out_anim' );

                setTimeout(function () {
                    $panel.prev( '.sc_layouts_panel_menu_overlay' ).fadeOut();
                    $panel.removeClass('out_anim').removeClass('opened');
                    $panel.find('[class*="trx_addons_title_with_link"] > a.underline_anim').removeClass('underline_do_hover');
                    body.removeClass( 'sc_layouts_panel_menu_opened' );
                    $document.trigger( 'action.start_wheel_handlers' );
                }, 1000);
            }
            $document
                .on( 'keyup', function(e) {
                	var $panel = jQuery( '.sc_layouts_panel_menu.opened');
					if (e.keyCode === 27) {
						if  ($panel.length === 1) {
							manoir_skin_close_panel();
							e.preventDefault();
							return false;
						}
					}
                }
            );

            jQuery( '.sc_layouts_panel_menu_close, .sc_layouts_panel_menu_overlay' )
				.on( 'click', function(e) {
					manoir_skin_close_panel();
					e.preventDefault();
					return false;
           		}
            );

            jQuery( '.sc_layouts_panel_menu_close' )
                .on( 'keyup', function(e) {
                    var $panel = jQuery( '.sc_layouts_panel_menu.opened');
                    if (e.keyCode === 13) {
                        if ($panel.length === 1) {
                            manoir_skin_close_panel();
                            e.preventDefault();
                            return false;
                        }
                    }
                } )
                .on( 'focus', function() {
                    if ( ! body.hasClass( 'sc_layouts_panel_menu_opened' ) ) {
                        jQuery( '#content_skip_link_anchor' ).focus();
                    }
                } );

        }
	);

    // Search Modern -----------------
    //-------------------------------
	var $search_wrap = jQuery( '.search_modern .search_wrap:not(.inited)' );

    if ( $search_wrap.length > 0 ) {
        jQuery( $search_wrap.each( function() {
            var $body =  jQuery('body'),
				$search_wrap_init = jQuery(this).addClass( 'inited' ),
                search_field = $search_wrap_init.find( '.search_field' ),
           	    ajax_timer = null;

            // ESC is pressed
            search_field.on('keyup', function(e) {
                if (e.keyCode === 27) {
                    search_field.val('');
                    $body.addClass('search_out_anim');
                    setTimeout(function () {
                        manoir_search_close($search_wrap_init);
                        $body.removeClass('search_open_anim');
                        $body.removeClass('search_out_anim');
                        $search_wrap_init.next( '.search_overlay' ).fadeOut();

                        e.preventDefault();
                        return false;
                    }, 800);

                    setTimeout(function () {
                        $search_wrap_init.parent().removeClass('search_active');
                        $body.removeClass('search_active');
                    }, 1200);
                }
                // AJAX search
                if ($search_wrap_init.hasClass('search_ajax')) {
                    var s = search_field.val();
                    if (ajax_timer) {
                        clearTimeout(ajax_timer);
                        ajax_timer = null;
                    }
                    if (s.length >= 4) {
                        ajax_timer = setTimeout(function () {
                            $search_wrap_init.addClass('search_progress');
                            jQuery.post(TRX_ADDONS_STORAGE['ajax_url'], {
                                action: 'ajax_search',
                                nonce: TRX_ADDONS_STORAGE['ajax_nonce'],
                                text: s,
                                post_types: $search_wrap_init.find('input[name="post_types"]').val()
                            }).done(function (response) {
                                clearTimeout(ajax_timer);
                                ajax_timer = null;
                                var rez = {};
                                if (response == '' || response == 0) {
                                    rez = {error: TRX_ADDONS_STORAGE['msg_search_error']};
                                } else {
                                    try {
                                        rez = JSON.parse(response);
                                    } catch (e) {
                                        rez = {error: TRX_ADDONS_STORAGE['msg_search_error']};
                                        console.log(response);
                                    }
                                }
                                var msg = rez.error === '' ? rez.data : rez.error;
                                $search_wrap_init.removeClass('search_progress');
                                search_field.parents('.search_ajax').find('.search_results_content').empty().append(msg);
                                search_field.parents('.search_ajax').find('.search_results').fadeIn();
                                jQuery(document).trigger('action.got_ajax_response', {
                                    action: 'ajax_search',
                                    result: rez
                                });
                            });
                        }, 500);
                    }
                }

            });

            //Search Submit
			var  $search = $search_wrap_init.prev('.search_submit');
            $search.on('click', function(e) {
                $search_wrap_init.parent().addClass('search_active');
                $body.addClass('search_active');
                if (!$search_wrap_init.hasClass('search_opened')) {
                    $search_wrap_init.addClass('search_opened');
                    $body.addClass('search_open_anim');
                    $search_wrap_init.next( '.search_overlay' ).fadeIn();
                    setTimeout(function() { search_field.get(0).focus(); }, 500);
                } else if (search_field.val() === '') {
                    if ($search_wrap_init.hasClass('search_opened'))
                            manoir_search_close($search_wrap_init);
                    else
                        search_field.get(0).focus();
                } else {
                    $search_wrap_init.addClass('search_progress');
                    $search_wrap_init.find('form').get(0).submit();
                }
                e.preventDefault();
                return false;
            });

            // Click "Search close"
            $search_wrap_init.find('.search_close').add(
            $search_wrap_init.next('.search_overlay')
			).on('click', function(e) {
                $body.addClass('search_out_anim');

                setTimeout(function () {
                    manoir_search_close($search_wrap_init);
                    $body.removeClass('search_open_anim');
                    $body.removeClass('search_out_anim');
                    $search_wrap_init.next( '.search_overlay' ).fadeOut();

                    e.preventDefault();
                    return false;
                }, 800);

                setTimeout(function () {
                    $search_wrap_init.parent().removeClass('search_active');
                    $body.removeClass('search_active');
                }, 1200);

            });

            // Click "Close search results"
            $search_wrap_init.find('.search_results_close').on('click', function(e) {
                jQuery(this).parent().fadeOut();
                e.preventDefault();
                return false;
            });
            // Click "More results"
            $search_wrap_init.on('click', '.search_more', function(e) {
                if (search_field.val() !== '')
                    $search_wrap_init.find('form').get(0).submit();
                e.preventDefault();
                return false;
            });
        }));
    }
    // Close search field (remove class 'search_opened' and close search results)
    function manoir_search_close($search_wrap_init) {
        $search_wrap_init.removeClass('search_opened');
        $search_wrap_init.find('.search_results').fadeOut();
    }

	// Add skin specific styles to the Google map
	jQuery(document).on('action.add_googlemap_styles', function(e) {
		if (typeof TRX_ADDONS_STORAGE == 'undefined') return;
		TRX_ADDONS_STORAGE['googlemap_styles']['extra'] = [{"featureType": "water", "elementType": "geometry", "stylers": [{"color": "#e9e9e9"}, {"lightness": 17}]}, {"featureType": "landscape", "elementType": "geometry", "stylers": [{"color": "#f5f5f5"}, {"lightness": 20}]}, {"featureType": "road.highway", "elementType": "geometry.fill", "stylers": [{"color": "#ffffff"}, {"lightness": 17}]}, {"featureType": "road.highway", "elementType": "geometry.stroke", "stylers": [{"color": "#ffffff"}, {"lightness": 29}, {"weight": 0.2}]}, {"featureType": "road.arterial", "elementType": "geometry", "stylers": [{"color": "#ffffff"}, {"lightness": 18}]}, {"featureType": "road.local", "elementType": "geometry", "stylers": [{"color": "#ffffff"}, {"lightness": 16}]}, {"featureType": "poi", "elementType": "geometry", "stylers": [{"color": "#f5f5f5"}, {"lightness": 21}]}, {"featureType": "poi.park", "elementType": "geometry", "stylers": [{"color": "#dedede"}, {"lightness": 21}]}, {"elementType": "labels.text.stroke", "stylers": [{"visibility": "on"}, {"color": "#ffffff"}, {"lightness": 16}]}, {"elementType": "labels.text.fill", "stylers": [{"saturation": 36}, {"color": "#333333"}, {"lightness": 40}]}, {"elementType": "labels.icon", "stylers": [{"visibility": "off"}]}, {"featureType": "transit", "elementType": "geometry", "stylers": [{"color": "#f2f2f2"}, {"lightness": 19}]}, {"featureType": "administrative", "elementType": "geometry.fill", "stylers": [{"color": "#fefefe"}, {"lightness": 20}]}, {"featureType": "administrative", "elementType": "geometry.stroke", "stylers": [{"color": "#fefefe"}, {"lightness": 17}, {"weight": 1.2}]}];
	} );

    // Init skin-specific hidden elements when their parent container becomes visible
	// Attention! Don't forget to add the class "inited" and check it to prevent re-initialize the elements
	jQuery( document ).on(
		'action.init_hidden_elements', function() {
			skin_blogger_toggle_filter_upd_value();
			skin_add_custom_width_filter_list();
			// Move title with cursor
			mousemove_for_portfolio_large();
			mousemove_for_portfolio_small();

			add_portfolio_image_wrap();

			// Add image background on wrap in portfolio Stretch
			background_image_portfolio_stretch();

			skin_blogger_controls_title();
		}
	);

	// Skin-specific scroll actions
	jQuery( document ).on(
		'action.scroll_manoir', function() {

		}
	);

	// Skin-specific resize actions
	jQuery( document ).on(
		'action.resize_manoir', function() {
			extra_margin_top_video_popup_button();
			manoir_skin_post_header_init();
			skin_add_custom_width_filter_list();
			max_same_height(".max-same-height");
			jQuery('.timetable-style').each(function () {
				max_same_height('.timetable-style .elementor-widget-heading');
			});
		}
	);

	function extra_margin_top_video_popup_button() {
		if (jQuery('.single-format-video .post_header_wrap_style_style-1 .post_featured.with_video.with_thumb.post_featured_bg + .post_header').length > 0) {
			var alter_height = jQuery('.single-format-video .post_header_wrap_style_style-1 .post_featured.with_video.with_thumb.post_featured_bg + .post_header').height();
			jQuery('.single-format-video .post_header_wrap_style_style-1 .post_featured.with_video.with_thumb.post_featured_bg .post_video_hover_popup').css({"margin-top": (- alter_height / 2 + 'px'), "opacity":1});
		}
	}

	// Maximum Same Height
	function max_same_height(block) {
		var mh = 0;
		if(jQuery(block).length > 0) {
			jQuery(block).height('auto');
			jQuery(block).each(function () {
				var h_block = parseInt(jQuery(this).height());
				if(h_block > mh) {
					mh = h_block;
				};
			});
			jQuery(block).height(mh);
		}
	}

	// Click woo filter button
	jQuery( '.manoir_woocommerce_filters_button,.sidebar > .sidebar_close,.sidebar_overlay' ).on( 'click', function(e) {
		var sidebar_float = jQuery( '.sidebar.sidebar_float' );
		sidebar_float.addClass('float_anim');
		setTimeout(function () {
			sidebar_float.removeClass('float_anim');
			e.preventDefault();
			return false;
		}, 400);
	});
	
	// Button Slide
	jQuery('.sc_button_slide').each(function() {
		var $item = jQuery(this);
		$item.off('.button-slide')
		.on('mouseenter.button-slide', function() {
			if ($item.hasClass("hovered") || ($item.addClass("hovered"), setTimeout(function() {
					$item.removeClass("hovered");
				}, 1200))) {}
		});
	});

})();
</script>
<script id="swiper-js">/**
 * Swiper 8.4.5
 * Most modern mobile touch slider and framework with hardware accelerated transitions
 * https://swiperjs.com
 *
 * Copyright 2014-2022 Vladimir Kharlampidi
 *
 * Released under the MIT License
 *
 * Released on: November 21, 2022
 */

 !function(e,t){"object"==typeof exports&&"undefined"!=typeof module?module.exports=t():"function"==typeof define&&define.amd?define(t):(e="undefined"!=typeof globalThis?globalThis:e||self).Swiper=t()}(this,(function(){"use strict";function e(e){return null!==e&&"object"==typeof e&&"constructor"in e&&e.constructor===Object}function t(s,a){void 0===s&&(s={}),void 0===a&&(a={}),Object.keys(a).forEach((i=>{void 0===s[i]?s[i]=a[i]:e(a[i])&&e(s[i])&&Object.keys(a[i]).length>0&&t(s[i],a[i])}))}const s={body:{},addEventListener(){},removeEventListener(){},activeElement:{blur(){},nodeName:""},querySelector:()=>null,querySelectorAll:()=>[],getElementById:()=>null,createEvent:()=>({initEvent(){}}),createElement:()=>({children:[],childNodes:[],style:{},setAttribute(){},getElementsByTagName:()=>[]}),createElementNS:()=>({}),importNode:()=>null,location:{hash:"",host:"",hostname:"",href:"",origin:"",pathname:"",protocol:"",search:""}};function a(){const e="undefined"!=typeof document?document:{};return t(e,s),e}const i={document:s,navigator:{userAgent:""},location:{hash:"",host:"",hostname:"",href:"",origin:"",pathname:"",protocol:"",search:""},history:{replaceState(){},pushState(){},go(){},back(){}},CustomEvent:function(){return this},addEventListener(){},removeEventListener(){},getComputedStyle:()=>({getPropertyValue:()=>""}),Image(){},Date(){},screen:{},setTimeout(){},clearTimeout(){},matchMedia:()=>({}),requestAnimationFrame:e=>"undefined"==typeof setTimeout?(e(),null):setTimeout(e,0),cancelAnimationFrame(e){"undefined"!=typeof setTimeout&&clearTimeout(e)}};function r(){const e="undefined"!=typeof window?window:{};return t(e,i),e}class n extends Array{constructor(e){"number"==typeof e?super(e):(super(...e||[]),function(e){const t=e.__proto__;Object.defineProperty(e,"__proto__",{get:()=>t,set(e){t.__proto__=e}})}(this))}}function l(e){void 0===e&&(e=[]);const t=[];return e.forEach((e=>{Array.isArray(e)?t.push(...l(e)):t.push(e)})),t}function o(e,t){return Array.prototype.filter.call(e,t)}function d(e,t){const s=r(),i=a();let l=[];if(!t&&e instanceof n)return e;if(!e)return new n(l);if("string"==typeof e){const s=e.trim();if(s.indexOf("<")>=0&&s.indexOf(">")>=0){let e="div";0===s.indexOf("<li")&&(e="ul"),0===s.indexOf("<tr")&&(e="tbody"),0!==s.indexOf("<td")&&0!==s.indexOf("<th")||(e="tr"),0===s.indexOf("<tbody")&&(e="table"),0===s.indexOf("<option")&&(e="select");const t=i.createElement(e);t.innerHTML=s;for(let e=0;e<t.childNodes.length;e+=1)l.push(t.childNodes[e])}else l=function(e,t){if("string"!=typeof e)return[e];const s=[],a=t.querySelectorAll(e);for(let e=0;e<a.length;e+=1)s.push(a[e]);return s}(e.trim(),t||i)}else if(e.nodeType||e===s||e===i)l.push(e);else if(Array.isArray(e)){if(e instanceof n)return e;l=e}return new n(function(e){const t=[];for(let s=0;s<e.length;s+=1)-1===t.indexOf(e[s])&&t.push(e[s]);return t}(l))}d.fn=n.prototype;const c={addClass:function(){for(var e=arguments.length,t=new Array(e),s=0;s<e;s++)t[s]=arguments[s];const a=l(t.map((e=>e.split(" "))));return this.forEach((e=>{e.classList.add(...a)})),this},removeClass:function(){for(var e=arguments.length,t=new Array(e),s=0;s<e;s++)t[s]=arguments[s];const a=l(t.map((e=>e.split(" "))));return this.forEach((e=>{e.classList.remove(...a)})),this},hasClass:function(){for(var e=arguments.length,t=new Array(e),s=0;s<e;s++)t[s]=arguments[s];const a=l(t.map((e=>e.split(" "))));return o(this,(e=>a.filter((t=>e.classList.contains(t))).length>0)).length>0},toggleClass:function(){for(var e=arguments.length,t=new Array(e),s=0;s<e;s++)t[s]=arguments[s];const a=l(t.map((e=>e.split(" "))));this.forEach((e=>{a.forEach((t=>{e.classList.toggle(t)}))}))},attr:function(e,t){if(1===arguments.length&&"string"==typeof e)return this[0]?this[0].getAttribute(e):void 0;for(let s=0;s<this.length;s+=1)if(2===arguments.length)this[s].setAttribute(e,t);else for(const t in e)this[s][t]=e[t],this[s].setAttribute(t,e[t]);return this},removeAttr:function(e){for(let t=0;t<this.length;t+=1)this[t].removeAttribute(e);return this},transform:function(e){for(let t=0;t<this.length;t+=1)this[t].style.transform=e;return this},transition:function(e){for(let t=0;t<this.length;t+=1)this[t].style.transitionDuration="string"!=typeof e?`${e}ms`:e;return this},on:function(){for(var e=arguments.length,t=new Array(e),s=0;s<e;s++)t[s]=arguments[s];let[a,i,r,n]=t;function l(e){const t=e.target;if(!t)return;const s=e.target.dom7EventData||[];if(s.indexOf(e)<0&&s.unshift(e),d(t).is(i))r.apply(t,s);else{const e=d(t).parents();for(let t=0;t<e.length;t+=1)d(e[t]).is(i)&&r.apply(e[t],s)}}function o(e){const t=e&&e.target&&e.target.dom7EventData||[];t.indexOf(e)<0&&t.unshift(e),r.apply(this,t)}"function"==typeof t[1]&&([a,r,n]=t,i=void 0),n||(n=!1);const c=a.split(" ");let p;for(let e=0;e<this.length;e+=1){const t=this[e];if(i)for(p=0;p<c.length;p+=1){const e=c[p];t.dom7LiveListeners||(t.dom7LiveListeners={}),t.dom7LiveListeners[e]||(t.dom7LiveListeners[e]=[]),t.dom7LiveListeners[e].push({listener:r,proxyListener:l}),t.addEventListener(e,l,n)}else for(p=0;p<c.length;p+=1){const e=c[p];t.dom7Listeners||(t.dom7Listeners={}),t.dom7Listeners[e]||(t.dom7Listeners[e]=[]),t.dom7Listeners[e].push({listener:r,proxyListener:o}),t.addEventListener(e,o,n)}}return this},off:function(){for(var e=arguments.length,t=new Array(e),s=0;s<e;s++)t[s]=arguments[s];let[a,i,r,n]=t;"function"==typeof t[1]&&([a,r,n]=t,i=void 0),n||(n=!1);const l=a.split(" ");for(let e=0;e<l.length;e+=1){const t=l[e];for(let e=0;e<this.length;e+=1){const s=this[e];let a;if(!i&&s.dom7Listeners?a=s.dom7Listeners[t]:i&&s.dom7LiveListeners&&(a=s.dom7LiveListeners[t]),a&&a.length)for(let e=a.length-1;e>=0;e-=1){const i=a[e];r&&i.listener===r||r&&i.listener&&i.listener.dom7proxy&&i.listener.dom7proxy===r?(s.removeEventListener(t,i.proxyListener,n),a.splice(e,1)):r||(s.removeEventListener(t,i.proxyListener,n),a.splice(e,1))}}}return this},trigger:function(){const e=r();for(var t=arguments.length,s=new Array(t),a=0;a<t;a++)s[a]=arguments[a];const i=s[0].split(" "),n=s[1];for(let t=0;t<i.length;t+=1){const a=i[t];for(let t=0;t<this.length;t+=1){const i=this[t];if(e.CustomEvent){const t=new e.CustomEvent(a,{detail:n,bubbles:!0,cancelable:!0});i.dom7EventData=s.filter(((e,t)=>t>0)),i.dispatchEvent(t),i.dom7EventData=[],delete i.dom7EventData}}}return this},transitionEnd:function(e){const t=this;return e&&t.on("transitionend",(function s(a){a.target===this&&(e.call(this,a),t.off("transitionend",s))})),this},outerWidth:function(e){if(this.length>0){if(e){const e=this.styles();return this[0].offsetWidth+parseFloat(e.getPropertyValue("margin-right"))+parseFloat(e.getPropertyValue("margin-left"))}return this[0].offsetWidth}return null},outerHeight:function(e){if(this.length>0){if(e){const e=this.styles();return this[0].offsetHeight+parseFloat(e.getPropertyValue("margin-top"))+parseFloat(e.getPropertyValue("margin-bottom"))}return this[0].offsetHeight}return null},styles:function(){const e=r();return this[0]?e.getComputedStyle(this[0],null):{}},offset:function(){if(this.length>0){const e=r(),t=a(),s=this[0],i=s.getBoundingClientRect(),n=t.body,l=s.clientTop||n.clientTop||0,o=s.clientLeft||n.clientLeft||0,d=s===e?e.scrollY:s.scrollTop,c=s===e?e.scrollX:s.scrollLeft;return{top:i.top+d-l,left:i.left+c-o}}return null},css:function(e,t){const s=r();let a;if(1===arguments.length){if("string"!=typeof e){for(a=0;a<this.length;a+=1)for(const t in e)this[a].style[t]=e[t];return this}if(this[0])return s.getComputedStyle(this[0],null).getPropertyValue(e)}if(2===arguments.length&&"string"==typeof e){for(a=0;a<this.length;a+=1)this[a].style[e]=t;return this}return this},each:function(e){return e?(this.forEach(((t,s)=>{e.apply(t,[t,s])})),this):this},html:function(e){if(void 0===e)return this[0]?this[0].innerHTML:null;for(let t=0;t<this.length;t+=1)this[t].innerHTML=e;return this},text:function(e){if(void 0===e)return this[0]?this[0].textContent.trim():null;for(let t=0;t<this.length;t+=1)this[t].textContent=e;return this},is:function(e){const t=r(),s=a(),i=this[0];let l,o;if(!i||void 0===e)return!1;if("string"==typeof e){if(i.matches)return i.matches(e);if(i.webkitMatchesSelector)return i.webkitMatchesSelector(e);if(i.msMatchesSelector)return i.msMatchesSelector(e);for(l=d(e),o=0;o<l.length;o+=1)if(l[o]===i)return!0;return!1}if(e===s)return i===s;if(e===t)return i===t;if(e.nodeType||e instanceof n){for(l=e.nodeType?[e]:e,o=0;o<l.length;o+=1)if(l[o]===i)return!0;return!1}return!1},index:function(){let e,t=this[0];if(t){for(e=0;null!==(t=t.previousSibling);)1===t.nodeType&&(e+=1);return e}},eq:function(e){if(void 0===e)return this;const t=this.length;if(e>t-1)return d([]);if(e<0){const s=t+e;return d(s<0?[]:[this[s]])}return d([this[e]])},append:function(){let e;const t=a();for(let s=0;s<arguments.length;s+=1){e=s<0||arguments.length<=s?void 0:arguments[s];for(let s=0;s<this.length;s+=1)if("string"==typeof e){const a=t.createElement("div");for(a.innerHTML=e;a.firstChild;)this[s].appendChild(a.firstChild)}else if(e instanceof n)for(let t=0;t<e.length;t+=1)this[s].appendChild(e[t]);else this[s].appendChild(e)}return this},prepend:function(e){const t=a();let s,i;for(s=0;s<this.length;s+=1)if("string"==typeof e){const a=t.createElement("div");for(a.innerHTML=e,i=a.childNodes.length-1;i>=0;i-=1)this[s].insertBefore(a.childNodes[i],this[s].childNodes[0])}else if(e instanceof n)for(i=0;i<e.length;i+=1)this[s].insertBefore(e[i],this[s].childNodes[0]);else this[s].insertBefore(e,this[s].childNodes[0]);return this},next:function(e){return this.length>0?e?this[0].nextElementSibling&&d(this[0].nextElementSibling).is(e)?d([this[0].nextElementSibling]):d([]):this[0].nextElementSibling?d([this[0].nextElementSibling]):d([]):d([])},nextAll:function(e){const t=[];let s=this[0];if(!s)return d([]);for(;s.nextElementSibling;){const a=s.nextElementSibling;e?d(a).is(e)&&t.push(a):t.push(a),s=a}return d(t)},prev:function(e){if(this.length>0){const t=this[0];return e?t.previousElementSibling&&d(t.previousElementSibling).is(e)?d([t.previousElementSibling]):d([]):t.previousElementSibling?d([t.previousElementSibling]):d([])}return d([])},prevAll:function(e){const t=[];let s=this[0];if(!s)return d([]);for(;s.previousElementSibling;){const a=s.previousElementSibling;e?d(a).is(e)&&t.push(a):t.push(a),s=a}return d(t)},parent:function(e){const t=[];for(let s=0;s<this.length;s+=1)null!==this[s].parentNode&&(e?d(this[s].parentNode).is(e)&&t.push(this[s].parentNode):t.push(this[s].parentNode));return d(t)},parents:function(e){const t=[];for(let s=0;s<this.length;s+=1){let a=this[s].parentNode;for(;a;)e?d(a).is(e)&&t.push(a):t.push(a),a=a.parentNode}return d(t)},closest:function(e){let t=this;return void 0===e?d([]):(t.is(e)||(t=t.parents(e).eq(0)),t)},find:function(e){const t=[];for(let s=0;s<this.length;s+=1){const a=this[s].querySelectorAll(e);for(let e=0;e<a.length;e+=1)t.push(a[e])}return d(t)},children:function(e){const t=[];for(let s=0;s<this.length;s+=1){const a=this[s].children;for(let s=0;s<a.length;s+=1)e&&!d(a[s]).is(e)||t.push(a[s])}return d(t)},filter:function(e){return d(o(this,e))},remove:function(){for(let e=0;e<this.length;e+=1)this[e].parentNode&&this[e].parentNode.removeChild(this[e]);return this}};function p(e,t){return void 0===t&&(t=0),setTimeout(e,t)}function u(){return Date.now()}function h(e,t){void 0===t&&(t="x");const s=r();let a,i,n;const l=function(e){const t=r();let s;return t.getComputedStyle&&(s=t.getComputedStyle(e,null)),!s&&e.currentStyle&&(s=e.currentStyle),s||(s=e.style),s}(e);return s.WebKitCSSMatrix?(i=l.transform||l.webkitTransform,i.split(",").length>6&&(i=i.split(", ").map((e=>e.replace(",","."))).join(", ")),n=new s.WebKitCSSMatrix("none"===i?"":i)):(n=l.MozTransform||l.OTransform||l.MsTransform||l.msTransform||l.transform||l.getPropertyValue("transform").replace("translate(","matrix(1, 0, 0, 1,"),a=n.toString().split(",")),"x"===t&&(i=s.WebKitCSSMatrix?n.m41:16===a.length?parseFloat(a[12]):parseFloat(a[4])),"y"===t&&(i=s.WebKitCSSMatrix?n.m42:16===a.length?parseFloat(a[13]):parseFloat(a[5])),i||0}function m(e){return"object"==typeof e&&null!==e&&e.constructor&&"Object"===Object.prototype.toString.call(e).slice(8,-1)}function f(e){return"undefined"!=typeof window&&void 0!==window.HTMLElement?e instanceof HTMLElement:e&&(1===e.nodeType||11===e.nodeType)}function g(){const e=Object(arguments.length<=0?void 0:arguments[0]),t=["__proto__","constructor","prototype"];for(let s=1;s<arguments.length;s+=1){const a=s<0||arguments.length<=s?void 0:arguments[s];if(null!=a&&!f(a)){const s=Object.keys(Object(a)).filter((e=>t.indexOf(e)<0));for(let t=0,i=s.length;t<i;t+=1){const i=s[t],r=Object.getOwnPropertyDescriptor(a,i);void 0!==r&&r.enumerable&&(m(e[i])&&m(a[i])?a[i].__swiper__?e[i]=a[i]:g(e[i],a[i]):!m(e[i])&&m(a[i])?(e[i]={},a[i].__swiper__?e[i]=a[i]:g(e[i],a[i])):e[i]=a[i])}}}return e}function v(e,t,s){e.style.setProperty(t,s)}function w(e){let{swiper:t,targetPosition:s,side:a}=e;const i=r(),n=-t.translate;let l,o=null;const d=t.params.speed;t.wrapperEl.style.scrollSnapType="none",i.cancelAnimationFrame(t.cssModeFrameID);const c=s>n?"next":"prev",p=(e,t)=>"next"===c&&e>=t||"prev"===c&&e<=t,u=()=>{l=(new Date).getTime(),null===o&&(o=l);const e=Math.max(Math.min((l-o)/d,1),0),r=.5-Math.cos(e*Math.PI)/2;let c=n+r*(s-n);if(p(c,s)&&(c=s),t.wrapperEl.scrollTo({[a]:c}),p(c,s))return t.wrapperEl.style.overflow="hidden",t.wrapperEl.style.scrollSnapType="",setTimeout((()=>{t.wrapperEl.style.overflow="",t.wrapperEl.scrollTo({[a]:c})})),void i.cancelAnimationFrame(t.cssModeFrameID);t.cssModeFrameID=i.requestAnimationFrame(u)};u()}let b,x,y;function E(){return b||(b=function(){const e=r(),t=a();return{smoothScroll:t.documentElement&&"scrollBehavior"in t.documentElement.style,touch:!!("ontouchstart"in e||e.DocumentTouch&&t instanceof e.DocumentTouch),passiveListener:function(){let t=!1;try{const s=Object.defineProperty({},"passive",{get(){t=!0}});e.addEventListener("testPassiveListener",null,s)}catch(e){}return t}(),gestures:"ongesturestart"in e}}()),b}function C(e){return void 0===e&&(e={}),x||(x=function(e){let{userAgent:t}=void 0===e?{}:e;const s=E(),a=r(),i=a.navigator.platform,n=t||a.navigator.userAgent,l={ios:!1,android:!1},o=a.screen.width,d=a.screen.height,c=n.match(/(Android);?[\s\/]+([\d.]+)?/);let p=n.match(/(iPad).*OS\s([\d_]+)/);const u=n.match(/(iPod)(.*OS\s([\d_]+))?/),h=!p&&n.match(/(iPhone\sOS|iOS)\s([\d_]+)/),m="Win32"===i;let f="MacIntel"===i;return!p&&f&&s.touch&&["1024x1366","1366x1024","834x1194","1194x834","834x1112","1112x834","768x1024","1024x768","820x1180","1180x820","810x1080","1080x810"].indexOf(`${o}x${d}`)>=0&&(p=n.match(/(Version)\/([\d.]+)/),p||(p=[0,1,"13_0_0"]),f=!1),c&&!m&&(l.os="android",l.android=!0),(p||h||u)&&(l.os="ios",l.ios=!0),l}(e)),x}function T(){return y||(y=function(){const e=r();return{isSafari:function(){const t=e.navigator.userAgent.toLowerCase();return t.indexOf("safari")>=0&&t.indexOf("chrome")<0&&t.indexOf("android")<0}(),isWebView:/(iPhone|iPod|iPad).*AppleWebKit(?!.*Safari)/i.test(e.navigator.userAgent)}}()),y}Object.keys(c).forEach((e=>{Object.defineProperty(d.fn,e,{value:c[e],writable:!0})}));var $={on(e,t,s){const a=this;if(!a.eventsListeners||a.destroyed)return a;if("function"!=typeof t)return a;const i=s?"unshift":"push";return e.split(" ").forEach((e=>{a.eventsListeners[e]||(a.eventsListeners[e]=[]),a.eventsListeners[e][i](t)})),a},once(e,t,s){const a=this;if(!a.eventsListeners||a.destroyed)return a;if("function"!=typeof t)return a;function i(){a.off(e,i),i.__emitterProxy&&delete i.__emitterProxy;for(var s=arguments.length,r=new Array(s),n=0;n<s;n++)r[n]=arguments[n];t.apply(a,r)}return i.__emitterProxy=t,a.on(e,i,s)},onAny(e,t){const s=this;if(!s.eventsListeners||s.destroyed)return s;if("function"!=typeof e)return s;const a=t?"unshift":"push";return s.eventsAnyListeners.indexOf(e)<0&&s.eventsAnyListeners[a](e),s},offAny(e){const t=this;if(!t.eventsListeners||t.destroyed)return t;if(!t.eventsAnyListeners)return t;const s=t.eventsAnyListeners.indexOf(e);return s>=0&&t.eventsAnyListeners.splice(s,1),t},off(e,t){const s=this;return!s.eventsListeners||s.destroyed?s:s.eventsListeners?(e.split(" ").forEach((e=>{void 0===t?s.eventsListeners[e]=[]:s.eventsListeners[e]&&s.eventsListeners[e].forEach(((a,i)=>{(a===t||a.__emitterProxy&&a.__emitterProxy===t)&&s.eventsListeners[e].splice(i,1)}))})),s):s},emit(){const e=this;if(!e.eventsListeners||e.destroyed)return e;if(!e.eventsListeners)return e;let t,s,a;for(var i=arguments.length,r=new Array(i),n=0;n<i;n++)r[n]=arguments[n];"string"==typeof r[0]||Array.isArray(r[0])?(t=r[0],s=r.slice(1,r.length),a=e):(t=r[0].events,s=r[0].data,a=r[0].context||e),s.unshift(a);return(Array.isArray(t)?t:t.split(" ")).forEach((t=>{e.eventsAnyListeners&&e.eventsAnyListeners.length&&e.eventsAnyListeners.forEach((e=>{e.apply(a,[t,...s])})),e.eventsListeners&&e.eventsListeners[t]&&e.eventsListeners[t].forEach((e=>{e.apply(a,s)}))})),e}};var S={updateSize:function(){const e=this;let t,s;const a=e.$el;t=void 0!==e.params.width&&null!==e.params.width?e.params.width:a[0].clientWidth,s=void 0!==e.params.height&&null!==e.params.height?e.params.height:a[0].clientHeight,0===t&&e.isHorizontal()||0===s&&e.isVertical()||(t=t-parseInt(a.css("padding-left")||0,10)-parseInt(a.css("padding-right")||0,10),s=s-parseInt(a.css("padding-top")||0,10)-parseInt(a.css("padding-bottom")||0,10),Number.isNaN(t)&&(t=0),Number.isNaN(s)&&(s=0),Object.assign(e,{width:t,height:s,size:e.isHorizontal()?t:s}))},updateSlides:function(){const e=this;function t(t){return e.isHorizontal()?t:{width:"height","margin-top":"margin-left","margin-bottom ":"margin-right","margin-left":"margin-top","margin-right":"margin-bottom","padding-left":"padding-top","padding-right":"padding-bottom",marginRight:"marginBottom"}[t]}function s(e,s){return parseFloat(e.getPropertyValue(t(s))||0)}const a=e.params,{$wrapperEl:i,size:r,rtlTranslate:n,wrongRTL:l}=e,o=e.virtual&&a.virtual.enabled,d=o?e.virtual.slides.length:e.slides.length,c=i.children(`.${e.params.slideClass}`),p=o?e.virtual.slides.length:c.length;let u=[];const h=[],m=[];let f=a.slidesOffsetBefore;"function"==typeof f&&(f=a.slidesOffsetBefore.call(e));let g=a.slidesOffsetAfter;"function"==typeof g&&(g=a.slidesOffsetAfter.call(e));const w=e.snapGrid.length,b=e.slidesGrid.length;let x=a.spaceBetween,y=-f,E=0,C=0;if(void 0===r)return;"string"==typeof x&&x.indexOf("%")>=0&&(x=parseFloat(x.replace("%",""))/100*r),e.virtualSize=-x,n?c.css({marginLeft:"",marginBottom:"",marginTop:""}):c.css({marginRight:"",marginBottom:"",marginTop:""}),a.centeredSlides&&a.cssMode&&(v(e.wrapperEl,"--swiper-centered-offset-before",""),v(e.wrapperEl,"--swiper-centered-offset-after",""));const T=a.grid&&a.grid.rows>1&&e.grid;let $;T&&e.grid.initSlides(p);const S="auto"===a.slidesPerView&&a.breakpoints&&Object.keys(a.breakpoints).filter((e=>void 0!==a.breakpoints[e].slidesPerView)).length>0;for(let i=0;i<p;i+=1){$=0;const n=c.eq(i);if(T&&e.grid.updateSlide(i,n,p,t),"none"!==n.css("display")){if("auto"===a.slidesPerView){S&&(c[i].style[t("width")]="");const r=getComputedStyle(n[0]),l=n[0].style.transform,o=n[0].style.webkitTransform;if(l&&(n[0].style.transform="none"),o&&(n[0].style.webkitTransform="none"),a.roundLengths)$=e.isHorizontal()?n.outerWidth(!0):n.outerHeight(!0);else{const e=s(r,"width"),t=s(r,"padding-left"),a=s(r,"padding-right"),i=s(r,"margin-left"),l=s(r,"margin-right"),o=r.getPropertyValue("box-sizing");if(o&&"border-box"===o)$=e+i+l;else{const{clientWidth:s,offsetWidth:r}=n[0];$=e+t+a+i+l+(r-s)}}l&&(n[0].style.transform=l),o&&(n[0].style.webkitTransform=o),a.roundLengths&&($=Math.floor($))}else $=(r-(a.slidesPerView-1)*x)/a.slidesPerView,a.roundLengths&&($=Math.floor($)),c[i]&&(c[i].style[t("width")]=`${$}px`);c[i]&&(c[i].swiperSlideSize=$),m.push($),a.centeredSlides?(y=y+$/2+E/2+x,0===E&&0!==i&&(y=y-r/2-x),0===i&&(y=y-r/2-x),Math.abs(y)<.001&&(y=0),a.roundLengths&&(y=Math.floor(y)),C%a.slidesPerGroup==0&&u.push(y),h.push(y)):(a.roundLengths&&(y=Math.floor(y)),(C-Math.min(e.params.slidesPerGroupSkip,C))%e.params.slidesPerGroup==0&&u.push(y),h.push(y),y=y+$+x),e.virtualSize+=$+x,E=$,C+=1}}if(e.virtualSize=Math.max(e.virtualSize,r)+g,n&&l&&("slide"===a.effect||"coverflow"===a.effect)&&i.css({width:`${e.virtualSize+a.spaceBetween}px`}),a.setWrapperSize&&i.css({[t("width")]:`${e.virtualSize+a.spaceBetween}px`}),T&&e.grid.updateWrapperSize($,u,t),!a.centeredSlides){const t=[];for(let s=0;s<u.length;s+=1){let i=u[s];a.roundLengths&&(i=Math.floor(i)),u[s]<=e.virtualSize-r&&t.push(i)}u=t,Math.floor(e.virtualSize-r)-Math.floor(u[u.length-1])>1&&u.push(e.virtualSize-r)}if(0===u.length&&(u=[0]),0!==a.spaceBetween){const s=e.isHorizontal()&&n?"marginLeft":t("marginRight");c.filter(((e,t)=>!a.cssMode||t!==c.length-1)).css({[s]:`${x}px`})}if(a.centeredSlides&&a.centeredSlidesBounds){let e=0;m.forEach((t=>{e+=t+(a.spaceBetween?a.spaceBetween:0)})),e-=a.spaceBetween;const t=e-r;u=u.map((e=>e<0?-f:e>t?t+g:e))}if(a.centerInsufficientSlides){let e=0;if(m.forEach((t=>{e+=t+(a.spaceBetween?a.spaceBetween:0)})),e-=a.spaceBetween,e<r){const t=(r-e)/2;u.forEach(((e,s)=>{u[s]=e-t})),h.forEach(((e,s)=>{h[s]=e+t}))}}if(Object.assign(e,{slides:c,snapGrid:u,slidesGrid:h,slidesSizesGrid:m}),a.centeredSlides&&a.cssMode&&!a.centeredSlidesBounds){v(e.wrapperEl,"--swiper-centered-offset-before",-u[0]+"px"),v(e.wrapperEl,"--swiper-centered-offset-after",e.size/2-m[m.length-1]/2+"px");const t=-e.snapGrid[0],s=-e.slidesGrid[0];e.snapGrid=e.snapGrid.map((e=>e+t)),e.slidesGrid=e.slidesGrid.map((e=>e+s))}if(p!==d&&e.emit("slidesLengthChange"),u.length!==w&&(e.params.watchOverflow&&e.checkOverflow(),e.emit("snapGridLengthChange")),h.length!==b&&e.emit("slidesGridLengthChange"),a.watchSlidesProgress&&e.updateSlidesOffset(),!(o||a.cssMode||"slide"!==a.effect&&"fade"!==a.effect)){const t=`${a.containerModifierClass}backface-hidden`,s=e.$el.hasClass(t);p<=a.maxBackfaceHiddenSlides?s||e.$el.addClass(t):s&&e.$el.removeClass(t)}},updateAutoHeight:function(e){const t=this,s=[],a=t.virtual&&t.params.virtual.enabled;let i,r=0;"number"==typeof e?t.setTransition(e):!0===e&&t.setTransition(t.params.speed);const n=e=>a?t.slides.filter((t=>parseInt(t.getAttribute("data-swiper-slide-index"),10)===e))[0]:t.slides.eq(e)[0];if("auto"!==t.params.slidesPerView&&t.params.slidesPerView>1)if(t.params.centeredSlides)(t.visibleSlides||d([])).each((e=>{s.push(e)}));else for(i=0;i<Math.ceil(t.params.slidesPerView);i+=1){const e=t.activeIndex+i;if(e>t.slides.length&&!a)break;s.push(n(e))}else s.push(n(t.activeIndex));for(i=0;i<s.length;i+=1)if(void 0!==s[i]){const e=s[i].offsetHeight;r=e>r?e:r}(r||0===r)&&t.$wrapperEl.css("height",`${r}px`)},updateSlidesOffset:function(){const e=this,t=e.slides;for(let s=0;s<t.length;s+=1)t[s].swiperSlideOffset=e.isHorizontal()?t[s].offsetLeft:t[s].offsetTop},updateSlidesProgress:function(e){void 0===e&&(e=this&&this.translate||0);const t=this,s=t.params,{slides:a,rtlTranslate:i,snapGrid:r}=t;if(0===a.length)return;void 0===a[0].swiperSlideOffset&&t.updateSlidesOffset();let n=-e;i&&(n=e),a.removeClass(s.slideVisibleClass),t.visibleSlidesIndexes=[],t.visibleSlides=[];for(let e=0;e<a.length;e+=1){const l=a[e];let o=l.swiperSlideOffset;s.cssMode&&s.centeredSlides&&(o-=a[0].swiperSlideOffset);const d=(n+(s.centeredSlides?t.minTranslate():0)-o)/(l.swiperSlideSize+s.spaceBetween),c=(n-r[0]+(s.centeredSlides?t.minTranslate():0)-o)/(l.swiperSlideSize+s.spaceBetween),p=-(n-o),u=p+t.slidesSizesGrid[e];(p>=0&&p<t.size-1||u>1&&u<=t.size||p<=0&&u>=t.size)&&(t.visibleSlides.push(l),t.visibleSlidesIndexes.push(e),a.eq(e).addClass(s.slideVisibleClass)),l.progress=i?-d:d,l.originalProgress=i?-c:c}t.visibleSlides=d(t.visibleSlides)},updateProgress:function(e){const t=this;if(void 0===e){const s=t.rtlTranslate?-1:1;e=t&&t.translate&&t.translate*s||0}const s=t.params,a=t.maxTranslate()-t.minTranslate();let{progress:i,isBeginning:r,isEnd:n}=t;const l=r,o=n;0===a?(i=0,r=!0,n=!0):(i=(e-t.minTranslate())/a,r=i<=0,n=i>=1),Object.assign(t,{progress:i,isBeginning:r,isEnd:n}),(s.watchSlidesProgress||s.centeredSlides&&s.autoHeight)&&t.updateSlidesProgress(e),r&&!l&&t.emit("reachBeginning toEdge"),n&&!o&&t.emit("reachEnd toEdge"),(l&&!r||o&&!n)&&t.emit("fromEdge"),t.emit("progress",i)},updateSlidesClasses:function(){const e=this,{slides:t,params:s,$wrapperEl:a,activeIndex:i,realIndex:r}=e,n=e.virtual&&s.virtual.enabled;let l;t.removeClass(`${s.slideActiveClass} ${s.slideNextClass} ${s.slidePrevClass} ${s.slideDuplicateActiveClass} ${s.slideDuplicateNextClass} ${s.slideDuplicatePrevClass}`),l=n?e.$wrapperEl.find(`.${s.slideClass}[data-swiper-slide-index="${i}"]`):t.eq(i),l.addClass(s.slideActiveClass),s.loop&&(l.hasClass(s.slideDuplicateClass)?a.children(`.${s.slideClass}:not(.${s.slideDuplicateClass})[data-swiper-slide-index="${r}"]`).addClass(s.slideDuplicateActiveClass):a.children(`.${s.slideClass}.${s.slideDuplicateClass}[data-swiper-slide-index="${r}"]`).addClass(s.slideDuplicateActiveClass));let o=l.nextAll(`.${s.slideClass}`).eq(0).addClass(s.slideNextClass);s.loop&&0===o.length&&(o=t.eq(0),o.addClass(s.slideNextClass));let d=l.prevAll(`.${s.slideClass}`).eq(0).addClass(s.slidePrevClass);s.loop&&0===d.length&&(d=t.eq(-1),d.addClass(s.slidePrevClass)),s.loop&&(o.hasClass(s.slideDuplicateClass)?a.children(`.${s.slideClass}:not(.${s.slideDuplicateClass})[data-swiper-slide-index="${o.attr("data-swiper-slide-index")}"]`).addClass(s.slideDuplicateNextClass):a.children(`.${s.slideClass}.${s.slideDuplicateClass}[data-swiper-slide-index="${o.attr("data-swiper-slide-index")}"]`).addClass(s.slideDuplicateNextClass),d.hasClass(s.slideDuplicateClass)?a.children(`.${s.slideClass}:not(.${s.slideDuplicateClass})[data-swiper-slide-index="${d.attr("data-swiper-slide-index")}"]`).addClass(s.slideDuplicatePrevClass):a.children(`.${s.slideClass}.${s.slideDuplicateClass}[data-swiper-slide-index="${d.attr("data-swiper-slide-index")}"]`).addClass(s.slideDuplicatePrevClass)),e.emitSlidesClasses()},updateActiveIndex:function(e){const t=this,s=t.rtlTranslate?t.translate:-t.translate,{slidesGrid:a,snapGrid:i,params:r,activeIndex:n,realIndex:l,snapIndex:o}=t;let d,c=e;if(void 0===c){for(let e=0;e<a.length;e+=1)void 0!==a[e+1]?s>=a[e]&&s<a[e+1]-(a[e+1]-a[e])/2?c=e:s>=a[e]&&s<a[e+1]&&(c=e+1):s>=a[e]&&(c=e);r.normalizeSlideIndex&&(c<0||void 0===c)&&(c=0)}if(i.indexOf(s)>=0)d=i.indexOf(s);else{const e=Math.min(r.slidesPerGroupSkip,c);d=e+Math.floor((c-e)/r.slidesPerGroup)}if(d>=i.length&&(d=i.length-1),c===n)return void(d!==o&&(t.snapIndex=d,t.emit("snapIndexChange")));const p=parseInt(t.slides.eq(c).attr("data-swiper-slide-index")||c,10);Object.assign(t,{snapIndex:d,realIndex:p,previousIndex:n,activeIndex:c}),t.emit("activeIndexChange"),t.emit("snapIndexChange"),l!==p&&t.emit("realIndexChange"),(t.initialized||t.params.runCallbacksOnInit)&&t.emit("slideChange")},updateClickedSlide:function(e){const t=this,s=t.params,a=d(e).closest(`.${s.slideClass}`)[0];let i,r=!1;if(a)for(let e=0;e<t.slides.length;e+=1)if(t.slides[e]===a){r=!0,i=e;break}if(!a||!r)return t.clickedSlide=void 0,void(t.clickedIndex=void 0);t.clickedSlide=a,t.virtual&&t.params.virtual.enabled?t.clickedIndex=parseInt(d(a).attr("data-swiper-slide-index"),10):t.clickedIndex=i,s.slideToClickedSlide&&void 0!==t.clickedIndex&&t.clickedIndex!==t.activeIndex&&t.slideToClickedSlide()}};var M={getTranslate:function(e){void 0===e&&(e=this.isHorizontal()?"x":"y");const{params:t,rtlTranslate:s,translate:a,$wrapperEl:i}=this;if(t.virtualTranslate)return s?-a:a;if(t.cssMode)return a;let r=h(i[0],e);return s&&(r=-r),r||0},setTranslate:function(e,t){const s=this,{rtlTranslate:a,params:i,$wrapperEl:r,wrapperEl:n,progress:l}=s;let o,d=0,c=0;s.isHorizontal()?d=a?-e:e:c=e,i.roundLengths&&(d=Math.floor(d),c=Math.floor(c)),i.cssMode?n[s.isHorizontal()?"scrollLeft":"scrollTop"]=s.isHorizontal()?-d:-c:i.virtualTranslate||r.transform(`translate3d(${d}px, ${c}px, 0px)`),s.previousTranslate=s.translate,s.translate=s.isHorizontal()?d:c;const p=s.maxTranslate()-s.minTranslate();o=0===p?0:(e-s.minTranslate())/p,o!==l&&s.updateProgress(e),s.emit("setTranslate",s.translate,t)},minTranslate:function(){return-this.snapGrid[0]},maxTranslate:function(){return-this.snapGrid[this.snapGrid.length-1]},translateTo:function(e,t,s,a,i){void 0===e&&(e=0),void 0===t&&(t=this.params.speed),void 0===s&&(s=!0),void 0===a&&(a=!0);const r=this,{params:n,wrapperEl:l}=r;if(r.animating&&n.preventInteractionOnTransition)return!1;const o=r.minTranslate(),d=r.maxTranslate();let c;if(c=a&&e>o?o:a&&e<d?d:e,r.updateProgress(c),n.cssMode){const e=r.isHorizontal();if(0===t)l[e?"scrollLeft":"scrollTop"]=-c;else{if(!r.support.smoothScroll)return w({swiper:r,targetPosition:-c,side:e?"left":"top"}),!0;l.scrollTo({[e?"left":"top"]:-c,behavior:"smooth"})}return!0}return 0===t?(r.setTransition(0),r.setTranslate(c),s&&(r.emit("beforeTransitionStart",t,i),r.emit("transitionEnd"))):(r.setTransition(t),r.setTranslate(c),s&&(r.emit("beforeTransitionStart",t,i),r.emit("transitionStart")),r.animating||(r.animating=!0,r.onTranslateToWrapperTransitionEnd||(r.onTranslateToWrapperTransitionEnd=function(e){r&&!r.destroyed&&e.target===this&&(r.$wrapperEl[0].removeEventListener("transitionend",r.onTranslateToWrapperTransitionEnd),r.$wrapperEl[0].removeEventListener("webkitTransitionEnd",r.onTranslateToWrapperTransitionEnd),r.onTranslateToWrapperTransitionEnd=null,delete r.onTranslateToWrapperTransitionEnd,s&&r.emit("transitionEnd"))}),r.$wrapperEl[0].addEventListener("transitionend",r.onTranslateToWrapperTransitionEnd),r.$wrapperEl[0].addEventListener("webkitTransitionEnd",r.onTranslateToWrapperTransitionEnd))),!0}};function P(e){let{swiper:t,runCallbacks:s,direction:a,step:i}=e;const{activeIndex:r,previousIndex:n}=t;let l=a;if(l||(l=r>n?"next":r<n?"prev":"reset"),t.emit(`transition${i}`),s&&r!==n){if("reset"===l)return void t.emit(`slideResetTransition${i}`);t.emit(`slideChangeTransition${i}`),"next"===l?t.emit(`slideNextTransition${i}`):t.emit(`slidePrevTransition${i}`)}}var k={slideTo:function(e,t,s,a,i){if(void 0===e&&(e=0),void 0===t&&(t=this.params.speed),void 0===s&&(s=!0),"number"!=typeof e&&"string"!=typeof e)throw new Error(`The 'index' argument cannot have type other than 'number' or 'string'. [${typeof e}] given.`);if("string"==typeof e){const t=parseInt(e,10);if(!isFinite(t))throw new Error(`The passed-in 'index' (string) couldn't be converted to 'number'. [${e}] given.`);e=t}const r=this;let n=e;n<0&&(n=0);const{params:l,snapGrid:o,slidesGrid:d,previousIndex:c,activeIndex:p,rtlTranslate:u,wrapperEl:h,enabled:m}=r;if(r.animating&&l.preventInteractionOnTransition||!m&&!a&&!i)return!1;const f=Math.min(r.params.slidesPerGroupSkip,n);let g=f+Math.floor((n-f)/r.params.slidesPerGroup);g>=o.length&&(g=o.length-1);const v=-o[g];if(l.normalizeSlideIndex)for(let e=0;e<d.length;e+=1){const t=-Math.floor(100*v),s=Math.floor(100*d[e]),a=Math.floor(100*d[e+1]);void 0!==d[e+1]?t>=s&&t<a-(a-s)/2?n=e:t>=s&&t<a&&(n=e+1):t>=s&&(n=e)}if(r.initialized&&n!==p){if(!r.allowSlideNext&&v<r.translate&&v<r.minTranslate())return!1;if(!r.allowSlidePrev&&v>r.translate&&v>r.maxTranslate()&&(p||0)!==n)return!1}let b;if(n!==(c||0)&&s&&r.emit("beforeSlideChangeStart"),r.updateProgress(v),b=n>p?"next":n<p?"prev":"reset",u&&-v===r.translate||!u&&v===r.translate)return r.updateActiveIndex(n),l.autoHeight&&r.updateAutoHeight(),r.updateSlidesClasses(),"slide"!==l.effect&&r.setTranslate(v),"reset"!==b&&(r.transitionStart(s,b),r.transitionEnd(s,b)),!1;if(l.cssMode){const e=r.isHorizontal(),s=u?v:-v;if(0===t){const t=r.virtual&&r.params.virtual.enabled;t&&(r.wrapperEl.style.scrollSnapType="none",r._immediateVirtual=!0),h[e?"scrollLeft":"scrollTop"]=s,t&&requestAnimationFrame((()=>{r.wrapperEl.style.scrollSnapType="",r._swiperImmediateVirtual=!1}))}else{if(!r.support.smoothScroll)return w({swiper:r,targetPosition:s,side:e?"left":"top"}),!0;h.scrollTo({[e?"left":"top"]:s,behavior:"smooth"})}return!0}return r.setTransition(t),r.setTranslate(v),r.updateActiveIndex(n),r.updateSlidesClasses(),r.emit("beforeTransitionStart",t,a),r.transitionStart(s,b),0===t?r.transitionEnd(s,b):r.animating||(r.animating=!0,r.onSlideToWrapperTransitionEnd||(r.onSlideToWrapperTransitionEnd=function(e){r&&!r.destroyed&&e.target===this&&(r.$wrapperEl[0].removeEventListener("transitionend",r.onSlideToWrapperTransitionEnd),r.$wrapperEl[0].removeEventListener("webkitTransitionEnd",r.onSlideToWrapperTransitionEnd),r.onSlideToWrapperTransitionEnd=null,delete r.onSlideToWrapperTransitionEnd,r.transitionEnd(s,b))}),r.$wrapperEl[0].addEventListener("transitionend",r.onSlideToWrapperTransitionEnd),r.$wrapperEl[0].addEventListener("webkitTransitionEnd",r.onSlideToWrapperTransitionEnd)),!0},slideToLoop:function(e,t,s,a){if(void 0===e&&(e=0),void 0===t&&(t=this.params.speed),void 0===s&&(s=!0),"string"==typeof e){const t=parseInt(e,10);if(!isFinite(t))throw new Error(`The passed-in 'index' (string) couldn't be converted to 'number'. [${e}] given.`);e=t}const i=this;let r=e;return i.params.loop&&(r+=i.loopedSlides),i.slideTo(r,t,s,a)},slideNext:function(e,t,s){void 0===e&&(e=this.params.speed),void 0===t&&(t=!0);const a=this,{animating:i,enabled:r,params:n}=a;if(!r)return a;let l=n.slidesPerGroup;"auto"===n.slidesPerView&&1===n.slidesPerGroup&&n.slidesPerGroupAuto&&(l=Math.max(a.slidesPerViewDynamic("current",!0),1));const o=a.activeIndex<n.slidesPerGroupSkip?1:l;if(n.loop){if(i&&n.loopPreventsSlide)return!1;a.loopFix(),a._clientLeft=a.$wrapperEl[0].clientLeft}return n.rewind&&a.isEnd?a.slideTo(0,e,t,s):a.slideTo(a.activeIndex+o,e,t,s)},slidePrev:function(e,t,s){void 0===e&&(e=this.params.speed),void 0===t&&(t=!0);const a=this,{params:i,animating:r,snapGrid:n,slidesGrid:l,rtlTranslate:o,enabled:d}=a;if(!d)return a;if(i.loop){if(r&&i.loopPreventsSlide)return!1;a.loopFix(),a._clientLeft=a.$wrapperEl[0].clientLeft}function c(e){return e<0?-Math.floor(Math.abs(e)):Math.floor(e)}const p=c(o?a.translate:-a.translate),u=n.map((e=>c(e)));let h=n[u.indexOf(p)-1];if(void 0===h&&i.cssMode){let e;n.forEach(((t,s)=>{p>=t&&(e=s)})),void 0!==e&&(h=n[e>0?e-1:e])}let m=0;if(void 0!==h&&(m=l.indexOf(h),m<0&&(m=a.activeIndex-1),"auto"===i.slidesPerView&&1===i.slidesPerGroup&&i.slidesPerGroupAuto&&(m=m-a.slidesPerViewDynamic("previous",!0)+1,m=Math.max(m,0))),i.rewind&&a.isBeginning){const i=a.params.virtual&&a.params.virtual.enabled&&a.virtual?a.virtual.slides.length-1:a.slides.length-1;return a.slideTo(i,e,t,s)}return a.slideTo(m,e,t,s)},slideReset:function(e,t,s){return void 0===e&&(e=this.params.speed),void 0===t&&(t=!0),this.slideTo(this.activeIndex,e,t,s)},slideToClosest:function(e,t,s,a){void 0===e&&(e=this.params.speed),void 0===t&&(t=!0),void 0===a&&(a=.5);const i=this;let r=i.activeIndex;const n=Math.min(i.params.slidesPerGroupSkip,r),l=n+Math.floor((r-n)/i.params.slidesPerGroup),o=i.rtlTranslate?i.translate:-i.translate;if(o>=i.snapGrid[l]){const e=i.snapGrid[l];o-e>(i.snapGrid[l+1]-e)*a&&(r+=i.params.slidesPerGroup)}else{const e=i.snapGrid[l-1];o-e<=(i.snapGrid[l]-e)*a&&(r-=i.params.slidesPerGroup)}return r=Math.max(r,0),r=Math.min(r,i.slidesGrid.length-1),i.slideTo(r,e,t,s)},slideToClickedSlide:function(){const e=this,{params:t,$wrapperEl:s}=e,a="auto"===t.slidesPerView?e.slidesPerViewDynamic():t.slidesPerView;let i,r=e.clickedIndex;if(t.loop){if(e.animating)return;i=parseInt(d(e.clickedSlide).attr("data-swiper-slide-index"),10),t.centeredSlides?r<e.loopedSlides-a/2||r>e.slides.length-e.loopedSlides+a/2?(e.loopFix(),r=s.children(`.${t.slideClass}[data-swiper-slide-index="${i}"]:not(.${t.slideDuplicateClass})`).eq(0).index(),p((()=>{e.slideTo(r)}))):e.slideTo(r):r>e.slides.length-a?(e.loopFix(),r=s.children(`.${t.slideClass}[data-swiper-slide-index="${i}"]:not(.${t.slideDuplicateClass})`).eq(0).index(),p((()=>{e.slideTo(r)}))):e.slideTo(r)}else e.slideTo(r)}};var z={loopCreate:function(){const e=this,t=a(),{params:s,$wrapperEl:i}=e,r=i.children().length>0?d(i.children()[0].parentNode):i;r.children(`.${s.slideClass}.${s.slideDuplicateClass}`).remove();let n=r.children(`.${s.slideClass}`);if(s.loopFillGroupWithBlank){const e=s.slidesPerGroup-n.length%s.slidesPerGroup;if(e!==s.slidesPerGroup){for(let a=0;a<e;a+=1){const e=d(t.createElement("div")).addClass(`${s.slideClass} ${s.slideBlankClass}`);r.append(e)}n=r.children(`.${s.slideClass}`)}}"auto"!==s.slidesPerView||s.loopedSlides||(s.loopedSlides=n.length),e.loopedSlides=Math.ceil(parseFloat(s.loopedSlides||s.slidesPerView,10)),e.loopedSlides+=s.loopAdditionalSlides,e.loopedSlides>n.length&&e.params.loopedSlidesLimit&&(e.loopedSlides=n.length);const l=[],o=[];n.each(((e,t)=>{d(e).attr("data-swiper-slide-index",t)}));for(let t=0;t<e.loopedSlides;t+=1){const e=t-Math.floor(t/n.length)*n.length;o.push(n.eq(e)[0]),l.unshift(n.eq(n.length-e-1)[0])}for(let e=0;e<o.length;e+=1)r.append(d(o[e].cloneNode(!0)).addClass(s.slideDuplicateClass));for(let e=l.length-1;e>=0;e-=1)r.prepend(d(l[e].cloneNode(!0)).addClass(s.slideDuplicateClass))},loopFix:function(){const e=this;e.emit("beforeLoopFix");const{activeIndex:t,slides:s,loopedSlides:a,allowSlidePrev:i,allowSlideNext:r,snapGrid:n,rtlTranslate:l}=e;let o;e.allowSlidePrev=!0,e.allowSlideNext=!0;const d=-n[t]-e.getTranslate();if(t<a){o=s.length-3*a+t,o+=a;e.slideTo(o,0,!1,!0)&&0!==d&&e.setTranslate((l?-e.translate:e.translate)-d)}else if(t>=s.length-a){o=-s.length+t+a,o+=a;e.slideTo(o,0,!1,!0)&&0!==d&&e.setTranslate((l?-e.translate:e.translate)-d)}e.allowSlidePrev=i,e.allowSlideNext=r,e.emit("loopFix")},loopDestroy:function(){const{$wrapperEl:e,params:t,slides:s}=this;e.children(`.${t.slideClass}.${t.slideDuplicateClass},.${t.slideClass}.${t.slideBlankClass}`).remove(),s.removeAttr("data-swiper-slide-index")}};function L(e){const t=this,s=a(),i=r(),n=t.touchEventsData,{params:l,touches:o,enabled:c}=t;if(!c)return;if(t.animating&&l.preventInteractionOnTransition)return;!t.animating&&l.cssMode&&l.loop&&t.loopFix();let p=e;p.originalEvent&&(p=p.originalEvent);let h=d(p.target);if("wrapper"===l.touchEventsTarget&&!h.closest(t.wrapperEl).length)return;if(n.isTouchEvent="touchstart"===p.type,!n.isTouchEvent&&"which"in p&&3===p.which)return;if(!n.isTouchEvent&&"button"in p&&p.button>0)return;if(n.isTouched&&n.isMoved)return;const m=!!l.noSwipingClass&&""!==l.noSwipingClass,f=e.composedPath?e.composedPath():e.path;m&&p.target&&p.target.shadowRoot&&f&&(h=d(f[0]));const g=l.noSwipingSelector?l.noSwipingSelector:`.${l.noSwipingClass}`,v=!(!p.target||!p.target.shadowRoot);if(l.noSwiping&&(v?function(e,t){return void 0===t&&(t=this),function t(s){if(!s||s===a()||s===r())return null;s.assignedSlot&&(s=s.assignedSlot);const i=s.closest(e);return i||s.getRootNode?i||t(s.getRootNode().host):null}(t)}(g,h[0]):h.closest(g)[0]))return void(t.allowClick=!0);if(l.swipeHandler&&!h.closest(l.swipeHandler)[0])return;o.currentX="touchstart"===p.type?p.targetTouches[0].pageX:p.pageX,o.currentY="touchstart"===p.type?p.targetTouches[0].pageY:p.pageY;const w=o.currentX,b=o.currentY,x=l.edgeSwipeDetection||l.iOSEdgeSwipeDetection,y=l.edgeSwipeThreshold||l.iOSEdgeSwipeThreshold;if(x&&(w<=y||w>=i.innerWidth-y)){if("prevent"!==x)return;e.preventDefault()}if(Object.assign(n,{isTouched:!0,isMoved:!1,allowTouchCallbacks:!0,isScrolling:void 0,startMoving:void 0}),o.startX=w,o.startY=b,n.touchStartTime=u(),t.allowClick=!0,t.updateSize(),t.swipeDirection=void 0,l.threshold>0&&(n.allowThresholdMove=!1),"touchstart"!==p.type){let e=!0;h.is(n.focusableElements)&&(e=!1,"SELECT"===h[0].nodeName&&(n.isTouched=!1)),s.activeElement&&d(s.activeElement).is(n.focusableElements)&&s.activeElement!==h[0]&&s.activeElement.blur();const a=e&&t.allowTouchMove&&l.touchStartPreventDefault;!l.touchStartForcePreventDefault&&!a||h[0].isContentEditable||p.preventDefault()}t.params.freeMode&&t.params.freeMode.enabled&&t.freeMode&&t.animating&&!l.cssMode&&t.freeMode.onTouchStart(),t.emit("touchStart",p)}function O(e){const t=a(),s=this,i=s.touchEventsData,{params:r,touches:n,rtlTranslate:l,enabled:o}=s;if(!o)return;let c=e;if(c.originalEvent&&(c=c.originalEvent),!i.isTouched)return void(i.startMoving&&i.isScrolling&&s.emit("touchMoveOpposite",c));if(i.isTouchEvent&&"touchmove"!==c.type)return;const p="touchmove"===c.type&&c.targetTouches&&(c.targetTouches[0]||c.changedTouches[0]),h="touchmove"===c.type?p.pageX:c.pageX,m="touchmove"===c.type?p.pageY:c.pageY;if(c.preventedByNestedSwiper)return n.startX=h,void(n.startY=m);if(!s.allowTouchMove)return d(c.target).is(i.focusableElements)||(s.allowClick=!1),void(i.isTouched&&(Object.assign(n,{startX:h,startY:m,currentX:h,currentY:m}),i.touchStartTime=u()));if(i.isTouchEvent&&r.touchReleaseOnEdges&&!r.loop)if(s.isVertical()){if(m<n.startY&&s.translate<=s.maxTranslate()||m>n.startY&&s.translate>=s.minTranslate())return i.isTouched=!1,void(i.isMoved=!1)}else if(h<n.startX&&s.translate<=s.maxTranslate()||h>n.startX&&s.translate>=s.minTranslate())return;if(i.isTouchEvent&&t.activeElement&&c.target===t.activeElement&&d(c.target).is(i.focusableElements))return i.isMoved=!0,void(s.allowClick=!1);if(i.allowTouchCallbacks&&s.emit("touchMove",c),c.targetTouches&&c.targetTouches.length>1)return;n.currentX=h,n.currentY=m;const f=n.currentX-n.startX,g=n.currentY-n.startY;if(s.params.threshold&&Math.sqrt(f**2+g**2)<s.params.threshold)return;if(void 0===i.isScrolling){let e;s.isHorizontal()&&n.currentY===n.startY||s.isVertical()&&n.currentX===n.startX?i.isScrolling=!1:f*f+g*g>=25&&(e=180*Math.atan2(Math.abs(g),Math.abs(f))/Math.PI,i.isScrolling=s.isHorizontal()?e>r.touchAngle:90-e>r.touchAngle)}if(i.isScrolling&&s.emit("touchMoveOpposite",c),void 0===i.startMoving&&(n.currentX===n.startX&&n.currentY===n.startY||(i.startMoving=!0)),i.isScrolling)return void(i.isTouched=!1);if(!i.startMoving)return;s.allowClick=!1,!r.cssMode&&c.cancelable&&c.preventDefault(),r.touchMoveStopPropagation&&!r.nested&&c.stopPropagation(),i.isMoved||(r.loop&&!r.cssMode&&s.loopFix(),i.startTranslate=s.getTranslate(),s.setTransition(0),s.animating&&s.$wrapperEl.trigger("webkitTransitionEnd transitionend"),i.allowMomentumBounce=!1,!r.grabCursor||!0!==s.allowSlideNext&&!0!==s.allowSlidePrev||s.setGrabCursor(!0),s.emit("sliderFirstMove",c)),s.emit("sliderMove",c),i.isMoved=!0;let v=s.isHorizontal()?f:g;n.diff=v,v*=r.touchRatio,l&&(v=-v),s.swipeDirection=v>0?"prev":"next",i.currentTranslate=v+i.startTranslate;let w=!0,b=r.resistanceRatio;if(r.touchReleaseOnEdges&&(b=0),v>0&&i.currentTranslate>s.minTranslate()?(w=!1,r.resistance&&(i.currentTranslate=s.minTranslate()-1+(-s.minTranslate()+i.startTranslate+v)**b)):v<0&&i.currentTranslate<s.maxTranslate()&&(w=!1,r.resistance&&(i.currentTranslate=s.maxTranslate()+1-(s.maxTranslate()-i.startTranslate-v)**b)),w&&(c.preventedByNestedSwiper=!0),!s.allowSlideNext&&"next"===s.swipeDirection&&i.currentTranslate<i.startTranslate&&(i.currentTranslate=i.startTranslate),!s.allowSlidePrev&&"prev"===s.swipeDirection&&i.currentTranslate>i.startTranslate&&(i.currentTranslate=i.startTranslate),s.allowSlidePrev||s.allowSlideNext||(i.currentTranslate=i.startTranslate),r.threshold>0){if(!(Math.abs(v)>r.threshold||i.allowThresholdMove))return void(i.currentTranslate=i.startTranslate);if(!i.allowThresholdMove)return i.allowThresholdMove=!0,n.startX=n.currentX,n.startY=n.currentY,i.currentTranslate=i.startTranslate,void(n.diff=s.isHorizontal()?n.currentX-n.startX:n.currentY-n.startY)}r.followFinger&&!r.cssMode&&((r.freeMode&&r.freeMode.enabled&&s.freeMode||r.watchSlidesProgress)&&(s.updateActiveIndex(),s.updateSlidesClasses()),s.params.freeMode&&r.freeMode.enabled&&s.freeMode&&s.freeMode.onTouchMove(),s.updateProgress(i.currentTranslate),s.setTranslate(i.currentTranslate))}function I(e){const t=this,s=t.touchEventsData,{params:a,touches:i,rtlTranslate:r,slidesGrid:n,enabled:l}=t;if(!l)return;let o=e;if(o.originalEvent&&(o=o.originalEvent),s.allowTouchCallbacks&&t.emit("touchEnd",o),s.allowTouchCallbacks=!1,!s.isTouched)return s.isMoved&&a.grabCursor&&t.setGrabCursor(!1),s.isMoved=!1,void(s.startMoving=!1);a.grabCursor&&s.isMoved&&s.isTouched&&(!0===t.allowSlideNext||!0===t.allowSlidePrev)&&t.setGrabCursor(!1);const d=u(),c=d-s.touchStartTime;if(t.allowClick){const e=o.path||o.composedPath&&o.composedPath();t.updateClickedSlide(e&&e[0]||o.target),t.emit("tap click",o),c<300&&d-s.lastClickTime<300&&t.emit("doubleTap doubleClick",o)}if(s.lastClickTime=u(),p((()=>{t.destroyed||(t.allowClick=!0)})),!s.isTouched||!s.isMoved||!t.swipeDirection||0===i.diff||s.currentTranslate===s.startTranslate)return s.isTouched=!1,s.isMoved=!1,void(s.startMoving=!1);let h;if(s.isTouched=!1,s.isMoved=!1,s.startMoving=!1,h=a.followFinger?r?t.translate:-t.translate:-s.currentTranslate,a.cssMode)return;if(t.params.freeMode&&a.freeMode.enabled)return void t.freeMode.onTouchEnd({currentPos:h});let m=0,f=t.slidesSizesGrid[0];for(let e=0;e<n.length;e+=e<a.slidesPerGroupSkip?1:a.slidesPerGroup){const t=e<a.slidesPerGroupSkip-1?1:a.slidesPerGroup;void 0!==n[e+t]?h>=n[e]&&h<n[e+t]&&(m=e,f=n[e+t]-n[e]):h>=n[e]&&(m=e,f=n[n.length-1]-n[n.length-2])}let g=null,v=null;a.rewind&&(t.isBeginning?v=t.params.virtual&&t.params.virtual.enabled&&t.virtual?t.virtual.slides.length-1:t.slides.length-1:t.isEnd&&(g=0));const w=(h-n[m])/f,b=m<a.slidesPerGroupSkip-1?1:a.slidesPerGroup;if(c>a.longSwipesMs){if(!a.longSwipes)return void t.slideTo(t.activeIndex);"next"===t.swipeDirection&&(w>=a.longSwipesRatio?t.slideTo(a.rewind&&t.isEnd?g:m+b):t.slideTo(m)),"prev"===t.swipeDirection&&(w>1-a.longSwipesRatio?t.slideTo(m+b):null!==v&&w<0&&Math.abs(w)>a.longSwipesRatio?t.slideTo(v):t.slideTo(m))}else{if(!a.shortSwipes)return void t.slideTo(t.activeIndex);t.navigation&&(o.target===t.navigation.nextEl||o.target===t.navigation.prevEl)?o.target===t.navigation.nextEl?t.slideTo(m+b):t.slideTo(m):("next"===t.swipeDirection&&t.slideTo(null!==g?g:m+b),"prev"===t.swipeDirection&&t.slideTo(null!==v?v:m))}}function A(){const e=this,{params:t,el:s}=e;if(s&&0===s.offsetWidth)return;t.breakpoints&&e.setBreakpoint();const{allowSlideNext:a,allowSlidePrev:i,snapGrid:r}=e;e.allowSlideNext=!0,e.allowSlidePrev=!0,e.updateSize(),e.updateSlides(),e.updateSlidesClasses(),("auto"===t.slidesPerView||t.slidesPerView>1)&&e.isEnd&&!e.isBeginning&&!e.params.centeredSlides?e.slideTo(e.slides.length-1,0,!1,!0):e.slideTo(e.activeIndex,0,!1,!0),e.autoplay&&e.autoplay.running&&e.autoplay.paused&&e.autoplay.run(),e.allowSlidePrev=i,e.allowSlideNext=a,e.params.watchOverflow&&r!==e.snapGrid&&e.checkOverflow()}function D(e){const t=this;t.enabled&&(t.allowClick||(t.params.preventClicks&&e.preventDefault(),t.params.preventClicksPropagation&&t.animating&&(e.stopPropagation(),e.stopImmediatePropagation())))}function G(){const e=this,{wrapperEl:t,rtlTranslate:s,enabled:a}=e;if(!a)return;let i;e.previousTranslate=e.translate,e.isHorizontal()?e.translate=-t.scrollLeft:e.translate=-t.scrollTop,0===e.translate&&(e.translate=0),e.updateActiveIndex(),e.updateSlidesClasses();const r=e.maxTranslate()-e.minTranslate();i=0===r?0:(e.translate-e.minTranslate())/r,i!==e.progress&&e.updateProgress(s?-e.translate:e.translate),e.emit("setTranslate",e.translate,!1)}let N=!1;function B(){}const H=(e,t)=>{const s=a(),{params:i,touchEvents:r,el:n,wrapperEl:l,device:o,support:d}=e,c=!!i.nested,p="on"===t?"addEventListener":"removeEventListener",u=t;if(d.touch){const t=!("touchstart"!==r.start||!d.passiveListener||!i.passiveListeners)&&{passive:!0,capture:!1};n[p](r.start,e.onTouchStart,t),n[p](r.move,e.onTouchMove,d.passiveListener?{passive:!1,capture:c}:c),n[p](r.end,e.onTouchEnd,t),r.cancel&&n[p](r.cancel,e.onTouchEnd,t)}else n[p](r.start,e.onTouchStart,!1),s[p](r.move,e.onTouchMove,c),s[p](r.end,e.onTouchEnd,!1);(i.preventClicks||i.preventClicksPropagation)&&n[p]("click",e.onClick,!0),i.cssMode&&l[p]("scroll",e.onScroll),i.updateOnWindowResize?e[u](o.ios||o.android?"resize orientationchange observerUpdate":"resize observerUpdate",A,!0):e[u]("observerUpdate",A,!0)};var X={attachEvents:function(){const e=this,t=a(),{params:s,support:i}=e;e.onTouchStart=L.bind(e),e.onTouchMove=O.bind(e),e.onTouchEnd=I.bind(e),s.cssMode&&(e.onScroll=G.bind(e)),e.onClick=D.bind(e),i.touch&&!N&&(t.addEventListener("touchstart",B),N=!0),H(e,"on")},detachEvents:function(){H(this,"off")}};const Y=(e,t)=>e.grid&&t.grid&&t.grid.rows>1;var R={addClasses:function(){const e=this,{classNames:t,params:s,rtl:a,$el:i,device:r,support:n}=e,l=function(e,t){const s=[];return e.forEach((e=>{"object"==typeof e?Object.keys(e).forEach((a=>{e[a]&&s.push(t+a)})):"string"==typeof e&&s.push(t+e)})),s}(["initialized",s.direction,{"pointer-events":!n.touch},{"free-mode":e.params.freeMode&&s.freeMode.enabled},{autoheight:s.autoHeight},{rtl:a},{grid:s.grid&&s.grid.rows>1},{"grid-column":s.grid&&s.grid.rows>1&&"column"===s.grid.fill},{android:r.android},{ios:r.ios},{"css-mode":s.cssMode},{centered:s.cssMode&&s.centeredSlides},{"watch-progress":s.watchSlidesProgress}],s.containerModifierClass);t.push(...l),i.addClass([...t].join(" ")),e.emitContainerClasses()},removeClasses:function(){const{$el:e,classNames:t}=this;e.removeClass(t.join(" ")),this.emitContainerClasses()}};var W={init:!0,direction:"horizontal",touchEventsTarget:"wrapper",initialSlide:0,speed:300,cssMode:!1,updateOnWindowResize:!0,resizeObserver:!0,nested:!1,createElements:!1,enabled:!0,focusableElements:"input, select, option, textarea, button, video, label",width:null,height:null,preventInteractionOnTransition:!1,userAgent:null,url:null,edgeSwipeDetection:!1,edgeSwipeThreshold:20,autoHeight:!1,setWrapperSize:!1,virtualTranslate:!1,effect:"slide",breakpoints:void 0,breakpointsBase:"window",spaceBetween:0,slidesPerView:1,slidesPerGroup:1,slidesPerGroupSkip:0,slidesPerGroupAuto:!1,centeredSlides:!1,centeredSlidesBounds:!1,slidesOffsetBefore:0,slidesOffsetAfter:0,normalizeSlideIndex:!0,centerInsufficientSlides:!1,watchOverflow:!0,roundLengths:!1,touchRatio:1,touchAngle:45,simulateTouch:!0,shortSwipes:!0,longSwipes:!0,longSwipesRatio:.5,longSwipesMs:300,followFinger:!0,allowTouchMove:!0,threshold:0,touchMoveStopPropagation:!1,touchStartPreventDefault:!0,touchStartForcePreventDefault:!1,touchReleaseOnEdges:!1,uniqueNavElements:!0,resistance:!0,resistanceRatio:.85,watchSlidesProgress:!1,grabCursor:!1,preventClicks:!0,preventClicksPropagation:!0,slideToClickedSlide:!1,preloadImages:!0,updateOnImagesReady:!0,loop:!1,loopAdditionalSlides:0,loopedSlides:null,loopedSlidesLimit:!0,loopFillGroupWithBlank:!1,loopPreventsSlide:!0,rewind:!1,allowSlidePrev:!0,allowSlideNext:!0,swipeHandler:null,noSwiping:!0,noSwipingClass:"swiper-no-swiping",noSwipingSelector:null,passiveListeners:!0,maxBackfaceHiddenSlides:10,containerModifierClass:"swiper-",slideClass:"swiper-slide",slideBlankClass:"swiper-slide-invisible-blank",slideActiveClass:"swiper-slide-active",slideDuplicateActiveClass:"swiper-slide-duplicate-active",slideVisibleClass:"swiper-slide-visible",slideDuplicateClass:"swiper-slide-duplicate",slideNextClass:"swiper-slide-next",slideDuplicateNextClass:"swiper-slide-duplicate-next",slidePrevClass:"swiper-slide-prev",slideDuplicatePrevClass:"swiper-slide-duplicate-prev",wrapperClass:"swiper-wrapper",runCallbacksOnInit:!0,_emitClasses:!1};function q(e,t){return function(s){void 0===s&&(s={});const a=Object.keys(s)[0],i=s[a];"object"==typeof i&&null!==i?(["navigation","pagination","scrollbar"].indexOf(a)>=0&&!0===e[a]&&(e[a]={auto:!0}),a in e&&"enabled"in i?(!0===e[a]&&(e[a]={enabled:!0}),"object"!=typeof e[a]||"enabled"in e[a]||(e[a].enabled=!0),e[a]||(e[a]={enabled:!1}),g(t,s)):g(t,s)):g(t,s)}}const j={eventsEmitter:$,update:S,translate:M,transition:{setTransition:function(e,t){const s=this;s.params.cssMode||s.$wrapperEl.transition(e),s.emit("setTransition",e,t)},transitionStart:function(e,t){void 0===e&&(e=!0);const s=this,{params:a}=s;a.cssMode||(a.autoHeight&&s.updateAutoHeight(),P({swiper:s,runCallbacks:e,direction:t,step:"Start"}))},transitionEnd:function(e,t){void 0===e&&(e=!0);const s=this,{params:a}=s;s.animating=!1,a.cssMode||(s.setTransition(0),P({swiper:s,runCallbacks:e,direction:t,step:"End"}))}},slide:k,loop:z,grabCursor:{setGrabCursor:function(e){const t=this;if(t.support.touch||!t.params.simulateTouch||t.params.watchOverflow&&t.isLocked||t.params.cssMode)return;const s="container"===t.params.touchEventsTarget?t.el:t.wrapperEl;s.style.cursor="move",s.style.cursor=e?"grabbing":"grab"},unsetGrabCursor:function(){const e=this;e.support.touch||e.params.watchOverflow&&e.isLocked||e.params.cssMode||(e["container"===e.params.touchEventsTarget?"el":"wrapperEl"].style.cursor="")}},events:X,breakpoints:{setBreakpoint:function(){const e=this,{activeIndex:t,initialized:s,loopedSlides:a=0,params:i,$el:r}=e,n=i.breakpoints;if(!n||n&&0===Object.keys(n).length)return;const l=e.getBreakpoint(n,e.params.breakpointsBase,e.el);if(!l||e.currentBreakpoint===l)return;const o=(l in n?n[l]:void 0)||e.originalParams,d=Y(e,i),c=Y(e,o),p=i.enabled;d&&!c?(r.removeClass(`${i.containerModifierClass}grid ${i.containerModifierClass}grid-column`),e.emitContainerClasses()):!d&&c&&(r.addClass(`${i.containerModifierClass}grid`),(o.grid.fill&&"column"===o.grid.fill||!o.grid.fill&&"column"===i.grid.fill)&&r.addClass(`${i.containerModifierClass}grid-column`),e.emitContainerClasses()),["navigation","pagination","scrollbar"].forEach((t=>{const s=i[t]&&i[t].enabled,a=o[t]&&o[t].enabled;s&&!a&&e[t].disable(),!s&&a&&e[t].enable()}));const u=o.direction&&o.direction!==i.direction,h=i.loop&&(o.slidesPerView!==i.slidesPerView||u);u&&s&&e.changeDirection(),g(e.params,o);const m=e.params.enabled;Object.assign(e,{allowTouchMove:e.params.allowTouchMove,allowSlideNext:e.params.allowSlideNext,allowSlidePrev:e.params.allowSlidePrev}),p&&!m?e.disable():!p&&m&&e.enable(),e.currentBreakpoint=l,e.emit("_beforeBreakpoint",o),h&&s&&(e.loopDestroy(),e.loopCreate(),e.updateSlides(),e.slideTo(t-a+e.loopedSlides,0,!1)),e.emit("breakpoint",o)},getBreakpoint:function(e,t,s){if(void 0===t&&(t="window"),!e||"container"===t&&!s)return;let a=!1;const i=r(),n="window"===t?i.innerHeight:s.clientHeight,l=Object.keys(e).map((e=>{if("string"==typeof e&&0===e.indexOf("@")){const t=parseFloat(e.substr(1));return{value:n*t,point:e}}return{value:e,point:e}}));l.sort(((e,t)=>parseInt(e.value,10)-parseInt(t.value,10)));for(let e=0;e<l.length;e+=1){const{point:r,value:n}=l[e];"window"===t?i.matchMedia(`(min-width: ${n}px)`).matches&&(a=r):n<=s.clientWidth&&(a=r)}return a||"max"}},checkOverflow:{checkOverflow:function(){const e=this,{isLocked:t,params:s}=e,{slidesOffsetBefore:a}=s;if(a){const t=e.slides.length-1,s=e.slidesGrid[t]+e.slidesSizesGrid[t]+2*a;e.isLocked=e.size>s}else e.isLocked=1===e.snapGrid.length;!0===s.allowSlideNext&&(e.allowSlideNext=!e.isLocked),!0===s.allowSlidePrev&&(e.allowSlidePrev=!e.isLocked),t&&t!==e.isLocked&&(e.isEnd=!1),t!==e.isLocked&&e.emit(e.isLocked?"lock":"unlock")}},classes:R,images:{loadImage:function(e,t,s,a,i,n){const l=r();let o;function c(){n&&n()}d(e).parent("picture")[0]||e.complete&&i?c():t?(o=new l.Image,o.onload=c,o.onerror=c,a&&(o.sizes=a),s&&(o.srcset=s),t&&(o.src=t)):c()},preloadImages:function(){const e=this;function t(){null!=e&&e&&!e.destroyed&&(void 0!==e.imagesLoaded&&(e.imagesLoaded+=1),e.imagesLoaded===e.imagesToLoad.length&&(e.params.updateOnImagesReady&&e.update(),e.emit("imagesReady")))}e.imagesToLoad=e.$el.find("img");for(let s=0;s<e.imagesToLoad.length;s+=1){const a=e.imagesToLoad[s];e.loadImage(a,a.currentSrc||a.getAttribute("src"),a.srcset||a.getAttribute("srcset"),a.sizes||a.getAttribute("sizes"),!0,t)}}}},_={};class V{constructor(){let e,t;for(var s=arguments.length,a=new Array(s),i=0;i<s;i++)a[i]=arguments[i];if(1===a.length&&a[0].constructor&&"Object"===Object.prototype.toString.call(a[0]).slice(8,-1)?t=a[0]:[e,t]=a,t||(t={}),t=g({},t),e&&!t.el&&(t.el=e),t.el&&d(t.el).length>1){const e=[];return d(t.el).each((s=>{const a=g({},t,{el:s});e.push(new V(a))})),e}const r=this;r.__swiper__=!0,r.support=E(),r.device=C({userAgent:t.userAgent}),r.browser=T(),r.eventsListeners={},r.eventsAnyListeners=[],r.modules=[...r.__modules__],t.modules&&Array.isArray(t.modules)&&r.modules.push(...t.modules);const n={};r.modules.forEach((e=>{e({swiper:r,extendParams:q(t,n),on:r.on.bind(r),once:r.once.bind(r),off:r.off.bind(r),emit:r.emit.bind(r)})}));const l=g({},W,n);return r.params=g({},l,_,t),r.originalParams=g({},r.params),r.passedParams=g({},t),r.params&&r.params.on&&Object.keys(r.params.on).forEach((e=>{r.on(e,r.params.on[e])})),r.params&&r.params.onAny&&r.onAny(r.params.onAny),r.$=d,Object.assign(r,{enabled:r.params.enabled,el:e,classNames:[],slides:d(),slidesGrid:[],snapGrid:[],slidesSizesGrid:[],isHorizontal:()=>"horizontal"===r.params.direction,isVertical:()=>"vertical"===r.params.direction,activeIndex:0,realIndex:0,isBeginning:!0,isEnd:!1,translate:0,previousTranslate:0,progress:0,velocity:0,animating:!1,allowSlideNext:r.params.allowSlideNext,allowSlidePrev:r.params.allowSlidePrev,touchEvents:function(){const e=["touchstart","touchmove","touchend","touchcancel"],t=["pointerdown","pointermove","pointerup"];return r.touchEventsTouch={start:e[0],move:e[1],end:e[2],cancel:e[3]},r.touchEventsDesktop={start:t[0],move:t[1],end:t[2]},r.support.touch||!r.params.simulateTouch?r.touchEventsTouch:r.touchEventsDesktop}(),touchEventsData:{isTouched:void 0,isMoved:void 0,allowTouchCallbacks:void 0,touchStartTime:void 0,isScrolling:void 0,currentTranslate:void 0,startTranslate:void 0,allowThresholdMove:void 0,focusableElements:r.params.focusableElements,lastClickTime:u(),clickTimeout:void 0,velocities:[],allowMomentumBounce:void 0,isTouchEvent:void 0,startMoving:void 0},allowClick:!0,allowTouchMove:r.params.allowTouchMove,touches:{startX:0,startY:0,currentX:0,currentY:0,diff:0},imagesToLoad:[],imagesLoaded:0}),r.emit("_swiper"),r.params.init&&r.init(),r}enable(){const e=this;e.enabled||(e.enabled=!0,e.params.grabCursor&&e.setGrabCursor(),e.emit("enable"))}disable(){const e=this;e.enabled&&(e.enabled=!1,e.params.grabCursor&&e.unsetGrabCursor(),e.emit("disable"))}setProgress(e,t){const s=this;e=Math.min(Math.max(e,0),1);const a=s.minTranslate(),i=(s.maxTranslate()-a)*e+a;s.translateTo(i,void 0===t?0:t),s.updateActiveIndex(),s.updateSlidesClasses()}emitContainerClasses(){const e=this;if(!e.params._emitClasses||!e.el)return;const t=e.el.className.split(" ").filter((t=>0===t.indexOf("swiper")||0===t.indexOf(e.params.containerModifierClass)));e.emit("_containerClasses",t.join(" "))}getSlideClasses(e){const t=this;return t.destroyed?"":e.className.split(" ").filter((e=>0===e.indexOf("swiper-slide")||0===e.indexOf(t.params.slideClass))).join(" ")}emitSlidesClasses(){const e=this;if(!e.params._emitClasses||!e.el)return;const t=[];e.slides.each((s=>{const a=e.getSlideClasses(s);t.push({slideEl:s,classNames:a}),e.emit("_slideClass",s,a)})),e.emit("_slideClasses",t)}slidesPerViewDynamic(e,t){void 0===e&&(e="current"),void 0===t&&(t=!1);const{params:s,slides:a,slidesGrid:i,slidesSizesGrid:r,size:n,activeIndex:l}=this;let o=1;if(s.centeredSlides){let e,t=a[l].swiperSlideSize;for(let s=l+1;s<a.length;s+=1)a[s]&&!e&&(t+=a[s].swiperSlideSize,o+=1,t>n&&(e=!0));for(let s=l-1;s>=0;s-=1)a[s]&&!e&&(t+=a[s].swiperSlideSize,o+=1,t>n&&(e=!0))}else if("current"===e)for(let e=l+1;e<a.length;e+=1){(t?i[e]+r[e]-i[l]<n:i[e]-i[l]<n)&&(o+=1)}else for(let e=l-1;e>=0;e-=1){i[l]-i[e]<n&&(o+=1)}return o}update(){const e=this;if(!e||e.destroyed)return;const{snapGrid:t,params:s}=e;function a(){const t=e.rtlTranslate?-1*e.translate:e.translate,s=Math.min(Math.max(t,e.maxTranslate()),e.minTranslate());e.setTranslate(s),e.updateActiveIndex(),e.updateSlidesClasses()}let i;s.breakpoints&&e.setBreakpoint(),e.updateSize(),e.updateSlides(),e.updateProgress(),e.updateSlidesClasses(),e.params.freeMode&&e.params.freeMode.enabled?(a(),e.params.autoHeight&&e.updateAutoHeight()):(i=("auto"===e.params.slidesPerView||e.params.slidesPerView>1)&&e.isEnd&&!e.params.centeredSlides?e.slideTo(e.slides.length-1,0,!1,!0):e.slideTo(e.activeIndex,0,!1,!0),i||a()),s.watchOverflow&&t!==e.snapGrid&&e.checkOverflow(),e.emit("update")}changeDirection(e,t){void 0===t&&(t=!0);const s=this,a=s.params.direction;return e||(e="horizontal"===a?"vertical":"horizontal"),e===a||"horizontal"!==e&&"vertical"!==e||(s.$el.removeClass(`${s.params.containerModifierClass}${a}`).addClass(`${s.params.containerModifierClass}${e}`),s.emitContainerClasses(),s.params.direction=e,s.slides.each((t=>{"vertical"===e?t.style.width="":t.style.height=""})),s.emit("changeDirection"),t&&s.update()),s}changeLanguageDirection(e){const t=this;t.rtl&&"rtl"===e||!t.rtl&&"ltr"===e||(t.rtl="rtl"===e,t.rtlTranslate="horizontal"===t.params.direction&&t.rtl,t.rtl?(t.$el.addClass(`${t.params.containerModifierClass}rtl`),t.el.dir="rtl"):(t.$el.removeClass(`${t.params.containerModifierClass}rtl`),t.el.dir="ltr"),t.update())}mount(e){const t=this;if(t.mounted)return!0;const s=d(e||t.params.el);if(!(e=s[0]))return!1;e.swiper=t;const i=()=>`.${(t.params.wrapperClass||"").trim().split(" ").join(".")}`;let r=(()=>{if(e&&e.shadowRoot&&e.shadowRoot.querySelector){const t=d(e.shadowRoot.querySelector(i()));return t.children=e=>s.children(e),t}return s.children?s.children(i()):d(s).children(i())})();if(0===r.length&&t.params.createElements){const e=a().createElement("div");r=d(e),e.className=t.params.wrapperClass,s.append(e),s.children(`.${t.params.slideClass}`).each((e=>{r.append(e)}))}return Object.assign(t,{$el:s,el:e,$wrapperEl:r,wrapperEl:r[0],mounted:!0,rtl:"rtl"===e.dir.toLowerCase()||"rtl"===s.css("direction"),rtlTranslate:"horizontal"===t.params.direction&&("rtl"===e.dir.toLowerCase()||"rtl"===s.css("direction")),wrongRTL:"-webkit-box"===r.css("display")}),!0}init(e){const t=this;if(t.initialized)return t;return!1===t.mount(e)||(t.emit("beforeInit"),t.params.breakpoints&&t.setBreakpoint(),t.addClasses(),t.params.loop&&t.loopCreate(),t.updateSize(),t.updateSlides(),t.params.watchOverflow&&t.checkOverflow(),t.params.grabCursor&&t.enabled&&t.setGrabCursor(),t.params.preloadImages&&t.preloadImages(),t.params.loop?t.slideTo(t.params.initialSlide+t.loopedSlides,0,t.params.runCallbacksOnInit,!1,!0):t.slideTo(t.params.initialSlide,0,t.params.runCallbacksOnInit,!1,!0),t.attachEvents(),t.initialized=!0,t.emit("init"),t.emit("afterInit")),t}destroy(e,t){void 0===e&&(e=!0),void 0===t&&(t=!0);const s=this,{params:a,$el:i,$wrapperEl:r,slides:n}=s;return void 0===s.params||s.destroyed||(s.emit("beforeDestroy"),s.initialized=!1,s.detachEvents(),a.loop&&s.loopDestroy(),t&&(s.removeClasses(),i.removeAttr("style"),r.removeAttr("style"),n&&n.length&&n.removeClass([a.slideVisibleClass,a.slideActiveClass,a.slideNextClass,a.slidePrevClass].join(" ")).removeAttr("style").removeAttr("data-swiper-slide-index")),s.emit("destroy"),Object.keys(s.eventsListeners).forEach((e=>{s.off(e)})),!1!==e&&(s.$el[0].swiper=null,function(e){const t=e;Object.keys(t).forEach((e=>{try{t[e]=null}catch(e){}try{delete t[e]}catch(e){}}))}(s)),s.destroyed=!0),null}static extendDefaults(e){g(_,e)}static get extendedDefaults(){return _}static get defaults(){return W}static installModule(e){V.prototype.__modules__||(V.prototype.__modules__=[]);const t=V.prototype.__modules__;"function"==typeof e&&t.indexOf(e)<0&&t.push(e)}static use(e){return Array.isArray(e)?(e.forEach((e=>V.installModule(e))),V):(V.installModule(e),V)}}function F(e,t,s,i){const r=a();return e.params.createElements&&Object.keys(i).forEach((a=>{if(!s[a]&&!0===s.auto){let n=e.$el.children(`.${i[a]}`)[0];n||(n=r.createElement("div"),n.className=i[a],e.$el.append(n)),s[a]=n,t[a]=n}})),s}function U(e){return void 0===e&&(e=""),`.${e.trim().replace(/([\.:!\/])/g,"\\$1").replace(/ /g,".")}`}function K(e){const t=this,{$wrapperEl:s,params:a}=t;if(a.loop&&t.loopDestroy(),"object"==typeof e&&"length"in e)for(let t=0;t<e.length;t+=1)e[t]&&s.append(e[t]);else s.append(e);a.loop&&t.loopCreate(),a.observer||t.update()}function Z(e){const t=this,{params:s,$wrapperEl:a,activeIndex:i}=t;s.loop&&t.loopDestroy();let r=i+1;if("object"==typeof e&&"length"in e){for(let t=0;t<e.length;t+=1)e[t]&&a.prepend(e[t]);r=i+e.length}else a.prepend(e);s.loop&&t.loopCreate(),s.observer||t.update(),t.slideTo(r,0,!1)}function Q(e,t){const s=this,{$wrapperEl:a,params:i,activeIndex:r}=s;let n=r;i.loop&&(n-=s.loopedSlides,s.loopDestroy(),s.slides=a.children(`.${i.slideClass}`));const l=s.slides.length;if(e<=0)return void s.prependSlide(t);if(e>=l)return void s.appendSlide(t);let o=n>e?n+1:n;const d=[];for(let t=l-1;t>=e;t-=1){const e=s.slides.eq(t);e.remove(),d.unshift(e)}if("object"==typeof t&&"length"in t){for(let e=0;e<t.length;e+=1)t[e]&&a.append(t[e]);o=n>e?n+t.length:n}else a.append(t);for(let e=0;e<d.length;e+=1)a.append(d[e]);i.loop&&s.loopCreate(),i.observer||s.update(),i.loop?s.slideTo(o+s.loopedSlides,0,!1):s.slideTo(o,0,!1)}function J(e){const t=this,{params:s,$wrapperEl:a,activeIndex:i}=t;let r=i;s.loop&&(r-=t.loopedSlides,t.loopDestroy(),t.slides=a.children(`.${s.slideClass}`));let n,l=r;if("object"==typeof e&&"length"in e){for(let s=0;s<e.length;s+=1)n=e[s],t.slides[n]&&t.slides.eq(n).remove(),n<l&&(l-=1);l=Math.max(l,0)}else n=e,t.slides[n]&&t.slides.eq(n).remove(),n<l&&(l-=1),l=Math.max(l,0);s.loop&&t.loopCreate(),s.observer||t.update(),s.loop?t.slideTo(l+t.loopedSlides,0,!1):t.slideTo(l,0,!1)}function ee(){const e=this,t=[];for(let s=0;s<e.slides.length;s+=1)t.push(s);e.removeSlide(t)}function te(e){const{effect:t,swiper:s,on:a,setTranslate:i,setTransition:r,overwriteParams:n,perspective:l,recreateShadows:o,getEffectParams:d}=e;let c;a("beforeInit",(()=>{if(s.params.effect!==t)return;s.classNames.push(`${s.params.containerModifierClass}${t}`),l&&l()&&s.classNames.push(`${s.params.containerModifierClass}3d`);const e=n?n():{};Object.assign(s.params,e),Object.assign(s.originalParams,e)})),a("setTranslate",(()=>{s.params.effect===t&&i()})),a("setTransition",((e,a)=>{s.params.effect===t&&r(a)})),a("transitionEnd",(()=>{if(s.params.effect===t&&o){if(!d||!d().slideShadows)return;s.slides.each((e=>{s.$(e).find(".swiper-slide-shadow-top, .swiper-slide-shadow-right, .swiper-slide-shadow-bottom, .swiper-slide-shadow-left").remove()})),o()}})),a("virtualUpdate",(()=>{s.params.effect===t&&(s.slides.length||(c=!0),requestAnimationFrame((()=>{c&&s.slides&&s.slides.length&&(i(),c=!1)})))}))}function se(e,t){return e.transformEl?t.find(e.transformEl).css({"backface-visibility":"hidden","-webkit-backface-visibility":"hidden"}):t}function ae(e){let{swiper:t,duration:s,transformEl:a,allSlides:i}=e;const{slides:r,activeIndex:n,$wrapperEl:l}=t;if(t.params.virtualTranslate&&0!==s){let e,s=!1;e=i?a?r.find(a):r:a?r.eq(n).find(a):r.eq(n),e.transitionEnd((()=>{if(s)return;if(!t||t.destroyed)return;s=!0,t.animating=!1;const e=["webkitTransitionEnd","transitionend"];for(let t=0;t<e.length;t+=1)l.trigger(e[t])}))}}function ie(e,t,s){const a="swiper-slide-shadow"+(s?`-${s}`:""),i=e.transformEl?t.find(e.transformEl):t;let r=i.children(`.${a}`);return r.length||(r=d(`<div class="swiper-slide-shadow${s?`-${s}`:""}"></div>`),i.append(r)),r}Object.keys(j).forEach((e=>{Object.keys(j[e]).forEach((t=>{V.prototype[t]=j[e][t]}))})),V.use([function(e){let{swiper:t,on:s,emit:a}=e;const i=r();let n=null,l=null;const o=()=>{t&&!t.destroyed&&t.initialized&&(a("beforeResize"),a("resize"))},d=()=>{t&&!t.destroyed&&t.initialized&&a("orientationchange")};s("init",(()=>{t.params.resizeObserver&&void 0!==i.ResizeObserver?t&&!t.destroyed&&t.initialized&&(n=new ResizeObserver((e=>{l=i.requestAnimationFrame((()=>{const{width:s,height:a}=t;let i=s,r=a;e.forEach((e=>{let{contentBoxSize:s,contentRect:a,target:n}=e;n&&n!==t.el||(i=a?a.width:(s[0]||s).inlineSize,r=a?a.height:(s[0]||s).blockSize)})),i===s&&r===a||o()}))})),n.observe(t.el)):(i.addEventListener("resize",o),i.addEventListener("orientationchange",d))})),s("destroy",(()=>{l&&i.cancelAnimationFrame(l),n&&n.unobserve&&t.el&&(n.unobserve(t.el),n=null),i.removeEventListener("resize",o),i.removeEventListener("orientationchange",d)}))},function(e){let{swiper:t,extendParams:s,on:a,emit:i}=e;const n=[],l=r(),o=function(e,t){void 0===t&&(t={});const s=new(l.MutationObserver||l.WebkitMutationObserver)((e=>{if(1===e.length)return void i("observerUpdate",e[0]);const t=function(){i("observerUpdate",e[0])};l.requestAnimationFrame?l.requestAnimationFrame(t):l.setTimeout(t,0)}));s.observe(e,{attributes:void 0===t.attributes||t.attributes,childList:void 0===t.childList||t.childList,characterData:void 0===t.characterData||t.characterData}),n.push(s)};s({observer:!1,observeParents:!1,observeSlideChildren:!1}),a("init",(()=>{if(t.params.observer){if(t.params.observeParents){const e=t.$el.parents();for(let t=0;t<e.length;t+=1)o(e[t])}o(t.$el[0],{childList:t.params.observeSlideChildren}),o(t.$wrapperEl[0],{attributes:!1})}})),a("destroy",(()=>{n.forEach((e=>{e.disconnect()})),n.splice(0,n.length)}))}]);const re=[function(e){let t,{swiper:s,extendParams:a,on:i,emit:r}=e;function n(e,t){const a=s.params.virtual;if(a.cache&&s.virtual.cache[t])return s.virtual.cache[t];const i=a.renderSlide?d(a.renderSlide.call(s,e,t)):d(`<div class="${s.params.slideClass}" data-swiper-slide-index="${t}">${e}</div>`);return i.attr("data-swiper-slide-index")||i.attr("data-swiper-slide-index",t),a.cache&&(s.virtual.cache[t]=i),i}function l(e){const{slidesPerView:t,slidesPerGroup:a,centeredSlides:i}=s.params,{addSlidesBefore:l,addSlidesAfter:o}=s.params.virtual,{from:d,to:c,slides:p,slidesGrid:u,offset:h}=s.virtual;s.params.cssMode||s.updateActiveIndex();const m=s.activeIndex||0;let f,g,v;f=s.rtlTranslate?"right":s.isHorizontal()?"left":"top",i?(g=Math.floor(t/2)+a+o,v=Math.floor(t/2)+a+l):(g=t+(a-1)+o,v=a+l);const w=Math.max((m||0)-v,0),b=Math.min((m||0)+g,p.length-1),x=(s.slidesGrid[w]||0)-(s.slidesGrid[0]||0);function y(){s.updateSlides(),s.updateProgress(),s.updateSlidesClasses(),s.lazy&&s.params.lazy.enabled&&s.lazy.load(),r("virtualUpdate")}if(Object.assign(s.virtual,{from:w,to:b,offset:x,slidesGrid:s.slidesGrid}),d===w&&c===b&&!e)return s.slidesGrid!==u&&x!==h&&s.slides.css(f,`${x}px`),s.updateProgress(),void r("virtualUpdate");if(s.params.virtual.renderExternal)return s.params.virtual.renderExternal.call(s,{offset:x,from:w,to:b,slides:function(){const e=[];for(let t=w;t<=b;t+=1)e.push(p[t]);return e}()}),void(s.params.virtual.renderExternalUpdate?y():r("virtualUpdate"));const E=[],C=[];if(e)s.$wrapperEl.find(`.${s.params.slideClass}`).remove();else for(let e=d;e<=c;e+=1)(e<w||e>b)&&s.$wrapperEl.find(`.${s.params.slideClass}[data-swiper-slide-index="${e}"]`).remove();for(let t=0;t<p.length;t+=1)t>=w&&t<=b&&(void 0===c||e?C.push(t):(t>c&&C.push(t),t<d&&E.push(t)));C.forEach((e=>{s.$wrapperEl.append(n(p[e],e))})),E.sort(((e,t)=>t-e)).forEach((e=>{s.$wrapperEl.prepend(n(p[e],e))})),s.$wrapperEl.children(".swiper-slide").css(f,`${x}px`),y()}a({virtual:{enabled:!1,slides:[],cache:!0,renderSlide:null,renderExternal:null,renderExternalUpdate:!0,addSlidesBefore:0,addSlidesAfter:0}}),s.virtual={cache:{},from:void 0,to:void 0,slides:[],offset:0,slidesGrid:[]},i("beforeInit",(()=>{s.params.virtual.enabled&&(s.virtual.slides=s.params.virtual.slides,s.classNames.push(`${s.params.containerModifierClass}virtual`),s.params.watchSlidesProgress=!0,s.originalParams.watchSlidesProgress=!0,s.params.initialSlide||l())})),i("setTranslate",(()=>{s.params.virtual.enabled&&(s.params.cssMode&&!s._immediateVirtual?(clearTimeout(t),t=setTimeout((()=>{l()}),100)):l())})),i("init update resize",(()=>{s.params.virtual.enabled&&s.params.cssMode&&v(s.wrapperEl,"--swiper-virtual-size",`${s.virtualSize}px`)})),Object.assign(s.virtual,{appendSlide:function(e){if("object"==typeof e&&"length"in e)for(let t=0;t<e.length;t+=1)e[t]&&s.virtual.slides.push(e[t]);else s.virtual.slides.push(e);l(!0)},prependSlide:function(e){const t=s.activeIndex;let a=t+1,i=1;if(Array.isArray(e)){for(let t=0;t<e.length;t+=1)e[t]&&s.virtual.slides.unshift(e[t]);a=t+e.length,i=e.length}else s.virtual.slides.unshift(e);if(s.params.virtual.cache){const e=s.virtual.cache,t={};Object.keys(e).forEach((s=>{const a=e[s],r=a.attr("data-swiper-slide-index");r&&a.attr("data-swiper-slide-index",parseInt(r,10)+i),t[parseInt(s,10)+i]=a})),s.virtual.cache=t}l(!0),s.slideTo(a,0)},removeSlide:function(e){if(null==e)return;let t=s.activeIndex;if(Array.isArray(e))for(let a=e.length-1;a>=0;a-=1)s.virtual.slides.splice(e[a],1),s.params.virtual.cache&&delete s.virtual.cache[e[a]],e[a]<t&&(t-=1),t=Math.max(t,0);else s.virtual.slides.splice(e,1),s.params.virtual.cache&&delete s.virtual.cache[e],e<t&&(t-=1),t=Math.max(t,0);l(!0),s.slideTo(t,0)},removeAllSlides:function(){s.virtual.slides=[],s.params.virtual.cache&&(s.virtual.cache={}),l(!0),s.slideTo(0,0)},update:l})},function(e){let{swiper:t,extendParams:s,on:i,emit:n}=e;const l=a(),o=r();function c(e){if(!t.enabled)return;const{rtlTranslate:s}=t;let a=e;a.originalEvent&&(a=a.originalEvent);const i=a.keyCode||a.charCode,r=t.params.keyboard.pageUpDown,d=r&&33===i,c=r&&34===i,p=37===i,u=39===i,h=38===i,m=40===i;if(!t.allowSlideNext&&(t.isHorizontal()&&u||t.isVertical()&&m||c))return!1;if(!t.allowSlidePrev&&(t.isHorizontal()&&p||t.isVertical()&&h||d))return!1;if(!(a.shiftKey||a.altKey||a.ctrlKey||a.metaKey||l.activeElement&&l.activeElement.nodeName&&("input"===l.activeElement.nodeName.toLowerCase()||"textarea"===l.activeElement.nodeName.toLowerCase()))){if(t.params.keyboard.onlyInViewport&&(d||c||p||u||h||m)){let e=!1;if(t.$el.parents(`.${t.params.slideClass}`).length>0&&0===t.$el.parents(`.${t.params.slideActiveClass}`).length)return;const a=t.$el,i=a[0].clientWidth,r=a[0].clientHeight,n=o.innerWidth,l=o.innerHeight,d=t.$el.offset();s&&(d.left-=t.$el[0].scrollLeft);const c=[[d.left,d.top],[d.left+i,d.top],[d.left,d.top+r],[d.left+i,d.top+r]];for(let t=0;t<c.length;t+=1){const s=c[t];if(s[0]>=0&&s[0]<=n&&s[1]>=0&&s[1]<=l){if(0===s[0]&&0===s[1])continue;e=!0}}if(!e)return}t.isHorizontal()?((d||c||p||u)&&(a.preventDefault?a.preventDefault():a.returnValue=!1),((c||u)&&!s||(d||p)&&s)&&t.slideNext(),((d||p)&&!s||(c||u)&&s)&&t.slidePrev()):((d||c||h||m)&&(a.preventDefault?a.preventDefault():a.returnValue=!1),(c||m)&&t.slideNext(),(d||h)&&t.slidePrev()),n("keyPress",i)}}function p(){t.keyboard.enabled||(d(l).on("keydown",c),t.keyboard.enabled=!0)}function u(){t.keyboard.enabled&&(d(l).off("keydown",c),t.keyboard.enabled=!1)}t.keyboard={enabled:!1},s({keyboard:{enabled:!1,onlyInViewport:!0,pageUpDown:!0}}),i("init",(()=>{t.params.keyboard.enabled&&p()})),i("destroy",(()=>{t.keyboard.enabled&&u()})),Object.assign(t.keyboard,{enable:p,disable:u})},function(e){let{swiper:t,extendParams:s,on:a,emit:i}=e;const n=r();let l;s({mousewheel:{enabled:!1,releaseOnEdges:!1,invert:!1,forceToAxis:!1,sensitivity:1,eventsTarget:"container",thresholdDelta:null,thresholdTime:null}}),t.mousewheel={enabled:!1};let o,c=u();const h=[];function m(){t.enabled&&(t.mouseEntered=!0)}function f(){t.enabled&&(t.mouseEntered=!1)}function g(e){return!(t.params.mousewheel.thresholdDelta&&e.delta<t.params.mousewheel.thresholdDelta)&&(!(t.params.mousewheel.thresholdTime&&u()-c<t.params.mousewheel.thresholdTime)&&(e.delta>=6&&u()-c<60||(e.direction<0?t.isEnd&&!t.params.loop||t.animating||(t.slideNext(),i("scroll",e.raw)):t.isBeginning&&!t.params.loop||t.animating||(t.slidePrev(),i("scroll",e.raw)),c=(new n.Date).getTime(),!1)))}function v(e){let s=e,a=!0;if(!t.enabled)return;const r=t.params.mousewheel;t.params.cssMode&&s.preventDefault();let n=t.$el;if("container"!==t.params.mousewheel.eventsTarget&&(n=d(t.params.mousewheel.eventsTarget)),!t.mouseEntered&&!n[0].contains(s.target)&&!r.releaseOnEdges)return!0;s.originalEvent&&(s=s.originalEvent);let c=0;const m=t.rtlTranslate?-1:1,f=function(e){let t=0,s=0,a=0,i=0;return"detail"in e&&(s=e.detail),"wheelDelta"in e&&(s=-e.wheelDelta/120),"wheelDeltaY"in e&&(s=-e.wheelDeltaY/120),"wheelDeltaX"in e&&(t=-e.wheelDeltaX/120),"axis"in e&&e.axis===e.HORIZONTAL_AXIS&&(t=s,s=0),a=10*t,i=10*s,"deltaY"in e&&(i=e.deltaY),"deltaX"in e&&(a=e.deltaX),e.shiftKey&&!a&&(a=i,i=0),(a||i)&&e.deltaMode&&(1===e.deltaMode?(a*=40,i*=40):(a*=800,i*=800)),a&&!t&&(t=a<1?-1:1),i&&!s&&(s=i<1?-1:1),{spinX:t,spinY:s,pixelX:a,pixelY:i}}(s);if(r.forceToAxis)if(t.isHorizontal()){if(!(Math.abs(f.pixelX)>Math.abs(f.pixelY)))return!0;c=-f.pixelX*m}else{if(!(Math.abs(f.pixelY)>Math.abs(f.pixelX)))return!0;c=-f.pixelY}else c=Math.abs(f.pixelX)>Math.abs(f.pixelY)?-f.pixelX*m:-f.pixelY;if(0===c)return!0;r.invert&&(c=-c);let v=t.getTranslate()+c*r.sensitivity;if(v>=t.minTranslate()&&(v=t.minTranslate()),v<=t.maxTranslate()&&(v=t.maxTranslate()),a=!!t.params.loop||!(v===t.minTranslate()||v===t.maxTranslate()),a&&t.params.nested&&s.stopPropagation(),t.params.freeMode&&t.params.freeMode.enabled){const e={time:u(),delta:Math.abs(c),direction:Math.sign(c)},a=o&&e.time<o.time+500&&e.delta<=o.delta&&e.direction===o.direction;if(!a){o=void 0,t.params.loop&&t.loopFix();let n=t.getTranslate()+c*r.sensitivity;const d=t.isBeginning,u=t.isEnd;if(n>=t.minTranslate()&&(n=t.minTranslate()),n<=t.maxTranslate()&&(n=t.maxTranslate()),t.setTransition(0),t.setTranslate(n),t.updateProgress(),t.updateActiveIndex(),t.updateSlidesClasses(),(!d&&t.isBeginning||!u&&t.isEnd)&&t.updateSlidesClasses(),t.params.freeMode.sticky){clearTimeout(l),l=void 0,h.length>=15&&h.shift();const s=h.length?h[h.length-1]:void 0,a=h[0];if(h.push(e),s&&(e.delta>s.delta||e.direction!==s.direction))h.splice(0);else if(h.length>=15&&e.time-a.time<500&&a.delta-e.delta>=1&&e.delta<=6){const s=c>0?.8:.2;o=e,h.splice(0),l=p((()=>{t.slideToClosest(t.params.speed,!0,void 0,s)}),0)}l||(l=p((()=>{o=e,h.splice(0),t.slideToClosest(t.params.speed,!0,void 0,.5)}),500))}if(a||i("scroll",s),t.params.autoplay&&t.params.autoplayDisableOnInteraction&&t.autoplay.stop(),n===t.minTranslate()||n===t.maxTranslate())return!0}}else{const s={time:u(),delta:Math.abs(c),direction:Math.sign(c),raw:e};h.length>=2&&h.shift();const a=h.length?h[h.length-1]:void 0;if(h.push(s),a?(s.direction!==a.direction||s.delta>a.delta||s.time>a.time+150)&&g(s):g(s),function(e){const s=t.params.mousewheel;if(e.direction<0){if(t.isEnd&&!t.params.loop&&s.releaseOnEdges)return!0}else if(t.isBeginning&&!t.params.loop&&s.releaseOnEdges)return!0;return!1}(s))return!0}return s.preventDefault?s.preventDefault():s.returnValue=!1,!1}function w(e){let s=t.$el;"container"!==t.params.mousewheel.eventsTarget&&(s=d(t.params.mousewheel.eventsTarget)),s[e]("mouseenter",m),s[e]("mouseleave",f),s[e]("wheel",v)}function b(){return t.params.cssMode?(t.wrapperEl.removeEventListener("wheel",v),!0):!t.mousewheel.enabled&&(w("on"),t.mousewheel.enabled=!0,!0)}function x(){return t.params.cssMode?(t.wrapperEl.addEventListener(event,v),!0):!!t.mousewheel.enabled&&(w("off"),t.mousewheel.enabled=!1,!0)}a("init",(()=>{!t.params.mousewheel.enabled&&t.params.cssMode&&x(),t.params.mousewheel.enabled&&b()})),a("destroy",(()=>{t.params.cssMode&&b(),t.mousewheel.enabled&&x()})),Object.assign(t.mousewheel,{enable:b,disable:x})},function(e){let{swiper:t,extendParams:s,on:a,emit:i}=e;function r(e){let s;return e&&(s=d(e),t.params.uniqueNavElements&&"string"==typeof e&&s.length>1&&1===t.$el.find(e).length&&(s=t.$el.find(e))),s}function n(e,s){const a=t.params.navigation;e&&e.length>0&&(e[s?"addClass":"removeClass"](a.disabledClass),e[0]&&"BUTTON"===e[0].tagName&&(e[0].disabled=s),t.params.watchOverflow&&t.enabled&&e[t.isLocked?"addClass":"removeClass"](a.lockClass))}function l(){if(t.params.loop)return;const{$nextEl:e,$prevEl:s}=t.navigation;n(s,t.isBeginning&&!t.params.rewind),n(e,t.isEnd&&!t.params.rewind)}function o(e){e.preventDefault(),(!t.isBeginning||t.params.loop||t.params.rewind)&&(t.slidePrev(),i("navigationPrev"))}function c(e){e.preventDefault(),(!t.isEnd||t.params.loop||t.params.rewind)&&(t.slideNext(),i("navigationNext"))}function p(){const e=t.params.navigation;if(t.params.navigation=F(t,t.originalParams.navigation,t.params.navigation,{nextEl:"swiper-button-next",prevEl:"swiper-button-prev"}),!e.nextEl&&!e.prevEl)return;const s=r(e.nextEl),a=r(e.prevEl);s&&s.length>0&&s.on("click",c),a&&a.length>0&&a.on("click",o),Object.assign(t.navigation,{$nextEl:s,nextEl:s&&s[0],$prevEl:a,prevEl:a&&a[0]}),t.enabled||(s&&s.addClass(e.lockClass),a&&a.addClass(e.lockClass))}function u(){const{$nextEl:e,$prevEl:s}=t.navigation;e&&e.length&&(e.off("click",c),e.removeClass(t.params.navigation.disabledClass)),s&&s.length&&(s.off("click",o),s.removeClass(t.params.navigation.disabledClass))}s({navigation:{nextEl:null,prevEl:null,hideOnClick:!1,disabledClass:"swiper-button-disabled",hiddenClass:"swiper-button-hidden",lockClass:"swiper-button-lock",navigationDisabledClass:"swiper-navigation-disabled"}}),t.navigation={nextEl:null,$nextEl:null,prevEl:null,$prevEl:null},a("init",(()=>{!1===t.params.navigation.enabled?h():(p(),l())})),a("toEdge fromEdge lock unlock",(()=>{l()})),a("destroy",(()=>{u()})),a("enable disable",(()=>{const{$nextEl:e,$prevEl:s}=t.navigation;e&&e[t.enabled?"removeClass":"addClass"](t.params.navigation.lockClass),s&&s[t.enabled?"removeClass":"addClass"](t.params.navigation.lockClass)})),a("click",((e,s)=>{const{$nextEl:a,$prevEl:r}=t.navigation,n=s.target;if(t.params.navigation.hideOnClick&&!d(n).is(r)&&!d(n).is(a)){if(t.pagination&&t.params.pagination&&t.params.pagination.clickable&&(t.pagination.el===n||t.pagination.el.contains(n)))return;let e;a?e=a.hasClass(t.params.navigation.hiddenClass):r&&(e=r.hasClass(t.params.navigation.hiddenClass)),i(!0===e?"navigationShow":"navigationHide"),a&&a.toggleClass(t.params.navigation.hiddenClass),r&&r.toggleClass(t.params.navigation.hiddenClass)}}));const h=()=>{t.$el.addClass(t.params.navigation.navigationDisabledClass),u()};Object.assign(t.navigation,{enable:()=>{t.$el.removeClass(t.params.navigation.navigationDisabledClass),p(),l()},disable:h,update:l,init:p,destroy:u})},function(e){let{swiper:t,extendParams:s,on:a,emit:i}=e;const r="swiper-pagination";let n;s({pagination:{el:null,bulletElement:"span",clickable:!1,hideOnClick:!1,renderBullet:null,renderProgressbar:null,renderFraction:null,renderCustom:null,progressbarOpposite:!1,type:"bullets",dynamicBullets:!1,dynamicMainBullets:1,formatFractionCurrent:e=>e,formatFractionTotal:e=>e,bulletClass:`${r}-bullet`,bulletActiveClass:`${r}-bullet-active`,modifierClass:`${r}-`,currentClass:`${r}-current`,totalClass:`${r}-total`,hiddenClass:`${r}-hidden`,progressbarFillClass:`${r}-progressbar-fill`,progressbarOppositeClass:`${r}-progressbar-opposite`,clickableClass:`${r}-clickable`,lockClass:`${r}-lock`,horizontalClass:`${r}-horizontal`,verticalClass:`${r}-vertical`,paginationDisabledClass:`${r}-disabled`}}),t.pagination={el:null,$el:null,bullets:[]};let l=0;function o(){return!t.params.pagination.el||!t.pagination.el||!t.pagination.$el||0===t.pagination.$el.length}function c(e,s){const{bulletActiveClass:a}=t.params.pagination;e[s]().addClass(`${a}-${s}`)[s]().addClass(`${a}-${s}-${s}`)}function p(){const e=t.rtl,s=t.params.pagination;if(o())return;const a=t.virtual&&t.params.virtual.enabled?t.virtual.slides.length:t.slides.length,r=t.pagination.$el;let p;const u=t.params.loop?Math.ceil((a-2*t.loopedSlides)/t.params.slidesPerGroup):t.snapGrid.length;if(t.params.loop?(p=Math.ceil((t.activeIndex-t.loopedSlides)/t.params.slidesPerGroup),p>a-1-2*t.loopedSlides&&(p-=a-2*t.loopedSlides),p>u-1&&(p-=u),p<0&&"bullets"!==t.params.paginationType&&(p=u+p)):p=void 0!==t.snapIndex?t.snapIndex:t.activeIndex||0,"bullets"===s.type&&t.pagination.bullets&&t.pagination.bullets.length>0){const a=t.pagination.bullets;let i,o,u;if(s.dynamicBullets&&(n=a.eq(0)[t.isHorizontal()?"outerWidth":"outerHeight"](!0),r.css(t.isHorizontal()?"width":"height",n*(s.dynamicMainBullets+4)+"px"),s.dynamicMainBullets>1&&void 0!==t.previousIndex&&(l+=p-(t.previousIndex-t.loopedSlides||0),l>s.dynamicMainBullets-1?l=s.dynamicMainBullets-1:l<0&&(l=0)),i=Math.max(p-l,0),o=i+(Math.min(a.length,s.dynamicMainBullets)-1),u=(o+i)/2),a.removeClass(["","-next","-next-next","-prev","-prev-prev","-main"].map((e=>`${s.bulletActiveClass}${e}`)).join(" ")),r.length>1)a.each((e=>{const t=d(e),a=t.index();a===p&&t.addClass(s.bulletActiveClass),s.dynamicBullets&&(a>=i&&a<=o&&t.addClass(`${s.bulletActiveClass}-main`),a===i&&c(t,"prev"),a===o&&c(t,"next"))}));else{const e=a.eq(p),r=e.index();if(e.addClass(s.bulletActiveClass),s.dynamicBullets){const e=a.eq(i),n=a.eq(o);for(let e=i;e<=o;e+=1)a.eq(e).addClass(`${s.bulletActiveClass}-main`);if(t.params.loop)if(r>=a.length){for(let e=s.dynamicMainBullets;e>=0;e-=1)a.eq(a.length-e).addClass(`${s.bulletActiveClass}-main`);a.eq(a.length-s.dynamicMainBullets-1).addClass(`${s.bulletActiveClass}-prev`)}else c(e,"prev"),c(n,"next");else c(e,"prev"),c(n,"next")}}if(s.dynamicBullets){const i=Math.min(a.length,s.dynamicMainBullets+4),r=(n*i-n)/2-u*n,l=e?"right":"left";a.css(t.isHorizontal()?l:"top",`${r}px`)}}if("fraction"===s.type&&(r.find(U(s.currentClass)).text(s.formatFractionCurrent(p+1)),r.find(U(s.totalClass)).text(s.formatFractionTotal(u))),"progressbar"===s.type){let e;e=s.progressbarOpposite?t.isHorizontal()?"vertical":"horizontal":t.isHorizontal()?"horizontal":"vertical";const a=(p+1)/u;let i=1,n=1;"horizontal"===e?i=a:n=a,r.find(U(s.progressbarFillClass)).transform(`translate3d(0,0,0) scaleX(${i}) scaleY(${n})`).transition(t.params.speed)}"custom"===s.type&&s.renderCustom?(r.html(s.renderCustom(t,p+1,u)),i("paginationRender",r[0])):i("paginationUpdate",r[0]),t.params.watchOverflow&&t.enabled&&r[t.isLocked?"addClass":"removeClass"](s.lockClass)}function u(){const e=t.params.pagination;if(o())return;const s=t.virtual&&t.params.virtual.enabled?t.virtual.slides.length:t.slides.length,a=t.pagination.$el;let r="";if("bullets"===e.type){let i=t.params.loop?Math.ceil((s-2*t.loopedSlides)/t.params.slidesPerGroup):t.snapGrid.length;t.params.freeMode&&t.params.freeMode.enabled&&!t.params.loop&&i>s&&(i=s);for(let s=0;s<i;s+=1)e.renderBullet?r+=e.renderBullet.call(t,s,e.bulletClass):r+=`<${e.bulletElement} class="${e.bulletClass}"></${e.bulletElement}>`;a.html(r),t.pagination.bullets=a.find(U(e.bulletClass))}"fraction"===e.type&&(r=e.renderFraction?e.renderFraction.call(t,e.currentClass,e.totalClass):`<span class="${e.currentClass}"></span> / <span class="${e.totalClass}"></span>`,a.html(r)),"progressbar"===e.type&&(r=e.renderProgressbar?e.renderProgressbar.call(t,e.progressbarFillClass):`<span class="${e.progressbarFillClass}"></span>`,a.html(r)),"custom"!==e.type&&i("paginationRender",t.pagination.$el[0])}function h(){t.params.pagination=F(t,t.originalParams.pagination,t.params.pagination,{el:"swiper-pagination"});const e=t.params.pagination;if(!e.el)return;let s=d(e.el);0!==s.length&&(t.params.uniqueNavElements&&"string"==typeof e.el&&s.length>1&&(s=t.$el.find(e.el),s.length>1&&(s=s.filter((e=>d(e).parents(".swiper")[0]===t.el)))),"bullets"===e.type&&e.clickable&&s.addClass(e.clickableClass),s.addClass(e.modifierClass+e.type),s.addClass(t.isHorizontal()?e.horizontalClass:e.verticalClass),"bullets"===e.type&&e.dynamicBullets&&(s.addClass(`${e.modifierClass}${e.type}-dynamic`),l=0,e.dynamicMainBullets<1&&(e.dynamicMainBullets=1)),"progressbar"===e.type&&e.progressbarOpposite&&s.addClass(e.progressbarOppositeClass),e.clickable&&s.on("click",U(e.bulletClass),(function(e){e.preventDefault();let s=d(this).index()*t.params.slidesPerGroup;t.params.loop&&(s+=t.loopedSlides),t.slideTo(s)})),Object.assign(t.pagination,{$el:s,el:s[0]}),t.enabled||s.addClass(e.lockClass))}function m(){const e=t.params.pagination;if(o())return;const s=t.pagination.$el;s.removeClass(e.hiddenClass),s.removeClass(e.modifierClass+e.type),s.removeClass(t.isHorizontal()?e.horizontalClass:e.verticalClass),t.pagination.bullets&&t.pagination.bullets.removeClass&&t.pagination.bullets.removeClass(e.bulletActiveClass),e.clickable&&s.off("click",U(e.bulletClass))}a("init",(()=>{!1===t.params.pagination.enabled?f():(h(),u(),p())})),a("activeIndexChange",(()=>{(t.params.loop||void 0===t.snapIndex)&&p()})),a("snapIndexChange",(()=>{t.params.loop||p()})),a("slidesLengthChange",(()=>{t.params.loop&&(u(),p())})),a("snapGridLengthChange",(()=>{t.params.loop||(u(),p())})),a("destroy",(()=>{m()})),a("enable disable",(()=>{const{$el:e}=t.pagination;e&&e[t.enabled?"removeClass":"addClass"](t.params.pagination.lockClass)})),a("lock unlock",(()=>{p()})),a("click",((e,s)=>{const a=s.target,{$el:r}=t.pagination;if(t.params.pagination.el&&t.params.pagination.hideOnClick&&r&&r.length>0&&!d(a).hasClass(t.params.pagination.bulletClass)){if(t.navigation&&(t.navigation.nextEl&&a===t.navigation.nextEl||t.navigation.prevEl&&a===t.navigation.prevEl))return;const e=r.hasClass(t.params.pagination.hiddenClass);i(!0===e?"paginationShow":"paginationHide"),r.toggleClass(t.params.pagination.hiddenClass)}}));const f=()=>{t.$el.addClass(t.params.pagination.paginationDisabledClass),t.pagination.$el&&t.pagination.$el.addClass(t.params.pagination.paginationDisabledClass),m()};Object.assign(t.pagination,{enable:()=>{t.$el.removeClass(t.params.pagination.paginationDisabledClass),t.pagination.$el&&t.pagination.$el.removeClass(t.params.pagination.paginationDisabledClass),h(),u(),p()},disable:f,render:u,update:p,init:h,destroy:m})},function(e){let{swiper:t,extendParams:s,on:i,emit:r}=e;const n=a();let l,o,c,u,h=!1,m=null,f=null;function g(){if(!t.params.scrollbar.el||!t.scrollbar.el)return;const{scrollbar:e,rtlTranslate:s,progress:a}=t,{$dragEl:i,$el:r}=e,n=t.params.scrollbar;let l=o,d=(c-o)*a;s?(d=-d,d>0?(l=o-d,d=0):-d+o>c&&(l=c+d)):d<0?(l=o+d,d=0):d+o>c&&(l=c-d),t.isHorizontal()?(i.transform(`translate3d(${d}px, 0, 0)`),i[0].style.width=`${l}px`):(i.transform(`translate3d(0px, ${d}px, 0)`),i[0].style.height=`${l}px`),n.hide&&(clearTimeout(m),r[0].style.opacity=1,m=setTimeout((()=>{r[0].style.opacity=0,r.transition(400)}),1e3))}function v(){if(!t.params.scrollbar.el||!t.scrollbar.el)return;const{scrollbar:e}=t,{$dragEl:s,$el:a}=e;s[0].style.width="",s[0].style.height="",c=t.isHorizontal()?a[0].offsetWidth:a[0].offsetHeight,u=t.size/(t.virtualSize+t.params.slidesOffsetBefore-(t.params.centeredSlides?t.snapGrid[0]:0)),o="auto"===t.params.scrollbar.dragSize?c*u:parseInt(t.params.scrollbar.dragSize,10),t.isHorizontal()?s[0].style.width=`${o}px`:s[0].style.height=`${o}px`,a[0].style.display=u>=1?"none":"",t.params.scrollbar.hide&&(a[0].style.opacity=0),t.params.watchOverflow&&t.enabled&&e.$el[t.isLocked?"addClass":"removeClass"](t.params.scrollbar.lockClass)}function w(e){return t.isHorizontal()?"touchstart"===e.type||"touchmove"===e.type?e.targetTouches[0].clientX:e.clientX:"touchstart"===e.type||"touchmove"===e.type?e.targetTouches[0].clientY:e.clientY}function b(e){const{scrollbar:s,rtlTranslate:a}=t,{$el:i}=s;let r;r=(w(e)-i.offset()[t.isHorizontal()?"left":"top"]-(null!==l?l:o/2))/(c-o),r=Math.max(Math.min(r,1),0),a&&(r=1-r);const n=t.minTranslate()+(t.maxTranslate()-t.minTranslate())*r;t.updateProgress(n),t.setTranslate(n),t.updateActiveIndex(),t.updateSlidesClasses()}function x(e){const s=t.params.scrollbar,{scrollbar:a,$wrapperEl:i}=t,{$el:n,$dragEl:o}=a;h=!0,l=e.target===o[0]||e.target===o?w(e)-e.target.getBoundingClientRect()[t.isHorizontal()?"left":"top"]:null,e.preventDefault(),e.stopPropagation(),i.transition(100),o.transition(100),b(e),clearTimeout(f),n.transition(0),s.hide&&n.css("opacity",1),t.params.cssMode&&t.$wrapperEl.css("scroll-snap-type","none"),r("scrollbarDragStart",e)}function y(e){const{scrollbar:s,$wrapperEl:a}=t,{$el:i,$dragEl:n}=s;h&&(e.preventDefault?e.preventDefault():e.returnValue=!1,b(e),a.transition(0),i.transition(0),n.transition(0),r("scrollbarDragMove",e))}function E(e){const s=t.params.scrollbar,{scrollbar:a,$wrapperEl:i}=t,{$el:n}=a;h&&(h=!1,t.params.cssMode&&(t.$wrapperEl.css("scroll-snap-type",""),i.transition("")),s.hide&&(clearTimeout(f),f=p((()=>{n.css("opacity",0),n.transition(400)}),1e3)),r("scrollbarDragEnd",e),s.snapOnRelease&&t.slideToClosest())}function C(e){const{scrollbar:s,touchEventsTouch:a,touchEventsDesktop:i,params:r,support:l}=t,o=s.$el;if(!o)return;const d=o[0],c=!(!l.passiveListener||!r.passiveListeners)&&{passive:!1,capture:!1},p=!(!l.passiveListener||!r.passiveListeners)&&{passive:!0,capture:!1};if(!d)return;const u="on"===e?"addEventListener":"removeEventListener";l.touch?(d[u](a.start,x,c),d[u](a.move,y,c),d[u](a.end,E,p)):(d[u](i.start,x,c),n[u](i.move,y,c),n[u](i.end,E,p))}function T(){const{scrollbar:e,$el:s}=t;t.params.scrollbar=F(t,t.originalParams.scrollbar,t.params.scrollbar,{el:"swiper-scrollbar"});const a=t.params.scrollbar;if(!a.el)return;let i=d(a.el);t.params.uniqueNavElements&&"string"==typeof a.el&&i.length>1&&1===s.find(a.el).length&&(i=s.find(a.el)),i.addClass(t.isHorizontal()?a.horizontalClass:a.verticalClass);let r=i.find(`.${t.params.scrollbar.dragClass}`);0===r.length&&(r=d(`<div class="${t.params.scrollbar.dragClass}"></div>`),i.append(r)),Object.assign(e,{$el:i,el:i[0],$dragEl:r,dragEl:r[0]}),a.draggable&&t.params.scrollbar.el&&t.scrollbar.el&&C("on"),i&&i[t.enabled?"removeClass":"addClass"](t.params.scrollbar.lockClass)}function $(){const e=t.params.scrollbar,s=t.scrollbar.$el;s&&s.removeClass(t.isHorizontal()?e.horizontalClass:e.verticalClass),t.params.scrollbar.el&&t.scrollbar.el&&C("off")}s({scrollbar:{el:null,dragSize:"auto",hide:!1,draggable:!1,snapOnRelease:!0,lockClass:"swiper-scrollbar-lock",dragClass:"swiper-scrollbar-drag",scrollbarDisabledClass:"swiper-scrollbar-disabled",horizontalClass:"swiper-scrollbar-horizontal",verticalClass:"swiper-scrollbar-vertical"}}),t.scrollbar={el:null,dragEl:null,$el:null,$dragEl:null},i("init",(()=>{!1===t.params.scrollbar.enabled?S():(T(),v(),g())})),i("update resize observerUpdate lock unlock",(()=>{v()})),i("setTranslate",(()=>{g()})),i("setTransition",((e,s)=>{!function(e){t.params.scrollbar.el&&t.scrollbar.el&&t.scrollbar.$dragEl.transition(e)}(s)})),i("enable disable",(()=>{const{$el:e}=t.scrollbar;e&&e[t.enabled?"removeClass":"addClass"](t.params.scrollbar.lockClass)})),i("destroy",(()=>{$()}));const S=()=>{t.$el.addClass(t.params.scrollbar.scrollbarDisabledClass),t.scrollbar.$el&&t.scrollbar.$el.addClass(t.params.scrollbar.scrollbarDisabledClass),$()};Object.assign(t.scrollbar,{enable:()=>{t.$el.removeClass(t.params.scrollbar.scrollbarDisabledClass),t.scrollbar.$el&&t.scrollbar.$el.removeClass(t.params.scrollbar.scrollbarDisabledClass),T(),v(),g()},disable:S,updateSize:v,setTranslate:g,init:T,destroy:$})},function(e){let{swiper:t,extendParams:s,on:a}=e;s({parallax:{enabled:!1}});const i=(e,s)=>{const{rtl:a}=t,i=d(e),r=a?-1:1,n=i.attr("data-swiper-parallax")||"0";let l=i.attr("data-swiper-parallax-x"),o=i.attr("data-swiper-parallax-y");const c=i.attr("data-swiper-parallax-scale"),p=i.attr("data-swiper-parallax-opacity");if(l||o?(l=l||"0",o=o||"0"):t.isHorizontal()?(l=n,o="0"):(o=n,l="0"),l=l.indexOf("%")>=0?parseInt(l,10)*s*r+"%":l*s*r+"px",o=o.indexOf("%")>=0?parseInt(o,10)*s+"%":o*s+"px",null!=p){const e=p-(p-1)*(1-Math.abs(s));i[0].style.opacity=e}if(null==c)i.transform(`translate3d(${l}, ${o}, 0px)`);else{const e=c-(c-1)*(1-Math.abs(s));i.transform(`translate3d(${l}, ${o}, 0px) scale(${e})`)}},r=()=>{const{$el:e,slides:s,progress:a,snapGrid:r}=t;e.children("[data-swiper-parallax], [data-swiper-parallax-x], [data-swiper-parallax-y], [data-swiper-parallax-opacity], [data-swiper-parallax-scale]").each((e=>{i(e,a)})),s.each(((e,s)=>{let n=e.progress;t.params.slidesPerGroup>1&&"auto"!==t.params.slidesPerView&&(n+=Math.ceil(s/2)-a*(r.length-1)),n=Math.min(Math.max(n,-1),1),d(e).find("[data-swiper-parallax], [data-swiper-parallax-x], [data-swiper-parallax-y], [data-swiper-parallax-opacity], [data-swiper-parallax-scale]").each((e=>{i(e,n)}))}))};a("beforeInit",(()=>{t.params.parallax.enabled&&(t.params.watchSlidesProgress=!0,t.originalParams.watchSlidesProgress=!0)})),a("init",(()=>{t.params.parallax.enabled&&r()})),a("setTranslate",(()=>{t.params.parallax.enabled&&r()})),a("setTransition",((e,s)=>{t.params.parallax.enabled&&function(e){void 0===e&&(e=t.params.speed);const{$el:s}=t;s.find("[data-swiper-parallax], [data-swiper-parallax-x], [data-swiper-parallax-y], [data-swiper-parallax-opacity], [data-swiper-parallax-scale]").each((t=>{const s=d(t);let a=parseInt(s.attr("data-swiper-parallax-duration"),10)||e;0===e&&(a=0),s.transition(a)}))}(s)}))},function(e){let{swiper:t,extendParams:s,on:a,emit:i}=e;const n=r();s({zoom:{enabled:!1,maxRatio:3,minRatio:1,toggle:!0,containerClass:"swiper-zoom-container",zoomedSlideClass:"swiper-slide-zoomed"}}),t.zoom={enabled:!1};let l,o,c,p=1,u=!1;const m={$slideEl:void 0,slideWidth:void 0,slideHeight:void 0,$imageEl:void 0,$imageWrapEl:void 0,maxRatio:3},f={isTouched:void 0,isMoved:void 0,currentX:void 0,currentY:void 0,minX:void 0,minY:void 0,maxX:void 0,maxY:void 0,width:void 0,height:void 0,startX:void 0,startY:void 0,touchesStart:{},touchesCurrent:{}},g={x:void 0,y:void 0,prevPositionX:void 0,prevPositionY:void 0,prevTime:void 0};let v=1;function w(e){if(e.targetTouches.length<2)return 1;const t=e.targetTouches[0].pageX,s=e.targetTouches[0].pageY,a=e.targetTouches[1].pageX,i=e.targetTouches[1].pageY;return Math.sqrt((a-t)**2+(i-s)**2)}function b(e){const s=t.support,a=t.params.zoom;if(o=!1,c=!1,!s.gestures){if("touchstart"!==e.type||"touchstart"===e.type&&e.targetTouches.length<2)return;o=!0,m.scaleStart=w(e)}m.$slideEl&&m.$slideEl.length||(m.$slideEl=d(e.target).closest(`.${t.params.slideClass}`),0===m.$slideEl.length&&(m.$slideEl=t.slides.eq(t.activeIndex)),m.$imageEl=m.$slideEl.find(`.${a.containerClass}`).eq(0).find("picture, img, svg, canvas, .swiper-zoom-target").eq(0),m.$imageWrapEl=m.$imageEl.parent(`.${a.containerClass}`),m.maxRatio=m.$imageWrapEl.attr("data-swiper-zoom")||a.maxRatio,0!==m.$imageWrapEl.length)?(m.$imageEl&&m.$imageEl.transition(0),u=!0):m.$imageEl=void 0}function x(e){const s=t.support,a=t.params.zoom,i=t.zoom;if(!s.gestures){if("touchmove"!==e.type||"touchmove"===e.type&&e.targetTouches.length<2)return;c=!0,m.scaleMove=w(e)}m.$imageEl&&0!==m.$imageEl.length?(s.gestures?i.scale=e.scale*p:i.scale=m.scaleMove/m.scaleStart*p,i.scale>m.maxRatio&&(i.scale=m.maxRatio-1+(i.scale-m.maxRatio+1)**.5),i.scale<a.minRatio&&(i.scale=a.minRatio+1-(a.minRatio-i.scale+1)**.5),m.$imageEl.transform(`translate3d(0,0,0) scale(${i.scale})`)):"gesturechange"===e.type&&b(e)}function y(e){const s=t.device,a=t.support,i=t.params.zoom,r=t.zoom;if(!a.gestures){if(!o||!c)return;if("touchend"!==e.type||"touchend"===e.type&&e.changedTouches.length<2&&!s.android)return;o=!1,c=!1}m.$imageEl&&0!==m.$imageEl.length&&(r.scale=Math.max(Math.min(r.scale,m.maxRatio),i.minRatio),m.$imageEl.transition(t.params.speed).transform(`translate3d(0,0,0) scale(${r.scale})`),p=r.scale,u=!1,1===r.scale&&(m.$slideEl=void 0))}function E(e){const s=t.zoom;if(!m.$imageEl||0===m.$imageEl.length)return;if(t.allowClick=!1,!f.isTouched||!m.$slideEl)return;f.isMoved||(f.width=m.$imageEl[0].offsetWidth,f.height=m.$imageEl[0].offsetHeight,f.startX=h(m.$imageWrapEl[0],"x")||0,f.startY=h(m.$imageWrapEl[0],"y")||0,m.slideWidth=m.$slideEl[0].offsetWidth,m.slideHeight=m.$slideEl[0].offsetHeight,m.$imageWrapEl.transition(0));const a=f.width*s.scale,i=f.height*s.scale;if(!(a<m.slideWidth&&i<m.slideHeight)){if(f.minX=Math.min(m.slideWidth/2-a/2,0),f.maxX=-f.minX,f.minY=Math.min(m.slideHeight/2-i/2,0),f.maxY=-f.minY,f.touchesCurrent.x="touchmove"===e.type?e.targetTouches[0].pageX:e.pageX,f.touchesCurrent.y="touchmove"===e.type?e.targetTouches[0].pageY:e.pageY,!f.isMoved&&!u){if(t.isHorizontal()&&(Math.floor(f.minX)===Math.floor(f.startX)&&f.touchesCurrent.x<f.touchesStart.x||Math.floor(f.maxX)===Math.floor(f.startX)&&f.touchesCurrent.x>f.touchesStart.x))return void(f.isTouched=!1);if(!t.isHorizontal()&&(Math.floor(f.minY)===Math.floor(f.startY)&&f.touchesCurrent.y<f.touchesStart.y||Math.floor(f.maxY)===Math.floor(f.startY)&&f.touchesCurrent.y>f.touchesStart.y))return void(f.isTouched=!1)}e.cancelable&&e.preventDefault(),e.stopPropagation(),f.isMoved=!0,f.currentX=f.touchesCurrent.x-f.touchesStart.x+f.startX,f.currentY=f.touchesCurrent.y-f.touchesStart.y+f.startY,f.currentX<f.minX&&(f.currentX=f.minX+1-(f.minX-f.currentX+1)**.8),f.currentX>f.maxX&&(f.currentX=f.maxX-1+(f.currentX-f.maxX+1)**.8),f.currentY<f.minY&&(f.currentY=f.minY+1-(f.minY-f.currentY+1)**.8),f.currentY>f.maxY&&(f.currentY=f.maxY-1+(f.currentY-f.maxY+1)**.8),g.prevPositionX||(g.prevPositionX=f.touchesCurrent.x),g.prevPositionY||(g.prevPositionY=f.touchesCurrent.y),g.prevTime||(g.prevTime=Date.now()),g.x=(f.touchesCurrent.x-g.prevPositionX)/(Date.now()-g.prevTime)/2,g.y=(f.touchesCurrent.y-g.prevPositionY)/(Date.now()-g.prevTime)/2,Math.abs(f.touchesCurrent.x-g.prevPositionX)<2&&(g.x=0),Math.abs(f.touchesCurrent.y-g.prevPositionY)<2&&(g.y=0),g.prevPositionX=f.touchesCurrent.x,g.prevPositionY=f.touchesCurrent.y,g.prevTime=Date.now(),m.$imageWrapEl.transform(`translate3d(${f.currentX}px, ${f.currentY}px,0)`)}}function C(){const e=t.zoom;m.$slideEl&&t.previousIndex!==t.activeIndex&&(m.$imageEl&&m.$imageEl.transform("translate3d(0,0,0) scale(1)"),m.$imageWrapEl&&m.$imageWrapEl.transform("translate3d(0,0,0)"),e.scale=1,p=1,m.$slideEl=void 0,m.$imageEl=void 0,m.$imageWrapEl=void 0)}function T(e){const s=t.zoom,a=t.params.zoom;if(m.$slideEl||(e&&e.target&&(m.$slideEl=d(e.target).closest(`.${t.params.slideClass}`)),m.$slideEl||(t.params.virtual&&t.params.virtual.enabled&&t.virtual?m.$slideEl=t.$wrapperEl.children(`.${t.params.slideActiveClass}`):m.$slideEl=t.slides.eq(t.activeIndex)),m.$imageEl=m.$slideEl.find(`.${a.containerClass}`).eq(0).find("picture, img, svg, canvas, .swiper-zoom-target").eq(0),m.$imageWrapEl=m.$imageEl.parent(`.${a.containerClass}`)),!m.$imageEl||0===m.$imageEl.length||!m.$imageWrapEl||0===m.$imageWrapEl.length)return;let i,r,l,o,c,u,h,g,v,w,b,x,y,E,C,T,$,S;t.params.cssMode&&(t.wrapperEl.style.overflow="hidden",t.wrapperEl.style.touchAction="none"),m.$slideEl.addClass(`${a.zoomedSlideClass}`),void 0===f.touchesStart.x&&e?(i="touchend"===e.type?e.changedTouches[0].pageX:e.pageX,r="touchend"===e.type?e.changedTouches[0].pageY:e.pageY):(i=f.touchesStart.x,r=f.touchesStart.y),s.scale=m.$imageWrapEl.attr("data-swiper-zoom")||a.maxRatio,p=m.$imageWrapEl.attr("data-swiper-zoom")||a.maxRatio,e?($=m.$slideEl[0].offsetWidth,S=m.$slideEl[0].offsetHeight,l=m.$slideEl.offset().left+n.scrollX,o=m.$slideEl.offset().top+n.scrollY,c=l+$/2-i,u=o+S/2-r,v=m.$imageEl[0].offsetWidth,w=m.$imageEl[0].offsetHeight,b=v*s.scale,x=w*s.scale,y=Math.min($/2-b/2,0),E=Math.min(S/2-x/2,0),C=-y,T=-E,h=c*s.scale,g=u*s.scale,h<y&&(h=y),h>C&&(h=C),g<E&&(g=E),g>T&&(g=T)):(h=0,g=0),m.$imageWrapEl.transition(300).transform(`translate3d(${h}px, ${g}px,0)`),m.$imageEl.transition(300).transform(`translate3d(0,0,0) scale(${s.scale})`)}function $(){const e=t.zoom,s=t.params.zoom;m.$slideEl||(t.params.virtual&&t.params.virtual.enabled&&t.virtual?m.$slideEl=t.$wrapperEl.children(`.${t.params.slideActiveClass}`):m.$slideEl=t.slides.eq(t.activeIndex),m.$imageEl=m.$slideEl.find(`.${s.containerClass}`).eq(0).find("picture, img, svg, canvas, .swiper-zoom-target").eq(0),m.$imageWrapEl=m.$imageEl.parent(`.${s.containerClass}`)),m.$imageEl&&0!==m.$imageEl.length&&m.$imageWrapEl&&0!==m.$imageWrapEl.length&&(t.params.cssMode&&(t.wrapperEl.style.overflow="",t.wrapperEl.style.touchAction=""),e.scale=1,p=1,m.$imageWrapEl.transition(300).transform("translate3d(0,0,0)"),m.$imageEl.transition(300).transform("translate3d(0,0,0) scale(1)"),m.$slideEl.removeClass(`${s.zoomedSlideClass}`),m.$slideEl=void 0)}function S(e){const s=t.zoom;s.scale&&1!==s.scale?$():T(e)}function M(){const e=t.support;return{passiveListener:!("touchstart"!==t.touchEvents.start||!e.passiveListener||!t.params.passiveListeners)&&{passive:!0,capture:!1},activeListenerWithCapture:!e.passiveListener||{passive:!1,capture:!0}}}function P(){return`.${t.params.slideClass}`}function k(e){const{passiveListener:s}=M(),a=P();t.$wrapperEl[e]("gesturestart",a,b,s),t.$wrapperEl[e]("gesturechange",a,x,s),t.$wrapperEl[e]("gestureend",a,y,s)}function z(){l||(l=!0,k("on"))}function L(){l&&(l=!1,k("off"))}function O(){const e=t.zoom;if(e.enabled)return;e.enabled=!0;const s=t.support,{passiveListener:a,activeListenerWithCapture:i}=M(),r=P();s.gestures?(t.$wrapperEl.on(t.touchEvents.start,z,a),t.$wrapperEl.on(t.touchEvents.end,L,a)):"touchstart"===t.touchEvents.start&&(t.$wrapperEl.on(t.touchEvents.start,r,b,a),t.$wrapperEl.on(t.touchEvents.move,r,x,i),t.$wrapperEl.on(t.touchEvents.end,r,y,a),t.touchEvents.cancel&&t.$wrapperEl.on(t.touchEvents.cancel,r,y,a)),t.$wrapperEl.on(t.touchEvents.move,`.${t.params.zoom.containerClass}`,E,i)}function I(){const e=t.zoom;if(!e.enabled)return;const s=t.support;e.enabled=!1;const{passiveListener:a,activeListenerWithCapture:i}=M(),r=P();s.gestures?(t.$wrapperEl.off(t.touchEvents.start,z,a),t.$wrapperEl.off(t.touchEvents.end,L,a)):"touchstart"===t.touchEvents.start&&(t.$wrapperEl.off(t.touchEvents.start,r,b,a),t.$wrapperEl.off(t.touchEvents.move,r,x,i),t.$wrapperEl.off(t.touchEvents.end,r,y,a),t.touchEvents.cancel&&t.$wrapperEl.off(t.touchEvents.cancel,r,y,a)),t.$wrapperEl.off(t.touchEvents.move,`.${t.params.zoom.containerClass}`,E,i)}Object.defineProperty(t.zoom,"scale",{get:()=>v,set(e){if(v!==e){const t=m.$imageEl?m.$imageEl[0]:void 0,s=m.$slideEl?m.$slideEl[0]:void 0;i("zoomChange",e,t,s)}v=e}}),a("init",(()=>{t.params.zoom.enabled&&O()})),a("destroy",(()=>{I()})),a("touchStart",((e,s)=>{t.zoom.enabled&&function(e){const s=t.device;m.$imageEl&&0!==m.$imageEl.length&&(f.isTouched||(s.android&&e.cancelable&&e.preventDefault(),f.isTouched=!0,f.touchesStart.x="touchstart"===e.type?e.targetTouches[0].pageX:e.pageX,f.touchesStart.y="touchstart"===e.type?e.targetTouches[0].pageY:e.pageY))}(s)})),a("touchEnd",((e,s)=>{t.zoom.enabled&&function(){const e=t.zoom;if(!m.$imageEl||0===m.$imageEl.length)return;if(!f.isTouched||!f.isMoved)return f.isTouched=!1,void(f.isMoved=!1);f.isTouched=!1,f.isMoved=!1;let s=300,a=300;const i=g.x*s,r=f.currentX+i,n=g.y*a,l=f.currentY+n;0!==g.x&&(s=Math.abs((r-f.currentX)/g.x)),0!==g.y&&(a=Math.abs((l-f.currentY)/g.y));const o=Math.max(s,a);f.currentX=r,f.currentY=l;const d=f.width*e.scale,c=f.height*e.scale;f.minX=Math.min(m.slideWidth/2-d/2,0),f.maxX=-f.minX,f.minY=Math.min(m.slideHeight/2-c/2,0),f.maxY=-f.minY,f.currentX=Math.max(Math.min(f.currentX,f.maxX),f.minX),f.currentY=Math.max(Math.min(f.currentY,f.maxY),f.minY),m.$imageWrapEl.transition(o).transform(`translate3d(${f.currentX}px, ${f.currentY}px,0)`)}()})),a("doubleTap",((e,s)=>{!t.animating&&t.params.zoom.enabled&&t.zoom.enabled&&t.params.zoom.toggle&&S(s)})),a("transitionEnd",(()=>{t.zoom.enabled&&t.params.zoom.enabled&&C()})),a("slideChange",(()=>{t.zoom.enabled&&t.params.zoom.enabled&&t.params.cssMode&&C()})),Object.assign(t.zoom,{enable:O,disable:I,in:T,out:$,toggle:S})},function(e){let{swiper:t,extendParams:s,on:a,emit:i}=e;s({lazy:{checkInView:!1,enabled:!1,loadPrevNext:!1,loadPrevNextAmount:1,loadOnTransitionStart:!1,scrollingElement:"",elementClass:"swiper-lazy",loadingClass:"swiper-lazy-loading",loadedClass:"swiper-lazy-loaded",preloaderClass:"swiper-lazy-preloader"}}),t.lazy={};let n=!1,l=!1;function o(e,s){void 0===s&&(s=!0);const a=t.params.lazy;if(void 0===e)return;if(0===t.slides.length)return;const r=t.virtual&&t.params.virtual.enabled?t.$wrapperEl.children(`.${t.params.slideClass}[data-swiper-slide-index="${e}"]`):t.slides.eq(e),n=r.find(`.${a.elementClass}:not(.${a.loadedClass}):not(.${a.loadingClass})`);!r.hasClass(a.elementClass)||r.hasClass(a.loadedClass)||r.hasClass(a.loadingClass)||n.push(r[0]),0!==n.length&&n.each((e=>{const n=d(e);n.addClass(a.loadingClass);const l=n.attr("data-background"),c=n.attr("data-src"),p=n.attr("data-srcset"),u=n.attr("data-sizes"),h=n.parent("picture");t.loadImage(n[0],c||l,p,u,!1,(()=>{if(null!=t&&t&&(!t||t.params)&&!t.destroyed){if(l?(n.css("background-image",`url("${l}")`),n.removeAttr("data-background")):(p&&(n.attr("srcset",p),n.removeAttr("data-srcset")),u&&(n.attr("sizes",u),n.removeAttr("data-sizes")),h.length&&h.children("source").each((e=>{const t=d(e);t.attr("data-srcset")&&(t.attr("srcset",t.attr("data-srcset")),t.removeAttr("data-srcset"))})),c&&(n.attr("src",c),n.removeAttr("data-src"))),n.addClass(a.loadedClass).removeClass(a.loadingClass),r.find(`.${a.preloaderClass}`).remove(),t.params.loop&&s){const e=r.attr("data-swiper-slide-index");if(r.hasClass(t.params.slideDuplicateClass)){o(t.$wrapperEl.children(`[data-swiper-slide-index="${e}"]:not(.${t.params.slideDuplicateClass})`).index(),!1)}else{o(t.$wrapperEl.children(`.${t.params.slideDuplicateClass}[data-swiper-slide-index="${e}"]`).index(),!1)}}i("lazyImageReady",r[0],n[0]),t.params.autoHeight&&t.updateAutoHeight()}})),i("lazyImageLoad",r[0],n[0])}))}function c(){const{$wrapperEl:e,params:s,slides:a,activeIndex:i}=t,r=t.virtual&&s.virtual.enabled,n=s.lazy;let c=s.slidesPerView;function p(t){if(r){if(e.children(`.${s.slideClass}[data-swiper-slide-index="${t}"]`).length)return!0}else if(a[t])return!0;return!1}function u(e){return r?d(e).attr("data-swiper-slide-index"):d(e).index()}if("auto"===c&&(c=0),l||(l=!0),t.params.watchSlidesProgress)e.children(`.${s.slideVisibleClass}`).each((e=>{o(r?d(e).attr("data-swiper-slide-index"):d(e).index())}));else if(c>1)for(let e=i;e<i+c;e+=1)p(e)&&o(e);else o(i);if(n.loadPrevNext)if(c>1||n.loadPrevNextAmount&&n.loadPrevNextAmount>1){const e=n.loadPrevNextAmount,t=Math.ceil(c),s=Math.min(i+t+Math.max(e,t),a.length),r=Math.max(i-Math.max(t,e),0);for(let e=i+t;e<s;e+=1)p(e)&&o(e);for(let e=r;e<i;e+=1)p(e)&&o(e)}else{const t=e.children(`.${s.slideNextClass}`);t.length>0&&o(u(t));const a=e.children(`.${s.slidePrevClass}`);a.length>0&&o(u(a))}}function p(){const e=r();if(!t||t.destroyed)return;const s=t.params.lazy.scrollingElement?d(t.params.lazy.scrollingElement):d(e),a=s[0]===e,i=a?e.innerWidth:s[0].offsetWidth,l=a?e.innerHeight:s[0].offsetHeight,o=t.$el.offset(),{rtlTranslate:u}=t;let h=!1;u&&(o.left-=t.$el[0].scrollLeft);const m=[[o.left,o.top],[o.left+t.width,o.top],[o.left,o.top+t.height],[o.left+t.width,o.top+t.height]];for(let e=0;e<m.length;e+=1){const t=m[e];if(t[0]>=0&&t[0]<=i&&t[1]>=0&&t[1]<=l){if(0===t[0]&&0===t[1])continue;h=!0}}const f=!("touchstart"!==t.touchEvents.start||!t.support.passiveListener||!t.params.passiveListeners)&&{passive:!0,capture:!1};h?(c(),s.off("scroll",p,f)):n||(n=!0,s.on("scroll",p,f))}a("beforeInit",(()=>{t.params.lazy.enabled&&t.params.preloadImages&&(t.params.preloadImages=!1)})),a("init",(()=>{t.params.lazy.enabled&&(t.params.lazy.checkInView?p():c())})),a("scroll",(()=>{t.params.freeMode&&t.params.freeMode.enabled&&!t.params.freeMode.sticky&&c()})),a("scrollbarDragMove resize _freeModeNoMomentumRelease",(()=>{t.params.lazy.enabled&&(t.params.lazy.checkInView?p():c())})),a("transitionStart",(()=>{t.params.lazy.enabled&&(t.params.lazy.loadOnTransitionStart||!t.params.lazy.loadOnTransitionStart&&!l)&&(t.params.lazy.checkInView?p():c())})),a("transitionEnd",(()=>{t.params.lazy.enabled&&!t.params.lazy.loadOnTransitionStart&&(t.params.lazy.checkInView?p():c())})),a("slideChange",(()=>{const{lazy:e,cssMode:s,watchSlidesProgress:a,touchReleaseOnEdges:i,resistanceRatio:r}=t.params;e.enabled&&(s||a&&(i||0===r))&&c()})),a("destroy",(()=>{t.$el&&t.$el.find(`.${t.params.lazy.loadingClass}`).removeClass(t.params.lazy.loadingClass)})),Object.assign(t.lazy,{load:c,loadInSlide:o})},function(e){let{swiper:t,extendParams:s,on:a}=e;function i(e,t){const s=function(){let e,t,s;return(a,i)=>{for(t=-1,e=a.length;e-t>1;)s=e+t>>1,a[s]<=i?t=s:e=s;return e}}();let a,i;return this.x=e,this.y=t,this.lastIndex=e.length-1,this.interpolate=function(e){return e?(i=s(this.x,e),a=i-1,(e-this.x[a])*(this.y[i]-this.y[a])/(this.x[i]-this.x[a])+this.y[a]):0},this}function r(){t.controller.control&&t.controller.spline&&(t.controller.spline=void 0,delete t.controller.spline)}s({controller:{control:void 0,inverse:!1,by:"slide"}}),t.controller={control:void 0},a("beforeInit",(()=>{t.controller.control=t.params.controller.control})),a("update",(()=>{r()})),a("resize",(()=>{r()})),a("observerUpdate",(()=>{r()})),a("setTranslate",((e,s,a)=>{t.controller.control&&t.controller.setTranslate(s,a)})),a("setTransition",((e,s,a)=>{t.controller.control&&t.controller.setTransition(s,a)})),Object.assign(t.controller,{setTranslate:function(e,s){const a=t.controller.control;let r,n;const l=t.constructor;function o(e){const s=t.rtlTranslate?-t.translate:t.translate;"slide"===t.params.controller.by&&(!function(e){t.controller.spline||(t.controller.spline=t.params.loop?new i(t.slidesGrid,e.slidesGrid):new i(t.snapGrid,e.snapGrid))}(e),n=-t.controller.spline.interpolate(-s)),n&&"container"!==t.params.controller.by||(r=(e.maxTranslate()-e.minTranslate())/(t.maxTranslate()-t.minTranslate()),n=(s-t.minTranslate())*r+e.minTranslate()),t.params.controller.inverse&&(n=e.maxTranslate()-n),e.updateProgress(n),e.setTranslate(n,t),e.updateActiveIndex(),e.updateSlidesClasses()}if(Array.isArray(a))for(let e=0;e<a.length;e+=1)a[e]!==s&&a[e]instanceof l&&o(a[e]);else a instanceof l&&s!==a&&o(a)},setTransition:function(e,s){const a=t.constructor,i=t.controller.control;let r;function n(s){s.setTransition(e,t),0!==e&&(s.transitionStart(),s.params.autoHeight&&p((()=>{s.updateAutoHeight()})),s.$wrapperEl.transitionEnd((()=>{i&&(s.params.loop&&"slide"===t.params.controller.by&&s.loopFix(),s.transitionEnd())})))}if(Array.isArray(i))for(r=0;r<i.length;r+=1)i[r]!==s&&i[r]instanceof a&&n(i[r]);else i instanceof a&&s!==i&&n(i)}})},function(e){let{swiper:t,extendParams:s,on:a}=e;s({a11y:{enabled:!0,notificationClass:"swiper-notification",prevSlideMessage:"Previous slide",nextSlideMessage:"Next slide",firstSlideMessage:"This is the first slide",lastSlideMessage:"This is the last slide",paginationBulletMessage:"Go to slide {{index}}",slideLabelMessage:"{{index}} / {{slidesLength}}",containerMessage:null,containerRoleDescriptionMessage:null,itemRoleDescriptionMessage:null,slideRole:"group",id:null}}),t.a11y={clicked:!1};let i=null;function r(e){const t=i;0!==t.length&&(t.html(""),t.html(e))}function n(e){e.attr("tabIndex","0")}function l(e){e.attr("tabIndex","-1")}function o(e,t){e.attr("role",t)}function c(e,t){e.attr("aria-roledescription",t)}function p(e,t){e.attr("aria-label",t)}function u(e){e.attr("aria-disabled",!0)}function h(e){e.attr("aria-disabled",!1)}function m(e){if(13!==e.keyCode&&32!==e.keyCode)return;const s=t.params.a11y,a=d(e.target);t.navigation&&t.navigation.$nextEl&&a.is(t.navigation.$nextEl)&&(t.isEnd&&!t.params.loop||t.slideNext(),t.isEnd?r(s.lastSlideMessage):r(s.nextSlideMessage)),t.navigation&&t.navigation.$prevEl&&a.is(t.navigation.$prevEl)&&(t.isBeginning&&!t.params.loop||t.slidePrev(),t.isBeginning?r(s.firstSlideMessage):r(s.prevSlideMessage)),t.pagination&&a.is(U(t.params.pagination.bulletClass))&&a[0].click()}function f(){return t.pagination&&t.pagination.bullets&&t.pagination.bullets.length}function g(){return f()&&t.params.pagination.clickable}const v=(e,t,s)=>{n(e),"BUTTON"!==e[0].tagName&&(o(e,"button"),e.on("keydown",m)),p(e,s),function(e,t){e.attr("aria-controls",t)}(e,t)},w=()=>{t.a11y.clicked=!0},b=()=>{requestAnimationFrame((()=>{requestAnimationFrame((()=>{t.destroyed||(t.a11y.clicked=!1)}))}))},x=e=>{if(t.a11y.clicked)return;const s=e.target.closest(`.${t.params.slideClass}`);if(!s||!t.slides.includes(s))return;const a=t.slides.indexOf(s)===t.activeIndex,i=t.params.watchSlidesProgress&&t.visibleSlides&&t.visibleSlides.includes(s);a||i||e.sourceCapabilities&&e.sourceCapabilities.firesTouchEvents||(t.isHorizontal()?t.el.scrollLeft=0:t.el.scrollTop=0,t.slideTo(t.slides.indexOf(s),0))},y=()=>{const e=t.params.a11y;e.itemRoleDescriptionMessage&&c(d(t.slides),e.itemRoleDescriptionMessage),e.slideRole&&o(d(t.slides),e.slideRole);const s=t.params.loop?t.slides.filter((e=>!e.classList.contains(t.params.slideDuplicateClass))).length:t.slides.length;e.slideLabelMessage&&t.slides.each(((a,i)=>{const r=d(a),n=t.params.loop?parseInt(r.attr("data-swiper-slide-index"),10):i;p(r,e.slideLabelMessage.replace(/\{\{index\}\}/,n+1).replace(/\{\{slidesLength\}\}/,s))}))},E=()=>{const e=t.params.a11y;t.$el.append(i);const s=t.$el;e.containerRoleDescriptionMessage&&c(s,e.containerRoleDescriptionMessage),e.containerMessage&&p(s,e.containerMessage);const a=t.$wrapperEl,r=e.id||a.attr("id")||`swiper-wrapper-${n=16,void 0===n&&(n=16),"x".repeat(n).replace(/x/g,(()=>Math.round(16*Math.random()).toString(16)))}`;var n;const l=t.params.autoplay&&t.params.autoplay.enabled?"off":"polite";var o;let d,u;o=r,a.attr("id",o),function(e,t){e.attr("aria-live",t)}(a,l),y(),t.navigation&&t.navigation.$nextEl&&(d=t.navigation.$nextEl),t.navigation&&t.navigation.$prevEl&&(u=t.navigation.$prevEl),d&&d.length&&v(d,r,e.nextSlideMessage),u&&u.length&&v(u,r,e.prevSlideMessage),g()&&t.pagination.$el.on("keydown",U(t.params.pagination.bulletClass),m),t.$el.on("focus",x,!0),t.$el.on("pointerdown",w,!0),t.$el.on("pointerup",b,!0)};a("beforeInit",(()=>{i=d(`<span class="${t.params.a11y.notificationClass}" aria-live="assertive" aria-atomic="true"></span>`)})),a("afterInit",(()=>{t.params.a11y.enabled&&E()})),a("slidesLengthChange snapGridLengthChange slidesGridLengthChange",(()=>{t.params.a11y.enabled&&y()})),a("fromEdge toEdge afterInit lock unlock",(()=>{t.params.a11y.enabled&&function(){if(t.params.loop||t.params.rewind||!t.navigation)return;const{$nextEl:e,$prevEl:s}=t.navigation;s&&s.length>0&&(t.isBeginning?(u(s),l(s)):(h(s),n(s))),e&&e.length>0&&(t.isEnd?(u(e),l(e)):(h(e),n(e)))}()})),a("paginationUpdate",(()=>{t.params.a11y.enabled&&function(){const e=t.params.a11y;f()&&t.pagination.bullets.each((s=>{const a=d(s);t.params.pagination.clickable&&(n(a),t.params.pagination.renderBullet||(o(a,"button"),p(a,e.paginationBulletMessage.replace(/\{\{index\}\}/,a.index()+1)))),a.is(`.${t.params.pagination.bulletActiveClass}`)?a.attr("aria-current","true"):a.removeAttr("aria-current")}))}()})),a("destroy",(()=>{t.params.a11y.enabled&&function(){let e,s;i&&i.length>0&&i.remove(),t.navigation&&t.navigation.$nextEl&&(e=t.navigation.$nextEl),t.navigation&&t.navigation.$prevEl&&(s=t.navigation.$prevEl),e&&e.off("keydown",m),s&&s.off("keydown",m),g()&&t.pagination.$el.off("keydown",U(t.params.pagination.bulletClass),m),t.$el.off("focus",x,!0),t.$el.off("pointerdown",w,!0),t.$el.off("pointerup",b,!0)}()}))},function(e){let{swiper:t,extendParams:s,on:a}=e;s({history:{enabled:!1,root:"",replaceState:!1,key:"slides",keepQuery:!1}});let i=!1,n={};const l=e=>e.toString().replace(/\s+/g,"-").replace(/[^\w-]+/g,"").replace(/--+/g,"-").replace(/^-+/,"").replace(/-+$/,""),o=e=>{const t=r();let s;s=e?new URL(e):t.location;const a=s.pathname.slice(1).split("/").filter((e=>""!==e)),i=a.length;return{key:a[i-2],value:a[i-1]}},d=(e,s)=>{const a=r();if(!i||!t.params.history.enabled)return;let n;n=t.params.url?new URL(t.params.url):a.location;const o=t.slides.eq(s);let d=l(o.attr("data-history"));if(t.params.history.root.length>0){let s=t.params.history.root;"/"===s[s.length-1]&&(s=s.slice(0,s.length-1)),d=`${s}/${e}/${d}`}else n.pathname.includes(e)||(d=`${e}/${d}`);t.params.history.keepQuery&&(d+=n.search);const c=a.history.state;c&&c.value===d||(t.params.history.replaceState?a.history.replaceState({value:d},null,d):a.history.pushState({value:d},null,d))},c=(e,s,a)=>{if(s)for(let i=0,r=t.slides.length;i<r;i+=1){const r=t.slides.eq(i);if(l(r.attr("data-history"))===s&&!r.hasClass(t.params.slideDuplicateClass)){const s=r.index();t.slideTo(s,e,a)}}else t.slideTo(0,e,a)},p=()=>{n=o(t.params.url),c(t.params.speed,n.value,!1)};a("init",(()=>{t.params.history.enabled&&(()=>{const e=r();if(t.params.history){if(!e.history||!e.history.pushState)return t.params.history.enabled=!1,void(t.params.hashNavigation.enabled=!0);i=!0,n=o(t.params.url),(n.key||n.value)&&(c(0,n.value,t.params.runCallbacksOnInit),t.params.history.replaceState||e.addEventListener("popstate",p))}})()})),a("destroy",(()=>{t.params.history.enabled&&(()=>{const e=r();t.params.history.replaceState||e.removeEventListener("popstate",p)})()})),a("transitionEnd _freeModeNoMomentumRelease",(()=>{i&&d(t.params.history.key,t.activeIndex)})),a("slideChange",(()=>{i&&t.params.cssMode&&d(t.params.history.key,t.activeIndex)}))},function(e){let{swiper:t,extendParams:s,emit:i,on:n}=e,l=!1;const o=a(),c=r();s({hashNavigation:{enabled:!1,replaceState:!1,watchState:!1}});const p=()=>{i("hashChange");const e=o.location.hash.replace("#","");if(e!==t.slides.eq(t.activeIndex).attr("data-hash")){const s=t.$wrapperEl.children(`.${t.params.slideClass}[data-hash="${e}"]`).index();if(void 0===s)return;t.slideTo(s)}},u=()=>{if(l&&t.params.hashNavigation.enabled)if(t.params.hashNavigation.replaceState&&c.history&&c.history.replaceState)c.history.replaceState(null,null,`#${t.slides.eq(t.activeIndex).attr("data-hash")}`||""),i("hashSet");else{const e=t.slides.eq(t.activeIndex),s=e.attr("data-hash")||e.attr("data-history");o.location.hash=s||"",i("hashSet")}};n("init",(()=>{t.params.hashNavigation.enabled&&(()=>{if(!t.params.hashNavigation.enabled||t.params.history&&t.params.history.enabled)return;l=!0;const e=o.location.hash.replace("#","");if(e){const s=0;for(let a=0,i=t.slides.length;a<i;a+=1){const i=t.slides.eq(a);if((i.attr("data-hash")||i.attr("data-history"))===e&&!i.hasClass(t.params.slideDuplicateClass)){const e=i.index();t.slideTo(e,s,t.params.runCallbacksOnInit,!0)}}}t.params.hashNavigation.watchState&&d(c).on("hashchange",p)})()})),n("destroy",(()=>{t.params.hashNavigation.enabled&&t.params.hashNavigation.watchState&&d(c).off("hashchange",p)})),n("transitionEnd _freeModeNoMomentumRelease",(()=>{l&&u()})),n("slideChange",(()=>{l&&t.params.cssMode&&u()}))},function(e){let t,{swiper:s,extendParams:i,on:r,emit:n}=e;function l(){if(!s.size)return s.autoplay.running=!1,void(s.autoplay.paused=!1);const e=s.slides.eq(s.activeIndex);let a=s.params.autoplay.delay;e.attr("data-swiper-autoplay")&&(a=e.attr("data-swiper-autoplay")||s.params.autoplay.delay),clearTimeout(t),t=p((()=>{let e;s.params.autoplay.reverseDirection?s.params.loop?(s.loopFix(),e=s.slidePrev(s.params.speed,!0,!0),n("autoplay")):s.isBeginning?s.params.autoplay.stopOnLastSlide?d():(e=s.slideTo(s.slides.length-1,s.params.speed,!0,!0),n("autoplay")):(e=s.slidePrev(s.params.speed,!0,!0),n("autoplay")):s.params.loop?(s.loopFix(),e=s.slideNext(s.params.speed,!0,!0),n("autoplay")):s.isEnd?s.params.autoplay.stopOnLastSlide?d():(e=s.slideTo(0,s.params.speed,!0,!0),n("autoplay")):(e=s.slideNext(s.params.speed,!0,!0),n("autoplay")),(s.params.cssMode&&s.autoplay.running||!1===e)&&l()}),a)}function o(){return void 0===t&&(!s.autoplay.running&&(s.autoplay.running=!0,n("autoplayStart"),l(),!0))}function d(){return!!s.autoplay.running&&(void 0!==t&&(t&&(clearTimeout(t),t=void 0),s.autoplay.running=!1,n("autoplayStop"),!0))}function c(e){s.autoplay.running&&(s.autoplay.paused||(t&&clearTimeout(t),s.autoplay.paused=!0,0!==e&&s.params.autoplay.waitForTransition?["transitionend","webkitTransitionEnd"].forEach((e=>{s.$wrapperEl[0].addEventListener(e,h)})):(s.autoplay.paused=!1,l())))}function u(){const e=a();"hidden"===e.visibilityState&&s.autoplay.running&&c(),"visible"===e.visibilityState&&s.autoplay.paused&&(l(),s.autoplay.paused=!1)}function h(e){s&&!s.destroyed&&s.$wrapperEl&&e.target===s.$wrapperEl[0]&&(["transitionend","webkitTransitionEnd"].forEach((e=>{s.$wrapperEl[0].removeEventListener(e,h)})),s.autoplay.paused=!1,s.autoplay.running?l():d())}function m(){s.params.autoplay.disableOnInteraction?d():(n("autoplayPause"),c()),["transitionend","webkitTransitionEnd"].forEach((e=>{s.$wrapperEl[0].removeEventListener(e,h)}))}function f(){s.params.autoplay.disableOnInteraction||(s.autoplay.paused=!1,n("autoplayResume"),l())}s.autoplay={running:!1,paused:!1},i({autoplay:{enabled:!1,delay:3e3,waitForTransition:!0,disableOnInteraction:!0,stopOnLastSlide:!1,reverseDirection:!1,pauseOnMouseEnter:!1}}),r("init",(()=>{if(s.params.autoplay.enabled){o();a().addEventListener("visibilitychange",u),s.params.autoplay.pauseOnMouseEnter&&(s.$el.on("mouseenter",m),s.$el.on("mouseleave",f))}})),r("beforeTransitionStart",((e,t,a)=>{s.autoplay.running&&(a||!s.params.autoplay.disableOnInteraction?s.autoplay.pause(t):d())})),r("sliderFirstMove",(()=>{s.autoplay.running&&(s.params.autoplay.disableOnInteraction?d():c())})),r("touchEnd",(()=>{s.params.cssMode&&s.autoplay.paused&&!s.params.autoplay.disableOnInteraction&&l()})),r("destroy",(()=>{s.$el.off("mouseenter",m),s.$el.off("mouseleave",f),s.autoplay.running&&d();a().removeEventListener("visibilitychange",u)})),Object.assign(s.autoplay,{pause:c,run:l,start:o,stop:d})},function(e){let{swiper:t,extendParams:s,on:a}=e;s({thumbs:{swiper:null,multipleActiveThumbs:!0,autoScrollOffset:0,slideThumbActiveClass:"swiper-slide-thumb-active",thumbsContainerClass:"swiper-thumbs"}});let i=!1,r=!1;function n(){const e=t.thumbs.swiper;if(!e||e.destroyed)return;const s=e.clickedIndex,a=e.clickedSlide;if(a&&d(a).hasClass(t.params.thumbs.slideThumbActiveClass))return;if(null==s)return;let i;if(i=e.params.loop?parseInt(d(e.clickedSlide).attr("data-swiper-slide-index"),10):s,t.params.loop){let e=t.activeIndex;t.slides.eq(e).hasClass(t.params.slideDuplicateClass)&&(t.loopFix(),t._clientLeft=t.$wrapperEl[0].clientLeft,e=t.activeIndex);const s=t.slides.eq(e).prevAll(`[data-swiper-slide-index="${i}"]`).eq(0).index(),a=t.slides.eq(e).nextAll(`[data-swiper-slide-index="${i}"]`).eq(0).index();i=void 0===s?a:void 0===a?s:a-e<e-s?a:s}t.slideTo(i)}function l(){const{thumbs:e}=t.params;if(i)return!1;i=!0;const s=t.constructor;if(e.swiper instanceof s)t.thumbs.swiper=e.swiper,Object.assign(t.thumbs.swiper.originalParams,{watchSlidesProgress:!0,slideToClickedSlide:!1}),Object.assign(t.thumbs.swiper.params,{watchSlidesProgress:!0,slideToClickedSlide:!1});else if(m(e.swiper)){const a=Object.assign({},e.swiper);Object.assign(a,{watchSlidesProgress:!0,slideToClickedSlide:!1}),t.thumbs.swiper=new s(a),r=!0}return t.thumbs.swiper.$el.addClass(t.params.thumbs.thumbsContainerClass),t.thumbs.swiper.on("tap",n),!0}function o(e){const s=t.thumbs.swiper;if(!s||s.destroyed)return;const a="auto"===s.params.slidesPerView?s.slidesPerViewDynamic():s.params.slidesPerView;let i=1;const r=t.params.thumbs.slideThumbActiveClass;if(t.params.slidesPerView>1&&!t.params.centeredSlides&&(i=t.params.slidesPerView),t.params.thumbs.multipleActiveThumbs||(i=1),i=Math.floor(i),s.slides.removeClass(r),s.params.loop||s.params.virtual&&s.params.virtual.enabled)for(let e=0;e<i;e+=1)s.$wrapperEl.children(`[data-swiper-slide-index="${t.realIndex+e}"]`).addClass(r);else for(let e=0;e<i;e+=1)s.slides.eq(t.realIndex+e).addClass(r);const n=t.params.thumbs.autoScrollOffset,l=n&&!s.params.loop;if(t.realIndex!==s.realIndex||l){let i,r,o=s.activeIndex;if(s.params.loop){s.slides.eq(o).hasClass(s.params.slideDuplicateClass)&&(s.loopFix(),s._clientLeft=s.$wrapperEl[0].clientLeft,o=s.activeIndex);const e=s.slides.eq(o).prevAll(`[data-swiper-slide-index="${t.realIndex}"]`).eq(0).index(),a=s.slides.eq(o).nextAll(`[data-swiper-slide-index="${t.realIndex}"]`).eq(0).index();i=void 0===e?a:void 0===a?e:a-o==o-e?s.params.slidesPerGroup>1?a:o:a-o<o-e?a:e,r=t.activeIndex>t.previousIndex?"next":"prev"}else i=t.realIndex,r=i>t.previousIndex?"next":"prev";l&&(i+="next"===r?n:-1*n),s.visibleSlidesIndexes&&s.visibleSlidesIndexes.indexOf(i)<0&&(s.params.centeredSlides?i=i>o?i-Math.floor(a/2)+1:i+Math.floor(a/2)-1:i>o&&s.params.slidesPerGroup,s.slideTo(i,e?0:void 0))}}t.thumbs={swiper:null},a("beforeInit",(()=>{const{thumbs:e}=t.params;e&&e.swiper&&(l(),o(!0))})),a("slideChange update resize observerUpdate",(()=>{o()})),a("setTransition",((e,s)=>{const a=t.thumbs.swiper;a&&!a.destroyed&&a.setTransition(s)})),a("beforeDestroy",(()=>{const e=t.thumbs.swiper;e&&!e.destroyed&&r&&e.destroy()})),Object.assign(t.thumbs,{init:l,update:o})},function(e){let{swiper:t,extendParams:s,emit:a,once:i}=e;s({freeMode:{enabled:!1,momentum:!0,momentumRatio:1,momentumBounce:!0,momentumBounceRatio:1,momentumVelocityRatio:1,sticky:!1,minimumVelocity:.02}}),Object.assign(t,{freeMode:{onTouchStart:function(){const e=t.getTranslate();t.setTranslate(e),t.setTransition(0),t.touchEventsData.velocities.length=0,t.freeMode.onTouchEnd({currentPos:t.rtl?t.translate:-t.translate})},onTouchMove:function(){const{touchEventsData:e,touches:s}=t;0===e.velocities.length&&e.velocities.push({position:s[t.isHorizontal()?"startX":"startY"],time:e.touchStartTime}),e.velocities.push({position:s[t.isHorizontal()?"currentX":"currentY"],time:u()})},onTouchEnd:function(e){let{currentPos:s}=e;const{params:r,$wrapperEl:n,rtlTranslate:l,snapGrid:o,touchEventsData:d}=t,c=u()-d.touchStartTime;if(s<-t.minTranslate())t.slideTo(t.activeIndex);else if(s>-t.maxTranslate())t.slides.length<o.length?t.slideTo(o.length-1):t.slideTo(t.slides.length-1);else{if(r.freeMode.momentum){if(d.velocities.length>1){const e=d.velocities.pop(),s=d.velocities.pop(),a=e.position-s.position,i=e.time-s.time;t.velocity=a/i,t.velocity/=2,Math.abs(t.velocity)<r.freeMode.minimumVelocity&&(t.velocity=0),(i>150||u()-e.time>300)&&(t.velocity=0)}else t.velocity=0;t.velocity*=r.freeMode.momentumVelocityRatio,d.velocities.length=0;let e=1e3*r.freeMode.momentumRatio;const s=t.velocity*e;let c=t.translate+s;l&&(c=-c);let p,h=!1;const m=20*Math.abs(t.velocity)*r.freeMode.momentumBounceRatio;let f;if(c<t.maxTranslate())r.freeMode.momentumBounce?(c+t.maxTranslate()<-m&&(c=t.maxTranslate()-m),p=t.maxTranslate(),h=!0,d.allowMomentumBounce=!0):c=t.maxTranslate(),r.loop&&r.centeredSlides&&(f=!0);else if(c>t.minTranslate())r.freeMode.momentumBounce?(c-t.minTranslate()>m&&(c=t.minTranslate()+m),p=t.minTranslate(),h=!0,d.allowMomentumBounce=!0):c=t.minTranslate(),r.loop&&r.centeredSlides&&(f=!0);else if(r.freeMode.sticky){let e;for(let t=0;t<o.length;t+=1)if(o[t]>-c){e=t;break}c=Math.abs(o[e]-c)<Math.abs(o[e-1]-c)||"next"===t.swipeDirection?o[e]:o[e-1],c=-c}if(f&&i("transitionEnd",(()=>{t.loopFix()})),0!==t.velocity){if(e=l?Math.abs((-c-t.translate)/t.velocity):Math.abs((c-t.translate)/t.velocity),r.freeMode.sticky){const s=Math.abs((l?-c:c)-t.translate),a=t.slidesSizesGrid[t.activeIndex];e=s<a?r.speed:s<2*a?1.5*r.speed:2.5*r.speed}}else if(r.freeMode.sticky)return void t.slideToClosest();r.freeMode.momentumBounce&&h?(t.updateProgress(p),t.setTransition(e),t.setTranslate(c),t.transitionStart(!0,t.swipeDirection),t.animating=!0,n.transitionEnd((()=>{t&&!t.destroyed&&d.allowMomentumBounce&&(a("momentumBounce"),t.setTransition(r.speed),setTimeout((()=>{t.setTranslate(p),n.transitionEnd((()=>{t&&!t.destroyed&&t.transitionEnd()}))}),0))}))):t.velocity?(a("_freeModeNoMomentumRelease"),t.updateProgress(c),t.setTransition(e),t.setTranslate(c),t.transitionStart(!0,t.swipeDirection),t.animating||(t.animating=!0,n.transitionEnd((()=>{t&&!t.destroyed&&t.transitionEnd()})))):t.updateProgress(c),t.updateActiveIndex(),t.updateSlidesClasses()}else{if(r.freeMode.sticky)return void t.slideToClosest();r.freeMode&&a("_freeModeNoMomentumRelease")}(!r.freeMode.momentum||c>=r.longSwipesMs)&&(t.updateProgress(),t.updateActiveIndex(),t.updateSlidesClasses())}}}})},function(e){let t,s,a,{swiper:i,extendParams:r}=e;r({grid:{rows:1,fill:"column"}}),i.grid={initSlides:e=>{const{slidesPerView:r}=i.params,{rows:n,fill:l}=i.params.grid;s=t/n,a=Math.floor(e/n),t=Math.floor(e/n)===e/n?e:Math.ceil(e/n)*n,"auto"!==r&&"row"===l&&(t=Math.max(t,r*n))},updateSlide:(e,r,n,l)=>{const{slidesPerGroup:o,spaceBetween:d}=i.params,{rows:c,fill:p}=i.params.grid;let u,h,m;if("row"===p&&o>1){const s=Math.floor(e/(o*c)),a=e-c*o*s,i=0===s?o:Math.min(Math.ceil((n-s*c*o)/c),o);m=Math.floor(a/i),h=a-m*i+s*o,u=h+m*t/c,r.css({"-webkit-order":u,order:u})}else"column"===p?(h=Math.floor(e/c),m=e-h*c,(h>a||h===a&&m===c-1)&&(m+=1,m>=c&&(m=0,h+=1))):(m=Math.floor(e/s),h=e-m*s);r.css(l("margin-top"),0!==m?d&&`${d}px`:"")},updateWrapperSize:(e,s,a)=>{const{spaceBetween:r,centeredSlides:n,roundLengths:l}=i.params,{rows:o}=i.params.grid;if(i.virtualSize=(e+r)*t,i.virtualSize=Math.ceil(i.virtualSize/o)-r,i.$wrapperEl.css({[a("width")]:`${i.virtualSize+r}px`}),n){s.splice(0,s.length);const e=[];for(let t=0;t<s.length;t+=1){let a=s[t];l&&(a=Math.floor(a)),s[t]<i.virtualSize+s[0]&&e.push(a)}s.push(...e)}}}},function(e){let{swiper:t}=e;Object.assign(t,{appendSlide:K.bind(t),prependSlide:Z.bind(t),addSlide:Q.bind(t),removeSlide:J.bind(t),removeAllSlides:ee.bind(t)})},function(e){let{swiper:t,extendParams:s,on:a}=e;s({fadeEffect:{crossFade:!1,transformEl:null}}),te({effect:"fade",swiper:t,on:a,setTranslate:()=>{const{slides:e}=t,s=t.params.fadeEffect;for(let a=0;a<e.length;a+=1){const e=t.slides.eq(a);let i=-e[0].swiperSlideOffset;t.params.virtualTranslate||(i-=t.translate);let r=0;t.isHorizontal()||(r=i,i=0);const n=t.params.fadeEffect.crossFade?Math.max(1-Math.abs(e[0].progress),0):1+Math.min(Math.max(e[0].progress,-1),0);se(s,e).css({opacity:n}).transform(`translate3d(${i}px, ${r}px, 0px)`)}},setTransition:e=>{const{transformEl:s}=t.params.fadeEffect;(s?t.slides.find(s):t.slides).transition(e),ae({swiper:t,duration:e,transformEl:s,allSlides:!0})},overwriteParams:()=>({slidesPerView:1,slidesPerGroup:1,watchSlidesProgress:!0,spaceBetween:0,virtualTranslate:!t.params.cssMode})})},function(e){let{swiper:t,extendParams:s,on:a}=e;s({cubeEffect:{slideShadows:!0,shadow:!0,shadowOffset:20,shadowScale:.94}});const i=(e,t,s)=>{let a=s?e.find(".swiper-slide-shadow-left"):e.find(".swiper-slide-shadow-top"),i=s?e.find(".swiper-slide-shadow-right"):e.find(".swiper-slide-shadow-bottom");0===a.length&&(a=d(`<div class="swiper-slide-shadow-${s?"left":"top"}"></div>`),e.append(a)),0===i.length&&(i=d(`<div class="swiper-slide-shadow-${s?"right":"bottom"}"></div>`),e.append(i)),a.length&&(a[0].style.opacity=Math.max(-t,0)),i.length&&(i[0].style.opacity=Math.max(t,0))};te({effect:"cube",swiper:t,on:a,setTranslate:()=>{const{$el:e,$wrapperEl:s,slides:a,width:r,height:n,rtlTranslate:l,size:o,browser:c}=t,p=t.params.cubeEffect,u=t.isHorizontal(),h=t.virtual&&t.params.virtual.enabled;let m,f=0;p.shadow&&(u?(m=s.find(".swiper-cube-shadow"),0===m.length&&(m=d('<div class="swiper-cube-shadow"></div>'),s.append(m)),m.css({height:`${r}px`})):(m=e.find(".swiper-cube-shadow"),0===m.length&&(m=d('<div class="swiper-cube-shadow"></div>'),e.append(m))));for(let e=0;e<a.length;e+=1){const t=a.eq(e);let s=e;h&&(s=parseInt(t.attr("data-swiper-slide-index"),10));let r=90*s,n=Math.floor(r/360);l&&(r=-r,n=Math.floor(-r/360));const d=Math.max(Math.min(t[0].progress,1),-1);let c=0,m=0,g=0;s%4==0?(c=4*-n*o,g=0):(s-1)%4==0?(c=0,g=4*-n*o):(s-2)%4==0?(c=o+4*n*o,g=o):(s-3)%4==0&&(c=-o,g=3*o+4*o*n),l&&(c=-c),u||(m=c,c=0);const v=`rotateX(${u?0:-r}deg) rotateY(${u?r:0}deg) translate3d(${c}px, ${m}px, ${g}px)`;d<=1&&d>-1&&(f=90*s+90*d,l&&(f=90*-s-90*d)),t.transform(v),p.slideShadows&&i(t,d,u)}if(s.css({"-webkit-transform-origin":`50% 50% -${o/2}px`,"transform-origin":`50% 50% -${o/2}px`}),p.shadow)if(u)m.transform(`translate3d(0px, ${r/2+p.shadowOffset}px, ${-r/2}px) rotateX(90deg) rotateZ(0deg) scale(${p.shadowScale})`);else{const e=Math.abs(f)-90*Math.floor(Math.abs(f)/90),t=1.5-(Math.sin(2*e*Math.PI/360)/2+Math.cos(2*e*Math.PI/360)/2),s=p.shadowScale,a=p.shadowScale/t,i=p.shadowOffset;m.transform(`scale3d(${s}, 1, ${a}) translate3d(0px, ${n/2+i}px, ${-n/2/a}px) rotateX(-90deg)`)}const g=c.isSafari||c.isWebView?-o/2:0;s.transform(`translate3d(0px,0,${g}px) rotateX(${t.isHorizontal()?0:f}deg) rotateY(${t.isHorizontal()?-f:0}deg)`),s[0].style.setProperty("--swiper-cube-translate-z",`${g}px`)},setTransition:e=>{const{$el:s,slides:a}=t;a.transition(e).find(".swiper-slide-shadow-top, .swiper-slide-shadow-right, .swiper-slide-shadow-bottom, .swiper-slide-shadow-left").transition(e),t.params.cubeEffect.shadow&&!t.isHorizontal()&&s.find(".swiper-cube-shadow").transition(e)},recreateShadows:()=>{const e=t.isHorizontal();t.slides.each((t=>{const s=Math.max(Math.min(t.progress,1),-1);i(d(t),s,e)}))},getEffectParams:()=>t.params.cubeEffect,perspective:()=>!0,overwriteParams:()=>({slidesPerView:1,slidesPerGroup:1,watchSlidesProgress:!0,resistanceRatio:0,spaceBetween:0,centeredSlides:!1,virtualTranslate:!0})})},function(e){let{swiper:t,extendParams:s,on:a}=e;s({flipEffect:{slideShadows:!0,limitRotation:!0,transformEl:null}});const i=(e,s,a)=>{let i=t.isHorizontal()?e.find(".swiper-slide-shadow-left"):e.find(".swiper-slide-shadow-top"),r=t.isHorizontal()?e.find(".swiper-slide-shadow-right"):e.find(".swiper-slide-shadow-bottom");0===i.length&&(i=ie(a,e,t.isHorizontal()?"left":"top")),0===r.length&&(r=ie(a,e,t.isHorizontal()?"right":"bottom")),i.length&&(i[0].style.opacity=Math.max(-s,0)),r.length&&(r[0].style.opacity=Math.max(s,0))};te({effect:"flip",swiper:t,on:a,setTranslate:()=>{const{slides:e,rtlTranslate:s}=t,a=t.params.flipEffect;for(let r=0;r<e.length;r+=1){const n=e.eq(r);let l=n[0].progress;t.params.flipEffect.limitRotation&&(l=Math.max(Math.min(n[0].progress,1),-1));const o=n[0].swiperSlideOffset;let d=-180*l,c=0,p=t.params.cssMode?-o-t.translate:-o,u=0;t.isHorizontal()?s&&(d=-d):(u=p,p=0,c=-d,d=0),n[0].style.zIndex=-Math.abs(Math.round(l))+e.length,a.slideShadows&&i(n,l,a);const h=`translate3d(${p}px, ${u}px, 0px) rotateX(${c}deg) rotateY(${d}deg)`;se(a,n).transform(h)}},setTransition:e=>{const{transformEl:s}=t.params.flipEffect;(s?t.slides.find(s):t.slides).transition(e).find(".swiper-slide-shadow-top, .swiper-slide-shadow-right, .swiper-slide-shadow-bottom, .swiper-slide-shadow-left").transition(e),ae({swiper:t,duration:e,transformEl:s})},recreateShadows:()=>{const e=t.params.flipEffect;t.slides.each((s=>{const a=d(s);let r=a[0].progress;t.params.flipEffect.limitRotation&&(r=Math.max(Math.min(s.progress,1),-1)),i(a,r,e)}))},getEffectParams:()=>t.params.flipEffect,perspective:()=>!0,overwriteParams:()=>({slidesPerView:1,slidesPerGroup:1,watchSlidesProgress:!0,spaceBetween:0,virtualTranslate:!t.params.cssMode})})},function(e){let{swiper:t,extendParams:s,on:a}=e;s({coverflowEffect:{rotate:50,stretch:0,depth:100,scale:1,modifier:1,slideShadows:!0,transformEl:null}}),te({effect:"coverflow",swiper:t,on:a,setTranslate:()=>{const{width:e,height:s,slides:a,slidesSizesGrid:i}=t,r=t.params.coverflowEffect,n=t.isHorizontal(),l=t.translate,o=n?e/2-l:s/2-l,d=n?r.rotate:-r.rotate,c=r.depth;for(let e=0,t=a.length;e<t;e+=1){const t=a.eq(e),s=i[e],l=(o-t[0].swiperSlideOffset-s/2)/s,p="function"==typeof r.modifier?r.modifier(l):l*r.modifier;let u=n?d*p:0,h=n?0:d*p,m=-c*Math.abs(p),f=r.stretch;"string"==typeof f&&-1!==f.indexOf("%")&&(f=parseFloat(r.stretch)/100*s);let g=n?0:f*p,v=n?f*p:0,w=1-(1-r.scale)*Math.abs(p);Math.abs(v)<.001&&(v=0),Math.abs(g)<.001&&(g=0),Math.abs(m)<.001&&(m=0),Math.abs(u)<.001&&(u=0),Math.abs(h)<.001&&(h=0),Math.abs(w)<.001&&(w=0);const b=`translate3d(${v}px,${g}px,${m}px)  rotateX(${h}deg) rotateY(${u}deg) scale(${w})`;if(se(r,t).transform(b),t[0].style.zIndex=1-Math.abs(Math.round(p)),r.slideShadows){let e=n?t.find(".swiper-slide-shadow-left"):t.find(".swiper-slide-shadow-top"),s=n?t.find(".swiper-slide-shadow-right"):t.find(".swiper-slide-shadow-bottom");0===e.length&&(e=ie(r,t,n?"left":"top")),0===s.length&&(s=ie(r,t,n?"right":"bottom")),e.length&&(e[0].style.opacity=p>0?p:0),s.length&&(s[0].style.opacity=-p>0?-p:0)}}},setTransition:e=>{const{transformEl:s}=t.params.coverflowEffect;(s?t.slides.find(s):t.slides).transition(e).find(".swiper-slide-shadow-top, .swiper-slide-shadow-right, .swiper-slide-shadow-bottom, .swiper-slide-shadow-left").transition(e)},perspective:()=>!0,overwriteParams:()=>({watchSlidesProgress:!0})})},function(e){let{swiper:t,extendParams:s,on:a}=e;s({creativeEffect:{transformEl:null,limitProgress:1,shadowPerProgress:!1,progressMultiplier:1,perspective:!0,prev:{translate:[0,0,0],rotate:[0,0,0],opacity:1,scale:1},next:{translate:[0,0,0],rotate:[0,0,0],opacity:1,scale:1}}});const i=e=>"string"==typeof e?e:`${e}px`;te({effect:"creative",swiper:t,on:a,setTranslate:()=>{const{slides:e,$wrapperEl:s,slidesSizesGrid:a}=t,r=t.params.creativeEffect,{progressMultiplier:n}=r,l=t.params.centeredSlides;if(l){const e=a[0]/2-t.params.slidesOffsetBefore||0;s.transform(`translateX(calc(50% - ${e}px))`)}for(let s=0;s<e.length;s+=1){const a=e.eq(s),o=a[0].progress,d=Math.min(Math.max(a[0].progress,-r.limitProgress),r.limitProgress);let c=d;l||(c=Math.min(Math.max(a[0].originalProgress,-r.limitProgress),r.limitProgress));const p=a[0].swiperSlideOffset,u=[t.params.cssMode?-p-t.translate:-p,0,0],h=[0,0,0];let m=!1;t.isHorizontal()||(u[1]=u[0],u[0]=0);let f={translate:[0,0,0],rotate:[0,0,0],scale:1,opacity:1};d<0?(f=r.next,m=!0):d>0&&(f=r.prev,m=!0),u.forEach(((e,t)=>{u[t]=`calc(${e}px + (${i(f.translate[t])} * ${Math.abs(d*n)}))`})),h.forEach(((e,t)=>{h[t]=f.rotate[t]*Math.abs(d*n)})),a[0].style.zIndex=-Math.abs(Math.round(o))+e.length;const g=u.join(", "),v=`rotateX(${h[0]}deg) rotateY(${h[1]}deg) rotateZ(${h[2]}deg)`,w=c<0?`scale(${1+(1-f.scale)*c*n})`:`scale(${1-(1-f.scale)*c*n})`,b=c<0?1+(1-f.opacity)*c*n:1-(1-f.opacity)*c*n,x=`translate3d(${g}) ${v} ${w}`;if(m&&f.shadow||!m){let e=a.children(".swiper-slide-shadow");if(0===e.length&&f.shadow&&(e=ie(r,a)),e.length){const t=r.shadowPerProgress?d*(1/r.limitProgress):d;e[0].style.opacity=Math.min(Math.max(Math.abs(t),0),1)}}const y=se(r,a);y.transform(x).css({opacity:b}),f.origin&&y.css("transform-origin",f.origin)}},setTransition:e=>{const{transformEl:s}=t.params.creativeEffect;(s?t.slides.find(s):t.slides).transition(e).find(".swiper-slide-shadow").transition(e),ae({swiper:t,duration:e,transformEl:s,allSlides:!0})},perspective:()=>t.params.creativeEffect.perspective,overwriteParams:()=>({watchSlidesProgress:!0,virtualTranslate:!t.params.cssMode})})},function(e){let{swiper:t,extendParams:s,on:a}=e;s({cardsEffect:{slideShadows:!0,transformEl:null,rotate:!0,perSlideRotate:2,perSlideOffset:8}}),te({effect:"cards",swiper:t,on:a,setTranslate:()=>{const{slides:e,activeIndex:s}=t,a=t.params.cardsEffect,{startTranslate:i,isTouched:r}=t.touchEventsData,n=t.translate;for(let l=0;l<e.length;l+=1){const o=e.eq(l),d=o[0].progress,c=Math.min(Math.max(d,-4),4);let p=o[0].swiperSlideOffset;t.params.centeredSlides&&!t.params.cssMode&&t.$wrapperEl.transform(`translateX(${t.minTranslate()}px)`),t.params.centeredSlides&&t.params.cssMode&&(p-=e[0].swiperSlideOffset);let u=t.params.cssMode?-p-t.translate:-p,h=0;const m=-100*Math.abs(c);let f=1,g=-a.perSlideRotate*c,v=a.perSlideOffset-.75*Math.abs(c);const w=t.virtual&&t.params.virtual.enabled?t.virtual.from+l:l,b=(w===s||w===s-1)&&c>0&&c<1&&(r||t.params.cssMode)&&n<i,x=(w===s||w===s+1)&&c<0&&c>-1&&(r||t.params.cssMode)&&n>i;if(b||x){const e=(1-Math.abs((Math.abs(c)-.5)/.5))**.5;g+=-28*c*e,f+=-.5*e,v+=96*e,h=-25*e*Math.abs(c)+"%"}if(u=c<0?`calc(${u}px + (${v*Math.abs(c)}%))`:c>0?`calc(${u}px + (-${v*Math.abs(c)}%))`:`${u}px`,!t.isHorizontal()){const e=h;h=u,u=e}const y=c<0?""+(1+(1-f)*c):""+(1-(1-f)*c),E=`\n        translate3d(${u}, ${h}, ${m}px)\n        rotateZ(${a.rotate?g:0}deg)\n        scale(${y})\n      `;if(a.slideShadows){let e=o.find(".swiper-slide-shadow");0===e.length&&(e=ie(a,o)),e.length&&(e[0].style.opacity=Math.min(Math.max((Math.abs(c)-.5)/.5,0),1))}o[0].style.zIndex=-Math.abs(Math.round(d))+e.length;se(a,o).transform(E)}},setTransition:e=>{const{transformEl:s}=t.params.cardsEffect;(s?t.slides.find(s):t.slides).transition(e).find(".swiper-slide-shadow").transition(e),ae({swiper:t,duration:e,transformEl:s})},perspective:()=>!0,overwriteParams:()=>({watchSlidesProgress:!0,virtualTranslate:!t.params.cssMode})})}];return V.use(re),V}));
 //# sourceMappingURL=swiper-bundle.min.js.map</script>
<script id="mc4wp-forms-api-js" defer="">(()=>{var e={2076:e=>{var t=/^(?:submit|button|image|reset|file)$/i,n=/^(?:input|select|textarea|keygen)/i,r=/(\[[^\[\]]*\])/g;function i(e,t,n){if(0===t.length)return n;var r=t.shift(),o=r.match(/^\[(.+?)\]$/);if("[]"===r)return e=e||[],Array.isArray(e)?e.push(i(null,t,n)):(e._values=e._values||[],e._values.push(i(null,t,n))),e;if(o){var s=o[1],a=+s;isNaN(a)?(e=e||{})[s]=i(e[s],t,n):(e=e||[])[a]=i(e[a],t,n)}else e[r]=i(e[r],t,n);return e}function o(e,t,n){if(t.match(r))i(e,function(e){var t=[],n=new RegExp(r),i=/^([^\[\]]*)/.exec(e);for(i[1]&&t.push(i[1]);null!==(i=n.exec(e));)t.push(i[1]);return t}(t),n);else{var o=e[t];o?(Array.isArray(o)||(e[t]=[o]),e[t].push(n)):e[t]=n}return e}function s(e,t,n){return n=n.replace(/(\r)?\n/g,"\r\n"),n=(n=encodeURIComponent(n)).replace(/%20/g,"+"),e+(e?"&":"")+encodeURIComponent(t)+"="+n}e.exports=function(e,r){"object"!=typeof r?r={hash:!!r}:void 0===r.hash&&(r.hash=!0);for(var i=r.hash?{}:"",a=r.serializer||(r.hash?o:s),c=e&&e.elements?e.elements:[],l=Object.create(null),u=0;u<c.length;++u){var f=c[u];if((r.disabled||!f.disabled)&&f.name&&n.test(f.nodeName)&&!t.test(f.type)){var d=f.name,h=f.value;if("checkbox"!==f.type&&"radio"!==f.type||f.checked||(h=void 0),r.empty){if("checkbox"!==f.type||f.checked||(h=""),"radio"===f.type&&(l[f.name]||f.checked?f.checked&&(l[f.name]=!0):l[f.name]=!1),null==h&&"radio"==f.type)continue}else if(!h)continue;if("select-multiple"!==f.type)i=a(i,d,h);else{h=[];for(var p=f.options,m=!1,g=0;g<p.length;++g){var y=p[g],v=r.empty&&!y.value,w=y.value||v;y.selected&&w&&(m=!0,i=r.hash&&"[]"!==d.slice(d.length-2)?a(i,d+"[]",y.value):a(i,d,y.value))}!m&&r.empty&&(i=a(i,d,""))}}}if(r.empty)for(var d in l)l[d]||(i=a(i,d,""));return i}},5626:()=>{function e(e){const t=!!e.getAttribute("data-show-if"),n=t?e.getAttribute("data-show-if").split(":"):e.getAttribute("data-hide-if").split(":"),r=n[0],i=(n.length>1?n[1]:"*").split("|"),o=function(e,t){const n=[],r=e.querySelectorAll('input[name="'+t+'"],select[name="'+t+'"],textarea[name="'+t+'"]');for(let e=0;e<r.length;e++)("radio"!==r[e].type&&"checkbox"!==r[e].type||r[e].checked)&&n.push(r[e].value);return n}(function(e){let t=e;for(;t.parentElement;)if(t=t.parentElement,"FORM"===t.tagName)return t;return null}(e),r);let s=!1;for(let e=0;e<o.length&&!s;e++)s=i.indexOf(o[e])>-1||i.indexOf("*")>-1&&o[e].length>0;e.style.display=t?s?"":"none":s?"none":"";const a=e.querySelectorAll("input,select,textarea");for(let e=0;e<a.length;e++)(s||t)&&a[e].getAttribute("data-was-required")&&(a[e].required=!0,a[e].removeAttribute("data-was-required")),s&&t||!a[e].required||(a[e].setAttribute("data-was-required","true"),a[e].required=!1)}function t(){const t=document.querySelectorAll(".mc4wp-form [data-show-if],.mc4wp-form [data-hide-if]");for(let n=0;n<t.length;n++)e(t[n])}function n(t){if(!t.target||!t.target.form||t.target.form.className.indexOf("mc4wp-form")<0)return;const n=t.target.form.querySelectorAll("[data-show-if],[data-hide-if]");for(let t=0;t<n.length;t++)e(n[t])}document.addEventListener("keyup",n,!0),document.addEventListener("change",n,!0),document.addEventListener("mc4wp-refresh",t,!0),window.addEventListener("load",t),t()},6564:e=>{e.exports&&(e.exports=function e(t,n,r){for(const i in n){if(!n.hasOwnProperty(i))continue;const o=i;let s=n[i];if(void 0===s&&(s=""),null===s&&(s=""),void 0!==r&&(o=r+"["+i+"]"),s.constructor===Array)o+="[]";else if("object"==typeof s){e(t,s,o);continue}const a=t.elements.namedItem(o);if(!a)continue;const c=a.type||a[0].type;switch(c){default:a.value=s;break;case"radio":case"checkbox":{const e=s.constructor===Array?s:[s];for(let t=0;t<a.length;t++)a[t].checked=e.indexOf(a[t].value)>-1}break;case"select-multiple":{const e=s.constructor===Array?s:[s];for(let t=0;t<a.options.length;t++)a.options[t].selected=e.indexOf(a.options[t].value)>-1}break;case"select":case"select-one":a.value=s.toString()||s;break;case"date":a.value=new Date(s).toISOString().split("T")[0]}const l=new Event("change",{bubbles:!0});switch(c){default:a.dispatchEvent(l);break;case"radio":case"checkbox":for(let e=0;e<a.length;e++)a[e].checked&&a[e].dispatchEvent(l)}}})},6942:(e,t,n)=>{const r=n(2076),i=n(6564),o=function(e,t){this.id=e,this.element=t||document.createElement("form"),this.name=this.element.getAttribute("data-name")||"Form #"+this.id,this.errors=[],this.started=!1};o.prototype.setData=function(e){try{i(this.element,e)}catch(e){console.error(e)}},o.prototype.getData=function(){return r(this.element,{hash:!0,empty:!0})},o.prototype.getSerializedData=function(){return r(this.element,{hash:!1,empty:!0})},o.prototype.setResponse=function(e){this.element.querySelector(".mc4wp-response").innerHTML=e},o.prototype.reset=function(){this.setResponse(""),this.element.querySelector(".mc4wp-form-fields").style.display="",this.element.reset()},e.exports=o},9685:(e,t,n)=>{const r=n(6942),i=[],o=new(n(9885));function s(e,t){t=t||parseInt(e.getAttribute("data-id"))||0;const n=new r(t,e);return i.push(n),n}e.exports={get:function(e){e=parseInt(e);for(let t=0;t<i.length;t++)if(i[t].id===e)return i[t];return s(document.querySelector(".mc4wp-form-"+e),e)},getByElement:function(e){const t=e.form||e;for(let e=0;e<i.length;e++)if(i[e].element===t)return i[e];return s(t)},on:function(e,t){o.on(e,t)},trigger:function(e,t){"submit"===e||e.indexOf(".submit")>0?(o.emit(t[0].id+"."+e,t),o.emit(e,t)):window.setTimeout(function(){o.emit(t[0].id+"."+e,t),o.emit(e,t)},10)}}},9885:e=>{function t(){this.listeners={}}t.prototype.emit=function(e,t){this.listeners[e]=this.listeners[e]??[],this.listeners[e].forEach(e=>e.apply(null,t))},t.prototype.on=function(e,t){this.listeners[e]=this.listeners[e]??[],this.listeners[e].push(t)},e.exports=t}},t={};function n(r){var i=t[r];if(void 0!==i)return i.exports;var o=t[r]={exports:{}};return e[r](o,o.exports,n),o.exports}const r=window.mc4wp||{},i=n(9685);function o(e,t){document.addEventListener(e,e=>{if(!e.target)return;const n=e.target;("string"==typeof n.className&&n.className.indexOf("mc4wp-form")>-1||"function"==typeof n.matches&&n.matches(".mc4wp-form *"))&&t.call(e,e)},!0)}n(5626),o("submit",function(e){if(e.defaultPrevented)return;const t=i.getByElement(e.target);i.trigger("submit",[t,e])}),o("focus",function(e){const t=i.getByElement(e.target);t.started||(i.trigger("started",[t,e]),t.started=!0)}),o("change",function(e){const t=i.getByElement(e.target);i.trigger("change",[t,e])}),r.listeners&&([].forEach.call(r.listeners,function(e){i.on(e.event,e.callback)}),delete r.listeners),r.forms=i,window.mc4wp=r})();</script>
<script id="manoir-woocommerce-js" defer="defer">/* global jQuery, MANOIR_STORAGE */

jQuery( document ).on( 'action.ready_manoir', function() {

	"use strict";

	var $window   = jQuery( window ),
		$document = jQuery( document ),
		$body     = jQuery( 'body' );

	var $list_products_infinite,
		$list_products_infinite_link,
		$list_products,
		_list_products_height;

	// Update links after the new post added
	$document.on( 'action.new_post_added', update_jquery_links );
	$document.on( 'action.got_ajax_response', update_jquery_links );
	$document.on( 'action.init_hidden_elements', update_jquery_links );
	var first_run = true;
	function update_jquery_links(e) {
		if ( first_run && e && e.namespace == 'init_hidden_elements' ) {
			first_run = false;
			return; 
		}
		$list_products_infinite = jQuery( '.woocommerce-links-infinite' );
		$list_products_infinite_link = $list_products_infinite.find( '>a' );
		$list_products = jQuery( '.list_products > .products' ).eq( 0 );
		_list_products_height = $list_products.length > 0 ? $list_products.height() : 0;
	}
	update_jquery_links();

	$document.on( 'action.resize_manoir', function() {
		_list_products_height = $list_products.length > 0 ? $list_products.height() : 0;
	} );


	// Change display mode
	//--------------------------------
	jQuery( '.woocommerce,.woocommerce-page' ).on( 'click', '.manoir_shop_mode_buttons a', function(e) {
		var $self = jQuery(this),
			mode  = $self.hasClass( 'woocommerce_thumbs' ) ? 'thumbs' : 'list';
		manoir_set_cookie( 'manoir_shop_mode', mode, 365 * 24 * 60 * 60 * 1000 );   // 1 year
		$self.siblings( 'input' ).val( mode ).parents( 'form' ).get( 0 ).submit();
		e.preventDefault();
		return false;
	} );


	// Add buttons to quantity
	//--------------------------------
	var woocomerce_inc_dec = '<span class="q_inc"></span><span class="q_dec"></span>';

	// On first run
	manoir_woocommerce_add_inc_dec();

	// After the cart is updated
	jQuery( document.body ).on( 'updated_wc_div woosq_loaded', function() {
		manoir_woocommerce_add_inc_dec();
	} );

	// After products loaded by AJAX - timeout need to wait for fadeOut on old posts
	$document.on( 'action.new_post_added action.got_ajax_response qv_loader_stop trx_qv_loaded', function() {
		setTimeout( function() {
			manoir_woocommerce_add_inc_dec();
		}, 500 );
	} );

	// After variations are changed
	$document.on( 'action.init_hidden_elements', function( e, container ) {
		manoir_woocommerce_add_inc_dec();
		container.find( '.variations_form.cart:not(.quantity_inited)' )
			.addClass( 'quantity_inited' )
			.on( 'wc_variation_form check_variations', function() {
				setTimeout( function() {
					manoir_woocommerce_add_inc_dec();
				}, 100 );
			} );
	} );


	// Add buttons inc/dec
	function manoir_woocommerce_add_inc_dec() {
		jQuery( '.woocommerce div.quantity:not(.inited),.woocommerce-page div.quantity:not(.inited),.variations_form.cart div.quantity:not(.inited)' ).each( function() {
			var $self = jQuery(this).addClass('inited');
			// If quantity is not hidden - add Inc/Dec buttons. If quantity is hidden - a total number of product is 1 and buttons are not needed.
			if ( $self.find('>input[name="quantity"][type="hidden"]').length === 0 ) {
				if ( $self.find('>.q_inc').length === 0 ) {
					$self.append( woocomerce_inc_dec );
				}
				$self
					.on( 'click', '>span', function(e) {
						manoir_woocomerce_inc_dec_click( jQuery( this ) );
						e.preventDefault();
						return false;
					} );
			} else {
				$self.addClass( 'hidden last_item_in_stock' );
			}
		} );
	}

	// Inc/Dec quantity on buttons inc/dec
	function manoir_woocomerce_inc_dec_click(button) {
		var f = button.siblings( 'input' );
		if (button.hasClass( 'q_inc' )) {
			f.val( ( f.val() === '' ? 0 : parseInt( f.val(), 10 ) ) + 1 ).trigger( 'change' );
		} else {
			f.val( Math.max( 0, ( f.val() === '' ? 0 : parseInt( f.val(), 10 ) ) - 1 ) ).trigger( 'change' );
		}
	}


	// Decorate YITH Compare & Add to wishlist
	//----------------------------------------------

	// On the single product page
	//----------------------------
	
	// Move 'Compare' before 'Wishlist' and convert 'Wishlist' to the button (if 'Compare' is a button)
	var wishlist = jQuery( '.woocommerce .product .summary .yith-wcwl-add-to-wishlist' ).eq( 0 ),
		compare  = jQuery( '.woocommerce .product .summary .compare' ).eq( 0 );
	if ( wishlist.length > 0 && compare.length > 0 ) {
		compare.insertBefore( wishlist );
		if ( compare.hasClass( 'button' ) ) {
			// Add class 'button' to the link (if the link 'Compare' have same class)
			wishlist.find( '.add_to_wishlist' ).addClass( 'button' );
			// Restore class 'button' after any AJAX request
			$document.on( 'ajaxComplete', function(e) {
				setTimeout( function() {
					jQuery( '.woocommerce .product .summary .yith-wcwl-add-to-wishlist .add_to_wishlist' ).eq(0).toggleClass( 'button', true );
				}, 10 );
			} );
		}
	}

	// Remove class 'button' from links 'Compare' and 'Add to Wishlist' in the 'Related products' on the single product page
	jQuery( '.single-product ul.products li.product .post_data .yith_buttons_wrap a' ).removeClass( 'button' );

	// Remove class 'button' from links 'Quick view' on the product archive page
	jQuery( 'ul.products li.product .post_data .yith-wcqv-button' ).removeClass( 'button' );
	$document.on( 'action.new_post_added action.got_ajax_response', function() {
		jQuery( 'ul.products li.product .post_data .yith-wcqv-button' ).removeClass( 'button' );
	} );

	// On the products list (if 'Add to wishlist' placed before image)
	//----------------------------------------------------------------
	$document.on( 'action.init_hidden_elements', function( e, container ) {

		jQuery( 'ul.products li.product:not(.wishlist_decorated)' ).each( function() {

			var $product = jQuery(this).addClass( 'wishlist_decorated' ),
				$yith_buttons_wrap = $product.find('.yith_buttons_wrap' ).eq( 0 );

			if ( $yith_buttons_wrap.length > 0 ) {
				// Move 'Wishlist' and 'Quick View' to the '.yith_buttons_wrap' after the 'Compare'
				$product.find( '.yith-wcwl-add-to-wishlist,.yith-wcqv-button,.woosq-btn,.compare' ).each( function() {
					var $self = jQuery( this ).removeClass( 'button' );
					if ( ! $self.parent().hasClass( 'yith_buttons_wrap' ) ) {
						$yith_buttons_wrap.append( $self );
					}
				} );

				if ( $product.hasClass( 'add-to-wishlist-before_image' ) ) {

					// Wrap inner text in the links 'Compare' and 'Add to Wishlist' to the span
					$yith_buttons_wrap.find( 'a' ).wrapInner( '<span class="tooltip"></span>' );

					// Wrap inner text in the link 'Compare' after click
					$yith_buttons_wrap.find( '.compare' ).on( 'click', function(e) {
						var bt = jQuery(this), atts = 10;
						setTimeout( trx_addons_add_tooltip_to_compare, 500 );
						function trx_addons_add_tooltip_to_compare() {
							if ( bt.hasClass('added') && bt.find('.tooltip').length === 0 ) {
								bt.wrapInner( '<span class="tooltip"></span>' );
							} else if (atts-- > 0) {
								setTimeout( trx_addons_add_tooltip_to_compare, 500 );
							}
						}
					} );

					// Wrap inner text in the link 'Add to Wishlist' after click
					$yith_buttons_wrap.find( '.add_to_wishlist' ).on( 'click', function(e) {
						var atts = 30;
						setTimeout( trx_addons_add_tooltip_to_wishlist, 250 );
						function trx_addons_add_tooltip_to_wishlist() {
							var bt = $yith_buttons_wrap.find('.yith-wcwl-add-to-wishlist a');
							if ( bt.find('.tooltip').length === 0 ) {
								bt.wrapInner( '<span class="tooltip"></span>' );
							} else if ( atts-- > 0 ) {
								setTimeout( trx_addons_add_tooltip_to_wishlist, 250 );
							}
						}
					} );

					// Change spinner image in the 'Add to Wishlist'
					var img = $yith_buttons_wrap.find( '.yith-wcwl-add-button > img' );
					if ( img.length > 0 ) {
						img.each( function() {
							var $self = jQuery(this),
								src   = $self.attr('src');
							if ( src != undefined && src.indexOf('wpspin_light') > 0 ) {
								$self.attr( 'src', src.replace('wpspin_light', 'ajax-loader') );
							}
						} );
					}
				}
			}

		} );

		// 'Load more' and 'Infinite scroll' on the products page
		jQuery( '.woocommerce-load-more:not(.woocommerce-load-more-inited)' )
			.addClass( 'woocommerce-load-more-inited' )
			.on( 'click', function(e) {

				e.preventDefault();

				var more = jQuery( this );
				if ( more.data( 'load_more_link_busy' ) ) {
					return false;
				}

				var page     = Number( more.data( 'page' ) ),
					max_page = Number( more.data( 'max-page' ) );
				if (page >= max_page) {
					more.parent().addClass( 'all_items_loaded' ).hide();
					return false;
				}

				more.data( 'load_more_link_busy', true )
					.parent().addClass( 'loading' );

				var link     = more.parent().next( '.woocommerce-pagination' ).find( '.next' ).attr( 'href' ).replace( /\/page\/[0-9]+/, '/page/' + ( page + 1 ) );
				var products = more.parent().prev( '.products' );

				jQuery.get(	link ).done(
					function( response ) {
						// Get inline styles and add to the page styles
						manoir_import_inline_styles( response );
						// Get tags 'link' from response and add its to the 'head'
						manoir_import_tags_link( response );
						// Get new posts and append to the .products
						var posts_container = jQuery( response ).find('.list_products > .products');
						if ( posts_container.length === 0 ) {
							posts_container = jQuery( response ).find('ul.products');
						}
						if ( posts_container.length > 0 ) {
							products.append( posts_container.find( '> li' ) );
							more.data( 'page', page + 1 ).parent().removeClass( 'loading' );
							// Trigger actions to init new elements
							MANOIR_STORAGE['init_all_mediaelements'] = true;
							$document
								.trigger( 'action.new_post_added', [products] )
								.trigger( 'action.init_hidden_elements', [products] );
						}
						if (page + 1 >= max_page) {
							more.parent().addClass( 'all_items_loaded' ).hide();
						}
						// Update a products counter above the products list.
						// Counter in the format 'Showing 1–12 of 20 results'. Attention! Symbol '–' is not a simple dash!
						// Need to update the second number (12) after loading new products.
						var counter = $body.find( '.woocommerce-result-count' );
						if ( counter.length > 0 ) {
							var total = products.find( '> li.product:not(.product-category)' ).length;
							counter.html( counter.html().replace( /–([0-9]+)/, '–' + total ) );
						}
						more.data( 'load_more_link_busy', false );
						// Fire 'window.scroll' after clearing busy state
						$window.trigger( 'scroll' );

						$document.trigger( 'action.got_ajax_response', {
							action: 'woocommerce_ajax_get_posts',
							result: response,
							products: products
						});
					}
				);

				return false;

			} );

	} );

	// Infinite scroll on the products page
	$document.on( 'action.scroll_manoir', function(e) {
		if ( $list_products_infinite.length === 0 || $list_products_infinite_link.length === 0 || $list_products_infinite_link.data( 'load_more_link_busy' ) ) {
			return;
		}
		if ( $list_products.length > 0 && $list_products.offset().top + _list_products_height < manoir_window_scroll_top() + manoir_window_height() * 1.5 ) {
			$list_products_infinite_link.trigger( 'click' );
		}
	} );


	// Wrap new select (created dynamically) with .select_container
	//-------------------------------------------------------------------------
	if ( ! MANOIR_STORAGE['select_container_disabled'] ) {
		jQuery( 'select#calc_shipping_country:not(.inited)' )
			.addClass( 'inited' )
			.on( 'change', function() {
				setTimeout(
					function() {
						var state = jQuery( 'select#calc_shipping_state' );
						if (state.length == 1 && ! state.parent().hasClass( 'select_container' )) {
							state.wrap( '<div class="select_container"></div>' );
						}
					}, 10
				);
			} );
		jQuery( document.body ).on( 'wc_fragments_refreshed wc_fragments_loaded updated_shipping_method update_checkout', function() {
			jQuery( 'div.cart_totals select' ).each( function() {
				var $self = jQuery( this );
				if ( ! $self.parent().hasClass( 'select_container' )) {
					$self.wrap( '<div class="select_container"></div>' );
				}
			} );
		} );
	}


	// Add hover classes to the buttons created dynamically
	//-------------------------------------------------------------------------
	jQuery( document.body ).on( 'wc_fragments_refreshed wc_fragments_loaded update_checkout update_cart added_to_cart removed_from_cart', function() {
		$document.trigger( 'action.init_hidden_elements', [ $body ] );
	} );


	// Update cart
	//-------------------------------------------------------------------------
	var table_cart = jQuery( 'table.cart' );

	jQuery( document.body ).on( 'updated_wc_div', function() {

		manoir_create_observer( 'update_woocommerce_cart', table_cart.parents('form').eq(0), function( mutationsList ) {
			for ( var mutation of mutationsList ) {
				if ( mutation.type == 'childList' || mutation.type == 'subtree' ) {
					manoir_remove_observer( 'update_woocommerce_cart' );
					table_cart = jQuery( 'table.cart' );
					manoir_woocommerce_update_cart( 'update' );
					break;
				}
			}
		} );


		if ( table_cart.length > 0 ) {
			manoir_woocommerce_update_cart( 'update' );
		}
	} );

	// Generate 'scroll' event after the cart is filled
	jQuery( document.body ).on( 'wc_fragment_refresh', function() {
		$window.trigger( 'scroll' );
	} );

	// Check device and update cart if need
	if ( table_cart.length > 0 ) {
		manoir_woocommerce_update_cart( 'init' );
	}

	// Resize action
	$window.on( 'resize', function() {
		if ( table_cart.length > 0 ) {
			manoir_woocommerce_update_cart( 'resize' );
		}
	} );

	// Update cart display
	function manoir_woocommerce_update_cart(status){
		setTimeout(
			function() {
				var w = window.innerWidth;
				if (w == undefined) {
					w = manoir_window_width() + ( manoir_window_height() < $document.height() || manoir_window_scroll_top() > 0 ? 16 : 0 );
				}

				var tbl = jQuery( 'table.cart' );   // table_cart;

				if ( w < MANOIR_STORAGE['mobile_layout_width'] ) {
					var $mobile_cell = tbl.find( '.mobile_cell' );
					if (status == 'resize' && $mobile_cell.length > 0) {
						return;
					} else {
						if ( tbl.length > 0 ) {
							if ( $mobile_cell.length === 0 ) {
								tbl.find( 'thead tr .product-quantity, thead tr .product-subtotal, thead tr .product-thumbnail' ).hide();
								if ( tbl.hasClass( 'wishlist_table' ) ) {
									tbl.find( 'thead tr .product-remove, thead tr .product-stock-status' ).hide();
									tbl.find( 'tfoot tr td' ).each( function() {
										var $self = jQuery( this );
										$self.data( 'colspan', $self.attr( 'colspan' ) ).attr( 'colspan', 3 );
									} );
								}
							}
							tbl.find( '.cart_item,[id*="yith-wcwl-row-"]' ).each( function() {
								var $self = jQuery( this );
								if ( $self.find( '>.mobile_cell' ).length == 0 ) {
									$self.prepend( '<td class="mobile_cell" colspan="3"><table width="100%"><tr class="first_row"></tr><tr class="second_row"></tr></table></td>' );
									$self.find( '.first_row' ).append( $self.find( '.product-thumbnail, .product-name, .product-price' ) );
									$self.find( '.second_row' ).append( $self.find( '.product-remove, .product-quantity, .product-subtotal, .product-stock-status, .product-add-to-cart' ) );
								}
							} );
							if ( ! tbl.hasClass( 'inited' ) ) {
								tbl.addClass( 'inited' );
							}
						}
					}
				}

				if ( w >= MANOIR_STORAGE['mobile_layout_width'] && status == 'resize' && jQuery( 'table.cart .mobile_cell' ).length > 0) {
					if ( tbl.length > 0 ) {
						tbl.find( 'thead tr .product-quantity, thead tr .product-subtotal, thead tr .product-thumbnail' ).show();
						if ( tbl.hasClass( 'wishlist_table' ) ) {
							tbl.find( 'thead tr .product-remove, thead tr .product-stock-status' ).show();
							tbl.find( 'tfoot tr td' ).each( function() {
								var $self = jQuery( this );
								$self.attr( 'colspan', $self.data( 'colspan' ) );
							} );
						}
						tbl.find( '.cart_item,[id*="yith-wcwl-row-"]' ).each( function(){
							var $self = jQuery( this );
							$self.find( '.first_row td, .second_row td' ).prependTo( $self );
							$self.find( '.product-remove' ).prependTo( $self );
							$self.find( 'td.mobile_cell' ).remove();
						} );
					}
				}

			}, 10
		);
	}

} );
</script>
<script id="wp-emoji-settings" type="application/json">
{"baseUrl":"https://s.w.org/images/core/emoji/17.0.2/72x72/","ext":".png","svgUrl":"https://s.w.org/images/core/emoji/17.0.2/svg/","svgExt":".svg","source":{"concatemoji":"https://manoir.themerex.net/wp-includes/js/wp-emoji-release.min.js?ver=7.1"}}
</script>
<script type="module">
/*! This file is auto-generated */
var e="script#wp-emoji-settings",t=document.querySelector(e);if(!(t instanceof HTMLScriptElement))throw new Error("Element missing: "+e);const r=JSON.parse(t.text),s=(window._wpemojiSettings=r,"wpEmojiSettingsSupports"),o=["flag","emoji"];function i(e){try{var t={supportTests:e,timestamp:(new Date).valueOf()};sessionStorage.setItem(s,JSON.stringify(t))}catch(e){}}function c(e,t,n){e.clearRect(0,0,e.canvas.width,e.canvas.height),e.fillText(t,0,0);t=new Uint32Array(e.getImageData(0,0,e.canvas.width,e.canvas.height).data);e.clearRect(0,0,e.canvas.width,e.canvas.height),e.fillText(n,0,0);const r=new Uint32Array(e.getImageData(0,0,e.canvas.width,e.canvas.height).data);return t.every((e,t)=>e===r[t])}function p(e,t){e.clearRect(0,0,e.canvas.width,e.canvas.height),e.fillText(t,0,0);var n=e.getImageData(16,16,1,1);for(let e=0;e<n.data.length;e++)if(0!==n.data[e])return!1;return!0}function u(e,t,n,r){switch(t){case"flag":return n(e,"\ud83c\udff3\ufe0f\u200d\u26a7\ufe0f","\ud83c\udff3\ufe0f\u200b\u26a7\ufe0f")?!1:!n(e,"\ud83c\udde8\ud83c\uddf6","\ud83c\udde8\u200b\ud83c\uddf6")&&!n(e,"\ud83c\udff4\udb40\udc67\udb40\udc62\udb40\udc65\udb40\udc6e\udb40\udc67\udb40\udc7f","\ud83c\udff4\u200b\udb40\udc67\u200b\udb40\udc62\u200b\udb40\udc65\u200b\udb40\udc6e\u200b\udb40\udc67\u200b\udb40\udc7f");case"emoji":return!r(e,"\ud83e\u1fac8")}return!1}function f(e,t,n,r){let a;const s=(a="undefined"!=typeof WorkerGlobalScope&&self instanceof WorkerGlobalScope?new OffscreenCanvas(300,150):document.createElement("canvas")).getContext("2d",{willReadFrequently:!0}),o=(s.textBaseline="top",s.font="600 32px Arial",{});return e.forEach(e=>{o[e]=t(s,e,n,r)}),o}function a(e){var t=document.createElement("script");t.src=e,t.defer=!0,document.head.appendChild(t)}r.supports={everything:!0,everythingExceptFlag:!0},new Promise(t=>{let n=function(){try{var e=JSON.parse(sessionStorage.getItem(s));if("object"==typeof e&&"number"==typeof e.timestamp&&(new Date).valueOf()<e.timestamp+604800&&"object"==typeof e.supportTests)return e.supportTests}catch(e){}return null}();if(!n){if("undefined"!=typeof Worker&&"undefined"!=typeof OffscreenCanvas&&"undefined"!=typeof URL&&URL.createObjectURL&&"undefined"!=typeof Blob)try{var e="postMessage("+f.toString()+"("+[JSON.stringify(o),u.toString(),c.toString(),p.toString()].join(",")+"));",r=new Blob([e],{type:"text/javascript"});const a=new Worker(URL.createObjectURL(r),{name:"wpTestEmojiSupports"});return void(a.onmessage=e=>{i(n=e.data),a.terminate(),t(n)})}catch(e){}i(n=f(o,u,c,p))}t(n)}).then(e=>{for(const n in e)r.supports[n]=e[n],r.supports.everything=r.supports.everything&&r.supports[n],"flag"!==n&&(r.supports.everythingExceptFlag=r.supports.everythingExceptFlag&&r.supports[n]);var t;r.supports.everythingExceptFlag=r.supports.everythingExceptFlag&&!r.supports.flag,r.supports.everything||((t=r.source||{}).concatemoji?a(t.concatemoji):t.wpemoji&&t.twemoji&&(a(t.twemoji),a(t.wpemoji)))});
//# sourceURL=https://manoir.themerex.net/wp-includes/js/wp-emoji-loader.min.js
</script>
			<script>
				TRX_DEMO_STORAGE['tabs_layout'] = "		<div class=\"trx_demo_panels trx_demo_tabs_position_rc trx_demo_tabs_style_icons\" style=\"width:320px;\">  			<div class=\"trx_demo_tabs\"> 				<a class=\"hint_left hint_big hint_slide\" href=\"https://themeforest.net/checkout/98152207/create_account?aca=afflink&#038;aid=themerex&#038;aso=afflink&#038;clickid=xNa15W3kpxyPULHSKy2lIyNCUkFQ7xSBXxOi1k0&#038;iradid=275988&#038;iradtype=ONLINE_TRACKING_LINK&#038;irgwc=1&#038;irmptype=mediapartner&#038;irpid=1262870&#038;mp_value1=&#038;utm_campaign=af_impact_radius_1262870&#038;utm_medium=affiliate&#038;utm_source=impact_radius\" 						 target=\"_blank\"						aria-label=\"Buy Theme\" 						data-type=\"link\" 						style=\"color:#ffffff;background-color:#d3815d;\" 					><i class=\"trx_demo_icon-shopping-cart\"></i></a><a class=\"hint_left hint_big hint_slide\" href=\"#panel_related-themes\" 												aria-label=\"Our Bestsellers\" 						data-type=\"products\" 						style=\"color:#ffffff;background-color:#d3815d;\" 					><i class=\"trx_demo_icon-gallery\"></i></a><a class=\"hint_left hint_big hint_slide\" href=\"https://manoir.themerex.net?notabs=1\" 												aria-label=\"Hide Panel\" 						data-type=\"link\" 						style=\"color:#ffffff;background-color:#d3815d;\" 					><i class=\"trx_demo_icon-browser\"></i></a>			</div>  			<div class=\"trx_demo_panels_wrap\"> 				<div id=\"panel_related-themes\" 							class=\"trx_demo_panel 									trx_demo_panel_products									trx_demo_panel_thumbs_animation_off									trx_demo_panel_layout_1col									trx_demo_panel_style_plain\" 							style=\"\" 					><div class=\"trx_demo_panel_header\"><h5 class=\"trx_demo_panel_title\" style=\"\">Our Bestsellers</h5></div><div class=\"trx_demo_panel_content\"><div class=\"trx_demo_panel_list\"><div class=\"trx_demo_panel_list_item trx_demo_featured\" data-filter-value=\"business\" data-search-value=\"elementra\"> 											<div class=\"trx_demo_panel_list_item_image_wrap\"> 																									<div class=\"trx_demo_panel_list_item_image trx_demo_panel_list_item_image_ratio_16_9\" 														style=\"background-image: url(https://manoir.themerex.net/wp-content/plugins/trx_demo/images/no-thumb.gif);background-position:center;background-repeat:no-repeat;background-size:cover;\" 														data-style=\"background-image: url(//themerex.net/wp-content/uploads/edd/2025/08/59-elementra.jpg);\"> 															<a href=\"http://demo.themerex.net/?theme=elementra\" target=\"_blank\"></a> 													</div> 													<h6 class=\"trx_demo_panel_list_item_title\"> 													<a href=\"http://demo.themerex.net/?theme=elementra\" target=\"_blank\"><span class=\"trx_demo_panel_list_item_price\"><del>&#036;59</del>&nbsp;&#036;59</span>Elementra<span class=\"trx_demo_panel_list_item_terms\"><span class=\"trx_demo_panel_list_item_term\">Business</span></span></a> 												</h6> 																							</div> 										</div><div class=\"trx_demo_panel_list_item trx_demo_featured\" data-filter-value=\"business\" data-search-value=\"qwery\"> 											<div class=\"trx_demo_panel_list_item_image_wrap\"> 																									<div class=\"trx_demo_panel_list_item_image trx_demo_panel_list_item_image_ratio_16_9\" 														style=\"background-image: url(https://manoir.themerex.net/wp-content/plugins/trx_demo/images/no-thumb.gif);background-position:center;background-repeat:no-repeat;background-size:cover;\" 														data-style=\"background-image: url(//themerex.net/wp-content/uploads/edd/2024/03/Qwery-Preview.jpg);\"> 															<a href=\"http://demo.themerex.net/?theme=qwery\" target=\"_blank\"></a> 													</div> 													<h6 class=\"trx_demo_panel_list_item_title\"> 													<a href=\"http://demo.themerex.net/?theme=qwery\" target=\"_blank\"><span class=\"trx_demo_panel_list_item_price\"><del>&#036;59</del>&nbsp;&#036;59</span>Qwery<span class=\"trx_demo_panel_list_item_terms\"><span class=\"trx_demo_panel_list_item_term\">Business</span></span></a> 												</h6> 																							</div> 										</div><div class=\"trx_demo_panel_list_item trx_demo_featured\" data-filter-value=\"technology\" data-search-value=\"ai ann\"> 											<div class=\"trx_demo_panel_list_item_image_wrap\"> 																									<div class=\"trx_demo_panel_list_item_image trx_demo_panel_list_item_image_ratio_16_9\" 														style=\"background-image: url(https://manoir.themerex.net/wp-content/plugins/trx_demo/images/no-thumb.gif);background-position:center;background-repeat:no-repeat;background-size:cover;\" 														data-style=\"background-image: url(//themerex.net/wp-content/uploads/edd/2024/03/Ann-Preview.jpg);\"> 															<a href=\"http://demo.themerex.net/?theme=ann\" target=\"_blank\"></a> 													</div> 													<h6 class=\"trx_demo_panel_list_item_title\"> 													<a href=\"http://demo.themerex.net/?theme=ann\" target=\"_blank\"><span class=\"trx_demo_panel_list_item_price\">&#036;79</span>AI ANN<span class=\"trx_demo_panel_list_item_terms\"><span class=\"trx_demo_panel_list_item_term\">Technology</span></span></a> 												</h6> 																							</div> 										</div><div class=\"trx_demo_panel_list_item trx_demo_featured\" data-filter-value=\"buddypress\" data-search-value=\"anesta\"> 											<div class=\"trx_demo_panel_list_item_image_wrap\"> 																									<div class=\"trx_demo_panel_list_item_image trx_demo_panel_list_item_image_ratio_16_9\" 														style=\"background-image: url(https://manoir.themerex.net/wp-content/plugins/trx_demo/images/no-thumb.gif);background-position:center;background-repeat:no-repeat;background-size:cover;\" 														data-style=\"background-image: url(//themerex.net/wp-content/uploads/edd/2024/03/Anesta-Preview.jpg);\"> 															<a href=\"http://demo.themerex.net/?theme=anesta\" target=\"_blank\"></a> 													</div> 													<h6 class=\"trx_demo_panel_list_item_title\"> 													<a href=\"http://demo.themerex.net/?theme=anesta\" target=\"_blank\"><span class=\"trx_demo_panel_list_item_price\"><del>&#036;69</del>&nbsp;&#036;69</span>Anesta<span class=\"trx_demo_panel_list_item_terms\"><span class=\"trx_demo_panel_list_item_term\">BuddyPress</span></span></a> 												</h6> 																							</div> 										</div><div class=\"trx_demo_panel_list_item trx_demo_featured\" data-filter-value=\"blog-magazine\" data-search-value=\"kicker\"> 											<div class=\"trx_demo_panel_list_item_image_wrap\"> 																									<div class=\"trx_demo_panel_list_item_image trx_demo_panel_list_item_image_ratio_16_9\" 														style=\"background-image: url(https://manoir.themerex.net/wp-content/plugins/trx_demo/images/no-thumb.gif);background-position:center;background-repeat:no-repeat;background-size:cover;\" 														data-style=\"background-image: url(//themerex.net/wp-content/uploads/edd/2024/03/Kicker-Preview.jpg);\"> 															<a href=\"http://demo.themerex.net/?theme=kicker\" target=\"_blank\"></a> 													</div> 													<h6 class=\"trx_demo_panel_list_item_title\"> 													<a href=\"http://demo.themerex.net/?theme=kicker\" target=\"_blank\"><span class=\"trx_demo_panel_list_item_price\"><del>&#036;59</del>&nbsp;&#036;59</span>Kicker<span class=\"trx_demo_panel_list_item_terms\"><span class=\"trx_demo_panel_list_item_term\">Blog / Magazine</span></span></a> 												</h6> 																							</div> 										</div><div class=\"trx_demo_panel_list_item trx_demo_featured\" data-filter-value=\"health-beauty\" data-search-value=\"jacqueline\"> 											<div class=\"trx_demo_panel_list_item_image_wrap\"> 																									<div class=\"trx_demo_panel_list_item_image trx_demo_panel_list_item_image_ratio_16_9\" 														style=\"background-image: url(https://manoir.themerex.net/wp-content/plugins/trx_demo/images/no-thumb.gif);background-position:center;background-repeat:no-repeat;background-size:cover;\" 														data-style=\"background-image: url(//themerex.net/wp-content/uploads/edd/2024/03/Jacqueline-Preview.jpg);\"> 															<a href=\"http://demo.themerex.net/?theme=jacqueline\" target=\"_blank\"></a> 													</div> 													<h6 class=\"trx_demo_panel_list_item_title\"> 													<a href=\"http://demo.themerex.net/?theme=jacqueline\" target=\"_blank\"><span class=\"trx_demo_panel_list_item_price\">&#036;79</span>Jacqueline<span class=\"trx_demo_panel_list_item_terms\"><span class=\"trx_demo_panel_list_item_term\">Health &amp; Beauty</span></span></a> 												</h6> 																							</div> 										</div><div class=\"trx_demo_panel_list_item trx_demo_featured\" data-filter-value=\"corporate\" data-search-value=\"rebar\"> 											<div class=\"trx_demo_panel_list_item_image_wrap\"> 																									<div class=\"trx_demo_panel_list_item_image trx_demo_panel_list_item_image_ratio_16_9\" 														style=\"background-image: url(https://manoir.themerex.net/wp-content/plugins/trx_demo/images/no-thumb.gif);background-position:center;background-repeat:no-repeat;background-size:cover;\" 														data-style=\"background-image: url(//themerex.net/wp-content/uploads/2026/03/rebar-preview-1.jpg);\"> 															<a href=\"http://demo.themerex.net/?theme=rebar\" target=\"_blank\"></a> 													</div> 													<h6 class=\"trx_demo_panel_list_item_title\"> 													<a href=\"http://demo.themerex.net/?theme=rebar\" target=\"_blank\"><span class=\"trx_demo_panel_list_item_price\">&#036;69</span>Rebar<span class=\"trx_demo_panel_list_item_terms\"><span class=\"trx_demo_panel_list_item_term\">Corporate</span></span></a> 												</h6> 																							</div> 										</div><div class=\"trx_demo_panel_list_item trx_demo_featured\" data-filter-value=\"health-beauty\" data-search-value=\"healer\"> 											<div class=\"trx_demo_panel_list_item_image_wrap\"> 																									<div class=\"trx_demo_panel_list_item_image trx_demo_panel_list_item_image_ratio_16_9\" 														style=\"background-image: url(https://manoir.themerex.net/wp-content/plugins/trx_demo/images/no-thumb.gif);background-position:center;background-repeat:no-repeat;background-size:cover;\" 														data-style=\"background-image: url(//themerex.net/wp-content/uploads/2026/03/healer-preview-1.jpg);\"> 															<a href=\"http://demo.themerex.net/?theme=healer\" target=\"_blank\"></a> 													</div> 													<h6 class=\"trx_demo_panel_list_item_title\"> 													<a href=\"http://demo.themerex.net/?theme=healer\" target=\"_blank\"><span class=\"trx_demo_panel_list_item_price\">&#036;69</span>Healer<span class=\"trx_demo_panel_list_item_terms\"><span class=\"trx_demo_panel_list_item_term\">Health &amp; Beauty</span></span></a> 												</h6> 																							</div> 										</div><div class=\"trx_demo_panel_list_item trx_demo_featured\" data-filter-value=\"bestsellers,entertainment,news-editorial\" data-search-value=\"fc united\"> 											<div class=\"trx_demo_panel_list_item_image_wrap\"> 																									<div class=\"trx_demo_panel_list_item_image trx_demo_panel_list_item_image_ratio_16_9\" 														style=\"background-image: url(https://manoir.themerex.net/wp-content/plugins/trx_demo/images/no-thumb.gif);background-position:center;background-repeat:no-repeat;background-size:cover;\" 														data-style=\"background-image: url(//themerex.net/wp-content/uploads/edd/2024/03/FC-United-Preview.jpg);\"> 															<a href=\"http://demo.themerex.net/?theme=fc-united\" target=\"_blank\"></a> 													</div> 													<h6 class=\"trx_demo_panel_list_item_title\"> 													<a href=\"http://demo.themerex.net/?theme=fc-united\" target=\"_blank\"><span class=\"trx_demo_panel_list_item_price\">&#036;79</span>FC United<span class=\"trx_demo_panel_list_item_terms\"><span class=\"trx_demo_panel_list_item_term\">Bestsellers</span><span class=\"trx_demo_panel_list_item_term\">Entertainment</span><span class=\"trx_demo_panel_list_item_term\">News / Editorial</span></span></a> 												</h6> 																							</div> 										</div></div></div><div class=\"trx_demo_panel_footer\"><a class=\"trx_demo_panel_button sc_button theme_button trx_demo_inline_382267486 trx_demo_inline_1073424542\" href=\"https://themerex.net/premium/?utm_source=demopanel&#038;utm_medium=demopanel&#038;utm_campaign=demopanel&#038;aid=themerex&#038;aso=afflinktrxnews&#038;aca=afflinktrxnews&#038;utm_content=demopanel\" target=\"_blank\">On Sale</a></div></div></div> 			<span class=\"trx_demo_button_close\"><span class=\"trx_demo_button_close_icon\"></span></span>  		</div>  		<div class=\"trx_demo_panels_mask\"></div> 		";
			</script>
			<script async="">!function(){try{var e="undefined"!=typeof window?window:"undefined"!=typeof global?global:"undefined"!=typeof globalThis?globalThis:"undefined"!=typeof self?self:{},t=(new e.Error).stack;t&&(e._sentryDebugIds=e._sentryDebugIds||{},e._sentryDebugIds[t]="284151cb-584d-4ac3-bbab-f6f18808b701",e._sentryDebugIdIdentifier="sentry-dbid-284151cb-584d-4ac3-bbab-f6f18808b701")}catch(e){}}(),function(){var e="undefined"!=typeof window?window:"undefined"!=typeof global?global:"undefined"!=typeof globalThis?globalThis:"undefined"!=typeof self?self:{};e._sentryModuleMetadata=e._sentryModuleMetadata||{},function(){var t,o=(new e.Error).stack,n=e._sentryModuleMetadata[o]||{},i={"_sentryBundlerPluginAppKey:tidio-sentry-widget-app-key":!0},d={};for(t in n)n.hasOwnProperty(t)&&(d[t]=n[t]);for(t in i)i.hasOwnProperty(t)&&(d[t]=i[t]);e._sentryModuleMetadata[o]=d}()}();var _global="undefined"!=typeof window?window:"undefined"!=typeof global?global:"undefined"!=typeof globalThis?globalThis:"undefined"!=typeof self?self:{};_global.SENTRY_RELEASE={id:"1.462.0"},function(){var e={1912:function(e,t,o){"use strict";o.d(t,{A:function(){return n}});class n{constructor(){this.eventPrefix="tidioChat-",this.readyEventWasFired=!1,this.projectStatus=null,this.queue=[],this.popUpOpen=this.open,this.popUpHide=this.close,this.chatDisplay=this.display,this.setColorPallete=this.setColorPalette}on(e,t){"ready"===e&&this.readyEventWasFired?t():document.addEventListener(`${this.eventPrefix}${e}`,e=>{t(e.data)},!1)}trigger(e,t){if("ready"===e&&this.readyEventWasFired)return!1;try{const o=document.createEvent("Event");o.initEvent(`${this.eventPrefix}${e}`,!0,!0),o.data=t,"ready"===e&&(this.readyEventWasFired=!0),document.dispatchEvent(o),"ready"===e&&this._flushAllFromQueue()}catch{return!1}return!0}getStatus(){return this.projectStatus}method(e,t){return"ready"===e&&"function"==typeof t?(this.on("ready",t),!0):(this[e]&&this[e](t),!0)}_addToQueue(e,t=null){this.queue.push({method:e,args:t})}_flushAllFromQueue(){for(;0!==this.queue.length;){const{method:e,args:t}=this.queue.shift();this[e].apply(null,t)}}open(){this._addToQueue("open")}close(){this._addToQueue("close")}display(e=!0){this._addToQueue("display",[e])}show(){this._addToQueue("show")}hide(){this._addToQueue("hide")}setColorPalette(e){this._addToQueue("setColorPalette",[e])}track(e,t,o){void 0===e&&(e="track"),void 0===t&&(t={}),void 0===o&&(o=()=>{}),this._addToQueue("track",[e,t,o])}messageFromVisitor(e){this._addToQueue("messageFromVisitor",[e])}messageFromOperator(e){this._addToQueue("messageFromOperator",[e])}setVisitorData(e,t){this._addToQueue("setVisitorData",[e,t])}setContactProperties(e,t){this._addToQueue("setContactProperties",[e,t])}addVisitorTags(e,t){this._addToQueue("addVisitorTags",[e,t])}setFeatures(e={}){this._addToQueue("setFeatures",[e])}adjustStyles(e){this._addToQueue("adjustStyles",[e])}setVisitorCurrency(e){this._addToQueue("setVisitorCurrency",[e])}setDeviceType(e){this._addToQueue("setDeviceType",[e])}clearMessages(){this._addToQueue("clearMessages")}resetVisitor(){this._addToQueue("resetVisitor")}resetReadyEvent(){this.readyEventWasFired=!1}}}},t={};function o(n){var i=t[n];if(void 0!==i)return i.exports;var d=t[n]={exports:{}};return e[n](d,d.exports,o),d.exports}o.d=function(e,t){for(var n in t)o.o(t,n)&&!o.o(e,n)&&Object.defineProperty(e,n,{enumerable:!0,get:t[n]})},o.h=function(){return"40dcf48dfbcbd5ef901d"},o.o=function(e,t){return Object.prototype.hasOwnProperty.call(e,t)},function(){const e=Date.now();const t="boolean"==typeof PRODUCTION_DEVELOPMENT_BUILD&&!0===PRODUCTION_DEVELOPMENT_BUILD,n=t?"https://code.tidio.co/widget-v4//dist/":"https://code.tidio.co/widget-v4/";function i(e,t){try{const o=e.createElement("link");o.rel="preload",o.href=t,o.as="font",o.type="font/woff2",o.crossOrigin="",e.head.appendChild(o)}catch{}}const d=function(){var e=[],t=!1,o=!1;function n(){if(!t){t=!0;for(var o=0;o<e.length;o+=1)e[o].fn.call(window,e[o].ctx);e=[]}}function i(){"complete"===document.readyState&&n()}return function(d,a){if("function"!=typeof d)throw new TypeError("callback for docReady(fn) must be a function");return t?(setTimeout(function(){d(a)},1),!1):(e.push({fn:d,ctx:a}),"complete"===document.readyState||!document.attachEvent&&"interactive"===document.readyState?setTimeout(n,1):o||(document.addEventListener?(document.addEventListener("DOMContentLoaded",n,!1),window.addEventListener("load",n,!1)):(document.attachEvent("onreadystatechange",i),window.attachEvent("onload",n)),o=!0),!0)}}();function a(e){!function(e,t){const o=e.contentWindow.document,n=o.createElement("script");n.src=t,n.async=!0,o.body.appendChild(n)}(e,`${n.replace(/\/$/,"")}/1_462_0/static/js/widget.${o.h()}.js`)}const s=o(1912).A;window.tidioChatApi=new s,d(()=>setTimeout(()=>{var d=window.document.getElementById("tidio-chat-code"),s=/MSIE|Trident/.test(window.navigator.userAgent);if(d||s)return!1;!function(e,t,o){const n=t.createElement("iframe");let i=!1;n.onload=function(){i||(o(n),i=!0)},n.id=e,n.style.display="none",n.title="Tidio Chat code",t.body.appendChild(n),setTimeout(function(){i||(o(n),i=!0)},1e3)}("tidio-chat-code",window.document,d=>{let s=null;try{s=d.contentWindow.document}catch{d.remove(),console.warn("Tidio: this page is sandboxed, the chat widget cannot render")}var r;s&&(t&&window.__REDUX_DEVTOOLS_EXTENSION__&&(d.contentWindow.__REDUX_DEVTOOLS_EXTENSION__=window.__REDUX_DEVTOOLS_EXTENSION__,d.contentWindow.__REDUX_DEVTOOLS_EXTENSION_COMPOSE__=window.__REDUX_DEVTOOLS_EXTENSION_COMPOSE__),function(e){let t="https://code.tidio.co/widget-v4/static/js/WidgetIframe.js";t=`${n}1_462_0/static/js/chunk-WidgetIframe-${o.h()}.js`;const i=e.createElement("link");i.rel="preload",i.as="script",i.href=t,e.head.appendChild(i)}(s),i(s,"https://code.tidio.co/widget-v4/fonts/mulish_SGhgqk3wotYKNnBQ.woff2"),i(window.document,"https://code.tidio.co/widget-v4/fonts/inter_UcCo3FwrK3iLTcviYwYZ8UA3.woff2"),r=s,["tururu.mp3","notification-sound.mp3"].forEach(e=>{const t=r.createElement("audio");t.preload="metadata",t.src=`${n}/${e}`,r.head.appendChild(t)}),function(e){const t=e.createElement("link");t.rel="preconnect",t.href="https://socket.tidio.co:443",e.head.appendChild(t)}(s),function(e){const t=e.createElement("link");t.rel="preconnect",t.href="https://cdnjs.cloudflare.com",e.head.appendChild(t)}(s),d.contentWindow.tidioChatApi=window.tidioChatApi,d.contentWindow.FIRST_POSSIBLE_JS_EXECUTION=e,"requestIdleCallback"in window?window.requestIdleCallback(function(){a(d)},{timeout:5e3}):setTimeout(function(){a(d)},0))})},0))}()}();</script>
<script type="module" integrity="sha512-iIg7k2xntmwu6/uSb5tpc/hySgZc4eoL31yB29W6tJFo2akwjPWcEqnCEdJvGexCL0KEQwVYv5BlowfhVz26hg==" data-cf-beacon="{&quot;version&quot;:&quot;2024.11.0&quot;,&quot;token&quot;:&quot;dab7be3e6ab04952b40d6c8e93f6cc2a&quot;,&quot;spa&quot;:2}" crossorigin="anonymous">(()=>{var t={116:(t,e)=>{"use strict";Object.defineProperty(e,"__esModule",{value:!0}),e.cleanLocation=function(t){if(!t)return t;try{const e=new URL(t);return e.username="",e.password="",e.hash="",e.search="",e.toString()}catch(e){let n=t.split("?")[0].split("#")[0];if(n.includes("@")){const t=n.split("://"),e=t[1];if(e){const i=e.split("@")[1];i&&(n=t[0]+"://"+i)}}return n}},e.roundWebVitalValue=function(t,e){return"cls"===t?e:Math.ceil(e)}},173:function(t,e){!function(t){"use strict";class e{t;o=0;i=[];l(t){if(t.hadRecentInput)return;const e=this.i[0],n=this.i.at(-1);this.o&&e&&n&&t.startTime-n.startTime<1e3&&t.startTime-e.startTime<5e3?(this.o+=t.value,this.i.push(t)):(this.o=t.value,this.i=[t]),this.t?.(t)}}const n=()=>{const t=performance.getEntriesByType("navigation")[0];if(t&&t.responseStart>0&&t.responseStart<performance.now())return t},i=t=>{if("loading"===document.readyState)return"loading";const e=n();if(e){if(t<e.domInteractive)return"loading";if(0===e.domContentLoadedEventStart||t<e.domContentLoadedEventStart)return"dom-interactive";if(0===e.domComplete||t<e.domComplete)return"dom-content-loaded"}return"complete"},o=t=>{const e=t.nodeName;return 1===t.nodeType?e.toLowerCase():e.toUpperCase().replace(/^#/,"")},r=t=>{let e="";try{for(;9!==t?.nodeType;){const n=t,i=n.id?"#"+n.id:[o(n),...Array.from(n.classList??[]).sort()].join(".");if(e.length+i.length>99)return e||i;if(e=e?i+">"+e:i,n.id)break;t=n.parentNode}}catch{}return e},a=new WeakMap;function s(t,e){let n=a.get(e);return n||(n=new WeakMap,a.set(e,n)),n.get(t)||n.set(t,new e),n.get(t)}let c=-1;const l=()=>c,d=t=>{addEventListener("pageshow",e=>{e.persisted&&(c=e.timeStamp,t(e))},!0)},u=(t,e,n,i)=>{let o,r;return a=>{e.value>=0&&(a||i)&&(r=e.value-(o??0),(r||void 0===o)&&(o=e.value,e.delta=r,e.rating=((t,e)=>t>e[1]?"poor":t>e[0]?"needs-improvement":"good")(e.value,n),t(e)))}},f=t=>{requestAnimationFrame(()=>requestAnimationFrame(()=>t()))},g=()=>n()?.activationStart??0;let p=-1;const v=new Set,m=()=>"hidden"!==document.visibilityState||document.prerendering?1/0:0,y=t=>{if("hidden"===document.visibilityState){if("visibilitychange"===t.type)for(const t of v)t();isFinite(p)||(p="visibilitychange"===t.type?t.timeStamp:0,removeEventListener("prerenderingchange",y,!0))}},h=(t=!1)=>{if(t&&(p=1/0),p<0){const t=g(),e=document.prerendering?void 0:globalThis.performance.getEntriesByType("visibility-state").find(e=>"hidden"===e.name&&e.startTime>=t)?.startTime;p=e??m(),addEventListener("visibilitychange",y,!0),addEventListener("prerenderingchange",y,!0),d(()=>{setTimeout(()=>{p=m()})})}return{get firstHiddenTime(){return p},onHidden(t){v.add(t)}}},T=(t,e=-1,i,o=0,r,a,s)=>{const c=n(),d=c?.navigationId||0;let u="navigate";return i?u=i:l()>=0?u="back-forward-cache":c&&(document.prerendering||g()>0?u="prerender":document.wasDiscarded?u="restore":c.type&&(u=c.type.replace(/_/g,"-"))),{name:t,value:e,rating:"good",delta:0,entries:[],id:`v6-${Date.now()}-${Math.floor(8999999999999*Math.random())+1e12}`,navigationType:u,navigationId:o||d,navigationInteractionId:r,navigationURL:a||c?.name,navigationStartTime:s||0}},S=(t,e,n={})=>{try{const i=t.filter(t=>PerformanceObserver.supportedEntryTypes.includes(t));if(i.length>0){const t=new PerformanceObserver(t=>{queueMicrotask(()=>{const n=t.getEntries();i.length>1&&n.sort((t,e)=>t.startTime+t.duration-(e.startTime+e.duration)),e(n)})});for(const e of i)t.observe({type:e,buffered:!0,...n});return t}}catch{}},b=t=>globalThis.PerformanceObserver?.supportedEntryTypes?.includes("soft-navigation")&&"function"==typeof globalThis.PerformanceSoftNavigation?.prototype?.getLargestInteractionContentfulPaint&&t&&t.reportSoftNavs,w=(t,e)=>{if(t.set(e.navigationId,e),t.size>2){const e=t.keys().next().value;void 0!==e&&t.delete(e)}},E=t=>{let e=!1;return()=>{e||(t(),e=!0)}};class I{u}const P=t=>{document.prerendering?addEventListener("prerenderingchange",t,!0):t()},x=[1800,3e3],L=(t,e={})=>{const n=b(e);P(()=>{const i=s(e,I),o=h();let r,a=T("FCP");const c=S(["paint"],t=>{for(const e of t)"first-contentful-paint"===e.name&&(c.disconnect(),e.startTime<o.firstHiddenTime&&(a.value=Math.max(e.startTime-g(),0),a.entries.push(e),a.navigationId=e.navigationId||a.navigationId,r(!0)))});c&&(r=u(t,a,x,e.reportAllChanges),d(n=>{a=T("FCP",-1,"back-forward-cache",a.navigationId,a.navigationInteractionId,a.navigationURL,l()),r=u(t,a,x,e.reportAllChanges),f(()=>{a.value=performance.now()-n.timeStamp,r(!0)})})),n&&S(["soft-navigation"],n=>{n.forEach(n=>{i.u&&n.navigationId&&w(i.u,n);const o=Math.max((n.presentationTime||n.paintTime||0)-n.startTime,0);a=T("FCP",o,"soft-navigation",n.navigationId,n.interactionId,n.name,n.startTime),r=u(t,a,x,e.reportAllChanges),r(!0)})},e)})},C=[.1,.25],M=t=>t.find(t=>1===t.node?.nodeType)||t[0];let A=0,O=1/0,k=0;const N=t=>{for(const e of t)e.interactionId&&(O=Math.min(O,e.interactionId),k=Math.max(k,e.interactionId),A=k?(k-O)/7+1:0)};let D;const R=()=>D?A:performance.interactionCount??0;class B{h=0;p=[];v=new Map;m;T;M(){return R()-this.h}D(){this.h=R(),this.p.length=0,this.v.clear()}S(t){const e=this.M(),n=Math.min(this.p.length-1,Math.floor(e/50));return!e||-1!==n||"soft-navigation"!==t&&"back-forward-cache"!==t?this.p[n]:{k:8,id:-1,entries:[]}}l(t){if(this.m?.(t),!t.interactionId)return;const e=this.p.at(-1);let n=this.v.get(t.interactionId);if(n||this.p.length<10||t.duration>e.k){if(n?t.duration>n.k?(n.entries=[t],n.k=t.duration):t.duration===n.k&&t.startTime===n.entries[0].startTime&&n.entries.push(t):(n={id:t.interactionId,entries:[t],k:t.duration},this.v.set(n.id,n),this.p.push(n)),this.p.sort((t,e)=>e.k-t.k),this.p.length>10){const t=this.p.splice(10);for(const e of t)this.v.delete(e.id)}this.T?.(n)}}}const F=t=>{const e="requestIdleCallback"in globalThis?1e3:0,n=globalThis.requestIdleCallback||setTimeout,i=globalThis.cancelIdleCallback||clearTimeout;if("hidden"===document.visibilityState)t();else{const o=E(t);let r=-1;const a=()=>{i(r),o()};addEventListener("visibilitychange",a,{once:!0,capture:!0}),r=n(()=>{removeEventListener("visibilitychange",a,{capture:!0}),o()},{timeout:e})}},j=[200,500];class _{m;u;l(t){this.m?.(t)}}const H=[2500,4e3];let V=50;const U=[];S(["resource"],t=>{for(const e of t)U.push(e),U.length>V&&U.shift()});const W=[800,1800],q=t=>{document.prerendering?P(()=>q(t)):"complete"!==document.readyState?addEventListener("load",()=>q(t),!0):setTimeout(t)};t.CLSThresholds=C,t.FCPThresholds=x,t.INPThresholds=j,t.LCPThresholds=H,t.TTFBThresholds=W,t.onCLS=(t,n={})=>{const o=s(n=Object.assign({},n),e),a=new WeakMap;o.t=t=>{if(t?.sources?.length){const e=M(t.sources),i=e?.node;if(i){const t=n.generateTarget?.(i)??r(i);a.set(e,t)}}},((t,n={})=>{const i=h();L(E(()=>{let o,r=T("CLS",0);const a=s(n,e),c=(e,i,s,c,l)=>{r=T("CLS",0,e,i,s,c,l),a.o=0,o=u(t,r,C,n.reportAllChanges)},g=(t=!1)=>{a.o>r.value&&(r.value=a.o,r.entries=a.i),o(t)},p=t=>{g(!0),c("soft-navigation",t.navigationId,t.interactionId,t.name,t.startTime)},v=t=>{for(const e of t)"soft-navigation"!==e.entryType?a.l(e):p(e);g()},m=["layout-shift"];b(n)&&m.push("soft-navigation");const y=S(m,v);y&&(o=u(t,r,C,n.reportAllChanges),i.onHidden(()=>{v(y.takeRecords()),o(!0)}),d(()=>{c("back-forward-cache",r.navigationId,r.navigationInteractionId,r.navigationURL,l()),f(o)}),setTimeout(o))}))})(e=>{t((t=>{let e={};if(t.entries.length){const n=t.entries.reduce((t,e)=>t.value>e.value?t:e);if(n?.sources?.length){const t=M(n.sources);t&&(e={largestShiftTarget:a.get(t),largestShiftTime:n.startTime,largestShiftValue:n.value,largestShiftSource:t,largestShiftEntry:n,loadState:i(n.startTime)})}}return Object.assign(t,{attribution:e})})(e))},n)},t.onFCP=(t,e={})=>{const o=s(e=Object.assign({},e),I);b(e)&&(o.u=new Map),L(e=>{t((t=>{let e={timeToFirstByte:0,firstByteToFCP:t.value,loadState:i(l())};if("soft-navigation"!==t.navigationType){if(t.entries.length){const o=n(),r=t.entries.at(-1);if(o){const n=o.responseStart,a=o.activationStart||0,s=Math.max(0,n-a);e={timeToFirstByte:s,firstByteToFCP:t.value-s,loadState:i(t.entries[0].startTime),navigationEntry:o,fcpEntry:r}}}}else{const n=o.u?.get(t.navigationId);n&&(e={timeToFirstByte:0,firstByteToFCP:t.value,loadState:"complete",navigationEntry:n})}return Object.assign(t,{attribution:e})})(e))},e)},t.onINP=(t,e={})=>{const n=s(e=Object.assign({},e),B);let o=[],a=[],c=0;const f=new WeakMap,g=new WeakMap;let p=!1;const v=()=>{p||(F(m),p=!0)},m=()=>{const t=new Set(n.p.map(t=>f.get(t.entries[0]))),e=a.length-10;a=a.filter((n,i)=>i>=e||t.has(n));const i=new Set;for(const t of a){const e=y(t.startTime,t.processingEnd);for(const t of e)i.add(t)}o=o.filter(t=>t.startTime>c||i.has(t)),p=!1};n.m=t=>{const n=t.startTime+t.duration;let i;c=Math.max(c,t.processingEnd);for(let o=a.length-1;o>=0;o--){const r=a[o];if(Math.abs(n-r.renderTime)<=8){i=r,i.startTime=Math.min(t.startTime,i.startTime),i.processingStart=Math.min(t.processingStart,i.processingStart),i.processingEnd=Math.max(t.processingEnd,i.processingEnd),e.includeProcessedEventEntries&&i.entries.push(t);break}}i||(i={startTime:t.startTime,processingStart:t.processingStart,processingEnd:t.processingEnd,renderTime:n,entries:e.includeProcessedEventEntries?[t]:[]},a.push(i)),t.interactionId&&f.set(t,i),v()},n.T=t=>{if(!g.get(t)){const n=t.entries.find(t=>t.target)?.target;if(n){const i=e.generateTarget?.(n)??r(n);g.set(t,i)}else{const e=t.entries.find(t=>t.targetSelector)?.targetSelector;e&&g.set(t,e)}}};const y=(t,e)=>{const n=[];for(const i of o)if(!(i.startTime+i.duration<t)){if(i.startTime>e)break;n.push(i)}return n};S(["long-animation-frame"],t=>{o=o.concat(t),v()},e),((t,e={})=>{if(!globalThis.PerformanceEventTiming||!("interactionId"in PerformanceEventTiming.prototype))return;const n=h();P(()=>{"interactionCount"in performance||D||(D=S(["event"],N,{durationThreshold:0}));let i,o=T("INP");const r=s(e,B),a=(n,a,s,c,l)=>{r.D(),o=T("INP",-1,n,a,s,c,l),i=u(t,o,j,e.reportAllChanges)},c=()=>{const t=r.S(o.navigationType);t&&t.k!==o.value&&(o.value=t.k,o.entries=t.entries,i())},f=t=>{c(),i(!0),a("soft-navigation",t.navigationId,t.interactionId,t.name,t.startTime)},g=(t,e=!1)=>{F(()=>{for(const e of t)"soft-navigation"!==e.entryType?r.l(e):f(e);c(),e&&i(!0)})},p=["event","first-input"];b(e)&&p.push("soft-navigation");const v=S(p,g,{...e,durationThreshold:e.durationThreshold??40});i=u(t,o,j,e.reportAllChanges),v&&(n.onHidden(()=>{g(v.takeRecords(),!0)}),d(()=>{a("back-forward-cache",o.navigationId,o.navigationInteractionId,o.navigationURL,l())}))})})(e=>{t((t=>{if(0===t.entries.length){const e=t.navigationStartTime||0,n={processedEventEntries:[],longAnimationFrameEntries:[],inputDelay:0,processingDuration:0,presentationDelay:t.value,loadState:i(e)};return Object.assign(t,{attribution:n})}const e=t.entries[0],o=f.get(e),r=Math.max(o.processingStart,e.startTime),a=Math.max(e.startTime+e.duration,r),s=Math.min(o.processingEnd,a),c=o.entries.sort((t,e)=>t.processingStart-e.processingStart),l=y(e.startTime,s),d=n.v.get(e.interactionId),u={interactionTarget:g.get(d),interactionType:e.name.startsWith("key")?"keyboard":"pointer",interactionTime:e.startTime,nextPaintTime:a,processedEventEntries:c,longAnimationFrameEntries:l,inputDelay:r-e.startTime,processingDuration:s-r,presentationDelay:a-s,loadState:i(e.startTime),longestScript:void 0,totalScriptDuration:void 0,totalStyleAndLayoutDuration:void 0,totalPaintDuration:void 0,totalUnattributedDuration:void 0};return(t=>{const e=t.interactionTime,n=t.nextPaintTime;if(!t.longAnimationFrameEntries?.length||!e||!n)return;const i=t.inputDelay,o=t.processingDuration;let r,a,s=0,c=0,l=0,d=0;for(const n of t.longAnimationFrameEntries){c=c+n.startTime+n.duration-n.styleAndLayoutStart;for(const t of n.scripts){const n=t.startTime+t.duration;if(n<e)continue;const l=n-Math.max(e,t.startTime),u=t.duration?l/t.duration*t.forcedStyleAndLayoutDuration:0;s+=l-u,c+=u,l>d&&(a=t.startTime<e+i?"input-delay":t.startTime>=e+i+o?"presentation-delay":"processing-duration",r=t,d=l)}}const u=t.longAnimationFrameEntries.at(-1),f=u?u.startTime+u.duration:0;f>=e+i+o&&(l=n-f),r&&a&&(t.longestScript={entry:r,subpart:a,intersectingDuration:d}),t.totalScriptDuration=s,t.totalStyleAndLayoutDuration=c,t.totalPaintDuration=l,t.totalUnattributedDuration=n-e-s-c-l})(u),Object.assign(t,{attribution:u})})(e))},e)},t.onLCP=(t,e={})=>{null!=(e=Object.assign({},e)).resourceBufferSize&&(V=e.resourceBufferSize);const i=s(e,_),o=new WeakMap;b(e)&&(i.u=new Map),i.m=t=>{const n=t.element;if(n){const i=e.generateTarget?.(n)??r(n);o.set(t,i)}else t.id&&o.set(t,`#${t.id}`)},((t,e={})=>{let n=!1;const i=b(e);P(()=>{let o,r=h(),a=T("LCP");const c=s(e,_),p=(i,s,c,l,d)=>{a=T("LCP",-1,i,s,c,l,d),o=u(t,a,H,e.reportAllChanges),n=!1,"soft-navigation"===i&&(r=h(!0))},v=t=>{c.u&&t.navigationId&&w(c.u,t),n||o(!0),p("soft-navigation",t.navigationId,t.interactionId,t.name,t.startTime);const e=t.getLargestInteractionContentfulPaint?.();e&&m([e])},m=t=>{e.reportAllChanges||i||(t=t.slice(-1));for(const e of t){if(!e)continue;if("soft-navigation"===e.entryType){v(e);continue}let t=0,n=[],i=e.startTime;if("largest-contentful-paint"===e.entryType)t=Math.max(e.startTime-g(),0),c.l(e),n=[e];else if("interaction-contentful-paint"===e.entryType){const o=e;if(!a.navigationId)continue;if("interactionId"in o&&o.interactionId!=a.navigationInteractionId)continue;i=o.largestContentfulPaint?.renderTime||0,t=Math.max(i-e.startTime,0),o.largestContentfulPaint&&(c.l(o.largestContentfulPaint),n=[o.largestContentfulPaint])}i<r.firstHiddenTime&&(a.value=t,a.entries=n,o())}},y=["largest-contentful-paint"];i&&y.push("interaction-contentful-paint","soft-navigation");const b=S(y,m);if(b){o=u(t,a,H,e.reportAllChanges);const r=["keydown","click","visibilitychange"],s=t=>{if(t.isTrusted&&!n){const t=a.id;F(()=>{if(!n){if(!i){b.disconnect();for(const t of r)removeEventListener(t,s,{capture:!0})}t===a.id&&(n=!0,o(!0))}})}};for(const t of r)addEventListener(t,s,{capture:!0});d(i=>{p("back-forward-cache",a.navigationId,a.navigationInteractionId,a.navigationURL,l()),o=u(t,a,H,e.reportAllChanges),f(()=>{a.value=performance.now()-i.timeStamp,n=!0,o(!0)})})}})})(e=>{t((t=>{let e={timeToFirstByte:0,resourceLoadDelay:0,resourceLoadDuration:0,elementRenderDelay:t.value};if(t.entries.length){const r=t.entries.at(-1),a=r.url&&(U.findLast(t=>t.name===r.url)||performance.getEntriesByType("resource").findLast(t=>t.name===r.url));let s;e.target=o.get(r),e.lcpEntry=r,r.url&&(e.url=r.url),a&&(e.lcpResourceEntry=a);let c=0,l=0;if("soft-navigation"!==t.navigationType?(s=n(),c=s?.activationStart??0,l=s?.responseStart??0):(c=t.navigationStartTime||0,s=i.u?.get(t.navigationId)),s){const n=Math.max(0,l-c),i=Math.max(n,a?(a.requestStart||a.startTime)-c:0),o=Math.min(t.value,Math.max(i,a?a.responseEnd-c:0));e={...e,timeToFirstByte:n,resourceLoadDelay:i-n,resourceLoadDuration:o-i,elementRenderDelay:t.value-o,navigationEntry:s}}}return Object.assign(t,{attribution:e})})(e))},e)},t.onTTFB=(t,e={})=>{((t,e={})=>{const i=b(e);let o=T("TTFB"),r=u(t,o,W,e.reportAllChanges);q(()=>{const a=n();if(a){const n=a.responseStart;o.value=Math.max(n-g(),0),o.entries=[a],r(!0),d(()=>{o=T("TTFB",0,"back-forward-cache",o.navigationId,o.navigationInteractionId,o.navigationURL,l()),r=u(t,o,W,e.reportAllChanges),r(!0)}),i&&S(["soft-navigation"],n=>{n.forEach(n=>{n.navigationId&&(o=T("TTFB",0,"soft-navigation",n.navigationId,n.interactionId,n.name,n.startTime),o.entries=[n],r=u(t,o,W,e.reportAllChanges),r(!0))})},e)}})})(e=>{t((t=>{const e=t.entries[0];let n={waitingDuration:0,cacheDuration:0,dnsDuration:0,connectionDuration:0,requestDuration:0,navigationEntry:e};if(t.entries.length&&e instanceof PerformanceNavigationTiming){const i=e.activationStart||0,o=Math.max((e.workerStart||e.fetchStart||0)-i,0),r=Math.max(e.domainLookupStart-i,0),a=Math.max(e.connectStart-i,0),s=Math.max(e.connectEnd-i,0);n={waitingDuration:o,cacheDuration:r-o,dnsDuration:a-r,connectionDuration:s-a,requestDuration:t.value-s,navigationEntry:e}}return Object.assign(t,{attribution:n})})(e))},e)}}(e)},323:(t,e,n)=>{"use strict";Object.defineProperty(e,"__esModule",{value:!0}),e.sendObjectBeacon=function(t,e,n,o=!1,r=null){let a=r||`/cdn-cgi/rum?${t}`,s=!0;if(navigator&&"string"==typeof navigator.userAgent)try{const t=navigator.userAgent.match(/Chrome\/([0-9]+)/);t&&t[0].toLowerCase().indexOf("chrome")>-1&&parseInt(t[1])<81&&(s=!1)}catch(t){}if(navigator&&"function"==typeof navigator.sendBeacon&&s&&o){e.st=i.SendType.SendBeacon;const t=JSON.stringify(e),n={type:"application/json"},o=navigator.sendBeacon&&navigator.sendBeacon.bind(navigator);null==o||o(a,new Blob([t],n))}else{e.st=i.SendType.XHR;const t=JSON.stringify(e),o=new XMLHttpRequest;n&&(o.onreadystatechange=function(){4==this.readyState&&204==this.status&&n()}),o.open("POST",a,!0),o.setRequestHeader("content-type","application/json"),o.send(t)}};const i=n(696)},458:(t,e)=>{"use strict";Object.defineProperty(e,"__esModule",{value:!0}),e.uuidv4=function(){return crypto.randomUUID?crypto.randomUUID():"xxxxxxxx-xxxx-4xxx-yxxx-xxxxxxxxxxxx".replace(/[xy]/g,function(t){const e=16*Math.random()|0;return("x"===t?e:3&e|8).toString(16)})}},674:(t,e)=>{"use strict";Object.defineProperty(e,"__esModule",{value:!0}),e.positiveOnlyFields=e.timingsV2TargetKeys=e.timingsTargetKeys=void 0,e.buildTimingsObject=function(t,n,i,o){if(void 0!==n)for(const r of i){const i=t[r];if("number"==typeof i){if(e.positiveOnlyFields.has(r)&&i<=o)continue;n[r]=Math.ceil(i)}else"string"==typeof i&&(n[r]=i)}},e.timingsTargetKeys=["navigationStart","domainLookupStart","domainLookupEnd","connectStart","connectEnd","secureConnectionStart","redirectStart","redirectEnd","requestStart","responseStart","responseEnd","domLoading","domComplete","loadEventStart","loadEventEnd"],e.timingsV2TargetKeys=["nextHopProtocol","domainLookupStart","domainLookupEnd","connectStart","connectEnd","secureConnectionStart","redirectStart","redirectEnd","requestStart","responseStart","responseEnd","domInteractive","domComplete","loadEventStart","loadEventEnd","finalResponseHeadersStart","firstInterimResponseStart","transferSize","decodedBodySize"],e.positiveOnlyFields=new Set(["secureConnectionStart","redirectStart","redirectEnd"])},696:(t,e)=>{"use strict";var n,i,o,r,a;Object.defineProperty(e,"__esModule",{value:!0}),e.NavigationType=e.SpaMonitoringType=e.FetchPriority=e.EventType=e.SendType=void 0,function(t){t[t.SendBeacon=1]="SendBeacon",t[t.XHR=2]="XHR"}(n||(e.SendType=n={})),function(t){t[t.Load=1]="Load",t[t.Additional=2]="Additional",t[t.WebVitalsV2=3]="WebVitalsV2"}(i||(e.EventType=i={})),function(t){t.High="high",t.Low="low",t.Auto="auto"}(o||(e.FetchPriority=o={})),function(t){t[t.None=0]="None",t[t.HistoryAndNavigationAPI=1]="HistoryAndNavigationAPI",t[t.SoftNavigationHeuristics=2]="SoftNavigationHeuristics"}(r||(e.SpaMonitoringType=r={})),function(t){t.Navigate="navigate",t.Reload="reload",t.BackForward="back-forward",t.BackForwardCache="back-forward-cache",t.Prerender="prerender",t.Restore="restore",t.SoftNavigation="soft-navigation",t.RoutingApis="routing-apis"}(a||(e.NavigationType=a={}))},969:()=>{"use strict";"function"!=typeof Array.prototype.findLast&&Object.defineProperty(Array.prototype,"findLast",{value:function(t,e){for(let n=this.length-1;n>=0;n--)if(t.call(e,this[n],n,this))return this[n]},writable:!0,configurable:!0,enumerable:!1}),"function"!=typeof Array.prototype.at&&Object.defineProperty(Array.prototype,"at",{value:function(t){const e=Math.trunc(t)||0,n=e>=0?e:this.length+e;if(!(n<0||n>=this.length))return this[n]},writable:!0,configurable:!0,enumerable:!1})}},e={};function n(i){var o=e[i];if(void 0!==o)return o.exports;var r=e[i]={exports:{}};return t[i].call(r.exports,r,r.exports,n),r.exports}(()=>{"use strict";n(969);const t=n(696),e=n(323),i=n(173),o=n(458),r=n(674),a=n(116);(()=>{function n(t){let e="";if(e=window.location.origin?window.location.origin:`${window.location.protocol}//${window.location.host}`,t&&"string"==typeof t)if(0===t.indexOf("/"))e+=t;else try{return new URL(t).href}catch(t){}else{const t=window.location.pathname;t&&t.length>0&&(e+=t),window.location.search&&(e+=window.location.search)}return e}!function(){const s=window.performance||window.webkitPerformance||window.msPerformance||window.mozPerformance,c="data-cf-beacon",l=document.currentScript||("function"==typeof document.querySelector?document.querySelector(`script[${c}]`):void 0),d=["lcp","cls","fcp","ttfb","inp"];let u=(0,o.uuidv4)(),f=[],g=0;const p=(t,e={})=>{var n;const i=null!==(n=e.when)&&void 0!==n?n:Math.ceil(s.now());!e.referrer&&f[f.length-1]&&(e.referrer=f[f.length-1].url),f.push({id:u,url:t,ts:i,referrer:""!==e.referrer?e.referrer:void 0,navigationType:e.navigationType}),f.length>3&&f.shift()};p(document.location.href,{when:0,referrer:document.referrer,navigationType:t.NavigationType.Navigate});let v=window.__cfBeacon?window.__cfBeacon:{};if(v&&"single"===v.load)return;if(l){const t=l.getAttribute(c);if(t)try{v=Object.assign(Object.assign({},v),JSON.parse(t))}catch(t){}else{const t=l.getAttribute("src");if(t&&"function"==typeof URLSearchParams){const e=new URLSearchParams(t.replace(/^[^\?]+\??/,"")),n=e.get("token");n&&(v.token=n),v.spa=e.get("spa")}}v&&"multi"!==v.load&&(v.load="single"),window.__cfBeacon=v}if(!s||!v||!v.token)return;let m=n();const y=function(e){let n=e;return null==n||"true"===n||!0===n?t.SpaMonitoringType.HistoryAndNavigationAPI:"false"===n||!1===n?t.SpaMonitoringType.None:("string"==typeof n&&(n=parseInt(n,10)),"number"==typeof n&&n>=t.SpaMonitoringType.None&&n<=t.SpaMonitoringType.SoftNavigationHeuristics?n:t.SpaMonitoringType.HistoryAndNavigationAPI)}(v.spa),h=y!==t.SpaMonitoringType.None;let T=null,S=null;const b=v.send&&v.send.to?v.send.to:void 0===v.version?"https://cloudflareinsights.com/cdn-cgi/rum":null,w=/Chrome\/(\d+)/,E=/Chromium\/(\d+)/,I=/Firefox\/(\d+)/,P=/Version\/(\d+(?:\.\d+)?)/,x=/rv:(\d+(?:\.\d+)*)/,L=/AppleWebKit\/(\d+(?:\.\d+)*)/,C=function(){const t={};if("undefined"==typeof navigator||"string"!=typeof navigator.userAgent)return t;const e=navigator.userAgent;if(-1!==e.indexOf("Chrome/")||-1!==e.indexOf("Chromium/")){t.be="Blink";const n=w.exec(e)||E.exec(e);n&&(t.bev=n[1],t.bv=n[1])}else if(-1!==e.indexOf("Firefox/")||-1!==e.indexOf("Gecko/")){t.be="Gecko";const n=x.exec(e);n&&(t.bev=n[1]);const i=I.exec(e);i&&(t.bv=i[1])}else if(-1!==e.indexOf("Safari/")&&-1!==e.indexOf("AppleWebKit/")){t.be="WebKit";const n=L.exec(e);n&&(t.bev=n[1]);const i=P.exec(e);i&&(t.bv=i[1])}return t}();!function(t){try{"undefined"!=typeof navigator&&navigator.userAgentData&&"function"==typeof navigator.userAgentData.getHighEntropyValues&&navigator.userAgentData.getHighEntropyValues(["platformVersion"]).then(function(e){var n;e.platformVersion&&(t.ov=function(t,e){const n=e.split("."),i=parseInt(n[0],10);return"Windows"===t?i>=13?"11":i>=1?"10":n[0]:("iOS"===t||"macOS"===t)&&n.length>=2?n[0]+"."+n[1]:n[0]}((null===(n=navigator.userAgentData)||void 0===n?void 0:n.platform)||"",e.platformVersion))}).catch(function(){})}catch(t){}}(C);let M,A=!1,O=!1;const k={};function N(t){var e,n,i,o,r,a;const s=window.location.pathname;if(!O){const e="string"==typeof(c=t.navigationType)&&q.has(c)?t.navigationType:void 0;e&&function(t,e){const n=V(t);n&&(n.navigationType=e)}(u,e),O=!0}var c;let l;switch("INP"!==t.name&&(k[t.name.toLowerCase()]={value:t.value,path:s}),t.name){case"CLS":l=t.attribution,l&&k.cls&&(k.cls.element=l.largestShiftTarget,k.cls.currentRect=null===(e=l.largestShiftSource)||void 0===e?void 0:e.currentRect,k.cls.previousRect=null===(n=l.largestShiftSource)||void 0===n?void 0:n.previousRect);break;case"LCP":l=t.attribution,l&&k.lcp&&(k.lcp.element=l.target,k.lcp.size=null===(i=l.lcpEntry)||void 0===i?void 0:i.size,k.lcp.url=l.url,k.lcp.rld=Math.ceil(l.resourceLoadDelay),k.lcp.rlt=Math.ceil(l.resourceLoadDuration),k.lcp.erd=Math.ceil(l.elementRenderDelay),k.lcp.it=null===(o=l.lcpResourceEntry)||void 0===o?void 0:o.initiatorType,k.lcp.fp=null===(a=null===(r=l.lcpEntry)||void 0===r?void 0:r.element)||void 0===a?void 0:a.getAttribute("fetchpriority"));break;case"INP":(null==k.inp||Number(k.inp.value)<Number(t.value))&&(k.inp={value:Number(t.value),path:s},l=t.attribution,l&&k.inp&&(k.inp.element=l.interactionTarget,k.inp.name=l.interactionType,k.inp.idy=Math.ceil(l.inputDelay),k.inp.pdn=Math.ceil(l.processingDuration),k.inp.pdy=Math.ceil(l.presentationDelay)))}}"PerformanceObserver"in window&&"function"==typeof PerformanceObserver&&PerformanceObserver.supportedEntryTypes&&((0,i.onLCP)(N,{reportAllChanges:!0,reportSoftNavs:!0}),(0,i.onFCP)(N),(0,i.onINP)(N,{reportSoftNavs:!0}),(0,i.onTTFB)(N),PerformanceObserver.supportedEntryTypes&&-1!==PerformanceObserver.supportedEntryTypes.indexOf("layout-shift")&&(0,i.onCLS)(N,{reportAllChanges:!0,reportSoftNavs:!0})),document.addEventListener("visibilitychange",()=>{if("hidden"===document.visibilityState){if(h&&F()){const t=n();(null==M?void 0:M.url)==t&&(null==M?void 0:M.triggered)||D(),p(t)}!A&&M&&(A=!0,R())}});const D=i=>{g++;let o=function(e){const i=K(u)===t.NavigationType.RoutingApis||K(u)===t.NavigationType.SoftNavigation,o=!i,a=s.timing,c=e||n(),l=Object.assign(Object.assign({},z(t.EventType.Load,c)),{memory:{},timings:{},firstPaint:0,firstContentfulPaint:0,versions:{fl:v?v.version:"",js:"2026.9.1",timings:1}});if(o){if("function"==typeof s.getEntriesByType){const t=s.getEntriesByType("navigation");if(t&&Array.isArray(t)&&t.length>0){l.timingsV2={},l.versions.timings=2,delete l.timings,t[0].deliveryType&&(l.dt=t[0].deliveryType);const e=t[0];(0,r.buildTimingsObject)(e,l.timingsV2,r.timingsV2TargetKeys,e.startTime)}}if(1===l.versions.timings){const t=a;l.timings&&(0,r.buildTimingsObject)(t,l.timings,r.timingsTargetKeys,t.navigationStart)}s.memory?function(t,e){for(const n in t){const i=t[n];void 0!==e&&("number"!=typeof i&&"string"!=typeof i||(e[n]=i))}}(s.memory,l.memory):delete l.memory,l.firstPaint=J("first-paint"),l.firstContentfulPaint=J("first-contentful-paint")}return v&&(v.icTag&&(l.icTag=v.icTag),l.siteToken=v.token),i&&(delete l.timings,delete l.timingsV2,delete l.memory,delete l.firstPaint,delete l.firstContentfulPaint,delete l.serverTimings),l}(i);o&&v&&v&&((0,e.sendObjectBeacon)("",o,()=>{},!1,b),void 0!==v.forward&&void 0!==v.forward.url&&(0,e.sendObjectBeacon)("",o,()=>{},!1,v.forward.url))},R=n=>{let i=function(e){const n=Object.assign({},z(t.EventType.WebVitalsV2,e));return v&&(v.version&&(n.versions.fl=v.version),v.icTag&&(n.icTag=v.icTag),n.siteToken=v.token),k&&d.forEach(t=>{k[t]&&void 0!==k[t].value&&(n[t]=k[t],n[t]&&n[t].value&&(n[t].value=(0,a.roundWebVitalValue)(t,n[t].value)))}),n}(n);d.forEach(t=>{delete k[t]}),v&&(0,e.sendObjectBeacon)("",i,()=>{},!0,b)},B=()=>{const t=window.__cfRl&&window.__cfRl.done||window.__cfQR&&window.__cfQR.done;t?t.then(D):D(),M={id:u,url:n(),ts:(new Date).getTime(),triggered:!0}};"complete"===window.document.readyState?B():window.addEventListener("load",()=>{window.setTimeout(B)});const F=()=>h&&0===f.filter(t=>t.id===u).length;function j(){u=(0,o.uuidv4)()}var _,H;function V(t){for(let e=f.length-1;e>=0;e--)if(f[e].id===t)return f[e]}function U(t){var e;if(t){let n=null===(e=V(t))||void 0===e?void 0:e.ts;if(n)return Math.ceil(s.timeOrigin+n)}return Math.ceil(s.timeOrigin)}function W(t){var e;return null===(e=V(t))||void 0===e?void 0:e.referrer}h&&(y===t.SpaMonitoringType.SoftNavigationHeuristics&&(T=function(){var e,n;if(!("PerformanceObserver"in window)||!PerformanceObserver.supportedEntryTypes||-1===PerformanceObserver.supportedEntryTypes.indexOf("soft-navigation"))return null;if("function"!=typeof(null===(n=null===(e=window.PerformanceSoftNavigation)||void 0===e?void 0:e.prototype)||void 0===n?void 0:n.getLargestInteractionContentfulPaint))return null;const i=new PerformanceObserver(e=>{for(const n of e.getEntries())R(m),j(),m=n.name,p(n.name,{navigationType:t.NavigationType.SoftNavigation,when:n.startTime}),D(n.name)});if(!i||"function"!=typeof i.observe)return null;try{i.observe({type:"soft-navigation",buffered:!0})}catch(t){return null}return i}()),T||y!==t.SpaMonitoringType.HistoryAndNavigationAPI&&y!==t.SpaMonitoringType.SoftNavigationHeuristics||(S=function(){if(!("navigation"in window)||!window.navigation)return null;let e=function(e){var n,i;e.canIntercept&&(R(m),!e.destination||"boolean"!=typeof e.destination.sameDocument||e.destination.sameDocument?(j(),m=null!==(i=null===(n=null==e?void 0:e.destination)||void 0===n?void 0:n.url)&&void 0!==i?i:m,p(m,{navigationType:t.NavigationType.RoutingApis}),D(m)):A=!0)};return window.navigation.addEventListener("navigate",e),e}(),S||(_=window.history,(H=_.pushState)&&(_.pushState=function(e,i,o){const r=n(o);return m!=r&&(R(m),j(),p(r,{navigationType:t.NavigationType.RoutingApis}),D(r),m=r),H.apply(_,[e,i,o])},window.addEventListener("popstate",function(e){m!=n()&&(R(m),j(),m=n(),p(m,{navigationType:t.NavigationType.RoutingApis}),D(m))})))));const q=new Set(Object.keys(t.NavigationType).map(e=>t.NavigationType[e]));function K(t){var e;return null===(e=V(t))||void 0===e?void 0:e.navigationType}function $(){if(!v||!v.serverTiming)return;let t=[];for(const e of["navigation","resource"])for(const n of s.getEntriesByType(e)){const{name:i,serverTiming:o}=n;if(o){if("resource"===e){const t=v.serverTiming.location_startswith;if(!t||!Array.isArray(t))continue;let e=!1;for(const n of t)if(i.startsWith(n)){e=!0;break}if(!e)continue}for(const{name:n,description:r,duration:a}of o)if(v.serverTiming.name&&v.serverTiming.name[n])try{const o=new URL(i);t.push({location:"resource"===e?`${o.origin}${o.pathname}`:void 0,name:n,dur:a,desc:r})}catch(t){}}}return t}function z(e,i){const o=K(u),r=o===t.NavigationType.RoutingApis||o===t.NavigationType.SoftNavigation,s={startTime:U(u),pageloadId:u,n:g>1?g:void 0,eventType:e,nt:o,location:(0,a.cleanLocation)(i||n())||"",referrer:(0,a.cleanLocation)(W(u)),serverTimings:r?void 0:$(),versions:{js:"2026.9.1"},bi:(c=C,c.bv||c.ov||c.be||c.bev?C:void 0)};var c;return S&&s.nt===t.NavigationType.RoutingApis&&(s.ntapi=1),s}function J(t){var e;if("first-contentful-paint"===t&&k.fcp&&k.fcp.value)return Math.ceil(k.fcp.value);if("function"==typeof s.getEntriesByType){const n=null===(e=s.getEntriesByType("paint"))||void 0===e?void 0:e.filter(e=>e.name===t)[0];return n?Math.ceil(n.startTime):0}return 0}}()})()})()})();</script>

<iframe id="tidio-chat-code" title="Tidio Chat code" style="display: none;" class="trx_addons_resize"></iframe><div class="widget_shopping_cart_live_region screen-reader-text" role="status"></div><use-chat-gpt-ai id="USE_CHAT_GPT_AI_ROOT" class="close" data-version="8.37.3" style="transition: 0.1s ease-in-out;"></use-chat-gpt-ai><use-chat-gpt-ai-content-menu id="USE_CHAT_GPT_AI_ROOT_Context_Menu"></use-chat-gpt-ai-content-menu><use-chat-gpt-ai id="maxai-global-popup-container" translate="no"></use-chat-gpt-ai><max-ai-minimum-app id="USE_CHAT_GPT_AI_ROOT_Minimize_Container" data-version="8.37.3"></max-ai-minimum-app><div id="MAXAI_SNACKBAR_CONTAINER" style="z-index: 2147483647; color: rgb(255, 255, 255); position: absolute;"><span></span></div><div id="tidio-chat" class="needsclick" style="z-index: 999999999 !important; position: fixed; width: 100%; height: 100%; bottom: 0px; right: 0px; pointer-events: none; display: block;"></div><script src="chrome-extension://gppongmhjkpfnbhagpmjfkannfbllamg/js/js.js"></script>		  		<div class="trx_demo_panels_mask"></div> 		

<div id="smartyContainer" style="position: absolute; top: 0px; right: 0px; line-height: initial; z-index: 2147483647; width: auto; font-size: initial; pointer-events: none;"></div><script src="https://cdn.jsdelivr.net/npm/swiper@11/swiper-bundle.min.js"></script>
                <script>
                    document.addEventListener('DOMContentLoaded', function() {
                        setTimeout(function() {
                            document.querySelectorAll('.my-custom-swiper').forEach(el => {
                                new Swiper(el, {
                                    slidesPerView: 1,
                                    spaceBetween: 30,
                                    loop: true,
                                    breakpoints: {
                                        768: { slidesPerView: 2 },
                                        1024: { slidesPerView: 3 }
                                    },
                                    navigation: {
                                        nextEl: el.closest('.slider_wrap').querySelector('.slider_next'),
                                        prevEl: el.closest('.slider_wrap').querySelector('.slider_prev'),
                                    }
                                });
                            });
                        }, 500); // small delay to ensure DOM is ready
                    });
                </script>
            
            <script>
                document.addEventListener('DOMContentLoaded', function() {
                    // Show popup after 8 seconds
                    setTimeout(function() {
                        document.querySelectorAll('.adp-popup').forEach(p => p.classList.add('adp-popup-open'));
                    }, 8000);

                    // Close popup logic
                    document.querySelectorAll('.adp-popup-close, .adp-popup-overlay').forEach(btn => {
                        btn.addEventListener('click', function(e) {
                            e.preventDefault();
                            this.closest('.adp-popup').classList.remove('adp-popup-open');
                        });
                    });
                });
            </script>
        